W0420 03:54:36.175000 66784 torch/distributed/run.py:852] 
W0420 03:54:36.175000 66784 torch/distributed/run.py:852] *****************************************
W0420 03:54:36.175000 66784 torch/distributed/run.py:852] Setting OMP_NUM_THREADS environment variable for each process to be 1 in default, to avoid your system being overloaded, please further tune the variable for optimal performance in your application as needed. 
W0420 03:54:36.175000 66784 torch/distributed/run.py:852] *****************************************
[Gloo] Rank 0 is connected to 7 peer ranks. Expected number of connected peer ranks is : 7
[Gloo] Rank [Gloo] Rank [Gloo] Rank [Gloo] Rank 1452 is connected to  is connected to  is connected to  is connected to 7777 peer ranks.  peer ranks. [Gloo] Rank  peer ranks.  peer ranks. Expected number of connected peer ranks is : Expected number of connected peer ranks is : Expected number of connected peer ranks is : 3Expected number of connected peer ranks is : 777 is connected to 7


7
 peer ranks. Expected number of connected peer ranks is : 7
[Gloo] Rank [Gloo] Rank 67 is connected to  is connected to 77 peer ranks.  peer ranks. Expected number of connected peer ranks is : Expected number of connected peer ranks is : 77

Warning: You are sending unauthenticated requests to the HF Hub. Please set a HF_TOKEN to enable higher rate limits and faster downloads.
Warning: You are sending unauthenticated requests to the HF Hub. Please set a HF_TOKEN to enable higher rate limits and faster downloads.
Warning: You are sending unauthenticated requests to the HF Hub. Please set a HF_TOKEN to enable higher rate limits and faster downloads.
Fetching 4 files:   0%|          | 0/4 [00:00<?, ?it/s]Fetching 4 files: 100%|██████████| 4/4 [00:00<00:00, 5970.54it/s]
Fetching 4 files:   0%|          | 0/4 [00:00<?, ?it/s]Fetching 4 files: 100%|██████████| 4/4 [00:00<00:00, 5761.41it/s]
Warning: You are sending unauthenticated requests to the HF Hub. Please set a HF_TOKEN to enable higher rate limits and faster downloads.
Fetching 4 files:   0%|          | 0/4 [00:00<?, ?it/s]Fetching 4 files: 100%|██████████| 4/4 [00:00<00:00, 3827.79it/s]
Fetching 4 files:   0%|          | 0/4 [00:00<?, ?it/s]Fetching 4 files: 100%|██████████| 4/4 [00:00<00:00, 5579.39it/s]
Fetching 4 files:   0%|          | 0/4 [00:00<?, ?it/s]Fetching 4 files: 100%|██████████| 4/4 [00:00<00:00, 5221.67it/s]
Fetching 4 files:   0%|          | 0/4 [00:00<?, ?it/s]Fetching 4 files: 100%|██████████| 4/4 [00:00<00:00, 5726.01it/s]
logs/a0854607-fa46-4bcc-b083-fb61ca7b2d4d.txt
Fetching 4 files:   0%|          | 0/4 [00:00<?, ?it/s]Fetching 4 files: 100%|██████████| 4/4 [00:00<00:00, 5928.34it/s]
Fetching 4 files:   0%|          | 0/4 [00:00<?, ?it/s]Fetching 4 files: 100%|██████████| 4/4 [00:00<00:00, 6080.90it/s]
Compiling model and warming up kernels (~7 minutes on first execution)
Sampling steps [0, 1, 385, 386, 387, 388, 771, 772, 773, 774, 1158, 1159, 1160, 1161] for warmup
Resetting Model
step:0/1200 val_loss:10.8293 train_time:0ms step_avg:0.04ms
step:1/1200 train_time:77ms step_avg:76.88ms
step:2/1200 train_time:105ms step_avg:52.45ms
step:3/1200 train_time:127ms step_avg:42.27ms
step:4/1200 train_time:151ms step_avg:37.86ms
step:5/1200 train_time:172ms step_avg:34.33ms
step:6/1200 train_time:205ms step_avg:34.10ms
step:7/1200 train_time:231ms step_avg:33.04ms
step:8/1200 train_time:267ms step_avg:33.32ms
step:9/1200 train_time:293ms step_avg:32.57ms
step:10/1200 train_time:328ms step_avg:32.82ms
step:11/1200 train_time:355ms step_avg:32.30ms
step:12/1200 train_time:390ms step_avg:32.48ms
step:13/1200 train_time:417ms step_avg:32.06ms
step:14/1200 train_time:452ms step_avg:32.27ms
step:15/1200 train_time:479ms step_avg:31.93ms
step:16/1200 train_time:514ms step_avg:32.13ms
step:17/1200 train_time:541ms step_avg:31.81ms
step:18/1200 train_time:576ms step_avg:32.01ms
step:19/1200 train_time:603ms step_avg:31.74ms
step:20/1200 train_time:638ms step_avg:31.91ms
step:21/1200 train_time:665ms step_avg:31.67ms
step:22/1200 train_time:700ms step_avg:31.83ms
step:23/1200 train_time:727ms step_avg:31.62ms
step:24/1200 train_time:763ms step_avg:31.77ms
step:25/1200 train_time:789ms step_avg:31.57ms
step:26/1200 train_time:824ms step_avg:31.70ms
step:27/1200 train_time:851ms step_avg:31.51ms
step:28/1200 train_time:886ms step_avg:31.65ms
step:29/1200 train_time:913ms step_avg:31.47ms
step:30/1200 train_time:948ms step_avg:31.59ms
step:31/1200 train_time:975ms step_avg:31.45ms
step:32/1200 train_time:1010ms step_avg:31.57ms
step:33/1200 train_time:1038ms step_avg:31.46ms
step:34/1200 train_time:1074ms step_avg:31.59ms
step:35/1200 train_time:1102ms step_avg:31.48ms
step:36/1200 train_time:1137ms step_avg:31.60ms
step:37/1200 train_time:1165ms step_avg:31.49ms
step:38/1200 train_time:1201ms step_avg:31.60ms
step:39/1200 train_time:1228ms step_avg:31.48ms
step:40/1200 train_time:1263ms step_avg:31.58ms
step:41/1200 train_time:1290ms step_avg:31.46ms
step:42/1200 train_time:1325ms step_avg:31.55ms
step:43/1200 train_time:1352ms step_avg:31.43ms
step:44/1200 train_time:1387ms step_avg:31.52ms
step:45/1200 train_time:1413ms step_avg:31.41ms
step:46/1200 train_time:1450ms step_avg:31.51ms
step:47/1200 train_time:1476ms step_avg:31.40ms
step:48/1200 train_time:1511ms step_avg:31.48ms
step:49/1200 train_time:1538ms step_avg:31.38ms
step:50/1200 train_time:1573ms step_avg:31.46ms
step:51/1200 train_time:1600ms step_avg:31.37ms
step:52/1200 train_time:1635ms step_avg:31.45ms
step:53/1200 train_time:1663ms step_avg:31.37ms
step:54/1200 train_time:1698ms step_avg:31.44ms
step:55/1200 train_time:1725ms step_avg:31.36ms
step:56/1200 train_time:1760ms step_avg:31.42ms
step:57/1200 train_time:1787ms step_avg:31.35ms
step:58/1200 train_time:1822ms step_avg:31.41ms
step:59/1200 train_time:1849ms step_avg:31.33ms
step:60/1200 train_time:1884ms step_avg:31.40ms
step:61/1200 train_time:1911ms step_avg:31.32ms
step:62/1200 train_time:1945ms step_avg:31.38ms
step:63/1200 train_time:1972ms step_avg:31.31ms
step:64/1200 train_time:2007ms step_avg:31.37ms
step:65/1200 train_time:2034ms step_avg:31.30ms
step:66/1200 train_time:2069ms step_avg:31.35ms
step:67/1200 train_time:2096ms step_avg:31.29ms
step:68/1200 train_time:2131ms step_avg:31.35ms
step:69/1200 train_time:2159ms step_avg:31.29ms
step:70/1200 train_time:2194ms step_avg:31.35ms
step:71/1200 train_time:2222ms step_avg:31.30ms
step:72/1200 train_time:2258ms step_avg:31.35ms
step:73/1200 train_time:2285ms step_avg:31.30ms
step:74/1200 train_time:2320ms step_avg:31.35ms
step:75/1200 train_time:2347ms step_avg:31.29ms
step:76/1200 train_time:2382ms step_avg:31.35ms
step:77/1200 train_time:2409ms step_avg:31.29ms
step:78/1200 train_time:2444ms step_avg:31.33ms
step:79/1200 train_time:2471ms step_avg:31.28ms
step:80/1200 train_time:2506ms step_avg:31.32ms
step:81/1200 train_time:2533ms step_avg:31.27ms
step:82/1200 train_time:2568ms step_avg:31.32ms
step:83/1200 train_time:2595ms step_avg:31.26ms
step:84/1200 train_time:2630ms step_avg:31.31ms
step:85/1200 train_time:2657ms step_avg:31.26ms
step:86/1200 train_time:2692ms step_avg:31.31ms
step:87/1200 train_time:2720ms step_avg:31.26ms
step:88/1200 train_time:2755ms step_avg:31.30ms
step:89/1200 train_time:2782ms step_avg:31.26ms
step:90/1200 train_time:2817ms step_avg:31.30ms
step:91/1200 train_time:2844ms step_avg:31.25ms
step:92/1200 train_time:2879ms step_avg:31.30ms
step:93/1200 train_time:2906ms step_avg:31.25ms
step:94/1200 train_time:2941ms step_avg:31.29ms
step:95/1200 train_time:2968ms step_avg:31.24ms
step:96/1200 train_time:3003ms step_avg:31.28ms
step:97/1200 train_time:3030ms step_avg:31.24ms
step:98/1200 train_time:3065ms step_avg:31.27ms
step:99/1200 train_time:3091ms step_avg:31.23ms
step:100/1200 train_time:3126ms step_avg:31.26ms
step:101/1200 train_time:3153ms step_avg:31.22ms
step:102/1200 train_time:3188ms step_avg:31.26ms
step:103/1200 train_time:3215ms step_avg:31.22ms
step:104/1200 train_time:3251ms step_avg:31.26ms
step:105/1200 train_time:3278ms step_avg:31.22ms
step:106/1200 train_time:3313ms step_avg:31.25ms
step:107/1200 train_time:3340ms step_avg:31.21ms
step:108/1200 train_time:3375ms step_avg:31.25ms
step:109/1200 train_time:3402ms step_avg:31.21ms
step:110/1200 train_time:3437ms step_avg:31.25ms
step:111/1200 train_time:3464ms step_avg:31.21ms
step:112/1200 train_time:3500ms step_avg:31.25ms
step:113/1200 train_time:3526ms step_avg:31.20ms
step:114/1200 train_time:3561ms step_avg:31.24ms
step:115/1200 train_time:3588ms step_avg:31.20ms
step:116/1200 train_time:3623ms step_avg:31.23ms
step:117/1200 train_time:3650ms step_avg:31.20ms
step:118/1200 train_time:3685ms step_avg:31.23ms
step:119/1200 train_time:3712ms step_avg:31.19ms
step:120/1200 train_time:3747ms step_avg:31.22ms
step:121/1200 train_time:3774ms step_avg:31.19ms
step:122/1200 train_time:3809ms step_avg:31.22ms
step:123/1200 train_time:3836ms step_avg:31.19ms
step:124/1200 train_time:3871ms step_avg:31.22ms
step:125/1200 train_time:3898ms step_avg:31.19ms
step:126/1200 train_time:3933ms step_avg:31.21ms
step:127/1200 train_time:3960ms step_avg:31.18ms
step:128/1200 train_time:3995ms step_avg:31.21ms
step:129/1200 train_time:4023ms step_avg:31.18ms
step:130/1200 train_time:4058ms step_avg:31.22ms
step:131/1200 train_time:4085ms step_avg:31.18ms
step:132/1200 train_time:4120ms step_avg:31.21ms
step:133/1200 train_time:4147ms step_avg:31.18ms
step:134/1200 train_time:4182ms step_avg:31.21ms
step:135/1200 train_time:4209ms step_avg:31.18ms
step:136/1200 train_time:4244ms step_avg:31.21ms
step:137/1200 train_time:4271ms step_avg:31.17ms
step:138/1200 train_time:4306ms step_avg:31.20ms
step:139/1200 train_time:4333ms step_avg:31.17ms
step:140/1200 train_time:4368ms step_avg:31.20ms
step:141/1200 train_time:4395ms step_avg:31.17ms
step:142/1200 train_time:4430ms step_avg:31.20ms
step:143/1200 train_time:4458ms step_avg:31.17ms
step:144/1200 train_time:4493ms step_avg:31.20ms
step:145/1200 train_time:4519ms step_avg:31.17ms
step:146/1200 train_time:4555ms step_avg:31.20ms
step:147/1200 train_time:4582ms step_avg:31.17ms
step:148/1200 train_time:4617ms step_avg:31.20ms
step:149/1200 train_time:4644ms step_avg:31.17ms
step:150/1200 train_time:4679ms step_avg:31.20ms
step:151/1200 train_time:4706ms step_avg:31.17ms
step:152/1200 train_time:4741ms step_avg:31.19ms
step:153/1200 train_time:4768ms step_avg:31.16ms
step:154/1200 train_time:4803ms step_avg:31.19ms
step:155/1200 train_time:4830ms step_avg:31.16ms
step:156/1200 train_time:4864ms step_avg:31.18ms
step:157/1200 train_time:4892ms step_avg:31.16ms
step:158/1200 train_time:4926ms step_avg:31.18ms
step:159/1200 train_time:4953ms step_avg:31.15ms
step:160/1200 train_time:4988ms step_avg:31.17ms
step:161/1200 train_time:5015ms step_avg:31.15ms
step:162/1200 train_time:5050ms step_avg:31.17ms
step:163/1200 train_time:5078ms step_avg:31.15ms
step:164/1200 train_time:5113ms step_avg:31.18ms
step:165/1200 train_time:5140ms step_avg:31.15ms
step:166/1200 train_time:5175ms step_avg:31.17ms
step:167/1200 train_time:5202ms step_avg:31.15ms
step:168/1200 train_time:5237ms step_avg:31.17ms
step:169/1200 train_time:5264ms step_avg:31.15ms
step:170/1200 train_time:5299ms step_avg:31.17ms
step:171/1200 train_time:5326ms step_avg:31.14ms
step:172/1200 train_time:5361ms step_avg:31.17ms
step:173/1200 train_time:5387ms step_avg:31.14ms
step:174/1200 train_time:5422ms step_avg:31.16ms
step:175/1200 train_time:5449ms step_avg:31.14ms
step:176/1200 train_time:5485ms step_avg:31.17ms
step:177/1200 train_time:5511ms step_avg:31.14ms
step:178/1200 train_time:5546ms step_avg:31.16ms
step:179/1200 train_time:5573ms step_avg:31.13ms
step:180/1200 train_time:5608ms step_avg:31.15ms
step:181/1200 train_time:5635ms step_avg:31.13ms
step:182/1200 train_time:5669ms step_avg:31.15ms
step:183/1200 train_time:5696ms step_avg:31.12ms
step:184/1200 train_time:5731ms step_avg:31.15ms
step:185/1200 train_time:5759ms step_avg:31.13ms
step:186/1200 train_time:5794ms step_avg:31.15ms
step:187/1200 train_time:5822ms step_avg:31.13ms
step:188/1200 train_time:5857ms step_avg:31.15ms
step:189/1200 train_time:5884ms step_avg:31.13ms
step:190/1200 train_time:5919ms step_avg:31.15ms
step:191/1200 train_time:5945ms step_avg:31.13ms
step:192/1200 train_time:5981ms step_avg:31.15ms
step:193/1200 train_time:6007ms step_avg:31.13ms
step:194/1200 train_time:6042ms step_avg:31.15ms
step:195/1200 train_time:6069ms step_avg:31.13ms
step:196/1200 train_time:6105ms step_avg:31.15ms
step:197/1200 train_time:6131ms step_avg:31.12ms
step:198/1200 train_time:6166ms step_avg:31.14ms
step:199/1200 train_time:6193ms step_avg:31.12ms
step:200/1200 train_time:6228ms step_avg:31.14ms
step:201/1200 train_time:6255ms step_avg:31.12ms
step:202/1200 train_time:6290ms step_avg:31.14ms
step:203/1200 train_time:6317ms step_avg:31.12ms
step:204/1200 train_time:6352ms step_avg:31.14ms
step:205/1200 train_time:6379ms step_avg:31.12ms
step:206/1200 train_time:6414ms step_avg:31.14ms
step:207/1200 train_time:6441ms step_avg:31.11ms
step:208/1200 train_time:6476ms step_avg:31.13ms
step:209/1200 train_time:6503ms step_avg:31.11ms
step:210/1200 train_time:6538ms step_avg:31.13ms
step:211/1200 train_time:6565ms step_avg:31.11ms
step:212/1200 train_time:6600ms step_avg:31.13ms
step:213/1200 train_time:6626ms step_avg:31.11ms
step:214/1200 train_time:6661ms step_avg:31.13ms
step:215/1200 train_time:6688ms step_avg:31.11ms
step:216/1200 train_time:6723ms step_avg:31.13ms
step:217/1200 train_time:6750ms step_avg:31.11ms
step:218/1200 train_time:6785ms step_avg:31.12ms
step:219/1200 train_time:6812ms step_avg:31.11ms
step:220/1200 train_time:6847ms step_avg:31.12ms
step:221/1200 train_time:6874ms step_avg:31.10ms
step:222/1200 train_time:6908ms step_avg:31.12ms
step:223/1200 train_time:6935ms step_avg:31.10ms
step:224/1200 train_time:6970ms step_avg:31.12ms
step:225/1200 train_time:6998ms step_avg:31.10ms
step:226/1200 train_time:7033ms step_avg:31.12ms
step:227/1200 train_time:7060ms step_avg:31.10ms
step:228/1200 train_time:7096ms step_avg:31.12ms
step:229/1200 train_time:7122ms step_avg:31.10ms
step:230/1200 train_time:7157ms step_avg:31.12ms
step:231/1200 train_time:7184ms step_avg:31.10ms
step:232/1200 train_time:7219ms step_avg:31.12ms
step:233/1200 train_time:7246ms step_avg:31.10ms
step:234/1200 train_time:7281ms step_avg:31.11ms
step:235/1200 train_time:7308ms step_avg:31.10ms
step:236/1200 train_time:7342ms step_avg:31.11ms
step:237/1200 train_time:7369ms step_avg:31.09ms
step:238/1200 train_time:7404ms step_avg:31.11ms
step:239/1200 train_time:7431ms step_avg:31.09ms
step:240/1200 train_time:7466ms step_avg:31.11ms
step:241/1200 train_time:7492ms step_avg:31.09ms
step:242/1200 train_time:7527ms step_avg:31.10ms
step:243/1200 train_time:7554ms step_avg:31.09ms
step:244/1200 train_time:7589ms step_avg:31.10ms
step:245/1200 train_time:7616ms step_avg:31.09ms
step:246/1200 train_time:7651ms step_avg:31.10ms
step:247/1200 train_time:7678ms step_avg:31.09ms
step:248/1200 train_time:7714ms step_avg:31.10ms
step:249/1200 train_time:7740ms step_avg:31.09ms
step:250/1200 train_time:7776ms step_avg:31.10ms
step:250/1200 val_loss:4.4870 train_time:7811ms step_avg:31.24ms
step:251/1200 train_time:7833ms step_avg:31.21ms
step:252/1200 train_time:7857ms step_avg:31.18ms
step:253/1200 train_time:7877ms step_avg:31.13ms
step:254/1200 train_time:7903ms step_avg:31.11ms
step:255/1200 train_time:7932ms step_avg:31.10ms
step:256/1200 train_time:7968ms step_avg:31.13ms
step:257/1200 train_time:7995ms step_avg:31.11ms
step:258/1200 train_time:8030ms step_avg:31.13ms
step:259/1200 train_time:8057ms step_avg:31.11ms
step:260/1200 train_time:8093ms step_avg:31.13ms
step:261/1200 train_time:8119ms step_avg:31.11ms
step:262/1200 train_time:8155ms step_avg:31.13ms
step:263/1200 train_time:8182ms step_avg:31.11ms
step:264/1200 train_time:8217ms step_avg:31.12ms
step:265/1200 train_time:8243ms step_avg:31.11ms
step:266/1200 train_time:8278ms step_avg:31.12ms
step:267/1200 train_time:8304ms step_avg:31.10ms
step:268/1200 train_time:8339ms step_avg:31.12ms
step:269/1200 train_time:8366ms step_avg:31.10ms
step:270/1200 train_time:8401ms step_avg:31.11ms
step:271/1200 train_time:8428ms step_avg:31.10ms
step:272/1200 train_time:8463ms step_avg:31.11ms
step:273/1200 train_time:8490ms step_avg:31.10ms
step:274/1200 train_time:8525ms step_avg:31.11ms
step:275/1200 train_time:8552ms step_avg:31.10ms
step:276/1200 train_time:8587ms step_avg:31.11ms
step:277/1200 train_time:8613ms step_avg:31.09ms
step:278/1200 train_time:8648ms step_avg:31.11ms
step:279/1200 train_time:8675ms step_avg:31.09ms
step:280/1200 train_time:8710ms step_avg:31.11ms
step:281/1200 train_time:8737ms step_avg:31.09ms
step:282/1200 train_time:8772ms step_avg:31.11ms
step:283/1200 train_time:8798ms step_avg:31.09ms
step:284/1200 train_time:8834ms step_avg:31.11ms
step:285/1200 train_time:8861ms step_avg:31.09ms
step:286/1200 train_time:8896ms step_avg:31.11ms
step:287/1200 train_time:8923ms step_avg:31.09ms
step:288/1200 train_time:8959ms step_avg:31.11ms
step:289/1200 train_time:8986ms step_avg:31.09ms
step:290/1200 train_time:9021ms step_avg:31.11ms
step:291/1200 train_time:9048ms step_avg:31.09ms
step:292/1200 train_time:9084ms step_avg:31.11ms
step:293/1200 train_time:9110ms step_avg:31.09ms
step:294/1200 train_time:9146ms step_avg:31.11ms
step:295/1200 train_time:9173ms step_avg:31.10ms
step:296/1200 train_time:9208ms step_avg:31.11ms
step:297/1200 train_time:9235ms step_avg:31.09ms
step:298/1200 train_time:9270ms step_avg:31.11ms
step:299/1200 train_time:9297ms step_avg:31.09ms
step:300/1200 train_time:9332ms step_avg:31.11ms
step:301/1200 train_time:9359ms step_avg:31.09ms
step:302/1200 train_time:9394ms step_avg:31.11ms
step:303/1200 train_time:9421ms step_avg:31.09ms
step:304/1200 train_time:9456ms step_avg:31.10ms
step:305/1200 train_time:9483ms step_avg:31.09ms
step:306/1200 train_time:9517ms step_avg:31.10ms
step:307/1200 train_time:9544ms step_avg:31.09ms
step:308/1200 train_time:9578ms step_avg:31.10ms
step:309/1200 train_time:9605ms step_avg:31.08ms
step:310/1200 train_time:9640ms step_avg:31.10ms
step:311/1200 train_time:9667ms step_avg:31.08ms
step:312/1200 train_time:9701ms step_avg:31.09ms
step:313/1200 train_time:9728ms step_avg:31.08ms
step:314/1200 train_time:9764ms step_avg:31.09ms
step:315/1200 train_time:9791ms step_avg:31.08ms
step:316/1200 train_time:9826ms step_avg:31.10ms
step:317/1200 train_time:9853ms step_avg:31.08ms
step:318/1200 train_time:9888ms step_avg:31.09ms
step:319/1200 train_time:9915ms step_avg:31.08ms
step:320/1200 train_time:9954ms step_avg:31.11ms
step:321/1200 train_time:9978ms step_avg:31.08ms
step:322/1200 train_time:10013ms step_avg:31.09ms
step:323/1200 train_time:10039ms step_avg:31.08ms
step:324/1200 train_time:10075ms step_avg:31.10ms
step:325/1200 train_time:10102ms step_avg:31.08ms
step:326/1200 train_time:10136ms step_avg:31.09ms
step:327/1200 train_time:10163ms step_avg:31.08ms
step:328/1200 train_time:10198ms step_avg:31.09ms
step:329/1200 train_time:10225ms step_avg:31.08ms
step:330/1200 train_time:10260ms step_avg:31.09ms
step:331/1200 train_time:10287ms step_avg:31.08ms
step:332/1200 train_time:10322ms step_avg:31.09ms
step:333/1200 train_time:10350ms step_avg:31.08ms
step:334/1200 train_time:10385ms step_avg:31.09ms
step:335/1200 train_time:10412ms step_avg:31.08ms
step:336/1200 train_time:10447ms step_avg:31.09ms
step:337/1200 train_time:10474ms step_avg:31.08ms
step:338/1200 train_time:10509ms step_avg:31.09ms
step:339/1200 train_time:10536ms step_avg:31.08ms
step:340/1200 train_time:10572ms step_avg:31.09ms
step:341/1200 train_time:10597ms step_avg:31.08ms
step:342/1200 train_time:10633ms step_avg:31.09ms
step:343/1200 train_time:10659ms step_avg:31.08ms
step:344/1200 train_time:10694ms step_avg:31.09ms
step:345/1200 train_time:10721ms step_avg:31.08ms
step:346/1200 train_time:10756ms step_avg:31.09ms
step:347/1200 train_time:10783ms step_avg:31.07ms
step:348/1200 train_time:10817ms step_avg:31.08ms
step:349/1200 train_time:10844ms step_avg:31.07ms
step:350/1200 train_time:10879ms step_avg:31.08ms
step:351/1200 train_time:10906ms step_avg:31.07ms
step:352/1200 train_time:10941ms step_avg:31.08ms
step:353/1200 train_time:10969ms step_avg:31.07ms
step:354/1200 train_time:11004ms step_avg:31.08ms
step:355/1200 train_time:11032ms step_avg:31.07ms
step:356/1200 train_time:11066ms step_avg:31.09ms
step:357/1200 train_time:11094ms step_avg:31.07ms
step:358/1200 train_time:11129ms step_avg:31.09ms
step:359/1200 train_time:11154ms step_avg:31.07ms
step:360/1200 train_time:11190ms step_avg:31.08ms
step:361/1200 train_time:11218ms step_avg:31.07ms
step:362/1200 train_time:11253ms step_avg:31.08ms
step:363/1200 train_time:11279ms step_avg:31.07ms
step:364/1200 train_time:11314ms step_avg:31.08ms
step:365/1200 train_time:11341ms step_avg:31.07ms
step:366/1200 train_time:11377ms step_avg:31.08ms
step:367/1200 train_time:11403ms step_avg:31.07ms
step:368/1200 train_time:11442ms step_avg:31.09ms
step:369/1200 train_time:11466ms step_avg:31.07ms
step:370/1200 train_time:11500ms step_avg:31.08ms
step:371/1200 train_time:11527ms step_avg:31.07ms
step:372/1200 train_time:11562ms step_avg:31.08ms
step:373/1200 train_time:11589ms step_avg:31.07ms
step:374/1200 train_time:11624ms step_avg:31.08ms
step:375/1200 train_time:11651ms step_avg:31.07ms
step:376/1200 train_time:11687ms step_avg:31.08ms
step:377/1200 train_time:11713ms step_avg:31.07ms
step:378/1200 train_time:11748ms step_avg:31.08ms
step:379/1200 train_time:11776ms step_avg:31.07ms
step:380/1200 train_time:11810ms step_avg:31.08ms
step:381/1200 train_time:11837ms step_avg:31.07ms
step:382/1200 train_time:11872ms step_avg:31.08ms
step:383/1200 train_time:11899ms step_avg:31.07ms
step:384/1200 train_time:11934ms step_avg:31.08ms
step:385/1200 train_time:11961ms step_avg:31.07ms
step:386/1200 train_time:11995ms step_avg:31.08ms
step:387/1200 train_time:12022ms step_avg:31.06ms
step:388/1200 train_time:12060ms step_avg:31.08ms
step:389/1200 train_time:12112ms step_avg:31.14ms
step:390/1200 train_time:12170ms step_avg:31.21ms
step:391/1200 train_time:12224ms step_avg:31.26ms
step:392/1200 train_time:12283ms step_avg:31.33ms
step:393/1200 train_time:12336ms step_avg:31.39ms
step:394/1200 train_time:12396ms step_avg:31.46ms
step:395/1200 train_time:12448ms step_avg:31.51ms
step:396/1200 train_time:12507ms step_avg:31.58ms
step:397/1200 train_time:12561ms step_avg:31.64ms
step:398/1200 train_time:12619ms step_avg:31.71ms
step:399/1200 train_time:12672ms step_avg:31.76ms
step:400/1200 train_time:12731ms step_avg:31.83ms
step:401/1200 train_time:12784ms step_avg:31.88ms
step:402/1200 train_time:12843ms step_avg:31.95ms
step:403/1200 train_time:12897ms step_avg:32.00ms
step:404/1200 train_time:12955ms step_avg:32.07ms
step:405/1200 train_time:13008ms step_avg:32.12ms
step:406/1200 train_time:13068ms step_avg:32.19ms
step:407/1200 train_time:13120ms step_avg:32.24ms
step:408/1200 train_time:13179ms step_avg:32.30ms
step:409/1200 train_time:13231ms step_avg:32.35ms
step:410/1200 train_time:13291ms step_avg:32.42ms
step:411/1200 train_time:13344ms step_avg:32.47ms
step:412/1200 train_time:13402ms step_avg:32.53ms
step:413/1200 train_time:13456ms step_avg:32.58ms
step:414/1200 train_time:13514ms step_avg:32.64ms
step:415/1200 train_time:13567ms step_avg:32.69ms
step:416/1200 train_time:13625ms step_avg:32.75ms
step:417/1200 train_time:13679ms step_avg:32.80ms
step:418/1200 train_time:13738ms step_avg:32.86ms
step:419/1200 train_time:13791ms step_avg:32.91ms
step:420/1200 train_time:13850ms step_avg:32.98ms
step:421/1200 train_time:13903ms step_avg:33.02ms
step:422/1200 train_time:13962ms step_avg:33.08ms
step:423/1200 train_time:14015ms step_avg:33.13ms
step:424/1200 train_time:14074ms step_avg:33.19ms
step:425/1200 train_time:14126ms step_avg:33.24ms
step:426/1200 train_time:14185ms step_avg:33.30ms
step:427/1200 train_time:14239ms step_avg:33.35ms
step:428/1200 train_time:14297ms step_avg:33.41ms
step:429/1200 train_time:14351ms step_avg:33.45ms
step:430/1200 train_time:14409ms step_avg:33.51ms
step:431/1200 train_time:14463ms step_avg:33.56ms
step:432/1200 train_time:14521ms step_avg:33.61ms
step:433/1200 train_time:14575ms step_avg:33.66ms
step:434/1200 train_time:14633ms step_avg:33.72ms
step:435/1200 train_time:14686ms step_avg:33.76ms
step:436/1200 train_time:14745ms step_avg:33.82ms
step:437/1200 train_time:14799ms step_avg:33.86ms
step:438/1200 train_time:14857ms step_avg:33.92ms
step:439/1200 train_time:14910ms step_avg:33.96ms
step:440/1200 train_time:14969ms step_avg:34.02ms
step:441/1200 train_time:15022ms step_avg:34.06ms
step:442/1200 train_time:15080ms step_avg:34.12ms
step:443/1200 train_time:15133ms step_avg:34.16ms
step:444/1200 train_time:15193ms step_avg:34.22ms
step:445/1200 train_time:15245ms step_avg:34.26ms
step:446/1200 train_time:15304ms step_avg:34.31ms
step:447/1200 train_time:15357ms step_avg:34.35ms
step:448/1200 train_time:15415ms step_avg:34.41ms
step:449/1200 train_time:15468ms step_avg:34.45ms
step:450/1200 train_time:15527ms step_avg:34.50ms
step:451/1200 train_time:15581ms step_avg:34.55ms
step:452/1200 train_time:15640ms step_avg:34.60ms
step:453/1200 train_time:15693ms step_avg:34.64ms
step:454/1200 train_time:15752ms step_avg:34.70ms
step:455/1200 train_time:15805ms step_avg:34.74ms
step:456/1200 train_time:15863ms step_avg:34.79ms
step:457/1200 train_time:15916ms step_avg:34.83ms
step:458/1200 train_time:15975ms step_avg:34.88ms
step:459/1200 train_time:16028ms step_avg:34.92ms
step:460/1200 train_time:16088ms step_avg:34.97ms
step:461/1200 train_time:16142ms step_avg:35.01ms
step:462/1200 train_time:16200ms step_avg:35.06ms
step:463/1200 train_time:16253ms step_avg:35.10ms
step:464/1200 train_time:16312ms step_avg:35.16ms
step:465/1200 train_time:16365ms step_avg:35.19ms
step:466/1200 train_time:16423ms step_avg:35.24ms
step:467/1200 train_time:16477ms step_avg:35.28ms
step:468/1200 train_time:16536ms step_avg:35.33ms
step:469/1200 train_time:16588ms step_avg:35.37ms
step:470/1200 train_time:16648ms step_avg:35.42ms
step:471/1200 train_time:16701ms step_avg:35.46ms
step:472/1200 train_time:16760ms step_avg:35.51ms
step:473/1200 train_time:16813ms step_avg:35.55ms
step:474/1200 train_time:16872ms step_avg:35.59ms
step:475/1200 train_time:16926ms step_avg:35.63ms
step:476/1200 train_time:16984ms step_avg:35.68ms
step:477/1200 train_time:17038ms step_avg:35.72ms
step:478/1200 train_time:17096ms step_avg:35.77ms
step:479/1200 train_time:17150ms step_avg:35.80ms
step:480/1200 train_time:17208ms step_avg:35.85ms
step:481/1200 train_time:17261ms step_avg:35.89ms
step:482/1200 train_time:17320ms step_avg:35.93ms
step:483/1200 train_time:17373ms step_avg:35.97ms
step:484/1200 train_time:17433ms step_avg:36.02ms
step:485/1200 train_time:17486ms step_avg:36.05ms
step:486/1200 train_time:17545ms step_avg:36.10ms
step:487/1200 train_time:17598ms step_avg:36.14ms
step:488/1200 train_time:17657ms step_avg:36.18ms
step:489/1200 train_time:17710ms step_avg:36.22ms
step:490/1200 train_time:17769ms step_avg:36.26ms
step:491/1200 train_time:17822ms step_avg:36.30ms
step:492/1200 train_time:17882ms step_avg:36.34ms
step:493/1200 train_time:17935ms step_avg:36.38ms
step:494/1200 train_time:17994ms step_avg:36.43ms
step:495/1200 train_time:18047ms step_avg:36.46ms
step:496/1200 train_time:18105ms step_avg:36.50ms
step:497/1200 train_time:18159ms step_avg:36.54ms
step:498/1200 train_time:18217ms step_avg:36.58ms
step:499/1200 train_time:18270ms step_avg:36.61ms
step:500/1200 train_time:18329ms step_avg:36.66ms
step:500/1200 val_loss:4.0484 train_time:18392ms step_avg:36.78ms
step:501/1200 train_time:18416ms step_avg:36.76ms
step:502/1200 train_time:18443ms step_avg:36.74ms
step:503/1200 train_time:18497ms step_avg:36.77ms
step:504/1200 train_time:18558ms step_avg:36.82ms
step:505/1200 train_time:18613ms step_avg:36.86ms
step:506/1200 train_time:18673ms step_avg:36.90ms
step:507/1200 train_time:18726ms step_avg:36.93ms
step:508/1200 train_time:18784ms step_avg:36.98ms
step:509/1200 train_time:18836ms step_avg:37.01ms
step:510/1200 train_time:18896ms step_avg:37.05ms
step:511/1200 train_time:18948ms step_avg:37.08ms
step:512/1200 train_time:19006ms step_avg:37.12ms
step:513/1200 train_time:19058ms step_avg:37.15ms
step:514/1200 train_time:19116ms step_avg:37.19ms
step:515/1200 train_time:19169ms step_avg:37.22ms
step:516/1200 train_time:19227ms step_avg:37.26ms
step:517/1200 train_time:19279ms step_avg:37.29ms
step:518/1200 train_time:19337ms step_avg:37.33ms
step:519/1200 train_time:19391ms step_avg:37.36ms
step:520/1200 train_time:19452ms step_avg:37.41ms
step:521/1200 train_time:19507ms step_avg:37.44ms
step:522/1200 train_time:19566ms step_avg:37.48ms
step:523/1200 train_time:19620ms step_avg:37.51ms
step:524/1200 train_time:19679ms step_avg:37.56ms
step:525/1200 train_time:19733ms step_avg:37.59ms
step:526/1200 train_time:19792ms step_avg:37.63ms
step:527/1200 train_time:19844ms step_avg:37.65ms
step:528/1200 train_time:19902ms step_avg:37.69ms
step:529/1200 train_time:19955ms step_avg:37.72ms
step:530/1200 train_time:20014ms step_avg:37.76ms
step:531/1200 train_time:20066ms step_avg:37.79ms
step:532/1200 train_time:20125ms step_avg:37.83ms
step:533/1200 train_time:20177ms step_avg:37.86ms
step:534/1200 train_time:20236ms step_avg:37.89ms
step:535/1200 train_time:20287ms step_avg:37.92ms
step:536/1200 train_time:20347ms step_avg:37.96ms
step:537/1200 train_time:20399ms step_avg:37.99ms
step:538/1200 train_time:20459ms step_avg:38.03ms
step:539/1200 train_time:20513ms step_avg:38.06ms
step:540/1200 train_time:20572ms step_avg:38.10ms
step:541/1200 train_time:20627ms step_avg:38.13ms
step:542/1200 train_time:20686ms step_avg:38.17ms
step:543/1200 train_time:20738ms step_avg:38.19ms
step:544/1200 train_time:20798ms step_avg:38.23ms
step:545/1200 train_time:20850ms step_avg:38.26ms
step:546/1200 train_time:20910ms step_avg:38.30ms
step:547/1200 train_time:20963ms step_avg:38.32ms
step:548/1200 train_time:21021ms step_avg:38.36ms
step:549/1200 train_time:21074ms step_avg:38.39ms
step:550/1200 train_time:21133ms step_avg:38.42ms
step:551/1200 train_time:21185ms step_avg:38.45ms
step:552/1200 train_time:21242ms step_avg:38.48ms
step:553/1200 train_time:21296ms step_avg:38.51ms
step:554/1200 train_time:21355ms step_avg:38.55ms
step:555/1200 train_time:21408ms step_avg:38.57ms
step:556/1200 train_time:21467ms step_avg:38.61ms
step:557/1200 train_time:21521ms step_avg:38.64ms
step:558/1200 train_time:21580ms step_avg:38.67ms
step:559/1200 train_time:21634ms step_avg:38.70ms
step:560/1200 train_time:21693ms step_avg:38.74ms
step:561/1200 train_time:21746ms step_avg:38.76ms
step:562/1200 train_time:21804ms step_avg:38.80ms
step:563/1200 train_time:21857ms step_avg:38.82ms
step:564/1200 train_time:21916ms step_avg:38.86ms
step:565/1200 train_time:21969ms step_avg:38.88ms
step:566/1200 train_time:22028ms step_avg:38.92ms
step:567/1200 train_time:22081ms step_avg:38.94ms
step:568/1200 train_time:22139ms step_avg:38.98ms
step:569/1200 train_time:22192ms step_avg:39.00ms
step:570/1200 train_time:22250ms step_avg:39.04ms
step:571/1200 train_time:22303ms step_avg:39.06ms
step:572/1200 train_time:22361ms step_avg:39.09ms
step:573/1200 train_time:22416ms step_avg:39.12ms
step:574/1200 train_time:22474ms step_avg:39.15ms
step:575/1200 train_time:22527ms step_avg:39.18ms
step:576/1200 train_time:22587ms step_avg:39.21ms
step:577/1200 train_time:22641ms step_avg:39.24ms
step:578/1200 train_time:22699ms step_avg:39.27ms
step:579/1200 train_time:22752ms step_avg:39.30ms
step:580/1200 train_time:22811ms step_avg:39.33ms
step:581/1200 train_time:22865ms step_avg:39.35ms
step:582/1200 train_time:22924ms step_avg:39.39ms
step:583/1200 train_time:22976ms step_avg:39.41ms
step:584/1200 train_time:23034ms step_avg:39.44ms
step:585/1200 train_time:23088ms step_avg:39.47ms
step:586/1200 train_time:23146ms step_avg:39.50ms
step:587/1200 train_time:23200ms step_avg:39.52ms
step:588/1200 train_time:23258ms step_avg:39.55ms
step:589/1200 train_time:23311ms step_avg:39.58ms
step:590/1200 train_time:23370ms step_avg:39.61ms
step:591/1200 train_time:23424ms step_avg:39.63ms
step:592/1200 train_time:23482ms step_avg:39.67ms
step:593/1200 train_time:23536ms step_avg:39.69ms
step:594/1200 train_time:23594ms step_avg:39.72ms
step:595/1200 train_time:23647ms step_avg:39.74ms
step:596/1200 train_time:23706ms step_avg:39.77ms
step:597/1200 train_time:23759ms step_avg:39.80ms
step:598/1200 train_time:23818ms step_avg:39.83ms
step:599/1200 train_time:23871ms step_avg:39.85ms
step:600/1200 train_time:23931ms step_avg:39.88ms
step:601/1200 train_time:23984ms step_avg:39.91ms
step:602/1200 train_time:24042ms step_avg:39.94ms
step:603/1200 train_time:24095ms step_avg:39.96ms
step:604/1200 train_time:24153ms step_avg:39.99ms
step:605/1200 train_time:24206ms step_avg:40.01ms
step:606/1200 train_time:24265ms step_avg:40.04ms
step:607/1200 train_time:24318ms step_avg:40.06ms
step:608/1200 train_time:24378ms step_avg:40.10ms
step:609/1200 train_time:24431ms step_avg:40.12ms
step:610/1200 train_time:24490ms step_avg:40.15ms
step:611/1200 train_time:24543ms step_avg:40.17ms
step:612/1200 train_time:24601ms step_avg:40.20ms
step:613/1200 train_time:24654ms step_avg:40.22ms
step:614/1200 train_time:24713ms step_avg:40.25ms
step:615/1200 train_time:24766ms step_avg:40.27ms
step:616/1200 train_time:24826ms step_avg:40.30ms
step:617/1200 train_time:24880ms step_avg:40.32ms
step:618/1200 train_time:24939ms step_avg:40.35ms
step:619/1200 train_time:24992ms step_avg:40.37ms
step:620/1200 train_time:25050ms step_avg:40.40ms
step:621/1200 train_time:25102ms step_avg:40.42ms
step:622/1200 train_time:25160ms step_avg:40.45ms
step:623/1200 train_time:25215ms step_avg:40.47ms
step:624/1200 train_time:25273ms step_avg:40.50ms
step:625/1200 train_time:25327ms step_avg:40.52ms
step:626/1200 train_time:25385ms step_avg:40.55ms
step:627/1200 train_time:25438ms step_avg:40.57ms
step:628/1200 train_time:25497ms step_avg:40.60ms
step:629/1200 train_time:25550ms step_avg:40.62ms
step:630/1200 train_time:25609ms step_avg:40.65ms
step:631/1200 train_time:25663ms step_avg:40.67ms
step:632/1200 train_time:25721ms step_avg:40.70ms
step:633/1200 train_time:25774ms step_avg:40.72ms
step:634/1200 train_time:25833ms step_avg:40.75ms
step:635/1200 train_time:25886ms step_avg:40.77ms
step:636/1200 train_time:25945ms step_avg:40.79ms
step:637/1200 train_time:25999ms step_avg:40.81ms
step:638/1200 train_time:26057ms step_avg:40.84ms
step:639/1200 train_time:26111ms step_avg:40.86ms
step:640/1200 train_time:26170ms step_avg:40.89ms
step:641/1200 train_time:26222ms step_avg:40.91ms
step:642/1200 train_time:26281ms step_avg:40.94ms
step:643/1200 train_time:26334ms step_avg:40.96ms
step:644/1200 train_time:26394ms step_avg:40.98ms
step:645/1200 train_time:26446ms step_avg:41.00ms
step:646/1200 train_time:26505ms step_avg:41.03ms
step:647/1200 train_time:26558ms step_avg:41.05ms
step:648/1200 train_time:26617ms step_avg:41.08ms
step:649/1200 train_time:26670ms step_avg:41.09ms
step:650/1200 train_time:26729ms step_avg:41.12ms
step:651/1200 train_time:26783ms step_avg:41.14ms
step:652/1200 train_time:26840ms step_avg:41.17ms
step:653/1200 train_time:26894ms step_avg:41.18ms
step:654/1200 train_time:26952ms step_avg:41.21ms
step:655/1200 train_time:27006ms step_avg:41.23ms
step:656/1200 train_time:27064ms step_avg:41.26ms
step:657/1200 train_time:27117ms step_avg:41.27ms
step:658/1200 train_time:27176ms step_avg:41.30ms
step:659/1200 train_time:27230ms step_avg:41.32ms
step:660/1200 train_time:27289ms step_avg:41.35ms
step:661/1200 train_time:27342ms step_avg:41.36ms
step:662/1200 train_time:27401ms step_avg:41.39ms
step:663/1200 train_time:27454ms step_avg:41.41ms
step:664/1200 train_time:27513ms step_avg:41.43ms
step:665/1200 train_time:27565ms step_avg:41.45ms
step:666/1200 train_time:27624ms step_avg:41.48ms
step:667/1200 train_time:27677ms step_avg:41.49ms
step:668/1200 train_time:27736ms step_avg:41.52ms
step:669/1200 train_time:27790ms step_avg:41.54ms
step:670/1200 train_time:27848ms step_avg:41.56ms
step:671/1200 train_time:27901ms step_avg:41.58ms
step:672/1200 train_time:27960ms step_avg:41.61ms
step:673/1200 train_time:28013ms step_avg:41.62ms
step:674/1200 train_time:28072ms step_avg:41.65ms
step:675/1200 train_time:28126ms step_avg:41.67ms
step:676/1200 train_time:28184ms step_avg:41.69ms
step:677/1200 train_time:28237ms step_avg:41.71ms
step:678/1200 train_time:28296ms step_avg:41.74ms
step:679/1200 train_time:28349ms step_avg:41.75ms
step:680/1200 train_time:28408ms step_avg:41.78ms
step:681/1200 train_time:28461ms step_avg:41.79ms
step:682/1200 train_time:28520ms step_avg:41.82ms
step:683/1200 train_time:28573ms step_avg:41.83ms
step:684/1200 train_time:28632ms step_avg:41.86ms
step:685/1200 train_time:28685ms step_avg:41.88ms
step:686/1200 train_time:28744ms step_avg:41.90ms
step:687/1200 train_time:28798ms step_avg:41.92ms
step:688/1200 train_time:28856ms step_avg:41.94ms
step:689/1200 train_time:28910ms step_avg:41.96ms
step:690/1200 train_time:28969ms step_avg:41.98ms
step:691/1200 train_time:29022ms step_avg:42.00ms
step:692/1200 train_time:29080ms step_avg:42.02ms
step:693/1200 train_time:29134ms step_avg:42.04ms
step:694/1200 train_time:29194ms step_avg:42.07ms
step:695/1200 train_time:29246ms step_avg:42.08ms
step:696/1200 train_time:29305ms step_avg:42.10ms
step:697/1200 train_time:29357ms step_avg:42.12ms
step:698/1200 train_time:29416ms step_avg:42.14ms
step:699/1200 train_time:29469ms step_avg:42.16ms
step:700/1200 train_time:29528ms step_avg:42.18ms
step:701/1200 train_time:29580ms step_avg:42.20ms
step:702/1200 train_time:29639ms step_avg:42.22ms
step:703/1200 train_time:29693ms step_avg:42.24ms
step:704/1200 train_time:29751ms step_avg:42.26ms
step:705/1200 train_time:29804ms step_avg:42.27ms
step:706/1200 train_time:29862ms step_avg:42.30ms
step:707/1200 train_time:29915ms step_avg:42.31ms
step:708/1200 train_time:29974ms step_avg:42.34ms
step:709/1200 train_time:30027ms step_avg:42.35ms
step:710/1200 train_time:30086ms step_avg:42.38ms
step:711/1200 train_time:30139ms step_avg:42.39ms
step:712/1200 train_time:30198ms step_avg:42.41ms
step:713/1200 train_time:30251ms step_avg:42.43ms
step:714/1200 train_time:30310ms step_avg:42.45ms
step:715/1200 train_time:30362ms step_avg:42.46ms
step:716/1200 train_time:30421ms step_avg:42.49ms
step:717/1200 train_time:30474ms step_avg:42.50ms
step:718/1200 train_time:30533ms step_avg:42.53ms
step:719/1200 train_time:30587ms step_avg:42.54ms
step:720/1200 train_time:30645ms step_avg:42.56ms
step:721/1200 train_time:30697ms step_avg:42.58ms
step:722/1200 train_time:30757ms step_avg:42.60ms
step:723/1200 train_time:30809ms step_avg:42.61ms
step:724/1200 train_time:30868ms step_avg:42.63ms
step:725/1200 train_time:30921ms step_avg:42.65ms
step:726/1200 train_time:30980ms step_avg:42.67ms
step:727/1200 train_time:31033ms step_avg:42.69ms
step:728/1200 train_time:31092ms step_avg:42.71ms
step:729/1200 train_time:31145ms step_avg:42.72ms
step:730/1200 train_time:31203ms step_avg:42.74ms
step:731/1200 train_time:31256ms step_avg:42.76ms
step:732/1200 train_time:31315ms step_avg:42.78ms
step:733/1200 train_time:31367ms step_avg:42.79ms
step:734/1200 train_time:31427ms step_avg:42.82ms
step:735/1200 train_time:31479ms step_avg:42.83ms
step:736/1200 train_time:31538ms step_avg:42.85ms
step:737/1200 train_time:31591ms step_avg:42.86ms
step:738/1200 train_time:31650ms step_avg:42.89ms
step:739/1200 train_time:31703ms step_avg:42.90ms
step:740/1200 train_time:31760ms step_avg:42.92ms
step:741/1200 train_time:31815ms step_avg:42.93ms
step:742/1200 train_time:31873ms step_avg:42.96ms
step:743/1200 train_time:31926ms step_avg:42.97ms
step:744/1200 train_time:31985ms step_avg:42.99ms
step:745/1200 train_time:32038ms step_avg:43.00ms
step:746/1200 train_time:32097ms step_avg:43.03ms
step:747/1200 train_time:32150ms step_avg:43.04ms
step:748/1200 train_time:32209ms step_avg:43.06ms
step:749/1200 train_time:32262ms step_avg:43.07ms
step:750/1200 train_time:32321ms step_avg:43.09ms
step:750/1200 val_loss:3.6262 train_time:32385ms step_avg:43.18ms
step:751/1200 train_time:32407ms step_avg:43.15ms
step:752/1200 train_time:32437ms step_avg:43.13ms
step:753/1200 train_time:32491ms step_avg:43.15ms
step:754/1200 train_time:32553ms step_avg:43.17ms
step:755/1200 train_time:32607ms step_avg:43.19ms
step:756/1200 train_time:32667ms step_avg:43.21ms
step:757/1200 train_time:32720ms step_avg:43.22ms
step:758/1200 train_time:32778ms step_avg:43.24ms
step:759/1200 train_time:32831ms step_avg:43.26ms
step:760/1200 train_time:32890ms step_avg:43.28ms
step:761/1200 train_time:32942ms step_avg:43.29ms
step:762/1200 train_time:33000ms step_avg:43.31ms
step:763/1200 train_time:33053ms step_avg:43.32ms
step:764/1200 train_time:33111ms step_avg:43.34ms
step:765/1200 train_time:33163ms step_avg:43.35ms
step:766/1200 train_time:33222ms step_avg:43.37ms
step:767/1200 train_time:33274ms step_avg:43.38ms
step:768/1200 train_time:33333ms step_avg:43.40ms
step:769/1200 train_time:33387ms step_avg:43.42ms
step:770/1200 train_time:33448ms step_avg:43.44ms
step:771/1200 train_time:33504ms step_avg:43.46ms
step:772/1200 train_time:33565ms step_avg:43.48ms
step:773/1200 train_time:33618ms step_avg:43.49ms
step:774/1200 train_time:33679ms step_avg:43.51ms
step:775/1200 train_time:33760ms step_avg:43.56ms
step:776/1200 train_time:33845ms step_avg:43.61ms
step:777/1200 train_time:33924ms step_avg:43.66ms
step:778/1200 train_time:34008ms step_avg:43.71ms
step:779/1200 train_time:34086ms step_avg:43.76ms
step:780/1200 train_time:34170ms step_avg:43.81ms
step:781/1200 train_time:34247ms step_avg:43.85ms
step:782/1200 train_time:34331ms step_avg:43.90ms
step:783/1200 train_time:34409ms step_avg:43.95ms
step:784/1200 train_time:34495ms step_avg:44.00ms
step:785/1200 train_time:34576ms step_avg:44.05ms
step:786/1200 train_time:34661ms step_avg:44.10ms
step:787/1200 train_time:34739ms step_avg:44.14ms
step:788/1200 train_time:34822ms step_avg:44.19ms
step:789/1200 train_time:34902ms step_avg:44.24ms
step:790/1200 train_time:34986ms step_avg:44.29ms
step:791/1200 train_time:35064ms step_avg:44.33ms
step:792/1200 train_time:35149ms step_avg:44.38ms
step:793/1200 train_time:35227ms step_avg:44.42ms
step:794/1200 train_time:35312ms step_avg:44.47ms
step:795/1200 train_time:35390ms step_avg:44.52ms
step:796/1200 train_time:35473ms step_avg:44.56ms
step:797/1200 train_time:35555ms step_avg:44.61ms
step:798/1200 train_time:35638ms step_avg:44.66ms
step:799/1200 train_time:35715ms step_avg:44.70ms
step:800/1200 train_time:35800ms step_avg:44.75ms
step:801/1200 train_time:35879ms step_avg:44.79ms
step:802/1200 train_time:35963ms step_avg:44.84ms
step:803/1200 train_time:36042ms step_avg:44.88ms
step:804/1200 train_time:36126ms step_avg:44.93ms
step:805/1200 train_time:36206ms step_avg:44.98ms
step:806/1200 train_time:36292ms step_avg:45.03ms
step:807/1200 train_time:36371ms step_avg:45.07ms
step:808/1200 train_time:36456ms step_avg:45.12ms
step:809/1200 train_time:36533ms step_avg:45.16ms
step:810/1200 train_time:36617ms step_avg:45.21ms
step:811/1200 train_time:36695ms step_avg:45.25ms
step:812/1200 train_time:36780ms step_avg:45.29ms
step:813/1200 train_time:36858ms step_avg:45.34ms
step:814/1200 train_time:36943ms step_avg:45.38ms
step:815/1200 train_time:37022ms step_avg:45.43ms
step:816/1200 train_time:37108ms step_avg:45.48ms
step:817/1200 train_time:37187ms step_avg:45.52ms
step:818/1200 train_time:37271ms step_avg:45.56ms
step:819/1200 train_time:37351ms step_avg:45.61ms
step:820/1200 train_time:37434ms step_avg:45.65ms
step:821/1200 train_time:37512ms step_avg:45.69ms
step:822/1200 train_time:37597ms step_avg:45.74ms
step:823/1200 train_time:37676ms step_avg:45.78ms
step:824/1200 train_time:37761ms step_avg:45.83ms
step:825/1200 train_time:37838ms step_avg:45.86ms
step:826/1200 train_time:37923ms step_avg:45.91ms
step:827/1200 train_time:38002ms step_avg:45.95ms
step:828/1200 train_time:38086ms step_avg:46.00ms
step:829/1200 train_time:38165ms step_avg:46.04ms
step:830/1200 train_time:38250ms step_avg:46.08ms
step:831/1200 train_time:38328ms step_avg:46.12ms
step:832/1200 train_time:38413ms step_avg:46.17ms
step:833/1200 train_time:38492ms step_avg:46.21ms
step:834/1200 train_time:38576ms step_avg:46.25ms
step:835/1200 train_time:38656ms step_avg:46.30ms
step:836/1200 train_time:38740ms step_avg:46.34ms
step:837/1200 train_time:38817ms step_avg:46.38ms
step:838/1200 train_time:38902ms step_avg:46.42ms
step:839/1200 train_time:38981ms step_avg:46.46ms
step:840/1200 train_time:39064ms step_avg:46.50ms
step:841/1200 train_time:39143ms step_avg:46.54ms
step:842/1200 train_time:39227ms step_avg:46.59ms
step:843/1200 train_time:39307ms step_avg:46.63ms
step:844/1200 train_time:39392ms step_avg:46.67ms
step:845/1200 train_time:39472ms step_avg:46.71ms
step:846/1200 train_time:39556ms step_avg:46.76ms
step:847/1200 train_time:39633ms step_avg:46.79ms
step:848/1200 train_time:39717ms step_avg:46.84ms
step:849/1200 train_time:39796ms step_avg:46.87ms
step:850/1200 train_time:39880ms step_avg:46.92ms
step:851/1200 train_time:39959ms step_avg:46.95ms
step:852/1200 train_time:40043ms step_avg:47.00ms
step:853/1200 train_time:40122ms step_avg:47.04ms
step:854/1200 train_time:40207ms step_avg:47.08ms
step:855/1200 train_time:40286ms step_avg:47.12ms
step:856/1200 train_time:40373ms step_avg:47.16ms
step:857/1200 train_time:40453ms step_avg:47.20ms
step:858/1200 train_time:40535ms step_avg:47.24ms
step:859/1200 train_time:40614ms step_avg:47.28ms
step:860/1200 train_time:40697ms step_avg:47.32ms
step:861/1200 train_time:40775ms step_avg:47.36ms
step:862/1200 train_time:40860ms step_avg:47.40ms
step:863/1200 train_time:40938ms step_avg:47.44ms
step:864/1200 train_time:41021ms step_avg:47.48ms
step:865/1200 train_time:41100ms step_avg:47.52ms
step:866/1200 train_time:41185ms step_avg:47.56ms
step:867/1200 train_time:41266ms step_avg:47.60ms
step:868/1200 train_time:41352ms step_avg:47.64ms
step:869/1200 train_time:41431ms step_avg:47.68ms
step:870/1200 train_time:41515ms step_avg:47.72ms
step:871/1200 train_time:41595ms step_avg:47.76ms
step:872/1200 train_time:41679ms step_avg:47.80ms
step:873/1200 train_time:41758ms step_avg:47.83ms
step:874/1200 train_time:41841ms step_avg:47.87ms
step:875/1200 train_time:41919ms step_avg:47.91ms
step:876/1200 train_time:42003ms step_avg:47.95ms
step:877/1200 train_time:42082ms step_avg:47.98ms
step:878/1200 train_time:42167ms step_avg:48.03ms
step:879/1200 train_time:42246ms step_avg:48.06ms
step:880/1200 train_time:42331ms step_avg:48.10ms
step:881/1200 train_time:42409ms step_avg:48.14ms
step:882/1200 train_time:42494ms step_avg:48.18ms
step:883/1200 train_time:42572ms step_avg:48.21ms
step:884/1200 train_time:42657ms step_avg:48.25ms
step:885/1200 train_time:42735ms step_avg:48.29ms
step:886/1200 train_time:42818ms step_avg:48.33ms
step:887/1200 train_time:42895ms step_avg:48.36ms
step:888/1200 train_time:42981ms step_avg:48.40ms
step:889/1200 train_time:43059ms step_avg:48.44ms
step:890/1200 train_time:43143ms step_avg:48.48ms
step:891/1200 train_time:43222ms step_avg:48.51ms
step:892/1200 train_time:43308ms step_avg:48.55ms
step:893/1200 train_time:43388ms step_avg:48.59ms
step:894/1200 train_time:43473ms step_avg:48.63ms
step:895/1200 train_time:43554ms step_avg:48.66ms
step:896/1200 train_time:43639ms step_avg:48.70ms
step:897/1200 train_time:43716ms step_avg:48.74ms
step:898/1200 train_time:43801ms step_avg:48.78ms
step:899/1200 train_time:43880ms step_avg:48.81ms
step:900/1200 train_time:43963ms step_avg:48.85ms
step:901/1200 train_time:44042ms step_avg:48.88ms
step:902/1200 train_time:44126ms step_avg:48.92ms
step:903/1200 train_time:44204ms step_avg:48.95ms
step:904/1200 train_time:44291ms step_avg:48.99ms
step:905/1200 train_time:44372ms step_avg:49.03ms
step:906/1200 train_time:44458ms step_avg:49.07ms
step:907/1200 train_time:44535ms step_avg:49.10ms
step:908/1200 train_time:44619ms step_avg:49.14ms
step:909/1200 train_time:44698ms step_avg:49.17ms
step:910/1200 train_time:44782ms step_avg:49.21ms
step:911/1200 train_time:44861ms step_avg:49.24ms
step:912/1200 train_time:44943ms step_avg:49.28ms
step:913/1200 train_time:45021ms step_avg:49.31ms
step:914/1200 train_time:45106ms step_avg:49.35ms
step:915/1200 train_time:45186ms step_avg:49.38ms
step:916/1200 train_time:45273ms step_avg:49.43ms
step:917/1200 train_time:45353ms step_avg:49.46ms
step:918/1200 train_time:45436ms step_avg:49.50ms
step:919/1200 train_time:45515ms step_avg:49.53ms
step:920/1200 train_time:45598ms step_avg:49.56ms
step:921/1200 train_time:45676ms step_avg:49.59ms
step:922/1200 train_time:45761ms step_avg:49.63ms
step:923/1200 train_time:45840ms step_avg:49.66ms
step:924/1200 train_time:45923ms step_avg:49.70ms
step:925/1200 train_time:46002ms step_avg:49.73ms
step:926/1200 train_time:46086ms step_avg:49.77ms
step:927/1200 train_time:46166ms step_avg:49.80ms
step:928/1200 train_time:46253ms step_avg:49.84ms
step:929/1200 train_time:46332ms step_avg:49.87ms
step:930/1200 train_time:46416ms step_avg:49.91ms
step:931/1200 train_time:46494ms step_avg:49.94ms
step:932/1200 train_time:46577ms step_avg:49.98ms
step:933/1200 train_time:46656ms step_avg:50.01ms
step:934/1200 train_time:46740ms step_avg:50.04ms
step:935/1200 train_time:46819ms step_avg:50.07ms
step:936/1200 train_time:46903ms step_avg:50.11ms
step:937/1200 train_time:46982ms step_avg:50.14ms
step:938/1200 train_time:47067ms step_avg:50.18ms
step:939/1200 train_time:47147ms step_avg:50.21ms
step:940/1200 train_time:47230ms step_avg:50.25ms
step:941/1200 train_time:47309ms step_avg:50.28ms
step:942/1200 train_time:47394ms step_avg:50.31ms
step:943/1200 train_time:47474ms step_avg:50.34ms
step:944/1200 train_time:47559ms step_avg:50.38ms
step:945/1200 train_time:47636ms step_avg:50.41ms
step:946/1200 train_time:47719ms step_avg:50.44ms
step:947/1200 train_time:47799ms step_avg:50.47ms
step:948/1200 train_time:47882ms step_avg:50.51ms
step:949/1200 train_time:47960ms step_avg:50.54ms
step:950/1200 train_time:48046ms step_avg:50.57ms
step:951/1200 train_time:48125ms step_avg:50.60ms
step:952/1200 train_time:48212ms step_avg:50.64ms
step:953/1200 train_time:48291ms step_avg:50.67ms
step:954/1200 train_time:48374ms step_avg:50.71ms
step:955/1200 train_time:48453ms step_avg:50.74ms
step:956/1200 train_time:48537ms step_avg:50.77ms
step:957/1200 train_time:48615ms step_avg:50.80ms
step:958/1200 train_time:48699ms step_avg:50.83ms
step:959/1200 train_time:48777ms step_avg:50.86ms
step:960/1200 train_time:48862ms step_avg:50.90ms
step:961/1200 train_time:48941ms step_avg:50.93ms
step:962/1200 train_time:49026ms step_avg:50.96ms
step:963/1200 train_time:49107ms step_avg:50.99ms
step:964/1200 train_time:49192ms step_avg:51.03ms
step:965/1200 train_time:49271ms step_avg:51.06ms
step:966/1200 train_time:49355ms step_avg:51.09ms
step:967/1200 train_time:49435ms step_avg:51.12ms
step:968/1200 train_time:49518ms step_avg:51.15ms
step:969/1200 train_time:49598ms step_avg:51.18ms
step:970/1200 train_time:49682ms step_avg:51.22ms
step:971/1200 train_time:49758ms step_avg:51.24ms
step:972/1200 train_time:49842ms step_avg:51.28ms
step:973/1200 train_time:49921ms step_avg:51.31ms
step:974/1200 train_time:50007ms step_avg:51.34ms
step:975/1200 train_time:50085ms step_avg:51.37ms
step:976/1200 train_time:50172ms step_avg:51.41ms
step:977/1200 train_time:50251ms step_avg:51.43ms
step:978/1200 train_time:50335ms step_avg:51.47ms
step:979/1200 train_time:50413ms step_avg:51.49ms
step:980/1200 train_time:50498ms step_avg:51.53ms
step:981/1200 train_time:50577ms step_avg:51.56ms
step:982/1200 train_time:50661ms step_avg:51.59ms
step:983/1200 train_time:50739ms step_avg:51.62ms
step:984/1200 train_time:50822ms step_avg:51.65ms
step:985/1200 train_time:50901ms step_avg:51.68ms
step:986/1200 train_time:50986ms step_avg:51.71ms
step:987/1200 train_time:51064ms step_avg:51.74ms
step:988/1200 train_time:51151ms step_avg:51.77ms
step:989/1200 train_time:51229ms step_avg:51.80ms
step:990/1200 train_time:51314ms step_avg:51.83ms
step:991/1200 train_time:51394ms step_avg:51.86ms
step:992/1200 train_time:51480ms step_avg:51.89ms
step:993/1200 train_time:51558ms step_avg:51.92ms
step:994/1200 train_time:51643ms step_avg:51.95ms
step:995/1200 train_time:51720ms step_avg:51.98ms
step:996/1200 train_time:51805ms step_avg:52.01ms
step:997/1200 train_time:51885ms step_avg:52.04ms
step:998/1200 train_time:51970ms step_avg:52.07ms
step:999/1200 train_time:52049ms step_avg:52.10ms
step:1000/1200 train_time:52134ms step_avg:52.13ms
step:1000/1200 val_loss:3.4134 train_time:52221ms step_avg:52.22ms
step:1001/1200 train_time:52244ms step_avg:52.19ms
step:1002/1200 train_time:52300ms step_avg:52.20ms
step:1003/1200 train_time:52382ms step_avg:52.23ms
step:1004/1200 train_time:52466ms step_avg:52.26ms
step:1005/1200 train_time:52545ms step_avg:52.28ms
step:1006/1200 train_time:52631ms step_avg:52.32ms
step:1007/1200 train_time:52709ms step_avg:52.34ms
step:1008/1200 train_time:52795ms step_avg:52.38ms
step:1009/1200 train_time:52874ms step_avg:52.40ms
step:1010/1200 train_time:52956ms step_avg:52.43ms
step:1011/1200 train_time:53033ms step_avg:52.46ms
step:1012/1200 train_time:53117ms step_avg:52.49ms
step:1013/1200 train_time:53197ms step_avg:52.51ms
step:1014/1200 train_time:53284ms step_avg:52.55ms
step:1015/1200 train_time:53364ms step_avg:52.58ms
step:1016/1200 train_time:53448ms step_avg:52.61ms
step:1017/1200 train_time:53528ms step_avg:52.63ms
step:1018/1200 train_time:53611ms step_avg:52.66ms
step:1019/1200 train_time:53691ms step_avg:52.69ms
step:1020/1200 train_time:53774ms step_avg:52.72ms
step:1021/1200 train_time:53852ms step_avg:52.74ms
step:1022/1200 train_time:53935ms step_avg:52.77ms
step:1023/1200 train_time:54013ms step_avg:52.80ms
step:1024/1200 train_time:54096ms step_avg:52.83ms
step:1025/1200 train_time:54177ms step_avg:52.86ms
step:1026/1200 train_time:54261ms step_avg:52.89ms
step:1027/1200 train_time:54339ms step_avg:52.91ms
step:1028/1200 train_time:54425ms step_avg:52.94ms
step:1029/1200 train_time:54505ms step_avg:52.97ms
step:1030/1200 train_time:54589ms step_avg:53.00ms
step:1031/1200 train_time:54666ms step_avg:53.02ms
step:1032/1200 train_time:54751ms step_avg:53.05ms
step:1033/1200 train_time:54829ms step_avg:53.08ms
step:1034/1200 train_time:54912ms step_avg:53.11ms
step:1035/1200 train_time:54990ms step_avg:53.13ms
step:1036/1200 train_time:55074ms step_avg:53.16ms
step:1037/1200 train_time:55154ms step_avg:53.19ms
step:1038/1200 train_time:55239ms step_avg:53.22ms
step:1039/1200 train_time:55319ms step_avg:53.24ms
step:1040/1200 train_time:55405ms step_avg:53.27ms
step:1041/1200 train_time:55485ms step_avg:53.30ms
step:1042/1200 train_time:55568ms step_avg:53.33ms
step:1043/1200 train_time:55645ms step_avg:53.35ms
step:1044/1200 train_time:55729ms step_avg:53.38ms
step:1045/1200 train_time:55806ms step_avg:53.40ms
step:1046/1200 train_time:55892ms step_avg:53.43ms
step:1047/1200 train_time:55970ms step_avg:53.46ms
step:1048/1200 train_time:56053ms step_avg:53.49ms
step:1049/1200 train_time:56133ms step_avg:53.51ms
step:1050/1200 train_time:56220ms step_avg:53.54ms
step:1051/1200 train_time:56300ms step_avg:53.57ms
step:1052/1200 train_time:56387ms step_avg:53.60ms
step:1053/1200 train_time:56466ms step_avg:53.62ms
step:1054/1200 train_time:56549ms step_avg:53.65ms
step:1055/1200 train_time:56628ms step_avg:53.68ms
step:1056/1200 train_time:56712ms step_avg:53.70ms
step:1057/1200 train_time:56791ms step_avg:53.73ms
step:1058/1200 train_time:56874ms step_avg:53.76ms
step:1059/1200 train_time:56953ms step_avg:53.78ms
step:1060/1200 train_time:57038ms step_avg:53.81ms
step:1061/1200 train_time:57118ms step_avg:53.83ms
step:1062/1200 train_time:57203ms step_avg:53.86ms
step:1063/1200 train_time:57283ms step_avg:53.89ms
step:1064/1200 train_time:57368ms step_avg:53.92ms
step:1065/1200 train_time:57445ms step_avg:53.94ms
step:1066/1200 train_time:57528ms step_avg:53.97ms
step:1067/1200 train_time:57608ms step_avg:53.99ms
step:1068/1200 train_time:57692ms step_avg:54.02ms
step:1069/1200 train_time:57770ms step_avg:54.04ms
step:1070/1200 train_time:57853ms step_avg:54.07ms
step:1071/1200 train_time:57933ms step_avg:54.09ms
step:1072/1200 train_time:58018ms step_avg:54.12ms
step:1073/1200 train_time:58097ms step_avg:54.14ms
step:1074/1200 train_time:58184ms step_avg:54.18ms
step:1075/1200 train_time:58263ms step_avg:54.20ms
step:1076/1200 train_time:58345ms step_avg:54.22ms
step:1077/1200 train_time:58425ms step_avg:54.25ms
step:1078/1200 train_time:58509ms step_avg:54.28ms
step:1079/1200 train_time:58587ms step_avg:54.30ms
step:1080/1200 train_time:58672ms step_avg:54.33ms
step:1081/1200 train_time:58750ms step_avg:54.35ms
step:1082/1200 train_time:58833ms step_avg:54.37ms
step:1083/1200 train_time:58914ms step_avg:54.40ms
step:1084/1200 train_time:58998ms step_avg:54.43ms
step:1085/1200 train_time:59078ms step_avg:54.45ms
step:1086/1200 train_time:59163ms step_avg:54.48ms
step:1087/1200 train_time:59242ms step_avg:54.50ms
step:1088/1200 train_time:59328ms step_avg:54.53ms
step:1089/1200 train_time:59406ms step_avg:54.55ms
step:1090/1200 train_time:59489ms step_avg:54.58ms
step:1091/1200 train_time:59566ms step_avg:54.60ms
step:1092/1200 train_time:59651ms step_avg:54.63ms
step:1093/1200 train_time:59730ms step_avg:54.65ms
step:1094/1200 train_time:59813ms step_avg:54.67ms
step:1095/1200 train_time:59891ms step_avg:54.69ms
step:1096/1200 train_time:59978ms step_avg:54.72ms
step:1097/1200 train_time:60058ms step_avg:54.75ms
step:1098/1200 train_time:60144ms step_avg:54.78ms
step:1099/1200 train_time:60223ms step_avg:54.80ms
step:1100/1200 train_time:60306ms step_avg:54.82ms
step:1101/1200 train_time:60383ms step_avg:54.84ms
step:1102/1200 train_time:60467ms step_avg:54.87ms
step:1103/1200 train_time:60546ms step_avg:54.89ms
step:1104/1200 train_time:60630ms step_avg:54.92ms
step:1105/1200 train_time:60706ms step_avg:54.94ms
step:1106/1200 train_time:60792ms step_avg:54.97ms
step:1107/1200 train_time:60872ms step_avg:54.99ms
step:1108/1200 train_time:60956ms step_avg:55.01ms
step:1109/1200 train_time:61038ms step_avg:55.04ms
step:1110/1200 train_time:61125ms step_avg:55.07ms
step:1111/1200 train_time:61204ms step_avg:55.09ms
step:1112/1200 train_time:61287ms step_avg:55.11ms
step:1113/1200 train_time:61365ms step_avg:55.13ms
step:1114/1200 train_time:61448ms step_avg:55.16ms
step:1115/1200 train_time:61527ms step_avg:55.18ms
step:1116/1200 train_time:61610ms step_avg:55.21ms
step:1117/1200 train_time:61689ms step_avg:55.23ms
step:1118/1200 train_time:61774ms step_avg:55.25ms
step:1119/1200 train_time:61853ms step_avg:55.27ms
step:1120/1200 train_time:61937ms step_avg:55.30ms
step:1121/1200 train_time:62016ms step_avg:55.32ms
step:1122/1200 train_time:62102ms step_avg:55.35ms
step:1123/1200 train_time:62183ms step_avg:55.37ms
step:1124/1200 train_time:62267ms step_avg:55.40ms
step:1125/1200 train_time:62344ms step_avg:55.42ms
step:1126/1200 train_time:62429ms step_avg:55.44ms
step:1127/1200 train_time:62506ms step_avg:55.46ms
step:1128/1200 train_time:62590ms step_avg:55.49ms
step:1129/1200 train_time:62668ms step_avg:55.51ms
step:1130/1200 train_time:62751ms step_avg:55.53ms
step:1131/1200 train_time:62831ms step_avg:55.55ms
step:1132/1200 train_time:62915ms step_avg:55.58ms
step:1133/1200 train_time:62994ms step_avg:55.60ms
step:1134/1200 train_time:63081ms step_avg:55.63ms
step:1135/1200 train_time:63161ms step_avg:55.65ms
step:1136/1200 train_time:63245ms step_avg:55.67ms
step:1137/1200 train_time:63324ms step_avg:55.69ms
step:1138/1200 train_time:63407ms step_avg:55.72ms
step:1139/1200 train_time:63486ms step_avg:55.74ms
step:1140/1200 train_time:63570ms step_avg:55.76ms
step:1141/1200 train_time:63647ms step_avg:55.78ms
step:1142/1200 train_time:63731ms step_avg:55.81ms
step:1143/1200 train_time:63810ms step_avg:55.83ms
step:1144/1200 train_time:63895ms step_avg:55.85ms
step:1145/1200 train_time:63975ms step_avg:55.87ms
step:1146/1200 train_time:64060ms step_avg:55.90ms
step:1147/1200 train_time:64138ms step_avg:55.92ms
step:1148/1200 train_time:64224ms step_avg:55.94ms
step:1149/1200 train_time:64303ms step_avg:55.96ms
step:1150/1200 train_time:64387ms step_avg:55.99ms
step:1151/1200 train_time:64464ms step_avg:56.01ms
step:1152/1200 train_time:64548ms step_avg:56.03ms
step:1153/1200 train_time:64626ms step_avg:56.05ms
step:1154/1200 train_time:64709ms step_avg:56.07ms
step:1155/1200 train_time:64788ms step_avg:56.09ms
step:1156/1200 train_time:64872ms step_avg:56.12ms
step:1157/1200 train_time:64950ms step_avg:56.14ms
step:1158/1200 train_time:65037ms step_avg:56.16ms
step:1159/1200 train_time:65118ms step_avg:56.18ms
step:1160/1200 train_time:65204ms step_avg:56.21ms
step:1161/1200 train_time:65286ms step_avg:56.23ms
step:1162/1200 train_time:65374ms step_avg:56.26ms
step:1163/1200 train_time:65452ms step_avg:56.28ms
step:1164/1200 train_time:65535ms step_avg:56.30ms
step:1165/1200 train_time:65615ms step_avg:56.32ms
step:1166/1200 train_time:65699ms step_avg:56.35ms
step:1167/1200 train_time:65777ms step_avg:56.36ms
step:1168/1200 train_time:65863ms step_avg:56.39ms
step:1169/1200 train_time:65942ms step_avg:56.41ms
step:1170/1200 train_time:66026ms step_avg:56.43ms
step:1171/1200 train_time:66106ms step_avg:56.45ms
step:1172/1200 train_time:66193ms step_avg:56.48ms
step:1173/1200 train_time:66272ms step_avg:56.50ms
step:1174/1200 train_time:66357ms step_avg:56.52ms
step:1175/1200 train_time:66435ms step_avg:56.54ms
step:1176/1200 train_time:66520ms step_avg:56.56ms
step:1177/1200 train_time:66598ms step_avg:56.58ms
step:1178/1200 train_time:66684ms step_avg:56.61ms
step:1179/1200 train_time:66761ms step_avg:56.63ms
step:1180/1200 train_time:66845ms step_avg:56.65ms
step:1181/1200 train_time:66924ms step_avg:56.67ms
step:1182/1200 train_time:67008ms step_avg:56.69ms
step:1183/1200 train_time:67086ms step_avg:56.71ms
step:1184/1200 train_time:67172ms step_avg:56.73ms
step:1185/1200 train_time:67250ms step_avg:56.75ms
step:1186/1200 train_time:67335ms step_avg:56.77ms
step:1187/1200 train_time:67413ms step_avg:56.79ms
step:1188/1200 train_time:67499ms step_avg:56.82ms
step:1189/1200 train_time:67579ms step_avg:56.84ms
step:1190/1200 train_time:67662ms step_avg:56.86ms
step:1191/1200 train_time:67742ms step_avg:56.88ms
step:1192/1200 train_time:67827ms step_avg:56.90ms
step:1193/1200 train_time:67905ms step_avg:56.92ms
step:1194/1200 train_time:67990ms step_avg:56.94ms
step:1195/1200 train_time:68070ms step_avg:56.96ms
step:1196/1200 train_time:68154ms step_avg:56.99ms
step:1197/1200 train_time:68234ms step_avg:57.00ms
step:1198/1200 train_time:68319ms step_avg:57.03ms
step:1199/1200 train_time:68398ms step_avg:57.05ms
step:1200/1200 train_time:68484ms step_avg:57.07ms
step:1200/1200 val_loss:3.3196 train_time:68572ms step_avg:57.14ms
peak memory allocated: 31333 MiB reserved: 45550 MiB
