W0420 03:31:04.191000 45450 torch/distributed/run.py:852] 
W0420 03:31:04.191000 45450 torch/distributed/run.py:852] *****************************************
W0420 03:31:04.191000 45450 torch/distributed/run.py:852] Setting OMP_NUM_THREADS environment variable for each process to be 1 in default, to avoid your system being overloaded, please further tune the variable for optimal performance in your application as needed. 
W0420 03:31:04.191000 45450 torch/distributed/run.py:852] *****************************************
[Gloo] Rank 4 is connected to 7[Gloo] Rank  peer ranks. Expected number of connected peer ranks is : 57 is connected to 
7 peer ranks. Expected number of connected peer ranks is : 7
[Gloo] Rank 0 is connected to 7 peer ranks. Expected number of connected peer ranks is : 7
[Gloo] Rank 3[Gloo] Rank  is connected to 17 is connected to  peer ranks. 7Expected number of connected peer ranks is :  peer ranks. 7Expected number of connected peer ranks is : 
7
[Gloo] Rank 2 is connected to 7 peer ranks. Expected number of connected peer ranks is : 7
[Gloo] Rank [Gloo] Rank 76 is connected to  is connected to 77 peer ranks.  peer ranks. Expected number of connected peer ranks is : Expected number of connected peer ranks is : 77

Warning: You are sending unauthenticated requests to the HF Hub. Please set a HF_TOKEN to enable higher rate limits and faster downloads.
Warning: You are sending unauthenticated requests to the HF Hub. Please set a HF_TOKEN to enable higher rate limits and faster downloads.
Warning: You are sending unauthenticated requests to the HF Hub. Please set a HF_TOKEN to enable higher rate limits and faster downloads.
Fetching 4 files:   0%|          | 0/4 [00:00<?, ?it/s]Fetching 4 files: 100%|██████████| 4/4 [00:00<00:00, 24350.10it/s]
Fetching 4 files:   0%|          | 0/4 [00:00<?, ?it/s]Fetching 4 files: 100%|██████████| 4/4 [00:00<00:00, 5605.48it/s]
Fetching 4 files:   0%|          | 0/4 [00:00<?, ?it/s]Fetching 4 files: 100%|██████████| 4/4 [00:00<00:00, 5807.27it/s]
Fetching 4 files:   0%|          | 0/4 [00:00<?, ?it/s]Fetching 4 files: 100%|██████████| 4/4 [00:00<00:00, 5698.78it/s]
Fetching 4 files:   0%|          | 0/4 [00:00<?, ?it/s]Fetching 4 files: 100%|██████████| 4/4 [00:00<00:00, 3217.11it/s]
Fetching 4 files:   0%|          | 0/4 [00:00<?, ?it/s]Fetching 4 files: 100%|██████████| 4/4 [00:00<00:00, 5761.41it/s]
logs/ba7ac211-212b-4fed-a2da-05f31d44d593.txt
Fetching 4 files:   0%|          | 0/4 [00:00<?, ?it/s]Fetching 4 files: 100%|██████████| 4/4 [00:00<00:00, 24209.55it/s]
Fetching 4 files:   0%|          | 0/4 [00:00<?, ?it/s]Fetching 4 files: 100%|██████████| 4/4 [00:00<00:00, 5677.57it/s]
Compiling model and warming up kernels (~7 minutes on first execution)
Sampling steps [0, 1, 408, 409, 410, 411, 818, 819, 820, 821, 1228, 1229, 1230, 1231] for warmup
Resetting Model
step:0/1270 val_loss:10.8284 train_time:0ms step_avg:0.04ms
step:1/1270 train_time:85ms step_avg:84.75ms
step:2/1270 train_time:112ms step_avg:56.04ms
step:3/1270 train_time:134ms step_avg:44.79ms
step:4/1270 train_time:160ms step_avg:39.97ms
step:5/1270 train_time:181ms step_avg:36.22ms
step:6/1270 train_time:213ms step_avg:35.43ms
step:7/1270 train_time:239ms step_avg:34.16ms
step:8/1270 train_time:275ms step_avg:34.39ms
step:9/1270 train_time:301ms step_avg:33.44ms
step:10/1270 train_time:336ms step_avg:33.60ms
step:11/1270 train_time:363ms step_avg:33.01ms
step:12/1270 train_time:398ms step_avg:33.16ms
step:13/1270 train_time:425ms step_avg:32.66ms
step:14/1270 train_time:460ms step_avg:32.84ms
step:15/1270 train_time:487ms step_avg:32.44ms
step:16/1270 train_time:521ms step_avg:32.58ms
step:17/1270 train_time:548ms step_avg:32.23ms
step:18/1270 train_time:583ms step_avg:32.40ms
step:19/1270 train_time:610ms step_avg:32.09ms
step:20/1270 train_time:645ms step_avg:32.24ms
step:21/1270 train_time:672ms step_avg:31.99ms
step:22/1270 train_time:707ms step_avg:32.14ms
step:23/1270 train_time:734ms step_avg:31.90ms
step:24/1270 train_time:770ms step_avg:32.08ms
step:25/1270 train_time:796ms step_avg:31.84ms
step:26/1270 train_time:831ms step_avg:31.95ms
step:27/1270 train_time:857ms step_avg:31.75ms
step:28/1270 train_time:893ms step_avg:31.89ms
step:29/1270 train_time:919ms step_avg:31.71ms
step:30/1270 train_time:955ms step_avg:31.83ms
step:31/1270 train_time:981ms step_avg:31.66ms
step:32/1270 train_time:1017ms step_avg:31.80ms
step:33/1270 train_time:1045ms step_avg:31.66ms
step:34/1270 train_time:1081ms step_avg:31.78ms
step:35/1270 train_time:1107ms step_avg:31.63ms
step:36/1270 train_time:1142ms step_avg:31.73ms
step:37/1270 train_time:1170ms step_avg:31.61ms
step:38/1270 train_time:1205ms step_avg:31.71ms
step:39/1270 train_time:1232ms step_avg:31.60ms
step:40/1270 train_time:1268ms step_avg:31.70ms
step:41/1270 train_time:1295ms step_avg:31.58ms
step:42/1270 train_time:1330ms step_avg:31.67ms
step:43/1270 train_time:1357ms step_avg:31.56ms
step:44/1270 train_time:1392ms step_avg:31.64ms
step:45/1270 train_time:1419ms step_avg:31.54ms
step:46/1270 train_time:1454ms step_avg:31.62ms
step:47/1270 train_time:1481ms step_avg:31.51ms
step:48/1270 train_time:1516ms step_avg:31.59ms
step:49/1270 train_time:1543ms step_avg:31.49ms
step:50/1270 train_time:1578ms step_avg:31.56ms
step:51/1270 train_time:1605ms step_avg:31.47ms
step:52/1270 train_time:1640ms step_avg:31.53ms
step:53/1270 train_time:1666ms step_avg:31.44ms
step:54/1270 train_time:1701ms step_avg:31.51ms
step:55/1270 train_time:1728ms step_avg:31.42ms
step:56/1270 train_time:1763ms step_avg:31.48ms
step:57/1270 train_time:1791ms step_avg:31.41ms
step:58/1270 train_time:1826ms step_avg:31.48ms
step:59/1270 train_time:1853ms step_avg:31.41ms
step:60/1270 train_time:1889ms step_avg:31.48ms
step:61/1270 train_time:1915ms step_avg:31.40ms
step:62/1270 train_time:1951ms step_avg:31.47ms
step:63/1270 train_time:1978ms step_avg:31.39ms
step:64/1270 train_time:2014ms step_avg:31.47ms
step:65/1270 train_time:2040ms step_avg:31.38ms
step:66/1270 train_time:2075ms step_avg:31.44ms
step:67/1270 train_time:2102ms step_avg:31.37ms
step:68/1270 train_time:2137ms step_avg:31.43ms
step:69/1270 train_time:2164ms step_avg:31.36ms
step:70/1270 train_time:2199ms step_avg:31.42ms
step:71/1270 train_time:2226ms step_avg:31.35ms
step:72/1270 train_time:2261ms step_avg:31.40ms
step:73/1270 train_time:2288ms step_avg:31.35ms
step:74/1270 train_time:2323ms step_avg:31.39ms
step:75/1270 train_time:2350ms step_avg:31.34ms
step:76/1270 train_time:2386ms step_avg:31.39ms
step:77/1270 train_time:2413ms step_avg:31.34ms
step:78/1270 train_time:2448ms step_avg:31.39ms
step:79/1270 train_time:2475ms step_avg:31.33ms
step:80/1270 train_time:2511ms step_avg:31.38ms
step:81/1270 train_time:2537ms step_avg:31.32ms
step:82/1270 train_time:2573ms step_avg:31.37ms
step:83/1270 train_time:2599ms step_avg:31.32ms
step:84/1270 train_time:2634ms step_avg:31.36ms
step:85/1270 train_time:2661ms step_avg:31.31ms
step:86/1270 train_time:2697ms step_avg:31.36ms
step:87/1270 train_time:2723ms step_avg:31.30ms
step:88/1270 train_time:2758ms step_avg:31.34ms
step:89/1270 train_time:2785ms step_avg:31.29ms
step:90/1270 train_time:2820ms step_avg:31.33ms
step:91/1270 train_time:2846ms step_avg:31.28ms
step:92/1270 train_time:2881ms step_avg:31.32ms
step:93/1270 train_time:2908ms step_avg:31.27ms
step:94/1270 train_time:2943ms step_avg:31.31ms
step:95/1270 train_time:2970ms step_avg:31.26ms
step:96/1270 train_time:3005ms step_avg:31.30ms
step:97/1270 train_time:3032ms step_avg:31.26ms
step:98/1270 train_time:3067ms step_avg:31.30ms
step:99/1270 train_time:3094ms step_avg:31.25ms
step:100/1270 train_time:3129ms step_avg:31.29ms
step:101/1270 train_time:3156ms step_avg:31.25ms
step:102/1270 train_time:3191ms step_avg:31.29ms
step:103/1270 train_time:3218ms step_avg:31.24ms
step:104/1270 train_time:3253ms step_avg:31.28ms
step:105/1270 train_time:3281ms step_avg:31.25ms
step:106/1270 train_time:3316ms step_avg:31.28ms
step:107/1270 train_time:3342ms step_avg:31.24ms
step:108/1270 train_time:3377ms step_avg:31.27ms
step:109/1270 train_time:3404ms step_avg:31.23ms
step:110/1270 train_time:3439ms step_avg:31.26ms
step:111/1270 train_time:3466ms step_avg:31.22ms
step:112/1270 train_time:3501ms step_avg:31.26ms
step:113/1270 train_time:3527ms step_avg:31.22ms
step:114/1270 train_time:3562ms step_avg:31.25ms
step:115/1270 train_time:3590ms step_avg:31.21ms
step:116/1270 train_time:3625ms step_avg:31.25ms
step:117/1270 train_time:3652ms step_avg:31.21ms
step:118/1270 train_time:3687ms step_avg:31.25ms
step:119/1270 train_time:3715ms step_avg:31.22ms
step:120/1270 train_time:3750ms step_avg:31.25ms
step:121/1270 train_time:3776ms step_avg:31.21ms
step:122/1270 train_time:3812ms step_avg:31.25ms
step:123/1270 train_time:3839ms step_avg:31.21ms
step:124/1270 train_time:3874ms step_avg:31.24ms
step:125/1270 train_time:3900ms step_avg:31.20ms
step:126/1270 train_time:3935ms step_avg:31.23ms
step:127/1270 train_time:3962ms step_avg:31.20ms
step:128/1270 train_time:3997ms step_avg:31.23ms
step:129/1270 train_time:4024ms step_avg:31.19ms
step:130/1270 train_time:4059ms step_avg:31.22ms
step:131/1270 train_time:4086ms step_avg:31.19ms
step:132/1270 train_time:4121ms step_avg:31.22ms
step:133/1270 train_time:4147ms step_avg:31.18ms
step:134/1270 train_time:4183ms step_avg:31.21ms
step:135/1270 train_time:4209ms step_avg:31.18ms
step:136/1270 train_time:4244ms step_avg:31.21ms
step:137/1270 train_time:4271ms step_avg:31.18ms
step:138/1270 train_time:4306ms step_avg:31.21ms
step:139/1270 train_time:4333ms step_avg:31.18ms
step:140/1270 train_time:4369ms step_avg:31.21ms
step:141/1270 train_time:4396ms step_avg:31.17ms
step:142/1270 train_time:4431ms step_avg:31.21ms
step:143/1270 train_time:4458ms step_avg:31.17ms
step:144/1270 train_time:4493ms step_avg:31.20ms
step:145/1270 train_time:4520ms step_avg:31.17ms
step:146/1270 train_time:4558ms step_avg:31.22ms
step:147/1270 train_time:4582ms step_avg:31.17ms
step:148/1270 train_time:4617ms step_avg:31.20ms
step:149/1270 train_time:4643ms step_avg:31.16ms
step:150/1270 train_time:4679ms step_avg:31.19ms
step:151/1270 train_time:4705ms step_avg:31.16ms
step:152/1270 train_time:4740ms step_avg:31.18ms
step:153/1270 train_time:4766ms step_avg:31.15ms
step:154/1270 train_time:4801ms step_avg:31.18ms
step:155/1270 train_time:4828ms step_avg:31.15ms
step:156/1270 train_time:4863ms step_avg:31.17ms
step:157/1270 train_time:4890ms step_avg:31.14ms
step:158/1270 train_time:4925ms step_avg:31.17ms
step:159/1270 train_time:4952ms step_avg:31.14ms
step:160/1270 train_time:4987ms step_avg:31.17ms
step:161/1270 train_time:5014ms step_avg:31.14ms
step:162/1270 train_time:5050ms step_avg:31.17ms
step:163/1270 train_time:5076ms step_avg:31.14ms
step:164/1270 train_time:5112ms step_avg:31.17ms
step:165/1270 train_time:5138ms step_avg:31.14ms
step:166/1270 train_time:5174ms step_avg:31.17ms
step:167/1270 train_time:5200ms step_avg:31.14ms
step:168/1270 train_time:5235ms step_avg:31.16ms
step:169/1270 train_time:5262ms step_avg:31.14ms
step:170/1270 train_time:5297ms step_avg:31.16ms
step:171/1270 train_time:5324ms step_avg:31.13ms
step:172/1270 train_time:5359ms step_avg:31.16ms
step:173/1270 train_time:5385ms step_avg:31.13ms
step:174/1270 train_time:5421ms step_avg:31.15ms
step:175/1270 train_time:5447ms step_avg:31.13ms
step:176/1270 train_time:5482ms step_avg:31.15ms
step:177/1270 train_time:5509ms step_avg:31.13ms
step:178/1270 train_time:5544ms step_avg:31.15ms
step:179/1270 train_time:5571ms step_avg:31.12ms
step:180/1270 train_time:5606ms step_avg:31.15ms
step:181/1270 train_time:5634ms step_avg:31.13ms
step:182/1270 train_time:5669ms step_avg:31.15ms
step:183/1270 train_time:5696ms step_avg:31.13ms
step:184/1270 train_time:5731ms step_avg:31.15ms
step:185/1270 train_time:5758ms step_avg:31.12ms
step:186/1270 train_time:5795ms step_avg:31.15ms
step:187/1270 train_time:5821ms step_avg:31.13ms
step:188/1270 train_time:5855ms step_avg:31.15ms
step:189/1270 train_time:5882ms step_avg:31.12ms
step:190/1270 train_time:5917ms step_avg:31.14ms
step:191/1270 train_time:5943ms step_avg:31.12ms
step:192/1270 train_time:5978ms step_avg:31.14ms
step:193/1270 train_time:6005ms step_avg:31.11ms
step:194/1270 train_time:6040ms step_avg:31.13ms
step:195/1270 train_time:6066ms step_avg:31.11ms
step:196/1270 train_time:6101ms step_avg:31.13ms
step:197/1270 train_time:6128ms step_avg:31.11ms
step:198/1270 train_time:6163ms step_avg:31.13ms
step:199/1270 train_time:6190ms step_avg:31.11ms
step:200/1270 train_time:6226ms step_avg:31.13ms
step:201/1270 train_time:6253ms step_avg:31.11ms
step:202/1270 train_time:6288ms step_avg:31.13ms
step:203/1270 train_time:6315ms step_avg:31.11ms
step:204/1270 train_time:6350ms step_avg:31.13ms
step:205/1270 train_time:6376ms step_avg:31.10ms
step:206/1270 train_time:6411ms step_avg:31.12ms
step:207/1270 train_time:6438ms step_avg:31.10ms
step:208/1270 train_time:6473ms step_avg:31.12ms
step:209/1270 train_time:6500ms step_avg:31.10ms
step:210/1270 train_time:6535ms step_avg:31.12ms
step:211/1270 train_time:6562ms step_avg:31.10ms
step:212/1270 train_time:6597ms step_avg:31.12ms
step:213/1270 train_time:6624ms step_avg:31.10ms
step:214/1270 train_time:6659ms step_avg:31.11ms
step:215/1270 train_time:6685ms step_avg:31.09ms
step:216/1270 train_time:6720ms step_avg:31.11ms
step:217/1270 train_time:6746ms step_avg:31.09ms
step:218/1270 train_time:6781ms step_avg:31.11ms
step:219/1270 train_time:6808ms step_avg:31.09ms
step:220/1270 train_time:6843ms step_avg:31.11ms
step:221/1270 train_time:6870ms step_avg:31.09ms
step:222/1270 train_time:6905ms step_avg:31.10ms
step:223/1270 train_time:6932ms step_avg:31.09ms
step:224/1270 train_time:6968ms step_avg:31.11ms
step:225/1270 train_time:6995ms step_avg:31.09ms
step:226/1270 train_time:7029ms step_avg:31.10ms
step:227/1270 train_time:7059ms step_avg:31.10ms
step:228/1270 train_time:7091ms step_avg:31.10ms
step:229/1270 train_time:7118ms step_avg:31.08ms
step:230/1270 train_time:7153ms step_avg:31.10ms
step:231/1270 train_time:7180ms step_avg:31.08ms
step:232/1270 train_time:7216ms step_avg:31.10ms
step:233/1270 train_time:7243ms step_avg:31.08ms
step:234/1270 train_time:7278ms step_avg:31.10ms
step:235/1270 train_time:7304ms step_avg:31.08ms
step:236/1270 train_time:7339ms step_avg:31.10ms
step:237/1270 train_time:7366ms step_avg:31.08ms
step:238/1270 train_time:7401ms step_avg:31.10ms
step:239/1270 train_time:7427ms step_avg:31.08ms
step:240/1270 train_time:7463ms step_avg:31.09ms
step:241/1270 train_time:7489ms step_avg:31.08ms
step:242/1270 train_time:7525ms step_avg:31.09ms
step:243/1270 train_time:7552ms step_avg:31.08ms
step:244/1270 train_time:7587ms step_avg:31.09ms
step:245/1270 train_time:7614ms step_avg:31.08ms
step:246/1270 train_time:7649ms step_avg:31.10ms
step:247/1270 train_time:7676ms step_avg:31.08ms
step:248/1270 train_time:7711ms step_avg:31.09ms
step:249/1270 train_time:7738ms step_avg:31.08ms
step:250/1270 train_time:7773ms step_avg:31.09ms
step:250/1270 val_loss:4.4911 train_time:7808ms step_avg:31.23ms
step:251/1270 train_time:7829ms step_avg:31.19ms
step:252/1270 train_time:7853ms step_avg:31.16ms
step:253/1270 train_time:7873ms step_avg:31.12ms
step:254/1270 train_time:7901ms step_avg:31.11ms
step:255/1270 train_time:7928ms step_avg:31.09ms
step:256/1270 train_time:7966ms step_avg:31.12ms
step:257/1270 train_time:7995ms step_avg:31.11ms
step:258/1270 train_time:8031ms step_avg:31.13ms
step:259/1270 train_time:8058ms step_avg:31.11ms
step:260/1270 train_time:8093ms step_avg:31.13ms
step:261/1270 train_time:8120ms step_avg:31.11ms
step:262/1270 train_time:8156ms step_avg:31.13ms
step:263/1270 train_time:8182ms step_avg:31.11ms
step:264/1270 train_time:8217ms step_avg:31.13ms
step:265/1270 train_time:8245ms step_avg:31.11ms
step:266/1270 train_time:8279ms step_avg:31.13ms
step:267/1270 train_time:8306ms step_avg:31.11ms
step:268/1270 train_time:8341ms step_avg:31.12ms
step:269/1270 train_time:8367ms step_avg:31.11ms
step:270/1270 train_time:8402ms step_avg:31.12ms
step:271/1270 train_time:8429ms step_avg:31.10ms
step:272/1270 train_time:8464ms step_avg:31.12ms
step:273/1270 train_time:8490ms step_avg:31.10ms
step:274/1270 train_time:8525ms step_avg:31.11ms
step:275/1270 train_time:8551ms step_avg:31.10ms
step:276/1270 train_time:8586ms step_avg:31.11ms
step:277/1270 train_time:8613ms step_avg:31.09ms
step:278/1270 train_time:8648ms step_avg:31.11ms
step:279/1270 train_time:8674ms step_avg:31.09ms
step:280/1270 train_time:8709ms step_avg:31.10ms
step:281/1270 train_time:8736ms step_avg:31.09ms
step:282/1270 train_time:8771ms step_avg:31.10ms
step:283/1270 train_time:8797ms step_avg:31.09ms
step:284/1270 train_time:8832ms step_avg:31.10ms
step:285/1270 train_time:8861ms step_avg:31.09ms
step:286/1270 train_time:8895ms step_avg:31.10ms
step:287/1270 train_time:8921ms step_avg:31.09ms
step:288/1270 train_time:8957ms step_avg:31.10ms
step:289/1270 train_time:8983ms step_avg:31.08ms
step:290/1270 train_time:9019ms step_avg:31.10ms
step:291/1270 train_time:9046ms step_avg:31.09ms
step:292/1270 train_time:9082ms step_avg:31.10ms
step:293/1270 train_time:9109ms step_avg:31.09ms
step:294/1270 train_time:9144ms step_avg:31.10ms
step:295/1270 train_time:9171ms step_avg:31.09ms
step:296/1270 train_time:9206ms step_avg:31.10ms
step:297/1270 train_time:9233ms step_avg:31.09ms
step:298/1270 train_time:9268ms step_avg:31.10ms
step:299/1270 train_time:9294ms step_avg:31.08ms
step:300/1270 train_time:9329ms step_avg:31.10ms
step:301/1270 train_time:9356ms step_avg:31.08ms
step:302/1270 train_time:9391ms step_avg:31.10ms
step:303/1270 train_time:9418ms step_avg:31.08ms
step:304/1270 train_time:9453ms step_avg:31.10ms
step:305/1270 train_time:9481ms step_avg:31.09ms
step:306/1270 train_time:9515ms step_avg:31.10ms
step:307/1270 train_time:9542ms step_avg:31.08ms
step:308/1270 train_time:9577ms step_avg:31.09ms
step:309/1270 train_time:9603ms step_avg:31.08ms
step:310/1270 train_time:9639ms step_avg:31.09ms
step:311/1270 train_time:9665ms step_avg:31.08ms
step:312/1270 train_time:9701ms step_avg:31.09ms
step:313/1270 train_time:9727ms step_avg:31.08ms
step:314/1270 train_time:9762ms step_avg:31.09ms
step:315/1270 train_time:9789ms step_avg:31.08ms
step:316/1270 train_time:9824ms step_avg:31.09ms
step:317/1270 train_time:9850ms step_avg:31.07ms
step:318/1270 train_time:9886ms step_avg:31.09ms
step:319/1270 train_time:9911ms step_avg:31.07ms
step:320/1270 train_time:9946ms step_avg:31.08ms
step:321/1270 train_time:9973ms step_avg:31.07ms
step:322/1270 train_time:10009ms step_avg:31.08ms
step:323/1270 train_time:10035ms step_avg:31.07ms
step:324/1270 train_time:10070ms step_avg:31.08ms
step:325/1270 train_time:10098ms step_avg:31.07ms
step:326/1270 train_time:10133ms step_avg:31.08ms
step:327/1270 train_time:10160ms step_avg:31.07ms
step:328/1270 train_time:10195ms step_avg:31.08ms
step:329/1270 train_time:10222ms step_avg:31.07ms
step:330/1270 train_time:10257ms step_avg:31.08ms
step:331/1270 train_time:10284ms step_avg:31.07ms
step:332/1270 train_time:10319ms step_avg:31.08ms
step:333/1270 train_time:10346ms step_avg:31.07ms
step:334/1270 train_time:10383ms step_avg:31.09ms
step:335/1270 train_time:10409ms step_avg:31.07ms
step:336/1270 train_time:10444ms step_avg:31.08ms
step:337/1270 train_time:10470ms step_avg:31.07ms
step:338/1270 train_time:10505ms step_avg:31.08ms
step:339/1270 train_time:10531ms step_avg:31.07ms
step:340/1270 train_time:10566ms step_avg:31.08ms
step:341/1270 train_time:10593ms step_avg:31.06ms
step:342/1270 train_time:10628ms step_avg:31.08ms
step:343/1270 train_time:10654ms step_avg:31.06ms
step:344/1270 train_time:10690ms step_avg:31.08ms
step:345/1270 train_time:10716ms step_avg:31.06ms
step:346/1270 train_time:10751ms step_avg:31.07ms
step:347/1270 train_time:10778ms step_avg:31.06ms
step:348/1270 train_time:10813ms step_avg:31.07ms
step:349/1270 train_time:10840ms step_avg:31.06ms
step:350/1270 train_time:10875ms step_avg:31.07ms
step:351/1270 train_time:10902ms step_avg:31.06ms
step:352/1270 train_time:10937ms step_avg:31.07ms
step:353/1270 train_time:10964ms step_avg:31.06ms
step:354/1270 train_time:10999ms step_avg:31.07ms
step:355/1270 train_time:11026ms step_avg:31.06ms
step:356/1270 train_time:11061ms step_avg:31.07ms
step:357/1270 train_time:11088ms step_avg:31.06ms
step:358/1270 train_time:11123ms step_avg:31.07ms
step:359/1270 train_time:11149ms step_avg:31.06ms
step:360/1270 train_time:11184ms step_avg:31.07ms
step:361/1270 train_time:11211ms step_avg:31.06ms
step:362/1270 train_time:11246ms step_avg:31.07ms
step:363/1270 train_time:11272ms step_avg:31.05ms
step:364/1270 train_time:11308ms step_avg:31.06ms
step:365/1270 train_time:11334ms step_avg:31.05ms
step:366/1270 train_time:11369ms step_avg:31.06ms
step:367/1270 train_time:11397ms step_avg:31.05ms
step:368/1270 train_time:11432ms step_avg:31.06ms
step:369/1270 train_time:11459ms step_avg:31.05ms
step:370/1270 train_time:11494ms step_avg:31.07ms
step:371/1270 train_time:11520ms step_avg:31.05ms
step:372/1270 train_time:11555ms step_avg:31.06ms
step:373/1270 train_time:11582ms step_avg:31.05ms
step:374/1270 train_time:11617ms step_avg:31.06ms
step:375/1270 train_time:11643ms step_avg:31.05ms
step:376/1270 train_time:11679ms step_avg:31.06ms
step:377/1270 train_time:11705ms step_avg:31.05ms
step:378/1270 train_time:11740ms step_avg:31.06ms
step:379/1270 train_time:11767ms step_avg:31.05ms
step:380/1270 train_time:11802ms step_avg:31.06ms
step:381/1270 train_time:11829ms step_avg:31.05ms
step:382/1270 train_time:11864ms step_avg:31.06ms
step:383/1270 train_time:11891ms step_avg:31.05ms
step:384/1270 train_time:11926ms step_avg:31.06ms
step:385/1270 train_time:11952ms step_avg:31.04ms
step:386/1270 train_time:11987ms step_avg:31.06ms
step:387/1270 train_time:12014ms step_avg:31.04ms
step:388/1270 train_time:12049ms step_avg:31.05ms
step:389/1270 train_time:12076ms step_avg:31.04ms
step:390/1270 train_time:12111ms step_avg:31.05ms
step:391/1270 train_time:12138ms step_avg:31.04ms
step:392/1270 train_time:12173ms step_avg:31.05ms
step:393/1270 train_time:12200ms step_avg:31.04ms
step:394/1270 train_time:12235ms step_avg:31.05ms
step:395/1270 train_time:12262ms step_avg:31.04ms
step:396/1270 train_time:12297ms step_avg:31.05ms
step:397/1270 train_time:12324ms step_avg:31.04ms
step:398/1270 train_time:12360ms step_avg:31.05ms
step:399/1270 train_time:12386ms step_avg:31.04ms
step:400/1270 train_time:12422ms step_avg:31.05ms
step:401/1270 train_time:12448ms step_avg:31.04ms
step:402/1270 train_time:12483ms step_avg:31.05ms
step:403/1270 train_time:12510ms step_avg:31.04ms
step:404/1270 train_time:12545ms step_avg:31.05ms
step:405/1270 train_time:12571ms step_avg:31.04ms
step:406/1270 train_time:12607ms step_avg:31.05ms
step:407/1270 train_time:12633ms step_avg:31.04ms
step:408/1270 train_time:12668ms step_avg:31.05ms
step:409/1270 train_time:12695ms step_avg:31.04ms
step:410/1270 train_time:12730ms step_avg:31.05ms
step:411/1270 train_time:12763ms step_avg:31.05ms
step:412/1270 train_time:12819ms step_avg:31.11ms
step:413/1270 train_time:12872ms step_avg:31.17ms
step:414/1270 train_time:12931ms step_avg:31.23ms
step:415/1270 train_time:12984ms step_avg:31.29ms
step:416/1270 train_time:13043ms step_avg:31.35ms
step:417/1270 train_time:13096ms step_avg:31.40ms
step:418/1270 train_time:13155ms step_avg:31.47ms
step:419/1270 train_time:13208ms step_avg:31.52ms
step:420/1270 train_time:13268ms step_avg:31.59ms
step:421/1270 train_time:13322ms step_avg:31.64ms
step:422/1270 train_time:13380ms step_avg:31.71ms
step:423/1270 train_time:13433ms step_avg:31.76ms
step:424/1270 train_time:13491ms step_avg:31.82ms
step:425/1270 train_time:13545ms step_avg:31.87ms
step:426/1270 train_time:13604ms step_avg:31.93ms
step:427/1270 train_time:13656ms step_avg:31.98ms
step:428/1270 train_time:13715ms step_avg:32.04ms
step:429/1270 train_time:13768ms step_avg:32.09ms
step:430/1270 train_time:13827ms step_avg:32.15ms
step:431/1270 train_time:13880ms step_avg:32.20ms
step:432/1270 train_time:13939ms step_avg:32.27ms
step:433/1270 train_time:13992ms step_avg:32.31ms
step:434/1270 train_time:14051ms step_avg:32.38ms
step:435/1270 train_time:14104ms step_avg:32.42ms
step:436/1270 train_time:14163ms step_avg:32.48ms
step:437/1270 train_time:14216ms step_avg:32.53ms
step:438/1270 train_time:14275ms step_avg:32.59ms
step:439/1270 train_time:14328ms step_avg:32.64ms
step:440/1270 train_time:14387ms step_avg:32.70ms
step:441/1270 train_time:14440ms step_avg:32.74ms
step:442/1270 train_time:14500ms step_avg:32.80ms
step:443/1270 train_time:14553ms step_avg:32.85ms
step:444/1270 train_time:14612ms step_avg:32.91ms
step:445/1270 train_time:14665ms step_avg:32.96ms
step:446/1270 train_time:14723ms step_avg:33.01ms
step:447/1270 train_time:14777ms step_avg:33.06ms
step:448/1270 train_time:14836ms step_avg:33.12ms
step:449/1270 train_time:14888ms step_avg:33.16ms
step:450/1270 train_time:14947ms step_avg:33.21ms
step:451/1270 train_time:15000ms step_avg:33.26ms
step:452/1270 train_time:15060ms step_avg:33.32ms
step:453/1270 train_time:15113ms step_avg:33.36ms
step:454/1270 train_time:15172ms step_avg:33.42ms
step:455/1270 train_time:15225ms step_avg:33.46ms
step:456/1270 train_time:15284ms step_avg:33.52ms
step:457/1270 train_time:15338ms step_avg:33.56ms
step:458/1270 train_time:15396ms step_avg:33.62ms
step:459/1270 train_time:15450ms step_avg:33.66ms
step:460/1270 train_time:15508ms step_avg:33.71ms
step:461/1270 train_time:15562ms step_avg:33.76ms
step:462/1270 train_time:15621ms step_avg:33.81ms
step:463/1270 train_time:15674ms step_avg:33.85ms
step:464/1270 train_time:15732ms step_avg:33.91ms
step:465/1270 train_time:15785ms step_avg:33.95ms
step:466/1270 train_time:15844ms step_avg:34.00ms
step:467/1270 train_time:15895ms step_avg:34.04ms
step:468/1270 train_time:15955ms step_avg:34.09ms
step:469/1270 train_time:16009ms step_avg:34.13ms
step:470/1270 train_time:16067ms step_avg:34.19ms
step:471/1270 train_time:16120ms step_avg:34.23ms
step:472/1270 train_time:16179ms step_avg:34.28ms
step:473/1270 train_time:16233ms step_avg:34.32ms
step:474/1270 train_time:16294ms step_avg:34.38ms
step:475/1270 train_time:16345ms step_avg:34.41ms
step:476/1270 train_time:16403ms step_avg:34.46ms
step:477/1270 train_time:16457ms step_avg:34.50ms
step:478/1270 train_time:16515ms step_avg:34.55ms
step:479/1270 train_time:16569ms step_avg:34.59ms
step:480/1270 train_time:16628ms step_avg:34.64ms
step:481/1270 train_time:16681ms step_avg:34.68ms
step:482/1270 train_time:16740ms step_avg:34.73ms
step:483/1270 train_time:16793ms step_avg:34.77ms
step:484/1270 train_time:16851ms step_avg:34.82ms
step:485/1270 train_time:16904ms step_avg:34.85ms
step:486/1270 train_time:16963ms step_avg:34.90ms
step:487/1270 train_time:17016ms step_avg:34.94ms
step:488/1270 train_time:17075ms step_avg:34.99ms
step:489/1270 train_time:17129ms step_avg:35.03ms
step:490/1270 train_time:17187ms step_avg:35.08ms
step:491/1270 train_time:17241ms step_avg:35.11ms
step:492/1270 train_time:17301ms step_avg:35.16ms
step:493/1270 train_time:17354ms step_avg:35.20ms
step:494/1270 train_time:17413ms step_avg:35.25ms
step:495/1270 train_time:17466ms step_avg:35.28ms
step:496/1270 train_time:17524ms step_avg:35.33ms
step:497/1270 train_time:17577ms step_avg:35.37ms
step:498/1270 train_time:17637ms step_avg:35.42ms
step:499/1270 train_time:17690ms step_avg:35.45ms
step:500/1270 train_time:17748ms step_avg:35.50ms
step:500/1270 val_loss:4.0947 train_time:17812ms step_avg:35.62ms
step:501/1270 train_time:17833ms step_avg:35.59ms
step:502/1270 train_time:17862ms step_avg:35.58ms
step:503/1270 train_time:17918ms step_avg:35.62ms
step:504/1270 train_time:17983ms step_avg:35.68ms
step:505/1270 train_time:18037ms step_avg:35.72ms
step:506/1270 train_time:18096ms step_avg:35.76ms
step:507/1270 train_time:18149ms step_avg:35.80ms
step:508/1270 train_time:18207ms step_avg:35.84ms
step:509/1270 train_time:18260ms step_avg:35.87ms
step:510/1270 train_time:18318ms step_avg:35.92ms
step:511/1270 train_time:18372ms step_avg:35.95ms
step:512/1270 train_time:18429ms step_avg:35.99ms
step:513/1270 train_time:18481ms step_avg:36.03ms
step:514/1270 train_time:18539ms step_avg:36.07ms
step:515/1270 train_time:18592ms step_avg:36.10ms
step:516/1270 train_time:18649ms step_avg:36.14ms
step:517/1270 train_time:18703ms step_avg:36.18ms
step:518/1270 train_time:18761ms step_avg:36.22ms
step:519/1270 train_time:18814ms step_avg:36.25ms
step:520/1270 train_time:18874ms step_avg:36.30ms
step:521/1270 train_time:18929ms step_avg:36.33ms
step:522/1270 train_time:18990ms step_avg:36.38ms
step:523/1270 train_time:19045ms step_avg:36.41ms
step:524/1270 train_time:19104ms step_avg:36.46ms
step:525/1270 train_time:19157ms step_avg:36.49ms
step:526/1270 train_time:19217ms step_avg:36.53ms
step:527/1270 train_time:19270ms step_avg:36.57ms
step:528/1270 train_time:19328ms step_avg:36.61ms
step:529/1270 train_time:19381ms step_avg:36.64ms
step:530/1270 train_time:19439ms step_avg:36.68ms
step:531/1270 train_time:19491ms step_avg:36.71ms
step:532/1270 train_time:19549ms step_avg:36.75ms
step:533/1270 train_time:19602ms step_avg:36.78ms
step:534/1270 train_time:19660ms step_avg:36.82ms
step:535/1270 train_time:19712ms step_avg:36.85ms
step:536/1270 train_time:19772ms step_avg:36.89ms
step:537/1270 train_time:19826ms step_avg:36.92ms
step:538/1270 train_time:19885ms step_avg:36.96ms
step:539/1270 train_time:19939ms step_avg:36.99ms
step:540/1270 train_time:19999ms step_avg:37.04ms
step:541/1270 train_time:20053ms step_avg:37.07ms
step:542/1270 train_time:20112ms step_avg:37.11ms
step:543/1270 train_time:20166ms step_avg:37.14ms
step:544/1270 train_time:20224ms step_avg:37.18ms
step:545/1270 train_time:20277ms step_avg:37.21ms
step:546/1270 train_time:20336ms step_avg:37.24ms
step:547/1270 train_time:20389ms step_avg:37.27ms
step:548/1270 train_time:20446ms step_avg:37.31ms
step:549/1270 train_time:20500ms step_avg:37.34ms
step:550/1270 train_time:20557ms step_avg:37.38ms
step:551/1270 train_time:20610ms step_avg:37.40ms
step:552/1270 train_time:20668ms step_avg:37.44ms
step:553/1270 train_time:20720ms step_avg:37.47ms
step:554/1270 train_time:20780ms step_avg:37.51ms
step:555/1270 train_time:20832ms step_avg:37.53ms
step:556/1270 train_time:20892ms step_avg:37.58ms
step:557/1270 train_time:20946ms step_avg:37.60ms
step:558/1270 train_time:21005ms step_avg:37.64ms
step:559/1270 train_time:21058ms step_avg:37.67ms
step:560/1270 train_time:21118ms step_avg:37.71ms
step:561/1270 train_time:21171ms step_avg:37.74ms
step:562/1270 train_time:21231ms step_avg:37.78ms
step:563/1270 train_time:21284ms step_avg:37.80ms
step:564/1270 train_time:21342ms step_avg:37.84ms
step:565/1270 train_time:21396ms step_avg:37.87ms
step:566/1270 train_time:21454ms step_avg:37.91ms
step:567/1270 train_time:21507ms step_avg:37.93ms
step:568/1270 train_time:21565ms step_avg:37.97ms
step:569/1270 train_time:21617ms step_avg:37.99ms
step:570/1270 train_time:21677ms step_avg:38.03ms
step:571/1270 train_time:21730ms step_avg:38.06ms
step:572/1270 train_time:21788ms step_avg:38.09ms
step:573/1270 train_time:21841ms step_avg:38.12ms
step:574/1270 train_time:21901ms step_avg:38.15ms
step:575/1270 train_time:21953ms step_avg:38.18ms
step:576/1270 train_time:22013ms step_avg:38.22ms
step:577/1270 train_time:22067ms step_avg:38.24ms
step:578/1270 train_time:22126ms step_avg:38.28ms
step:579/1270 train_time:22180ms step_avg:38.31ms
step:580/1270 train_time:22238ms step_avg:38.34ms
step:581/1270 train_time:22292ms step_avg:38.37ms
step:582/1270 train_time:22351ms step_avg:38.40ms
step:583/1270 train_time:22404ms step_avg:38.43ms
step:584/1270 train_time:22463ms step_avg:38.46ms
step:585/1270 train_time:22516ms step_avg:38.49ms
step:586/1270 train_time:22574ms step_avg:38.52ms
step:587/1270 train_time:22627ms step_avg:38.55ms
step:588/1270 train_time:22686ms step_avg:38.58ms
step:589/1270 train_time:22739ms step_avg:38.61ms
step:590/1270 train_time:22798ms step_avg:38.64ms
step:591/1270 train_time:22851ms step_avg:38.67ms
step:592/1270 train_time:22910ms step_avg:38.70ms
step:593/1270 train_time:22963ms step_avg:38.72ms
step:594/1270 train_time:23023ms step_avg:38.76ms
step:595/1270 train_time:23078ms step_avg:38.79ms
step:596/1270 train_time:23136ms step_avg:38.82ms
step:597/1270 train_time:23189ms step_avg:38.84ms
step:598/1270 train_time:23248ms step_avg:38.88ms
step:599/1270 train_time:23301ms step_avg:38.90ms
step:600/1270 train_time:23360ms step_avg:38.93ms
step:601/1270 train_time:23413ms step_avg:38.96ms
step:602/1270 train_time:23472ms step_avg:38.99ms
step:603/1270 train_time:23524ms step_avg:39.01ms
step:604/1270 train_time:23584ms step_avg:39.05ms
step:605/1270 train_time:23636ms step_avg:39.07ms
step:606/1270 train_time:23695ms step_avg:39.10ms
step:607/1270 train_time:23747ms step_avg:39.12ms
step:608/1270 train_time:23807ms step_avg:39.16ms
step:609/1270 train_time:23859ms step_avg:39.18ms
step:610/1270 train_time:23918ms step_avg:39.21ms
step:611/1270 train_time:23972ms step_avg:39.23ms
step:612/1270 train_time:24030ms step_avg:39.27ms
step:613/1270 train_time:24084ms step_avg:39.29ms
step:614/1270 train_time:24143ms step_avg:39.32ms
step:615/1270 train_time:24197ms step_avg:39.34ms
step:616/1270 train_time:24255ms step_avg:39.37ms
step:617/1270 train_time:24309ms step_avg:39.40ms
step:618/1270 train_time:24366ms step_avg:39.43ms
step:619/1270 train_time:24419ms step_avg:39.45ms
step:620/1270 train_time:24478ms step_avg:39.48ms
step:621/1270 train_time:24530ms step_avg:39.50ms
step:622/1270 train_time:24590ms step_avg:39.53ms
step:623/1270 train_time:24643ms step_avg:39.56ms
step:624/1270 train_time:24702ms step_avg:39.59ms
step:625/1270 train_time:24755ms step_avg:39.61ms
step:626/1270 train_time:24814ms step_avg:39.64ms
step:627/1270 train_time:24867ms step_avg:39.66ms
step:628/1270 train_time:24925ms step_avg:39.69ms
step:629/1270 train_time:24978ms step_avg:39.71ms
step:630/1270 train_time:25037ms step_avg:39.74ms
step:631/1270 train_time:25090ms step_avg:39.76ms
step:632/1270 train_time:25151ms step_avg:39.80ms
step:633/1270 train_time:25204ms step_avg:39.82ms
step:634/1270 train_time:25262ms step_avg:39.85ms
step:635/1270 train_time:25315ms step_avg:39.87ms
step:636/1270 train_time:25374ms step_avg:39.90ms
step:637/1270 train_time:25427ms step_avg:39.92ms
step:638/1270 train_time:25485ms step_avg:39.95ms
step:639/1270 train_time:25538ms step_avg:39.97ms
step:640/1270 train_time:25597ms step_avg:39.99ms
step:641/1270 train_time:25650ms step_avg:40.02ms
step:642/1270 train_time:25708ms step_avg:40.04ms
step:643/1270 train_time:25761ms step_avg:40.06ms
step:644/1270 train_time:25820ms step_avg:40.09ms
step:645/1270 train_time:25874ms step_avg:40.11ms
step:646/1270 train_time:25933ms step_avg:40.14ms
step:647/1270 train_time:25986ms step_avg:40.16ms
step:648/1270 train_time:26044ms step_avg:40.19ms
step:649/1270 train_time:26098ms step_avg:40.21ms
step:650/1270 train_time:26157ms step_avg:40.24ms
step:651/1270 train_time:26210ms step_avg:40.26ms
step:652/1270 train_time:26268ms step_avg:40.29ms
step:653/1270 train_time:26321ms step_avg:40.31ms
step:654/1270 train_time:26380ms step_avg:40.34ms
step:655/1270 train_time:26433ms step_avg:40.36ms
step:656/1270 train_time:26492ms step_avg:40.38ms
step:657/1270 train_time:26545ms step_avg:40.40ms
step:658/1270 train_time:26604ms step_avg:40.43ms
step:659/1270 train_time:26656ms step_avg:40.45ms
step:660/1270 train_time:26716ms step_avg:40.48ms
step:661/1270 train_time:26768ms step_avg:40.50ms
step:662/1270 train_time:26827ms step_avg:40.52ms
step:663/1270 train_time:26881ms step_avg:40.54ms
step:664/1270 train_time:26939ms step_avg:40.57ms
step:665/1270 train_time:26993ms step_avg:40.59ms
step:666/1270 train_time:27052ms step_avg:40.62ms
step:667/1270 train_time:27104ms step_avg:40.64ms
step:668/1270 train_time:27163ms step_avg:40.66ms
step:669/1270 train_time:27215ms step_avg:40.68ms
step:670/1270 train_time:27274ms step_avg:40.71ms
step:671/1270 train_time:27327ms step_avg:40.73ms
step:672/1270 train_time:27386ms step_avg:40.75ms
step:673/1270 train_time:27439ms step_avg:40.77ms
step:674/1270 train_time:27497ms step_avg:40.80ms
step:675/1270 train_time:27551ms step_avg:40.82ms
step:676/1270 train_time:27609ms step_avg:40.84ms
step:677/1270 train_time:27662ms step_avg:40.86ms
step:678/1270 train_time:27721ms step_avg:40.89ms
step:679/1270 train_time:27774ms step_avg:40.90ms
step:680/1270 train_time:27834ms step_avg:40.93ms
step:681/1270 train_time:27888ms step_avg:40.95ms
step:682/1270 train_time:27945ms step_avg:40.98ms
step:683/1270 train_time:27999ms step_avg:40.99ms
step:684/1270 train_time:28059ms step_avg:41.02ms
step:685/1270 train_time:28112ms step_avg:41.04ms
step:686/1270 train_time:28171ms step_avg:41.07ms
step:687/1270 train_time:28224ms step_avg:41.08ms
step:688/1270 train_time:28283ms step_avg:41.11ms
step:689/1270 train_time:28336ms step_avg:41.13ms
step:690/1270 train_time:28397ms step_avg:41.16ms
step:691/1270 train_time:28449ms step_avg:41.17ms
step:692/1270 train_time:28507ms step_avg:41.20ms
step:693/1270 train_time:28560ms step_avg:41.21ms
step:694/1270 train_time:28618ms step_avg:41.24ms
step:695/1270 train_time:28672ms step_avg:41.25ms
step:696/1270 train_time:28730ms step_avg:41.28ms
step:697/1270 train_time:28783ms step_avg:41.30ms
step:698/1270 train_time:28842ms step_avg:41.32ms
step:699/1270 train_time:28895ms step_avg:41.34ms
step:700/1270 train_time:28954ms step_avg:41.36ms
step:701/1270 train_time:29007ms step_avg:41.38ms
step:702/1270 train_time:29065ms step_avg:41.40ms
step:703/1270 train_time:29119ms step_avg:41.42ms
step:704/1270 train_time:29178ms step_avg:41.45ms
step:705/1270 train_time:29230ms step_avg:41.46ms
step:706/1270 train_time:29289ms step_avg:41.49ms
step:707/1270 train_time:29343ms step_avg:41.50ms
step:708/1270 train_time:29401ms step_avg:41.53ms
step:709/1270 train_time:29454ms step_avg:41.54ms
step:710/1270 train_time:29513ms step_avg:41.57ms
step:711/1270 train_time:29566ms step_avg:41.58ms
step:712/1270 train_time:29624ms step_avg:41.61ms
step:713/1270 train_time:29677ms step_avg:41.62ms
step:714/1270 train_time:29736ms step_avg:41.65ms
step:715/1270 train_time:29789ms step_avg:41.66ms
step:716/1270 train_time:29848ms step_avg:41.69ms
step:717/1270 train_time:29902ms step_avg:41.70ms
step:718/1270 train_time:29961ms step_avg:41.73ms
step:719/1270 train_time:30013ms step_avg:41.74ms
step:720/1270 train_time:30073ms step_avg:41.77ms
step:721/1270 train_time:30126ms step_avg:41.78ms
step:722/1270 train_time:30186ms step_avg:41.81ms
step:723/1270 train_time:30237ms step_avg:41.82ms
step:724/1270 train_time:30296ms step_avg:41.85ms
step:725/1270 train_time:30348ms step_avg:41.86ms
step:726/1270 train_time:30407ms step_avg:41.88ms
step:727/1270 train_time:30459ms step_avg:41.90ms
step:728/1270 train_time:30518ms step_avg:41.92ms
step:729/1270 train_time:30572ms step_avg:41.94ms
step:730/1270 train_time:30631ms step_avg:41.96ms
step:731/1270 train_time:30684ms step_avg:41.98ms
step:732/1270 train_time:30743ms step_avg:42.00ms
step:733/1270 train_time:30796ms step_avg:42.01ms
step:734/1270 train_time:30855ms step_avg:42.04ms
step:735/1270 train_time:30908ms step_avg:42.05ms
step:736/1270 train_time:30966ms step_avg:42.07ms
step:737/1270 train_time:31019ms step_avg:42.09ms
step:738/1270 train_time:31078ms step_avg:42.11ms
step:739/1270 train_time:31131ms step_avg:42.13ms
step:740/1270 train_time:31190ms step_avg:42.15ms
step:741/1270 train_time:31243ms step_avg:42.16ms
step:742/1270 train_time:31302ms step_avg:42.19ms
step:743/1270 train_time:31355ms step_avg:42.20ms
step:744/1270 train_time:31414ms step_avg:42.22ms
step:745/1270 train_time:31468ms step_avg:42.24ms
step:746/1270 train_time:31526ms step_avg:42.26ms
step:747/1270 train_time:31580ms step_avg:42.28ms
step:748/1270 train_time:31638ms step_avg:42.30ms
step:749/1270 train_time:31691ms step_avg:42.31ms
step:750/1270 train_time:31750ms step_avg:42.33ms
step:750/1270 val_loss:3.6733 train_time:31813ms step_avg:42.42ms
step:751/1270 train_time:31834ms step_avg:42.39ms
step:752/1270 train_time:31864ms step_avg:42.37ms
step:753/1270 train_time:31918ms step_avg:42.39ms
step:754/1270 train_time:31980ms step_avg:42.41ms
step:755/1270 train_time:32034ms step_avg:42.43ms
step:756/1270 train_time:32093ms step_avg:42.45ms
step:757/1270 train_time:32146ms step_avg:42.47ms
step:758/1270 train_time:32204ms step_avg:42.49ms
step:759/1270 train_time:32256ms step_avg:42.50ms
step:760/1270 train_time:32314ms step_avg:42.52ms
step:761/1270 train_time:32366ms step_avg:42.53ms
step:762/1270 train_time:32425ms step_avg:42.55ms
step:763/1270 train_time:32478ms step_avg:42.57ms
step:764/1270 train_time:32536ms step_avg:42.59ms
step:765/1270 train_time:32589ms step_avg:42.60ms
step:766/1270 train_time:32647ms step_avg:42.62ms
step:767/1270 train_time:32701ms step_avg:42.64ms
step:768/1270 train_time:32760ms step_avg:42.66ms
step:769/1270 train_time:32814ms step_avg:42.67ms
step:770/1270 train_time:32873ms step_avg:42.69ms
step:771/1270 train_time:32927ms step_avg:42.71ms
step:772/1270 train_time:32987ms step_avg:42.73ms
step:773/1270 train_time:33041ms step_avg:42.74ms
step:774/1270 train_time:33100ms step_avg:42.77ms
step:775/1270 train_time:33153ms step_avg:42.78ms
step:776/1270 train_time:33212ms step_avg:42.80ms
step:777/1270 train_time:33264ms step_avg:42.81ms
step:778/1270 train_time:33323ms step_avg:42.83ms
step:779/1270 train_time:33376ms step_avg:42.84ms
step:780/1270 train_time:33434ms step_avg:42.86ms
step:781/1270 train_time:33487ms step_avg:42.88ms
step:782/1270 train_time:33544ms step_avg:42.90ms
step:783/1270 train_time:33597ms step_avg:42.91ms
step:784/1270 train_time:33655ms step_avg:42.93ms
step:785/1270 train_time:33709ms step_avg:42.94ms
step:786/1270 train_time:33768ms step_avg:42.96ms
step:787/1270 train_time:33823ms step_avg:42.98ms
step:788/1270 train_time:33882ms step_avg:43.00ms
step:789/1270 train_time:33935ms step_avg:43.01ms
step:790/1270 train_time:33994ms step_avg:43.03ms
step:791/1270 train_time:34048ms step_avg:43.04ms
step:792/1270 train_time:34107ms step_avg:43.06ms
step:793/1270 train_time:34160ms step_avg:43.08ms
step:794/1270 train_time:34220ms step_avg:43.10ms
step:795/1270 train_time:34272ms step_avg:43.11ms
step:796/1270 train_time:34331ms step_avg:43.13ms
step:797/1270 train_time:34383ms step_avg:43.14ms
step:798/1270 train_time:34443ms step_avg:43.16ms
step:799/1270 train_time:34496ms step_avg:43.17ms
step:800/1270 train_time:34554ms step_avg:43.19ms
step:801/1270 train_time:34607ms step_avg:43.20ms
step:802/1270 train_time:34665ms step_avg:43.22ms
step:803/1270 train_time:34717ms step_avg:43.23ms
step:804/1270 train_time:34777ms step_avg:43.26ms
step:805/1270 train_time:34831ms step_avg:43.27ms
step:806/1270 train_time:34890ms step_avg:43.29ms
step:807/1270 train_time:34944ms step_avg:43.30ms
step:808/1270 train_time:35003ms step_avg:43.32ms
step:809/1270 train_time:35055ms step_avg:43.33ms
step:810/1270 train_time:35114ms step_avg:43.35ms
step:811/1270 train_time:35167ms step_avg:43.36ms
step:812/1270 train_time:35227ms step_avg:43.38ms
step:813/1270 train_time:35280ms step_avg:43.40ms
step:814/1270 train_time:35339ms step_avg:43.41ms
step:815/1270 train_time:35393ms step_avg:43.43ms
step:816/1270 train_time:35451ms step_avg:43.44ms
step:817/1270 train_time:35504ms step_avg:43.46ms
step:818/1270 train_time:35563ms step_avg:43.47ms
step:819/1270 train_time:35615ms step_avg:43.49ms
step:820/1270 train_time:35673ms step_avg:43.50ms
step:821/1270 train_time:35729ms step_avg:43.52ms
step:822/1270 train_time:35816ms step_avg:43.57ms
step:823/1270 train_time:35893ms step_avg:43.61ms
step:824/1270 train_time:35978ms step_avg:43.66ms
step:825/1270 train_time:36058ms step_avg:43.71ms
step:826/1270 train_time:36143ms step_avg:43.76ms
step:827/1270 train_time:36221ms step_avg:43.80ms
step:828/1270 train_time:36305ms step_avg:43.85ms
step:829/1270 train_time:36383ms step_avg:43.89ms
step:830/1270 train_time:36467ms step_avg:43.94ms
step:831/1270 train_time:36546ms step_avg:43.98ms
step:832/1270 train_time:36631ms step_avg:44.03ms
step:833/1270 train_time:36708ms step_avg:44.07ms
step:834/1270 train_time:36791ms step_avg:44.11ms
step:835/1270 train_time:36872ms step_avg:44.16ms
step:836/1270 train_time:36955ms step_avg:44.20ms
step:837/1270 train_time:37035ms step_avg:44.25ms
step:838/1270 train_time:37121ms step_avg:44.30ms
step:839/1270 train_time:37199ms step_avg:44.34ms
step:840/1270 train_time:37283ms step_avg:44.38ms
step:841/1270 train_time:37363ms step_avg:44.43ms
step:842/1270 train_time:37447ms step_avg:44.47ms
step:843/1270 train_time:37527ms step_avg:44.52ms
step:844/1270 train_time:37611ms step_avg:44.56ms
step:845/1270 train_time:37689ms step_avg:44.60ms
step:846/1270 train_time:37772ms step_avg:44.65ms
step:847/1270 train_time:37851ms step_avg:44.69ms
step:848/1270 train_time:37936ms step_avg:44.74ms
step:849/1270 train_time:38014ms step_avg:44.78ms
step:850/1270 train_time:38097ms step_avg:44.82ms
step:851/1270 train_time:38177ms step_avg:44.86ms
step:852/1270 train_time:38262ms step_avg:44.91ms
step:853/1270 train_time:38341ms step_avg:44.95ms
step:854/1270 train_time:38426ms step_avg:45.00ms
step:855/1270 train_time:38504ms step_avg:45.03ms
step:856/1270 train_time:38588ms step_avg:45.08ms
step:857/1270 train_time:38668ms step_avg:45.12ms
step:858/1270 train_time:38751ms step_avg:45.16ms
step:859/1270 train_time:38829ms step_avg:45.20ms
step:860/1270 train_time:38912ms step_avg:45.25ms
step:861/1270 train_time:38990ms step_avg:45.28ms
step:862/1270 train_time:39074ms step_avg:45.33ms
step:863/1270 train_time:39151ms step_avg:45.37ms
step:864/1270 train_time:39237ms step_avg:45.41ms
step:865/1270 train_time:39317ms step_avg:45.45ms
step:866/1270 train_time:39402ms step_avg:45.50ms
step:867/1270 train_time:39482ms step_avg:45.54ms
step:868/1270 train_time:39567ms step_avg:45.58ms
step:869/1270 train_time:39646ms step_avg:45.62ms
step:870/1270 train_time:39730ms step_avg:45.67ms
step:871/1270 train_time:39808ms step_avg:45.70ms
step:872/1270 train_time:39891ms step_avg:45.75ms
step:873/1270 train_time:39971ms step_avg:45.79ms
step:874/1270 train_time:40054ms step_avg:45.83ms
step:875/1270 train_time:40132ms step_avg:45.87ms
step:876/1270 train_time:40217ms step_avg:45.91ms
step:877/1270 train_time:40294ms step_avg:45.95ms
step:878/1270 train_time:40380ms step_avg:45.99ms
step:879/1270 train_time:40460ms step_avg:46.03ms
step:880/1270 train_time:40547ms step_avg:46.08ms
step:881/1270 train_time:40627ms step_avg:46.11ms
step:882/1270 train_time:40710ms step_avg:46.16ms
step:883/1270 train_time:40789ms step_avg:46.19ms
step:884/1270 train_time:40873ms step_avg:46.24ms
step:885/1270 train_time:40951ms step_avg:46.27ms
step:886/1270 train_time:41035ms step_avg:46.31ms
step:887/1270 train_time:41114ms step_avg:46.35ms
step:888/1270 train_time:41197ms step_avg:46.39ms
step:889/1270 train_time:41276ms step_avg:46.43ms
step:890/1270 train_time:41360ms step_avg:46.47ms
step:891/1270 train_time:41441ms step_avg:46.51ms
step:892/1270 train_time:41528ms step_avg:46.56ms
step:893/1270 train_time:41605ms step_avg:46.59ms
step:894/1270 train_time:41688ms step_avg:46.63ms
step:895/1270 train_time:41768ms step_avg:46.67ms
step:896/1270 train_time:41853ms step_avg:46.71ms
step:897/1270 train_time:41930ms step_avg:46.75ms
step:898/1270 train_time:42014ms step_avg:46.79ms
step:899/1270 train_time:42091ms step_avg:46.82ms
step:900/1270 train_time:42175ms step_avg:46.86ms
step:901/1270 train_time:42254ms step_avg:46.90ms
step:902/1270 train_time:42339ms step_avg:46.94ms
step:903/1270 train_time:42418ms step_avg:46.97ms
step:904/1270 train_time:42503ms step_avg:47.02ms
step:905/1270 train_time:42582ms step_avg:47.05ms
step:906/1270 train_time:42667ms step_avg:47.09ms
step:907/1270 train_time:42747ms step_avg:47.13ms
step:908/1270 train_time:42831ms step_avg:47.17ms
step:909/1270 train_time:42909ms step_avg:47.20ms
step:910/1270 train_time:42993ms step_avg:47.24ms
step:911/1270 train_time:43072ms step_avg:47.28ms
step:912/1270 train_time:43156ms step_avg:47.32ms
step:913/1270 train_time:43233ms step_avg:47.35ms
step:914/1270 train_time:43317ms step_avg:47.39ms
step:915/1270 train_time:43397ms step_avg:47.43ms
step:916/1270 train_time:43483ms step_avg:47.47ms
step:917/1270 train_time:43563ms step_avg:47.51ms
step:918/1270 train_time:43649ms step_avg:47.55ms
step:919/1270 train_time:43729ms step_avg:47.58ms
step:920/1270 train_time:43812ms step_avg:47.62ms
step:921/1270 train_time:43890ms step_avg:47.66ms
step:922/1270 train_time:43975ms step_avg:47.69ms
step:923/1270 train_time:44053ms step_avg:47.73ms
step:924/1270 train_time:44137ms step_avg:47.77ms
step:925/1270 train_time:44215ms step_avg:47.80ms
step:926/1270 train_time:44299ms step_avg:47.84ms
step:927/1270 train_time:44378ms step_avg:47.87ms
step:928/1270 train_time:44463ms step_avg:47.91ms
step:929/1270 train_time:44545ms step_avg:47.95ms
step:930/1270 train_time:44631ms step_avg:47.99ms
step:931/1270 train_time:44710ms step_avg:48.02ms
step:932/1270 train_time:44793ms step_avg:48.06ms
step:933/1270 train_time:44870ms step_avg:48.09ms
step:934/1270 train_time:44954ms step_avg:48.13ms
step:935/1270 train_time:45033ms step_avg:48.16ms
step:936/1270 train_time:45116ms step_avg:48.20ms
step:937/1270 train_time:45193ms step_avg:48.23ms
step:938/1270 train_time:45277ms step_avg:48.27ms
step:939/1270 train_time:45356ms step_avg:48.30ms
step:940/1270 train_time:45440ms step_avg:48.34ms
step:941/1270 train_time:45521ms step_avg:48.38ms
step:942/1270 train_time:45607ms step_avg:48.42ms
step:943/1270 train_time:45686ms step_avg:48.45ms
step:944/1270 train_time:45771ms step_avg:48.49ms
step:945/1270 train_time:45849ms step_avg:48.52ms
step:946/1270 train_time:45933ms step_avg:48.55ms
step:947/1270 train_time:46011ms step_avg:48.59ms
step:948/1270 train_time:46093ms step_avg:48.62ms
step:949/1270 train_time:46173ms step_avg:48.65ms
step:950/1270 train_time:46256ms step_avg:48.69ms
step:951/1270 train_time:46334ms step_avg:48.72ms
step:952/1270 train_time:46419ms step_avg:48.76ms
step:953/1270 train_time:46498ms step_avg:48.79ms
step:954/1270 train_time:46584ms step_avg:48.83ms
step:955/1270 train_time:46664ms step_avg:48.86ms
step:956/1270 train_time:46749ms step_avg:48.90ms
step:957/1270 train_time:46829ms step_avg:48.93ms
step:958/1270 train_time:46911ms step_avg:48.97ms
step:959/1270 train_time:46989ms step_avg:49.00ms
step:960/1270 train_time:47073ms step_avg:49.03ms
step:961/1270 train_time:47151ms step_avg:49.06ms
step:962/1270 train_time:47235ms step_avg:49.10ms
step:963/1270 train_time:47312ms step_avg:49.13ms
step:964/1270 train_time:47395ms step_avg:49.16ms
step:965/1270 train_time:47473ms step_avg:49.19ms
step:966/1270 train_time:47559ms step_avg:49.23ms
step:967/1270 train_time:47638ms step_avg:49.26ms
step:968/1270 train_time:47723ms step_avg:49.30ms
step:969/1270 train_time:47803ms step_avg:49.33ms
step:970/1270 train_time:47888ms step_avg:49.37ms
step:971/1270 train_time:47967ms step_avg:49.40ms
step:972/1270 train_time:48051ms step_avg:49.44ms
step:973/1270 train_time:48130ms step_avg:49.47ms
step:974/1270 train_time:48213ms step_avg:49.50ms
step:975/1270 train_time:48291ms step_avg:49.53ms
step:976/1270 train_time:48374ms step_avg:49.56ms
step:977/1270 train_time:48453ms step_avg:49.59ms
step:978/1270 train_time:48538ms step_avg:49.63ms
step:979/1270 train_time:48617ms step_avg:49.66ms
step:980/1270 train_time:48702ms step_avg:49.70ms
step:981/1270 train_time:48783ms step_avg:49.73ms
step:982/1270 train_time:48867ms step_avg:49.76ms
step:983/1270 train_time:48946ms step_avg:49.79ms
step:984/1270 train_time:49030ms step_avg:49.83ms
step:985/1270 train_time:49109ms step_avg:49.86ms
step:986/1270 train_time:49192ms step_avg:49.89ms
step:987/1270 train_time:49271ms step_avg:49.92ms
step:988/1270 train_time:49355ms step_avg:49.95ms
step:989/1270 train_time:49433ms step_avg:49.98ms
step:990/1270 train_time:49516ms step_avg:50.02ms
step:991/1270 train_time:49593ms step_avg:50.04ms
step:992/1270 train_time:49679ms step_avg:50.08ms
step:993/1270 train_time:49759ms step_avg:50.11ms
step:994/1270 train_time:49843ms step_avg:50.14ms
step:995/1270 train_time:49923ms step_avg:50.17ms
step:996/1270 train_time:50009ms step_avg:50.21ms
step:997/1270 train_time:50087ms step_avg:50.24ms
step:998/1270 train_time:50171ms step_avg:50.27ms
step:999/1270 train_time:50249ms step_avg:50.30ms
step:1000/1270 train_time:50332ms step_avg:50.33ms
step:1000/1270 val_loss:3.4388 train_time:50420ms step_avg:50.42ms
step:1001/1270 train_time:50444ms step_avg:50.39ms
step:1002/1270 train_time:50497ms step_avg:50.40ms
step:1003/1270 train_time:50578ms step_avg:50.43ms
step:1004/1270 train_time:50666ms step_avg:50.46ms
step:1005/1270 train_time:50745ms step_avg:50.49ms
step:1006/1270 train_time:50831ms step_avg:50.53ms
step:1007/1270 train_time:50908ms step_avg:50.55ms
step:1008/1270 train_time:50992ms step_avg:50.59ms
step:1009/1270 train_time:51070ms step_avg:50.61ms
step:1010/1270 train_time:51154ms step_avg:50.65ms
step:1011/1270 train_time:51232ms step_avg:50.67ms
step:1012/1270 train_time:51315ms step_avg:50.71ms
step:1013/1270 train_time:51395ms step_avg:50.74ms
step:1014/1270 train_time:51479ms step_avg:50.77ms
step:1015/1270 train_time:51559ms step_avg:50.80ms
step:1016/1270 train_time:51644ms step_avg:50.83ms
step:1017/1270 train_time:51722ms step_avg:50.86ms
step:1018/1270 train_time:51809ms step_avg:50.89ms
step:1019/1270 train_time:51887ms step_avg:50.92ms
step:1020/1270 train_time:51972ms step_avg:50.95ms
step:1021/1270 train_time:52051ms step_avg:50.98ms
step:1022/1270 train_time:52133ms step_avg:51.01ms
step:1023/1270 train_time:52212ms step_avg:51.04ms
step:1024/1270 train_time:52296ms step_avg:51.07ms
step:1025/1270 train_time:52375ms step_avg:51.10ms
step:1026/1270 train_time:52461ms step_avg:51.13ms
step:1027/1270 train_time:52539ms step_avg:51.16ms
step:1028/1270 train_time:52622ms step_avg:51.19ms
step:1029/1270 train_time:52701ms step_avg:51.22ms
step:1030/1270 train_time:52786ms step_avg:51.25ms
step:1031/1270 train_time:52865ms step_avg:51.28ms
step:1032/1270 train_time:52949ms step_avg:51.31ms
step:1033/1270 train_time:53027ms step_avg:51.33ms
step:1034/1270 train_time:53111ms step_avg:51.36ms
step:1035/1270 train_time:53189ms step_avg:51.39ms
step:1036/1270 train_time:53273ms step_avg:51.42ms
step:1037/1270 train_time:53352ms step_avg:51.45ms
step:1038/1270 train_time:53436ms step_avg:51.48ms
step:1039/1270 train_time:53514ms step_avg:51.51ms
step:1040/1270 train_time:53598ms step_avg:51.54ms
step:1041/1270 train_time:53676ms step_avg:51.56ms
step:1042/1270 train_time:53762ms step_avg:51.59ms
step:1043/1270 train_time:53838ms step_avg:51.62ms
step:1044/1270 train_time:53923ms step_avg:51.65ms
step:1045/1270 train_time:54003ms step_avg:51.68ms
step:1046/1270 train_time:54087ms step_avg:51.71ms
step:1047/1270 train_time:54166ms step_avg:51.73ms
step:1048/1270 train_time:54251ms step_avg:51.77ms
step:1049/1270 train_time:54329ms step_avg:51.79ms
step:1050/1270 train_time:54415ms step_avg:51.82ms
step:1051/1270 train_time:54495ms step_avg:51.85ms
step:1052/1270 train_time:54579ms step_avg:51.88ms
step:1053/1270 train_time:54658ms step_avg:51.91ms
step:1054/1270 train_time:54742ms step_avg:51.94ms
step:1055/1270 train_time:54818ms step_avg:51.96ms
step:1056/1270 train_time:54903ms step_avg:51.99ms
step:1057/1270 train_time:54981ms step_avg:52.02ms
step:1058/1270 train_time:55066ms step_avg:52.05ms
step:1059/1270 train_time:55146ms step_avg:52.07ms
step:1060/1270 train_time:55231ms step_avg:52.10ms
step:1061/1270 train_time:55314ms step_avg:52.13ms
step:1062/1270 train_time:55397ms step_avg:52.16ms
step:1063/1270 train_time:55475ms step_avg:52.19ms
step:1064/1270 train_time:55561ms step_avg:52.22ms
step:1065/1270 train_time:55640ms step_avg:52.24ms
step:1066/1270 train_time:55722ms step_avg:52.27ms
step:1067/1270 train_time:55802ms step_avg:52.30ms
step:1068/1270 train_time:55886ms step_avg:52.33ms
step:1069/1270 train_time:55964ms step_avg:52.35ms
step:1070/1270 train_time:56047ms step_avg:52.38ms
step:1071/1270 train_time:56128ms step_avg:52.41ms
step:1072/1270 train_time:56214ms step_avg:52.44ms
step:1073/1270 train_time:56293ms step_avg:52.46ms
step:1074/1270 train_time:56378ms step_avg:52.49ms
step:1075/1270 train_time:56458ms step_avg:52.52ms
step:1076/1270 train_time:56542ms step_avg:52.55ms
step:1077/1270 train_time:56620ms step_avg:52.57ms
step:1078/1270 train_time:56705ms step_avg:52.60ms
step:1079/1270 train_time:56783ms step_avg:52.63ms
step:1080/1270 train_time:56866ms step_avg:52.65ms
step:1081/1270 train_time:56945ms step_avg:52.68ms
step:1082/1270 train_time:57031ms step_avg:52.71ms
step:1083/1270 train_time:57109ms step_avg:52.73ms
step:1084/1270 train_time:57193ms step_avg:52.76ms
step:1085/1270 train_time:57272ms step_avg:52.79ms
step:1086/1270 train_time:57357ms step_avg:52.81ms
step:1087/1270 train_time:57435ms step_avg:52.84ms
step:1088/1270 train_time:57519ms step_avg:52.87ms
step:1089/1270 train_time:57597ms step_avg:52.89ms
step:1090/1270 train_time:57680ms step_avg:52.92ms
step:1091/1270 train_time:57758ms step_avg:52.94ms
step:1092/1270 train_time:57842ms step_avg:52.97ms
step:1093/1270 train_time:57919ms step_avg:52.99ms
step:1094/1270 train_time:58004ms step_avg:53.02ms
step:1095/1270 train_time:58083ms step_avg:53.04ms
step:1096/1270 train_time:58168ms step_avg:53.07ms
step:1097/1270 train_time:58248ms step_avg:53.10ms
step:1098/1270 train_time:58332ms step_avg:53.13ms
step:1099/1270 train_time:58411ms step_avg:53.15ms
step:1100/1270 train_time:58496ms step_avg:53.18ms
step:1101/1270 train_time:58576ms step_avg:53.20ms
step:1102/1270 train_time:58659ms step_avg:53.23ms
step:1103/1270 train_time:58738ms step_avg:53.25ms
step:1104/1270 train_time:58821ms step_avg:53.28ms
step:1105/1270 train_time:58898ms step_avg:53.30ms
step:1106/1270 train_time:58982ms step_avg:53.33ms
step:1107/1270 train_time:59062ms step_avg:53.35ms
step:1108/1270 train_time:59147ms step_avg:53.38ms
step:1109/1270 train_time:59226ms step_avg:53.41ms
step:1110/1270 train_time:59312ms step_avg:53.43ms
step:1111/1270 train_time:59392ms step_avg:53.46ms
step:1112/1270 train_time:59476ms step_avg:53.49ms
step:1113/1270 train_time:59556ms step_avg:53.51ms
step:1114/1270 train_time:59639ms step_avg:53.54ms
step:1115/1270 train_time:59718ms step_avg:53.56ms
step:1116/1270 train_time:59802ms step_avg:53.59ms
step:1117/1270 train_time:59878ms step_avg:53.61ms
step:1118/1270 train_time:59962ms step_avg:53.63ms
step:1119/1270 train_time:60042ms step_avg:53.66ms
step:1120/1270 train_time:60126ms step_avg:53.68ms
step:1121/1270 train_time:60205ms step_avg:53.71ms
step:1122/1270 train_time:60293ms step_avg:53.74ms
step:1123/1270 train_time:60372ms step_avg:53.76ms
step:1124/1270 train_time:60456ms step_avg:53.79ms
step:1125/1270 train_time:60535ms step_avg:53.81ms
step:1126/1270 train_time:60617ms step_avg:53.83ms
step:1127/1270 train_time:60696ms step_avg:53.86ms
step:1128/1270 train_time:60780ms step_avg:53.88ms
step:1129/1270 train_time:60857ms step_avg:53.90ms
step:1130/1270 train_time:60942ms step_avg:53.93ms
step:1131/1270 train_time:61020ms step_avg:53.95ms
step:1132/1270 train_time:61103ms step_avg:53.98ms
step:1133/1270 train_time:61182ms step_avg:54.00ms
step:1134/1270 train_time:61268ms step_avg:54.03ms
step:1135/1270 train_time:61348ms step_avg:54.05ms
step:1136/1270 train_time:61434ms step_avg:54.08ms
step:1137/1270 train_time:61512ms step_avg:54.10ms
step:1138/1270 train_time:61598ms step_avg:54.13ms
step:1139/1270 train_time:61677ms step_avg:54.15ms
step:1140/1270 train_time:61761ms step_avg:54.18ms
step:1141/1270 train_time:61839ms step_avg:54.20ms
step:1142/1270 train_time:61922ms step_avg:54.22ms
step:1143/1270 train_time:61999ms step_avg:54.24ms
step:1144/1270 train_time:62083ms step_avg:54.27ms
step:1145/1270 train_time:62162ms step_avg:54.29ms
step:1146/1270 train_time:62248ms step_avg:54.32ms
step:1147/1270 train_time:62328ms step_avg:54.34ms
step:1148/1270 train_time:62413ms step_avg:54.37ms
step:1149/1270 train_time:62494ms step_avg:54.39ms
step:1150/1270 train_time:62578ms step_avg:54.42ms
step:1151/1270 train_time:62657ms step_avg:54.44ms
step:1152/1270 train_time:62740ms step_avg:54.46ms
step:1153/1270 train_time:62817ms step_avg:54.48ms
step:1154/1270 train_time:62901ms step_avg:54.51ms
step:1155/1270 train_time:62979ms step_avg:54.53ms
step:1156/1270 train_time:63064ms step_avg:54.55ms
step:1157/1270 train_time:63141ms step_avg:54.57ms
step:1158/1270 train_time:63224ms step_avg:54.60ms
step:1159/1270 train_time:63304ms step_avg:54.62ms
step:1160/1270 train_time:63391ms step_avg:54.65ms
step:1161/1270 train_time:63470ms step_avg:54.67ms
step:1162/1270 train_time:63555ms step_avg:54.69ms
step:1163/1270 train_time:63633ms step_avg:54.71ms
step:1164/1270 train_time:63717ms step_avg:54.74ms
step:1165/1270 train_time:63796ms step_avg:54.76ms
step:1166/1270 train_time:63879ms step_avg:54.78ms
step:1167/1270 train_time:63956ms step_avg:54.80ms
step:1168/1270 train_time:64039ms step_avg:54.83ms
step:1169/1270 train_time:64118ms step_avg:54.85ms
step:1170/1270 train_time:64205ms step_avg:54.88ms
step:1171/1270 train_time:64284ms step_avg:54.90ms
step:1172/1270 train_time:64368ms step_avg:54.92ms
step:1173/1270 train_time:64448ms step_avg:54.94ms
step:1174/1270 train_time:64534ms step_avg:54.97ms
step:1175/1270 train_time:64611ms step_avg:54.99ms
step:1176/1270 train_time:64697ms step_avg:55.01ms
step:1177/1270 train_time:64776ms step_avg:55.04ms
step:1178/1270 train_time:64859ms step_avg:55.06ms
step:1179/1270 train_time:64938ms step_avg:55.08ms
step:1180/1270 train_time:65021ms step_avg:55.10ms
step:1181/1270 train_time:65101ms step_avg:55.12ms
step:1182/1270 train_time:65185ms step_avg:55.15ms
step:1183/1270 train_time:65264ms step_avg:55.17ms
step:1184/1270 train_time:65349ms step_avg:55.19ms
step:1185/1270 train_time:65427ms step_avg:55.21ms
step:1186/1270 train_time:65513ms step_avg:55.24ms
step:1187/1270 train_time:65592ms step_avg:55.26ms
step:1188/1270 train_time:65676ms step_avg:55.28ms
step:1189/1270 train_time:65757ms step_avg:55.30ms
step:1190/1270 train_time:65842ms step_avg:55.33ms
step:1191/1270 train_time:65919ms step_avg:55.35ms
step:1192/1270 train_time:66002ms step_avg:55.37ms
step:1193/1270 train_time:66080ms step_avg:55.39ms
step:1194/1270 train_time:66164ms step_avg:55.41ms
step:1195/1270 train_time:66243ms step_avg:55.43ms
step:1196/1270 train_time:66325ms step_avg:55.46ms
step:1197/1270 train_time:66404ms step_avg:55.48ms
step:1198/1270 train_time:66491ms step_avg:55.50ms
step:1199/1270 train_time:66570ms step_avg:55.52ms
step:1200/1270 train_time:66655ms step_avg:55.55ms
step:1201/1270 train_time:66734ms step_avg:55.57ms
step:1202/1270 train_time:66817ms step_avg:55.59ms
step:1203/1270 train_time:66897ms step_avg:55.61ms
step:1204/1270 train_time:66979ms step_avg:55.63ms
step:1205/1270 train_time:67057ms step_avg:55.65ms
step:1206/1270 train_time:67140ms step_avg:55.67ms
step:1207/1270 train_time:67218ms step_avg:55.69ms
step:1208/1270 train_time:67302ms step_avg:55.71ms
step:1209/1270 train_time:67380ms step_avg:55.73ms
step:1210/1270 train_time:67464ms step_avg:55.76ms
step:1211/1270 train_time:67547ms step_avg:55.78ms
step:1212/1270 train_time:67633ms step_avg:55.80ms
step:1213/1270 train_time:67711ms step_avg:55.82ms
step:1214/1270 train_time:67796ms step_avg:55.85ms
step:1215/1270 train_time:67874ms step_avg:55.86ms
step:1216/1270 train_time:67959ms step_avg:55.89ms
step:1217/1270 train_time:68036ms step_avg:55.90ms
step:1218/1270 train_time:68119ms step_avg:55.93ms
step:1219/1270 train_time:68198ms step_avg:55.95ms
step:1220/1270 train_time:68281ms step_avg:55.97ms
step:1221/1270 train_time:68360ms step_avg:55.99ms
step:1222/1270 train_time:68444ms step_avg:56.01ms
step:1223/1270 train_time:68522ms step_avg:56.03ms
step:1224/1270 train_time:68606ms step_avg:56.05ms
step:1225/1270 train_time:68687ms step_avg:56.07ms
step:1226/1270 train_time:68773ms step_avg:56.10ms
step:1227/1270 train_time:68852ms step_avg:56.11ms
step:1228/1270 train_time:68938ms step_avg:56.14ms
step:1229/1270 train_time:69015ms step_avg:56.16ms
step:1230/1270 train_time:69100ms step_avg:56.18ms
step:1231/1270 train_time:69179ms step_avg:56.20ms
step:1232/1270 train_time:69268ms step_avg:56.22ms
step:1233/1270 train_time:69348ms step_avg:56.24ms
step:1234/1270 train_time:69432ms step_avg:56.27ms
step:1235/1270 train_time:69510ms step_avg:56.28ms
step:1236/1270 train_time:69595ms step_avg:56.31ms
step:1237/1270 train_time:69675ms step_avg:56.33ms
step:1238/1270 train_time:69760ms step_avg:56.35ms
step:1239/1270 train_time:69838ms step_avg:56.37ms
step:1240/1270 train_time:69922ms step_avg:56.39ms
step:1241/1270 train_time:70002ms step_avg:56.41ms
step:1242/1270 train_time:70087ms step_avg:56.43ms
step:1243/1270 train_time:70166ms step_avg:56.45ms
step:1244/1270 train_time:70251ms step_avg:56.47ms
step:1245/1270 train_time:70330ms step_avg:56.49ms
step:1246/1270 train_time:70413ms step_avg:56.51ms
step:1247/1270 train_time:70492ms step_avg:56.53ms
step:1248/1270 train_time:70576ms step_avg:56.55ms
step:1249/1270 train_time:70656ms step_avg:56.57ms
step:1250/1270 train_time:70741ms step_avg:56.59ms
step:1250/1270 val_loss:3.3157 train_time:70830ms step_avg:56.66ms
step:1251/1270 train_time:70851ms step_avg:56.64ms
step:1252/1270 train_time:70908ms step_avg:56.64ms
step:1253/1270 train_time:70990ms step_avg:56.66ms
step:1254/1270 train_time:71076ms step_avg:56.68ms
step:1255/1270 train_time:71156ms step_avg:56.70ms
step:1256/1270 train_time:71241ms step_avg:56.72ms
step:1257/1270 train_time:71320ms step_avg:56.74ms
step:1258/1270 train_time:71404ms step_avg:56.76ms
step:1259/1270 train_time:71481ms step_avg:56.78ms
step:1260/1270 train_time:71564ms step_avg:56.80ms
step:1261/1270 train_time:71641ms step_avg:56.81ms
step:1262/1270 train_time:71725ms step_avg:56.83ms
step:1263/1270 train_time:71806ms step_avg:56.85ms
step:1264/1270 train_time:71892ms step_avg:56.88ms
step:1265/1270 train_time:71972ms step_avg:56.90ms
step:1266/1270 train_time:72058ms step_avg:56.92ms
step:1267/1270 train_time:72138ms step_avg:56.94ms
step:1268/1270 train_time:72223ms step_avg:56.96ms
step:1269/1270 train_time:72303ms step_avg:56.98ms
step:1270/1270 train_time:72387ms step_avg:57.00ms
step:1270/1270 val_loss:3.3086 train_time:72477ms step_avg:57.07ms
peak memory allocated: 31314 MiB reserved: 45930 MiB
