W0420 03:26:35.687000 40893 torch/distributed/run.py:852] 
W0420 03:26:35.687000 40893 torch/distributed/run.py:852] *****************************************
W0420 03:26:35.687000 40893 torch/distributed/run.py:852] Setting OMP_NUM_THREADS environment variable for each process to be 1 in default, to avoid your system being overloaded, please further tune the variable for optimal performance in your application as needed. 
W0420 03:26:35.687000 40893 torch/distributed/run.py:852] *****************************************
W0420 03:26:58.757000 40893 torch/distributed/elastic/agent/server/api.py:739] Received Signals.SIGINT death signal, shutting down workers
W0420 03:26:58.759000 40893 torch/distributed/elastic/multiprocessing/api.py:1010] Sending process 41263 closing signal SIGINT
W0420 03:26:58.759000 40893 torch/distributed/elastic/multiprocessing/api.py:1010] Sending process 41264 closing signal SIGINT
W0420 03:26:58.760000 40893 torch/distributed/elastic/multiprocessing/api.py:1010] Sending process 41265 closing signal SIGINT
W0420 03:26:58.760000 40893 torch/distributed/elastic/multiprocessing/api.py:1010] Sending process 41266 closing signal SIGINT
W0420 03:26:58.761000 40893 torch/distributed/elastic/multiprocessing/api.py:1010] Sending process 41267 closing signal SIGINT
W0420 03:26:58.761000 40893 torch/distributed/elastic/multiprocessing/api.py:1010] Sending process 41268 closing signal SIGINT
W0420 03:26:58.761000 40893 torch/distributed/elastic/multiprocessing/api.py:1010] Sending process 41269 closing signal SIGINT
W0420 03:26:58.762000 40893 torch/distributed/elastic/multiprocessing/api.py:1010] Sending process 41270 closing signal SIGINT
Traceback (most recent call last):
  File "/root/modded-nanogpt-private/train_gpt.py", line 27, in <module>
    torch.empty(
  File "/usr/local/lib/python3.10/dist-packages/torch/cuda/__init__.py", line 435, in _lazy_init
    queued_call()
  File "/usr/local/lib/python3.10/dist-packages/torch/cuda/__init__.py", line 279, in _check_capability
    capability = get_device_capability(d)
  File "/usr/local/lib/python3.10/dist-packages/torch/cuda/__init__.py", line 615, in get_device_capability
    prop = get_device_properties(device)
  File "/usr/local/lib/python3.10/dist-packages/torch/cuda/__init__.py", line 636, in get_device_properties
    return _get_device_properties(device)  # type: ignore[name-defined]
KeyboardInterrupt
Traceback (most recent call last):
  File "/root/modded-nanogpt-private/train_gpt.py", line 27, in <module>
    torch.empty(
  File "/usr/local/lib/python3.10/dist-packages/torch/cuda/__init__.py", line 424, in _lazy_init
    torch._C._cuda_init()
KeyboardInterrupt
Traceback (most recent call last):
  File "/root/modded-nanogpt-private/train_gpt.py", line 27, in <module>
    torch.empty(
  File "/usr/local/lib/python3.10/dist-packages/torch/cuda/__init__.py", line 424, in _lazy_init
    torch._C._cuda_init()
KeyboardInterrupt
Traceback (most recent call last):
  File "/root/modded-nanogpt-private/train_gpt.py", line 27, in <module>
    torch.empty(
  File "/usr/local/lib/python3.10/dist-packages/torch/cuda/__init__.py", line 435, in _lazy_init
    queued_call()
  File "/usr/local/lib/python3.10/dist-packages/torch/cuda/__init__.py", line 278, in _check_capability
    for d in range(device_count()):
  File "/usr/local/lib/python3.10/dist-packages/torch/cuda/__init__.py", line 1058, in device_count
    nvml_count = _device_count_amdsmi() if torch.version.hip else _device_count_nvml()
  File "/usr/local/lib/python3.10/dist-packages/torch/cuda/__init__.py", line 1007, in _device_count_nvml
    raw_cnt = _raw_device_count_nvml()
  File "/usr/local/lib/python3.10/dist-packages/torch/cuda/__init__.py", line 846, in _raw_device_count_nvml
    rc = nvml_h.nvmlInit()
KeyboardInterrupt
Traceback (most recent call last):
  File "/root/modded-nanogpt-private/train_gpt.py", line 27, in <module>
    torch.empty(
  File "/usr/local/lib/python3.10/dist-packages/torch/cuda/__init__.py", line 424, in _lazy_init
    torch._C._cuda_init()
KeyboardInterrupt
Traceback (most recent call last):
  File "/root/modded-nanogpt-private/train_gpt.py", line 27, in <module>
    torch.empty(
  File "/usr/local/lib/python3.10/dist-packages/torch/cuda/__init__.py", line 424, in _lazy_init
    torch._C._cuda_init()
KeyboardInterrupt
Traceback (most recent call last):
  File "/root/modded-nanogpt-private/train_gpt.py", line 27, in <module>
    torch.empty(
  File "/usr/local/lib/python3.10/dist-packages/torch/cuda/__init__.py", line 435, in _lazy_init
    queued_call()
  File "/usr/local/lib/python3.10/dist-packages/torch/cuda/__init__.py", line 278, in _check_capability
    for d in range(device_count()):
  File "/usr/local/lib/python3.10/dist-packages/torch/cuda/__init__.py", line 1058, in device_count
    nvml_count = _device_count_amdsmi() if torch.version.hip else _device_count_nvml()
  File "/usr/local/lib/python3.10/dist-packages/torch/cuda/__init__.py", line 1007, in _device_count_nvml
    raw_cnt = _raw_device_count_nvml()
  File "/usr/local/lib/python3.10/dist-packages/torch/cuda/__init__.py", line 846, in _raw_device_count_nvml
    rc = nvml_h.nvmlInit()
KeyboardInterrupt
Traceback (most recent call last):
  File "/root/modded-nanogpt-private/train_gpt.py", line 27, in <module>
    torch.empty(
  File "/usr/local/lib/python3.10/dist-packages/torch/cuda/__init__.py", line 424, in _lazy_init
    torch._C._cuda_init()
KeyboardInterrupt
Traceback (most recent call last):
  File "/usr/local/bin/torchrun", line 8, in <module>
    sys.exit(main())
  File "/usr/local/lib/python3.10/dist-packages/torch/distributed/elastic/multiprocessing/errors/__init__.py", line 362, in wrapper
    return f(*args, **kwargs)
  File "/usr/local/lib/python3.10/dist-packages/torch/distributed/run.py", line 991, in main
    run(args)
  File "/usr/local/lib/python3.10/dist-packages/torch/distributed/run.py", line 982, in run
    elastic_launch(
  File "/usr/local/lib/python3.10/dist-packages/torch/distributed/launcher/api.py", line 170, in __call__
    return launch_agent(self._config, self._entrypoint, list(args))
  File "/usr/local/lib/python3.10/dist-packages/torch/distributed/launcher/api.py", line 308, in launch_agent
    result = agent.run()
  File "/usr/local/lib/python3.10/dist-packages/torch/distributed/elastic/metrics/api.py", line 134, in wrapper
    result = f(*args, **kwargs)
  File "/usr/local/lib/python3.10/dist-packages/torch/distributed/elastic/agent/server/api.py", line 731, in run
    result = self._invoke_run(role)
  File "/usr/local/lib/python3.10/dist-packages/torch/distributed/elastic/agent/server/api.py", line 908, in _invoke_run
    time.sleep(monitor_interval)
  File "/usr/local/lib/python3.10/dist-packages/torch/distributed/elastic/multiprocessing/api.py", line 86, in _terminate_process_handler
    raise SignalException(f"Process {os.getpid()} got signal: {sigval}", sigval=sigval)
torch.distributed.elastic.multiprocessing.api.SignalException: Process 40893 got signal: 2
