W0420 03:51:18.817000 63758 torch/distributed/run.py:852] 
W0420 03:51:18.817000 63758 torch/distributed/run.py:852] *****************************************
W0420 03:51:18.817000 63758 torch/distributed/run.py:852] Setting OMP_NUM_THREADS environment variable for each process to be 1 in default, to avoid your system being overloaded, please further tune the variable for optimal performance in your application as needed. 
W0420 03:51:18.817000 63758 torch/distributed/run.py:852] *****************************************
[Gloo] Rank 2 is connected to 7 peer ranks. Expected number of connected peer ranks is : 7
[Gloo] Rank [Gloo] Rank 50 is connected to  is connected to 77 peer ranks.  peer ranks. Expected number of connected peer ranks is : Expected number of connected peer ranks is : 77

[Gloo] Rank 6 is connected to 7 peer ranks. Expected number of connected peer ranks is : 7
[Gloo] Rank 3 is connected to 7 peer ranks. Expected number of connected peer ranks is : 7
[Gloo] Rank [Gloo] Rank [Gloo] Rank 47 is connected to  is connected to 77 peer ranks.  peer ranks. Expected number of connected peer ranks is : Expected number of connected peer ranks is : 77

1 is connected to 7 peer ranks. Expected number of connected peer ranks is : 7
Warning: You are sending unauthenticated requests to the HF Hub. Please set a HF_TOKEN to enable higher rate limits and faster downloads.
Warning: You are sending unauthenticated requests to the HF Hub. Please set a HF_TOKEN to enable higher rate limits and faster downloads.
Warning: You are sending unauthenticated requests to the HF Hub. Please set a HF_TOKEN to enable higher rate limits and faster downloads.
Fetching 4 files:   0%|          | 0/4 [00:00<?, ?it/s]Fetching 4 files: 100%|██████████| 4/4 [00:00<00:00, 5660.33it/s]
Fetching 4 files:   0%|          | 0/4 [00:00<?, ?it/s]Fetching 4 files: 100%|██████████| 4/4 [00:00<00:00, 6116.37it/s]
Fetching 4 files:   0%|          | 0/4 [00:00<?, ?it/s]Fetching 4 files: 100%|██████████| 4/4 [00:00<00:00, 30012.91it/s]
Fetching 4 files:   0%|          | 0/4 [00:00<?, ?it/s]Fetching 4 files: 100%|██████████| 4/4 [00:00<00:00, 24105.20it/s]
Fetching 4 files:   0%|          | 0/4 [00:00<?, ?it/s]Fetching 4 files: 100%|██████████| 4/4 [00:00<00:00, 6340.60it/s]
Fetching 4 files:   0%|          | 0/4 [00:00<?, ?it/s]Fetching 4 files: 100%|██████████| 4/4 [00:00<00:00, 24929.00it/s]
logs/cbcc716e-4be3-4eb3-86df-13a09638edf3.txt
Fetching 4 files:   0%|          | 0/4 [00:00<?, ?it/s]Fetching 4 files: 100%|██████████| 4/4 [00:00<00:00, 6004.73it/s]
Fetching 4 files:   0%|          | 0/4 [00:00<?, ?it/s]Fetching 4 files: 100%|██████████| 4/4 [00:00<00:00, 5228.18it/s]
Compiling model and warming up kernels (~7 minutes on first execution)
Sampling steps [0, 1, 388, 389, 390, 391, 778, 779, 780, 781, 1168, 1169, 1170, 1171] for warmup
Resetting Model
step:0/1210 val_loss:10.8298 train_time:0ms step_avg:0.04ms
step:1/1210 train_time:111ms step_avg:110.86ms
step:2/1210 train_time:141ms step_avg:70.47ms
step:3/1210 train_time:161ms step_avg:53.82ms
step:4/1210 train_time:185ms step_avg:46.34ms
step:5/1210 train_time:205ms step_avg:41.07ms
step:6/1210 train_time:237ms step_avg:39.57ms
step:7/1210 train_time:264ms step_avg:37.66ms
step:8/1210 train_time:299ms step_avg:37.33ms
step:9/1210 train_time:326ms step_avg:36.19ms
step:10/1210 train_time:361ms step_avg:36.14ms
step:11/1210 train_time:388ms step_avg:35.25ms
step:12/1210 train_time:423ms step_avg:35.23ms
step:13/1210 train_time:450ms step_avg:34.61ms
step:14/1210 train_time:486ms step_avg:34.72ms
step:15/1210 train_time:512ms step_avg:34.13ms
step:16/1210 train_time:548ms step_avg:34.23ms
step:17/1210 train_time:574ms step_avg:33.76ms
step:18/1210 train_time:609ms step_avg:33.84ms
step:19/1210 train_time:636ms step_avg:33.48ms
step:20/1210 train_time:672ms step_avg:33.58ms
step:21/1210 train_time:698ms step_avg:33.24ms
step:22/1210 train_time:733ms step_avg:33.34ms
step:23/1210 train_time:761ms step_avg:33.07ms
step:24/1210 train_time:796ms step_avg:33.15ms
step:25/1210 train_time:822ms step_avg:32.89ms
step:26/1210 train_time:857ms step_avg:32.98ms
step:27/1210 train_time:884ms step_avg:32.73ms
step:28/1210 train_time:919ms step_avg:32.82ms
step:29/1210 train_time:946ms step_avg:32.62ms
step:30/1210 train_time:981ms step_avg:32.71ms
step:31/1210 train_time:1008ms step_avg:32.52ms
step:32/1210 train_time:1044ms step_avg:32.62ms
step:33/1210 train_time:1071ms step_avg:32.46ms
step:34/1210 train_time:1107ms step_avg:32.55ms
step:35/1210 train_time:1134ms step_avg:32.41ms
step:36/1210 train_time:1170ms step_avg:32.50ms
step:37/1210 train_time:1197ms step_avg:32.35ms
step:38/1210 train_time:1232ms step_avg:32.42ms
step:39/1210 train_time:1259ms step_avg:32.28ms
step:40/1210 train_time:1294ms step_avg:32.35ms
step:41/1210 train_time:1321ms step_avg:32.22ms
step:42/1210 train_time:1357ms step_avg:32.30ms
step:43/1210 train_time:1383ms step_avg:32.17ms
step:44/1210 train_time:1418ms step_avg:32.23ms
step:45/1210 train_time:1446ms step_avg:32.12ms
step:46/1210 train_time:1481ms step_avg:32.19ms
step:47/1210 train_time:1508ms step_avg:32.08ms
step:48/1210 train_time:1543ms step_avg:32.15ms
step:49/1210 train_time:1571ms step_avg:32.05ms
step:50/1210 train_time:1606ms step_avg:32.11ms
step:51/1210 train_time:1633ms step_avg:32.02ms
step:52/1210 train_time:1668ms step_avg:32.08ms
step:53/1210 train_time:1695ms step_avg:31.99ms
step:54/1210 train_time:1731ms step_avg:32.05ms
step:55/1210 train_time:1759ms step_avg:31.97ms
step:56/1210 train_time:1793ms step_avg:32.01ms
step:57/1210 train_time:1819ms step_avg:31.92ms
step:58/1210 train_time:1855ms step_avg:31.97ms
step:59/1210 train_time:1881ms step_avg:31.88ms
step:60/1210 train_time:1916ms step_avg:31.93ms
step:61/1210 train_time:1943ms step_avg:31.85ms
step:62/1210 train_time:1978ms step_avg:31.90ms
step:63/1210 train_time:2005ms step_avg:31.83ms
step:64/1210 train_time:2041ms step_avg:31.89ms
step:65/1210 train_time:2069ms step_avg:31.82ms
step:66/1210 train_time:2104ms step_avg:31.87ms
step:67/1210 train_time:2131ms step_avg:31.81ms
step:68/1210 train_time:2167ms step_avg:31.86ms
step:69/1210 train_time:2194ms step_avg:31.79ms
step:70/1210 train_time:2230ms step_avg:31.85ms
step:71/1210 train_time:2256ms step_avg:31.78ms
step:72/1210 train_time:2291ms step_avg:31.82ms
step:73/1210 train_time:2318ms step_avg:31.75ms
step:74/1210 train_time:2354ms step_avg:31.81ms
step:75/1210 train_time:2380ms step_avg:31.74ms
step:76/1210 train_time:2415ms step_avg:31.78ms
step:77/1210 train_time:2442ms step_avg:31.72ms
step:78/1210 train_time:2477ms step_avg:31.76ms
step:79/1210 train_time:2504ms step_avg:31.69ms
step:80/1210 train_time:2539ms step_avg:31.74ms
step:81/1210 train_time:2567ms step_avg:31.69ms
step:82/1210 train_time:2602ms step_avg:31.73ms
step:83/1210 train_time:2630ms step_avg:31.68ms
step:84/1210 train_time:2664ms step_avg:31.72ms
step:85/1210 train_time:2691ms step_avg:31.66ms
step:86/1210 train_time:2727ms step_avg:31.71ms
step:87/1210 train_time:2754ms step_avg:31.66ms
step:88/1210 train_time:2789ms step_avg:31.69ms
step:89/1210 train_time:2816ms step_avg:31.64ms
step:90/1210 train_time:2851ms step_avg:31.67ms
step:91/1210 train_time:2878ms step_avg:31.62ms
step:92/1210 train_time:2912ms step_avg:31.66ms
step:93/1210 train_time:2939ms step_avg:31.60ms
step:94/1210 train_time:2975ms step_avg:31.65ms
step:95/1210 train_time:3002ms step_avg:31.60ms
step:96/1210 train_time:3037ms step_avg:31.64ms
step:97/1210 train_time:3063ms step_avg:31.58ms
step:98/1210 train_time:3098ms step_avg:31.62ms
step:99/1210 train_time:3126ms step_avg:31.57ms
step:100/1210 train_time:3161ms step_avg:31.61ms
step:101/1210 train_time:3188ms step_avg:31.57ms
step:102/1210 train_time:3223ms step_avg:31.60ms
step:103/1210 train_time:3251ms step_avg:31.56ms
step:104/1210 train_time:3286ms step_avg:31.59ms
step:105/1210 train_time:3313ms step_avg:31.55ms
step:106/1210 train_time:3348ms step_avg:31.58ms
step:107/1210 train_time:3375ms step_avg:31.54ms
step:108/1210 train_time:3410ms step_avg:31.58ms
step:109/1210 train_time:3437ms step_avg:31.53ms
step:110/1210 train_time:3473ms step_avg:31.57ms
step:111/1210 train_time:3499ms step_avg:31.52ms
step:112/1210 train_time:3534ms step_avg:31.56ms
step:113/1210 train_time:3561ms step_avg:31.51ms
step:114/1210 train_time:3596ms step_avg:31.55ms
step:115/1210 train_time:3623ms step_avg:31.51ms
step:116/1210 train_time:3659ms step_avg:31.54ms
step:117/1210 train_time:3685ms step_avg:31.50ms
step:118/1210 train_time:3721ms step_avg:31.53ms
step:119/1210 train_time:3748ms step_avg:31.49ms
step:120/1210 train_time:3783ms step_avg:31.53ms
step:121/1210 train_time:3810ms step_avg:31.49ms
step:122/1210 train_time:3845ms step_avg:31.52ms
step:123/1210 train_time:3873ms step_avg:31.49ms
step:124/1210 train_time:3908ms step_avg:31.51ms
step:125/1210 train_time:3934ms step_avg:31.48ms
step:126/1210 train_time:3970ms step_avg:31.51ms
step:127/1210 train_time:3996ms step_avg:31.47ms
step:128/1210 train_time:4031ms step_avg:31.50ms
step:129/1210 train_time:4058ms step_avg:31.46ms
step:130/1210 train_time:4093ms step_avg:31.49ms
step:131/1210 train_time:4120ms step_avg:31.45ms
step:132/1210 train_time:4155ms step_avg:31.48ms
step:133/1210 train_time:4182ms step_avg:31.45ms
step:134/1210 train_time:4217ms step_avg:31.47ms
step:135/1210 train_time:4244ms step_avg:31.44ms
step:136/1210 train_time:4279ms step_avg:31.46ms
step:137/1210 train_time:4306ms step_avg:31.43ms
step:138/1210 train_time:4341ms step_avg:31.46ms
step:139/1210 train_time:4368ms step_avg:31.43ms
step:140/1210 train_time:4403ms step_avg:31.45ms
step:141/1210 train_time:4431ms step_avg:31.43ms
step:142/1210 train_time:4467ms step_avg:31.46ms
step:143/1210 train_time:4493ms step_avg:31.42ms
step:144/1210 train_time:4528ms step_avg:31.45ms
step:145/1210 train_time:4555ms step_avg:31.42ms
step:146/1210 train_time:4591ms step_avg:31.44ms
step:147/1210 train_time:4618ms step_avg:31.41ms
step:148/1210 train_time:4652ms step_avg:31.44ms
step:149/1210 train_time:4679ms step_avg:31.40ms
step:150/1210 train_time:4715ms step_avg:31.43ms
step:151/1210 train_time:4741ms step_avg:31.40ms
step:152/1210 train_time:4777ms step_avg:31.42ms
step:153/1210 train_time:4803ms step_avg:31.39ms
step:154/1210 train_time:4839ms step_avg:31.42ms
step:155/1210 train_time:4866ms step_avg:31.39ms
step:156/1210 train_time:4900ms step_avg:31.41ms
step:157/1210 train_time:4928ms step_avg:31.39ms
step:158/1210 train_time:4963ms step_avg:31.41ms
step:159/1210 train_time:4990ms step_avg:31.38ms
step:160/1210 train_time:5025ms step_avg:31.41ms
step:161/1210 train_time:5052ms step_avg:31.38ms
step:162/1210 train_time:5087ms step_avg:31.40ms
step:163/1210 train_time:5114ms step_avg:31.37ms
step:164/1210 train_time:5149ms step_avg:31.40ms
step:165/1210 train_time:5176ms step_avg:31.37ms
step:166/1210 train_time:5213ms step_avg:31.40ms
step:167/1210 train_time:5238ms step_avg:31.36ms
step:168/1210 train_time:5273ms step_avg:31.39ms
step:169/1210 train_time:5299ms step_avg:31.36ms
step:170/1210 train_time:5335ms step_avg:31.38ms
step:171/1210 train_time:5361ms step_avg:31.35ms
step:172/1210 train_time:5396ms step_avg:31.37ms
step:173/1210 train_time:5422ms step_avg:31.34ms
step:174/1210 train_time:5458ms step_avg:31.37ms
step:175/1210 train_time:5485ms step_avg:31.34ms
step:176/1210 train_time:5520ms step_avg:31.36ms
step:177/1210 train_time:5547ms step_avg:31.34ms
step:178/1210 train_time:5582ms step_avg:31.36ms
step:179/1210 train_time:5609ms step_avg:31.34ms
step:180/1210 train_time:5644ms step_avg:31.36ms
step:181/1210 train_time:5671ms step_avg:31.33ms
step:182/1210 train_time:5707ms step_avg:31.36ms
step:183/1210 train_time:5734ms step_avg:31.33ms
step:184/1210 train_time:5769ms step_avg:31.36ms
step:185/1210 train_time:5796ms step_avg:31.33ms
step:186/1210 train_time:5832ms step_avg:31.36ms
step:187/1210 train_time:5858ms step_avg:31.33ms
step:188/1210 train_time:5893ms step_avg:31.35ms
step:189/1210 train_time:5920ms step_avg:31.32ms
step:190/1210 train_time:5955ms step_avg:31.34ms
step:191/1210 train_time:5982ms step_avg:31.32ms
step:192/1210 train_time:6017ms step_avg:31.34ms
step:193/1210 train_time:6043ms step_avg:31.31ms
step:194/1210 train_time:6079ms step_avg:31.33ms
step:195/1210 train_time:6105ms step_avg:31.31ms
step:196/1210 train_time:6140ms step_avg:31.33ms
step:197/1210 train_time:6168ms step_avg:31.31ms
step:198/1210 train_time:6203ms step_avg:31.33ms
step:199/1210 train_time:6230ms step_avg:31.30ms
step:200/1210 train_time:6265ms step_avg:31.32ms
step:201/1210 train_time:6292ms step_avg:31.30ms
step:202/1210 train_time:6327ms step_avg:31.32ms
step:203/1210 train_time:6353ms step_avg:31.30ms
step:204/1210 train_time:6389ms step_avg:31.32ms
step:205/1210 train_time:6415ms step_avg:31.29ms
step:206/1210 train_time:6451ms step_avg:31.31ms
step:207/1210 train_time:6477ms step_avg:31.29ms
step:208/1210 train_time:6512ms step_avg:31.31ms
step:209/1210 train_time:6539ms step_avg:31.29ms
step:210/1210 train_time:6575ms step_avg:31.31ms
step:211/1210 train_time:6601ms step_avg:31.29ms
step:212/1210 train_time:6636ms step_avg:31.30ms
step:213/1210 train_time:6663ms step_avg:31.28ms
step:214/1210 train_time:6698ms step_avg:31.30ms
step:215/1210 train_time:6724ms step_avg:31.28ms
step:216/1210 train_time:6759ms step_avg:31.29ms
step:217/1210 train_time:6787ms step_avg:31.28ms
step:218/1210 train_time:6822ms step_avg:31.29ms
step:219/1210 train_time:6849ms step_avg:31.27ms
step:220/1210 train_time:6884ms step_avg:31.29ms
step:221/1210 train_time:6911ms step_avg:31.27ms
step:222/1210 train_time:6946ms step_avg:31.29ms
step:223/1210 train_time:6973ms step_avg:31.27ms
step:224/1210 train_time:7008ms step_avg:31.29ms
step:225/1210 train_time:7035ms step_avg:31.27ms
step:226/1210 train_time:7071ms step_avg:31.29ms
step:227/1210 train_time:7097ms step_avg:31.27ms
step:228/1210 train_time:7132ms step_avg:31.28ms
step:229/1210 train_time:7159ms step_avg:31.26ms
step:230/1210 train_time:7195ms step_avg:31.28ms
step:231/1210 train_time:7221ms step_avg:31.26ms
step:232/1210 train_time:7256ms step_avg:31.28ms
step:233/1210 train_time:7283ms step_avg:31.26ms
step:234/1210 train_time:7318ms step_avg:31.27ms
step:235/1210 train_time:7345ms step_avg:31.26ms
step:236/1210 train_time:7381ms step_avg:31.27ms
step:237/1210 train_time:7407ms step_avg:31.25ms
step:238/1210 train_time:7442ms step_avg:31.27ms
step:239/1210 train_time:7469ms step_avg:31.25ms
step:240/1210 train_time:7504ms step_avg:31.27ms
step:241/1210 train_time:7531ms step_avg:31.25ms
step:242/1210 train_time:7567ms step_avg:31.27ms
step:243/1210 train_time:7594ms step_avg:31.25ms
step:244/1210 train_time:7629ms step_avg:31.27ms
step:245/1210 train_time:7655ms step_avg:31.25ms
step:246/1210 train_time:7691ms step_avg:31.26ms
step:247/1210 train_time:7718ms step_avg:31.25ms
step:248/1210 train_time:7752ms step_avg:31.26ms
step:249/1210 train_time:7779ms step_avg:31.24ms
step:250/1210 train_time:7815ms step_avg:31.26ms
step:250/1210 val_loss:4.4832 train_time:7850ms step_avg:31.40ms
step:251/1210 train_time:7872ms step_avg:31.36ms
step:252/1210 train_time:7898ms step_avg:31.34ms
step:253/1210 train_time:7917ms step_avg:31.29ms
step:254/1210 train_time:7944ms step_avg:31.28ms
step:255/1210 train_time:7971ms step_avg:31.26ms
step:256/1210 train_time:8008ms step_avg:31.28ms
step:257/1210 train_time:8035ms step_avg:31.26ms
step:258/1210 train_time:8070ms step_avg:31.28ms
step:259/1210 train_time:8097ms step_avg:31.26ms
step:260/1210 train_time:8132ms step_avg:31.28ms
step:261/1210 train_time:8159ms step_avg:31.26ms
step:262/1210 train_time:8194ms step_avg:31.28ms
step:263/1210 train_time:8221ms step_avg:31.26ms
step:264/1210 train_time:8256ms step_avg:31.27ms
step:265/1210 train_time:8283ms step_avg:31.26ms
step:266/1210 train_time:8318ms step_avg:31.27ms
step:267/1210 train_time:8345ms step_avg:31.25ms
step:268/1210 train_time:8379ms step_avg:31.27ms
step:269/1210 train_time:8406ms step_avg:31.25ms
step:270/1210 train_time:8442ms step_avg:31.27ms
step:271/1210 train_time:8468ms step_avg:31.25ms
step:272/1210 train_time:8503ms step_avg:31.26ms
step:273/1210 train_time:8529ms step_avg:31.24ms
step:274/1210 train_time:8564ms step_avg:31.26ms
step:275/1210 train_time:8591ms step_avg:31.24ms
step:276/1210 train_time:8626ms step_avg:31.25ms
step:277/1210 train_time:8653ms step_avg:31.24ms
step:278/1210 train_time:8687ms step_avg:31.25ms
step:279/1210 train_time:8714ms step_avg:31.23ms
step:280/1210 train_time:8749ms step_avg:31.25ms
step:281/1210 train_time:8775ms step_avg:31.23ms
step:282/1210 train_time:8810ms step_avg:31.24ms
step:283/1210 train_time:8838ms step_avg:31.23ms
step:284/1210 train_time:8873ms step_avg:31.24ms
step:285/1210 train_time:8900ms step_avg:31.23ms
step:286/1210 train_time:8935ms step_avg:31.24ms
step:287/1210 train_time:8963ms step_avg:31.23ms
step:288/1210 train_time:8998ms step_avg:31.24ms
step:289/1210 train_time:9025ms step_avg:31.23ms
step:290/1210 train_time:9061ms step_avg:31.24ms
step:291/1210 train_time:9087ms step_avg:31.23ms
step:292/1210 train_time:9123ms step_avg:31.24ms
step:293/1210 train_time:9150ms step_avg:31.23ms
step:294/1210 train_time:9185ms step_avg:31.24ms
step:295/1210 train_time:9211ms step_avg:31.22ms
step:296/1210 train_time:9247ms step_avg:31.24ms
step:297/1210 train_time:9273ms step_avg:31.22ms
step:298/1210 train_time:9308ms step_avg:31.24ms
step:299/1210 train_time:9335ms step_avg:31.22ms
step:300/1210 train_time:9370ms step_avg:31.23ms
step:301/1210 train_time:9397ms step_avg:31.22ms
step:302/1210 train_time:9432ms step_avg:31.23ms
step:303/1210 train_time:9459ms step_avg:31.22ms
step:304/1210 train_time:9494ms step_avg:31.23ms
step:305/1210 train_time:9521ms step_avg:31.22ms
step:306/1210 train_time:9556ms step_avg:31.23ms
step:307/1210 train_time:9583ms step_avg:31.21ms
step:308/1210 train_time:9618ms step_avg:31.23ms
step:309/1210 train_time:9645ms step_avg:31.21ms
step:310/1210 train_time:9680ms step_avg:31.23ms
step:311/1210 train_time:9707ms step_avg:31.21ms
step:312/1210 train_time:9741ms step_avg:31.22ms
step:313/1210 train_time:9768ms step_avg:31.21ms
step:314/1210 train_time:9803ms step_avg:31.22ms
step:315/1210 train_time:9830ms step_avg:31.20ms
step:316/1210 train_time:9865ms step_avg:31.22ms
step:317/1210 train_time:9891ms step_avg:31.20ms
step:318/1210 train_time:9926ms step_avg:31.22ms
step:319/1210 train_time:9953ms step_avg:31.20ms
step:320/1210 train_time:9988ms step_avg:31.21ms
step:321/1210 train_time:10015ms step_avg:31.20ms
step:322/1210 train_time:10050ms step_avg:31.21ms
step:323/1210 train_time:10077ms step_avg:31.20ms
step:324/1210 train_time:10112ms step_avg:31.21ms
step:325/1210 train_time:10139ms step_avg:31.20ms
step:326/1210 train_time:10174ms step_avg:31.21ms
step:327/1210 train_time:10201ms step_avg:31.20ms
step:328/1210 train_time:10236ms step_avg:31.21ms
step:329/1210 train_time:10263ms step_avg:31.20ms
step:330/1210 train_time:10299ms step_avg:31.21ms
step:331/1210 train_time:10326ms step_avg:31.19ms
step:332/1210 train_time:10361ms step_avg:31.21ms
step:333/1210 train_time:10388ms step_avg:31.19ms
step:334/1210 train_time:10423ms step_avg:31.21ms
step:335/1210 train_time:10449ms step_avg:31.19ms
step:336/1210 train_time:10485ms step_avg:31.20ms
step:337/1210 train_time:10511ms step_avg:31.19ms
step:338/1210 train_time:10546ms step_avg:31.20ms
step:339/1210 train_time:10573ms step_avg:31.19ms
step:340/1210 train_time:10608ms step_avg:31.20ms
step:341/1210 train_time:10635ms step_avg:31.19ms
step:342/1210 train_time:10670ms step_avg:31.20ms
step:343/1210 train_time:10696ms step_avg:31.18ms
step:344/1210 train_time:10731ms step_avg:31.19ms
step:345/1210 train_time:10758ms step_avg:31.18ms
step:346/1210 train_time:10793ms step_avg:31.19ms
step:347/1210 train_time:10820ms step_avg:31.18ms
step:348/1210 train_time:10856ms step_avg:31.20ms
step:349/1210 train_time:10883ms step_avg:31.18ms
step:350/1210 train_time:10919ms step_avg:31.20ms
step:351/1210 train_time:10944ms step_avg:31.18ms
step:352/1210 train_time:10979ms step_avg:31.19ms
step:353/1210 train_time:11006ms step_avg:31.18ms
step:354/1210 train_time:11041ms step_avg:31.19ms
step:355/1210 train_time:11068ms step_avg:31.18ms
step:356/1210 train_time:11103ms step_avg:31.19ms
step:357/1210 train_time:11130ms step_avg:31.18ms
step:358/1210 train_time:11165ms step_avg:31.19ms
step:359/1210 train_time:11191ms step_avg:31.17ms
step:360/1210 train_time:11227ms step_avg:31.19ms
step:361/1210 train_time:11254ms step_avg:31.17ms
step:362/1210 train_time:11289ms step_avg:31.18ms
step:363/1210 train_time:11315ms step_avg:31.17ms
step:364/1210 train_time:11350ms step_avg:31.18ms
step:365/1210 train_time:11377ms step_avg:31.17ms
step:366/1210 train_time:11413ms step_avg:31.18ms
step:367/1210 train_time:11440ms step_avg:31.17ms
step:368/1210 train_time:11475ms step_avg:31.18ms
step:369/1210 train_time:11502ms step_avg:31.17ms
step:370/1210 train_time:11537ms step_avg:31.18ms
step:371/1210 train_time:11564ms step_avg:31.17ms
step:372/1210 train_time:11599ms step_avg:31.18ms
step:373/1210 train_time:11626ms step_avg:31.17ms
step:374/1210 train_time:11661ms step_avg:31.18ms
step:375/1210 train_time:11687ms step_avg:31.17ms
step:376/1210 train_time:11723ms step_avg:31.18ms
step:377/1210 train_time:11750ms step_avg:31.17ms
step:378/1210 train_time:11785ms step_avg:31.18ms
step:379/1210 train_time:11811ms step_avg:31.16ms
step:380/1210 train_time:11846ms step_avg:31.17ms
step:381/1210 train_time:11873ms step_avg:31.16ms
step:382/1210 train_time:11908ms step_avg:31.17ms
step:383/1210 train_time:11935ms step_avg:31.16ms
step:384/1210 train_time:11970ms step_avg:31.17ms
step:385/1210 train_time:11996ms step_avg:31.16ms
step:386/1210 train_time:12031ms step_avg:31.17ms
step:387/1210 train_time:12059ms step_avg:31.16ms
step:388/1210 train_time:12094ms step_avg:31.17ms
step:389/1210 train_time:12121ms step_avg:31.16ms
step:390/1210 train_time:12156ms step_avg:31.17ms
step:391/1210 train_time:12187ms step_avg:31.17ms
step:392/1210 train_time:12245ms step_avg:31.24ms
step:393/1210 train_time:12297ms step_avg:31.29ms
step:394/1210 train_time:12356ms step_avg:31.36ms
step:395/1210 train_time:12409ms step_avg:31.41ms
step:396/1210 train_time:12469ms step_avg:31.49ms
step:397/1210 train_time:12521ms step_avg:31.54ms
step:398/1210 train_time:12580ms step_avg:31.61ms
step:399/1210 train_time:12634ms step_avg:31.66ms
step:400/1210 train_time:12694ms step_avg:31.73ms
step:401/1210 train_time:12747ms step_avg:31.79ms
step:402/1210 train_time:12806ms step_avg:31.86ms
step:403/1210 train_time:12860ms step_avg:31.91ms
step:404/1210 train_time:12917ms step_avg:31.97ms
step:405/1210 train_time:12970ms step_avg:32.03ms
step:406/1210 train_time:13029ms step_avg:32.09ms
step:407/1210 train_time:13083ms step_avg:32.15ms
step:408/1210 train_time:13142ms step_avg:32.21ms
step:409/1210 train_time:13196ms step_avg:32.26ms
step:410/1210 train_time:13255ms step_avg:32.33ms
step:411/1210 train_time:13307ms step_avg:32.38ms
step:412/1210 train_time:13365ms step_avg:32.44ms
step:413/1210 train_time:13418ms step_avg:32.49ms
step:414/1210 train_time:13477ms step_avg:32.55ms
step:415/1210 train_time:13531ms step_avg:32.60ms
step:416/1210 train_time:13590ms step_avg:32.67ms
step:417/1210 train_time:13643ms step_avg:32.72ms
step:418/1210 train_time:13702ms step_avg:32.78ms
step:419/1210 train_time:13756ms step_avg:32.83ms
step:420/1210 train_time:13815ms step_avg:32.89ms
step:421/1210 train_time:13867ms step_avg:32.94ms
step:422/1210 train_time:13926ms step_avg:33.00ms
step:423/1210 train_time:13979ms step_avg:33.05ms
step:424/1210 train_time:14039ms step_avg:33.11ms
step:425/1210 train_time:14093ms step_avg:33.16ms
step:426/1210 train_time:14153ms step_avg:33.22ms
step:427/1210 train_time:14205ms step_avg:33.27ms
step:428/1210 train_time:14264ms step_avg:33.33ms
step:429/1210 train_time:14317ms step_avg:33.37ms
step:430/1210 train_time:14375ms step_avg:33.43ms
step:431/1210 train_time:14428ms step_avg:33.47ms
step:432/1210 train_time:14487ms step_avg:33.54ms
step:433/1210 train_time:14540ms step_avg:33.58ms
step:434/1210 train_time:14600ms step_avg:33.64ms
step:435/1210 train_time:14654ms step_avg:33.69ms
step:436/1210 train_time:14712ms step_avg:33.74ms
step:437/1210 train_time:14765ms step_avg:33.79ms
step:438/1210 train_time:14823ms step_avg:33.84ms
step:439/1210 train_time:14877ms step_avg:33.89ms
step:440/1210 train_time:14936ms step_avg:33.94ms
step:441/1210 train_time:14989ms step_avg:33.99ms
step:442/1210 train_time:15048ms step_avg:34.05ms
step:443/1210 train_time:15101ms step_avg:34.09ms
step:444/1210 train_time:15160ms step_avg:34.14ms
step:445/1210 train_time:15214ms step_avg:34.19ms
step:446/1210 train_time:15272ms step_avg:34.24ms
step:447/1210 train_time:15324ms step_avg:34.28ms
step:448/1210 train_time:15383ms step_avg:34.34ms
step:449/1210 train_time:15436ms step_avg:34.38ms
step:450/1210 train_time:15496ms step_avg:34.44ms
step:451/1210 train_time:15548ms step_avg:34.48ms
step:452/1210 train_time:15607ms step_avg:34.53ms
step:453/1210 train_time:15660ms step_avg:34.57ms
step:454/1210 train_time:15718ms step_avg:34.62ms
step:455/1210 train_time:15772ms step_avg:34.66ms
step:456/1210 train_time:15831ms step_avg:34.72ms
step:457/1210 train_time:15884ms step_avg:34.76ms
step:458/1210 train_time:15943ms step_avg:34.81ms
step:459/1210 train_time:15997ms step_avg:34.85ms
step:460/1210 train_time:16056ms step_avg:34.90ms
step:461/1210 train_time:16109ms step_avg:34.94ms
step:462/1210 train_time:16168ms step_avg:35.00ms
step:463/1210 train_time:16220ms step_avg:35.03ms
step:464/1210 train_time:16279ms step_avg:35.08ms
step:465/1210 train_time:16333ms step_avg:35.13ms
step:466/1210 train_time:16392ms step_avg:35.18ms
step:467/1210 train_time:16446ms step_avg:35.22ms
step:468/1210 train_time:16503ms step_avg:35.26ms
step:469/1210 train_time:16557ms step_avg:35.30ms
step:470/1210 train_time:16615ms step_avg:35.35ms
step:471/1210 train_time:16668ms step_avg:35.39ms
step:472/1210 train_time:16726ms step_avg:35.44ms
step:473/1210 train_time:16779ms step_avg:35.47ms
step:474/1210 train_time:16839ms step_avg:35.53ms
step:475/1210 train_time:16893ms step_avg:35.56ms
step:476/1210 train_time:16952ms step_avg:35.61ms
step:477/1210 train_time:17005ms step_avg:35.65ms
step:478/1210 train_time:17063ms step_avg:35.70ms
step:479/1210 train_time:17117ms step_avg:35.73ms
step:480/1210 train_time:17176ms step_avg:35.78ms
step:481/1210 train_time:17229ms step_avg:35.82ms
step:482/1210 train_time:17287ms step_avg:35.87ms
step:483/1210 train_time:17340ms step_avg:35.90ms
step:484/1210 train_time:17399ms step_avg:35.95ms
step:485/1210 train_time:17453ms step_avg:35.99ms
step:486/1210 train_time:17512ms step_avg:36.03ms
step:487/1210 train_time:17565ms step_avg:36.07ms
step:488/1210 train_time:17623ms step_avg:36.11ms
step:489/1210 train_time:17676ms step_avg:36.15ms
step:490/1210 train_time:17735ms step_avg:36.19ms
step:491/1210 train_time:17788ms step_avg:36.23ms
step:492/1210 train_time:17847ms step_avg:36.27ms
step:493/1210 train_time:17899ms step_avg:36.31ms
step:494/1210 train_time:17958ms step_avg:36.35ms
step:495/1210 train_time:18012ms step_avg:36.39ms
step:496/1210 train_time:18071ms step_avg:36.43ms
step:497/1210 train_time:18124ms step_avg:36.47ms
step:498/1210 train_time:18183ms step_avg:36.51ms
step:499/1210 train_time:18236ms step_avg:36.55ms
step:500/1210 train_time:18296ms step_avg:36.59ms
step:500/1210 val_loss:4.0516 train_time:18359ms step_avg:36.72ms
step:501/1210 train_time:18382ms step_avg:36.69ms
step:502/1210 train_time:18415ms step_avg:36.68ms
step:503/1210 train_time:18469ms step_avg:36.72ms
step:504/1210 train_time:18528ms step_avg:36.76ms
step:505/1210 train_time:18583ms step_avg:36.80ms
step:506/1210 train_time:18640ms step_avg:36.84ms
step:507/1210 train_time:18694ms step_avg:36.87ms
step:508/1210 train_time:18752ms step_avg:36.91ms
step:509/1210 train_time:18806ms step_avg:36.95ms
step:510/1210 train_time:18864ms step_avg:36.99ms
step:511/1210 train_time:18917ms step_avg:37.02ms
step:512/1210 train_time:18975ms step_avg:37.06ms
step:513/1210 train_time:19028ms step_avg:37.09ms
step:514/1210 train_time:19086ms step_avg:37.13ms
step:515/1210 train_time:19139ms step_avg:37.16ms
step:516/1210 train_time:19197ms step_avg:37.20ms
step:517/1210 train_time:19250ms step_avg:37.23ms
step:518/1210 train_time:19309ms step_avg:37.28ms
step:519/1210 train_time:19363ms step_avg:37.31ms
step:520/1210 train_time:19421ms step_avg:37.35ms
step:521/1210 train_time:19476ms step_avg:37.38ms
step:522/1210 train_time:19536ms step_avg:37.43ms
step:523/1210 train_time:19591ms step_avg:37.46ms
step:524/1210 train_time:19650ms step_avg:37.50ms
step:525/1210 train_time:19703ms step_avg:37.53ms
step:526/1210 train_time:19761ms step_avg:37.57ms
step:527/1210 train_time:19816ms step_avg:37.60ms
step:528/1210 train_time:19874ms step_avg:37.64ms
step:529/1210 train_time:19927ms step_avg:37.67ms
step:530/1210 train_time:19986ms step_avg:37.71ms
step:531/1210 train_time:20038ms step_avg:37.74ms
step:532/1210 train_time:20096ms step_avg:37.77ms
step:533/1210 train_time:20149ms step_avg:37.80ms
step:534/1210 train_time:20207ms step_avg:37.84ms
step:535/1210 train_time:20260ms step_avg:37.87ms
step:536/1210 train_time:20319ms step_avg:37.91ms
step:537/1210 train_time:20373ms step_avg:37.94ms
step:538/1210 train_time:20433ms step_avg:37.98ms
step:539/1210 train_time:20487ms step_avg:38.01ms
step:540/1210 train_time:20546ms step_avg:38.05ms
step:541/1210 train_time:20600ms step_avg:38.08ms
step:542/1210 train_time:20659ms step_avg:38.12ms
step:543/1210 train_time:20713ms step_avg:38.15ms
step:544/1210 train_time:20772ms step_avg:38.18ms
step:545/1210 train_time:20824ms step_avg:38.21ms
step:546/1210 train_time:20882ms step_avg:38.25ms
step:547/1210 train_time:20935ms step_avg:38.27ms
step:548/1210 train_time:20994ms step_avg:38.31ms
step:549/1210 train_time:21046ms step_avg:38.34ms
step:550/1210 train_time:21104ms step_avg:38.37ms
step:551/1210 train_time:21157ms step_avg:38.40ms
step:552/1210 train_time:21216ms step_avg:38.43ms
step:553/1210 train_time:21270ms step_avg:38.46ms
step:554/1210 train_time:21330ms step_avg:38.50ms
step:555/1210 train_time:21382ms step_avg:38.53ms
step:556/1210 train_time:21441ms step_avg:38.56ms
step:557/1210 train_time:21495ms step_avg:38.59ms
step:558/1210 train_time:21554ms step_avg:38.63ms
step:559/1210 train_time:21608ms step_avg:38.65ms
step:560/1210 train_time:21667ms step_avg:38.69ms
step:561/1210 train_time:21721ms step_avg:38.72ms
step:562/1210 train_time:21780ms step_avg:38.75ms
step:563/1210 train_time:21833ms step_avg:38.78ms
step:564/1210 train_time:21891ms step_avg:38.81ms
step:565/1210 train_time:21943ms step_avg:38.84ms
step:566/1210 train_time:22002ms step_avg:38.87ms
step:567/1210 train_time:22055ms step_avg:38.90ms
step:568/1210 train_time:22114ms step_avg:38.93ms
step:569/1210 train_time:22167ms step_avg:38.96ms
step:570/1210 train_time:22227ms step_avg:39.00ms
step:571/1210 train_time:22279ms step_avg:39.02ms
step:572/1210 train_time:22339ms step_avg:39.05ms
step:573/1210 train_time:22393ms step_avg:39.08ms
step:574/1210 train_time:22451ms step_avg:39.11ms
step:575/1210 train_time:22504ms step_avg:39.14ms
step:576/1210 train_time:22562ms step_avg:39.17ms
step:577/1210 train_time:22616ms step_avg:39.20ms
step:578/1210 train_time:22676ms step_avg:39.23ms
step:579/1210 train_time:22730ms step_avg:39.26ms
step:580/1210 train_time:22789ms step_avg:39.29ms
step:581/1210 train_time:22841ms step_avg:39.31ms
step:582/1210 train_time:22900ms step_avg:39.35ms
step:583/1210 train_time:22953ms step_avg:39.37ms
step:584/1210 train_time:23011ms step_avg:39.40ms
step:585/1210 train_time:23064ms step_avg:39.43ms
step:586/1210 train_time:23122ms step_avg:39.46ms
step:587/1210 train_time:23176ms step_avg:39.48ms
step:588/1210 train_time:23235ms step_avg:39.51ms
step:589/1210 train_time:23288ms step_avg:39.54ms
step:590/1210 train_time:23348ms step_avg:39.57ms
step:591/1210 train_time:23401ms step_avg:39.60ms
step:592/1210 train_time:23459ms step_avg:39.63ms
step:593/1210 train_time:23513ms step_avg:39.65ms
step:594/1210 train_time:23572ms step_avg:39.68ms
step:595/1210 train_time:23624ms step_avg:39.70ms
step:596/1210 train_time:23683ms step_avg:39.74ms
step:597/1210 train_time:23737ms step_avg:39.76ms
step:598/1210 train_time:23795ms step_avg:39.79ms
step:599/1210 train_time:23849ms step_avg:39.81ms
step:600/1210 train_time:23907ms step_avg:39.85ms
step:601/1210 train_time:23960ms step_avg:39.87ms
step:602/1210 train_time:24019ms step_avg:39.90ms
step:603/1210 train_time:24072ms step_avg:39.92ms
step:604/1210 train_time:24131ms step_avg:39.95ms
step:605/1210 train_time:24184ms step_avg:39.97ms
step:606/1210 train_time:24242ms step_avg:40.00ms
step:607/1210 train_time:24295ms step_avg:40.02ms
step:608/1210 train_time:24354ms step_avg:40.06ms
step:609/1210 train_time:24407ms step_avg:40.08ms
step:610/1210 train_time:24466ms step_avg:40.11ms
step:611/1210 train_time:24519ms step_avg:40.13ms
step:612/1210 train_time:24578ms step_avg:40.16ms
step:613/1210 train_time:24632ms step_avg:40.18ms
step:614/1210 train_time:24692ms step_avg:40.21ms
step:615/1210 train_time:24744ms step_avg:40.23ms
step:616/1210 train_time:24803ms step_avg:40.26ms
step:617/1210 train_time:24856ms step_avg:40.29ms
step:618/1210 train_time:24915ms step_avg:40.32ms
step:619/1210 train_time:24969ms step_avg:40.34ms
step:620/1210 train_time:25028ms step_avg:40.37ms
step:621/1210 train_time:25080ms step_avg:40.39ms
step:622/1210 train_time:25139ms step_avg:40.42ms
step:623/1210 train_time:25193ms step_avg:40.44ms
step:624/1210 train_time:25252ms step_avg:40.47ms
step:625/1210 train_time:25305ms step_avg:40.49ms
step:626/1210 train_time:25363ms step_avg:40.52ms
step:627/1210 train_time:25416ms step_avg:40.54ms
step:628/1210 train_time:25476ms step_avg:40.57ms
step:629/1210 train_time:25529ms step_avg:40.59ms
step:630/1210 train_time:25588ms step_avg:40.62ms
step:631/1210 train_time:25640ms step_avg:40.63ms
step:632/1210 train_time:25698ms step_avg:40.66ms
step:633/1210 train_time:25752ms step_avg:40.68ms
step:634/1210 train_time:25811ms step_avg:40.71ms
step:635/1210 train_time:25865ms step_avg:40.73ms
step:636/1210 train_time:25924ms step_avg:40.76ms
step:637/1210 train_time:25976ms step_avg:40.78ms
step:638/1210 train_time:26036ms step_avg:40.81ms
step:639/1210 train_time:26089ms step_avg:40.83ms
step:640/1210 train_time:26149ms step_avg:40.86ms
step:641/1210 train_time:26201ms step_avg:40.87ms
step:642/1210 train_time:26259ms step_avg:40.90ms
step:643/1210 train_time:26312ms step_avg:40.92ms
step:644/1210 train_time:26370ms step_avg:40.95ms
step:645/1210 train_time:26424ms step_avg:40.97ms
step:646/1210 train_time:26483ms step_avg:40.99ms
step:647/1210 train_time:26536ms step_avg:41.01ms
step:648/1210 train_time:26594ms step_avg:41.04ms
step:649/1210 train_time:26647ms step_avg:41.06ms
step:650/1210 train_time:26706ms step_avg:41.09ms
step:651/1210 train_time:26758ms step_avg:41.10ms
step:652/1210 train_time:26817ms step_avg:41.13ms
step:653/1210 train_time:26871ms step_avg:41.15ms
step:654/1210 train_time:26930ms step_avg:41.18ms
step:655/1210 train_time:26983ms step_avg:41.20ms
step:656/1210 train_time:27042ms step_avg:41.22ms
step:657/1210 train_time:27095ms step_avg:41.24ms
step:658/1210 train_time:27153ms step_avg:41.27ms
step:659/1210 train_time:27207ms step_avg:41.28ms
step:660/1210 train_time:27266ms step_avg:41.31ms
step:661/1210 train_time:27319ms step_avg:41.33ms
step:662/1210 train_time:27377ms step_avg:41.36ms
step:663/1210 train_time:27432ms step_avg:41.37ms
step:664/1210 train_time:27490ms step_avg:41.40ms
step:665/1210 train_time:27542ms step_avg:41.42ms
step:666/1210 train_time:27601ms step_avg:41.44ms
step:667/1210 train_time:27654ms step_avg:41.46ms
step:668/1210 train_time:27712ms step_avg:41.49ms
step:669/1210 train_time:27765ms step_avg:41.50ms
step:670/1210 train_time:27825ms step_avg:41.53ms
step:671/1210 train_time:27878ms step_avg:41.55ms
step:672/1210 train_time:27937ms step_avg:41.57ms
step:673/1210 train_time:27991ms step_avg:41.59ms
step:674/1210 train_time:28050ms step_avg:41.62ms
step:675/1210 train_time:28103ms step_avg:41.63ms
step:676/1210 train_time:28161ms step_avg:41.66ms
step:677/1210 train_time:28214ms step_avg:41.68ms
step:678/1210 train_time:28273ms step_avg:41.70ms
step:679/1210 train_time:28328ms step_avg:41.72ms
step:680/1210 train_time:28386ms step_avg:41.74ms
step:681/1210 train_time:28439ms step_avg:41.76ms
step:682/1210 train_time:28498ms step_avg:41.79ms
step:683/1210 train_time:28551ms step_avg:41.80ms
step:684/1210 train_time:28610ms step_avg:41.83ms
step:685/1210 train_time:28663ms step_avg:41.84ms
step:686/1210 train_time:28721ms step_avg:41.87ms
step:687/1210 train_time:28774ms step_avg:41.88ms
step:688/1210 train_time:28834ms step_avg:41.91ms
step:689/1210 train_time:28887ms step_avg:41.93ms
step:690/1210 train_time:28945ms step_avg:41.95ms
step:691/1210 train_time:28998ms step_avg:41.97ms
step:692/1210 train_time:29057ms step_avg:41.99ms
step:693/1210 train_time:29111ms step_avg:42.01ms
step:694/1210 train_time:29170ms step_avg:42.03ms
step:695/1210 train_time:29223ms step_avg:42.05ms
step:696/1210 train_time:29281ms step_avg:42.07ms
step:697/1210 train_time:29335ms step_avg:42.09ms
step:698/1210 train_time:29393ms step_avg:42.11ms
step:699/1210 train_time:29446ms step_avg:42.13ms
step:700/1210 train_time:29505ms step_avg:42.15ms
step:701/1210 train_time:29558ms step_avg:42.17ms
step:702/1210 train_time:29617ms step_avg:42.19ms
step:703/1210 train_time:29671ms step_avg:42.21ms
step:704/1210 train_time:29730ms step_avg:42.23ms
step:705/1210 train_time:29783ms step_avg:42.25ms
step:706/1210 train_time:29841ms step_avg:42.27ms
step:707/1210 train_time:29894ms step_avg:42.28ms
step:708/1210 train_time:29952ms step_avg:42.31ms
step:709/1210 train_time:30006ms step_avg:42.32ms
step:710/1210 train_time:30066ms step_avg:42.35ms
step:711/1210 train_time:30119ms step_avg:42.36ms
step:712/1210 train_time:30177ms step_avg:42.38ms
step:713/1210 train_time:30231ms step_avg:42.40ms
step:714/1210 train_time:30291ms step_avg:42.42ms
step:715/1210 train_time:30344ms step_avg:42.44ms
step:716/1210 train_time:30402ms step_avg:42.46ms
step:717/1210 train_time:30454ms step_avg:42.47ms
step:718/1210 train_time:30513ms step_avg:42.50ms
step:719/1210 train_time:30567ms step_avg:42.51ms
step:720/1210 train_time:30627ms step_avg:42.54ms
step:721/1210 train_time:30680ms step_avg:42.55ms
step:722/1210 train_time:30737ms step_avg:42.57ms
step:723/1210 train_time:30792ms step_avg:42.59ms
step:724/1210 train_time:30850ms step_avg:42.61ms
step:725/1210 train_time:30902ms step_avg:42.62ms
step:726/1210 train_time:30961ms step_avg:42.65ms
step:727/1210 train_time:31015ms step_avg:42.66ms
step:728/1210 train_time:31074ms step_avg:42.68ms
step:729/1210 train_time:31127ms step_avg:42.70ms
step:730/1210 train_time:31186ms step_avg:42.72ms
step:731/1210 train_time:31239ms step_avg:42.73ms
step:732/1210 train_time:31298ms step_avg:42.76ms
step:733/1210 train_time:31351ms step_avg:42.77ms
step:734/1210 train_time:31409ms step_avg:42.79ms
step:735/1210 train_time:31463ms step_avg:42.81ms
step:736/1210 train_time:31520ms step_avg:42.83ms
step:737/1210 train_time:31573ms step_avg:42.84ms
step:738/1210 train_time:31633ms step_avg:42.86ms
step:739/1210 train_time:31686ms step_avg:42.88ms
step:740/1210 train_time:31744ms step_avg:42.90ms
step:741/1210 train_time:31797ms step_avg:42.91ms
step:742/1210 train_time:31856ms step_avg:42.93ms
step:743/1210 train_time:31909ms step_avg:42.95ms
step:744/1210 train_time:31969ms step_avg:42.97ms
step:745/1210 train_time:32022ms step_avg:42.98ms
step:746/1210 train_time:32081ms step_avg:43.00ms
step:747/1210 train_time:32134ms step_avg:43.02ms
step:748/1210 train_time:32193ms step_avg:43.04ms
step:749/1210 train_time:32245ms step_avg:43.05ms
step:750/1210 train_time:32304ms step_avg:43.07ms
step:750/1210 val_loss:3.6319 train_time:32367ms step_avg:43.16ms
step:751/1210 train_time:32390ms step_avg:43.13ms
step:752/1210 train_time:32418ms step_avg:43.11ms
step:753/1210 train_time:32473ms step_avg:43.13ms
step:754/1210 train_time:32535ms step_avg:43.15ms
step:755/1210 train_time:32589ms step_avg:43.16ms
step:756/1210 train_time:32648ms step_avg:43.19ms
step:757/1210 train_time:32700ms step_avg:43.20ms
step:758/1210 train_time:32760ms step_avg:43.22ms
step:759/1210 train_time:32813ms step_avg:43.23ms
step:760/1210 train_time:32870ms step_avg:43.25ms
step:761/1210 train_time:32923ms step_avg:43.26ms
step:762/1210 train_time:32982ms step_avg:43.28ms
step:763/1210 train_time:33035ms step_avg:43.30ms
step:764/1210 train_time:33093ms step_avg:43.32ms
step:765/1210 train_time:33146ms step_avg:43.33ms
step:766/1210 train_time:33206ms step_avg:43.35ms
step:767/1210 train_time:33259ms step_avg:43.36ms
step:768/1210 train_time:33319ms step_avg:43.38ms
step:769/1210 train_time:33372ms step_avg:43.40ms
step:770/1210 train_time:33431ms step_avg:43.42ms
step:771/1210 train_time:33485ms step_avg:43.43ms
step:772/1210 train_time:33545ms step_avg:43.45ms
step:773/1210 train_time:33598ms step_avg:43.46ms
step:774/1210 train_time:33658ms step_avg:43.49ms
step:775/1210 train_time:33711ms step_avg:43.50ms
step:776/1210 train_time:33769ms step_avg:43.52ms
step:777/1210 train_time:33823ms step_avg:43.53ms
step:778/1210 train_time:33881ms step_avg:43.55ms
step:779/1210 train_time:33934ms step_avg:43.56ms
step:780/1210 train_time:33991ms step_avg:43.58ms
step:781/1210 train_time:34048ms step_avg:43.59ms
step:782/1210 train_time:34132ms step_avg:43.65ms
step:783/1210 train_time:34209ms step_avg:43.69ms
step:784/1210 train_time:34295ms step_avg:43.74ms
step:785/1210 train_time:34374ms step_avg:43.79ms
step:786/1210 train_time:34460ms step_avg:43.84ms
step:787/1210 train_time:34539ms step_avg:43.89ms
step:788/1210 train_time:34623ms step_avg:43.94ms
step:789/1210 train_time:34702ms step_avg:43.98ms
step:790/1210 train_time:34786ms step_avg:44.03ms
step:791/1210 train_time:34863ms step_avg:44.08ms
step:792/1210 train_time:34948ms step_avg:44.13ms
step:793/1210 train_time:35026ms step_avg:44.17ms
step:794/1210 train_time:35109ms step_avg:44.22ms
step:795/1210 train_time:35187ms step_avg:44.26ms
step:796/1210 train_time:35271ms step_avg:44.31ms
step:797/1210 train_time:35351ms step_avg:44.36ms
step:798/1210 train_time:35436ms step_avg:44.41ms
step:799/1210 train_time:35515ms step_avg:44.45ms
step:800/1210 train_time:35599ms step_avg:44.50ms
step:801/1210 train_time:35677ms step_avg:44.54ms
step:802/1210 train_time:35762ms step_avg:44.59ms
step:803/1210 train_time:35841ms step_avg:44.63ms
step:804/1210 train_time:35925ms step_avg:44.68ms
step:805/1210 train_time:36003ms step_avg:44.72ms
step:806/1210 train_time:36088ms step_avg:44.77ms
step:807/1210 train_time:36166ms step_avg:44.82ms
step:808/1210 train_time:36250ms step_avg:44.86ms
step:809/1210 train_time:36329ms step_avg:44.91ms
step:810/1210 train_time:36413ms step_avg:44.95ms
step:811/1210 train_time:36493ms step_avg:45.00ms
step:812/1210 train_time:36577ms step_avg:45.05ms
step:813/1210 train_time:36655ms step_avg:45.09ms
step:814/1210 train_time:36738ms step_avg:45.13ms
step:815/1210 train_time:36818ms step_avg:45.18ms
step:816/1210 train_time:36902ms step_avg:45.22ms
step:817/1210 train_time:36981ms step_avg:45.26ms
step:818/1210 train_time:37066ms step_avg:45.31ms
step:819/1210 train_time:37147ms step_avg:45.36ms
step:820/1210 train_time:37230ms step_avg:45.40ms
step:821/1210 train_time:37307ms step_avg:45.44ms
step:822/1210 train_time:37391ms step_avg:45.49ms
step:823/1210 train_time:37472ms step_avg:45.53ms
step:824/1210 train_time:37556ms step_avg:45.58ms
step:825/1210 train_time:37635ms step_avg:45.62ms
step:826/1210 train_time:37719ms step_avg:45.66ms
step:827/1210 train_time:37797ms step_avg:45.70ms
step:828/1210 train_time:37882ms step_avg:45.75ms
step:829/1210 train_time:37962ms step_avg:45.79ms
step:830/1210 train_time:38046ms step_avg:45.84ms
step:831/1210 train_time:38126ms step_avg:45.88ms
step:832/1210 train_time:38212ms step_avg:45.93ms
step:833/1210 train_time:38290ms step_avg:45.97ms
step:834/1210 train_time:38373ms step_avg:46.01ms
step:835/1210 train_time:38451ms step_avg:46.05ms
step:836/1210 train_time:38536ms step_avg:46.10ms
step:837/1210 train_time:38614ms step_avg:46.13ms
step:838/1210 train_time:38698ms step_avg:46.18ms
step:839/1210 train_time:38776ms step_avg:46.22ms
step:840/1210 train_time:38861ms step_avg:46.26ms
step:841/1210 train_time:38939ms step_avg:46.30ms
step:842/1210 train_time:39022ms step_avg:46.34ms
step:843/1210 train_time:39102ms step_avg:46.38ms
step:844/1210 train_time:39186ms step_avg:46.43ms
step:845/1210 train_time:39265ms step_avg:46.47ms
step:846/1210 train_time:39351ms step_avg:46.51ms
step:847/1210 train_time:39432ms step_avg:46.55ms
step:848/1210 train_time:39515ms step_avg:46.60ms
step:849/1210 train_time:39594ms step_avg:46.64ms
step:850/1210 train_time:39677ms step_avg:46.68ms
step:851/1210 train_time:39755ms step_avg:46.72ms
step:852/1210 train_time:39839ms step_avg:46.76ms
step:853/1210 train_time:39917ms step_avg:46.80ms
step:854/1210 train_time:40000ms step_avg:46.84ms
step:855/1210 train_time:40080ms step_avg:46.88ms
step:856/1210 train_time:40164ms step_avg:46.92ms
step:857/1210 train_time:40242ms step_avg:46.96ms
step:858/1210 train_time:40328ms step_avg:47.00ms
step:859/1210 train_time:40407ms step_avg:47.04ms
step:860/1210 train_time:40490ms step_avg:47.08ms
step:861/1210 train_time:40571ms step_avg:47.12ms
step:862/1210 train_time:40657ms step_avg:47.17ms
step:863/1210 train_time:40734ms step_avg:47.20ms
step:864/1210 train_time:40816ms step_avg:47.24ms
step:865/1210 train_time:40896ms step_avg:47.28ms
step:866/1210 train_time:40981ms step_avg:47.32ms
step:867/1210 train_time:41059ms step_avg:47.36ms
step:868/1210 train_time:41142ms step_avg:47.40ms
step:869/1210 train_time:41221ms step_avg:47.44ms
step:870/1210 train_time:41306ms step_avg:47.48ms
step:871/1210 train_time:41386ms step_avg:47.52ms
step:872/1210 train_time:41469ms step_avg:47.56ms
step:873/1210 train_time:41549ms step_avg:47.59ms
step:874/1210 train_time:41636ms step_avg:47.64ms
step:875/1210 train_time:41712ms step_avg:47.67ms
step:876/1210 train_time:41797ms step_avg:47.71ms
step:877/1210 train_time:41876ms step_avg:47.75ms
step:878/1210 train_time:41959ms step_avg:47.79ms
step:879/1210 train_time:42037ms step_avg:47.82ms
step:880/1210 train_time:42120ms step_avg:47.86ms
step:881/1210 train_time:42199ms step_avg:47.90ms
step:882/1210 train_time:42283ms step_avg:47.94ms
step:883/1210 train_time:42362ms step_avg:47.98ms
step:884/1210 train_time:42447ms step_avg:48.02ms
step:885/1210 train_time:42526ms step_avg:48.05ms
step:886/1210 train_time:42611ms step_avg:48.09ms
step:887/1210 train_time:42690ms step_avg:48.13ms
step:888/1210 train_time:42774ms step_avg:48.17ms
step:889/1210 train_time:42853ms step_avg:48.20ms
step:890/1210 train_time:42937ms step_avg:48.24ms
step:891/1210 train_time:43016ms step_avg:48.28ms
step:892/1210 train_time:43099ms step_avg:48.32ms
step:893/1210 train_time:43177ms step_avg:48.35ms
step:894/1210 train_time:43262ms step_avg:48.39ms
step:895/1210 train_time:43341ms step_avg:48.43ms
step:896/1210 train_time:43427ms step_avg:48.47ms
step:897/1210 train_time:43506ms step_avg:48.50ms
step:898/1210 train_time:43591ms step_avg:48.54ms
step:899/1210 train_time:43669ms step_avg:48.57ms
step:900/1210 train_time:43755ms step_avg:48.62ms
step:901/1210 train_time:43834ms step_avg:48.65ms
step:902/1210 train_time:43918ms step_avg:48.69ms
step:903/1210 train_time:43996ms step_avg:48.72ms
step:904/1210 train_time:44078ms step_avg:48.76ms
step:905/1210 train_time:44157ms step_avg:48.79ms
step:906/1210 train_time:44241ms step_avg:48.83ms
step:907/1210 train_time:44320ms step_avg:48.86ms
step:908/1210 train_time:44404ms step_avg:48.90ms
step:909/1210 train_time:44485ms step_avg:48.94ms
step:910/1210 train_time:44569ms step_avg:48.98ms
step:911/1210 train_time:44649ms step_avg:49.01ms
step:912/1210 train_time:44733ms step_avg:49.05ms
step:913/1210 train_time:44811ms step_avg:49.08ms
step:914/1210 train_time:44895ms step_avg:49.12ms
step:915/1210 train_time:44973ms step_avg:49.15ms
step:916/1210 train_time:45057ms step_avg:49.19ms
step:917/1210 train_time:45135ms step_avg:49.22ms
step:918/1210 train_time:45218ms step_avg:49.26ms
step:919/1210 train_time:45298ms step_avg:49.29ms
step:920/1210 train_time:45384ms step_avg:49.33ms
step:921/1210 train_time:45463ms step_avg:49.36ms
step:922/1210 train_time:45548ms step_avg:49.40ms
step:923/1210 train_time:45627ms step_avg:49.43ms
step:924/1210 train_time:45711ms step_avg:49.47ms
step:925/1210 train_time:45789ms step_avg:49.50ms
step:926/1210 train_time:45874ms step_avg:49.54ms
step:927/1210 train_time:45952ms step_avg:49.57ms
step:928/1210 train_time:46037ms step_avg:49.61ms
step:929/1210 train_time:46115ms step_avg:49.64ms
step:930/1210 train_time:46198ms step_avg:49.68ms
step:931/1210 train_time:46278ms step_avg:49.71ms
step:932/1210 train_time:46362ms step_avg:49.74ms
step:933/1210 train_time:46441ms step_avg:49.78ms
step:934/1210 train_time:46526ms step_avg:49.81ms
step:935/1210 train_time:46605ms step_avg:49.85ms
step:936/1210 train_time:46690ms step_avg:49.88ms
step:937/1210 train_time:46769ms step_avg:49.91ms
step:938/1210 train_time:46854ms step_avg:49.95ms
step:939/1210 train_time:46933ms step_avg:49.98ms
step:940/1210 train_time:47017ms step_avg:50.02ms
step:941/1210 train_time:47096ms step_avg:50.05ms
step:942/1210 train_time:47180ms step_avg:50.08ms
step:943/1210 train_time:47257ms step_avg:50.11ms
step:944/1210 train_time:47341ms step_avg:50.15ms
step:945/1210 train_time:47420ms step_avg:50.18ms
step:946/1210 train_time:47504ms step_avg:50.22ms
step:947/1210 train_time:47583ms step_avg:50.25ms
step:948/1210 train_time:47669ms step_avg:50.28ms
step:949/1210 train_time:47748ms step_avg:50.31ms
step:950/1210 train_time:47833ms step_avg:50.35ms
step:951/1210 train_time:47911ms step_avg:50.38ms
step:952/1210 train_time:47996ms step_avg:50.42ms
step:953/1210 train_time:48074ms step_avg:50.45ms
step:954/1210 train_time:48158ms step_avg:50.48ms
step:955/1210 train_time:48237ms step_avg:50.51ms
step:956/1210 train_time:48320ms step_avg:50.54ms
step:957/1210 train_time:48398ms step_avg:50.57ms
step:958/1210 train_time:48483ms step_avg:50.61ms
step:959/1210 train_time:48563ms step_avg:50.64ms
step:960/1210 train_time:48647ms step_avg:50.67ms
step:961/1210 train_time:48726ms step_avg:50.70ms
step:962/1210 train_time:48812ms step_avg:50.74ms
step:963/1210 train_time:48891ms step_avg:50.77ms
step:964/1210 train_time:48976ms step_avg:50.80ms
step:965/1210 train_time:49056ms step_avg:50.83ms
step:966/1210 train_time:49140ms step_avg:50.87ms
step:967/1210 train_time:49217ms step_avg:50.90ms
step:968/1210 train_time:49301ms step_avg:50.93ms
step:969/1210 train_time:49379ms step_avg:50.96ms
step:970/1210 train_time:49464ms step_avg:50.99ms
step:971/1210 train_time:49544ms step_avg:51.02ms
step:972/1210 train_time:49628ms step_avg:51.06ms
step:973/1210 train_time:49706ms step_avg:51.09ms
step:974/1210 train_time:49793ms step_avg:51.12ms
step:975/1210 train_time:49872ms step_avg:51.15ms
step:976/1210 train_time:49956ms step_avg:51.18ms
step:977/1210 train_time:50035ms step_avg:51.21ms
step:978/1210 train_time:50117ms step_avg:51.24ms
step:979/1210 train_time:50196ms step_avg:51.27ms
step:980/1210 train_time:50281ms step_avg:51.31ms
step:981/1210 train_time:50359ms step_avg:51.33ms
step:982/1210 train_time:50443ms step_avg:51.37ms
step:983/1210 train_time:50520ms step_avg:51.39ms
step:984/1210 train_time:50607ms step_avg:51.43ms
step:985/1210 train_time:50686ms step_avg:51.46ms
step:986/1210 train_time:50771ms step_avg:51.49ms
step:987/1210 train_time:50851ms step_avg:51.52ms
step:988/1210 train_time:50936ms step_avg:51.55ms
step:989/1210 train_time:51015ms step_avg:51.58ms
step:990/1210 train_time:51098ms step_avg:51.61ms
step:991/1210 train_time:51176ms step_avg:51.64ms
step:992/1210 train_time:51260ms step_avg:51.67ms
step:993/1210 train_time:51338ms step_avg:51.70ms
step:994/1210 train_time:51423ms step_avg:51.73ms
step:995/1210 train_time:51502ms step_avg:51.76ms
step:996/1210 train_time:51589ms step_avg:51.80ms
step:997/1210 train_time:51669ms step_avg:51.82ms
step:998/1210 train_time:51754ms step_avg:51.86ms
step:999/1210 train_time:51833ms step_avg:51.88ms
step:1000/1210 train_time:51917ms step_avg:51.92ms
step:1000/1210 val_loss:3.4166 train_time:52008ms step_avg:52.01ms
step:1001/1210 train_time:52031ms step_avg:51.98ms
step:1002/1210 train_time:52084ms step_avg:51.98ms
step:1003/1210 train_time:52172ms step_avg:52.02ms
step:1004/1210 train_time:52256ms step_avg:52.05ms
step:1005/1210 train_time:52336ms step_avg:52.08ms
step:1006/1210 train_time:52420ms step_avg:52.11ms
step:1007/1210 train_time:52497ms step_avg:52.13ms
step:1008/1210 train_time:52581ms step_avg:52.16ms
step:1009/1210 train_time:52659ms step_avg:52.19ms
step:1010/1210 train_time:52741ms step_avg:52.22ms
step:1011/1210 train_time:52819ms step_avg:52.24ms
step:1012/1210 train_time:52901ms step_avg:52.27ms
step:1013/1210 train_time:52981ms step_avg:52.30ms
step:1014/1210 train_time:53066ms step_avg:52.33ms
step:1015/1210 train_time:53145ms step_avg:52.36ms
step:1016/1210 train_time:53230ms step_avg:52.39ms
step:1017/1210 train_time:53309ms step_avg:52.42ms
step:1018/1210 train_time:53394ms step_avg:52.45ms
step:1019/1210 train_time:53472ms step_avg:52.48ms
step:1020/1210 train_time:53556ms step_avg:52.51ms
step:1021/1210 train_time:53634ms step_avg:52.53ms
step:1022/1210 train_time:53718ms step_avg:52.56ms
step:1023/1210 train_time:53796ms step_avg:52.59ms
step:1024/1210 train_time:53880ms step_avg:52.62ms
step:1025/1210 train_time:53956ms step_avg:52.64ms
step:1026/1210 train_time:54042ms step_avg:52.67ms
step:1027/1210 train_time:54121ms step_avg:52.70ms
step:1028/1210 train_time:54207ms step_avg:52.73ms
step:1029/1210 train_time:54287ms step_avg:52.76ms
step:1030/1210 train_time:54372ms step_avg:52.79ms
step:1031/1210 train_time:54450ms step_avg:52.81ms
step:1032/1210 train_time:54535ms step_avg:52.84ms
step:1033/1210 train_time:54613ms step_avg:52.87ms
step:1034/1210 train_time:54697ms step_avg:52.90ms
step:1035/1210 train_time:54777ms step_avg:52.92ms
step:1036/1210 train_time:54861ms step_avg:52.95ms
step:1037/1210 train_time:54939ms step_avg:52.98ms
step:1038/1210 train_time:55023ms step_avg:53.01ms
step:1039/1210 train_time:55103ms step_avg:53.03ms
step:1040/1210 train_time:55188ms step_avg:53.07ms
step:1041/1210 train_time:55268ms step_avg:53.09ms
step:1042/1210 train_time:55352ms step_avg:53.12ms
step:1043/1210 train_time:55430ms step_avg:53.14ms
step:1044/1210 train_time:55514ms step_avg:53.17ms
step:1045/1210 train_time:55593ms step_avg:53.20ms
step:1046/1210 train_time:55678ms step_avg:53.23ms
step:1047/1210 train_time:55757ms step_avg:53.25ms
step:1048/1210 train_time:55841ms step_avg:53.28ms
step:1049/1210 train_time:55922ms step_avg:53.31ms
step:1050/1210 train_time:56006ms step_avg:53.34ms
step:1051/1210 train_time:56085ms step_avg:53.36ms
step:1052/1210 train_time:56170ms step_avg:53.39ms
step:1053/1210 train_time:56249ms step_avg:53.42ms
step:1054/1210 train_time:56333ms step_avg:53.45ms
step:1055/1210 train_time:56413ms step_avg:53.47ms
step:1056/1210 train_time:56497ms step_avg:53.50ms
step:1057/1210 train_time:56576ms step_avg:53.53ms
step:1058/1210 train_time:56660ms step_avg:53.55ms
step:1059/1210 train_time:56739ms step_avg:53.58ms
step:1060/1210 train_time:56822ms step_avg:53.61ms
step:1061/1210 train_time:56901ms step_avg:53.63ms
step:1062/1210 train_time:56985ms step_avg:53.66ms
step:1063/1210 train_time:57064ms step_avg:53.68ms
step:1064/1210 train_time:57148ms step_avg:53.71ms
step:1065/1210 train_time:57226ms step_avg:53.73ms
step:1066/1210 train_time:57310ms step_avg:53.76ms
step:1067/1210 train_time:57388ms step_avg:53.78ms
step:1068/1210 train_time:57473ms step_avg:53.81ms
step:1069/1210 train_time:57553ms step_avg:53.84ms
step:1070/1210 train_time:57637ms step_avg:53.87ms
step:1071/1210 train_time:57717ms step_avg:53.89ms
step:1072/1210 train_time:57802ms step_avg:53.92ms
step:1073/1210 train_time:57881ms step_avg:53.94ms
step:1074/1210 train_time:57965ms step_avg:53.97ms
step:1075/1210 train_time:58042ms step_avg:53.99ms
step:1076/1210 train_time:58126ms step_avg:54.02ms
step:1077/1210 train_time:58204ms step_avg:54.04ms
step:1078/1210 train_time:58289ms step_avg:54.07ms
step:1079/1210 train_time:58368ms step_avg:54.09ms
step:1080/1210 train_time:58453ms step_avg:54.12ms
step:1081/1210 train_time:58531ms step_avg:54.15ms
step:1082/1210 train_time:58618ms step_avg:54.18ms
step:1083/1210 train_time:58696ms step_avg:54.20ms
step:1084/1210 train_time:58782ms step_avg:54.23ms
step:1085/1210 train_time:58862ms step_avg:54.25ms
step:1086/1210 train_time:58947ms step_avg:54.28ms
step:1087/1210 train_time:59025ms step_avg:54.30ms
step:1088/1210 train_time:59108ms step_avg:54.33ms
step:1089/1210 train_time:59187ms step_avg:54.35ms
step:1090/1210 train_time:59271ms step_avg:54.38ms
step:1091/1210 train_time:59349ms step_avg:54.40ms
step:1092/1210 train_time:59433ms step_avg:54.43ms
step:1093/1210 train_time:59512ms step_avg:54.45ms
step:1094/1210 train_time:59596ms step_avg:54.48ms
step:1095/1210 train_time:59677ms step_avg:54.50ms
step:1096/1210 train_time:59762ms step_avg:54.53ms
step:1097/1210 train_time:59840ms step_avg:54.55ms
step:1098/1210 train_time:59924ms step_avg:54.58ms
step:1099/1210 train_time:60002ms step_avg:54.60ms
step:1100/1210 train_time:60085ms step_avg:54.62ms
step:1101/1210 train_time:60165ms step_avg:54.65ms
step:1102/1210 train_time:60248ms step_avg:54.67ms
step:1103/1210 train_time:60326ms step_avg:54.69ms
step:1104/1210 train_time:60411ms step_avg:54.72ms
step:1105/1210 train_time:60490ms step_avg:54.74ms
step:1106/1210 train_time:60574ms step_avg:54.77ms
step:1107/1210 train_time:60654ms step_avg:54.79ms
step:1108/1210 train_time:60738ms step_avg:54.82ms
step:1109/1210 train_time:60817ms step_avg:54.84ms
step:1110/1210 train_time:60902ms step_avg:54.87ms
step:1111/1210 train_time:60980ms step_avg:54.89ms
step:1112/1210 train_time:61064ms step_avg:54.91ms
step:1113/1210 train_time:61144ms step_avg:54.94ms
step:1114/1210 train_time:61228ms step_avg:54.96ms
step:1115/1210 train_time:61306ms step_avg:54.98ms
step:1116/1210 train_time:61389ms step_avg:55.01ms
step:1117/1210 train_time:61468ms step_avg:55.03ms
step:1118/1210 train_time:61552ms step_avg:55.06ms
step:1119/1210 train_time:61631ms step_avg:55.08ms
step:1120/1210 train_time:61716ms step_avg:55.10ms
step:1121/1210 train_time:61796ms step_avg:55.13ms
step:1122/1210 train_time:61881ms step_avg:55.15ms
step:1123/1210 train_time:61959ms step_avg:55.17ms
step:1124/1210 train_time:62043ms step_avg:55.20ms
step:1125/1210 train_time:62121ms step_avg:55.22ms
step:1126/1210 train_time:62205ms step_avg:55.24ms
step:1127/1210 train_time:62283ms step_avg:55.26ms
step:1128/1210 train_time:62367ms step_avg:55.29ms
step:1129/1210 train_time:62446ms step_avg:55.31ms
step:1130/1210 train_time:62530ms step_avg:55.34ms
step:1131/1210 train_time:62609ms step_avg:55.36ms
step:1132/1210 train_time:62693ms step_avg:55.38ms
step:1133/1210 train_time:62775ms step_avg:55.41ms
step:1134/1210 train_time:62859ms step_avg:55.43ms
step:1135/1210 train_time:62937ms step_avg:55.45ms
step:1136/1210 train_time:63022ms step_avg:55.48ms
step:1137/1210 train_time:63100ms step_avg:55.50ms
step:1138/1210 train_time:63184ms step_avg:55.52ms
step:1139/1210 train_time:63262ms step_avg:55.54ms
step:1140/1210 train_time:63344ms step_avg:55.56ms
step:1141/1210 train_time:63423ms step_avg:55.59ms
step:1142/1210 train_time:63507ms step_avg:55.61ms
step:1143/1210 train_time:63586ms step_avg:55.63ms
step:1144/1210 train_time:63671ms step_avg:55.66ms
step:1145/1210 train_time:63750ms step_avg:55.68ms
step:1146/1210 train_time:63835ms step_avg:55.70ms
step:1147/1210 train_time:63913ms step_avg:55.72ms
step:1148/1210 train_time:63997ms step_avg:55.75ms
step:1149/1210 train_time:64076ms step_avg:55.77ms
step:1150/1210 train_time:64161ms step_avg:55.79ms
step:1151/1210 train_time:64239ms step_avg:55.81ms
step:1152/1210 train_time:64323ms step_avg:55.84ms
step:1153/1210 train_time:64400ms step_avg:55.85ms
step:1154/1210 train_time:64484ms step_avg:55.88ms
step:1155/1210 train_time:64564ms step_avg:55.90ms
step:1156/1210 train_time:64648ms step_avg:55.92ms
step:1157/1210 train_time:64726ms step_avg:55.94ms
step:1158/1210 train_time:64811ms step_avg:55.97ms
step:1159/1210 train_time:64889ms step_avg:55.99ms
step:1160/1210 train_time:64975ms step_avg:56.01ms
step:1161/1210 train_time:65053ms step_avg:56.03ms
step:1162/1210 train_time:65138ms step_avg:56.06ms
step:1163/1210 train_time:65217ms step_avg:56.08ms
step:1164/1210 train_time:65301ms step_avg:56.10ms
step:1165/1210 train_time:65380ms step_avg:56.12ms
step:1166/1210 train_time:65463ms step_avg:56.14ms
step:1167/1210 train_time:65541ms step_avg:56.16ms
step:1168/1210 train_time:65625ms step_avg:56.19ms
step:1169/1210 train_time:65706ms step_avg:56.21ms
step:1170/1210 train_time:65790ms step_avg:56.23ms
step:1171/1210 train_time:65870ms step_avg:56.25ms
step:1172/1210 train_time:65962ms step_avg:56.28ms
step:1173/1210 train_time:66039ms step_avg:56.30ms
step:1174/1210 train_time:66124ms step_avg:56.32ms
step:1175/1210 train_time:66204ms step_avg:56.34ms
step:1176/1210 train_time:66288ms step_avg:56.37ms
step:1177/1210 train_time:66368ms step_avg:56.39ms
step:1178/1210 train_time:66450ms step_avg:56.41ms
step:1179/1210 train_time:66529ms step_avg:56.43ms
step:1180/1210 train_time:66614ms step_avg:56.45ms
step:1181/1210 train_time:66693ms step_avg:56.47ms
step:1182/1210 train_time:66779ms step_avg:56.50ms
step:1183/1210 train_time:66859ms step_avg:56.52ms
step:1184/1210 train_time:66943ms step_avg:56.54ms
step:1185/1210 train_time:67022ms step_avg:56.56ms
step:1186/1210 train_time:67104ms step_avg:56.58ms
step:1187/1210 train_time:67184ms step_avg:56.60ms
step:1188/1210 train_time:67269ms step_avg:56.62ms
step:1189/1210 train_time:67347ms step_avg:56.64ms
step:1190/1210 train_time:67432ms step_avg:56.67ms
step:1191/1210 train_time:67511ms step_avg:56.68ms
step:1192/1210 train_time:67596ms step_avg:56.71ms
step:1193/1210 train_time:67676ms step_avg:56.73ms
step:1194/1210 train_time:67761ms step_avg:56.75ms
step:1195/1210 train_time:67839ms step_avg:56.77ms
step:1196/1210 train_time:67925ms step_avg:56.79ms
step:1197/1210 train_time:68005ms step_avg:56.81ms
step:1198/1210 train_time:68089ms step_avg:56.84ms
step:1199/1210 train_time:68169ms step_avg:56.85ms
step:1200/1210 train_time:68254ms step_avg:56.88ms
step:1201/1210 train_time:68333ms step_avg:56.90ms
step:1202/1210 train_time:68418ms step_avg:56.92ms
step:1203/1210 train_time:68496ms step_avg:56.94ms
step:1204/1210 train_time:68581ms step_avg:56.96ms
step:1205/1210 train_time:68659ms step_avg:56.98ms
step:1206/1210 train_time:68743ms step_avg:57.00ms
step:1207/1210 train_time:68822ms step_avg:57.02ms
step:1208/1210 train_time:68908ms step_avg:57.04ms
step:1209/1210 train_time:68986ms step_avg:57.06ms
step:1210/1210 train_time:69070ms step_avg:57.08ms
step:1210/1210 val_loss:3.3170 train_time:69159ms step_avg:57.16ms
peak memory allocated: 31314 MiB reserved: 46090 MiB
