W0420 03:41:21.670000 54665 torch/distributed/run.py:852] 
W0420 03:41:21.670000 54665 torch/distributed/run.py:852] *****************************************
W0420 03:41:21.670000 54665 torch/distributed/run.py:852] Setting OMP_NUM_THREADS environment variable for each process to be 1 in default, to avoid your system being overloaded, please further tune the variable for optimal performance in your application as needed. 
W0420 03:41:21.670000 54665 torch/distributed/run.py:852] *****************************************
[Gloo] Rank 1 is connected to 7 peer ranks. Expected number of connected peer ranks is : 7
[Gloo] Rank 3 is connected to 7 peer ranks. Expected number of connected peer ranks is : 7[Gloo] Rank 
0 is connected to 7 peer ranks. Expected number of connected peer ranks is : 7
[Gloo] Rank 2 is connected to 7 peer ranks. Expected number of connected peer ranks is : [Gloo] Rank 77
 is connected to 7 peer ranks. Expected number of connected peer ranks is : 7
[Gloo] Rank 4 is connected to 7 peer ranks. Expected number of connected peer ranks is : 7
[Gloo] Rank 6[Gloo] Rank  is connected to 57 is connected to  peer ranks. 7Expected number of connected peer ranks is :  peer ranks. 7Expected number of connected peer ranks is : 
7
Warning: You are sending unauthenticated requests to the HF Hub. Please set a HF_TOKEN to enable higher rate limits and faster downloads.
Warning: You are sending unauthenticated requests to the HF Hub. Please set a HF_TOKEN to enable higher rate limits and faster downloads.
Warning: You are sending unauthenticated requests to the HF Hub. Please set a HF_TOKEN to enable higher rate limits and faster downloads.
Fetching 4 files:   0%|          | 0/4 [00:00<?, ?it/s]Fetching 4 files: 100%|██████████| 4/4 [00:00<00:00, 5596.14it/s]
Fetching 4 files:   0%|          | 0/4 [00:00<?, ?it/s]Fetching 4 files: 100%|██████████| 4/4 [00:00<00:00, 5635.61it/s]
Fetching 4 files:   0%|          | 0/4 [00:00<?, ?it/s]Fetching 4 files: 100%|██████████| 4/4 [00:00<00:00, 5666.06it/s]
Fetching 4 files:   0%|          | 0/4 [00:00<?, ?it/s]Fetching 4 files:   0%|          | 0/4 [00:00<?, ?it/s]Fetching 4 files: 100%|██████████| 4/4 [00:00<00:00, 5208.70it/s]
Fetching 4 files:   0%|          | 0/4 [00:00<?, ?it/s]Fetching 4 files: 100%|██████████| 4/4 [00:00<00:00, 5497.12it/s]
Fetching 4 files: 100%|██████████| 4/4 [00:00<00:00, 5509.76it/s]
Fetching 4 files:   0%|          | 0/4 [00:00<?, ?it/s]Fetching 4 files: 100%|██████████| 4/4 [00:00<00:00, 22429.43it/s]
logs/16a1c66a-6372-486e-ba39-91d604f820a9.txt
Fetching 4 files:   0%|          | 0/4 [00:00<?, ?it/s]Fetching 4 files: 100%|██████████| 4/4 [00:00<00:00, 3668.75it/s]
Compiling model and warming up kernels (~7 minutes on first execution)
Sampling steps [0, 1, 398, 399, 400, 401, 798, 799, 800, 801, 1198, 1199, 1200, 1201] for warmup
Resetting Model
step:0/1240 val_loss:10.8292 train_time:0ms step_avg:0.04ms
step:1/1240 train_time:69ms step_avg:68.56ms
step:2/1240 train_time:104ms step_avg:51.80ms
step:3/1240 train_time:126ms step_avg:41.93ms
step:4/1240 train_time:163ms step_avg:40.66ms
step:5/1240 train_time:184ms step_avg:36.78ms
step:6/1240 train_time:219ms step_avg:36.45ms
step:7/1240 train_time:245ms step_avg:35.00ms
step:8/1240 train_time:279ms step_avg:34.88ms
step:9/1240 train_time:305ms step_avg:33.94ms
step:10/1240 train_time:341ms step_avg:34.06ms
step:11/1240 train_time:368ms step_avg:33.43ms
step:12/1240 train_time:403ms step_avg:33.55ms
step:13/1240 train_time:430ms step_avg:33.07ms
step:14/1240 train_time:465ms step_avg:33.19ms
step:15/1240 train_time:492ms step_avg:32.78ms
step:16/1240 train_time:528ms step_avg:33.01ms
step:17/1240 train_time:555ms step_avg:32.64ms
step:18/1240 train_time:590ms step_avg:32.78ms
step:19/1240 train_time:617ms step_avg:32.45ms
step:20/1240 train_time:652ms step_avg:32.59ms
step:21/1240 train_time:679ms step_avg:32.32ms
step:22/1240 train_time:714ms step_avg:32.44ms
step:23/1240 train_time:741ms step_avg:32.20ms
step:24/1240 train_time:776ms step_avg:32.32ms
step:25/1240 train_time:802ms step_avg:32.10ms
step:26/1240 train_time:838ms step_avg:32.22ms
step:27/1240 train_time:863ms step_avg:31.97ms
step:28/1240 train_time:898ms step_avg:32.07ms
step:29/1240 train_time:926ms step_avg:31.93ms
step:30/1240 train_time:962ms step_avg:32.07ms
step:31/1240 train_time:989ms step_avg:31.89ms
step:32/1240 train_time:1024ms step_avg:32.00ms
step:33/1240 train_time:1054ms step_avg:31.93ms
step:34/1240 train_time:1090ms step_avg:32.06ms
step:35/1240 train_time:1117ms step_avg:31.92ms
step:36/1240 train_time:1153ms step_avg:32.02ms
step:37/1240 train_time:1180ms step_avg:31.89ms
step:38/1240 train_time:1216ms step_avg:31.99ms
step:39/1240 train_time:1242ms step_avg:31.85ms
step:40/1240 train_time:1278ms step_avg:31.94ms
step:41/1240 train_time:1304ms step_avg:31.81ms
step:42/1240 train_time:1340ms step_avg:31.90ms
step:43/1240 train_time:1366ms step_avg:31.78ms
step:44/1240 train_time:1402ms step_avg:31.85ms
step:45/1240 train_time:1430ms step_avg:31.78ms
step:46/1240 train_time:1466ms step_avg:31.86ms
step:47/1240 train_time:1492ms step_avg:31.74ms
step:48/1240 train_time:1527ms step_avg:31.80ms
step:49/1240 train_time:1554ms step_avg:31.71ms
step:50/1240 train_time:1589ms step_avg:31.78ms
step:51/1240 train_time:1616ms step_avg:31.68ms
step:52/1240 train_time:1651ms step_avg:31.75ms
step:53/1240 train_time:1678ms step_avg:31.66ms
step:54/1240 train_time:1713ms step_avg:31.73ms
step:55/1240 train_time:1739ms step_avg:31.62ms
step:56/1240 train_time:1774ms step_avg:31.68ms
step:57/1240 train_time:1802ms step_avg:31.62ms
step:58/1240 train_time:1838ms step_avg:31.69ms
step:59/1240 train_time:1865ms step_avg:31.60ms
step:60/1240 train_time:1900ms step_avg:31.66ms
step:61/1240 train_time:1927ms step_avg:31.58ms
step:62/1240 train_time:1962ms step_avg:31.64ms
step:63/1240 train_time:1990ms step_avg:31.58ms
step:64/1240 train_time:2024ms step_avg:31.63ms
step:65/1240 train_time:2052ms step_avg:31.57ms
step:66/1240 train_time:2087ms step_avg:31.63ms
step:67/1240 train_time:2114ms step_avg:31.55ms
step:68/1240 train_time:2150ms step_avg:31.61ms
step:69/1240 train_time:2177ms step_avg:31.55ms
step:70/1240 train_time:2212ms step_avg:31.60ms
step:71/1240 train_time:2239ms step_avg:31.54ms
step:72/1240 train_time:2274ms step_avg:31.59ms
step:73/1240 train_time:2301ms step_avg:31.52ms
step:74/1240 train_time:2336ms step_avg:31.57ms
step:75/1240 train_time:2363ms step_avg:31.51ms
step:76/1240 train_time:2398ms step_avg:31.56ms
step:77/1240 train_time:2425ms step_avg:31.49ms
step:78/1240 train_time:2461ms step_avg:31.55ms
step:79/1240 train_time:2488ms step_avg:31.50ms
step:80/1240 train_time:2523ms step_avg:31.54ms
step:81/1240 train_time:2550ms step_avg:31.49ms
step:82/1240 train_time:2586ms step_avg:31.53ms
step:83/1240 train_time:2613ms step_avg:31.48ms
step:84/1240 train_time:2648ms step_avg:31.52ms
step:85/1240 train_time:2675ms step_avg:31.47ms
step:86/1240 train_time:2710ms step_avg:31.51ms
step:87/1240 train_time:2737ms step_avg:31.46ms
step:88/1240 train_time:2772ms step_avg:31.50ms
step:89/1240 train_time:2799ms step_avg:31.45ms
step:90/1240 train_time:2834ms step_avg:31.48ms
step:91/1240 train_time:2861ms step_avg:31.44ms
step:92/1240 train_time:2896ms step_avg:31.48ms
step:93/1240 train_time:2923ms step_avg:31.43ms
step:94/1240 train_time:2958ms step_avg:31.47ms
step:95/1240 train_time:2985ms step_avg:31.42ms
step:96/1240 train_time:3020ms step_avg:31.46ms
step:97/1240 train_time:3047ms step_avg:31.41ms
step:98/1240 train_time:3083ms step_avg:31.46ms
step:99/1240 train_time:3109ms step_avg:31.41ms
step:100/1240 train_time:3144ms step_avg:31.44ms
step:101/1240 train_time:3171ms step_avg:31.39ms
step:102/1240 train_time:3206ms step_avg:31.43ms
step:103/1240 train_time:3233ms step_avg:31.39ms
step:104/1240 train_time:3268ms step_avg:31.42ms
step:105/1240 train_time:3295ms step_avg:31.38ms
step:106/1240 train_time:3330ms step_avg:31.41ms
step:107/1240 train_time:3357ms step_avg:31.37ms
step:108/1240 train_time:3392ms step_avg:31.41ms
step:109/1240 train_time:3419ms step_avg:31.37ms
step:110/1240 train_time:3455ms step_avg:31.41ms
step:111/1240 train_time:3482ms step_avg:31.37ms
step:112/1240 train_time:3517ms step_avg:31.40ms
step:113/1240 train_time:3543ms step_avg:31.36ms
step:114/1240 train_time:3580ms step_avg:31.40ms
step:115/1240 train_time:3606ms step_avg:31.36ms
step:116/1240 train_time:3641ms step_avg:31.39ms
step:117/1240 train_time:3668ms step_avg:31.35ms
step:118/1240 train_time:3703ms step_avg:31.38ms
step:119/1240 train_time:3731ms step_avg:31.35ms
step:120/1240 train_time:3766ms step_avg:31.38ms
step:121/1240 train_time:3793ms step_avg:31.35ms
step:122/1240 train_time:3828ms step_avg:31.37ms
step:123/1240 train_time:3855ms step_avg:31.34ms
step:124/1240 train_time:3890ms step_avg:31.37ms
step:125/1240 train_time:3917ms step_avg:31.33ms
step:126/1240 train_time:3952ms step_avg:31.37ms
step:127/1240 train_time:3979ms step_avg:31.33ms
step:128/1240 train_time:4015ms step_avg:31.36ms
step:129/1240 train_time:4041ms step_avg:31.33ms
step:130/1240 train_time:4077ms step_avg:31.36ms
step:131/1240 train_time:4104ms step_avg:31.33ms
step:132/1240 train_time:4139ms step_avg:31.36ms
step:133/1240 train_time:4165ms step_avg:31.32ms
step:134/1240 train_time:4201ms step_avg:31.35ms
step:135/1240 train_time:4228ms step_avg:31.32ms
step:136/1240 train_time:4263ms step_avg:31.34ms
step:137/1240 train_time:4290ms step_avg:31.31ms
step:138/1240 train_time:4325ms step_avg:31.34ms
step:139/1240 train_time:4352ms step_avg:31.31ms
step:140/1240 train_time:4388ms step_avg:31.34ms
step:141/1240 train_time:4414ms step_avg:31.30ms
step:142/1240 train_time:4449ms step_avg:31.33ms
step:143/1240 train_time:4476ms step_avg:31.30ms
step:144/1240 train_time:4511ms step_avg:31.33ms
step:145/1240 train_time:4538ms step_avg:31.30ms
step:146/1240 train_time:4574ms step_avg:31.33ms
step:147/1240 train_time:4601ms step_avg:31.30ms
step:148/1240 train_time:4641ms step_avg:31.36ms
step:149/1240 train_time:4663ms step_avg:31.29ms
step:150/1240 train_time:4698ms step_avg:31.32ms
step:151/1240 train_time:4724ms step_avg:31.29ms
step:152/1240 train_time:4759ms step_avg:31.31ms
step:153/1240 train_time:4786ms step_avg:31.28ms
step:154/1240 train_time:4821ms step_avg:31.31ms
step:155/1240 train_time:4849ms step_avg:31.28ms
step:156/1240 train_time:4884ms step_avg:31.31ms
step:157/1240 train_time:4911ms step_avg:31.28ms
step:158/1240 train_time:4945ms step_avg:31.30ms
step:159/1240 train_time:4973ms step_avg:31.27ms
step:160/1240 train_time:5008ms step_avg:31.30ms
step:161/1240 train_time:5035ms step_avg:31.27ms
step:162/1240 train_time:5070ms step_avg:31.29ms
step:163/1240 train_time:5097ms step_avg:31.27ms
step:164/1240 train_time:5132ms step_avg:31.29ms
step:165/1240 train_time:5158ms step_avg:31.26ms
step:166/1240 train_time:5194ms step_avg:31.29ms
step:167/1240 train_time:5220ms step_avg:31.26ms
step:168/1240 train_time:5256ms step_avg:31.28ms
step:169/1240 train_time:5282ms step_avg:31.26ms
step:170/1240 train_time:5318ms step_avg:31.28ms
step:171/1240 train_time:5344ms step_avg:31.25ms
step:172/1240 train_time:5379ms step_avg:31.28ms
step:173/1240 train_time:5406ms step_avg:31.25ms
step:174/1240 train_time:5441ms step_avg:31.27ms
step:175/1240 train_time:5469ms step_avg:31.25ms
step:176/1240 train_time:5504ms step_avg:31.27ms
step:177/1240 train_time:5531ms step_avg:31.25ms
step:178/1240 train_time:5566ms step_avg:31.27ms
step:179/1240 train_time:5593ms step_avg:31.25ms
step:180/1240 train_time:5628ms step_avg:31.27ms
step:181/1240 train_time:5656ms step_avg:31.25ms
step:182/1240 train_time:5692ms step_avg:31.28ms
step:183/1240 train_time:5718ms step_avg:31.25ms
step:184/1240 train_time:5754ms step_avg:31.27ms
step:185/1240 train_time:5781ms step_avg:31.25ms
step:186/1240 train_time:5816ms step_avg:31.27ms
step:187/1240 train_time:5843ms step_avg:31.24ms
step:188/1240 train_time:5878ms step_avg:31.26ms
step:189/1240 train_time:5904ms step_avg:31.24ms
step:190/1240 train_time:5940ms step_avg:31.26ms
step:191/1240 train_time:5966ms step_avg:31.24ms
step:192/1240 train_time:6001ms step_avg:31.26ms
step:193/1240 train_time:6029ms step_avg:31.24ms
step:194/1240 train_time:6064ms step_avg:31.26ms
step:195/1240 train_time:6091ms step_avg:31.24ms
step:196/1240 train_time:6126ms step_avg:31.26ms
step:197/1240 train_time:6153ms step_avg:31.23ms
step:198/1240 train_time:6188ms step_avg:31.25ms
step:199/1240 train_time:6215ms step_avg:31.23ms
step:200/1240 train_time:6251ms step_avg:31.26ms
step:201/1240 train_time:6277ms step_avg:31.23ms
step:202/1240 train_time:6312ms step_avg:31.25ms
step:203/1240 train_time:6339ms step_avg:31.23ms
step:204/1240 train_time:6374ms step_avg:31.25ms
step:205/1240 train_time:6401ms step_avg:31.22ms
step:206/1240 train_time:6436ms step_avg:31.24ms
step:207/1240 train_time:6462ms step_avg:31.22ms
step:208/1240 train_time:6498ms step_avg:31.24ms
step:209/1240 train_time:6524ms step_avg:31.22ms
step:210/1240 train_time:6559ms step_avg:31.23ms
step:211/1240 train_time:6586ms step_avg:31.21ms
step:212/1240 train_time:6621ms step_avg:31.23ms
step:213/1240 train_time:6649ms step_avg:31.21ms
step:214/1240 train_time:6684ms step_avg:31.23ms
step:215/1240 train_time:6710ms step_avg:31.21ms
step:216/1240 train_time:6745ms step_avg:31.23ms
step:217/1240 train_time:6772ms step_avg:31.21ms
step:218/1240 train_time:6807ms step_avg:31.23ms
step:219/1240 train_time:6834ms step_avg:31.20ms
step:220/1240 train_time:6869ms step_avg:31.22ms
step:221/1240 train_time:6896ms step_avg:31.20ms
step:222/1240 train_time:6931ms step_avg:31.22ms
step:223/1240 train_time:6958ms step_avg:31.20ms
step:224/1240 train_time:6993ms step_avg:31.22ms
step:225/1240 train_time:7021ms step_avg:31.20ms
step:226/1240 train_time:7056ms step_avg:31.22ms
step:227/1240 train_time:7082ms step_avg:31.20ms
step:228/1240 train_time:7118ms step_avg:31.22ms
step:229/1240 train_time:7144ms step_avg:31.20ms
step:230/1240 train_time:7179ms step_avg:31.21ms
step:231/1240 train_time:7206ms step_avg:31.19ms
step:232/1240 train_time:7241ms step_avg:31.21ms
step:233/1240 train_time:7268ms step_avg:31.19ms
step:234/1240 train_time:7303ms step_avg:31.21ms
step:235/1240 train_time:7330ms step_avg:31.19ms
step:236/1240 train_time:7365ms step_avg:31.21ms
step:237/1240 train_time:7392ms step_avg:31.19ms
step:238/1240 train_time:7427ms step_avg:31.21ms
step:239/1240 train_time:7453ms step_avg:31.19ms
step:240/1240 train_time:7489ms step_avg:31.20ms
step:241/1240 train_time:7516ms step_avg:31.19ms
step:242/1240 train_time:7551ms step_avg:31.20ms
step:243/1240 train_time:7578ms step_avg:31.18ms
step:244/1240 train_time:7613ms step_avg:31.20ms
step:245/1240 train_time:7639ms step_avg:31.18ms
step:246/1240 train_time:7674ms step_avg:31.20ms
step:247/1240 train_time:7701ms step_avg:31.18ms
step:248/1240 train_time:7736ms step_avg:31.19ms
step:249/1240 train_time:7763ms step_avg:31.18ms
step:250/1240 train_time:7797ms step_avg:31.19ms
step:250/1240 val_loss:4.5012 train_time:7832ms step_avg:31.33ms
step:251/1240 train_time:7854ms step_avg:31.29ms
step:252/1240 train_time:7878ms step_avg:31.26ms
step:253/1240 train_time:7896ms step_avg:31.21ms
step:254/1240 train_time:7923ms step_avg:31.19ms
step:255/1240 train_time:7951ms step_avg:31.18ms
step:256/1240 train_time:7989ms step_avg:31.21ms
step:257/1240 train_time:8017ms step_avg:31.20ms
step:258/1240 train_time:8052ms step_avg:31.21ms
step:259/1240 train_time:8079ms step_avg:31.19ms
step:260/1240 train_time:8115ms step_avg:31.21ms
step:261/1240 train_time:8142ms step_avg:31.19ms
step:262/1240 train_time:8177ms step_avg:31.21ms
step:263/1240 train_time:8204ms step_avg:31.19ms
step:264/1240 train_time:8239ms step_avg:31.21ms
step:265/1240 train_time:8265ms step_avg:31.19ms
step:266/1240 train_time:8300ms step_avg:31.20ms
step:267/1240 train_time:8327ms step_avg:31.19ms
step:268/1240 train_time:8363ms step_avg:31.20ms
step:269/1240 train_time:8389ms step_avg:31.18ms
step:270/1240 train_time:8424ms step_avg:31.20ms
step:271/1240 train_time:8450ms step_avg:31.18ms
step:272/1240 train_time:8486ms step_avg:31.20ms
step:273/1240 train_time:8512ms step_avg:31.18ms
step:274/1240 train_time:8546ms step_avg:31.19ms
step:275/1240 train_time:8573ms step_avg:31.18ms
step:276/1240 train_time:8608ms step_avg:31.19ms
step:277/1240 train_time:8634ms step_avg:31.17ms
step:278/1240 train_time:8670ms step_avg:31.19ms
step:279/1240 train_time:8696ms step_avg:31.17ms
step:280/1240 train_time:8732ms step_avg:31.18ms
step:281/1240 train_time:8759ms step_avg:31.17ms
step:282/1240 train_time:8793ms step_avg:31.18ms
step:283/1240 train_time:8820ms step_avg:31.17ms
step:284/1240 train_time:8855ms step_avg:31.18ms
step:285/1240 train_time:8882ms step_avg:31.17ms
step:286/1240 train_time:8917ms step_avg:31.18ms
step:287/1240 train_time:8944ms step_avg:31.16ms
step:288/1240 train_time:8979ms step_avg:31.18ms
step:289/1240 train_time:9006ms step_avg:31.16ms
step:290/1240 train_time:9042ms step_avg:31.18ms
step:291/1240 train_time:9068ms step_avg:31.16ms
step:292/1240 train_time:9104ms step_avg:31.18ms
step:293/1240 train_time:9131ms step_avg:31.16ms
step:294/1240 train_time:9166ms step_avg:31.18ms
step:295/1240 train_time:9193ms step_avg:31.16ms
step:296/1240 train_time:9228ms step_avg:31.18ms
step:297/1240 train_time:9255ms step_avg:31.16ms
step:298/1240 train_time:9290ms step_avg:31.17ms
step:299/1240 train_time:9317ms step_avg:31.16ms
step:300/1240 train_time:9352ms step_avg:31.17ms
step:301/1240 train_time:9379ms step_avg:31.16ms
step:302/1240 train_time:9414ms step_avg:31.17ms
step:303/1240 train_time:9440ms step_avg:31.16ms
step:304/1240 train_time:9476ms step_avg:31.17ms
step:305/1240 train_time:9503ms step_avg:31.16ms
step:306/1240 train_time:9537ms step_avg:31.17ms
step:307/1240 train_time:9564ms step_avg:31.15ms
step:308/1240 train_time:9599ms step_avg:31.17ms
step:309/1240 train_time:9626ms step_avg:31.15ms
step:310/1240 train_time:9661ms step_avg:31.16ms
step:311/1240 train_time:9687ms step_avg:31.15ms
step:312/1240 train_time:9723ms step_avg:31.16ms
step:313/1240 train_time:9749ms step_avg:31.15ms
step:314/1240 train_time:9784ms step_avg:31.16ms
step:315/1240 train_time:9811ms step_avg:31.14ms
step:316/1240 train_time:9846ms step_avg:31.16ms
step:317/1240 train_time:9873ms step_avg:31.14ms
step:318/1240 train_time:9908ms step_avg:31.16ms
step:319/1240 train_time:9935ms step_avg:31.14ms
step:320/1240 train_time:9970ms step_avg:31.16ms
step:321/1240 train_time:9997ms step_avg:31.14ms
step:322/1240 train_time:10032ms step_avg:31.16ms
step:323/1240 train_time:10059ms step_avg:31.14ms
step:324/1240 train_time:10094ms step_avg:31.15ms
step:325/1240 train_time:10121ms step_avg:31.14ms
step:326/1240 train_time:10157ms step_avg:31.16ms
step:327/1240 train_time:10184ms step_avg:31.14ms
step:328/1240 train_time:10219ms step_avg:31.15ms
step:329/1240 train_time:10246ms step_avg:31.14ms
step:330/1240 train_time:10281ms step_avg:31.15ms
step:331/1240 train_time:10307ms step_avg:31.14ms
step:332/1240 train_time:10342ms step_avg:31.15ms
step:333/1240 train_time:10370ms step_avg:31.14ms
step:334/1240 train_time:10404ms step_avg:31.15ms
step:335/1240 train_time:10431ms step_avg:31.14ms
step:336/1240 train_time:10466ms step_avg:31.15ms
step:337/1240 train_time:10493ms step_avg:31.14ms
step:338/1240 train_time:10528ms step_avg:31.15ms
step:339/1240 train_time:10555ms step_avg:31.14ms
step:340/1240 train_time:10590ms step_avg:31.15ms
step:341/1240 train_time:10616ms step_avg:31.13ms
step:342/1240 train_time:10651ms step_avg:31.14ms
step:343/1240 train_time:10678ms step_avg:31.13ms
step:344/1240 train_time:10713ms step_avg:31.14ms
step:345/1240 train_time:10739ms step_avg:31.13ms
step:346/1240 train_time:10775ms step_avg:31.14ms
step:347/1240 train_time:10801ms step_avg:31.13ms
step:348/1240 train_time:10836ms step_avg:31.14ms
step:349/1240 train_time:10863ms step_avg:31.13ms
step:350/1240 train_time:10898ms step_avg:31.14ms
step:351/1240 train_time:10925ms step_avg:31.12ms
step:352/1240 train_time:10960ms step_avg:31.14ms
step:353/1240 train_time:10987ms step_avg:31.12ms
step:354/1240 train_time:11022ms step_avg:31.13ms
step:355/1240 train_time:11048ms step_avg:31.12ms
step:356/1240 train_time:11084ms step_avg:31.13ms
step:357/1240 train_time:11110ms step_avg:31.12ms
step:358/1240 train_time:11145ms step_avg:31.13ms
step:359/1240 train_time:11172ms step_avg:31.12ms
step:360/1240 train_time:11207ms step_avg:31.13ms
step:361/1240 train_time:11234ms step_avg:31.12ms
step:362/1240 train_time:11269ms step_avg:31.13ms
step:363/1240 train_time:11296ms step_avg:31.12ms
step:364/1240 train_time:11331ms step_avg:31.13ms
step:365/1240 train_time:11358ms step_avg:31.12ms
step:366/1240 train_time:11393ms step_avg:31.13ms
step:367/1240 train_time:11420ms step_avg:31.12ms
step:368/1240 train_time:11455ms step_avg:31.13ms
step:369/1240 train_time:11482ms step_avg:31.12ms
step:370/1240 train_time:11517ms step_avg:31.13ms
step:371/1240 train_time:11543ms step_avg:31.11ms
step:372/1240 train_time:11579ms step_avg:31.13ms
step:373/1240 train_time:11605ms step_avg:31.11ms
step:374/1240 train_time:11640ms step_avg:31.12ms
step:375/1240 train_time:11667ms step_avg:31.11ms
step:376/1240 train_time:11703ms step_avg:31.12ms
step:377/1240 train_time:11729ms step_avg:31.11ms
step:378/1240 train_time:11764ms step_avg:31.12ms
step:379/1240 train_time:11791ms step_avg:31.11ms
step:380/1240 train_time:11826ms step_avg:31.12ms
step:381/1240 train_time:11853ms step_avg:31.11ms
step:382/1240 train_time:11888ms step_avg:31.12ms
step:383/1240 train_time:11914ms step_avg:31.11ms
step:384/1240 train_time:11949ms step_avg:31.12ms
step:385/1240 train_time:11977ms step_avg:31.11ms
step:386/1240 train_time:12012ms step_avg:31.12ms
step:387/1240 train_time:12039ms step_avg:31.11ms
step:388/1240 train_time:12073ms step_avg:31.12ms
step:389/1240 train_time:12101ms step_avg:31.11ms
step:390/1240 train_time:12136ms step_avg:31.12ms
step:391/1240 train_time:12163ms step_avg:31.11ms
step:392/1240 train_time:12198ms step_avg:31.12ms
step:393/1240 train_time:12225ms step_avg:31.11ms
step:394/1240 train_time:12260ms step_avg:31.12ms
step:395/1240 train_time:12287ms step_avg:31.11ms
step:396/1240 train_time:12323ms step_avg:31.12ms
step:397/1240 train_time:12350ms step_avg:31.11ms
step:398/1240 train_time:12386ms step_avg:31.12ms
step:399/1240 train_time:12411ms step_avg:31.11ms
step:400/1240 train_time:12446ms step_avg:31.12ms
step:401/1240 train_time:12477ms step_avg:31.11ms
step:402/1240 train_time:12535ms step_avg:31.18ms
step:403/1240 train_time:12588ms step_avg:31.24ms
step:404/1240 train_time:12647ms step_avg:31.30ms
step:405/1240 train_time:12700ms step_avg:31.36ms
step:406/1240 train_time:12758ms step_avg:31.42ms
step:407/1240 train_time:12811ms step_avg:31.48ms
step:408/1240 train_time:12870ms step_avg:31.54ms
step:409/1240 train_time:12922ms step_avg:31.59ms
step:410/1240 train_time:12981ms step_avg:31.66ms
step:411/1240 train_time:13034ms step_avg:31.71ms
step:412/1240 train_time:13094ms step_avg:31.78ms
step:413/1240 train_time:13147ms step_avg:31.83ms
step:414/1240 train_time:13207ms step_avg:31.90ms
step:415/1240 train_time:13260ms step_avg:31.95ms
step:416/1240 train_time:13318ms step_avg:32.02ms
step:417/1240 train_time:13372ms step_avg:32.07ms
step:418/1240 train_time:13430ms step_avg:32.13ms
step:419/1240 train_time:13484ms step_avg:32.18ms
step:420/1240 train_time:13542ms step_avg:32.24ms
step:421/1240 train_time:13595ms step_avg:32.29ms
step:422/1240 train_time:13654ms step_avg:32.36ms
step:423/1240 train_time:13708ms step_avg:32.41ms
step:424/1240 train_time:13766ms step_avg:32.47ms
step:425/1240 train_time:13820ms step_avg:32.52ms
step:426/1240 train_time:13878ms step_avg:32.58ms
step:427/1240 train_time:13931ms step_avg:32.63ms
step:428/1240 train_time:13990ms step_avg:32.69ms
step:429/1240 train_time:14044ms step_avg:32.74ms
step:430/1240 train_time:14102ms step_avg:32.80ms
step:431/1240 train_time:14156ms step_avg:32.84ms
step:432/1240 train_time:14214ms step_avg:32.90ms
step:433/1240 train_time:14268ms step_avg:32.95ms
step:434/1240 train_time:14327ms step_avg:33.01ms
step:435/1240 train_time:14379ms step_avg:33.06ms
step:436/1240 train_time:14438ms step_avg:33.12ms
step:437/1240 train_time:14492ms step_avg:33.16ms
step:438/1240 train_time:14551ms step_avg:33.22ms
step:439/1240 train_time:14603ms step_avg:33.26ms
step:440/1240 train_time:14662ms step_avg:33.32ms
step:441/1240 train_time:14715ms step_avg:33.37ms
step:442/1240 train_time:14775ms step_avg:33.43ms
step:443/1240 train_time:14828ms step_avg:33.47ms
step:444/1240 train_time:14887ms step_avg:33.53ms
step:445/1240 train_time:14939ms step_avg:33.57ms
step:446/1240 train_time:14998ms step_avg:33.63ms
step:447/1240 train_time:15052ms step_avg:33.67ms
step:448/1240 train_time:15111ms step_avg:33.73ms
step:449/1240 train_time:15164ms step_avg:33.77ms
step:450/1240 train_time:15222ms step_avg:33.83ms
step:451/1240 train_time:15277ms step_avg:33.87ms
step:452/1240 train_time:15334ms step_avg:33.93ms
step:453/1240 train_time:15389ms step_avg:33.97ms
step:454/1240 train_time:15448ms step_avg:34.03ms
step:455/1240 train_time:15501ms step_avg:34.07ms
step:456/1240 train_time:15559ms step_avg:34.12ms
step:457/1240 train_time:15612ms step_avg:34.16ms
step:458/1240 train_time:15672ms step_avg:34.22ms
step:459/1240 train_time:15724ms step_avg:34.26ms
step:460/1240 train_time:15783ms step_avg:34.31ms
step:461/1240 train_time:15836ms step_avg:34.35ms
step:462/1240 train_time:15895ms step_avg:34.40ms
step:463/1240 train_time:15949ms step_avg:34.45ms
step:464/1240 train_time:16007ms step_avg:34.50ms
step:465/1240 train_time:16060ms step_avg:34.54ms
step:466/1240 train_time:16118ms step_avg:34.59ms
step:467/1240 train_time:16173ms step_avg:34.63ms
step:468/1240 train_time:16231ms step_avg:34.68ms
step:469/1240 train_time:16284ms step_avg:34.72ms
step:470/1240 train_time:16343ms step_avg:34.77ms
step:471/1240 train_time:16396ms step_avg:34.81ms
step:472/1240 train_time:16455ms step_avg:34.86ms
step:473/1240 train_time:16508ms step_avg:34.90ms
step:474/1240 train_time:16567ms step_avg:34.95ms
step:475/1240 train_time:16620ms step_avg:34.99ms
step:476/1240 train_time:16679ms step_avg:35.04ms
step:477/1240 train_time:16732ms step_avg:35.08ms
step:478/1240 train_time:16791ms step_avg:35.13ms
step:479/1240 train_time:16845ms step_avg:35.17ms
step:480/1240 train_time:16904ms step_avg:35.22ms
step:481/1240 train_time:16956ms step_avg:35.25ms
step:482/1240 train_time:17016ms step_avg:35.30ms
step:483/1240 train_time:17069ms step_avg:35.34ms
step:484/1240 train_time:17128ms step_avg:35.39ms
step:485/1240 train_time:17180ms step_avg:35.42ms
step:486/1240 train_time:17239ms step_avg:35.47ms
step:487/1240 train_time:17293ms step_avg:35.51ms
step:488/1240 train_time:17351ms step_avg:35.56ms
step:489/1240 train_time:17404ms step_avg:35.59ms
step:490/1240 train_time:17463ms step_avg:35.64ms
step:491/1240 train_time:17516ms step_avg:35.67ms
step:492/1240 train_time:17576ms step_avg:35.72ms
step:493/1240 train_time:17628ms step_avg:35.76ms
step:494/1240 train_time:17688ms step_avg:35.81ms
step:495/1240 train_time:17741ms step_avg:35.84ms
step:496/1240 train_time:17799ms step_avg:35.88ms
step:497/1240 train_time:17852ms step_avg:35.92ms
step:498/1240 train_time:17911ms step_avg:35.97ms
step:499/1240 train_time:17964ms step_avg:36.00ms
step:500/1240 train_time:18022ms step_avg:36.04ms
step:500/1240 val_loss:4.0716 train_time:18086ms step_avg:36.17ms
step:501/1240 train_time:18107ms step_avg:36.14ms
step:502/1240 train_time:18137ms step_avg:36.13ms
step:503/1240 train_time:18192ms step_avg:36.17ms
step:504/1240 train_time:18253ms step_avg:36.22ms
step:505/1240 train_time:18308ms step_avg:36.25ms
step:506/1240 train_time:18369ms step_avg:36.30ms
step:507/1240 train_time:18422ms step_avg:36.34ms
step:508/1240 train_time:18481ms step_avg:36.38ms
step:509/1240 train_time:18534ms step_avg:36.41ms
step:510/1240 train_time:18591ms step_avg:36.45ms
step:511/1240 train_time:18643ms step_avg:36.48ms
step:512/1240 train_time:18702ms step_avg:36.53ms
step:513/1240 train_time:18755ms step_avg:36.56ms
step:514/1240 train_time:18814ms step_avg:36.60ms
step:515/1240 train_time:18865ms step_avg:36.63ms
step:516/1240 train_time:18924ms step_avg:36.67ms
step:517/1240 train_time:18977ms step_avg:36.71ms
step:518/1240 train_time:19035ms step_avg:36.75ms
step:519/1240 train_time:19089ms step_avg:36.78ms
step:520/1240 train_time:19149ms step_avg:36.83ms
step:521/1240 train_time:19205ms step_avg:36.86ms
step:522/1240 train_time:19265ms step_avg:36.91ms
step:523/1240 train_time:19319ms step_avg:36.94ms
step:524/1240 train_time:19378ms step_avg:36.98ms
step:525/1240 train_time:19432ms step_avg:37.01ms
step:526/1240 train_time:19490ms step_avg:37.05ms
step:527/1240 train_time:19543ms step_avg:37.08ms
step:528/1240 train_time:19601ms step_avg:37.12ms
step:529/1240 train_time:19653ms step_avg:37.15ms
step:530/1240 train_time:19712ms step_avg:37.19ms
step:531/1240 train_time:19765ms step_avg:37.22ms
step:532/1240 train_time:19824ms step_avg:37.26ms
step:533/1240 train_time:19876ms step_avg:37.29ms
step:534/1240 train_time:19935ms step_avg:37.33ms
step:535/1240 train_time:19988ms step_avg:37.36ms
step:536/1240 train_time:20046ms step_avg:37.40ms
step:537/1240 train_time:20101ms step_avg:37.43ms
step:538/1240 train_time:20159ms step_avg:37.47ms
step:539/1240 train_time:20214ms step_avg:37.50ms
step:540/1240 train_time:20274ms step_avg:37.54ms
step:541/1240 train_time:20327ms step_avg:37.57ms
step:542/1240 train_time:20387ms step_avg:37.61ms
step:543/1240 train_time:20440ms step_avg:37.64ms
step:544/1240 train_time:20499ms step_avg:37.68ms
step:545/1240 train_time:20552ms step_avg:37.71ms
step:546/1240 train_time:20610ms step_avg:37.75ms
step:547/1240 train_time:20663ms step_avg:37.78ms
step:548/1240 train_time:20722ms step_avg:37.81ms
step:549/1240 train_time:20776ms step_avg:37.84ms
step:550/1240 train_time:20834ms step_avg:37.88ms
step:551/1240 train_time:20887ms step_avg:37.91ms
step:552/1240 train_time:20945ms step_avg:37.94ms
step:553/1240 train_time:20998ms step_avg:37.97ms
step:554/1240 train_time:21057ms step_avg:38.01ms
step:555/1240 train_time:21111ms step_avg:38.04ms
step:556/1240 train_time:21169ms step_avg:38.07ms
step:557/1240 train_time:21222ms step_avg:38.10ms
step:558/1240 train_time:21283ms step_avg:38.14ms
step:559/1240 train_time:21335ms step_avg:38.17ms
step:560/1240 train_time:21394ms step_avg:38.20ms
step:561/1240 train_time:21447ms step_avg:38.23ms
step:562/1240 train_time:21506ms step_avg:38.27ms
step:563/1240 train_time:21559ms step_avg:38.29ms
step:564/1240 train_time:21619ms step_avg:38.33ms
step:565/1240 train_time:21672ms step_avg:38.36ms
step:566/1240 train_time:21730ms step_avg:38.39ms
step:567/1240 train_time:21783ms step_avg:38.42ms
step:568/1240 train_time:21842ms step_avg:38.45ms
step:569/1240 train_time:21894ms step_avg:38.48ms
step:570/1240 train_time:21952ms step_avg:38.51ms
step:571/1240 train_time:22006ms step_avg:38.54ms
step:572/1240 train_time:22064ms step_avg:38.57ms
step:573/1240 train_time:22117ms step_avg:38.60ms
step:574/1240 train_time:22177ms step_avg:38.64ms
step:575/1240 train_time:22230ms step_avg:38.66ms
step:576/1240 train_time:22288ms step_avg:38.69ms
step:577/1240 train_time:22342ms step_avg:38.72ms
step:578/1240 train_time:22402ms step_avg:38.76ms
step:579/1240 train_time:22455ms step_avg:38.78ms
step:580/1240 train_time:22515ms step_avg:38.82ms
step:581/1240 train_time:22568ms step_avg:38.84ms
step:582/1240 train_time:22626ms step_avg:38.88ms
step:583/1240 train_time:22679ms step_avg:38.90ms
step:584/1240 train_time:22739ms step_avg:38.94ms
step:585/1240 train_time:22791ms step_avg:38.96ms
step:586/1240 train_time:22849ms step_avg:38.99ms
step:587/1240 train_time:22904ms step_avg:39.02ms
step:588/1240 train_time:22961ms step_avg:39.05ms
step:589/1240 train_time:23014ms step_avg:39.07ms
step:590/1240 train_time:23073ms step_avg:39.11ms
step:591/1240 train_time:23126ms step_avg:39.13ms
step:592/1240 train_time:23186ms step_avg:39.16ms
step:593/1240 train_time:23239ms step_avg:39.19ms
step:594/1240 train_time:23299ms step_avg:39.22ms
step:595/1240 train_time:23351ms step_avg:39.24ms
step:596/1240 train_time:23410ms step_avg:39.28ms
step:597/1240 train_time:23464ms step_avg:39.30ms
step:598/1240 train_time:23523ms step_avg:39.34ms
step:599/1240 train_time:23576ms step_avg:39.36ms
step:600/1240 train_time:23635ms step_avg:39.39ms
step:601/1240 train_time:23688ms step_avg:39.41ms
step:602/1240 train_time:23746ms step_avg:39.45ms
step:603/1240 train_time:23799ms step_avg:39.47ms
step:604/1240 train_time:23858ms step_avg:39.50ms
step:605/1240 train_time:23912ms step_avg:39.52ms
step:606/1240 train_time:23969ms step_avg:39.55ms
step:607/1240 train_time:24023ms step_avg:39.58ms
step:608/1240 train_time:24082ms step_avg:39.61ms
step:609/1240 train_time:24134ms step_avg:39.63ms
step:610/1240 train_time:24193ms step_avg:39.66ms
step:611/1240 train_time:24246ms step_avg:39.68ms
step:612/1240 train_time:24306ms step_avg:39.71ms
step:613/1240 train_time:24359ms step_avg:39.74ms
step:614/1240 train_time:24418ms step_avg:39.77ms
step:615/1240 train_time:24471ms step_avg:39.79ms
step:616/1240 train_time:24529ms step_avg:39.82ms
step:617/1240 train_time:24583ms step_avg:39.84ms
step:618/1240 train_time:24642ms step_avg:39.87ms
step:619/1240 train_time:24695ms step_avg:39.89ms
step:620/1240 train_time:24754ms step_avg:39.93ms
step:621/1240 train_time:24807ms step_avg:39.95ms
step:622/1240 train_time:24866ms step_avg:39.98ms
step:623/1240 train_time:24920ms step_avg:40.00ms
step:624/1240 train_time:24978ms step_avg:40.03ms
step:625/1240 train_time:25031ms step_avg:40.05ms
step:626/1240 train_time:25089ms step_avg:40.08ms
step:627/1240 train_time:25142ms step_avg:40.10ms
step:628/1240 train_time:25202ms step_avg:40.13ms
step:629/1240 train_time:25254ms step_avg:40.15ms
step:630/1240 train_time:25314ms step_avg:40.18ms
step:631/1240 train_time:25366ms step_avg:40.20ms
step:632/1240 train_time:25426ms step_avg:40.23ms
step:633/1240 train_time:25480ms step_avg:40.25ms
step:634/1240 train_time:25538ms step_avg:40.28ms
step:635/1240 train_time:25590ms step_avg:40.30ms
step:636/1240 train_time:25649ms step_avg:40.33ms
step:637/1240 train_time:25703ms step_avg:40.35ms
step:638/1240 train_time:25762ms step_avg:40.38ms
step:639/1240 train_time:25817ms step_avg:40.40ms
step:640/1240 train_time:25876ms step_avg:40.43ms
step:641/1240 train_time:25929ms step_avg:40.45ms
step:642/1240 train_time:25988ms step_avg:40.48ms
step:643/1240 train_time:26041ms step_avg:40.50ms
step:644/1240 train_time:26100ms step_avg:40.53ms
step:645/1240 train_time:26152ms step_avg:40.55ms
step:646/1240 train_time:26210ms step_avg:40.57ms
step:647/1240 train_time:26263ms step_avg:40.59ms
step:648/1240 train_time:26323ms step_avg:40.62ms
step:649/1240 train_time:26378ms step_avg:40.64ms
step:650/1240 train_time:26437ms step_avg:40.67ms
step:651/1240 train_time:26489ms step_avg:40.69ms
step:652/1240 train_time:26547ms step_avg:40.72ms
step:653/1240 train_time:26603ms step_avg:40.74ms
step:654/1240 train_time:26661ms step_avg:40.77ms
step:655/1240 train_time:26713ms step_avg:40.78ms
step:656/1240 train_time:26772ms step_avg:40.81ms
step:657/1240 train_time:26825ms step_avg:40.83ms
step:658/1240 train_time:26884ms step_avg:40.86ms
step:659/1240 train_time:26937ms step_avg:40.87ms
step:660/1240 train_time:26996ms step_avg:40.90ms
step:661/1240 train_time:27048ms step_avg:40.92ms
step:662/1240 train_time:27107ms step_avg:40.95ms
step:663/1240 train_time:27160ms step_avg:40.97ms
step:664/1240 train_time:27218ms step_avg:40.99ms
step:665/1240 train_time:27271ms step_avg:41.01ms
step:666/1240 train_time:27330ms step_avg:41.04ms
step:667/1240 train_time:27384ms step_avg:41.06ms
step:668/1240 train_time:27442ms step_avg:41.08ms
step:669/1240 train_time:27495ms step_avg:41.10ms
step:670/1240 train_time:27554ms step_avg:41.12ms
step:671/1240 train_time:27608ms step_avg:41.14ms
step:672/1240 train_time:27667ms step_avg:41.17ms
step:673/1240 train_time:27720ms step_avg:41.19ms
step:674/1240 train_time:27780ms step_avg:41.22ms
step:675/1240 train_time:27832ms step_avg:41.23ms
step:676/1240 train_time:27890ms step_avg:41.26ms
step:677/1240 train_time:27943ms step_avg:41.28ms
step:678/1240 train_time:28003ms step_avg:41.30ms
step:679/1240 train_time:28055ms step_avg:41.32ms
step:680/1240 train_time:28114ms step_avg:41.34ms
step:681/1240 train_time:28168ms step_avg:41.36ms
step:682/1240 train_time:28227ms step_avg:41.39ms
step:683/1240 train_time:28281ms step_avg:41.41ms
step:684/1240 train_time:28339ms step_avg:41.43ms
step:685/1240 train_time:28392ms step_avg:41.45ms
step:686/1240 train_time:28450ms step_avg:41.47ms
step:687/1240 train_time:28504ms step_avg:41.49ms
step:688/1240 train_time:28563ms step_avg:41.52ms
step:689/1240 train_time:28616ms step_avg:41.53ms
step:690/1240 train_time:28676ms step_avg:41.56ms
step:691/1240 train_time:28728ms step_avg:41.57ms
step:692/1240 train_time:28787ms step_avg:41.60ms
step:693/1240 train_time:28840ms step_avg:41.62ms
step:694/1240 train_time:28898ms step_avg:41.64ms
step:695/1240 train_time:28951ms step_avg:41.66ms
step:696/1240 train_time:29009ms step_avg:41.68ms
step:697/1240 train_time:29063ms step_avg:41.70ms
step:698/1240 train_time:29122ms step_avg:41.72ms
step:699/1240 train_time:29176ms step_avg:41.74ms
step:700/1240 train_time:29234ms step_avg:41.76ms
step:701/1240 train_time:29287ms step_avg:41.78ms
step:702/1240 train_time:29346ms step_avg:41.80ms
step:703/1240 train_time:29400ms step_avg:41.82ms
step:704/1240 train_time:29458ms step_avg:41.84ms
step:705/1240 train_time:29511ms step_avg:41.86ms
step:706/1240 train_time:29570ms step_avg:41.88ms
step:707/1240 train_time:29623ms step_avg:41.90ms
step:708/1240 train_time:29682ms step_avg:41.92ms
step:709/1240 train_time:29734ms step_avg:41.94ms
step:710/1240 train_time:29793ms step_avg:41.96ms
step:711/1240 train_time:29846ms step_avg:41.98ms
step:712/1240 train_time:29905ms step_avg:42.00ms
step:713/1240 train_time:29958ms step_avg:42.02ms
step:714/1240 train_time:30018ms step_avg:42.04ms
step:715/1240 train_time:30070ms step_avg:42.06ms
step:716/1240 train_time:30129ms step_avg:42.08ms
step:717/1240 train_time:30183ms step_avg:42.10ms
step:718/1240 train_time:30241ms step_avg:42.12ms
step:719/1240 train_time:30294ms step_avg:42.13ms
step:720/1240 train_time:30353ms step_avg:42.16ms
step:721/1240 train_time:30406ms step_avg:42.17ms
step:722/1240 train_time:30465ms step_avg:42.20ms
step:723/1240 train_time:30519ms step_avg:42.21ms
step:724/1240 train_time:30578ms step_avg:42.23ms
step:725/1240 train_time:30631ms step_avg:42.25ms
step:726/1240 train_time:30689ms step_avg:42.27ms
step:727/1240 train_time:30742ms step_avg:42.29ms
step:728/1240 train_time:30801ms step_avg:42.31ms
step:729/1240 train_time:30853ms step_avg:42.32ms
step:730/1240 train_time:30911ms step_avg:42.34ms
step:731/1240 train_time:30964ms step_avg:42.36ms
step:732/1240 train_time:31023ms step_avg:42.38ms
step:733/1240 train_time:31077ms step_avg:42.40ms
step:734/1240 train_time:31134ms step_avg:42.42ms
step:735/1240 train_time:31188ms step_avg:42.43ms
step:736/1240 train_time:31247ms step_avg:42.46ms
step:737/1240 train_time:31301ms step_avg:42.47ms
step:738/1240 train_time:31359ms step_avg:42.49ms
step:739/1240 train_time:31413ms step_avg:42.51ms
step:740/1240 train_time:31471ms step_avg:42.53ms
step:741/1240 train_time:31524ms step_avg:42.54ms
step:742/1240 train_time:31584ms step_avg:42.57ms
step:743/1240 train_time:31637ms step_avg:42.58ms
step:744/1240 train_time:31696ms step_avg:42.60ms
step:745/1240 train_time:31748ms step_avg:42.62ms
step:746/1240 train_time:31807ms step_avg:42.64ms
step:747/1240 train_time:31860ms step_avg:42.65ms
step:748/1240 train_time:31919ms step_avg:42.67ms
step:749/1240 train_time:31973ms step_avg:42.69ms
step:750/1240 train_time:32031ms step_avg:42.71ms
step:750/1240 val_loss:3.6558 train_time:32094ms step_avg:42.79ms
step:751/1240 train_time:32115ms step_avg:42.76ms
step:752/1240 train_time:32145ms step_avg:42.75ms
step:753/1240 train_time:32201ms step_avg:42.76ms
step:754/1240 train_time:32263ms step_avg:42.79ms
step:755/1240 train_time:32320ms step_avg:42.81ms
step:756/1240 train_time:32379ms step_avg:42.83ms
step:757/1240 train_time:32433ms step_avg:42.84ms
step:758/1240 train_time:32491ms step_avg:42.86ms
step:759/1240 train_time:32544ms step_avg:42.88ms
step:760/1240 train_time:32602ms step_avg:42.90ms
step:761/1240 train_time:32654ms step_avg:42.91ms
step:762/1240 train_time:32713ms step_avg:42.93ms
step:763/1240 train_time:32765ms step_avg:42.94ms
step:764/1240 train_time:32824ms step_avg:42.96ms
step:765/1240 train_time:32876ms step_avg:42.97ms
step:766/1240 train_time:32934ms step_avg:43.00ms
step:767/1240 train_time:32986ms step_avg:43.01ms
step:768/1240 train_time:33046ms step_avg:43.03ms
step:769/1240 train_time:33099ms step_avg:43.04ms
step:770/1240 train_time:33158ms step_avg:43.06ms
step:771/1240 train_time:33215ms step_avg:43.08ms
step:772/1240 train_time:33274ms step_avg:43.10ms
step:773/1240 train_time:33329ms step_avg:43.12ms
step:774/1240 train_time:33387ms step_avg:43.14ms
step:775/1240 train_time:33440ms step_avg:43.15ms
step:776/1240 train_time:33499ms step_avg:43.17ms
step:777/1240 train_time:33552ms step_avg:43.18ms
step:778/1240 train_time:33610ms step_avg:43.20ms
step:779/1240 train_time:33663ms step_avg:43.21ms
step:780/1240 train_time:33721ms step_avg:43.23ms
step:781/1240 train_time:33774ms step_avg:43.24ms
step:782/1240 train_time:33832ms step_avg:43.26ms
step:783/1240 train_time:33884ms step_avg:43.27ms
step:784/1240 train_time:33943ms step_avg:43.29ms
step:785/1240 train_time:33995ms step_avg:43.31ms
step:786/1240 train_time:34054ms step_avg:43.33ms
step:787/1240 train_time:34109ms step_avg:43.34ms
step:788/1240 train_time:34167ms step_avg:43.36ms
step:789/1240 train_time:34221ms step_avg:43.37ms
step:790/1240 train_time:34280ms step_avg:43.39ms
step:791/1240 train_time:34334ms step_avg:43.41ms
step:792/1240 train_time:34393ms step_avg:43.43ms
step:793/1240 train_time:34447ms step_avg:43.44ms
step:794/1240 train_time:34505ms step_avg:43.46ms
step:795/1240 train_time:34558ms step_avg:43.47ms
step:796/1240 train_time:34618ms step_avg:43.49ms
step:797/1240 train_time:34671ms step_avg:43.50ms
step:798/1240 train_time:34729ms step_avg:43.52ms
step:799/1240 train_time:34782ms step_avg:43.53ms
step:800/1240 train_time:34840ms step_avg:43.55ms
step:801/1240 train_time:34894ms step_avg:43.56ms
step:802/1240 train_time:34981ms step_avg:43.62ms
step:803/1240 train_time:35061ms step_avg:43.66ms
step:804/1240 train_time:35146ms step_avg:43.71ms
step:805/1240 train_time:35225ms step_avg:43.76ms
step:806/1240 train_time:35309ms step_avg:43.81ms
step:807/1240 train_time:35388ms step_avg:43.85ms
step:808/1240 train_time:35474ms step_avg:43.90ms
step:809/1240 train_time:35552ms step_avg:43.95ms
step:810/1240 train_time:35636ms step_avg:43.99ms
step:811/1240 train_time:35713ms step_avg:44.04ms
step:812/1240 train_time:35797ms step_avg:44.08ms
step:813/1240 train_time:35875ms step_avg:44.13ms
step:814/1240 train_time:35960ms step_avg:44.18ms
step:815/1240 train_time:36039ms step_avg:44.22ms
step:816/1240 train_time:36122ms step_avg:44.27ms
step:817/1240 train_time:36202ms step_avg:44.31ms
step:818/1240 train_time:36288ms step_avg:44.36ms
step:819/1240 train_time:36366ms step_avg:44.40ms
step:820/1240 train_time:36449ms step_avg:44.45ms
step:821/1240 train_time:36530ms step_avg:44.49ms
step:822/1240 train_time:36614ms step_avg:44.54ms
step:823/1240 train_time:36692ms step_avg:44.58ms
step:824/1240 train_time:36778ms step_avg:44.63ms
step:825/1240 train_time:36856ms step_avg:44.67ms
step:826/1240 train_time:36940ms step_avg:44.72ms
step:827/1240 train_time:37016ms step_avg:44.76ms
step:828/1240 train_time:37102ms step_avg:44.81ms
step:829/1240 train_time:37182ms step_avg:44.85ms
step:830/1240 train_time:37266ms step_avg:44.90ms
step:831/1240 train_time:37344ms step_avg:44.94ms
step:832/1240 train_time:37428ms step_avg:44.99ms
step:833/1240 train_time:37508ms step_avg:45.03ms
step:834/1240 train_time:37592ms step_avg:45.07ms
step:835/1240 train_time:37671ms step_avg:45.12ms
step:836/1240 train_time:37756ms step_avg:45.16ms
step:837/1240 train_time:37835ms step_avg:45.20ms
step:838/1240 train_time:37917ms step_avg:45.25ms
step:839/1240 train_time:37998ms step_avg:45.29ms
step:840/1240 train_time:38083ms step_avg:45.34ms
step:841/1240 train_time:38161ms step_avg:45.38ms
step:842/1240 train_time:38245ms step_avg:45.42ms
step:843/1240 train_time:38324ms step_avg:45.46ms
step:844/1240 train_time:38408ms step_avg:45.51ms
step:845/1240 train_time:38486ms step_avg:45.55ms
step:846/1240 train_time:38572ms step_avg:45.59ms
step:847/1240 train_time:38651ms step_avg:45.63ms
step:848/1240 train_time:38738ms step_avg:45.68ms
step:849/1240 train_time:38816ms step_avg:45.72ms
step:850/1240 train_time:38898ms step_avg:45.76ms
step:851/1240 train_time:38979ms step_avg:45.80ms
step:852/1240 train_time:39063ms step_avg:45.85ms
step:853/1240 train_time:39142ms step_avg:45.89ms
step:854/1240 train_time:39227ms step_avg:45.93ms
step:855/1240 train_time:39305ms step_avg:45.97ms
step:856/1240 train_time:39388ms step_avg:46.01ms
step:857/1240 train_time:39469ms step_avg:46.05ms
step:858/1240 train_time:39554ms step_avg:46.10ms
step:859/1240 train_time:39633ms step_avg:46.14ms
step:860/1240 train_time:39717ms step_avg:46.18ms
step:861/1240 train_time:39796ms step_avg:46.22ms
step:862/1240 train_time:39882ms step_avg:46.27ms
step:863/1240 train_time:39960ms step_avg:46.30ms
step:864/1240 train_time:40043ms step_avg:46.35ms
step:865/1240 train_time:40120ms step_avg:46.38ms
step:866/1240 train_time:40204ms step_avg:46.43ms
step:867/1240 train_time:40283ms step_avg:46.46ms
step:868/1240 train_time:40368ms step_avg:46.51ms
step:869/1240 train_time:40446ms step_avg:46.54ms
step:870/1240 train_time:40530ms step_avg:46.59ms
step:871/1240 train_time:40608ms step_avg:46.62ms
step:872/1240 train_time:40694ms step_avg:46.67ms
step:873/1240 train_time:40773ms step_avg:46.70ms
step:874/1240 train_time:40857ms step_avg:46.75ms
step:875/1240 train_time:40935ms step_avg:46.78ms
step:876/1240 train_time:41020ms step_avg:46.83ms
step:877/1240 train_time:41098ms step_avg:46.86ms
step:878/1240 train_time:41183ms step_avg:46.91ms
step:879/1240 train_time:41263ms step_avg:46.94ms
step:880/1240 train_time:41347ms step_avg:46.99ms
step:881/1240 train_time:41425ms step_avg:47.02ms
step:882/1240 train_time:41510ms step_avg:47.06ms
step:883/1240 train_time:41589ms step_avg:47.10ms
step:884/1240 train_time:41673ms step_avg:47.14ms
step:885/1240 train_time:41753ms step_avg:47.18ms
step:886/1240 train_time:41836ms step_avg:47.22ms
step:887/1240 train_time:41915ms step_avg:47.25ms
step:888/1240 train_time:41999ms step_avg:47.30ms
step:889/1240 train_time:42080ms step_avg:47.33ms
step:890/1240 train_time:42164ms step_avg:47.38ms
step:891/1240 train_time:42243ms step_avg:47.41ms
step:892/1240 train_time:42327ms step_avg:47.45ms
step:893/1240 train_time:42404ms step_avg:47.49ms
step:894/1240 train_time:42489ms step_avg:47.53ms
step:895/1240 train_time:42569ms step_avg:47.56ms
step:896/1240 train_time:42653ms step_avg:47.60ms
step:897/1240 train_time:42733ms step_avg:47.64ms
step:898/1240 train_time:42819ms step_avg:47.68ms
step:899/1240 train_time:42898ms step_avg:47.72ms
step:900/1240 train_time:42984ms step_avg:47.76ms
step:901/1240 train_time:43062ms step_avg:47.79ms
step:902/1240 train_time:43146ms step_avg:47.83ms
step:903/1240 train_time:43224ms step_avg:47.87ms
step:904/1240 train_time:43308ms step_avg:47.91ms
step:905/1240 train_time:43387ms step_avg:47.94ms
step:906/1240 train_time:43471ms step_avg:47.98ms
step:907/1240 train_time:43550ms step_avg:48.02ms
step:908/1240 train_time:43636ms step_avg:48.06ms
step:909/1240 train_time:43715ms step_avg:48.09ms
step:910/1240 train_time:43798ms step_avg:48.13ms
step:911/1240 train_time:43877ms step_avg:48.16ms
step:912/1240 train_time:43962ms step_avg:48.20ms
step:913/1240 train_time:44040ms step_avg:48.24ms
step:914/1240 train_time:44123ms step_avg:48.27ms
step:915/1240 train_time:44202ms step_avg:48.31ms
step:916/1240 train_time:44287ms step_avg:48.35ms
step:917/1240 train_time:44364ms step_avg:48.38ms
step:918/1240 train_time:44449ms step_avg:48.42ms
step:919/1240 train_time:44528ms step_avg:48.45ms
step:920/1240 train_time:44613ms step_avg:48.49ms
step:921/1240 train_time:44692ms step_avg:48.53ms
step:922/1240 train_time:44779ms step_avg:48.57ms
step:923/1240 train_time:44858ms step_avg:48.60ms
step:924/1240 train_time:44941ms step_avg:48.64ms
step:925/1240 train_time:45019ms step_avg:48.67ms
step:926/1240 train_time:45102ms step_avg:48.71ms
step:927/1240 train_time:45181ms step_avg:48.74ms
step:928/1240 train_time:45267ms step_avg:48.78ms
step:929/1240 train_time:45346ms step_avg:48.81ms
step:930/1240 train_time:45429ms step_avg:48.85ms
step:931/1240 train_time:45508ms step_avg:48.88ms
step:932/1240 train_time:45592ms step_avg:48.92ms
step:933/1240 train_time:45673ms step_avg:48.95ms
step:934/1240 train_time:45759ms step_avg:48.99ms
step:935/1240 train_time:45838ms step_avg:49.02ms
step:936/1240 train_time:45921ms step_avg:49.06ms
step:937/1240 train_time:46001ms step_avg:49.09ms
step:938/1240 train_time:46085ms step_avg:49.13ms
step:939/1240 train_time:46164ms step_avg:49.16ms
step:940/1240 train_time:46247ms step_avg:49.20ms
step:941/1240 train_time:46326ms step_avg:49.23ms
step:942/1240 train_time:46412ms step_avg:49.27ms
step:943/1240 train_time:46492ms step_avg:49.30ms
step:944/1240 train_time:46577ms step_avg:49.34ms
step:945/1240 train_time:46656ms step_avg:49.37ms
step:946/1240 train_time:46740ms step_avg:49.41ms
step:947/1240 train_time:46818ms step_avg:49.44ms
step:948/1240 train_time:46901ms step_avg:49.47ms
step:949/1240 train_time:46980ms step_avg:49.51ms
step:950/1240 train_time:47065ms step_avg:49.54ms
step:951/1240 train_time:47143ms step_avg:49.57ms
step:952/1240 train_time:47226ms step_avg:49.61ms
step:953/1240 train_time:47304ms step_avg:49.64ms
step:954/1240 train_time:47388ms step_avg:49.67ms
step:955/1240 train_time:47468ms step_avg:49.71ms
step:956/1240 train_time:47554ms step_avg:49.74ms
step:957/1240 train_time:47634ms step_avg:49.77ms
step:958/1240 train_time:47718ms step_avg:49.81ms
step:959/1240 train_time:47796ms step_avg:49.84ms
step:960/1240 train_time:47881ms step_avg:49.88ms
step:961/1240 train_time:47960ms step_avg:49.91ms
step:962/1240 train_time:48045ms step_avg:49.94ms
step:963/1240 train_time:48123ms step_avg:49.97ms
step:964/1240 train_time:48207ms step_avg:50.01ms
step:965/1240 train_time:48287ms step_avg:50.04ms
step:966/1240 train_time:48371ms step_avg:50.07ms
step:967/1240 train_time:48450ms step_avg:50.10ms
step:968/1240 train_time:48537ms step_avg:50.14ms
step:969/1240 train_time:48616ms step_avg:50.17ms
step:970/1240 train_time:48701ms step_avg:50.21ms
step:971/1240 train_time:48781ms step_avg:50.24ms
step:972/1240 train_time:48865ms step_avg:50.27ms
step:973/1240 train_time:48943ms step_avg:50.30ms
step:974/1240 train_time:49026ms step_avg:50.33ms
step:975/1240 train_time:49104ms step_avg:50.36ms
step:976/1240 train_time:49189ms step_avg:50.40ms
step:977/1240 train_time:49270ms step_avg:50.43ms
step:978/1240 train_time:49354ms step_avg:50.46ms
step:979/1240 train_time:49433ms step_avg:50.49ms
step:980/1240 train_time:49517ms step_avg:50.53ms
step:981/1240 train_time:49596ms step_avg:50.56ms
step:982/1240 train_time:49680ms step_avg:50.59ms
step:983/1240 train_time:49758ms step_avg:50.62ms
step:984/1240 train_time:49843ms step_avg:50.65ms
step:985/1240 train_time:49921ms step_avg:50.68ms
step:986/1240 train_time:50004ms step_avg:50.71ms
step:987/1240 train_time:50083ms step_avg:50.74ms
step:988/1240 train_time:50167ms step_avg:50.78ms
step:989/1240 train_time:50245ms step_avg:50.80ms
step:990/1240 train_time:50329ms step_avg:50.84ms
step:991/1240 train_time:50410ms step_avg:50.87ms
step:992/1240 train_time:50497ms step_avg:50.90ms
step:993/1240 train_time:50575ms step_avg:50.93ms
step:994/1240 train_time:50658ms step_avg:50.96ms
step:995/1240 train_time:50737ms step_avg:50.99ms
step:996/1240 train_time:50822ms step_avg:51.03ms
step:997/1240 train_time:50898ms step_avg:51.05ms
step:998/1240 train_time:50983ms step_avg:51.08ms
step:999/1240 train_time:51063ms step_avg:51.11ms
step:1000/1240 train_time:51147ms step_avg:51.15ms
step:1000/1240 val_loss:3.4270 train_time:51237ms step_avg:51.24ms
step:1001/1240 train_time:51259ms step_avg:51.21ms
step:1002/1240 train_time:51314ms step_avg:51.21ms
step:1003/1240 train_time:51398ms step_avg:51.24ms
step:1004/1240 train_time:51481ms step_avg:51.28ms
step:1005/1240 train_time:51561ms step_avg:51.30ms
step:1006/1240 train_time:51645ms step_avg:51.34ms
step:1007/1240 train_time:51723ms step_avg:51.36ms
step:1008/1240 train_time:51807ms step_avg:51.40ms
step:1009/1240 train_time:51883ms step_avg:51.42ms
step:1010/1240 train_time:51968ms step_avg:51.45ms
step:1011/1240 train_time:52044ms step_avg:51.48ms
step:1012/1240 train_time:52128ms step_avg:51.51ms
step:1013/1240 train_time:52206ms step_avg:51.54ms
step:1014/1240 train_time:52292ms step_avg:51.57ms
step:1015/1240 train_time:52374ms step_avg:51.60ms
step:1016/1240 train_time:52461ms step_avg:51.63ms
step:1017/1240 train_time:52540ms step_avg:51.66ms
step:1018/1240 train_time:52623ms step_avg:51.69ms
step:1019/1240 train_time:52702ms step_avg:51.72ms
step:1020/1240 train_time:52785ms step_avg:51.75ms
step:1021/1240 train_time:52863ms step_avg:51.78ms
step:1022/1240 train_time:52945ms step_avg:51.81ms
step:1023/1240 train_time:53023ms step_avg:51.83ms
step:1024/1240 train_time:53106ms step_avg:51.86ms
step:1025/1240 train_time:53184ms step_avg:51.89ms
step:1026/1240 train_time:53269ms step_avg:51.92ms
step:1027/1240 train_time:53349ms step_avg:51.95ms
step:1028/1240 train_time:53436ms step_avg:51.98ms
step:1029/1240 train_time:53515ms step_avg:52.01ms
step:1030/1240 train_time:53600ms step_avg:52.04ms
step:1031/1240 train_time:53679ms step_avg:52.07ms
step:1032/1240 train_time:53763ms step_avg:52.10ms
step:1033/1240 train_time:53840ms step_avg:52.12ms
step:1034/1240 train_time:53923ms step_avg:52.15ms
step:1035/1240 train_time:54002ms step_avg:52.18ms
step:1036/1240 train_time:54086ms step_avg:52.21ms
step:1037/1240 train_time:54163ms step_avg:52.23ms
step:1038/1240 train_time:54248ms step_avg:52.26ms
step:1039/1240 train_time:54327ms step_avg:52.29ms
step:1040/1240 train_time:54413ms step_avg:52.32ms
step:1041/1240 train_time:54492ms step_avg:52.35ms
step:1042/1240 train_time:54579ms step_avg:52.38ms
step:1043/1240 train_time:54659ms step_avg:52.41ms
step:1044/1240 train_time:54742ms step_avg:52.43ms
step:1045/1240 train_time:54820ms step_avg:52.46ms
step:1046/1240 train_time:54903ms step_avg:52.49ms
step:1047/1240 train_time:54982ms step_avg:52.51ms
step:1048/1240 train_time:55066ms step_avg:52.54ms
step:1049/1240 train_time:55143ms step_avg:52.57ms
step:1050/1240 train_time:55228ms step_avg:52.60ms
step:1051/1240 train_time:55307ms step_avg:52.62ms
step:1052/1240 train_time:55392ms step_avg:52.65ms
step:1053/1240 train_time:55472ms step_avg:52.68ms
step:1054/1240 train_time:55558ms step_avg:52.71ms
step:1055/1240 train_time:55637ms step_avg:52.74ms
step:1056/1240 train_time:55721ms step_avg:52.77ms
step:1057/1240 train_time:55800ms step_avg:52.79ms
step:1058/1240 train_time:55886ms step_avg:52.82ms
step:1059/1240 train_time:55965ms step_avg:52.85ms
step:1060/1240 train_time:56049ms step_avg:52.88ms
step:1061/1240 train_time:56126ms step_avg:52.90ms
step:1062/1240 train_time:56210ms step_avg:52.93ms
step:1063/1240 train_time:56291ms step_avg:52.95ms
step:1064/1240 train_time:56376ms step_avg:52.98ms
step:1065/1240 train_time:56454ms step_avg:53.01ms
step:1066/1240 train_time:56540ms step_avg:53.04ms
step:1067/1240 train_time:56618ms step_avg:53.06ms
step:1068/1240 train_time:56702ms step_avg:53.09ms
step:1069/1240 train_time:56782ms step_avg:53.12ms
step:1070/1240 train_time:56868ms step_avg:53.15ms
step:1071/1240 train_time:56945ms step_avg:53.17ms
step:1072/1240 train_time:57029ms step_avg:53.20ms
step:1073/1240 train_time:57108ms step_avg:53.22ms
step:1074/1240 train_time:57192ms step_avg:53.25ms
step:1075/1240 train_time:57270ms step_avg:53.27ms
step:1076/1240 train_time:57356ms step_avg:53.30ms
step:1077/1240 train_time:57436ms step_avg:53.33ms
step:1078/1240 train_time:57521ms step_avg:53.36ms
step:1079/1240 train_time:57599ms step_avg:53.38ms
step:1080/1240 train_time:57683ms step_avg:53.41ms
step:1081/1240 train_time:57762ms step_avg:53.43ms
step:1082/1240 train_time:57847ms step_avg:53.46ms
step:1083/1240 train_time:57925ms step_avg:53.49ms
step:1084/1240 train_time:58009ms step_avg:53.51ms
step:1085/1240 train_time:58088ms step_avg:53.54ms
step:1086/1240 train_time:58170ms step_avg:53.56ms
step:1087/1240 train_time:58250ms step_avg:53.59ms
step:1088/1240 train_time:58334ms step_avg:53.62ms
step:1089/1240 train_time:58413ms step_avg:53.64ms
step:1090/1240 train_time:58500ms step_avg:53.67ms
step:1091/1240 train_time:58578ms step_avg:53.69ms
step:1092/1240 train_time:58662ms step_avg:53.72ms
step:1093/1240 train_time:58739ms step_avg:53.74ms
step:1094/1240 train_time:58823ms step_avg:53.77ms
step:1095/1240 train_time:58901ms step_avg:53.79ms
step:1096/1240 train_time:58986ms step_avg:53.82ms
step:1097/1240 train_time:59066ms step_avg:53.84ms
step:1098/1240 train_time:59150ms step_avg:53.87ms
step:1099/1240 train_time:59228ms step_avg:53.89ms
step:1100/1240 train_time:59314ms step_avg:53.92ms
step:1101/1240 train_time:59395ms step_avg:53.95ms
step:1102/1240 train_time:59479ms step_avg:53.97ms
step:1103/1240 train_time:59558ms step_avg:54.00ms
step:1104/1240 train_time:59641ms step_avg:54.02ms
step:1105/1240 train_time:59720ms step_avg:54.05ms
step:1106/1240 train_time:59805ms step_avg:54.07ms
step:1107/1240 train_time:59884ms step_avg:54.10ms
step:1108/1240 train_time:59967ms step_avg:54.12ms
step:1109/1240 train_time:60045ms step_avg:54.14ms
step:1110/1240 train_time:60130ms step_avg:54.17ms
step:1111/1240 train_time:60209ms step_avg:54.19ms
step:1112/1240 train_time:60292ms step_avg:54.22ms
step:1113/1240 train_time:60371ms step_avg:54.24ms
step:1114/1240 train_time:60456ms step_avg:54.27ms
step:1115/1240 train_time:60535ms step_avg:54.29ms
step:1116/1240 train_time:60621ms step_avg:54.32ms
step:1117/1240 train_time:60700ms step_avg:54.34ms
step:1118/1240 train_time:60784ms step_avg:54.37ms
step:1119/1240 train_time:60862ms step_avg:54.39ms
step:1120/1240 train_time:60945ms step_avg:54.42ms
step:1121/1240 train_time:61023ms step_avg:54.44ms
step:1122/1240 train_time:61108ms step_avg:54.46ms
step:1123/1240 train_time:61186ms step_avg:54.48ms
step:1124/1240 train_time:61271ms step_avg:54.51ms
step:1125/1240 train_time:61349ms step_avg:54.53ms
step:1126/1240 train_time:61433ms step_avg:54.56ms
step:1127/1240 train_time:61512ms step_avg:54.58ms
step:1128/1240 train_time:61600ms step_avg:54.61ms
step:1129/1240 train_time:61679ms step_avg:54.63ms
step:1130/1240 train_time:61764ms step_avg:54.66ms
step:1131/1240 train_time:61841ms step_avg:54.68ms
step:1132/1240 train_time:61926ms step_avg:54.70ms
step:1133/1240 train_time:62005ms step_avg:54.73ms
step:1134/1240 train_time:62091ms step_avg:54.75ms
step:1135/1240 train_time:62170ms step_avg:54.78ms
step:1136/1240 train_time:62254ms step_avg:54.80ms
step:1137/1240 train_time:62333ms step_avg:54.82ms
step:1138/1240 train_time:62417ms step_avg:54.85ms
step:1139/1240 train_time:62496ms step_avg:54.87ms
step:1140/1240 train_time:62581ms step_avg:54.90ms
step:1141/1240 train_time:62659ms step_avg:54.92ms
step:1142/1240 train_time:62743ms step_avg:54.94ms
step:1143/1240 train_time:62821ms step_avg:54.96ms
step:1144/1240 train_time:62905ms step_avg:54.99ms
step:1145/1240 train_time:62983ms step_avg:55.01ms
step:1146/1240 train_time:63067ms step_avg:55.03ms
step:1147/1240 train_time:63144ms step_avg:55.05ms
step:1148/1240 train_time:63229ms step_avg:55.08ms
step:1149/1240 train_time:63308ms step_avg:55.10ms
step:1150/1240 train_time:63392ms step_avg:55.12ms
step:1151/1240 train_time:63471ms step_avg:55.14ms
step:1152/1240 train_time:63556ms step_avg:55.17ms
step:1153/1240 train_time:63634ms step_avg:55.19ms
step:1154/1240 train_time:63718ms step_avg:55.21ms
step:1155/1240 train_time:63798ms step_avg:55.24ms
step:1156/1240 train_time:63881ms step_avg:55.26ms
step:1157/1240 train_time:63961ms step_avg:55.28ms
step:1158/1240 train_time:64045ms step_avg:55.31ms
step:1159/1240 train_time:64123ms step_avg:55.33ms
step:1160/1240 train_time:64209ms step_avg:55.35ms
step:1161/1240 train_time:64288ms step_avg:55.37ms
step:1162/1240 train_time:64372ms step_avg:55.40ms
step:1163/1240 train_time:64450ms step_avg:55.42ms
step:1164/1240 train_time:64535ms step_avg:55.44ms
step:1165/1240 train_time:64614ms step_avg:55.46ms
step:1166/1240 train_time:64698ms step_avg:55.49ms
step:1167/1240 train_time:64777ms step_avg:55.51ms
step:1168/1240 train_time:64861ms step_avg:55.53ms
step:1169/1240 train_time:64939ms step_avg:55.55ms
step:1170/1240 train_time:65023ms step_avg:55.57ms
step:1171/1240 train_time:65102ms step_avg:55.60ms
step:1172/1240 train_time:65186ms step_avg:55.62ms
step:1173/1240 train_time:65265ms step_avg:55.64ms
step:1174/1240 train_time:65349ms step_avg:55.66ms
step:1175/1240 train_time:65427ms step_avg:55.68ms
step:1176/1240 train_time:65510ms step_avg:55.71ms
step:1177/1240 train_time:65591ms step_avg:55.73ms
step:1178/1240 train_time:65675ms step_avg:55.75ms
step:1179/1240 train_time:65754ms step_avg:55.77ms
step:1180/1240 train_time:65839ms step_avg:55.80ms
step:1181/1240 train_time:65919ms step_avg:55.82ms
step:1182/1240 train_time:66004ms step_avg:55.84ms
step:1183/1240 train_time:66082ms step_avg:55.86ms
step:1184/1240 train_time:66165ms step_avg:55.88ms
step:1185/1240 train_time:66245ms step_avg:55.90ms
step:1186/1240 train_time:66330ms step_avg:55.93ms
step:1187/1240 train_time:66409ms step_avg:55.95ms
step:1188/1240 train_time:66494ms step_avg:55.97ms
step:1189/1240 train_time:66573ms step_avg:55.99ms
step:1190/1240 train_time:66659ms step_avg:56.02ms
step:1191/1240 train_time:66737ms step_avg:56.03ms
step:1192/1240 train_time:66821ms step_avg:56.06ms
step:1193/1240 train_time:66902ms step_avg:56.08ms
step:1194/1240 train_time:66985ms step_avg:56.10ms
step:1195/1240 train_time:67063ms step_avg:56.12ms
step:1196/1240 train_time:67149ms step_avg:56.14ms
step:1197/1240 train_time:67226ms step_avg:56.16ms
step:1198/1240 train_time:67311ms step_avg:56.19ms
step:1199/1240 train_time:67390ms step_avg:56.20ms
step:1200/1240 train_time:67475ms step_avg:56.23ms
step:1201/1240 train_time:67554ms step_avg:56.25ms
step:1202/1240 train_time:67643ms step_avg:56.28ms
step:1203/1240 train_time:67722ms step_avg:56.29ms
step:1204/1240 train_time:67807ms step_avg:56.32ms
step:1205/1240 train_time:67886ms step_avg:56.34ms
step:1206/1240 train_time:67972ms step_avg:56.36ms
step:1207/1240 train_time:68052ms step_avg:56.38ms
step:1208/1240 train_time:68135ms step_avg:56.40ms
step:1209/1240 train_time:68215ms step_avg:56.42ms
step:1210/1240 train_time:68300ms step_avg:56.45ms
step:1211/1240 train_time:68378ms step_avg:56.46ms
step:1212/1240 train_time:68463ms step_avg:56.49ms
step:1213/1240 train_time:68542ms step_avg:56.51ms
step:1214/1240 train_time:68626ms step_avg:56.53ms
step:1215/1240 train_time:68706ms step_avg:56.55ms
step:1216/1240 train_time:68790ms step_avg:56.57ms
step:1217/1240 train_time:68870ms step_avg:56.59ms
step:1218/1240 train_time:68953ms step_avg:56.61ms
step:1219/1240 train_time:69033ms step_avg:56.63ms
step:1220/1240 train_time:69118ms step_avg:56.65ms
step:1221/1240 train_time:69196ms step_avg:56.67ms
step:1222/1240 train_time:69282ms step_avg:56.70ms
step:1223/1240 train_time:69360ms step_avg:56.71ms
step:1224/1240 train_time:69443ms step_avg:56.73ms
step:1225/1240 train_time:69523ms step_avg:56.75ms
step:1226/1240 train_time:69608ms step_avg:56.78ms
step:1227/1240 train_time:69688ms step_avg:56.80ms
step:1228/1240 train_time:69771ms step_avg:56.82ms
step:1229/1240 train_time:69851ms step_avg:56.84ms
step:1230/1240 train_time:69937ms step_avg:56.86ms
step:1231/1240 train_time:70016ms step_avg:56.88ms
step:1232/1240 train_time:70101ms step_avg:56.90ms
step:1233/1240 train_time:70181ms step_avg:56.92ms
step:1234/1240 train_time:70264ms step_avg:56.94ms
step:1235/1240 train_time:70343ms step_avg:56.96ms
step:1236/1240 train_time:70427ms step_avg:56.98ms
step:1237/1240 train_time:70507ms step_avg:57.00ms
step:1238/1240 train_time:70591ms step_avg:57.02ms
step:1239/1240 train_time:70671ms step_avg:57.04ms
step:1240/1240 train_time:70756ms step_avg:57.06ms
step:1240/1240 val_loss:3.3127 train_time:70847ms step_avg:57.13ms
peak memory allocated: 31352 MiB reserved: 45670 MiB
