W0420 03:37:53.861000 51626 torch/distributed/run.py:852] 
W0420 03:37:53.861000 51626 torch/distributed/run.py:852] *****************************************
W0420 03:37:53.861000 51626 torch/distributed/run.py:852] Setting OMP_NUM_THREADS environment variable for each process to be 1 in default, to avoid your system being overloaded, please further tune the variable for optimal performance in your application as needed. 
W0420 03:37:53.861000 51626 torch/distributed/run.py:852] *****************************************
[Gloo] Rank [Gloo] Rank 63 is connected to  is connected to 77 peer ranks.  peer ranks. Expected number of connected peer ranks is : Expected number of connected peer ranks is : 77

[Gloo] Rank 0 is connected to 7 peer ranks. Expected number of connected peer ranks is : 7
[Gloo] Rank 1 is connected to 7 peer ranks. Expected number of connected peer ranks is : 7
[Gloo] Rank [Gloo] Rank 42 is connected to  is connected to 77 peer ranks.  peer ranks. Expected number of connected peer ranks is : Expected number of connected peer ranks is : 77

[Gloo] Rank 5 is connected to 7 peer ranks. Expected number of connected peer ranks is : 7
[Gloo] Rank 7 is connected to 7 peer ranks. Expected number of connected peer ranks is : 7
Warning: You are sending unauthenticated requests to the HF Hub. Please set a HF_TOKEN to enable higher rate limits and faster downloads.
Warning: You are sending unauthenticated requests to the HF Hub. Please set a HF_TOKEN to enable higher rate limits and faster downloads.
Fetching 4 files:   0%|          | 0/4 [00:00<?, ?it/s]Fetching 4 files: 100%|██████████| 4/4 [00:00<00:00, 24528.09it/s]
Fetching 4 files:   0%|          | 0/4 [00:00<?, ?it/s]Fetching 4 files: 100%|██████████| 4/4 [00:00<00:00, 5687.19it/s]
Fetching 4 files:   0%|          | 0/4 [00:00<?, ?it/s]Fetching 4 files: 100%|██████████| 4/4 [00:00<00:00, 5562.74it/s]
Fetching 4 files:   0%|          | 0/4 [00:00<?, ?it/s]Fetching 4 files: 100%|██████████| 4/4 [00:00<00:00, 24174.66it/s]
Fetching 4 files:   0%|          | 0/4 [00:00<?, ?it/s]Fetching 4 files:   0%|          | 0/4 [00:00<?, ?it/s]Fetching 4 files: 100%|██████████| 4/4 [00:00<00:00, 24209.55it/s]
Fetching 4 files: 100%|██████████| 4/4 [00:00<00:00, 5417.25it/s]
logs/24240f7e-dd33-484f-83a1-8aa9f1ab4698.txt
Fetching 4 files:   0%|          | 0/4 [00:00<?, ?it/s]Fetching 4 files: 100%|██████████| 4/4 [00:00<00:00, 24456.58it/s]
Fetching 4 files:   0%|          | 0/4 [00:00<?, ?it/s]Fetching 4 files: 100%|██████████| 4/4 [00:00<00:00, 5265.92it/s]
Compiling model and warming up kernels (~7 minutes on first execution)
Sampling steps [0, 1, 401, 402, 403, 404, 805, 806, 807, 808, 1208, 1209, 1210, 1211] for warmup
Resetting Model
step:0/1250 val_loss:10.8315 train_time:0ms step_avg:0.04ms
step:1/1250 train_time:88ms step_avg:88.28ms
step:2/1250 train_time:124ms step_avg:62.15ms
step:3/1250 train_time:147ms step_avg:49.11ms
step:4/1250 train_time:181ms step_avg:45.18ms
step:5/1250 train_time:201ms step_avg:40.28ms
step:6/1250 train_time:236ms step_avg:39.28ms
step:7/1250 train_time:262ms step_avg:37.40ms
step:8/1250 train_time:297ms step_avg:37.13ms
step:9/1250 train_time:324ms step_avg:35.98ms
step:10/1250 train_time:359ms step_avg:35.91ms
step:11/1250 train_time:385ms step_avg:35.01ms
step:12/1250 train_time:421ms step_avg:35.05ms
step:13/1250 train_time:447ms step_avg:34.40ms
step:14/1250 train_time:483ms step_avg:34.48ms
step:15/1250 train_time:509ms step_avg:33.95ms
step:16/1250 train_time:545ms step_avg:34.03ms
step:17/1250 train_time:572ms step_avg:33.62ms
step:18/1250 train_time:606ms step_avg:33.69ms
step:19/1250 train_time:633ms step_avg:33.33ms
step:20/1250 train_time:668ms step_avg:33.42ms
step:21/1250 train_time:695ms step_avg:33.11ms
step:22/1250 train_time:730ms step_avg:33.20ms
step:23/1250 train_time:757ms step_avg:32.92ms
step:24/1250 train_time:792ms step_avg:33.01ms
step:25/1250 train_time:819ms step_avg:32.77ms
step:26/1250 train_time:855ms step_avg:32.87ms
step:27/1250 train_time:882ms step_avg:32.66ms
step:28/1250 train_time:917ms step_avg:32.74ms
step:29/1250 train_time:944ms step_avg:32.55ms
step:30/1250 train_time:979ms step_avg:32.63ms
step:31/1250 train_time:1005ms step_avg:32.43ms
step:32/1250 train_time:1042ms step_avg:32.55ms
step:33/1250 train_time:1069ms step_avg:32.40ms
step:34/1250 train_time:1105ms step_avg:32.50ms
step:35/1250 train_time:1133ms step_avg:32.36ms
step:36/1250 train_time:1168ms step_avg:32.44ms
step:37/1250 train_time:1195ms step_avg:32.29ms
step:38/1250 train_time:1231ms step_avg:32.38ms
step:39/1250 train_time:1258ms step_avg:32.25ms
step:40/1250 train_time:1293ms step_avg:32.33ms
step:41/1250 train_time:1320ms step_avg:32.19ms
step:42/1250 train_time:1356ms step_avg:32.28ms
step:43/1250 train_time:1383ms step_avg:32.15ms
step:44/1250 train_time:1418ms step_avg:32.23ms
step:45/1250 train_time:1445ms step_avg:32.11ms
step:46/1250 train_time:1480ms step_avg:32.18ms
step:47/1250 train_time:1507ms step_avg:32.06ms
step:48/1250 train_time:1542ms step_avg:32.13ms
step:49/1250 train_time:1569ms step_avg:32.01ms
step:50/1250 train_time:1604ms step_avg:32.09ms
step:51/1250 train_time:1631ms step_avg:31.98ms
step:52/1250 train_time:1666ms step_avg:32.04ms
step:53/1250 train_time:1693ms step_avg:31.94ms
step:54/1250 train_time:1728ms step_avg:32.00ms
step:55/1250 train_time:1755ms step_avg:31.91ms
step:56/1250 train_time:1790ms step_avg:31.96ms
step:57/1250 train_time:1817ms step_avg:31.87ms
step:58/1250 train_time:1852ms step_avg:31.93ms
step:59/1250 train_time:1879ms step_avg:31.84ms
step:60/1250 train_time:1914ms step_avg:31.90ms
step:61/1250 train_time:1941ms step_avg:31.82ms
step:62/1250 train_time:1976ms step_avg:31.87ms
step:63/1250 train_time:2003ms step_avg:31.79ms
step:64/1250 train_time:2038ms step_avg:31.85ms
step:65/1250 train_time:2065ms step_avg:31.77ms
step:66/1250 train_time:2100ms step_avg:31.82ms
step:67/1250 train_time:2126ms step_avg:31.74ms
step:68/1250 train_time:2162ms step_avg:31.80ms
step:69/1250 train_time:2189ms step_avg:31.73ms
step:70/1250 train_time:2224ms step_avg:31.77ms
step:71/1250 train_time:2252ms step_avg:31.72ms
step:72/1250 train_time:2287ms step_avg:31.77ms
step:73/1250 train_time:2314ms step_avg:31.70ms
step:74/1250 train_time:2349ms step_avg:31.75ms
step:75/1250 train_time:2376ms step_avg:31.68ms
step:76/1250 train_time:2412ms step_avg:31.73ms
step:77/1250 train_time:2439ms step_avg:31.67ms
step:78/1250 train_time:2474ms step_avg:31.72ms
step:79/1250 train_time:2501ms step_avg:31.66ms
step:80/1250 train_time:2536ms step_avg:31.71ms
step:81/1250 train_time:2563ms step_avg:31.64ms
step:82/1250 train_time:2598ms step_avg:31.68ms
step:83/1250 train_time:2625ms step_avg:31.63ms
step:84/1250 train_time:2660ms step_avg:31.67ms
step:85/1250 train_time:2687ms step_avg:31.61ms
step:86/1250 train_time:2722ms step_avg:31.65ms
step:87/1250 train_time:2750ms step_avg:31.61ms
step:88/1250 train_time:2785ms step_avg:31.64ms
step:89/1250 train_time:2812ms step_avg:31.59ms
step:90/1250 train_time:2847ms step_avg:31.63ms
step:91/1250 train_time:2874ms step_avg:31.58ms
step:92/1250 train_time:2909ms step_avg:31.62ms
step:93/1250 train_time:2936ms step_avg:31.57ms
step:94/1250 train_time:2971ms step_avg:31.61ms
step:95/1250 train_time:2998ms step_avg:31.56ms
step:96/1250 train_time:3033ms step_avg:31.60ms
step:97/1250 train_time:3060ms step_avg:31.55ms
step:98/1250 train_time:3096ms step_avg:31.59ms
step:99/1250 train_time:3122ms step_avg:31.54ms
step:100/1250 train_time:3158ms step_avg:31.58ms
step:101/1250 train_time:3184ms step_avg:31.53ms
step:102/1250 train_time:3219ms step_avg:31.56ms
step:103/1250 train_time:3246ms step_avg:31.52ms
step:104/1250 train_time:3281ms step_avg:31.55ms
step:105/1250 train_time:3308ms step_avg:31.50ms
step:106/1250 train_time:3344ms step_avg:31.54ms
step:107/1250 train_time:3370ms step_avg:31.50ms
step:108/1250 train_time:3405ms step_avg:31.53ms
step:109/1250 train_time:3433ms step_avg:31.49ms
step:110/1250 train_time:3468ms step_avg:31.53ms
step:111/1250 train_time:3495ms step_avg:31.48ms
step:112/1250 train_time:3530ms step_avg:31.52ms
step:113/1250 train_time:3557ms step_avg:31.48ms
step:114/1250 train_time:3593ms step_avg:31.51ms
step:115/1250 train_time:3619ms step_avg:31.47ms
step:116/1250 train_time:3654ms step_avg:31.50ms
step:117/1250 train_time:3681ms step_avg:31.46ms
step:118/1250 train_time:3716ms step_avg:31.49ms
step:119/1250 train_time:3743ms step_avg:31.45ms
step:120/1250 train_time:3778ms step_avg:31.48ms
step:121/1250 train_time:3804ms step_avg:31.44ms
step:122/1250 train_time:3839ms step_avg:31.47ms
step:123/1250 train_time:3866ms step_avg:31.43ms
step:124/1250 train_time:3901ms step_avg:31.46ms
step:125/1250 train_time:3928ms step_avg:31.42ms
step:126/1250 train_time:3963ms step_avg:31.46ms
step:127/1250 train_time:3990ms step_avg:31.42ms
step:128/1250 train_time:4025ms step_avg:31.45ms
step:129/1250 train_time:4052ms step_avg:31.41ms
step:130/1250 train_time:4087ms step_avg:31.44ms
step:131/1250 train_time:4114ms step_avg:31.40ms
step:132/1250 train_time:4149ms step_avg:31.44ms
step:133/1250 train_time:4176ms step_avg:31.40ms
step:134/1250 train_time:4211ms step_avg:31.43ms
step:135/1250 train_time:4238ms step_avg:31.39ms
step:136/1250 train_time:4274ms step_avg:31.42ms
step:137/1250 train_time:4300ms step_avg:31.39ms
step:138/1250 train_time:4336ms step_avg:31.42ms
step:139/1250 train_time:4363ms step_avg:31.39ms
step:140/1250 train_time:4398ms step_avg:31.41ms
step:141/1250 train_time:4424ms step_avg:31.38ms
step:142/1250 train_time:4460ms step_avg:31.41ms
step:143/1250 train_time:4486ms step_avg:31.37ms
step:144/1250 train_time:4521ms step_avg:31.40ms
step:145/1250 train_time:4548ms step_avg:31.37ms
step:146/1250 train_time:4585ms step_avg:31.40ms
step:147/1250 train_time:4611ms step_avg:31.36ms
step:148/1250 train_time:4646ms step_avg:31.39ms
step:149/1250 train_time:4673ms step_avg:31.36ms
step:150/1250 train_time:4707ms step_avg:31.38ms
step:151/1250 train_time:4734ms step_avg:31.35ms
step:152/1250 train_time:4770ms step_avg:31.38ms
step:153/1250 train_time:4796ms step_avg:31.35ms
step:154/1250 train_time:4831ms step_avg:31.37ms
step:155/1250 train_time:4858ms step_avg:31.34ms
step:156/1250 train_time:4894ms step_avg:31.37ms
step:157/1250 train_time:4920ms step_avg:31.34ms
step:158/1250 train_time:4957ms step_avg:31.37ms
step:159/1250 train_time:4983ms step_avg:31.34ms
step:160/1250 train_time:5018ms step_avg:31.36ms
step:161/1250 train_time:5045ms step_avg:31.33ms
step:162/1250 train_time:5081ms step_avg:31.36ms
step:163/1250 train_time:5107ms step_avg:31.33ms
step:164/1250 train_time:5142ms step_avg:31.35ms
step:165/1250 train_time:5169ms step_avg:31.33ms
step:166/1250 train_time:5204ms step_avg:31.35ms
step:167/1250 train_time:5231ms step_avg:31.33ms
step:168/1250 train_time:5267ms step_avg:31.35ms
step:169/1250 train_time:5293ms step_avg:31.32ms
step:170/1250 train_time:5328ms step_avg:31.34ms
step:171/1250 train_time:5356ms step_avg:31.32ms
step:172/1250 train_time:5391ms step_avg:31.34ms
step:173/1250 train_time:5417ms step_avg:31.31ms
step:174/1250 train_time:5453ms step_avg:31.34ms
step:175/1250 train_time:5480ms step_avg:31.31ms
step:176/1250 train_time:5515ms step_avg:31.33ms
step:177/1250 train_time:5542ms step_avg:31.31ms
step:178/1250 train_time:5577ms step_avg:31.33ms
step:179/1250 train_time:5604ms step_avg:31.31ms
step:180/1250 train_time:5639ms step_avg:31.33ms
step:181/1250 train_time:5666ms step_avg:31.30ms
step:182/1250 train_time:5700ms step_avg:31.32ms
step:183/1250 train_time:5727ms step_avg:31.30ms
step:184/1250 train_time:5763ms step_avg:31.32ms
step:185/1250 train_time:5789ms step_avg:31.29ms
step:186/1250 train_time:5824ms step_avg:31.31ms
step:187/1250 train_time:5852ms step_avg:31.29ms
step:188/1250 train_time:5887ms step_avg:31.31ms
step:189/1250 train_time:5914ms step_avg:31.29ms
step:190/1250 train_time:5949ms step_avg:31.31ms
step:191/1250 train_time:5976ms step_avg:31.29ms
step:192/1250 train_time:6011ms step_avg:31.31ms
step:193/1250 train_time:6038ms step_avg:31.29ms
step:194/1250 train_time:6074ms step_avg:31.31ms
step:195/1250 train_time:6100ms step_avg:31.28ms
step:196/1250 train_time:6135ms step_avg:31.30ms
step:197/1250 train_time:6163ms step_avg:31.28ms
step:198/1250 train_time:6198ms step_avg:31.30ms
step:199/1250 train_time:6224ms step_avg:31.28ms
step:200/1250 train_time:6259ms step_avg:31.30ms
step:201/1250 train_time:6286ms step_avg:31.27ms
step:202/1250 train_time:6321ms step_avg:31.29ms
step:203/1250 train_time:6348ms step_avg:31.27ms
step:204/1250 train_time:6383ms step_avg:31.29ms
step:205/1250 train_time:6410ms step_avg:31.27ms
step:206/1250 train_time:6445ms step_avg:31.29ms
step:207/1250 train_time:6473ms step_avg:31.27ms
step:208/1250 train_time:6508ms step_avg:31.29ms
step:209/1250 train_time:6534ms step_avg:31.26ms
step:210/1250 train_time:6570ms step_avg:31.29ms
step:211/1250 train_time:6596ms step_avg:31.26ms
step:212/1250 train_time:6631ms step_avg:31.28ms
step:213/1250 train_time:6658ms step_avg:31.26ms
step:214/1250 train_time:6694ms step_avg:31.28ms
step:215/1250 train_time:6720ms step_avg:31.26ms
step:216/1250 train_time:6756ms step_avg:31.28ms
step:217/1250 train_time:6782ms step_avg:31.25ms
step:218/1250 train_time:6817ms step_avg:31.27ms
step:219/1250 train_time:6844ms step_avg:31.25ms
step:220/1250 train_time:6879ms step_avg:31.27ms
step:221/1250 train_time:6906ms step_avg:31.25ms
step:222/1250 train_time:6941ms step_avg:31.27ms
step:223/1250 train_time:6968ms step_avg:31.25ms
step:224/1250 train_time:7003ms step_avg:31.26ms
step:225/1250 train_time:7030ms step_avg:31.25ms
step:226/1250 train_time:7065ms step_avg:31.26ms
step:227/1250 train_time:7093ms step_avg:31.25ms
step:228/1250 train_time:7128ms step_avg:31.26ms
step:229/1250 train_time:7155ms step_avg:31.24ms
step:230/1250 train_time:7189ms step_avg:31.26ms
step:231/1250 train_time:7216ms step_avg:31.24ms
step:232/1250 train_time:7251ms step_avg:31.25ms
step:233/1250 train_time:7278ms step_avg:31.24ms
step:234/1250 train_time:7313ms step_avg:31.25ms
step:235/1250 train_time:7340ms step_avg:31.23ms
step:236/1250 train_time:7376ms step_avg:31.26ms
step:237/1250 train_time:7402ms step_avg:31.23ms
step:238/1250 train_time:7437ms step_avg:31.25ms
step:239/1250 train_time:7464ms step_avg:31.23ms
step:240/1250 train_time:7499ms step_avg:31.25ms
step:241/1250 train_time:7526ms step_avg:31.23ms
step:242/1250 train_time:7562ms step_avg:31.25ms
step:243/1250 train_time:7588ms step_avg:31.23ms
step:244/1250 train_time:7623ms step_avg:31.24ms
step:245/1250 train_time:7650ms step_avg:31.22ms
step:246/1250 train_time:7685ms step_avg:31.24ms
step:247/1250 train_time:7712ms step_avg:31.22ms
step:248/1250 train_time:7747ms step_avg:31.24ms
step:249/1250 train_time:7774ms step_avg:31.22ms
step:250/1250 train_time:7809ms step_avg:31.23ms
step:250/1250 val_loss:4.4814 train_time:7844ms step_avg:31.38ms
step:251/1250 train_time:7865ms step_avg:31.34ms
step:252/1250 train_time:7889ms step_avg:31.30ms
step:253/1250 train_time:7908ms step_avg:31.26ms
step:254/1250 train_time:7938ms step_avg:31.25ms
step:255/1250 train_time:7966ms step_avg:31.24ms
step:256/1250 train_time:8003ms step_avg:31.26ms
step:257/1250 train_time:8031ms step_avg:31.25ms
step:258/1250 train_time:8066ms step_avg:31.26ms
step:259/1250 train_time:8095ms step_avg:31.25ms
step:260/1250 train_time:8129ms step_avg:31.27ms
step:261/1250 train_time:8156ms step_avg:31.25ms
step:262/1250 train_time:8190ms step_avg:31.26ms
step:263/1250 train_time:8217ms step_avg:31.24ms
step:264/1250 train_time:8253ms step_avg:31.26ms
step:265/1250 train_time:8280ms step_avg:31.24ms
step:266/1250 train_time:8314ms step_avg:31.26ms
step:267/1250 train_time:8341ms step_avg:31.24ms
step:268/1250 train_time:8376ms step_avg:31.25ms
step:269/1250 train_time:8403ms step_avg:31.24ms
step:270/1250 train_time:8438ms step_avg:31.25ms
step:271/1250 train_time:8465ms step_avg:31.23ms
step:272/1250 train_time:8500ms step_avg:31.25ms
step:273/1250 train_time:8526ms step_avg:31.23ms
step:274/1250 train_time:8561ms step_avg:31.25ms
step:275/1250 train_time:8588ms step_avg:31.23ms
step:276/1250 train_time:8623ms step_avg:31.24ms
step:277/1250 train_time:8650ms step_avg:31.23ms
step:278/1250 train_time:8684ms step_avg:31.24ms
step:279/1250 train_time:8711ms step_avg:31.22ms
step:280/1250 train_time:8747ms step_avg:31.24ms
step:281/1250 train_time:8773ms step_avg:31.22ms
step:282/1250 train_time:8808ms step_avg:31.23ms
step:283/1250 train_time:8835ms step_avg:31.22ms
step:284/1250 train_time:8870ms step_avg:31.23ms
step:285/1250 train_time:8897ms step_avg:31.22ms
step:286/1250 train_time:8932ms step_avg:31.23ms
step:287/1250 train_time:8959ms step_avg:31.22ms
step:288/1250 train_time:8994ms step_avg:31.23ms
step:289/1250 train_time:9022ms step_avg:31.22ms
step:290/1250 train_time:9057ms step_avg:31.23ms
step:291/1250 train_time:9084ms step_avg:31.22ms
step:292/1250 train_time:9119ms step_avg:31.23ms
step:293/1250 train_time:9146ms step_avg:31.22ms
step:294/1250 train_time:9181ms step_avg:31.23ms
step:295/1250 train_time:9208ms step_avg:31.21ms
step:296/1250 train_time:9243ms step_avg:31.23ms
step:297/1250 train_time:9270ms step_avg:31.21ms
step:298/1250 train_time:9305ms step_avg:31.22ms
step:299/1250 train_time:9331ms step_avg:31.21ms
step:300/1250 train_time:9367ms step_avg:31.22ms
step:301/1250 train_time:9394ms step_avg:31.21ms
step:302/1250 train_time:9429ms step_avg:31.22ms
step:303/1250 train_time:9456ms step_avg:31.21ms
step:304/1250 train_time:9491ms step_avg:31.22ms
step:305/1250 train_time:9518ms step_avg:31.21ms
step:306/1250 train_time:9553ms step_avg:31.22ms
step:307/1250 train_time:9580ms step_avg:31.21ms
step:308/1250 train_time:9615ms step_avg:31.22ms
step:309/1250 train_time:9642ms step_avg:31.20ms
step:310/1250 train_time:9677ms step_avg:31.21ms
step:311/1250 train_time:9703ms step_avg:31.20ms
step:312/1250 train_time:9739ms step_avg:31.21ms
step:313/1250 train_time:9765ms step_avg:31.20ms
step:314/1250 train_time:9800ms step_avg:31.21ms
step:315/1250 train_time:9827ms step_avg:31.20ms
step:316/1250 train_time:9863ms step_avg:31.21ms
step:317/1250 train_time:9889ms step_avg:31.20ms
step:318/1250 train_time:9924ms step_avg:31.21ms
step:319/1250 train_time:9951ms step_avg:31.19ms
step:320/1250 train_time:9986ms step_avg:31.21ms
step:321/1250 train_time:10013ms step_avg:31.19ms
step:322/1250 train_time:10048ms step_avg:31.21ms
step:323/1250 train_time:10075ms step_avg:31.19ms
step:324/1250 train_time:10110ms step_avg:31.21ms
step:325/1250 train_time:10138ms step_avg:31.19ms
step:326/1250 train_time:10172ms step_avg:31.20ms
step:327/1250 train_time:10199ms step_avg:31.19ms
step:328/1250 train_time:10235ms step_avg:31.20ms
step:329/1250 train_time:10262ms step_avg:31.19ms
step:330/1250 train_time:10297ms step_avg:31.20ms
step:331/1250 train_time:10324ms step_avg:31.19ms
step:332/1250 train_time:10359ms step_avg:31.20ms
step:333/1250 train_time:10386ms step_avg:31.19ms
step:334/1250 train_time:10421ms step_avg:31.20ms
step:335/1250 train_time:10448ms step_avg:31.19ms
step:336/1250 train_time:10483ms step_avg:31.20ms
step:337/1250 train_time:10509ms step_avg:31.18ms
step:338/1250 train_time:10545ms step_avg:31.20ms
step:339/1250 train_time:10571ms step_avg:31.18ms
step:340/1250 train_time:10606ms step_avg:31.19ms
step:341/1250 train_time:10633ms step_avg:31.18ms
step:342/1250 train_time:10668ms step_avg:31.19ms
step:343/1250 train_time:10695ms step_avg:31.18ms
step:344/1250 train_time:10730ms step_avg:31.19ms
step:345/1250 train_time:10758ms step_avg:31.18ms
step:346/1250 train_time:10792ms step_avg:31.19ms
step:347/1250 train_time:10819ms step_avg:31.18ms
step:348/1250 train_time:10854ms step_avg:31.19ms
step:349/1250 train_time:10881ms step_avg:31.18ms
step:350/1250 train_time:10916ms step_avg:31.19ms
step:351/1250 train_time:10942ms step_avg:31.17ms
step:352/1250 train_time:10978ms step_avg:31.19ms
step:353/1250 train_time:11004ms step_avg:31.17ms
step:354/1250 train_time:11040ms step_avg:31.19ms
step:355/1250 train_time:11066ms step_avg:31.17ms
step:356/1250 train_time:11103ms step_avg:31.19ms
step:357/1250 train_time:11128ms step_avg:31.17ms
step:358/1250 train_time:11164ms step_avg:31.18ms
step:359/1250 train_time:11190ms step_avg:31.17ms
step:360/1250 train_time:11225ms step_avg:31.18ms
step:361/1250 train_time:11252ms step_avg:31.17ms
step:362/1250 train_time:11287ms step_avg:31.18ms
step:363/1250 train_time:11314ms step_avg:31.17ms
step:364/1250 train_time:11350ms step_avg:31.18ms
step:365/1250 train_time:11376ms step_avg:31.17ms
step:366/1250 train_time:11411ms step_avg:31.18ms
step:367/1250 train_time:11438ms step_avg:31.17ms
step:368/1250 train_time:11473ms step_avg:31.18ms
step:369/1250 train_time:11500ms step_avg:31.16ms
step:370/1250 train_time:11535ms step_avg:31.17ms
step:371/1250 train_time:11561ms step_avg:31.16ms
step:372/1250 train_time:11596ms step_avg:31.17ms
step:373/1250 train_time:11623ms step_avg:31.16ms
step:374/1250 train_time:11658ms step_avg:31.17ms
step:375/1250 train_time:11685ms step_avg:31.16ms
step:376/1250 train_time:11720ms step_avg:31.17ms
step:377/1250 train_time:11746ms step_avg:31.16ms
step:378/1250 train_time:11782ms step_avg:31.17ms
step:379/1250 train_time:11808ms step_avg:31.16ms
step:380/1250 train_time:11843ms step_avg:31.17ms
step:381/1250 train_time:11870ms step_avg:31.15ms
step:382/1250 train_time:11905ms step_avg:31.16ms
step:383/1250 train_time:11931ms step_avg:31.15ms
step:384/1250 train_time:11967ms step_avg:31.16ms
step:385/1250 train_time:11994ms step_avg:31.15ms
step:386/1250 train_time:12029ms step_avg:31.16ms
step:387/1250 train_time:12056ms step_avg:31.15ms
step:388/1250 train_time:12091ms step_avg:31.16ms
step:389/1250 train_time:12118ms step_avg:31.15ms
step:390/1250 train_time:12154ms step_avg:31.16ms
step:391/1250 train_time:12180ms step_avg:31.15ms
step:392/1250 train_time:12215ms step_avg:31.16ms
step:393/1250 train_time:12242ms step_avg:31.15ms
step:394/1250 train_time:12278ms step_avg:31.16ms
step:395/1250 train_time:12304ms step_avg:31.15ms
step:396/1250 train_time:12339ms step_avg:31.16ms
step:397/1250 train_time:12366ms step_avg:31.15ms
step:398/1250 train_time:12401ms step_avg:31.16ms
step:399/1250 train_time:12428ms step_avg:31.15ms
step:400/1250 train_time:12464ms step_avg:31.16ms
step:401/1250 train_time:12490ms step_avg:31.15ms
step:402/1250 train_time:12525ms step_avg:31.16ms
step:403/1250 train_time:12552ms step_avg:31.15ms
step:404/1250 train_time:12591ms step_avg:31.17ms
step:405/1250 train_time:12642ms step_avg:31.21ms
step:406/1250 train_time:12700ms step_avg:31.28ms
step:407/1250 train_time:12753ms step_avg:31.33ms
step:408/1250 train_time:12812ms step_avg:31.40ms
step:409/1250 train_time:12865ms step_avg:31.45ms
step:410/1250 train_time:12925ms step_avg:31.52ms
step:411/1250 train_time:12977ms step_avg:31.57ms
step:412/1250 train_time:13036ms step_avg:31.64ms
step:413/1250 train_time:13090ms step_avg:31.69ms
step:414/1250 train_time:13149ms step_avg:31.76ms
step:415/1250 train_time:13201ms step_avg:31.81ms
step:416/1250 train_time:13260ms step_avg:31.87ms
step:417/1250 train_time:13313ms step_avg:31.93ms
step:418/1250 train_time:13372ms step_avg:31.99ms
step:419/1250 train_time:13425ms step_avg:32.04ms
step:420/1250 train_time:13484ms step_avg:32.11ms
step:421/1250 train_time:13537ms step_avg:32.15ms
step:422/1250 train_time:13597ms step_avg:32.22ms
step:423/1250 train_time:13650ms step_avg:32.27ms
step:424/1250 train_time:13709ms step_avg:32.33ms
step:425/1250 train_time:13761ms step_avg:32.38ms
step:426/1250 train_time:13819ms step_avg:32.44ms
step:427/1250 train_time:13872ms step_avg:32.49ms
step:428/1250 train_time:13932ms step_avg:32.55ms
step:429/1250 train_time:13985ms step_avg:32.60ms
step:430/1250 train_time:14043ms step_avg:32.66ms
step:431/1250 train_time:14097ms step_avg:32.71ms
step:432/1250 train_time:14156ms step_avg:32.77ms
step:433/1250 train_time:14210ms step_avg:32.82ms
step:434/1250 train_time:14268ms step_avg:32.88ms
step:435/1250 train_time:14321ms step_avg:32.92ms
step:436/1250 train_time:14380ms step_avg:32.98ms
step:437/1250 train_time:14433ms step_avg:33.03ms
step:438/1250 train_time:14492ms step_avg:33.09ms
step:439/1250 train_time:14546ms step_avg:33.13ms
step:440/1250 train_time:14604ms step_avg:33.19ms
step:441/1250 train_time:14657ms step_avg:33.24ms
step:442/1250 train_time:14716ms step_avg:33.29ms
step:443/1250 train_time:14769ms step_avg:33.34ms
step:444/1250 train_time:14828ms step_avg:33.40ms
step:445/1250 train_time:14881ms step_avg:33.44ms
step:446/1250 train_time:14939ms step_avg:33.50ms
step:447/1250 train_time:14993ms step_avg:33.54ms
step:448/1250 train_time:15052ms step_avg:33.60ms
step:449/1250 train_time:15105ms step_avg:33.64ms
step:450/1250 train_time:15163ms step_avg:33.70ms
step:451/1250 train_time:15217ms step_avg:33.74ms
step:452/1250 train_time:15276ms step_avg:33.80ms
step:453/1250 train_time:15329ms step_avg:33.84ms
step:454/1250 train_time:15390ms step_avg:33.90ms
step:455/1250 train_time:15442ms step_avg:33.94ms
step:456/1250 train_time:15500ms step_avg:33.99ms
step:457/1250 train_time:15554ms step_avg:34.04ms
step:458/1250 train_time:15611ms step_avg:34.09ms
step:459/1250 train_time:15664ms step_avg:34.13ms
step:460/1250 train_time:15724ms step_avg:34.18ms
step:461/1250 train_time:15775ms step_avg:34.22ms
step:462/1250 train_time:15834ms step_avg:34.27ms
step:463/1250 train_time:15888ms step_avg:34.32ms
step:464/1250 train_time:15948ms step_avg:34.37ms
step:465/1250 train_time:16000ms step_avg:34.41ms
step:466/1250 train_time:16059ms step_avg:34.46ms
step:467/1250 train_time:16112ms step_avg:34.50ms
step:468/1250 train_time:16170ms step_avg:34.55ms
step:469/1250 train_time:16223ms step_avg:34.59ms
step:470/1250 train_time:16282ms step_avg:34.64ms
step:471/1250 train_time:16335ms step_avg:34.68ms
step:472/1250 train_time:16394ms step_avg:34.73ms
step:473/1250 train_time:16447ms step_avg:34.77ms
step:474/1250 train_time:16506ms step_avg:34.82ms
step:475/1250 train_time:16559ms step_avg:34.86ms
step:476/1250 train_time:16617ms step_avg:34.91ms
step:477/1250 train_time:16670ms step_avg:34.95ms
step:478/1250 train_time:16729ms step_avg:35.00ms
step:479/1250 train_time:16781ms step_avg:35.03ms
step:480/1250 train_time:16840ms step_avg:35.08ms
step:481/1250 train_time:16893ms step_avg:35.12ms
step:482/1250 train_time:16952ms step_avg:35.17ms
step:483/1250 train_time:17006ms step_avg:35.21ms
step:484/1250 train_time:17065ms step_avg:35.26ms
step:485/1250 train_time:17117ms step_avg:35.29ms
step:486/1250 train_time:17177ms step_avg:35.34ms
step:487/1250 train_time:17230ms step_avg:35.38ms
step:488/1250 train_time:17289ms step_avg:35.43ms
step:489/1250 train_time:17341ms step_avg:35.46ms
step:490/1250 train_time:17400ms step_avg:35.51ms
step:491/1250 train_time:17453ms step_avg:35.55ms
step:492/1250 train_time:17512ms step_avg:35.59ms
step:493/1250 train_time:17565ms step_avg:35.63ms
step:494/1250 train_time:17623ms step_avg:35.67ms
step:495/1250 train_time:17676ms step_avg:35.71ms
step:496/1250 train_time:17735ms step_avg:35.76ms
step:497/1250 train_time:17790ms step_avg:35.80ms
step:498/1250 train_time:17848ms step_avg:35.84ms
step:499/1250 train_time:17901ms step_avg:35.87ms
step:500/1250 train_time:17959ms step_avg:35.92ms
step:500/1250 val_loss:4.0724 train_time:18023ms step_avg:36.05ms
step:501/1250 train_time:18045ms step_avg:36.02ms
step:502/1250 train_time:18074ms step_avg:36.00ms
step:503/1250 train_time:18131ms step_avg:36.05ms
step:504/1250 train_time:18193ms step_avg:36.10ms
step:505/1250 train_time:18249ms step_avg:36.14ms
step:506/1250 train_time:18308ms step_avg:36.18ms
step:507/1250 train_time:18363ms step_avg:36.22ms
step:508/1250 train_time:18422ms step_avg:36.26ms
step:509/1250 train_time:18474ms step_avg:36.29ms
step:510/1250 train_time:18532ms step_avg:36.34ms
step:511/1250 train_time:18585ms step_avg:36.37ms
step:512/1250 train_time:18643ms step_avg:36.41ms
step:513/1250 train_time:18695ms step_avg:36.44ms
step:514/1250 train_time:18754ms step_avg:36.49ms
step:515/1250 train_time:18806ms step_avg:36.52ms
step:516/1250 train_time:18864ms step_avg:36.56ms
step:517/1250 train_time:18917ms step_avg:36.59ms
step:518/1250 train_time:18975ms step_avg:36.63ms
step:519/1250 train_time:19029ms step_avg:36.66ms
step:520/1250 train_time:19089ms step_avg:36.71ms
step:521/1250 train_time:19145ms step_avg:36.75ms
step:522/1250 train_time:19205ms step_avg:36.79ms
step:523/1250 train_time:19259ms step_avg:36.82ms
step:524/1250 train_time:19319ms step_avg:36.87ms
step:525/1250 train_time:19372ms step_avg:36.90ms
step:526/1250 train_time:19431ms step_avg:36.94ms
step:527/1250 train_time:19483ms step_avg:36.97ms
step:528/1250 train_time:19541ms step_avg:37.01ms
step:529/1250 train_time:19594ms step_avg:37.04ms
step:530/1250 train_time:19652ms step_avg:37.08ms
step:531/1250 train_time:19705ms step_avg:37.11ms
step:532/1250 train_time:19764ms step_avg:37.15ms
step:533/1250 train_time:19816ms step_avg:37.18ms
step:534/1250 train_time:19874ms step_avg:37.22ms
step:535/1250 train_time:19927ms step_avg:37.25ms
step:536/1250 train_time:19987ms step_avg:37.29ms
step:537/1250 train_time:20041ms step_avg:37.32ms
step:538/1250 train_time:20101ms step_avg:37.36ms
step:539/1250 train_time:20154ms step_avg:37.39ms
step:540/1250 train_time:20213ms step_avg:37.43ms
step:541/1250 train_time:20267ms step_avg:37.46ms
step:542/1250 train_time:20327ms step_avg:37.50ms
step:543/1250 train_time:20380ms step_avg:37.53ms
step:544/1250 train_time:20440ms step_avg:37.57ms
step:545/1250 train_time:20492ms step_avg:37.60ms
step:546/1250 train_time:20550ms step_avg:37.64ms
step:547/1250 train_time:20603ms step_avg:37.66ms
step:548/1250 train_time:20661ms step_avg:37.70ms
step:549/1250 train_time:20715ms step_avg:37.73ms
step:550/1250 train_time:20772ms step_avg:37.77ms
step:551/1250 train_time:20825ms step_avg:37.80ms
step:552/1250 train_time:20884ms step_avg:37.83ms
step:553/1250 train_time:20937ms step_avg:37.86ms
step:554/1250 train_time:20994ms step_avg:37.90ms
step:555/1250 train_time:21048ms step_avg:37.92ms
step:556/1250 train_time:21107ms step_avg:37.96ms
step:557/1250 train_time:21160ms step_avg:37.99ms
step:558/1250 train_time:21221ms step_avg:38.03ms
step:559/1250 train_time:21274ms step_avg:38.06ms
step:560/1250 train_time:21333ms step_avg:38.09ms
step:561/1250 train_time:21386ms step_avg:38.12ms
step:562/1250 train_time:21446ms step_avg:38.16ms
step:563/1250 train_time:21500ms step_avg:38.19ms
step:564/1250 train_time:21558ms step_avg:38.22ms
step:565/1250 train_time:21611ms step_avg:38.25ms
step:566/1250 train_time:21670ms step_avg:38.29ms
step:567/1250 train_time:21723ms step_avg:38.31ms
step:568/1250 train_time:21781ms step_avg:38.35ms
step:569/1250 train_time:21834ms step_avg:38.37ms
step:570/1250 train_time:21892ms step_avg:38.41ms
step:571/1250 train_time:21945ms step_avg:38.43ms
step:572/1250 train_time:22004ms step_avg:38.47ms
step:573/1250 train_time:22057ms step_avg:38.49ms
step:574/1250 train_time:22115ms step_avg:38.53ms
step:575/1250 train_time:22168ms step_avg:38.55ms
step:576/1250 train_time:22227ms step_avg:38.59ms
step:577/1250 train_time:22281ms step_avg:38.62ms
step:578/1250 train_time:22340ms step_avg:38.65ms
step:579/1250 train_time:22393ms step_avg:38.68ms
step:580/1250 train_time:22451ms step_avg:38.71ms
step:581/1250 train_time:22505ms step_avg:38.73ms
step:582/1250 train_time:22564ms step_avg:38.77ms
step:583/1250 train_time:22616ms step_avg:38.79ms
step:584/1250 train_time:22675ms step_avg:38.83ms
step:585/1250 train_time:22728ms step_avg:38.85ms
step:586/1250 train_time:22787ms step_avg:38.89ms
step:587/1250 train_time:22840ms step_avg:38.91ms
step:588/1250 train_time:22900ms step_avg:38.95ms
step:589/1250 train_time:22952ms step_avg:38.97ms
step:590/1250 train_time:23010ms step_avg:39.00ms
step:591/1250 train_time:23064ms step_avg:39.03ms
step:592/1250 train_time:23124ms step_avg:39.06ms
step:593/1250 train_time:23176ms step_avg:39.08ms
step:594/1250 train_time:23235ms step_avg:39.12ms
step:595/1250 train_time:23289ms step_avg:39.14ms
step:596/1250 train_time:23348ms step_avg:39.17ms
step:597/1250 train_time:23401ms step_avg:39.20ms
step:598/1250 train_time:23459ms step_avg:39.23ms
step:599/1250 train_time:23512ms step_avg:39.25ms
step:600/1250 train_time:23571ms step_avg:39.28ms
step:601/1250 train_time:23625ms step_avg:39.31ms
step:602/1250 train_time:23684ms step_avg:39.34ms
step:603/1250 train_time:23736ms step_avg:39.36ms
step:604/1250 train_time:23794ms step_avg:39.39ms
step:605/1250 train_time:23847ms step_avg:39.42ms
step:606/1250 train_time:23906ms step_avg:39.45ms
step:607/1250 train_time:23959ms step_avg:39.47ms
step:608/1250 train_time:24018ms step_avg:39.50ms
step:609/1250 train_time:24071ms step_avg:39.53ms
step:610/1250 train_time:24132ms step_avg:39.56ms
step:611/1250 train_time:24185ms step_avg:39.58ms
step:612/1250 train_time:24244ms step_avg:39.61ms
step:613/1250 train_time:24297ms step_avg:39.64ms
step:614/1250 train_time:24355ms step_avg:39.67ms
step:615/1250 train_time:24407ms step_avg:39.69ms
step:616/1250 train_time:24465ms step_avg:39.72ms
step:617/1250 train_time:24520ms step_avg:39.74ms
step:618/1250 train_time:24579ms step_avg:39.77ms
step:619/1250 train_time:24633ms step_avg:39.79ms
step:620/1250 train_time:24690ms step_avg:39.82ms
step:621/1250 train_time:24744ms step_avg:39.85ms
step:622/1250 train_time:24803ms step_avg:39.88ms
step:623/1250 train_time:24855ms step_avg:39.90ms
step:624/1250 train_time:24914ms step_avg:39.93ms
step:625/1250 train_time:24966ms step_avg:39.95ms
step:626/1250 train_time:25025ms step_avg:39.98ms
step:627/1250 train_time:25078ms step_avg:40.00ms
step:628/1250 train_time:25137ms step_avg:40.03ms
step:629/1250 train_time:25191ms step_avg:40.05ms
step:630/1250 train_time:25250ms step_avg:40.08ms
step:631/1250 train_time:25304ms step_avg:40.10ms
step:632/1250 train_time:25363ms step_avg:40.13ms
step:633/1250 train_time:25415ms step_avg:40.15ms
step:634/1250 train_time:25473ms step_avg:40.18ms
step:635/1250 train_time:25526ms step_avg:40.20ms
step:636/1250 train_time:25585ms step_avg:40.23ms
step:637/1250 train_time:25639ms step_avg:40.25ms
step:638/1250 train_time:25698ms step_avg:40.28ms
step:639/1250 train_time:25750ms step_avg:40.30ms
step:640/1250 train_time:25809ms step_avg:40.33ms
step:641/1250 train_time:25863ms step_avg:40.35ms
step:642/1250 train_time:25922ms step_avg:40.38ms
step:643/1250 train_time:25974ms step_avg:40.39ms
step:644/1250 train_time:26033ms step_avg:40.42ms
step:645/1250 train_time:26086ms step_avg:40.44ms
step:646/1250 train_time:26145ms step_avg:40.47ms
step:647/1250 train_time:26197ms step_avg:40.49ms
step:648/1250 train_time:26256ms step_avg:40.52ms
step:649/1250 train_time:26310ms step_avg:40.54ms
step:650/1250 train_time:26369ms step_avg:40.57ms
step:651/1250 train_time:26423ms step_avg:40.59ms
step:652/1250 train_time:26481ms step_avg:40.62ms
step:653/1250 train_time:26535ms step_avg:40.63ms
step:654/1250 train_time:26593ms step_avg:40.66ms
step:655/1250 train_time:26646ms step_avg:40.68ms
step:656/1250 train_time:26704ms step_avg:40.71ms
step:657/1250 train_time:26757ms step_avg:40.73ms
step:658/1250 train_time:26815ms step_avg:40.75ms
step:659/1250 train_time:26869ms step_avg:40.77ms
step:660/1250 train_time:26929ms step_avg:40.80ms
step:661/1250 train_time:26983ms step_avg:40.82ms
step:662/1250 train_time:27042ms step_avg:40.85ms
step:663/1250 train_time:27094ms step_avg:40.87ms
step:664/1250 train_time:27153ms step_avg:40.89ms
step:665/1250 train_time:27205ms step_avg:40.91ms
step:666/1250 train_time:27265ms step_avg:40.94ms
step:667/1250 train_time:27319ms step_avg:40.96ms
step:668/1250 train_time:27377ms step_avg:40.98ms
step:669/1250 train_time:27430ms step_avg:41.00ms
step:670/1250 train_time:27488ms step_avg:41.03ms
step:671/1250 train_time:27542ms step_avg:41.05ms
step:672/1250 train_time:27601ms step_avg:41.07ms
step:673/1250 train_time:27654ms step_avg:41.09ms
step:674/1250 train_time:27712ms step_avg:41.12ms
step:675/1250 train_time:27766ms step_avg:41.13ms
step:676/1250 train_time:27825ms step_avg:41.16ms
step:677/1250 train_time:27878ms step_avg:41.18ms
step:678/1250 train_time:27937ms step_avg:41.20ms
step:679/1250 train_time:27989ms step_avg:41.22ms
step:680/1250 train_time:28048ms step_avg:41.25ms
step:681/1250 train_time:28101ms step_avg:41.26ms
step:682/1250 train_time:28161ms step_avg:41.29ms
step:683/1250 train_time:28212ms step_avg:41.31ms
step:684/1250 train_time:28271ms step_avg:41.33ms
step:685/1250 train_time:28325ms step_avg:41.35ms
step:686/1250 train_time:28384ms step_avg:41.38ms
step:687/1250 train_time:28437ms step_avg:41.39ms
step:688/1250 train_time:28495ms step_avg:41.42ms
step:689/1250 train_time:28548ms step_avg:41.43ms
step:690/1250 train_time:28607ms step_avg:41.46ms
step:691/1250 train_time:28661ms step_avg:41.48ms
step:692/1250 train_time:28720ms step_avg:41.50ms
step:693/1250 train_time:28773ms step_avg:41.52ms
step:694/1250 train_time:28833ms step_avg:41.55ms
step:695/1250 train_time:28886ms step_avg:41.56ms
step:696/1250 train_time:28945ms step_avg:41.59ms
step:697/1250 train_time:28997ms step_avg:41.60ms
step:698/1250 train_time:29056ms step_avg:41.63ms
step:699/1250 train_time:29109ms step_avg:41.64ms
step:700/1250 train_time:29167ms step_avg:41.67ms
step:701/1250 train_time:29221ms step_avg:41.68ms
step:702/1250 train_time:29280ms step_avg:41.71ms
step:703/1250 train_time:29332ms step_avg:41.72ms
step:704/1250 train_time:29391ms step_avg:41.75ms
step:705/1250 train_time:29445ms step_avg:41.77ms
step:706/1250 train_time:29503ms step_avg:41.79ms
step:707/1250 train_time:29556ms step_avg:41.80ms
step:708/1250 train_time:29614ms step_avg:41.83ms
step:709/1250 train_time:29667ms step_avg:41.84ms
step:710/1250 train_time:29727ms step_avg:41.87ms
step:711/1250 train_time:29780ms step_avg:41.89ms
step:712/1250 train_time:29840ms step_avg:41.91ms
step:713/1250 train_time:29893ms step_avg:41.93ms
step:714/1250 train_time:29951ms step_avg:41.95ms
step:715/1250 train_time:30004ms step_avg:41.96ms
step:716/1250 train_time:30063ms step_avg:41.99ms
step:717/1250 train_time:30116ms step_avg:42.00ms
step:718/1250 train_time:30174ms step_avg:42.02ms
step:719/1250 train_time:30227ms step_avg:42.04ms
step:720/1250 train_time:30286ms step_avg:42.06ms
step:721/1250 train_time:30339ms step_avg:42.08ms
step:722/1250 train_time:30398ms step_avg:42.10ms
step:723/1250 train_time:30451ms step_avg:42.12ms
step:724/1250 train_time:30510ms step_avg:42.14ms
step:725/1250 train_time:30563ms step_avg:42.16ms
step:726/1250 train_time:30622ms step_avg:42.18ms
step:727/1250 train_time:30675ms step_avg:42.19ms
step:728/1250 train_time:30734ms step_avg:42.22ms
step:729/1250 train_time:30787ms step_avg:42.23ms
step:730/1250 train_time:30845ms step_avg:42.25ms
step:731/1250 train_time:30899ms step_avg:42.27ms
step:732/1250 train_time:30958ms step_avg:42.29ms
step:733/1250 train_time:31010ms step_avg:42.31ms
step:734/1250 train_time:31069ms step_avg:42.33ms
step:735/1250 train_time:31123ms step_avg:42.34ms
step:736/1250 train_time:31182ms step_avg:42.37ms
step:737/1250 train_time:31234ms step_avg:42.38ms
step:738/1250 train_time:31293ms step_avg:42.40ms
step:739/1250 train_time:31346ms step_avg:42.42ms
step:740/1250 train_time:31404ms step_avg:42.44ms
step:741/1250 train_time:31457ms step_avg:42.45ms
step:742/1250 train_time:31516ms step_avg:42.47ms
step:743/1250 train_time:31570ms step_avg:42.49ms
step:744/1250 train_time:31629ms step_avg:42.51ms
step:745/1250 train_time:31683ms step_avg:42.53ms
step:746/1250 train_time:31742ms step_avg:42.55ms
step:747/1250 train_time:31794ms step_avg:42.56ms
step:748/1250 train_time:31852ms step_avg:42.58ms
step:749/1250 train_time:31905ms step_avg:42.60ms
step:750/1250 train_time:31964ms step_avg:42.62ms
step:750/1250 val_loss:3.6603 train_time:32027ms step_avg:42.70ms
step:751/1250 train_time:32049ms step_avg:42.68ms
step:752/1250 train_time:32077ms step_avg:42.66ms
step:753/1250 train_time:32131ms step_avg:42.67ms
step:754/1250 train_time:32199ms step_avg:42.70ms
step:755/1250 train_time:32255ms step_avg:42.72ms
step:756/1250 train_time:32313ms step_avg:42.74ms
step:757/1250 train_time:32367ms step_avg:42.76ms
step:758/1250 train_time:32424ms step_avg:42.78ms
step:759/1250 train_time:32477ms step_avg:42.79ms
step:760/1250 train_time:32536ms step_avg:42.81ms
step:761/1250 train_time:32587ms step_avg:42.82ms
step:762/1250 train_time:32645ms step_avg:42.84ms
step:763/1250 train_time:32698ms step_avg:42.85ms
step:764/1250 train_time:32756ms step_avg:42.87ms
step:765/1250 train_time:32809ms step_avg:42.89ms
step:766/1250 train_time:32868ms step_avg:42.91ms
step:767/1250 train_time:32920ms step_avg:42.92ms
step:768/1250 train_time:32979ms step_avg:42.94ms
step:769/1250 train_time:33031ms step_avg:42.95ms
step:770/1250 train_time:33091ms step_avg:42.97ms
step:771/1250 train_time:33144ms step_avg:42.99ms
step:772/1250 train_time:33205ms step_avg:43.01ms
step:773/1250 train_time:33261ms step_avg:43.03ms
step:774/1250 train_time:33320ms step_avg:43.05ms
step:775/1250 train_time:33373ms step_avg:43.06ms
step:776/1250 train_time:33431ms step_avg:43.08ms
step:777/1250 train_time:33485ms step_avg:43.10ms
step:778/1250 train_time:33543ms step_avg:43.11ms
step:779/1250 train_time:33596ms step_avg:43.13ms
step:780/1250 train_time:33654ms step_avg:43.15ms
step:781/1250 train_time:33706ms step_avg:43.16ms
step:782/1250 train_time:33765ms step_avg:43.18ms
step:783/1250 train_time:33818ms step_avg:43.19ms
step:784/1250 train_time:33876ms step_avg:43.21ms
step:785/1250 train_time:33928ms step_avg:43.22ms
step:786/1250 train_time:33987ms step_avg:43.24ms
step:787/1250 train_time:34040ms step_avg:43.25ms
step:788/1250 train_time:34100ms step_avg:43.27ms
step:789/1250 train_time:34155ms step_avg:43.29ms
step:790/1250 train_time:34214ms step_avg:43.31ms
step:791/1250 train_time:34267ms step_avg:43.32ms
step:792/1250 train_time:34326ms step_avg:43.34ms
step:793/1250 train_time:34381ms step_avg:43.36ms
step:794/1250 train_time:34439ms step_avg:43.37ms
step:795/1250 train_time:34492ms step_avg:43.39ms
step:796/1250 train_time:34551ms step_avg:43.41ms
step:797/1250 train_time:34604ms step_avg:43.42ms
step:798/1250 train_time:34663ms step_avg:43.44ms
step:799/1250 train_time:34716ms step_avg:43.45ms
step:800/1250 train_time:34774ms step_avg:43.47ms
step:801/1250 train_time:34827ms step_avg:43.48ms
step:802/1250 train_time:34884ms step_avg:43.50ms
step:803/1250 train_time:34937ms step_avg:43.51ms
step:804/1250 train_time:34997ms step_avg:43.53ms
step:805/1250 train_time:35050ms step_avg:43.54ms
step:806/1250 train_time:35109ms step_avg:43.56ms
step:807/1250 train_time:35163ms step_avg:43.57ms
step:808/1250 train_time:35224ms step_avg:43.59ms
step:809/1250 train_time:35305ms step_avg:43.64ms
step:810/1250 train_time:35389ms step_avg:43.69ms
step:811/1250 train_time:35468ms step_avg:43.73ms
step:812/1250 train_time:35552ms step_avg:43.78ms
step:813/1250 train_time:35631ms step_avg:43.83ms
step:814/1250 train_time:35714ms step_avg:43.87ms
step:815/1250 train_time:35793ms step_avg:43.92ms
step:816/1250 train_time:35876ms step_avg:43.97ms
step:817/1250 train_time:35954ms step_avg:44.01ms
step:818/1250 train_time:36038ms step_avg:44.06ms
step:819/1250 train_time:36118ms step_avg:44.10ms
step:820/1250 train_time:36202ms step_avg:44.15ms
step:821/1250 train_time:36281ms step_avg:44.19ms
step:822/1250 train_time:36364ms step_avg:44.24ms
step:823/1250 train_time:36443ms step_avg:44.28ms
step:824/1250 train_time:36527ms step_avg:44.33ms
step:825/1250 train_time:36606ms step_avg:44.37ms
step:826/1250 train_time:36692ms step_avg:44.42ms
step:827/1250 train_time:36769ms step_avg:44.46ms
step:828/1250 train_time:36852ms step_avg:44.51ms
step:829/1250 train_time:36930ms step_avg:44.55ms
step:830/1250 train_time:37013ms step_avg:44.59ms
step:831/1250 train_time:37093ms step_avg:44.64ms
step:832/1250 train_time:37179ms step_avg:44.69ms
step:833/1250 train_time:37258ms step_avg:44.73ms
step:834/1250 train_time:37343ms step_avg:44.78ms
step:835/1250 train_time:37421ms step_avg:44.82ms
step:836/1250 train_time:37505ms step_avg:44.86ms
step:837/1250 train_time:37583ms step_avg:44.90ms
step:838/1250 train_time:37667ms step_avg:44.95ms
step:839/1250 train_time:37744ms step_avg:44.99ms
step:840/1250 train_time:37829ms step_avg:45.03ms
step:841/1250 train_time:37908ms step_avg:45.07ms
step:842/1250 train_time:37993ms step_avg:45.12ms
step:843/1250 train_time:38071ms step_avg:45.16ms
step:844/1250 train_time:38157ms step_avg:45.21ms
step:845/1250 train_time:38236ms step_avg:45.25ms
step:846/1250 train_time:38323ms step_avg:45.30ms
step:847/1250 train_time:38403ms step_avg:45.34ms
step:848/1250 train_time:38486ms step_avg:45.38ms
step:849/1250 train_time:38565ms step_avg:45.42ms
step:850/1250 train_time:38649ms step_avg:45.47ms
step:851/1250 train_time:38727ms step_avg:45.51ms
step:852/1250 train_time:38812ms step_avg:45.55ms
step:853/1250 train_time:38889ms step_avg:45.59ms
step:854/1250 train_time:38973ms step_avg:45.64ms
step:855/1250 train_time:39051ms step_avg:45.67ms
step:856/1250 train_time:39136ms step_avg:45.72ms
step:857/1250 train_time:39216ms step_avg:45.76ms
step:858/1250 train_time:39301ms step_avg:45.81ms
step:859/1250 train_time:39381ms step_avg:45.85ms
step:860/1250 train_time:39466ms step_avg:45.89ms
step:861/1250 train_time:39544ms step_avg:45.93ms
step:862/1250 train_time:39628ms step_avg:45.97ms
step:863/1250 train_time:39707ms step_avg:46.01ms
step:864/1250 train_time:39791ms step_avg:46.05ms
step:865/1250 train_time:39868ms step_avg:46.09ms
step:866/1250 train_time:39953ms step_avg:46.13ms
step:867/1250 train_time:40032ms step_avg:46.17ms
step:868/1250 train_time:40117ms step_avg:46.22ms
step:869/1250 train_time:40197ms step_avg:46.26ms
step:870/1250 train_time:40282ms step_avg:46.30ms
step:871/1250 train_time:40362ms step_avg:46.34ms
step:872/1250 train_time:40446ms step_avg:46.38ms
step:873/1250 train_time:40525ms step_avg:46.42ms
step:874/1250 train_time:40609ms step_avg:46.46ms
step:875/1250 train_time:40687ms step_avg:46.50ms
step:876/1250 train_time:40771ms step_avg:46.54ms
step:877/1250 train_time:40850ms step_avg:46.58ms
step:878/1250 train_time:40933ms step_avg:46.62ms
step:879/1250 train_time:41013ms step_avg:46.66ms
step:880/1250 train_time:41098ms step_avg:46.70ms
step:881/1250 train_time:41176ms step_avg:46.74ms
step:882/1250 train_time:41262ms step_avg:46.78ms
step:883/1250 train_time:41340ms step_avg:46.82ms
step:884/1250 train_time:41424ms step_avg:46.86ms
step:885/1250 train_time:41503ms step_avg:46.90ms
step:886/1250 train_time:41589ms step_avg:46.94ms
step:887/1250 train_time:41666ms step_avg:46.97ms
step:888/1250 train_time:41750ms step_avg:47.02ms
step:889/1250 train_time:41828ms step_avg:47.05ms
step:890/1250 train_time:41913ms step_avg:47.09ms
step:891/1250 train_time:41991ms step_avg:47.13ms
step:892/1250 train_time:42076ms step_avg:47.17ms
step:893/1250 train_time:42155ms step_avg:47.21ms
step:894/1250 train_time:42240ms step_avg:47.25ms
step:895/1250 train_time:42318ms step_avg:47.28ms
step:896/1250 train_time:42402ms step_avg:47.32ms
step:897/1250 train_time:42481ms step_avg:47.36ms
step:898/1250 train_time:42566ms step_avg:47.40ms
step:899/1250 train_time:42644ms step_avg:47.44ms
step:900/1250 train_time:42728ms step_avg:47.48ms
step:901/1250 train_time:42808ms step_avg:47.51ms
step:902/1250 train_time:42892ms step_avg:47.55ms
step:903/1250 train_time:42972ms step_avg:47.59ms
step:904/1250 train_time:43055ms step_avg:47.63ms
step:905/1250 train_time:43134ms step_avg:47.66ms
step:906/1250 train_time:43219ms step_avg:47.70ms
step:907/1250 train_time:43298ms step_avg:47.74ms
step:908/1250 train_time:43384ms step_avg:47.78ms
step:909/1250 train_time:43462ms step_avg:47.81ms
step:910/1250 train_time:43547ms step_avg:47.85ms
step:911/1250 train_time:43625ms step_avg:47.89ms
step:912/1250 train_time:43710ms step_avg:47.93ms
step:913/1250 train_time:43788ms step_avg:47.96ms
step:914/1250 train_time:43875ms step_avg:48.00ms
step:915/1250 train_time:43953ms step_avg:48.04ms
step:916/1250 train_time:44037ms step_avg:48.08ms
step:917/1250 train_time:44117ms step_avg:48.11ms
step:918/1250 train_time:44201ms step_avg:48.15ms
step:919/1250 train_time:44279ms step_avg:48.18ms
step:920/1250 train_time:44365ms step_avg:48.22ms
step:921/1250 train_time:44443ms step_avg:48.25ms
step:922/1250 train_time:44527ms step_avg:48.29ms
step:923/1250 train_time:44606ms step_avg:48.33ms
step:924/1250 train_time:44690ms step_avg:48.37ms
step:925/1250 train_time:44769ms step_avg:48.40ms
step:926/1250 train_time:44854ms step_avg:48.44ms
step:927/1250 train_time:44932ms step_avg:48.47ms
step:928/1250 train_time:45017ms step_avg:48.51ms
step:929/1250 train_time:45096ms step_avg:48.54ms
step:930/1250 train_time:45181ms step_avg:48.58ms
step:931/1250 train_time:45259ms step_avg:48.61ms
step:932/1250 train_time:45344ms step_avg:48.65ms
step:933/1250 train_time:45423ms step_avg:48.69ms
step:934/1250 train_time:45507ms step_avg:48.72ms
step:935/1250 train_time:45586ms step_avg:48.76ms
step:936/1250 train_time:45670ms step_avg:48.79ms
step:937/1250 train_time:45747ms step_avg:48.82ms
step:938/1250 train_time:45832ms step_avg:48.86ms
step:939/1250 train_time:45910ms step_avg:48.89ms
step:940/1250 train_time:45996ms step_avg:48.93ms
step:941/1250 train_time:46075ms step_avg:48.96ms
step:942/1250 train_time:46159ms step_avg:49.00ms
step:943/1250 train_time:46237ms step_avg:49.03ms
step:944/1250 train_time:46323ms step_avg:49.07ms
step:945/1250 train_time:46401ms step_avg:49.10ms
step:946/1250 train_time:46486ms step_avg:49.14ms
step:947/1250 train_time:46565ms step_avg:49.17ms
step:948/1250 train_time:46648ms step_avg:49.21ms
step:949/1250 train_time:46728ms step_avg:49.24ms
step:950/1250 train_time:46813ms step_avg:49.28ms
step:951/1250 train_time:46893ms step_avg:49.31ms
step:952/1250 train_time:46976ms step_avg:49.34ms
step:953/1250 train_time:47055ms step_avg:49.38ms
step:954/1250 train_time:47139ms step_avg:49.41ms
step:955/1250 train_time:47218ms step_avg:49.44ms
step:956/1250 train_time:47303ms step_avg:49.48ms
step:957/1250 train_time:47382ms step_avg:49.51ms
step:958/1250 train_time:47467ms step_avg:49.55ms
step:959/1250 train_time:47546ms step_avg:49.58ms
step:960/1250 train_time:47629ms step_avg:49.61ms
step:961/1250 train_time:47710ms step_avg:49.65ms
step:962/1250 train_time:47796ms step_avg:49.68ms
step:963/1250 train_time:47874ms step_avg:49.71ms
step:964/1250 train_time:47958ms step_avg:49.75ms
step:965/1250 train_time:48037ms step_avg:49.78ms
step:966/1250 train_time:48121ms step_avg:49.81ms
step:967/1250 train_time:48199ms step_avg:49.84ms
step:968/1250 train_time:48285ms step_avg:49.88ms
step:969/1250 train_time:48364ms step_avg:49.91ms
step:970/1250 train_time:48447ms step_avg:49.95ms
step:971/1250 train_time:48526ms step_avg:49.98ms
step:972/1250 train_time:48611ms step_avg:50.01ms
step:973/1250 train_time:48691ms step_avg:50.04ms
step:974/1250 train_time:48774ms step_avg:50.08ms
step:975/1250 train_time:48851ms step_avg:50.10ms
step:976/1250 train_time:48936ms step_avg:50.14ms
step:977/1250 train_time:49015ms step_avg:50.17ms
step:978/1250 train_time:49099ms step_avg:50.20ms
step:979/1250 train_time:49176ms step_avg:50.23ms
step:980/1250 train_time:49261ms step_avg:50.27ms
step:981/1250 train_time:49339ms step_avg:50.30ms
step:982/1250 train_time:49425ms step_avg:50.33ms
step:983/1250 train_time:49503ms step_avg:50.36ms
step:984/1250 train_time:49588ms step_avg:50.39ms
step:985/1250 train_time:49667ms step_avg:50.42ms
step:986/1250 train_time:49752ms step_avg:50.46ms
step:987/1250 train_time:49831ms step_avg:50.49ms
step:988/1250 train_time:49915ms step_avg:50.52ms
step:989/1250 train_time:49994ms step_avg:50.55ms
step:990/1250 train_time:50078ms step_avg:50.58ms
step:991/1250 train_time:50158ms step_avg:50.61ms
step:992/1250 train_time:50242ms step_avg:50.65ms
step:993/1250 train_time:50322ms step_avg:50.68ms
step:994/1250 train_time:50406ms step_avg:50.71ms
step:995/1250 train_time:50485ms step_avg:50.74ms
step:996/1250 train_time:50568ms step_avg:50.77ms
step:997/1250 train_time:50647ms step_avg:50.80ms
step:998/1250 train_time:50733ms step_avg:50.83ms
step:999/1250 train_time:50811ms step_avg:50.86ms
step:1000/1250 train_time:50895ms step_avg:50.89ms
step:1000/1250 val_loss:3.4344 train_time:50986ms step_avg:50.99ms
step:1001/1250 train_time:51008ms step_avg:50.96ms
step:1002/1250 train_time:51061ms step_avg:50.96ms
step:1003/1250 train_time:51146ms step_avg:50.99ms
step:1004/1250 train_time:51232ms step_avg:51.03ms
step:1005/1250 train_time:51314ms step_avg:51.06ms
step:1006/1250 train_time:51397ms step_avg:51.09ms
step:1007/1250 train_time:51475ms step_avg:51.12ms
step:1008/1250 train_time:51559ms step_avg:51.15ms
step:1009/1250 train_time:51636ms step_avg:51.18ms
step:1010/1250 train_time:51720ms step_avg:51.21ms
step:1011/1250 train_time:51797ms step_avg:51.23ms
step:1012/1250 train_time:51879ms step_avg:51.26ms
step:1013/1250 train_time:51958ms step_avg:51.29ms
step:1014/1250 train_time:52045ms step_avg:51.33ms
step:1015/1250 train_time:52125ms step_avg:51.36ms
step:1016/1250 train_time:52210ms step_avg:51.39ms
step:1017/1250 train_time:52290ms step_avg:51.42ms
step:1018/1250 train_time:52374ms step_avg:51.45ms
step:1019/1250 train_time:52452ms step_avg:51.47ms
step:1020/1250 train_time:52536ms step_avg:51.51ms
step:1021/1250 train_time:52614ms step_avg:51.53ms
step:1022/1250 train_time:52698ms step_avg:51.56ms
step:1023/1250 train_time:52776ms step_avg:51.59ms
step:1024/1250 train_time:52859ms step_avg:51.62ms
step:1025/1250 train_time:52939ms step_avg:51.65ms
step:1026/1250 train_time:53025ms step_avg:51.68ms
step:1027/1250 train_time:53105ms step_avg:51.71ms
step:1028/1250 train_time:53189ms step_avg:51.74ms
step:1029/1250 train_time:53267ms step_avg:51.77ms
step:1030/1250 train_time:53353ms step_avg:51.80ms
step:1031/1250 train_time:53432ms step_avg:51.83ms
step:1032/1250 train_time:53515ms step_avg:51.86ms
step:1033/1250 train_time:53593ms step_avg:51.88ms
step:1034/1250 train_time:53678ms step_avg:51.91ms
step:1035/1250 train_time:53757ms step_avg:51.94ms
step:1036/1250 train_time:53843ms step_avg:51.97ms
step:1037/1250 train_time:53920ms step_avg:52.00ms
step:1038/1250 train_time:54005ms step_avg:52.03ms
step:1039/1250 train_time:54084ms step_avg:52.05ms
step:1040/1250 train_time:54170ms step_avg:52.09ms
step:1041/1250 train_time:54249ms step_avg:52.11ms
step:1042/1250 train_time:54334ms step_avg:52.14ms
step:1043/1250 train_time:54413ms step_avg:52.17ms
step:1044/1250 train_time:54498ms step_avg:52.20ms
step:1045/1250 train_time:54576ms step_avg:52.23ms
step:1046/1250 train_time:54660ms step_avg:52.26ms
step:1047/1250 train_time:54739ms step_avg:52.28ms
step:1048/1250 train_time:54822ms step_avg:52.31ms
step:1049/1250 train_time:54900ms step_avg:52.34ms
step:1050/1250 train_time:54986ms step_avg:52.37ms
step:1051/1250 train_time:55063ms step_avg:52.39ms
step:1052/1250 train_time:55148ms step_avg:52.42ms
step:1053/1250 train_time:55226ms step_avg:52.45ms
step:1054/1250 train_time:55310ms step_avg:52.48ms
step:1055/1250 train_time:55389ms step_avg:52.50ms
step:1056/1250 train_time:55475ms step_avg:52.53ms
step:1057/1250 train_time:55552ms step_avg:52.56ms
step:1058/1250 train_time:55638ms step_avg:52.59ms
step:1059/1250 train_time:55717ms step_avg:52.61ms
step:1060/1250 train_time:55798ms step_avg:52.64ms
step:1061/1250 train_time:55879ms step_avg:52.67ms
step:1062/1250 train_time:55963ms step_avg:52.70ms
step:1063/1250 train_time:56042ms step_avg:52.72ms
step:1064/1250 train_time:56128ms step_avg:52.75ms
step:1065/1250 train_time:56208ms step_avg:52.78ms
step:1066/1250 train_time:56293ms step_avg:52.81ms
step:1067/1250 train_time:56369ms step_avg:52.83ms
step:1068/1250 train_time:56454ms step_avg:52.86ms
step:1069/1250 train_time:56533ms step_avg:52.88ms
step:1070/1250 train_time:56618ms step_avg:52.91ms
step:1071/1250 train_time:56697ms step_avg:52.94ms
step:1072/1250 train_time:56780ms step_avg:52.97ms
step:1073/1250 train_time:56858ms step_avg:52.99ms
step:1074/1250 train_time:56943ms step_avg:53.02ms
step:1075/1250 train_time:57021ms step_avg:53.04ms
step:1076/1250 train_time:57107ms step_avg:53.07ms
step:1077/1250 train_time:57186ms step_avg:53.10ms
step:1078/1250 train_time:57269ms step_avg:53.13ms
step:1079/1250 train_time:57347ms step_avg:53.15ms
step:1080/1250 train_time:57432ms step_avg:53.18ms
step:1081/1250 train_time:57511ms step_avg:53.20ms
step:1082/1250 train_time:57596ms step_avg:53.23ms
step:1083/1250 train_time:57675ms step_avg:53.26ms
step:1084/1250 train_time:57761ms step_avg:53.28ms
step:1085/1250 train_time:57840ms step_avg:53.31ms
step:1086/1250 train_time:57923ms step_avg:53.34ms
step:1087/1250 train_time:58002ms step_avg:53.36ms
step:1088/1250 train_time:58087ms step_avg:53.39ms
step:1089/1250 train_time:58166ms step_avg:53.41ms
step:1090/1250 train_time:58250ms step_avg:53.44ms
step:1091/1250 train_time:58328ms step_avg:53.46ms
step:1092/1250 train_time:58412ms step_avg:53.49ms
step:1093/1250 train_time:58491ms step_avg:53.51ms
step:1094/1250 train_time:58576ms step_avg:53.54ms
step:1095/1250 train_time:58655ms step_avg:53.57ms
step:1096/1250 train_time:58739ms step_avg:53.59ms
step:1097/1250 train_time:58818ms step_avg:53.62ms
step:1098/1250 train_time:58903ms step_avg:53.65ms
step:1099/1250 train_time:58981ms step_avg:53.67ms
step:1100/1250 train_time:59066ms step_avg:53.70ms
step:1101/1250 train_time:59144ms step_avg:53.72ms
step:1102/1250 train_time:59228ms step_avg:53.75ms
step:1103/1250 train_time:59307ms step_avg:53.77ms
step:1104/1250 train_time:59391ms step_avg:53.80ms
step:1105/1250 train_time:59469ms step_avg:53.82ms
step:1106/1250 train_time:59554ms step_avg:53.85ms
step:1107/1250 train_time:59634ms step_avg:53.87ms
step:1108/1250 train_time:59718ms step_avg:53.90ms
step:1109/1250 train_time:59797ms step_avg:53.92ms
step:1110/1250 train_time:59881ms step_avg:53.95ms
step:1111/1250 train_time:59959ms step_avg:53.97ms
step:1112/1250 train_time:60044ms step_avg:54.00ms
step:1113/1250 train_time:60123ms step_avg:54.02ms
step:1114/1250 train_time:60208ms step_avg:54.05ms
step:1115/1250 train_time:60285ms step_avg:54.07ms
step:1116/1250 train_time:60370ms step_avg:54.10ms
step:1117/1250 train_time:60449ms step_avg:54.12ms
step:1118/1250 train_time:60533ms step_avg:54.14ms
step:1119/1250 train_time:60613ms step_avg:54.17ms
step:1120/1250 train_time:60698ms step_avg:54.19ms
step:1121/1250 train_time:60776ms step_avg:54.22ms
step:1122/1250 train_time:60860ms step_avg:54.24ms
step:1123/1250 train_time:60939ms step_avg:54.26ms
step:1124/1250 train_time:61024ms step_avg:54.29ms
step:1125/1250 train_time:61102ms step_avg:54.31ms
step:1126/1250 train_time:61186ms step_avg:54.34ms
step:1127/1250 train_time:61265ms step_avg:54.36ms
step:1128/1250 train_time:61349ms step_avg:54.39ms
step:1129/1250 train_time:61427ms step_avg:54.41ms
step:1130/1250 train_time:61511ms step_avg:54.43ms
step:1131/1250 train_time:61590ms step_avg:54.46ms
step:1132/1250 train_time:61676ms step_avg:54.48ms
step:1133/1250 train_time:61755ms step_avg:54.51ms
step:1134/1250 train_time:61840ms step_avg:54.53ms
step:1135/1250 train_time:61920ms step_avg:54.55ms
step:1136/1250 train_time:62003ms step_avg:54.58ms
step:1137/1250 train_time:62082ms step_avg:54.60ms
step:1138/1250 train_time:62167ms step_avg:54.63ms
step:1139/1250 train_time:62244ms step_avg:54.65ms
step:1140/1250 train_time:62330ms step_avg:54.68ms
step:1141/1250 train_time:62409ms step_avg:54.70ms
step:1142/1250 train_time:62492ms step_avg:54.72ms
step:1143/1250 train_time:62572ms step_avg:54.74ms
step:1144/1250 train_time:62658ms step_avg:54.77ms
step:1145/1250 train_time:62737ms step_avg:54.79ms
step:1146/1250 train_time:62821ms step_avg:54.82ms
step:1147/1250 train_time:62899ms step_avg:54.84ms
step:1148/1250 train_time:62983ms step_avg:54.86ms
step:1149/1250 train_time:63062ms step_avg:54.88ms
step:1150/1250 train_time:63148ms step_avg:54.91ms
step:1151/1250 train_time:63227ms step_avg:54.93ms
step:1152/1250 train_time:63312ms step_avg:54.96ms
step:1153/1250 train_time:63392ms step_avg:54.98ms
step:1154/1250 train_time:63475ms step_avg:55.00ms
step:1155/1250 train_time:63553ms step_avg:55.02ms
step:1156/1250 train_time:63638ms step_avg:55.05ms
step:1157/1250 train_time:63718ms step_avg:55.07ms
step:1158/1250 train_time:63803ms step_avg:55.10ms
step:1159/1250 train_time:63882ms step_avg:55.12ms
step:1160/1250 train_time:63967ms step_avg:55.14ms
step:1161/1250 train_time:64045ms step_avg:55.16ms
step:1162/1250 train_time:64128ms step_avg:55.19ms
step:1163/1250 train_time:64208ms step_avg:55.21ms
step:1164/1250 train_time:64292ms step_avg:55.23ms
step:1165/1250 train_time:64371ms step_avg:55.25ms
step:1166/1250 train_time:64456ms step_avg:55.28ms
step:1167/1250 train_time:64535ms step_avg:55.30ms
step:1168/1250 train_time:64620ms step_avg:55.33ms
step:1169/1250 train_time:64700ms step_avg:55.35ms
step:1170/1250 train_time:64784ms step_avg:55.37ms
step:1171/1250 train_time:64862ms step_avg:55.39ms
step:1172/1250 train_time:64947ms step_avg:55.42ms
step:1173/1250 train_time:65024ms step_avg:55.43ms
step:1174/1250 train_time:65109ms step_avg:55.46ms
step:1175/1250 train_time:65189ms step_avg:55.48ms
step:1176/1250 train_time:65272ms step_avg:55.50ms
step:1177/1250 train_time:65351ms step_avg:55.52ms
step:1178/1250 train_time:65435ms step_avg:55.55ms
step:1179/1250 train_time:65512ms step_avg:55.57ms
step:1180/1250 train_time:65597ms step_avg:55.59ms
step:1181/1250 train_time:65677ms step_avg:55.61ms
step:1182/1250 train_time:65760ms step_avg:55.63ms
step:1183/1250 train_time:65841ms step_avg:55.66ms
step:1184/1250 train_time:65926ms step_avg:55.68ms
step:1185/1250 train_time:66003ms step_avg:55.70ms
step:1186/1250 train_time:66087ms step_avg:55.72ms
step:1187/1250 train_time:66164ms step_avg:55.74ms
step:1188/1250 train_time:66249ms step_avg:55.77ms
step:1189/1250 train_time:66327ms step_avg:55.78ms
step:1190/1250 train_time:66410ms step_avg:55.81ms
step:1191/1250 train_time:66488ms step_avg:55.83ms
step:1192/1250 train_time:66573ms step_avg:55.85ms
step:1193/1250 train_time:66653ms step_avg:55.87ms
step:1194/1250 train_time:66739ms step_avg:55.90ms
step:1195/1250 train_time:66818ms step_avg:55.91ms
step:1196/1250 train_time:66903ms step_avg:55.94ms
step:1197/1250 train_time:66980ms step_avg:55.96ms
step:1198/1250 train_time:67065ms step_avg:55.98ms
step:1199/1250 train_time:67143ms step_avg:56.00ms
step:1200/1250 train_time:67227ms step_avg:56.02ms
step:1201/1250 train_time:67306ms step_avg:56.04ms
step:1202/1250 train_time:67389ms step_avg:56.06ms
step:1203/1250 train_time:67469ms step_avg:56.08ms
step:1204/1250 train_time:67553ms step_avg:56.11ms
step:1205/1250 train_time:67633ms step_avg:56.13ms
step:1206/1250 train_time:67718ms step_avg:56.15ms
step:1207/1250 train_time:67797ms step_avg:56.17ms
step:1208/1250 train_time:67881ms step_avg:56.19ms
step:1209/1250 train_time:67960ms step_avg:56.21ms
step:1210/1250 train_time:68045ms step_avg:56.24ms
step:1211/1250 train_time:68125ms step_avg:56.26ms
step:1212/1250 train_time:68215ms step_avg:56.28ms
step:1213/1250 train_time:68293ms step_avg:56.30ms
step:1214/1250 train_time:68378ms step_avg:56.32ms
step:1215/1250 train_time:68460ms step_avg:56.35ms
step:1216/1250 train_time:68545ms step_avg:56.37ms
step:1217/1250 train_time:68623ms step_avg:56.39ms
step:1218/1250 train_time:68709ms step_avg:56.41ms
step:1219/1250 train_time:68788ms step_avg:56.43ms
step:1220/1250 train_time:68874ms step_avg:56.45ms
step:1221/1250 train_time:68952ms step_avg:56.47ms
step:1222/1250 train_time:69037ms step_avg:56.49ms
step:1223/1250 train_time:69115ms step_avg:56.51ms
step:1224/1250 train_time:69200ms step_avg:56.54ms
step:1225/1250 train_time:69279ms step_avg:56.55ms
step:1226/1250 train_time:69362ms step_avg:56.58ms
step:1227/1250 train_time:69442ms step_avg:56.60ms
step:1228/1250 train_time:69528ms step_avg:56.62ms
step:1229/1250 train_time:69608ms step_avg:56.64ms
step:1230/1250 train_time:69692ms step_avg:56.66ms
step:1231/1250 train_time:69770ms step_avg:56.68ms
step:1232/1250 train_time:69856ms step_avg:56.70ms
step:1233/1250 train_time:69935ms step_avg:56.72ms
step:1234/1250 train_time:70021ms step_avg:56.74ms
step:1235/1250 train_time:70099ms step_avg:56.76ms
step:1236/1250 train_time:70183ms step_avg:56.78ms
step:1237/1250 train_time:70263ms step_avg:56.80ms
step:1238/1250 train_time:70348ms step_avg:56.82ms
step:1239/1250 train_time:70426ms step_avg:56.84ms
step:1240/1250 train_time:70512ms step_avg:56.86ms
step:1241/1250 train_time:70590ms step_avg:56.88ms
step:1242/1250 train_time:70675ms step_avg:56.90ms
step:1243/1250 train_time:70754ms step_avg:56.92ms
step:1244/1250 train_time:70839ms step_avg:56.94ms
step:1245/1250 train_time:70919ms step_avg:56.96ms
step:1246/1250 train_time:71004ms step_avg:56.99ms
step:1247/1250 train_time:71083ms step_avg:57.00ms
step:1248/1250 train_time:71166ms step_avg:57.02ms
step:1249/1250 train_time:71247ms step_avg:57.04ms
step:1250/1250 train_time:71331ms step_avg:57.06ms
step:1250/1250 val_loss:3.3133 train_time:71421ms step_avg:57.14ms
peak memory allocated: 31314 MiB reserved: 46670 MiB
