W0420 03:34:25.807000 48585 torch/distributed/run.py:852] 
W0420 03:34:25.807000 48585 torch/distributed/run.py:852] *****************************************
W0420 03:34:25.807000 48585 torch/distributed/run.py:852] Setting OMP_NUM_THREADS environment variable for each process to be 1 in default, to avoid your system being overloaded, please further tune the variable for optimal performance in your application as needed. 
W0420 03:34:25.807000 48585 torch/distributed/run.py:852] *****************************************
[Gloo] Rank 0 is connected to 7 peer ranks. Expected number of connected peer ranks is : 7
[Gloo] Rank 2 is connected to 7 peer ranks. Expected number of connected peer ranks is : 7
[Gloo] Rank 3 is connected to 7 peer ranks. Expected number of connected peer ranks is : [Gloo] Rank 74
 is connected to 7 peer ranks. Expected number of connected peer ranks is : 7
[Gloo] Rank 1 is connected to 7 peer ranks. Expected number of connected peer ranks is : 7
[Gloo] Rank 7 is connected to 7 peer ranks. Expected number of connected peer ranks is : 7
[Gloo] Rank 6 is connected to 7 peer ranks. Expected number of connected peer ranks is : 7
[Gloo] Rank 5 is connected to 7 peer ranks. Expected number of connected peer ranks is : 7
Warning: You are sending unauthenticated requests to the HF Hub. Please set a HF_TOKEN to enable higher rate limits and faster downloads.
Warning: You are sending unauthenticated requests to the HF Hub. Please set a HF_TOKEN to enable higher rate limits and faster downloads.
Warning: You are sending unauthenticated requests to the HF Hub. Please set a HF_TOKEN to enable higher rate limits and faster downloads.
Warning: You are sending unauthenticated requests to the HF Hub. Please set a HF_TOKEN to enable higher rate limits and faster downloads.
Fetching 4 files:   0%|          | 0/4 [00:00<?, ?it/s]Fetching 4 files: 100%|██████████| 4/4 [00:00<00:00, 3226.39it/s]
Fetching 4 files:   0%|          | 0/4 [00:00<?, ?it/s]Fetching 4 files:   0%|          | 0/4 [00:00<?, ?it/s]Fetching 4 files: 100%|██████████| 4/4 [00:00<00:00, 19508.39it/s]
Fetching 4 files: 100%|██████████| 4/4 [00:00<00:00, 5658.42it/s]
Fetching 4 files:   0%|          | 0/4 [00:00<?, ?it/s]Fetching 4 files: 100%|██████████| 4/4 [00:00<00:00, 5601.74it/s]
Fetching 4 files:   0%|          | 0/4 [00:00<?, ?it/s]Fetching 4 files: 100%|██████████| 4/4 [00:00<00:00, 5726.01it/s]
Fetching 4 files:   0%|          | 0/4 [00:00<?, ?it/s]Fetching 4 files: 100%|██████████| 4/4 [00:00<00:00, 5729.92it/s]
Fetching 4 files:   0%|          | 0/4 [00:00<?, ?it/s]Fetching 4 files: 100%|██████████| 4/4 [00:00<00:00, 5938.84it/s]
Fetching 4 files:   0%|          | 0/4 [00:00<?, ?it/s]Fetching 4 files: 100%|██████████| 4/4 [00:00<00:00, 24244.53it/s]
logs/8d9f5826-03c9-4b34-8d74-1841946ca283.txt
Compiling model and warming up kernels (~7 minutes on first execution)
Sampling steps [0, 1, 405, 406, 407, 408, 811, 812, 813, 814, 1218, 1219, 1220, 1221] for warmup
Resetting Model
step:0/1260 val_loss:10.8286 train_time:0ms step_avg:0.04ms
step:1/1260 train_time:80ms step_avg:79.87ms
step:2/1260 train_time:109ms step_avg:54.40ms
step:3/1260 train_time:130ms step_avg:43.39ms
step:4/1260 train_time:155ms step_avg:38.64ms
step:5/1260 train_time:176ms step_avg:35.29ms
step:6/1260 train_time:212ms step_avg:35.29ms
step:7/1260 train_time:238ms step_avg:34.04ms
step:8/1260 train_time:273ms step_avg:34.16ms
step:9/1260 train_time:300ms step_avg:33.33ms
step:10/1260 train_time:335ms step_avg:33.54ms
step:11/1260 train_time:362ms step_avg:32.87ms
step:12/1260 train_time:397ms step_avg:33.04ms
step:13/1260 train_time:423ms step_avg:32.57ms
step:14/1260 train_time:458ms step_avg:32.74ms
step:15/1260 train_time:485ms step_avg:32.33ms
step:16/1260 train_time:520ms step_avg:32.50ms
step:17/1260 train_time:547ms step_avg:32.18ms
step:18/1260 train_time:582ms step_avg:32.33ms
step:19/1260 train_time:609ms step_avg:32.07ms
step:20/1260 train_time:645ms step_avg:32.23ms
step:21/1260 train_time:671ms step_avg:31.97ms
step:22/1260 train_time:707ms step_avg:32.12ms
step:23/1260 train_time:734ms step_avg:31.90ms
step:24/1260 train_time:769ms step_avg:32.04ms
step:25/1260 train_time:796ms step_avg:31.83ms
step:26/1260 train_time:831ms step_avg:31.96ms
step:27/1260 train_time:858ms step_avg:31.78ms
step:28/1260 train_time:893ms step_avg:31.89ms
step:29/1260 train_time:920ms step_avg:31.72ms
step:30/1260 train_time:955ms step_avg:31.84ms
step:31/1260 train_time:982ms step_avg:31.69ms
step:32/1260 train_time:1018ms step_avg:31.81ms
step:33/1260 train_time:1046ms step_avg:31.68ms
step:34/1260 train_time:1081ms step_avg:31.79ms
step:35/1260 train_time:1108ms step_avg:31.66ms
step:36/1260 train_time:1144ms step_avg:31.78ms
step:37/1260 train_time:1171ms step_avg:31.64ms
step:38/1260 train_time:1206ms step_avg:31.73ms
step:39/1260 train_time:1233ms step_avg:31.62ms
step:40/1260 train_time:1269ms step_avg:31.72ms
step:41/1260 train_time:1296ms step_avg:31.60ms
step:42/1260 train_time:1331ms step_avg:31.69ms
step:43/1260 train_time:1358ms step_avg:31.59ms
step:44/1260 train_time:1394ms step_avg:31.67ms
step:45/1260 train_time:1421ms step_avg:31.57ms
step:46/1260 train_time:1456ms step_avg:31.65ms
step:47/1260 train_time:1482ms step_avg:31.54ms
step:48/1260 train_time:1518ms step_avg:31.62ms
step:49/1260 train_time:1545ms step_avg:31.52ms
step:50/1260 train_time:1580ms step_avg:31.59ms
step:51/1260 train_time:1606ms step_avg:31.50ms
step:52/1260 train_time:1641ms step_avg:31.56ms
step:53/1260 train_time:1669ms step_avg:31.48ms
step:54/1260 train_time:1703ms step_avg:31.54ms
step:55/1260 train_time:1731ms step_avg:31.47ms
step:56/1260 train_time:1766ms step_avg:31.53ms
step:57/1260 train_time:1793ms step_avg:31.45ms
step:58/1260 train_time:1828ms step_avg:31.52ms
step:59/1260 train_time:1855ms step_avg:31.45ms
step:60/1260 train_time:1891ms step_avg:31.51ms
step:61/1260 train_time:1918ms step_avg:31.43ms
step:62/1260 train_time:1953ms step_avg:31.50ms
step:63/1260 train_time:1980ms step_avg:31.42ms
step:64/1260 train_time:2017ms step_avg:31.52ms
step:65/1260 train_time:2042ms step_avg:31.42ms
step:66/1260 train_time:2077ms step_avg:31.48ms
step:67/1260 train_time:2104ms step_avg:31.41ms
step:68/1260 train_time:2139ms step_avg:31.46ms
step:69/1260 train_time:2167ms step_avg:31.40ms
step:70/1260 train_time:2202ms step_avg:31.45ms
step:71/1260 train_time:2229ms step_avg:31.40ms
step:72/1260 train_time:2264ms step_avg:31.45ms
step:73/1260 train_time:2292ms step_avg:31.40ms
step:74/1260 train_time:2327ms step_avg:31.44ms
step:75/1260 train_time:2355ms step_avg:31.40ms
step:76/1260 train_time:2390ms step_avg:31.45ms
step:77/1260 train_time:2417ms step_avg:31.39ms
step:78/1260 train_time:2453ms step_avg:31.45ms
step:79/1260 train_time:2480ms step_avg:31.39ms
step:80/1260 train_time:2514ms step_avg:31.43ms
step:81/1260 train_time:2542ms step_avg:31.38ms
step:82/1260 train_time:2577ms step_avg:31.42ms
step:83/1260 train_time:2603ms step_avg:31.37ms
step:84/1260 train_time:2638ms step_avg:31.41ms
step:85/1260 train_time:2665ms step_avg:31.35ms
step:86/1260 train_time:2700ms step_avg:31.39ms
step:87/1260 train_time:2727ms step_avg:31.34ms
step:88/1260 train_time:2762ms step_avg:31.38ms
step:89/1260 train_time:2789ms step_avg:31.33ms
step:90/1260 train_time:2824ms step_avg:31.37ms
step:91/1260 train_time:2851ms step_avg:31.33ms
step:92/1260 train_time:2886ms step_avg:31.37ms
step:93/1260 train_time:2914ms step_avg:31.33ms
step:94/1260 train_time:2949ms step_avg:31.37ms
step:95/1260 train_time:2976ms step_avg:31.33ms
step:96/1260 train_time:3011ms step_avg:31.37ms
step:97/1260 train_time:3038ms step_avg:31.32ms
step:98/1260 train_time:3074ms step_avg:31.37ms
step:99/1260 train_time:3101ms step_avg:31.32ms
step:100/1260 train_time:3136ms step_avg:31.36ms
step:101/1260 train_time:3163ms step_avg:31.32ms
step:102/1260 train_time:3198ms step_avg:31.35ms
step:103/1260 train_time:3225ms step_avg:31.31ms
step:104/1260 train_time:3260ms step_avg:31.35ms
step:105/1260 train_time:3287ms step_avg:31.30ms
step:106/1260 train_time:3322ms step_avg:31.34ms
step:107/1260 train_time:3349ms step_avg:31.30ms
step:108/1260 train_time:3384ms step_avg:31.33ms
step:109/1260 train_time:3412ms step_avg:31.30ms
step:110/1260 train_time:3447ms step_avg:31.34ms
step:111/1260 train_time:3475ms step_avg:31.30ms
step:112/1260 train_time:3510ms step_avg:31.33ms
step:113/1260 train_time:3537ms step_avg:31.30ms
step:114/1260 train_time:3572ms step_avg:31.33ms
step:115/1260 train_time:3599ms step_avg:31.29ms
step:116/1260 train_time:3633ms step_avg:31.32ms
step:117/1260 train_time:3659ms step_avg:31.28ms
step:118/1260 train_time:3695ms step_avg:31.32ms
step:119/1260 train_time:3722ms step_avg:31.28ms
step:120/1260 train_time:3758ms step_avg:31.31ms
step:121/1260 train_time:3784ms step_avg:31.27ms
step:122/1260 train_time:3819ms step_avg:31.30ms
step:123/1260 train_time:3846ms step_avg:31.26ms
step:124/1260 train_time:3881ms step_avg:31.30ms
step:125/1260 train_time:3908ms step_avg:31.26ms
step:126/1260 train_time:3942ms step_avg:31.29ms
step:127/1260 train_time:3970ms step_avg:31.26ms
step:128/1260 train_time:4005ms step_avg:31.29ms
step:129/1260 train_time:4032ms step_avg:31.26ms
step:130/1260 train_time:4067ms step_avg:31.28ms
step:131/1260 train_time:4094ms step_avg:31.25ms
step:132/1260 train_time:4129ms step_avg:31.28ms
step:133/1260 train_time:4156ms step_avg:31.25ms
step:134/1260 train_time:4191ms step_avg:31.27ms
step:135/1260 train_time:4218ms step_avg:31.24ms
step:136/1260 train_time:4253ms step_avg:31.27ms
step:137/1260 train_time:4280ms step_avg:31.24ms
step:138/1260 train_time:4316ms step_avg:31.28ms
step:139/1260 train_time:4342ms step_avg:31.24ms
step:140/1260 train_time:4378ms step_avg:31.27ms
step:141/1260 train_time:4404ms step_avg:31.24ms
step:142/1260 train_time:4440ms step_avg:31.27ms
step:143/1260 train_time:4467ms step_avg:31.24ms
step:144/1260 train_time:4502ms step_avg:31.26ms
step:145/1260 train_time:4529ms step_avg:31.23ms
step:146/1260 train_time:4564ms step_avg:31.26ms
step:147/1260 train_time:4591ms step_avg:31.23ms
step:148/1260 train_time:4626ms step_avg:31.26ms
step:149/1260 train_time:4653ms step_avg:31.23ms
step:150/1260 train_time:4689ms step_avg:31.26ms
step:151/1260 train_time:4716ms step_avg:31.23ms
step:152/1260 train_time:4751ms step_avg:31.25ms
step:153/1260 train_time:4778ms step_avg:31.23ms
step:154/1260 train_time:4813ms step_avg:31.25ms
step:155/1260 train_time:4839ms step_avg:31.22ms
step:156/1260 train_time:4875ms step_avg:31.25ms
step:157/1260 train_time:4902ms step_avg:31.22ms
step:158/1260 train_time:4936ms step_avg:31.24ms
step:159/1260 train_time:4963ms step_avg:31.21ms
step:160/1260 train_time:4998ms step_avg:31.24ms
step:161/1260 train_time:5025ms step_avg:31.21ms
step:162/1260 train_time:5060ms step_avg:31.23ms
step:163/1260 train_time:5087ms step_avg:31.21ms
step:164/1260 train_time:5121ms step_avg:31.23ms
step:165/1260 train_time:5148ms step_avg:31.20ms
step:166/1260 train_time:5184ms step_avg:31.23ms
step:167/1260 train_time:5210ms step_avg:31.20ms
step:168/1260 train_time:5245ms step_avg:31.22ms
step:169/1260 train_time:5273ms step_avg:31.20ms
step:170/1260 train_time:5308ms step_avg:31.22ms
step:171/1260 train_time:5335ms step_avg:31.20ms
step:172/1260 train_time:5370ms step_avg:31.22ms
step:173/1260 train_time:5397ms step_avg:31.19ms
step:174/1260 train_time:5432ms step_avg:31.22ms
step:175/1260 train_time:5459ms step_avg:31.19ms
step:176/1260 train_time:5494ms step_avg:31.21ms
step:177/1260 train_time:5521ms step_avg:31.19ms
step:178/1260 train_time:5557ms step_avg:31.22ms
step:179/1260 train_time:5583ms step_avg:31.19ms
step:180/1260 train_time:5618ms step_avg:31.21ms
step:181/1260 train_time:5644ms step_avg:31.18ms
step:182/1260 train_time:5679ms step_avg:31.21ms
step:183/1260 train_time:5706ms step_avg:31.18ms
step:184/1260 train_time:5741ms step_avg:31.20ms
step:185/1260 train_time:5768ms step_avg:31.18ms
step:186/1260 train_time:5803ms step_avg:31.20ms
step:187/1260 train_time:5830ms step_avg:31.18ms
step:188/1260 train_time:5865ms step_avg:31.20ms
step:189/1260 train_time:5893ms step_avg:31.18ms
step:190/1260 train_time:5928ms step_avg:31.20ms
step:191/1260 train_time:5955ms step_avg:31.18ms
step:192/1260 train_time:5990ms step_avg:31.20ms
step:193/1260 train_time:6017ms step_avg:31.18ms
step:194/1260 train_time:6052ms step_avg:31.20ms
step:195/1260 train_time:6079ms step_avg:31.18ms
step:196/1260 train_time:6114ms step_avg:31.20ms
step:197/1260 train_time:6141ms step_avg:31.17ms
step:198/1260 train_time:6177ms step_avg:31.20ms
step:199/1260 train_time:6203ms step_avg:31.17ms
step:200/1260 train_time:6238ms step_avg:31.19ms
step:201/1260 train_time:6265ms step_avg:31.17ms
step:202/1260 train_time:6300ms step_avg:31.19ms
step:203/1260 train_time:6327ms step_avg:31.17ms
step:204/1260 train_time:6362ms step_avg:31.19ms
step:205/1260 train_time:6389ms step_avg:31.17ms
step:206/1260 train_time:6424ms step_avg:31.18ms
step:207/1260 train_time:6451ms step_avg:31.16ms
step:208/1260 train_time:6486ms step_avg:31.18ms
step:209/1260 train_time:6513ms step_avg:31.16ms
step:210/1260 train_time:6548ms step_avg:31.18ms
step:211/1260 train_time:6575ms step_avg:31.16ms
step:212/1260 train_time:6610ms step_avg:31.18ms
step:213/1260 train_time:6638ms step_avg:31.16ms
step:214/1260 train_time:6673ms step_avg:31.18ms
step:215/1260 train_time:6700ms step_avg:31.16ms
step:216/1260 train_time:6735ms step_avg:31.18ms
step:217/1260 train_time:6762ms step_avg:31.16ms
step:218/1260 train_time:6797ms step_avg:31.18ms
step:219/1260 train_time:6824ms step_avg:31.16ms
step:220/1260 train_time:6859ms step_avg:31.18ms
step:221/1260 train_time:6886ms step_avg:31.16ms
step:222/1260 train_time:6921ms step_avg:31.18ms
step:223/1260 train_time:6948ms step_avg:31.16ms
step:224/1260 train_time:6983ms step_avg:31.17ms
step:225/1260 train_time:7010ms step_avg:31.15ms
step:226/1260 train_time:7045ms step_avg:31.17ms
step:227/1260 train_time:7072ms step_avg:31.15ms
step:228/1260 train_time:7107ms step_avg:31.17ms
step:229/1260 train_time:7134ms step_avg:31.15ms
step:230/1260 train_time:7169ms step_avg:31.17ms
step:231/1260 train_time:7195ms step_avg:31.15ms
step:232/1260 train_time:7230ms step_avg:31.16ms
step:233/1260 train_time:7257ms step_avg:31.15ms
step:234/1260 train_time:7292ms step_avg:31.16ms
step:235/1260 train_time:7319ms step_avg:31.15ms
step:236/1260 train_time:7354ms step_avg:31.16ms
step:237/1260 train_time:7381ms step_avg:31.14ms
step:238/1260 train_time:7416ms step_avg:31.16ms
step:239/1260 train_time:7443ms step_avg:31.14ms
step:240/1260 train_time:7478ms step_avg:31.16ms
step:241/1260 train_time:7505ms step_avg:31.14ms
step:242/1260 train_time:7539ms step_avg:31.15ms
step:243/1260 train_time:7566ms step_avg:31.14ms
step:244/1260 train_time:7601ms step_avg:31.15ms
step:245/1260 train_time:7628ms step_avg:31.14ms
step:246/1260 train_time:7663ms step_avg:31.15ms
step:247/1260 train_time:7690ms step_avg:31.14ms
step:248/1260 train_time:7725ms step_avg:31.15ms
step:249/1260 train_time:7752ms step_avg:31.13ms
step:250/1260 train_time:7787ms step_avg:31.15ms
step:250/1260 val_loss:4.4749 train_time:7823ms step_avg:31.29ms
step:251/1260 train_time:7844ms step_avg:31.25ms
step:252/1260 train_time:7867ms step_avg:31.22ms
step:253/1260 train_time:7886ms step_avg:31.17ms
step:254/1260 train_time:7914ms step_avg:31.16ms
step:255/1260 train_time:7941ms step_avg:31.14ms
step:256/1260 train_time:7977ms step_avg:31.16ms
step:257/1260 train_time:8006ms step_avg:31.15ms
step:258/1260 train_time:8042ms step_avg:31.17ms
step:259/1260 train_time:8070ms step_avg:31.16ms
step:260/1260 train_time:8106ms step_avg:31.18ms
step:261/1260 train_time:8133ms step_avg:31.16ms
step:262/1260 train_time:8168ms step_avg:31.18ms
step:263/1260 train_time:8195ms step_avg:31.16ms
step:264/1260 train_time:8230ms step_avg:31.17ms
step:265/1260 train_time:8257ms step_avg:31.16ms
step:266/1260 train_time:8291ms step_avg:31.17ms
step:267/1260 train_time:8318ms step_avg:31.15ms
step:268/1260 train_time:8353ms step_avg:31.17ms
step:269/1260 train_time:8380ms step_avg:31.15ms
step:270/1260 train_time:8415ms step_avg:31.17ms
step:271/1260 train_time:8442ms step_avg:31.15ms
step:272/1260 train_time:8476ms step_avg:31.16ms
step:273/1260 train_time:8503ms step_avg:31.15ms
step:274/1260 train_time:8539ms step_avg:31.16ms
step:275/1260 train_time:8565ms step_avg:31.14ms
step:276/1260 train_time:8600ms step_avg:31.16ms
step:277/1260 train_time:8626ms step_avg:31.14ms
step:278/1260 train_time:8661ms step_avg:31.16ms
step:279/1260 train_time:8688ms step_avg:31.14ms
step:280/1260 train_time:8723ms step_avg:31.15ms
step:281/1260 train_time:8750ms step_avg:31.14ms
step:282/1260 train_time:8784ms step_avg:31.15ms
step:283/1260 train_time:8811ms step_avg:31.14ms
step:284/1260 train_time:8846ms step_avg:31.15ms
step:285/1260 train_time:8873ms step_avg:31.13ms
step:286/1260 train_time:8908ms step_avg:31.15ms
step:287/1260 train_time:8936ms step_avg:31.13ms
step:288/1260 train_time:8971ms step_avg:31.15ms
step:289/1260 train_time:8998ms step_avg:31.14ms
step:290/1260 train_time:9033ms step_avg:31.15ms
step:291/1260 train_time:9060ms step_avg:31.14ms
step:292/1260 train_time:9096ms step_avg:31.15ms
step:293/1260 train_time:9123ms step_avg:31.14ms
step:294/1260 train_time:9158ms step_avg:31.15ms
step:295/1260 train_time:9185ms step_avg:31.14ms
step:296/1260 train_time:9220ms step_avg:31.15ms
step:297/1260 train_time:9247ms step_avg:31.14ms
step:298/1260 train_time:9282ms step_avg:31.15ms
step:299/1260 train_time:9309ms step_avg:31.13ms
step:300/1260 train_time:9344ms step_avg:31.15ms
step:301/1260 train_time:9371ms step_avg:31.13ms
step:302/1260 train_time:9406ms step_avg:31.14ms
step:303/1260 train_time:9432ms step_avg:31.13ms
step:304/1260 train_time:9467ms step_avg:31.14ms
step:305/1260 train_time:9494ms step_avg:31.13ms
step:306/1260 train_time:9529ms step_avg:31.14ms
step:307/1260 train_time:9555ms step_avg:31.13ms
step:308/1260 train_time:9590ms step_avg:31.14ms
step:309/1260 train_time:9617ms step_avg:31.12ms
step:310/1260 train_time:9652ms step_avg:31.14ms
step:311/1260 train_time:9679ms step_avg:31.12ms
step:312/1260 train_time:9714ms step_avg:31.13ms
step:313/1260 train_time:9741ms step_avg:31.12ms
step:314/1260 train_time:9777ms step_avg:31.14ms
step:315/1260 train_time:9803ms step_avg:31.12ms
step:316/1260 train_time:9838ms step_avg:31.13ms
step:317/1260 train_time:9866ms step_avg:31.12ms
step:318/1260 train_time:9901ms step_avg:31.13ms
step:319/1260 train_time:9928ms step_avg:31.12ms
step:320/1260 train_time:9963ms step_avg:31.13ms
step:321/1260 train_time:9990ms step_avg:31.12ms
step:322/1260 train_time:10025ms step_avg:31.13ms
step:323/1260 train_time:10052ms step_avg:31.12ms
step:324/1260 train_time:10087ms step_avg:31.13ms
step:325/1260 train_time:10114ms step_avg:31.12ms
step:326/1260 train_time:10149ms step_avg:31.13ms
step:327/1260 train_time:10176ms step_avg:31.12ms
step:328/1260 train_time:10211ms step_avg:31.13ms
step:329/1260 train_time:10238ms step_avg:31.12ms
step:330/1260 train_time:10273ms step_avg:31.13ms
step:331/1260 train_time:10300ms step_avg:31.12ms
step:332/1260 train_time:10335ms step_avg:31.13ms
step:333/1260 train_time:10362ms step_avg:31.12ms
step:334/1260 train_time:10397ms step_avg:31.13ms
step:335/1260 train_time:10424ms step_avg:31.12ms
step:336/1260 train_time:10460ms step_avg:31.13ms
step:337/1260 train_time:10487ms step_avg:31.12ms
step:338/1260 train_time:10521ms step_avg:31.13ms
step:339/1260 train_time:10548ms step_avg:31.12ms
step:340/1260 train_time:10583ms step_avg:31.13ms
step:341/1260 train_time:10610ms step_avg:31.12ms
step:342/1260 train_time:10645ms step_avg:31.13ms
step:343/1260 train_time:10672ms step_avg:31.11ms
step:344/1260 train_time:10707ms step_avg:31.12ms
step:345/1260 train_time:10734ms step_avg:31.11ms
step:346/1260 train_time:10769ms step_avg:31.12ms
step:347/1260 train_time:10796ms step_avg:31.11ms
step:348/1260 train_time:10831ms step_avg:31.12ms
step:349/1260 train_time:10858ms step_avg:31.11ms
step:350/1260 train_time:10895ms step_avg:31.13ms
step:351/1260 train_time:10920ms step_avg:31.11ms
step:352/1260 train_time:10955ms step_avg:31.12ms
step:353/1260 train_time:10983ms step_avg:31.11ms
step:354/1260 train_time:11017ms step_avg:31.12ms
step:355/1260 train_time:11044ms step_avg:31.11ms
step:356/1260 train_time:11080ms step_avg:31.12ms
step:357/1260 train_time:11106ms step_avg:31.11ms
step:358/1260 train_time:11141ms step_avg:31.12ms
step:359/1260 train_time:11168ms step_avg:31.11ms
step:360/1260 train_time:11204ms step_avg:31.12ms
step:361/1260 train_time:11231ms step_avg:31.11ms
step:362/1260 train_time:11266ms step_avg:31.12ms
step:363/1260 train_time:11293ms step_avg:31.11ms
step:364/1260 train_time:11328ms step_avg:31.12ms
step:365/1260 train_time:11355ms step_avg:31.11ms
step:366/1260 train_time:11390ms step_avg:31.12ms
step:367/1260 train_time:11417ms step_avg:31.11ms
step:368/1260 train_time:11452ms step_avg:31.12ms
step:369/1260 train_time:11479ms step_avg:31.11ms
step:370/1260 train_time:11514ms step_avg:31.12ms
step:371/1260 train_time:11541ms step_avg:31.11ms
step:372/1260 train_time:11576ms step_avg:31.12ms
step:373/1260 train_time:11603ms step_avg:31.11ms
step:374/1260 train_time:11638ms step_avg:31.12ms
step:375/1260 train_time:11665ms step_avg:31.11ms
step:376/1260 train_time:11700ms step_avg:31.12ms
step:377/1260 train_time:11728ms step_avg:31.11ms
step:378/1260 train_time:11763ms step_avg:31.12ms
step:379/1260 train_time:11790ms step_avg:31.11ms
step:380/1260 train_time:11825ms step_avg:31.12ms
step:381/1260 train_time:11852ms step_avg:31.11ms
step:382/1260 train_time:11887ms step_avg:31.12ms
step:383/1260 train_time:11913ms step_avg:31.11ms
step:384/1260 train_time:11948ms step_avg:31.12ms
step:385/1260 train_time:11975ms step_avg:31.10ms
step:386/1260 train_time:12010ms step_avg:31.11ms
step:387/1260 train_time:12037ms step_avg:31.10ms
step:388/1260 train_time:12072ms step_avg:31.11ms
step:389/1260 train_time:12099ms step_avg:31.10ms
step:390/1260 train_time:12135ms step_avg:31.11ms
step:391/1260 train_time:12161ms step_avg:31.10ms
step:392/1260 train_time:12196ms step_avg:31.11ms
step:393/1260 train_time:12223ms step_avg:31.10ms
step:394/1260 train_time:12258ms step_avg:31.11ms
step:395/1260 train_time:12285ms step_avg:31.10ms
step:396/1260 train_time:12320ms step_avg:31.11ms
step:397/1260 train_time:12346ms step_avg:31.10ms
step:398/1260 train_time:12382ms step_avg:31.11ms
step:399/1260 train_time:12408ms step_avg:31.10ms
step:400/1260 train_time:12443ms step_avg:31.11ms
step:401/1260 train_time:12470ms step_avg:31.10ms
step:402/1260 train_time:12505ms step_avg:31.11ms
step:403/1260 train_time:12532ms step_avg:31.10ms
step:404/1260 train_time:12567ms step_avg:31.11ms
step:405/1260 train_time:12593ms step_avg:31.09ms
step:406/1260 train_time:12628ms step_avg:31.10ms
step:407/1260 train_time:12655ms step_avg:31.09ms
step:408/1260 train_time:12694ms step_avg:31.11ms
step:409/1260 train_time:12745ms step_avg:31.16ms
step:410/1260 train_time:12803ms step_avg:31.23ms
step:411/1260 train_time:12856ms step_avg:31.28ms
step:412/1260 train_time:12915ms step_avg:31.35ms
step:413/1260 train_time:12969ms step_avg:31.40ms
step:414/1260 train_time:13028ms step_avg:31.47ms
step:415/1260 train_time:13082ms step_avg:31.52ms
step:416/1260 train_time:13140ms step_avg:31.59ms
step:417/1260 train_time:13193ms step_avg:31.64ms
step:418/1260 train_time:13252ms step_avg:31.70ms
step:419/1260 train_time:13305ms step_avg:31.75ms
step:420/1260 train_time:13365ms step_avg:31.82ms
step:421/1260 train_time:13418ms step_avg:31.87ms
step:422/1260 train_time:13476ms step_avg:31.93ms
step:423/1260 train_time:13529ms step_avg:31.98ms
step:424/1260 train_time:13589ms step_avg:32.05ms
step:425/1260 train_time:13642ms step_avg:32.10ms
step:426/1260 train_time:13700ms step_avg:32.16ms
step:427/1260 train_time:13753ms step_avg:32.21ms
step:428/1260 train_time:13812ms step_avg:32.27ms
step:429/1260 train_time:13863ms step_avg:32.32ms
step:430/1260 train_time:13923ms step_avg:32.38ms
step:431/1260 train_time:13976ms step_avg:32.43ms
step:432/1260 train_time:14035ms step_avg:32.49ms
step:433/1260 train_time:14088ms step_avg:32.53ms
step:434/1260 train_time:14147ms step_avg:32.60ms
step:435/1260 train_time:14200ms step_avg:32.64ms
step:436/1260 train_time:14258ms step_avg:32.70ms
step:437/1260 train_time:14312ms step_avg:32.75ms
step:438/1260 train_time:14371ms step_avg:32.81ms
step:439/1260 train_time:14423ms step_avg:32.85ms
step:440/1260 train_time:14483ms step_avg:32.92ms
step:441/1260 train_time:14537ms step_avg:32.96ms
step:442/1260 train_time:14595ms step_avg:33.02ms
step:443/1260 train_time:14648ms step_avg:33.07ms
step:444/1260 train_time:14706ms step_avg:33.12ms
step:445/1260 train_time:14759ms step_avg:33.17ms
step:446/1260 train_time:14817ms step_avg:33.22ms
step:447/1260 train_time:14871ms step_avg:33.27ms
step:448/1260 train_time:14929ms step_avg:33.32ms
step:449/1260 train_time:14983ms step_avg:33.37ms
step:450/1260 train_time:15042ms step_avg:33.43ms
step:451/1260 train_time:15094ms step_avg:33.47ms
step:452/1260 train_time:15153ms step_avg:33.53ms
step:453/1260 train_time:15207ms step_avg:33.57ms
step:454/1260 train_time:15266ms step_avg:33.63ms
step:455/1260 train_time:15318ms step_avg:33.66ms
step:456/1260 train_time:15378ms step_avg:33.72ms
step:457/1260 train_time:15431ms step_avg:33.77ms
step:458/1260 train_time:15490ms step_avg:33.82ms
step:459/1260 train_time:15543ms step_avg:33.86ms
step:460/1260 train_time:15602ms step_avg:33.92ms
step:461/1260 train_time:15656ms step_avg:33.96ms
step:462/1260 train_time:15714ms step_avg:34.01ms
step:463/1260 train_time:15767ms step_avg:34.05ms
step:464/1260 train_time:15826ms step_avg:34.11ms
step:465/1260 train_time:15879ms step_avg:34.15ms
step:466/1260 train_time:15939ms step_avg:34.20ms
step:467/1260 train_time:15992ms step_avg:34.24ms
step:468/1260 train_time:16051ms step_avg:34.30ms
step:469/1260 train_time:16103ms step_avg:34.34ms
step:470/1260 train_time:16163ms step_avg:34.39ms
step:471/1260 train_time:16215ms step_avg:34.43ms
step:472/1260 train_time:16274ms step_avg:34.48ms
step:473/1260 train_time:16327ms step_avg:34.52ms
step:474/1260 train_time:16387ms step_avg:34.57ms
step:475/1260 train_time:16440ms step_avg:34.61ms
step:476/1260 train_time:16499ms step_avg:34.66ms
step:477/1260 train_time:16552ms step_avg:34.70ms
step:478/1260 train_time:16610ms step_avg:34.75ms
step:479/1260 train_time:16663ms step_avg:34.79ms
step:480/1260 train_time:16722ms step_avg:34.84ms
step:481/1260 train_time:16774ms step_avg:34.87ms
step:482/1260 train_time:16834ms step_avg:34.93ms
step:483/1260 train_time:16888ms step_avg:34.96ms
step:484/1260 train_time:16947ms step_avg:35.01ms
step:485/1260 train_time:17000ms step_avg:35.05ms
step:486/1260 train_time:17058ms step_avg:35.10ms
step:487/1260 train_time:17111ms step_avg:35.14ms
step:488/1260 train_time:17169ms step_avg:35.18ms
step:489/1260 train_time:17222ms step_avg:35.22ms
step:490/1260 train_time:17280ms step_avg:35.27ms
step:491/1260 train_time:17333ms step_avg:35.30ms
step:492/1260 train_time:17393ms step_avg:35.35ms
step:493/1260 train_time:17447ms step_avg:35.39ms
step:494/1260 train_time:17506ms step_avg:35.44ms
step:495/1260 train_time:17559ms step_avg:35.47ms
step:496/1260 train_time:17617ms step_avg:35.52ms
step:497/1260 train_time:17670ms step_avg:35.55ms
step:498/1260 train_time:17729ms step_avg:35.60ms
step:499/1260 train_time:17783ms step_avg:35.64ms
step:500/1260 train_time:17843ms step_avg:35.69ms
step:500/1260 val_loss:4.0766 train_time:17905ms step_avg:35.81ms
step:501/1260 train_time:17926ms step_avg:35.78ms
step:502/1260 train_time:17956ms step_avg:35.77ms
step:503/1260 train_time:18013ms step_avg:35.81ms
step:504/1260 train_time:18074ms step_avg:35.86ms
step:505/1260 train_time:18130ms step_avg:35.90ms
step:506/1260 train_time:18190ms step_avg:35.95ms
step:507/1260 train_time:18243ms step_avg:35.98ms
step:508/1260 train_time:18301ms step_avg:36.03ms
step:509/1260 train_time:18354ms step_avg:36.06ms
step:510/1260 train_time:18412ms step_avg:36.10ms
step:511/1260 train_time:18465ms step_avg:36.14ms
step:512/1260 train_time:18524ms step_avg:36.18ms
step:513/1260 train_time:18576ms step_avg:36.21ms
step:514/1260 train_time:18633ms step_avg:36.25ms
step:515/1260 train_time:18685ms step_avg:36.28ms
step:516/1260 train_time:18744ms step_avg:36.33ms
step:517/1260 train_time:18796ms step_avg:36.36ms
step:518/1260 train_time:18854ms step_avg:36.40ms
step:519/1260 train_time:18908ms step_avg:36.43ms
step:520/1260 train_time:18969ms step_avg:36.48ms
step:521/1260 train_time:19023ms step_avg:36.51ms
step:522/1260 train_time:19083ms step_avg:36.56ms
step:523/1260 train_time:19136ms step_avg:36.59ms
step:524/1260 train_time:19197ms step_avg:36.63ms
step:525/1260 train_time:19250ms step_avg:36.67ms
step:526/1260 train_time:19308ms step_avg:36.71ms
step:527/1260 train_time:19361ms step_avg:36.74ms
step:528/1260 train_time:19420ms step_avg:36.78ms
step:529/1260 train_time:19472ms step_avg:36.81ms
step:530/1260 train_time:19530ms step_avg:36.85ms
step:531/1260 train_time:19584ms step_avg:36.88ms
step:532/1260 train_time:19641ms step_avg:36.92ms
step:533/1260 train_time:19694ms step_avg:36.95ms
step:534/1260 train_time:19752ms step_avg:36.99ms
step:535/1260 train_time:19805ms step_avg:37.02ms
step:536/1260 train_time:19864ms step_avg:37.06ms
step:537/1260 train_time:19917ms step_avg:37.09ms
step:538/1260 train_time:19978ms step_avg:37.13ms
step:539/1260 train_time:20031ms step_avg:37.16ms
step:540/1260 train_time:20090ms step_avg:37.20ms
step:541/1260 train_time:20143ms step_avg:37.23ms
step:542/1260 train_time:20202ms step_avg:37.27ms
step:543/1260 train_time:20255ms step_avg:37.30ms
step:544/1260 train_time:20315ms step_avg:37.34ms
step:545/1260 train_time:20369ms step_avg:37.37ms
step:546/1260 train_time:20428ms step_avg:37.41ms
step:547/1260 train_time:20480ms step_avg:37.44ms
step:548/1260 train_time:20539ms step_avg:37.48ms
step:549/1260 train_time:20591ms step_avg:37.51ms
step:550/1260 train_time:20648ms step_avg:37.54ms
step:551/1260 train_time:20701ms step_avg:37.57ms
step:552/1260 train_time:20760ms step_avg:37.61ms
step:553/1260 train_time:20813ms step_avg:37.64ms
step:554/1260 train_time:20872ms step_avg:37.68ms
step:555/1260 train_time:20926ms step_avg:37.70ms
step:556/1260 train_time:20985ms step_avg:37.74ms
step:557/1260 train_time:21037ms step_avg:37.77ms
step:558/1260 train_time:21097ms step_avg:37.81ms
step:559/1260 train_time:21151ms step_avg:37.84ms
step:560/1260 train_time:21210ms step_avg:37.87ms
step:561/1260 train_time:21263ms step_avg:37.90ms
step:562/1260 train_time:21322ms step_avg:37.94ms
step:563/1260 train_time:21376ms step_avg:37.97ms
step:564/1260 train_time:21435ms step_avg:38.01ms
step:565/1260 train_time:21488ms step_avg:38.03ms
step:566/1260 train_time:21547ms step_avg:38.07ms
step:567/1260 train_time:21599ms step_avg:38.09ms
step:568/1260 train_time:21658ms step_avg:38.13ms
step:569/1260 train_time:21711ms step_avg:38.16ms
step:570/1260 train_time:21770ms step_avg:38.19ms
step:571/1260 train_time:21823ms step_avg:38.22ms
step:572/1260 train_time:21882ms step_avg:38.26ms
step:573/1260 train_time:21935ms step_avg:38.28ms
step:574/1260 train_time:21994ms step_avg:38.32ms
step:575/1260 train_time:22047ms step_avg:38.34ms
step:576/1260 train_time:22106ms step_avg:38.38ms
step:577/1260 train_time:22159ms step_avg:38.40ms
step:578/1260 train_time:22220ms step_avg:38.44ms
step:579/1260 train_time:22272ms step_avg:38.47ms
step:580/1260 train_time:22331ms step_avg:38.50ms
step:581/1260 train_time:22385ms step_avg:38.53ms
step:582/1260 train_time:22443ms step_avg:38.56ms
step:583/1260 train_time:22496ms step_avg:38.59ms
step:584/1260 train_time:22555ms step_avg:38.62ms
step:585/1260 train_time:22607ms step_avg:38.65ms
step:586/1260 train_time:22666ms step_avg:38.68ms
step:587/1260 train_time:22719ms step_avg:38.70ms
step:588/1260 train_time:22778ms step_avg:38.74ms
step:589/1260 train_time:22831ms step_avg:38.76ms
step:590/1260 train_time:22890ms step_avg:38.80ms
step:591/1260 train_time:22943ms step_avg:38.82ms
step:592/1260 train_time:23002ms step_avg:38.85ms
step:593/1260 train_time:23054ms step_avg:38.88ms
step:594/1260 train_time:23114ms step_avg:38.91ms
step:595/1260 train_time:23169ms step_avg:38.94ms
step:596/1260 train_time:23227ms step_avg:38.97ms
step:597/1260 train_time:23280ms step_avg:39.00ms
step:598/1260 train_time:23339ms step_avg:39.03ms
step:599/1260 train_time:23393ms step_avg:39.05ms
step:600/1260 train_time:23450ms step_avg:39.08ms
step:601/1260 train_time:23504ms step_avg:39.11ms
step:602/1260 train_time:23561ms step_avg:39.14ms
step:603/1260 train_time:23615ms step_avg:39.16ms
step:604/1260 train_time:23675ms step_avg:39.20ms
step:605/1260 train_time:23728ms step_avg:39.22ms
step:606/1260 train_time:23787ms step_avg:39.25ms
step:607/1260 train_time:23841ms step_avg:39.28ms
step:608/1260 train_time:23899ms step_avg:39.31ms
step:609/1260 train_time:23952ms step_avg:39.33ms
step:610/1260 train_time:24011ms step_avg:39.36ms
step:611/1260 train_time:24064ms step_avg:39.39ms
step:612/1260 train_time:24124ms step_avg:39.42ms
step:613/1260 train_time:24177ms step_avg:39.44ms
step:614/1260 train_time:24235ms step_avg:39.47ms
step:615/1260 train_time:24288ms step_avg:39.49ms
step:616/1260 train_time:24347ms step_avg:39.52ms
step:617/1260 train_time:24400ms step_avg:39.55ms
step:618/1260 train_time:24459ms step_avg:39.58ms
step:619/1260 train_time:24512ms step_avg:39.60ms
step:620/1260 train_time:24570ms step_avg:39.63ms
step:621/1260 train_time:24624ms step_avg:39.65ms
step:622/1260 train_time:24682ms step_avg:39.68ms
step:623/1260 train_time:24736ms step_avg:39.70ms
step:624/1260 train_time:24794ms step_avg:39.73ms
step:625/1260 train_time:24846ms step_avg:39.75ms
step:626/1260 train_time:24905ms step_avg:39.79ms
step:627/1260 train_time:24958ms step_avg:39.81ms
step:628/1260 train_time:25018ms step_avg:39.84ms
step:629/1260 train_time:25072ms step_avg:39.86ms
step:630/1260 train_time:25129ms step_avg:39.89ms
step:631/1260 train_time:25183ms step_avg:39.91ms
step:632/1260 train_time:25242ms step_avg:39.94ms
step:633/1260 train_time:25295ms step_avg:39.96ms
step:634/1260 train_time:25354ms step_avg:39.99ms
step:635/1260 train_time:25407ms step_avg:40.01ms
step:636/1260 train_time:25466ms step_avg:40.04ms
step:637/1260 train_time:25519ms step_avg:40.06ms
step:638/1260 train_time:25577ms step_avg:40.09ms
step:639/1260 train_time:25631ms step_avg:40.11ms
step:640/1260 train_time:25689ms step_avg:40.14ms
step:641/1260 train_time:25742ms step_avg:40.16ms
step:642/1260 train_time:25801ms step_avg:40.19ms
step:643/1260 train_time:25853ms step_avg:40.21ms
step:644/1260 train_time:25911ms step_avg:40.23ms
step:645/1260 train_time:25965ms step_avg:40.26ms
step:646/1260 train_time:26024ms step_avg:40.29ms
step:647/1260 train_time:26078ms step_avg:40.31ms
step:648/1260 train_time:26136ms step_avg:40.33ms
step:649/1260 train_time:26189ms step_avg:40.35ms
step:650/1260 train_time:26247ms step_avg:40.38ms
step:651/1260 train_time:26300ms step_avg:40.40ms
step:652/1260 train_time:26358ms step_avg:40.43ms
step:653/1260 train_time:26412ms step_avg:40.45ms
step:654/1260 train_time:26471ms step_avg:40.48ms
step:655/1260 train_time:26524ms step_avg:40.50ms
step:656/1260 train_time:26583ms step_avg:40.52ms
step:657/1260 train_time:26637ms step_avg:40.54ms
step:658/1260 train_time:26696ms step_avg:40.57ms
step:659/1260 train_time:26749ms step_avg:40.59ms
step:660/1260 train_time:26808ms step_avg:40.62ms
step:661/1260 train_time:26861ms step_avg:40.64ms
step:662/1260 train_time:26921ms step_avg:40.67ms
step:663/1260 train_time:26974ms step_avg:40.68ms
step:664/1260 train_time:27032ms step_avg:40.71ms
step:665/1260 train_time:27085ms step_avg:40.73ms
step:666/1260 train_time:27144ms step_avg:40.76ms
step:667/1260 train_time:27196ms step_avg:40.77ms
step:668/1260 train_time:27254ms step_avg:40.80ms
step:669/1260 train_time:27307ms step_avg:40.82ms
step:670/1260 train_time:27367ms step_avg:40.85ms
step:671/1260 train_time:27420ms step_avg:40.86ms
step:672/1260 train_time:27479ms step_avg:40.89ms
step:673/1260 train_time:27532ms step_avg:40.91ms
step:674/1260 train_time:27590ms step_avg:40.94ms
step:675/1260 train_time:27643ms step_avg:40.95ms
step:676/1260 train_time:27702ms step_avg:40.98ms
step:677/1260 train_time:27755ms step_avg:41.00ms
step:678/1260 train_time:27813ms step_avg:41.02ms
step:679/1260 train_time:27866ms step_avg:41.04ms
step:680/1260 train_time:27925ms step_avg:41.07ms
step:681/1260 train_time:27979ms step_avg:41.08ms
step:682/1260 train_time:28037ms step_avg:41.11ms
step:683/1260 train_time:28090ms step_avg:41.13ms
step:684/1260 train_time:28148ms step_avg:41.15ms
step:685/1260 train_time:28201ms step_avg:41.17ms
step:686/1260 train_time:28260ms step_avg:41.20ms
step:687/1260 train_time:28313ms step_avg:41.21ms
step:688/1260 train_time:28372ms step_avg:41.24ms
step:689/1260 train_time:28425ms step_avg:41.26ms
step:690/1260 train_time:28484ms step_avg:41.28ms
step:691/1260 train_time:28537ms step_avg:41.30ms
step:692/1260 train_time:28596ms step_avg:41.32ms
step:693/1260 train_time:28648ms step_avg:41.34ms
step:694/1260 train_time:28707ms step_avg:41.36ms
step:695/1260 train_time:28761ms step_avg:41.38ms
step:696/1260 train_time:28820ms step_avg:41.41ms
step:697/1260 train_time:28873ms step_avg:41.42ms
step:698/1260 train_time:28931ms step_avg:41.45ms
step:699/1260 train_time:28984ms step_avg:41.47ms
step:700/1260 train_time:29043ms step_avg:41.49ms
step:701/1260 train_time:29096ms step_avg:41.51ms
step:702/1260 train_time:29154ms step_avg:41.53ms
step:703/1260 train_time:29209ms step_avg:41.55ms
step:704/1260 train_time:29266ms step_avg:41.57ms
step:705/1260 train_time:29320ms step_avg:41.59ms
step:706/1260 train_time:29379ms step_avg:41.61ms
step:707/1260 train_time:29432ms step_avg:41.63ms
step:708/1260 train_time:29490ms step_avg:41.65ms
step:709/1260 train_time:29543ms step_avg:41.67ms
step:710/1260 train_time:29602ms step_avg:41.69ms
step:711/1260 train_time:29654ms step_avg:41.71ms
step:712/1260 train_time:29714ms step_avg:41.73ms
step:713/1260 train_time:29768ms step_avg:41.75ms
step:714/1260 train_time:29827ms step_avg:41.77ms
step:715/1260 train_time:29880ms step_avg:41.79ms
step:716/1260 train_time:29939ms step_avg:41.81ms
step:717/1260 train_time:29992ms step_avg:41.83ms
step:718/1260 train_time:30050ms step_avg:41.85ms
step:719/1260 train_time:30103ms step_avg:41.87ms
step:720/1260 train_time:30162ms step_avg:41.89ms
step:721/1260 train_time:30216ms step_avg:41.91ms
step:722/1260 train_time:30274ms step_avg:41.93ms
step:723/1260 train_time:30328ms step_avg:41.95ms
step:724/1260 train_time:30387ms step_avg:41.97ms
step:725/1260 train_time:30440ms step_avg:41.99ms
step:726/1260 train_time:30499ms step_avg:42.01ms
step:727/1260 train_time:30552ms step_avg:42.02ms
step:728/1260 train_time:30610ms step_avg:42.05ms
step:729/1260 train_time:30664ms step_avg:42.06ms
step:730/1260 train_time:30723ms step_avg:42.09ms
step:731/1260 train_time:30777ms step_avg:42.10ms
step:732/1260 train_time:30835ms step_avg:42.12ms
step:733/1260 train_time:30888ms step_avg:42.14ms
step:734/1260 train_time:30946ms step_avg:42.16ms
step:735/1260 train_time:31000ms step_avg:42.18ms
step:736/1260 train_time:31058ms step_avg:42.20ms
step:737/1260 train_time:31111ms step_avg:42.21ms
step:738/1260 train_time:31170ms step_avg:42.24ms
step:739/1260 train_time:31224ms step_avg:42.25ms
step:740/1260 train_time:31282ms step_avg:42.27ms
step:741/1260 train_time:31335ms step_avg:42.29ms
step:742/1260 train_time:31394ms step_avg:42.31ms
step:743/1260 train_time:31446ms step_avg:42.32ms
step:744/1260 train_time:31505ms step_avg:42.35ms
step:745/1260 train_time:31559ms step_avg:42.36ms
step:746/1260 train_time:31619ms step_avg:42.39ms
step:747/1260 train_time:31672ms step_avg:42.40ms
step:748/1260 train_time:31729ms step_avg:42.42ms
step:749/1260 train_time:31783ms step_avg:42.43ms
step:750/1260 train_time:31842ms step_avg:42.46ms
step:750/1260 val_loss:3.6665 train_time:31904ms step_avg:42.54ms
step:751/1260 train_time:31926ms step_avg:42.51ms
step:752/1260 train_time:31955ms step_avg:42.49ms
step:753/1260 train_time:32011ms step_avg:42.51ms
step:754/1260 train_time:32072ms step_avg:42.54ms
step:755/1260 train_time:32126ms step_avg:42.55ms
step:756/1260 train_time:32184ms step_avg:42.57ms
step:757/1260 train_time:32238ms step_avg:42.59ms
step:758/1260 train_time:32295ms step_avg:42.61ms
step:759/1260 train_time:32349ms step_avg:42.62ms
step:760/1260 train_time:32407ms step_avg:42.64ms
step:761/1260 train_time:32459ms step_avg:42.65ms
step:762/1260 train_time:32518ms step_avg:42.68ms
step:763/1260 train_time:32570ms step_avg:42.69ms
step:764/1260 train_time:32628ms step_avg:42.71ms
step:765/1260 train_time:32681ms step_avg:42.72ms
step:766/1260 train_time:32740ms step_avg:42.74ms
step:767/1260 train_time:32793ms step_avg:42.75ms
step:768/1260 train_time:32852ms step_avg:42.78ms
step:769/1260 train_time:32906ms step_avg:42.79ms
step:770/1260 train_time:32965ms step_avg:42.81ms
step:771/1260 train_time:33020ms step_avg:42.83ms
step:772/1260 train_time:33079ms step_avg:42.85ms
step:773/1260 train_time:33132ms step_avg:42.86ms
step:774/1260 train_time:33192ms step_avg:42.88ms
step:775/1260 train_time:33244ms step_avg:42.90ms
step:776/1260 train_time:33303ms step_avg:42.92ms
step:777/1260 train_time:33356ms step_avg:42.93ms
step:778/1260 train_time:33415ms step_avg:42.95ms
step:779/1260 train_time:33467ms step_avg:42.96ms
step:780/1260 train_time:33525ms step_avg:42.98ms
step:781/1260 train_time:33578ms step_avg:42.99ms
step:782/1260 train_time:33637ms step_avg:43.01ms
step:783/1260 train_time:33689ms step_avg:43.03ms
step:784/1260 train_time:33748ms step_avg:43.05ms
step:785/1260 train_time:33801ms step_avg:43.06ms
step:786/1260 train_time:33860ms step_avg:43.08ms
step:787/1260 train_time:33913ms step_avg:43.09ms
step:788/1260 train_time:33972ms step_avg:43.11ms
step:789/1260 train_time:34026ms step_avg:43.13ms
step:790/1260 train_time:34084ms step_avg:43.14ms
step:791/1260 train_time:34138ms step_avg:43.16ms
step:792/1260 train_time:34198ms step_avg:43.18ms
step:793/1260 train_time:34252ms step_avg:43.19ms
step:794/1260 train_time:34311ms step_avg:43.21ms
step:795/1260 train_time:34364ms step_avg:43.23ms
step:796/1260 train_time:34423ms step_avg:43.25ms
step:797/1260 train_time:34476ms step_avg:43.26ms
step:798/1260 train_time:34535ms step_avg:43.28ms
step:799/1260 train_time:34586ms step_avg:43.29ms
step:800/1260 train_time:34644ms step_avg:43.31ms
step:801/1260 train_time:34698ms step_avg:43.32ms
step:802/1260 train_time:34756ms step_avg:43.34ms
step:803/1260 train_time:34809ms step_avg:43.35ms
step:804/1260 train_time:34867ms step_avg:43.37ms
step:805/1260 train_time:34921ms step_avg:43.38ms
step:806/1260 train_time:34980ms step_avg:43.40ms
step:807/1260 train_time:35033ms step_avg:43.41ms
step:808/1260 train_time:35091ms step_avg:43.43ms
step:809/1260 train_time:35145ms step_avg:43.44ms
step:810/1260 train_time:35204ms step_avg:43.46ms
step:811/1260 train_time:35257ms step_avg:43.47ms
step:812/1260 train_time:35317ms step_avg:43.49ms
step:813/1260 train_time:35369ms step_avg:43.50ms
step:814/1260 train_time:35431ms step_avg:43.53ms
step:815/1260 train_time:35511ms step_avg:43.57ms
step:816/1260 train_time:35597ms step_avg:43.62ms
step:817/1260 train_time:35675ms step_avg:43.67ms
step:818/1260 train_time:35759ms step_avg:43.71ms
step:819/1260 train_time:35840ms step_avg:43.76ms
step:820/1260 train_time:35923ms step_avg:43.81ms
step:821/1260 train_time:36001ms step_avg:43.85ms
step:822/1260 train_time:36084ms step_avg:43.90ms
step:823/1260 train_time:36162ms step_avg:43.94ms
step:824/1260 train_time:36248ms step_avg:43.99ms
step:825/1260 train_time:36326ms step_avg:44.03ms
step:826/1260 train_time:36411ms step_avg:44.08ms
step:827/1260 train_time:36490ms step_avg:44.12ms
step:828/1260 train_time:36575ms step_avg:44.17ms
step:829/1260 train_time:36653ms step_avg:44.21ms
step:830/1260 train_time:36737ms step_avg:44.26ms
step:831/1260 train_time:36815ms step_avg:44.30ms
step:832/1260 train_time:36901ms step_avg:44.35ms
step:833/1260 train_time:36979ms step_avg:44.39ms
step:834/1260 train_time:37062ms step_avg:44.44ms
step:835/1260 train_time:37144ms step_avg:44.48ms
step:836/1260 train_time:37227ms step_avg:44.53ms
step:837/1260 train_time:37303ms step_avg:44.57ms
step:838/1260 train_time:37389ms step_avg:44.62ms
step:839/1260 train_time:37467ms step_avg:44.66ms
step:840/1260 train_time:37551ms step_avg:44.70ms
step:841/1260 train_time:37630ms step_avg:44.74ms
step:842/1260 train_time:37715ms step_avg:44.79ms
step:843/1260 train_time:37795ms step_avg:44.83ms
step:844/1260 train_time:37879ms step_avg:44.88ms
step:845/1260 train_time:37958ms step_avg:44.92ms
step:846/1260 train_time:38042ms step_avg:44.97ms
step:847/1260 train_time:38121ms step_avg:45.01ms
step:848/1260 train_time:38207ms step_avg:45.06ms
step:849/1260 train_time:38285ms step_avg:45.09ms
step:850/1260 train_time:38368ms step_avg:45.14ms
step:851/1260 train_time:38445ms step_avg:45.18ms
step:852/1260 train_time:38529ms step_avg:45.22ms
step:853/1260 train_time:38607ms step_avg:45.26ms
step:854/1260 train_time:38692ms step_avg:45.31ms
step:855/1260 train_time:38771ms step_avg:45.35ms
step:856/1260 train_time:38857ms step_avg:45.39ms
step:857/1260 train_time:38935ms step_avg:45.43ms
step:858/1260 train_time:39021ms step_avg:45.48ms
step:859/1260 train_time:39101ms step_avg:45.52ms
step:860/1260 train_time:39185ms step_avg:45.56ms
step:861/1260 train_time:39263ms step_avg:45.60ms
step:862/1260 train_time:39349ms step_avg:45.65ms
step:863/1260 train_time:39426ms step_avg:45.68ms
step:864/1260 train_time:39510ms step_avg:45.73ms
step:865/1260 train_time:39589ms step_avg:45.77ms
step:866/1260 train_time:39673ms step_avg:45.81ms
step:867/1260 train_time:39753ms step_avg:45.85ms
step:868/1260 train_time:39840ms step_avg:45.90ms
step:869/1260 train_time:39918ms step_avg:45.94ms
step:870/1260 train_time:40002ms step_avg:45.98ms
step:871/1260 train_time:40082ms step_avg:46.02ms
step:872/1260 train_time:40167ms step_avg:46.06ms
step:873/1260 train_time:40245ms step_avg:46.10ms
step:874/1260 train_time:40329ms step_avg:46.14ms
step:875/1260 train_time:40408ms step_avg:46.18ms
step:876/1260 train_time:40492ms step_avg:46.22ms
step:877/1260 train_time:40570ms step_avg:46.26ms
step:878/1260 train_time:40654ms step_avg:46.30ms
step:879/1260 train_time:40733ms step_avg:46.34ms
step:880/1260 train_time:40820ms step_avg:46.39ms
step:881/1260 train_time:40897ms step_avg:46.42ms
step:882/1260 train_time:40984ms step_avg:46.47ms
step:883/1260 train_time:41063ms step_avg:46.50ms
step:884/1260 train_time:41148ms step_avg:46.55ms
step:885/1260 train_time:41225ms step_avg:46.58ms
step:886/1260 train_time:41308ms step_avg:46.62ms
step:887/1260 train_time:41387ms step_avg:46.66ms
step:888/1260 train_time:41472ms step_avg:46.70ms
step:889/1260 train_time:41551ms step_avg:46.74ms
step:890/1260 train_time:41635ms step_avg:46.78ms
step:891/1260 train_time:41713ms step_avg:46.82ms
step:892/1260 train_time:41799ms step_avg:46.86ms
step:893/1260 train_time:41877ms step_avg:46.90ms
step:894/1260 train_time:41962ms step_avg:46.94ms
step:895/1260 train_time:42042ms step_avg:46.97ms
step:896/1260 train_time:42128ms step_avg:47.02ms
step:897/1260 train_time:42206ms step_avg:47.05ms
step:898/1260 train_time:42290ms step_avg:47.09ms
step:899/1260 train_time:42369ms step_avg:47.13ms
step:900/1260 train_time:42453ms step_avg:47.17ms
step:901/1260 train_time:42532ms step_avg:47.21ms
step:902/1260 train_time:42616ms step_avg:47.25ms
step:903/1260 train_time:42694ms step_avg:47.28ms
step:904/1260 train_time:42781ms step_avg:47.32ms
step:905/1260 train_time:42859ms step_avg:47.36ms
step:906/1260 train_time:42943ms step_avg:47.40ms
step:907/1260 train_time:43022ms step_avg:47.43ms
step:908/1260 train_time:43108ms step_avg:47.48ms
step:909/1260 train_time:43186ms step_avg:47.51ms
step:910/1260 train_time:43269ms step_avg:47.55ms
step:911/1260 train_time:43347ms step_avg:47.58ms
step:912/1260 train_time:43431ms step_avg:47.62ms
step:913/1260 train_time:43509ms step_avg:47.66ms
step:914/1260 train_time:43595ms step_avg:47.70ms
step:915/1260 train_time:43676ms step_avg:47.73ms
step:916/1260 train_time:43763ms step_avg:47.78ms
step:917/1260 train_time:43842ms step_avg:47.81ms
step:918/1260 train_time:43926ms step_avg:47.85ms
step:919/1260 train_time:44003ms step_avg:47.88ms
step:920/1260 train_time:44088ms step_avg:47.92ms
step:921/1260 train_time:44166ms step_avg:47.95ms
step:922/1260 train_time:44250ms step_avg:47.99ms
step:923/1260 train_time:44330ms step_avg:48.03ms
step:924/1260 train_time:44413ms step_avg:48.07ms
step:925/1260 train_time:44491ms step_avg:48.10ms
step:926/1260 train_time:44577ms step_avg:48.14ms
step:927/1260 train_time:44656ms step_avg:48.17ms
step:928/1260 train_time:44742ms step_avg:48.21ms
step:929/1260 train_time:44820ms step_avg:48.25ms
step:930/1260 train_time:44905ms step_avg:48.28ms
step:931/1260 train_time:44984ms step_avg:48.32ms
step:932/1260 train_time:45067ms step_avg:48.36ms
step:933/1260 train_time:45145ms step_avg:48.39ms
step:934/1260 train_time:45229ms step_avg:48.43ms
step:935/1260 train_time:45306ms step_avg:48.46ms
step:936/1260 train_time:45391ms step_avg:48.49ms
step:937/1260 train_time:45471ms step_avg:48.53ms
step:938/1260 train_time:45557ms step_avg:48.57ms
step:939/1260 train_time:45636ms step_avg:48.60ms
step:940/1260 train_time:45721ms step_avg:48.64ms
step:941/1260 train_time:45802ms step_avg:48.67ms
step:942/1260 train_time:45889ms step_avg:48.71ms
step:943/1260 train_time:45965ms step_avg:48.74ms
step:944/1260 train_time:46050ms step_avg:48.78ms
step:945/1260 train_time:46128ms step_avg:48.81ms
step:946/1260 train_time:46210ms step_avg:48.85ms
step:947/1260 train_time:46289ms step_avg:48.88ms
step:948/1260 train_time:46372ms step_avg:48.92ms
step:949/1260 train_time:46451ms step_avg:48.95ms
step:950/1260 train_time:46536ms step_avg:48.98ms
step:951/1260 train_time:46615ms step_avg:49.02ms
step:952/1260 train_time:46700ms step_avg:49.05ms
step:953/1260 train_time:46782ms step_avg:49.09ms
step:954/1260 train_time:46865ms step_avg:49.13ms
step:955/1260 train_time:46944ms step_avg:49.16ms
step:956/1260 train_time:47027ms step_avg:49.19ms
step:957/1260 train_time:47104ms step_avg:49.22ms
step:958/1260 train_time:47188ms step_avg:49.26ms
step:959/1260 train_time:47266ms step_avg:49.29ms
step:960/1260 train_time:47351ms step_avg:49.32ms
step:961/1260 train_time:47429ms step_avg:49.35ms
step:962/1260 train_time:47513ms step_avg:49.39ms
step:963/1260 train_time:47594ms step_avg:49.42ms
step:964/1260 train_time:47680ms step_avg:49.46ms
step:965/1260 train_time:47759ms step_avg:49.49ms
step:966/1260 train_time:47843ms step_avg:49.53ms
step:967/1260 train_time:47923ms step_avg:49.56ms
step:968/1260 train_time:48006ms step_avg:49.59ms
step:969/1260 train_time:48084ms step_avg:49.62ms
step:970/1260 train_time:48168ms step_avg:49.66ms
step:971/1260 train_time:48246ms step_avg:49.69ms
step:972/1260 train_time:48330ms step_avg:49.72ms
step:973/1260 train_time:48408ms step_avg:49.75ms
step:974/1260 train_time:48492ms step_avg:49.79ms
step:975/1260 train_time:48572ms step_avg:49.82ms
step:976/1260 train_time:48659ms step_avg:49.86ms
step:977/1260 train_time:48738ms step_avg:49.89ms
step:978/1260 train_time:48822ms step_avg:49.92ms
step:979/1260 train_time:48901ms step_avg:49.95ms
step:980/1260 train_time:48983ms step_avg:49.98ms
step:981/1260 train_time:49062ms step_avg:50.01ms
step:982/1260 train_time:49146ms step_avg:50.05ms
step:983/1260 train_time:49224ms step_avg:50.08ms
step:984/1260 train_time:49307ms step_avg:50.11ms
step:985/1260 train_time:49386ms step_avg:50.14ms
step:986/1260 train_time:49471ms step_avg:50.17ms
step:987/1260 train_time:49552ms step_avg:50.20ms
step:988/1260 train_time:49637ms step_avg:50.24ms
step:989/1260 train_time:49717ms step_avg:50.27ms
step:990/1260 train_time:49801ms step_avg:50.30ms
step:991/1260 train_time:49880ms step_avg:50.33ms
step:992/1260 train_time:49964ms step_avg:50.37ms
step:993/1260 train_time:50043ms step_avg:50.40ms
step:994/1260 train_time:50127ms step_avg:50.43ms
step:995/1260 train_time:50205ms step_avg:50.46ms
step:996/1260 train_time:50290ms step_avg:50.49ms
step:997/1260 train_time:50367ms step_avg:50.52ms
step:998/1260 train_time:50452ms step_avg:50.55ms
step:999/1260 train_time:50532ms step_avg:50.58ms
step:1000/1260 train_time:50618ms step_avg:50.62ms
step:1000/1260 val_loss:3.4355 train_time:50709ms step_avg:50.71ms
step:1001/1260 train_time:50731ms step_avg:50.68ms
step:1002/1260 train_time:50786ms step_avg:50.68ms
step:1003/1260 train_time:50867ms step_avg:50.72ms
step:1004/1260 train_time:50953ms step_avg:50.75ms
step:1005/1260 train_time:51033ms step_avg:50.78ms
step:1006/1260 train_time:51118ms step_avg:50.81ms
step:1007/1260 train_time:51195ms step_avg:50.84ms
step:1008/1260 train_time:51279ms step_avg:50.87ms
step:1009/1260 train_time:51357ms step_avg:50.90ms
step:1010/1260 train_time:51439ms step_avg:50.93ms
step:1011/1260 train_time:51516ms step_avg:50.96ms
step:1012/1260 train_time:51599ms step_avg:50.99ms
step:1013/1260 train_time:51678ms step_avg:51.02ms
step:1014/1260 train_time:51767ms step_avg:51.05ms
step:1015/1260 train_time:51847ms step_avg:51.08ms
step:1016/1260 train_time:51932ms step_avg:51.11ms
step:1017/1260 train_time:52011ms step_avg:51.14ms
step:1018/1260 train_time:52096ms step_avg:51.17ms
step:1019/1260 train_time:52175ms step_avg:51.20ms
step:1020/1260 train_time:52258ms step_avg:51.23ms
step:1021/1260 train_time:52335ms step_avg:51.26ms
step:1022/1260 train_time:52419ms step_avg:51.29ms
step:1023/1260 train_time:52496ms step_avg:51.32ms
step:1024/1260 train_time:52580ms step_avg:51.35ms
step:1025/1260 train_time:52659ms step_avg:51.37ms
step:1026/1260 train_time:52742ms step_avg:51.41ms
step:1027/1260 train_time:52821ms step_avg:51.43ms
step:1028/1260 train_time:52907ms step_avg:51.47ms
step:1029/1260 train_time:52987ms step_avg:51.49ms
step:1030/1260 train_time:53072ms step_avg:51.53ms
step:1031/1260 train_time:53152ms step_avg:51.55ms
step:1032/1260 train_time:53235ms step_avg:51.58ms
step:1033/1260 train_time:53313ms step_avg:51.61ms
step:1034/1260 train_time:53398ms step_avg:51.64ms
step:1035/1260 train_time:53477ms step_avg:51.67ms
step:1036/1260 train_time:53562ms step_avg:51.70ms
step:1037/1260 train_time:53640ms step_avg:51.73ms
step:1038/1260 train_time:53724ms step_avg:51.76ms
step:1039/1260 train_time:53803ms step_avg:51.78ms
step:1040/1260 train_time:53887ms step_avg:51.81ms
step:1041/1260 train_time:53966ms step_avg:51.84ms
step:1042/1260 train_time:54052ms step_avg:51.87ms
step:1043/1260 train_time:54130ms step_avg:51.90ms
step:1044/1260 train_time:54214ms step_avg:51.93ms
step:1045/1260 train_time:54293ms step_avg:51.95ms
step:1046/1260 train_time:54377ms step_avg:51.99ms
step:1047/1260 train_time:54457ms step_avg:52.01ms
step:1048/1260 train_time:54540ms step_avg:52.04ms
step:1049/1260 train_time:54620ms step_avg:52.07ms
step:1050/1260 train_time:54704ms step_avg:52.10ms
step:1051/1260 train_time:54782ms step_avg:52.12ms
step:1052/1260 train_time:54865ms step_avg:52.15ms
step:1053/1260 train_time:54943ms step_avg:52.18ms
step:1054/1260 train_time:55029ms step_avg:52.21ms
step:1055/1260 train_time:55108ms step_avg:52.23ms
step:1056/1260 train_time:55193ms step_avg:52.27ms
step:1057/1260 train_time:55272ms step_avg:52.29ms
step:1058/1260 train_time:55357ms step_avg:52.32ms
step:1059/1260 train_time:55435ms step_avg:52.35ms
step:1060/1260 train_time:55519ms step_avg:52.38ms
step:1061/1260 train_time:55598ms step_avg:52.40ms
step:1062/1260 train_time:55685ms step_avg:52.43ms
step:1063/1260 train_time:55765ms step_avg:52.46ms
step:1064/1260 train_time:55845ms step_avg:52.49ms
step:1065/1260 train_time:55924ms step_avg:52.51ms
step:1066/1260 train_time:56009ms step_avg:52.54ms
step:1067/1260 train_time:56090ms step_avg:52.57ms
step:1068/1260 train_time:56174ms step_avg:52.60ms
step:1069/1260 train_time:56255ms step_avg:52.62ms
step:1070/1260 train_time:56338ms step_avg:52.65ms
step:1071/1260 train_time:56419ms step_avg:52.68ms
step:1072/1260 train_time:56504ms step_avg:52.71ms
step:1073/1260 train_time:56582ms step_avg:52.73ms
step:1074/1260 train_time:56667ms step_avg:52.76ms
step:1075/1260 train_time:56746ms step_avg:52.79ms
step:1076/1260 train_time:56829ms step_avg:52.82ms
step:1077/1260 train_time:56908ms step_avg:52.84ms
step:1078/1260 train_time:56990ms step_avg:52.87ms
step:1079/1260 train_time:57071ms step_avg:52.89ms
step:1080/1260 train_time:57157ms step_avg:52.92ms
step:1081/1260 train_time:57235ms step_avg:52.95ms
step:1082/1260 train_time:57319ms step_avg:52.98ms
step:1083/1260 train_time:57398ms step_avg:53.00ms
step:1084/1260 train_time:57482ms step_avg:53.03ms
step:1085/1260 train_time:57561ms step_avg:53.05ms
step:1086/1260 train_time:57646ms step_avg:53.08ms
step:1087/1260 train_time:57726ms step_avg:53.11ms
step:1088/1260 train_time:57810ms step_avg:53.13ms
step:1089/1260 train_time:57889ms step_avg:53.16ms
step:1090/1260 train_time:57972ms step_avg:53.19ms
step:1091/1260 train_time:58051ms step_avg:53.21ms
step:1092/1260 train_time:58136ms step_avg:53.24ms
step:1093/1260 train_time:58216ms step_avg:53.26ms
step:1094/1260 train_time:58299ms step_avg:53.29ms
step:1095/1260 train_time:58379ms step_avg:53.31ms
step:1096/1260 train_time:58465ms step_avg:53.34ms
step:1097/1260 train_time:58542ms step_avg:53.37ms
step:1098/1260 train_time:58625ms step_avg:53.39ms
step:1099/1260 train_time:58703ms step_avg:53.41ms
step:1100/1260 train_time:58788ms step_avg:53.44ms
step:1101/1260 train_time:58867ms step_avg:53.47ms
step:1102/1260 train_time:58951ms step_avg:53.49ms
step:1103/1260 train_time:59030ms step_avg:53.52ms
step:1104/1260 train_time:59114ms step_avg:53.55ms
step:1105/1260 train_time:59193ms step_avg:53.57ms
step:1106/1260 train_time:59281ms step_avg:53.60ms
step:1107/1260 train_time:59361ms step_avg:53.62ms
step:1108/1260 train_time:59444ms step_avg:53.65ms
step:1109/1260 train_time:59522ms step_avg:53.67ms
step:1110/1260 train_time:59607ms step_avg:53.70ms
step:1111/1260 train_time:59685ms step_avg:53.72ms
step:1112/1260 train_time:59768ms step_avg:53.75ms
step:1113/1260 train_time:59846ms step_avg:53.77ms
step:1114/1260 train_time:59930ms step_avg:53.80ms
step:1115/1260 train_time:60009ms step_avg:53.82ms
step:1116/1260 train_time:60095ms step_avg:53.85ms
step:1117/1260 train_time:60174ms step_avg:53.87ms
step:1118/1260 train_time:60258ms step_avg:53.90ms
step:1119/1260 train_time:60337ms step_avg:53.92ms
step:1120/1260 train_time:60421ms step_avg:53.95ms
step:1121/1260 train_time:60499ms step_avg:53.97ms
step:1122/1260 train_time:60584ms step_avg:54.00ms
step:1123/1260 train_time:60662ms step_avg:54.02ms
step:1124/1260 train_time:60745ms step_avg:54.04ms
step:1125/1260 train_time:60823ms step_avg:54.06ms
step:1126/1260 train_time:60906ms step_avg:54.09ms
step:1127/1260 train_time:60985ms step_avg:54.11ms
step:1128/1260 train_time:61071ms step_avg:54.14ms
step:1129/1260 train_time:61151ms step_avg:54.16ms
step:1130/1260 train_time:61237ms step_avg:54.19ms
step:1131/1260 train_time:61315ms step_avg:54.21ms
step:1132/1260 train_time:61399ms step_avg:54.24ms
step:1133/1260 train_time:61478ms step_avg:54.26ms
step:1134/1260 train_time:61561ms step_avg:54.29ms
step:1135/1260 train_time:61641ms step_avg:54.31ms
step:1136/1260 train_time:61725ms step_avg:54.34ms
step:1137/1260 train_time:61802ms step_avg:54.36ms
step:1138/1260 train_time:61888ms step_avg:54.38ms
step:1139/1260 train_time:61967ms step_avg:54.40ms
step:1140/1260 train_time:62052ms step_avg:54.43ms
step:1141/1260 train_time:62132ms step_avg:54.45ms
step:1142/1260 train_time:62217ms step_avg:54.48ms
step:1143/1260 train_time:62297ms step_avg:54.50ms
step:1144/1260 train_time:62381ms step_avg:54.53ms
step:1145/1260 train_time:62459ms step_avg:54.55ms
step:1146/1260 train_time:62544ms step_avg:54.58ms
step:1147/1260 train_time:62623ms step_avg:54.60ms
step:1148/1260 train_time:62707ms step_avg:54.62ms
step:1149/1260 train_time:62784ms step_avg:54.64ms
step:1150/1260 train_time:62868ms step_avg:54.67ms
step:1151/1260 train_time:62946ms step_avg:54.69ms
step:1152/1260 train_time:63030ms step_avg:54.71ms
step:1153/1260 train_time:63110ms step_avg:54.74ms
step:1154/1260 train_time:63195ms step_avg:54.76ms
step:1155/1260 train_time:63274ms step_avg:54.78ms
step:1156/1260 train_time:63358ms step_avg:54.81ms
step:1157/1260 train_time:63437ms step_avg:54.83ms
step:1158/1260 train_time:63521ms step_avg:54.85ms
step:1159/1260 train_time:63602ms step_avg:54.88ms
step:1160/1260 train_time:63684ms step_avg:54.90ms
step:1161/1260 train_time:63762ms step_avg:54.92ms
step:1162/1260 train_time:63844ms step_avg:54.94ms
step:1163/1260 train_time:63921ms step_avg:54.96ms
step:1164/1260 train_time:64007ms step_avg:54.99ms
step:1165/1260 train_time:64086ms step_avg:55.01ms
step:1166/1260 train_time:64171ms step_avg:55.03ms
step:1167/1260 train_time:64251ms step_avg:55.06ms
step:1168/1260 train_time:64335ms step_avg:55.08ms
step:1169/1260 train_time:64415ms step_avg:55.10ms
step:1170/1260 train_time:64499ms step_avg:55.13ms
step:1171/1260 train_time:64578ms step_avg:55.15ms
step:1172/1260 train_time:64663ms step_avg:55.17ms
step:1173/1260 train_time:64742ms step_avg:55.19ms
step:1174/1260 train_time:64824ms step_avg:55.22ms
step:1175/1260 train_time:64903ms step_avg:55.24ms
step:1176/1260 train_time:64987ms step_avg:55.26ms
step:1177/1260 train_time:65067ms step_avg:55.28ms
step:1178/1260 train_time:65153ms step_avg:55.31ms
step:1179/1260 train_time:65233ms step_avg:55.33ms
step:1180/1260 train_time:65316ms step_avg:55.35ms
step:1181/1260 train_time:65396ms step_avg:55.37ms
step:1182/1260 train_time:65481ms step_avg:55.40ms
step:1183/1260 train_time:65562ms step_avg:55.42ms
step:1184/1260 train_time:65644ms step_avg:55.44ms
step:1185/1260 train_time:65721ms step_avg:55.46ms
step:1186/1260 train_time:65807ms step_avg:55.49ms
step:1187/1260 train_time:65884ms step_avg:55.50ms
step:1188/1260 train_time:65969ms step_avg:55.53ms
step:1189/1260 train_time:66047ms step_avg:55.55ms
step:1190/1260 train_time:66131ms step_avg:55.57ms
step:1191/1260 train_time:66210ms step_avg:55.59ms
step:1192/1260 train_time:66296ms step_avg:55.62ms
step:1193/1260 train_time:66375ms step_avg:55.64ms
step:1194/1260 train_time:66459ms step_avg:55.66ms
step:1195/1260 train_time:66539ms step_avg:55.68ms
step:1196/1260 train_time:66623ms step_avg:55.70ms
step:1197/1260 train_time:66701ms step_avg:55.72ms
step:1198/1260 train_time:66784ms step_avg:55.75ms
step:1199/1260 train_time:66862ms step_avg:55.77ms
step:1200/1260 train_time:66946ms step_avg:55.79ms
step:1201/1260 train_time:67023ms step_avg:55.81ms
step:1202/1260 train_time:67107ms step_avg:55.83ms
step:1203/1260 train_time:67187ms step_avg:55.85ms
step:1204/1260 train_time:67273ms step_avg:55.87ms
step:1205/1260 train_time:67353ms step_avg:55.89ms
step:1206/1260 train_time:67438ms step_avg:55.92ms
step:1207/1260 train_time:67517ms step_avg:55.94ms
step:1208/1260 train_time:67602ms step_avg:55.96ms
step:1209/1260 train_time:67681ms step_avg:55.98ms
step:1210/1260 train_time:67766ms step_avg:56.00ms
step:1211/1260 train_time:67843ms step_avg:56.02ms
step:1212/1260 train_time:67927ms step_avg:56.04ms
step:1213/1260 train_time:68005ms step_avg:56.06ms
step:1214/1260 train_time:68089ms step_avg:56.09ms
step:1215/1260 train_time:68168ms step_avg:56.11ms
step:1216/1260 train_time:68254ms step_avg:56.13ms
step:1217/1260 train_time:68334ms step_avg:56.15ms
step:1218/1260 train_time:68419ms step_avg:56.17ms
step:1219/1260 train_time:68499ms step_avg:56.19ms
step:1220/1260 train_time:68582ms step_avg:56.21ms
step:1221/1260 train_time:68662ms step_avg:56.23ms
step:1222/1260 train_time:68750ms step_avg:56.26ms
step:1223/1260 train_time:68830ms step_avg:56.28ms
step:1224/1260 train_time:68915ms step_avg:56.30ms
step:1225/1260 train_time:68993ms step_avg:56.32ms
step:1226/1260 train_time:69077ms step_avg:56.34ms
step:1227/1260 train_time:69155ms step_avg:56.36ms
step:1228/1260 train_time:69241ms step_avg:56.39ms
step:1229/1260 train_time:69319ms step_avg:56.40ms
step:1230/1260 train_time:69404ms step_avg:56.43ms
step:1231/1260 train_time:69484ms step_avg:56.44ms
step:1232/1260 train_time:69571ms step_avg:56.47ms
step:1233/1260 train_time:69649ms step_avg:56.49ms
step:1234/1260 train_time:69734ms step_avg:56.51ms
step:1235/1260 train_time:69813ms step_avg:56.53ms
step:1236/1260 train_time:69898ms step_avg:56.55ms
step:1237/1260 train_time:69976ms step_avg:56.57ms
step:1238/1260 train_time:70061ms step_avg:56.59ms
step:1239/1260 train_time:70138ms step_avg:56.61ms
step:1240/1260 train_time:70223ms step_avg:56.63ms
step:1241/1260 train_time:70302ms step_avg:56.65ms
step:1242/1260 train_time:70388ms step_avg:56.67ms
step:1243/1260 train_time:70466ms step_avg:56.69ms
step:1244/1260 train_time:70550ms step_avg:56.71ms
step:1245/1260 train_time:70629ms step_avg:56.73ms
step:1246/1260 train_time:70714ms step_avg:56.75ms
step:1247/1260 train_time:70793ms step_avg:56.77ms
step:1248/1260 train_time:70881ms step_avg:56.80ms
step:1249/1260 train_time:70959ms step_avg:56.81ms
step:1250/1260 train_time:71043ms step_avg:56.83ms
step:1250/1260 val_loss:3.3153 train_time:71132ms step_avg:56.91ms
step:1251/1260 train_time:71155ms step_avg:56.88ms
step:1252/1260 train_time:71211ms step_avg:56.88ms
step:1253/1260 train_time:71293ms step_avg:56.90ms
step:1254/1260 train_time:71379ms step_avg:56.92ms
step:1255/1260 train_time:71457ms step_avg:56.94ms
step:1256/1260 train_time:71540ms step_avg:56.96ms
step:1257/1260 train_time:71617ms step_avg:56.97ms
step:1258/1260 train_time:71700ms step_avg:57.00ms
step:1259/1260 train_time:71779ms step_avg:57.01ms
step:1260/1260 train_time:71861ms step_avg:57.03ms
step:1260/1260 val_loss:3.3108 train_time:71950ms step_avg:57.10ms
peak memory allocated: 31314 MiB reserved: 45750 MiB
