W0420 03:44:40.912000 57692 torch/distributed/run.py:852] 
W0420 03:44:40.912000 57692 torch/distributed/run.py:852] *****************************************
W0420 03:44:40.912000 57692 torch/distributed/run.py:852] Setting OMP_NUM_THREADS environment variable for each process to be 1 in default, to avoid your system being overloaded, please further tune the variable for optimal performance in your application as needed. 
W0420 03:44:40.912000 57692 torch/distributed/run.py:852] *****************************************
[Gloo] Rank 0 is connected to 7 peer ranks. Expected number of connected peer ranks is : 7
[Gloo] Rank 1 is connected to 7 peer ranks. Expected number of connected peer ranks is : 7
[Gloo] Rank [Gloo] Rank 24 is connected to  is connected to 77 peer ranks.  peer ranks. Expected number of connected peer ranks is : Expected number of connected peer ranks is : 77

[Gloo] Rank [Gloo] Rank 53 is connected to  is connected to 77 peer ranks.  peer ranks. Expected number of connected peer ranks is : Expected number of connected peer ranks is : 77

[Gloo] Rank 7 is connected to 7 peer ranks. Expected number of connected peer ranks is : 7
[Gloo] Rank 6 is connected to 7 peer ranks. Expected number of connected peer ranks is : 7
Warning: You are sending unauthenticated requests to the HF Hub. Please set a HF_TOKEN to enable higher rate limits and faster downloads.
Fetching 4 files:   0%|          | 0/4 [00:00<?, ?it/s]Fetching 4 files: 100%|██████████| 4/4 [00:00<00:00, 5353.29it/s]
Warning: You are sending unauthenticated requests to the HF Hub. Please set a HF_TOKEN to enable higher rate limits and faster downloads.
Fetching 4 files:   0%|          | 0/4 [00:00<?, ?it/s]Fetching 4 files: 100%|██████████| 4/4 [00:00<00:00, 24708.71it/s]
Fetching 4 files:   0%|          | 0/4 [00:00<?, ?it/s]Fetching 4 files: 100%|██████████| 4/4 [00:00<00:00, 18517.90it/s]
Fetching 4 files:   0%|          | 0/4 [00:00<?, ?it/s]Fetching 4 files: 100%|██████████| 4/4 [00:00<00:00, 6050.20it/s]
Fetching 4 files:   0%|          | 0/4 [00:00<?, ?it/s]Fetching 4 files: 100%|██████████| 4/4 [00:00<00:00, 5635.61it/s]
Fetching 4 files:   0%|          | 0/4 [00:00<?, ?it/s]Fetching 4 files: 100%|██████████| 4/4 [00:00<00:00, 24855.13it/s]
Fetching 4 files:   0%|          | 0/4 [00:00<?, ?it/s]Fetching 4 files: 100%|██████████| 4/4 [00:00<00:00, 5594.27it/s]
logs/e567cc45-d226-473a-8915-dd882d9ab1d6.txt
Fetching 4 files:   0%|          | 0/4 [00:00<?, ?it/s]Fetching 4 files: 100%|██████████| 4/4 [00:00<00:00, 6032.80it/s]
Compiling model and warming up kernels (~7 minutes on first execution)
Sampling steps [0, 1, 395, 396, 397, 398, 791, 792, 793, 794, 1188, 1189, 1190, 1191] for warmup
Resetting Model
step:0/1230 val_loss:10.8303 train_time:0ms step_avg:0.04ms
step:1/1230 train_time:74ms step_avg:74.41ms
step:2/1230 train_time:109ms step_avg:54.52ms
step:3/1230 train_time:131ms step_avg:43.56ms
step:4/1230 train_time:167ms step_avg:41.66ms
step:5/1230 train_time:187ms step_avg:37.45ms
step:6/1230 train_time:221ms step_avg:36.78ms
step:7/1230 train_time:248ms step_avg:35.38ms
step:8/1230 train_time:283ms step_avg:35.40ms
step:9/1230 train_time:309ms step_avg:34.35ms
step:10/1230 train_time:345ms step_avg:34.46ms
step:11/1230 train_time:371ms step_avg:33.74ms
step:12/1230 train_time:406ms step_avg:33.86ms
step:13/1230 train_time:433ms step_avg:33.30ms
step:14/1230 train_time:468ms step_avg:33.46ms
step:15/1230 train_time:495ms step_avg:33.02ms
step:16/1230 train_time:531ms step_avg:33.18ms
step:17/1230 train_time:557ms step_avg:32.79ms
step:18/1230 train_time:593ms step_avg:32.93ms
step:19/1230 train_time:620ms step_avg:32.61ms
step:20/1230 train_time:654ms step_avg:32.72ms
step:21/1230 train_time:682ms step_avg:32.48ms
step:22/1230 train_time:717ms step_avg:32.57ms
step:23/1230 train_time:744ms step_avg:32.33ms
step:24/1230 train_time:779ms step_avg:32.45ms
step:25/1230 train_time:806ms step_avg:32.22ms
step:26/1230 train_time:840ms step_avg:32.33ms
step:27/1230 train_time:867ms step_avg:32.12ms
step:28/1230 train_time:903ms step_avg:32.23ms
step:29/1230 train_time:929ms step_avg:32.05ms
step:30/1230 train_time:965ms step_avg:32.16ms
step:31/1230 train_time:992ms step_avg:32.00ms
step:32/1230 train_time:1028ms step_avg:32.14ms
step:33/1230 train_time:1055ms step_avg:31.96ms
step:34/1230 train_time:1090ms step_avg:32.07ms
step:35/1230 train_time:1117ms step_avg:31.93ms
step:36/1230 train_time:1153ms step_avg:32.02ms
step:37/1230 train_time:1180ms step_avg:31.89ms
step:38/1230 train_time:1215ms step_avg:31.98ms
step:39/1230 train_time:1242ms step_avg:31.85ms
step:40/1230 train_time:1277ms step_avg:31.94ms
step:41/1230 train_time:1305ms step_avg:31.82ms
step:42/1230 train_time:1340ms step_avg:31.89ms
step:43/1230 train_time:1367ms step_avg:31.78ms
step:44/1230 train_time:1402ms step_avg:31.86ms
step:45/1230 train_time:1429ms step_avg:31.75ms
step:46/1230 train_time:1464ms step_avg:31.83ms
step:47/1230 train_time:1491ms step_avg:31.72ms
step:48/1230 train_time:1526ms step_avg:31.79ms
step:49/1230 train_time:1553ms step_avg:31.69ms
step:50/1230 train_time:1588ms step_avg:31.77ms
step:51/1230 train_time:1615ms step_avg:31.67ms
step:52/1230 train_time:1650ms step_avg:31.73ms
step:53/1230 train_time:1678ms step_avg:31.65ms
step:54/1230 train_time:1713ms step_avg:31.72ms
step:55/1230 train_time:1740ms step_avg:31.63ms
step:56/1230 train_time:1775ms step_avg:31.69ms
step:57/1230 train_time:1801ms step_avg:31.61ms
step:58/1230 train_time:1836ms step_avg:31.66ms
step:59/1230 train_time:1863ms step_avg:31.58ms
step:60/1230 train_time:1898ms step_avg:31.64ms
step:61/1230 train_time:1925ms step_avg:31.56ms
step:62/1230 train_time:1960ms step_avg:31.62ms
step:63/1230 train_time:1987ms step_avg:31.54ms
step:64/1230 train_time:2022ms step_avg:31.60ms
step:65/1230 train_time:2049ms step_avg:31.52ms
step:66/1230 train_time:2085ms step_avg:31.58ms
step:67/1230 train_time:2111ms step_avg:31.51ms
step:68/1230 train_time:2146ms step_avg:31.56ms
step:69/1230 train_time:2173ms step_avg:31.49ms
step:70/1230 train_time:2208ms step_avg:31.55ms
step:71/1230 train_time:2235ms step_avg:31.48ms
step:72/1230 train_time:2271ms step_avg:31.54ms
step:73/1230 train_time:2298ms step_avg:31.48ms
step:74/1230 train_time:2333ms step_avg:31.53ms
step:75/1230 train_time:2360ms step_avg:31.47ms
step:76/1230 train_time:2395ms step_avg:31.52ms
step:77/1230 train_time:2422ms step_avg:31.46ms
step:78/1230 train_time:2457ms step_avg:31.50ms
step:79/1230 train_time:2484ms step_avg:31.45ms
step:80/1230 train_time:2520ms step_avg:31.50ms
step:81/1230 train_time:2547ms step_avg:31.44ms
step:82/1230 train_time:2581ms step_avg:31.48ms
step:83/1230 train_time:2608ms step_avg:31.42ms
step:84/1230 train_time:2643ms step_avg:31.46ms
step:85/1230 train_time:2670ms step_avg:31.41ms
step:86/1230 train_time:2705ms step_avg:31.46ms
step:87/1230 train_time:2732ms step_avg:31.40ms
step:88/1230 train_time:2767ms step_avg:31.44ms
step:89/1230 train_time:2794ms step_avg:31.40ms
step:90/1230 train_time:2829ms step_avg:31.43ms
step:91/1230 train_time:2856ms step_avg:31.39ms
step:92/1230 train_time:2891ms step_avg:31.43ms
step:93/1230 train_time:2919ms step_avg:31.38ms
step:94/1230 train_time:2953ms step_avg:31.42ms
step:95/1230 train_time:2980ms step_avg:31.37ms
step:96/1230 train_time:3016ms step_avg:31.41ms
step:97/1230 train_time:3042ms step_avg:31.37ms
step:98/1230 train_time:3077ms step_avg:31.40ms
step:99/1230 train_time:3104ms step_avg:31.36ms
step:100/1230 train_time:3139ms step_avg:31.39ms
step:101/1230 train_time:3166ms step_avg:31.34ms
step:102/1230 train_time:3201ms step_avg:31.39ms
step:103/1230 train_time:3228ms step_avg:31.34ms
step:104/1230 train_time:3263ms step_avg:31.38ms
step:105/1230 train_time:3290ms step_avg:31.33ms
step:106/1230 train_time:3326ms step_avg:31.38ms
step:107/1230 train_time:3352ms step_avg:31.33ms
step:108/1230 train_time:3387ms step_avg:31.36ms
step:109/1230 train_time:3414ms step_avg:31.32ms
step:110/1230 train_time:3449ms step_avg:31.35ms
step:111/1230 train_time:3476ms step_avg:31.31ms
step:112/1230 train_time:3511ms step_avg:31.35ms
step:113/1230 train_time:3538ms step_avg:31.31ms
step:114/1230 train_time:3573ms step_avg:31.34ms
step:115/1230 train_time:3600ms step_avg:31.31ms
step:116/1230 train_time:3635ms step_avg:31.34ms
step:117/1230 train_time:3662ms step_avg:31.30ms
step:118/1230 train_time:3697ms step_avg:31.33ms
step:119/1230 train_time:3724ms step_avg:31.30ms
step:120/1230 train_time:3760ms step_avg:31.33ms
step:121/1230 train_time:3787ms step_avg:31.29ms
step:122/1230 train_time:3822ms step_avg:31.33ms
step:123/1230 train_time:3849ms step_avg:31.29ms
step:124/1230 train_time:3884ms step_avg:31.32ms
step:125/1230 train_time:3911ms step_avg:31.29ms
step:126/1230 train_time:3946ms step_avg:31.32ms
step:127/1230 train_time:3973ms step_avg:31.28ms
step:128/1230 train_time:4008ms step_avg:31.32ms
step:129/1230 train_time:4035ms step_avg:31.28ms
step:130/1230 train_time:4070ms step_avg:31.31ms
step:131/1230 train_time:4097ms step_avg:31.28ms
step:132/1230 train_time:4133ms step_avg:31.31ms
step:133/1230 train_time:4160ms step_avg:31.28ms
step:134/1230 train_time:4194ms step_avg:31.30ms
step:135/1230 train_time:4221ms step_avg:31.27ms
step:136/1230 train_time:4256ms step_avg:31.30ms
step:137/1230 train_time:4283ms step_avg:31.27ms
step:138/1230 train_time:4318ms step_avg:31.29ms
step:139/1230 train_time:4345ms step_avg:31.26ms
step:140/1230 train_time:4380ms step_avg:31.29ms
step:141/1230 train_time:4407ms step_avg:31.26ms
step:142/1230 train_time:4442ms step_avg:31.28ms
step:143/1230 train_time:4469ms step_avg:31.25ms
step:144/1230 train_time:4504ms step_avg:31.28ms
step:145/1230 train_time:4531ms step_avg:31.25ms
step:146/1230 train_time:4567ms step_avg:31.28ms
step:147/1230 train_time:4592ms step_avg:31.24ms
step:148/1230 train_time:4628ms step_avg:31.27ms
step:149/1230 train_time:4654ms step_avg:31.24ms
step:150/1230 train_time:4689ms step_avg:31.26ms
step:151/1230 train_time:4716ms step_avg:31.23ms
step:152/1230 train_time:4751ms step_avg:31.26ms
step:153/1230 train_time:4779ms step_avg:31.24ms
step:154/1230 train_time:4814ms step_avg:31.26ms
step:155/1230 train_time:4841ms step_avg:31.23ms
step:156/1230 train_time:4876ms step_avg:31.25ms
step:157/1230 train_time:4902ms step_avg:31.23ms
step:158/1230 train_time:4937ms step_avg:31.25ms
step:159/1230 train_time:4964ms step_avg:31.22ms
step:160/1230 train_time:4999ms step_avg:31.24ms
step:161/1230 train_time:5026ms step_avg:31.22ms
step:162/1230 train_time:5061ms step_avg:31.24ms
step:163/1230 train_time:5088ms step_avg:31.22ms
step:164/1230 train_time:5124ms step_avg:31.24ms
step:165/1230 train_time:5150ms step_avg:31.21ms
step:166/1230 train_time:5186ms step_avg:31.24ms
step:167/1230 train_time:5213ms step_avg:31.22ms
step:168/1230 train_time:5248ms step_avg:31.24ms
step:169/1230 train_time:5275ms step_avg:31.21ms
step:170/1230 train_time:5310ms step_avg:31.23ms
step:171/1230 train_time:5337ms step_avg:31.21ms
step:172/1230 train_time:5372ms step_avg:31.23ms
step:173/1230 train_time:5399ms step_avg:31.21ms
step:174/1230 train_time:5434ms step_avg:31.23ms
step:175/1230 train_time:5461ms step_avg:31.21ms
step:176/1230 train_time:5496ms step_avg:31.23ms
step:177/1230 train_time:5523ms step_avg:31.21ms
step:178/1230 train_time:5558ms step_avg:31.23ms
step:179/1230 train_time:5585ms step_avg:31.20ms
step:180/1230 train_time:5621ms step_avg:31.23ms
step:181/1230 train_time:5647ms step_avg:31.20ms
step:182/1230 train_time:5682ms step_avg:31.22ms
step:183/1230 train_time:5709ms step_avg:31.20ms
step:184/1230 train_time:5745ms step_avg:31.22ms
step:185/1230 train_time:5772ms step_avg:31.20ms
step:186/1230 train_time:5807ms step_avg:31.22ms
step:187/1230 train_time:5834ms step_avg:31.20ms
step:188/1230 train_time:5869ms step_avg:31.22ms
step:189/1230 train_time:5895ms step_avg:31.19ms
step:190/1230 train_time:5930ms step_avg:31.21ms
step:191/1230 train_time:5958ms step_avg:31.19ms
step:192/1230 train_time:5992ms step_avg:31.21ms
step:193/1230 train_time:6020ms step_avg:31.19ms
step:194/1230 train_time:6055ms step_avg:31.21ms
step:195/1230 train_time:6082ms step_avg:31.19ms
step:196/1230 train_time:6117ms step_avg:31.21ms
step:197/1230 train_time:6144ms step_avg:31.19ms
step:198/1230 train_time:6179ms step_avg:31.21ms
step:199/1230 train_time:6206ms step_avg:31.19ms
step:200/1230 train_time:6242ms step_avg:31.21ms
step:201/1230 train_time:6268ms step_avg:31.19ms
step:202/1230 train_time:6304ms step_avg:31.21ms
step:203/1230 train_time:6330ms step_avg:31.18ms
step:204/1230 train_time:6365ms step_avg:31.20ms
step:205/1230 train_time:6392ms step_avg:31.18ms
step:206/1230 train_time:6427ms step_avg:31.20ms
step:207/1230 train_time:6454ms step_avg:31.18ms
step:208/1230 train_time:6489ms step_avg:31.20ms
step:209/1230 train_time:6516ms step_avg:31.18ms
step:210/1230 train_time:6551ms step_avg:31.19ms
step:211/1230 train_time:6578ms step_avg:31.18ms
step:212/1230 train_time:6613ms step_avg:31.19ms
step:213/1230 train_time:6640ms step_avg:31.18ms
step:214/1230 train_time:6675ms step_avg:31.19ms
step:215/1230 train_time:6702ms step_avg:31.17ms
step:216/1230 train_time:6737ms step_avg:31.19ms
step:217/1230 train_time:6764ms step_avg:31.17ms
step:218/1230 train_time:6799ms step_avg:31.19ms
step:219/1230 train_time:6826ms step_avg:31.17ms
step:220/1230 train_time:6861ms step_avg:31.19ms
step:221/1230 train_time:6888ms step_avg:31.17ms
step:222/1230 train_time:6924ms step_avg:31.19ms
step:223/1230 train_time:6950ms step_avg:31.17ms
step:224/1230 train_time:6985ms step_avg:31.18ms
step:225/1230 train_time:7012ms step_avg:31.17ms
step:226/1230 train_time:7047ms step_avg:31.18ms
step:227/1230 train_time:7074ms step_avg:31.16ms
step:228/1230 train_time:7109ms step_avg:31.18ms
step:229/1230 train_time:7136ms step_avg:31.16ms
step:230/1230 train_time:7171ms step_avg:31.18ms
step:231/1230 train_time:7198ms step_avg:31.16ms
step:232/1230 train_time:7233ms step_avg:31.18ms
step:233/1230 train_time:7260ms step_avg:31.16ms
step:234/1230 train_time:7295ms step_avg:31.18ms
step:235/1230 train_time:7323ms step_avg:31.16ms
step:236/1230 train_time:7357ms step_avg:31.17ms
step:237/1230 train_time:7384ms step_avg:31.15ms
step:238/1230 train_time:7419ms step_avg:31.17ms
step:239/1230 train_time:7446ms step_avg:31.15ms
step:240/1230 train_time:7481ms step_avg:31.17ms
step:241/1230 train_time:7508ms step_avg:31.15ms
step:242/1230 train_time:7543ms step_avg:31.17ms
step:243/1230 train_time:7570ms step_avg:31.15ms
step:244/1230 train_time:7605ms step_avg:31.17ms
step:245/1230 train_time:7632ms step_avg:31.15ms
step:246/1230 train_time:7666ms step_avg:31.16ms
step:247/1230 train_time:7693ms step_avg:31.15ms
step:248/1230 train_time:7729ms step_avg:31.16ms
step:249/1230 train_time:7755ms step_avg:31.14ms
step:250/1230 train_time:7790ms step_avg:31.16ms
step:250/1230 val_loss:4.4843 train_time:7825ms step_avg:31.30ms
step:251/1230 train_time:7847ms step_avg:31.26ms
step:252/1230 train_time:7870ms step_avg:31.23ms
step:253/1230 train_time:7890ms step_avg:31.18ms
step:254/1230 train_time:7917ms step_avg:31.17ms
step:255/1230 train_time:7946ms step_avg:31.16ms
step:256/1230 train_time:7982ms step_avg:31.18ms
step:257/1230 train_time:8009ms step_avg:31.17ms
step:258/1230 train_time:8045ms step_avg:31.18ms
step:259/1230 train_time:8072ms step_avg:31.16ms
step:260/1230 train_time:8107ms step_avg:31.18ms
step:261/1230 train_time:8135ms step_avg:31.17ms
step:262/1230 train_time:8170ms step_avg:31.18ms
step:263/1230 train_time:8197ms step_avg:31.17ms
step:264/1230 train_time:8232ms step_avg:31.18ms
step:265/1230 train_time:8259ms step_avg:31.17ms
step:266/1230 train_time:8294ms step_avg:31.18ms
step:267/1230 train_time:8320ms step_avg:31.16ms
step:268/1230 train_time:8356ms step_avg:31.18ms
step:269/1230 train_time:8382ms step_avg:31.16ms
step:270/1230 train_time:8417ms step_avg:31.17ms
step:271/1230 train_time:8444ms step_avg:31.16ms
step:272/1230 train_time:8479ms step_avg:31.17ms
step:273/1230 train_time:8506ms step_avg:31.16ms
step:274/1230 train_time:8540ms step_avg:31.17ms
step:275/1230 train_time:8567ms step_avg:31.15ms
step:276/1230 train_time:8602ms step_avg:31.17ms
step:277/1230 train_time:8631ms step_avg:31.16ms
step:278/1230 train_time:8664ms step_avg:31.16ms
step:279/1230 train_time:8690ms step_avg:31.15ms
step:280/1230 train_time:8725ms step_avg:31.16ms
step:281/1230 train_time:8752ms step_avg:31.15ms
step:282/1230 train_time:8787ms step_avg:31.16ms
step:283/1230 train_time:8813ms step_avg:31.14ms
step:284/1230 train_time:8848ms step_avg:31.16ms
step:285/1230 train_time:8875ms step_avg:31.14ms
step:286/1230 train_time:8910ms step_avg:31.16ms
step:287/1230 train_time:8937ms step_avg:31.14ms
step:288/1230 train_time:8973ms step_avg:31.16ms
step:289/1230 train_time:9000ms step_avg:31.14ms
step:290/1230 train_time:9035ms step_avg:31.15ms
step:291/1230 train_time:9062ms step_avg:31.14ms
step:292/1230 train_time:9098ms step_avg:31.16ms
step:293/1230 train_time:9125ms step_avg:31.14ms
step:294/1230 train_time:9160ms step_avg:31.16ms
step:295/1230 train_time:9187ms step_avg:31.14ms
step:296/1230 train_time:9222ms step_avg:31.16ms
step:297/1230 train_time:9249ms step_avg:31.14ms
step:298/1230 train_time:9284ms step_avg:31.15ms
step:299/1230 train_time:9311ms step_avg:31.14ms
step:300/1230 train_time:9346ms step_avg:31.15ms
step:301/1230 train_time:9373ms step_avg:31.14ms
step:302/1230 train_time:9408ms step_avg:31.15ms
step:303/1230 train_time:9434ms step_avg:31.14ms
step:304/1230 train_time:9469ms step_avg:31.15ms
step:305/1230 train_time:9496ms step_avg:31.13ms
step:306/1230 train_time:9531ms step_avg:31.15ms
step:307/1230 train_time:9558ms step_avg:31.13ms
step:308/1230 train_time:9593ms step_avg:31.15ms
step:309/1230 train_time:9619ms step_avg:31.13ms
step:310/1230 train_time:9654ms step_avg:31.14ms
step:311/1230 train_time:9681ms step_avg:31.13ms
step:312/1230 train_time:9716ms step_avg:31.14ms
step:313/1230 train_time:9743ms step_avg:31.13ms
step:314/1230 train_time:9778ms step_avg:31.14ms
step:315/1230 train_time:9805ms step_avg:31.13ms
step:316/1230 train_time:9839ms step_avg:31.14ms
step:317/1230 train_time:9867ms step_avg:31.12ms
step:318/1230 train_time:9903ms step_avg:31.14ms
step:319/1230 train_time:9928ms step_avg:31.12ms
step:320/1230 train_time:9963ms step_avg:31.14ms
step:321/1230 train_time:9991ms step_avg:31.12ms
step:322/1230 train_time:10026ms step_avg:31.14ms
step:323/1230 train_time:10053ms step_avg:31.12ms
step:324/1230 train_time:10089ms step_avg:31.14ms
step:325/1230 train_time:10115ms step_avg:31.12ms
step:326/1230 train_time:10150ms step_avg:31.13ms
step:327/1230 train_time:10177ms step_avg:31.12ms
step:328/1230 train_time:10212ms step_avg:31.13ms
step:329/1230 train_time:10239ms step_avg:31.12ms
step:330/1230 train_time:10273ms step_avg:31.13ms
step:331/1230 train_time:10300ms step_avg:31.12ms
step:332/1230 train_time:10336ms step_avg:31.13ms
step:333/1230 train_time:10363ms step_avg:31.12ms
step:334/1230 train_time:10398ms step_avg:31.13ms
step:335/1230 train_time:10425ms step_avg:31.12ms
step:336/1230 train_time:10460ms step_avg:31.13ms
step:337/1230 train_time:10487ms step_avg:31.12ms
step:338/1230 train_time:10522ms step_avg:31.13ms
step:339/1230 train_time:10549ms step_avg:31.12ms
step:340/1230 train_time:10583ms step_avg:31.13ms
step:341/1230 train_time:10610ms step_avg:31.12ms
step:342/1230 train_time:10645ms step_avg:31.13ms
step:343/1230 train_time:10672ms step_avg:31.11ms
step:344/1230 train_time:10707ms step_avg:31.12ms
step:345/1230 train_time:10733ms step_avg:31.11ms
step:346/1230 train_time:10769ms step_avg:31.12ms
step:347/1230 train_time:10796ms step_avg:31.11ms
step:348/1230 train_time:10831ms step_avg:31.12ms
step:349/1230 train_time:10858ms step_avg:31.11ms
step:350/1230 train_time:10893ms step_avg:31.12ms
step:351/1230 train_time:10920ms step_avg:31.11ms
step:352/1230 train_time:10954ms step_avg:31.12ms
step:353/1230 train_time:10981ms step_avg:31.11ms
step:354/1230 train_time:11016ms step_avg:31.12ms
step:355/1230 train_time:11044ms step_avg:31.11ms
step:356/1230 train_time:11079ms step_avg:31.12ms
step:357/1230 train_time:11105ms step_avg:31.11ms
step:358/1230 train_time:11141ms step_avg:31.12ms
step:359/1230 train_time:11168ms step_avg:31.11ms
step:360/1230 train_time:11203ms step_avg:31.12ms
step:361/1230 train_time:11229ms step_avg:31.11ms
step:362/1230 train_time:11265ms step_avg:31.12ms
step:363/1230 train_time:11292ms step_avg:31.11ms
step:364/1230 train_time:11327ms step_avg:31.12ms
step:365/1230 train_time:11354ms step_avg:31.11ms
step:366/1230 train_time:11389ms step_avg:31.12ms
step:367/1230 train_time:11416ms step_avg:31.11ms
step:368/1230 train_time:11451ms step_avg:31.12ms
step:369/1230 train_time:11478ms step_avg:31.11ms
step:370/1230 train_time:11513ms step_avg:31.12ms
step:371/1230 train_time:11539ms step_avg:31.10ms
step:372/1230 train_time:11574ms step_avg:31.11ms
step:373/1230 train_time:11602ms step_avg:31.10ms
step:374/1230 train_time:11637ms step_avg:31.11ms
step:375/1230 train_time:11664ms step_avg:31.10ms
step:376/1230 train_time:11699ms step_avg:31.11ms
step:377/1230 train_time:11725ms step_avg:31.10ms
step:378/1230 train_time:11760ms step_avg:31.11ms
step:379/1230 train_time:11787ms step_avg:31.10ms
step:380/1230 train_time:11822ms step_avg:31.11ms
step:381/1230 train_time:11849ms step_avg:31.10ms
step:382/1230 train_time:11884ms step_avg:31.11ms
step:383/1230 train_time:11911ms step_avg:31.10ms
step:384/1230 train_time:11946ms step_avg:31.11ms
step:385/1230 train_time:11973ms step_avg:31.10ms
step:386/1230 train_time:12008ms step_avg:31.11ms
step:387/1230 train_time:12035ms step_avg:31.10ms
step:388/1230 train_time:12070ms step_avg:31.11ms
step:389/1230 train_time:12097ms step_avg:31.10ms
step:390/1230 train_time:12132ms step_avg:31.11ms
step:391/1230 train_time:12159ms step_avg:31.10ms
step:392/1230 train_time:12193ms step_avg:31.11ms
step:393/1230 train_time:12221ms step_avg:31.10ms
step:394/1230 train_time:12256ms step_avg:31.11ms
step:395/1230 train_time:12284ms step_avg:31.10ms
step:396/1230 train_time:12318ms step_avg:31.11ms
step:397/1230 train_time:12345ms step_avg:31.10ms
step:398/1230 train_time:12384ms step_avg:31.12ms
step:399/1230 train_time:12435ms step_avg:31.17ms
step:400/1230 train_time:12493ms step_avg:31.23ms
step:401/1230 train_time:12546ms step_avg:31.29ms
step:402/1230 train_time:12604ms step_avg:31.35ms
step:403/1230 train_time:12658ms step_avg:31.41ms
step:404/1230 train_time:12716ms step_avg:31.48ms
step:405/1230 train_time:12770ms step_avg:31.53ms
step:406/1230 train_time:12828ms step_avg:31.60ms
step:407/1230 train_time:12881ms step_avg:31.65ms
step:408/1230 train_time:12940ms step_avg:31.72ms
step:409/1230 train_time:12994ms step_avg:31.77ms
step:410/1230 train_time:13054ms step_avg:31.84ms
step:411/1230 train_time:13107ms step_avg:31.89ms
step:412/1230 train_time:13165ms step_avg:31.95ms
step:413/1230 train_time:13218ms step_avg:32.01ms
step:414/1230 train_time:13278ms step_avg:32.07ms
step:415/1230 train_time:13330ms step_avg:32.12ms
step:416/1230 train_time:13388ms step_avg:32.18ms
step:417/1230 train_time:13441ms step_avg:32.23ms
step:418/1230 train_time:13500ms step_avg:32.30ms
step:419/1230 train_time:13553ms step_avg:32.35ms
step:420/1230 train_time:13612ms step_avg:32.41ms
step:421/1230 train_time:13664ms step_avg:32.46ms
step:422/1230 train_time:13723ms step_avg:32.52ms
step:423/1230 train_time:13777ms step_avg:32.57ms
step:424/1230 train_time:13836ms step_avg:32.63ms
step:425/1230 train_time:13890ms step_avg:32.68ms
step:426/1230 train_time:13948ms step_avg:32.74ms
step:427/1230 train_time:14003ms step_avg:32.79ms
step:428/1230 train_time:14061ms step_avg:32.85ms
step:429/1230 train_time:14115ms step_avg:32.90ms
step:430/1230 train_time:14175ms step_avg:32.96ms
step:431/1230 train_time:14227ms step_avg:33.01ms
step:432/1230 train_time:14286ms step_avg:33.07ms
step:433/1230 train_time:14339ms step_avg:33.12ms
step:434/1230 train_time:14398ms step_avg:33.17ms
step:435/1230 train_time:14450ms step_avg:33.22ms
step:436/1230 train_time:14509ms step_avg:33.28ms
step:437/1230 train_time:14562ms step_avg:33.32ms
step:438/1230 train_time:14621ms step_avg:33.38ms
step:439/1230 train_time:14676ms step_avg:33.43ms
step:440/1230 train_time:14735ms step_avg:33.49ms
step:441/1230 train_time:14787ms step_avg:33.53ms
step:442/1230 train_time:14845ms step_avg:33.59ms
step:443/1230 train_time:14899ms step_avg:33.63ms
step:444/1230 train_time:14957ms step_avg:33.69ms
step:445/1230 train_time:15010ms step_avg:33.73ms
step:446/1230 train_time:15069ms step_avg:33.79ms
step:447/1230 train_time:15122ms step_avg:33.83ms
step:448/1230 train_time:15180ms step_avg:33.88ms
step:449/1230 train_time:15234ms step_avg:33.93ms
step:450/1230 train_time:15293ms step_avg:33.98ms
step:451/1230 train_time:15346ms step_avg:34.03ms
step:452/1230 train_time:15405ms step_avg:34.08ms
step:453/1230 train_time:15457ms step_avg:34.12ms
step:454/1230 train_time:15517ms step_avg:34.18ms
step:455/1230 train_time:15570ms step_avg:34.22ms
step:456/1230 train_time:15628ms step_avg:34.27ms
step:457/1230 train_time:15682ms step_avg:34.31ms
step:458/1230 train_time:15741ms step_avg:34.37ms
step:459/1230 train_time:15794ms step_avg:34.41ms
step:460/1230 train_time:15853ms step_avg:34.46ms
step:461/1230 train_time:15905ms step_avg:34.50ms
step:462/1230 train_time:15964ms step_avg:34.55ms
step:463/1230 train_time:16018ms step_avg:34.60ms
step:464/1230 train_time:16077ms step_avg:34.65ms
step:465/1230 train_time:16129ms step_avg:34.69ms
step:466/1230 train_time:16189ms step_avg:34.74ms
step:467/1230 train_time:16242ms step_avg:34.78ms
step:468/1230 train_time:16301ms step_avg:34.83ms
step:469/1230 train_time:16353ms step_avg:34.87ms
step:470/1230 train_time:16412ms step_avg:34.92ms
step:471/1230 train_time:16464ms step_avg:34.96ms
step:472/1230 train_time:16523ms step_avg:35.01ms
step:473/1230 train_time:16578ms step_avg:35.05ms
step:474/1230 train_time:16637ms step_avg:35.10ms
step:475/1230 train_time:16692ms step_avg:35.14ms
step:476/1230 train_time:16750ms step_avg:35.19ms
step:477/1230 train_time:16803ms step_avg:35.23ms
step:478/1230 train_time:16861ms step_avg:35.27ms
step:479/1230 train_time:16915ms step_avg:35.31ms
step:480/1230 train_time:16974ms step_avg:35.36ms
step:481/1230 train_time:17026ms step_avg:35.40ms
step:482/1230 train_time:17086ms step_avg:35.45ms
step:483/1230 train_time:17139ms step_avg:35.49ms
step:484/1230 train_time:17198ms step_avg:35.53ms
step:485/1230 train_time:17250ms step_avg:35.57ms
step:486/1230 train_time:17309ms step_avg:35.61ms
step:487/1230 train_time:17362ms step_avg:35.65ms
step:488/1230 train_time:17421ms step_avg:35.70ms
step:489/1230 train_time:17475ms step_avg:35.74ms
step:490/1230 train_time:17535ms step_avg:35.79ms
step:491/1230 train_time:17588ms step_avg:35.82ms
step:492/1230 train_time:17645ms step_avg:35.86ms
step:493/1230 train_time:17699ms step_avg:35.90ms
step:494/1230 train_time:17757ms step_avg:35.95ms
step:495/1230 train_time:17810ms step_avg:35.98ms
step:496/1230 train_time:17869ms step_avg:36.03ms
step:497/1230 train_time:17921ms step_avg:36.06ms
step:498/1230 train_time:17981ms step_avg:36.11ms
step:499/1230 train_time:18034ms step_avg:36.14ms
step:500/1230 train_time:18093ms step_avg:36.19ms
step:500/1230 val_loss:4.0873 train_time:18156ms step_avg:36.31ms
step:501/1230 train_time:18179ms step_avg:36.28ms
step:502/1230 train_time:18207ms step_avg:36.27ms
step:503/1230 train_time:18264ms step_avg:36.31ms
step:504/1230 train_time:18324ms step_avg:36.36ms
step:505/1230 train_time:18379ms step_avg:36.39ms
step:506/1230 train_time:18438ms step_avg:36.44ms
step:507/1230 train_time:18491ms step_avg:36.47ms
step:508/1230 train_time:18549ms step_avg:36.51ms
step:509/1230 train_time:18602ms step_avg:36.55ms
step:510/1230 train_time:18659ms step_avg:36.59ms
step:511/1230 train_time:18712ms step_avg:36.62ms
step:512/1230 train_time:18771ms step_avg:36.66ms
step:513/1230 train_time:18824ms step_avg:36.69ms
step:514/1230 train_time:18882ms step_avg:36.73ms
step:515/1230 train_time:18935ms step_avg:36.77ms
step:516/1230 train_time:18993ms step_avg:36.81ms
step:517/1230 train_time:19046ms step_avg:36.84ms
step:518/1230 train_time:19105ms step_avg:36.88ms
step:519/1230 train_time:19158ms step_avg:36.91ms
step:520/1230 train_time:19218ms step_avg:36.96ms
step:521/1230 train_time:19272ms step_avg:36.99ms
step:522/1230 train_time:19332ms step_avg:37.03ms
step:523/1230 train_time:19386ms step_avg:37.07ms
step:524/1230 train_time:19446ms step_avg:37.11ms
step:525/1230 train_time:19499ms step_avg:37.14ms
step:526/1230 train_time:19557ms step_avg:37.18ms
step:527/1230 train_time:19611ms step_avg:37.21ms
step:528/1230 train_time:19669ms step_avg:37.25ms
step:529/1230 train_time:19721ms step_avg:37.28ms
step:530/1230 train_time:19779ms step_avg:37.32ms
step:531/1230 train_time:19832ms step_avg:37.35ms
step:532/1230 train_time:19891ms step_avg:37.39ms
step:533/1230 train_time:19944ms step_avg:37.42ms
step:534/1230 train_time:20004ms step_avg:37.46ms
step:535/1230 train_time:20056ms step_avg:37.49ms
step:536/1230 train_time:20115ms step_avg:37.53ms
step:537/1230 train_time:20168ms step_avg:37.56ms
step:538/1230 train_time:20228ms step_avg:37.60ms
step:539/1230 train_time:20281ms step_avg:37.63ms
step:540/1230 train_time:20340ms step_avg:37.67ms
step:541/1230 train_time:20394ms step_avg:37.70ms
step:542/1230 train_time:20454ms step_avg:37.74ms
step:543/1230 train_time:20509ms step_avg:37.77ms
step:544/1230 train_time:20568ms step_avg:37.81ms
step:545/1230 train_time:20620ms step_avg:37.84ms
step:546/1230 train_time:20678ms step_avg:37.87ms
step:547/1230 train_time:20732ms step_avg:37.90ms
step:548/1230 train_time:20790ms step_avg:37.94ms
step:549/1230 train_time:20842ms step_avg:37.96ms
step:550/1230 train_time:20900ms step_avg:38.00ms
step:551/1230 train_time:20953ms step_avg:38.03ms
step:552/1230 train_time:21012ms step_avg:38.07ms
step:553/1230 train_time:21065ms step_avg:38.09ms
step:554/1230 train_time:21124ms step_avg:38.13ms
step:555/1230 train_time:21177ms step_avg:38.16ms
step:556/1230 train_time:21237ms step_avg:38.20ms
step:557/1230 train_time:21290ms step_avg:38.22ms
step:558/1230 train_time:21350ms step_avg:38.26ms
step:559/1230 train_time:21402ms step_avg:38.29ms
step:560/1230 train_time:21461ms step_avg:38.32ms
step:561/1230 train_time:21515ms step_avg:38.35ms
step:562/1230 train_time:21574ms step_avg:38.39ms
step:563/1230 train_time:21627ms step_avg:38.41ms
step:564/1230 train_time:21686ms step_avg:38.45ms
step:565/1230 train_time:21739ms step_avg:38.48ms
step:566/1230 train_time:21797ms step_avg:38.51ms
step:567/1230 train_time:21850ms step_avg:38.54ms
step:568/1230 train_time:21909ms step_avg:38.57ms
step:569/1230 train_time:21961ms step_avg:38.60ms
step:570/1230 train_time:22020ms step_avg:38.63ms
step:571/1230 train_time:22073ms step_avg:38.66ms
step:572/1230 train_time:22132ms step_avg:38.69ms
step:573/1230 train_time:22185ms step_avg:38.72ms
step:574/1230 train_time:22245ms step_avg:38.75ms
step:575/1230 train_time:22298ms step_avg:38.78ms
step:576/1230 train_time:22357ms step_avg:38.81ms
step:577/1230 train_time:22411ms step_avg:38.84ms
step:578/1230 train_time:22471ms step_avg:38.88ms
step:579/1230 train_time:22524ms step_avg:38.90ms
step:580/1230 train_time:22583ms step_avg:38.94ms
step:581/1230 train_time:22636ms step_avg:38.96ms
step:582/1230 train_time:22695ms step_avg:38.99ms
step:583/1230 train_time:22748ms step_avg:39.02ms
step:584/1230 train_time:22806ms step_avg:39.05ms
step:585/1230 train_time:22859ms step_avg:39.08ms
step:586/1230 train_time:22918ms step_avg:39.11ms
step:587/1230 train_time:22971ms step_avg:39.13ms
step:588/1230 train_time:23029ms step_avg:39.17ms
step:589/1230 train_time:23082ms step_avg:39.19ms
step:590/1230 train_time:23140ms step_avg:39.22ms
step:591/1230 train_time:23194ms step_avg:39.24ms
step:592/1230 train_time:23253ms step_avg:39.28ms
step:593/1230 train_time:23307ms step_avg:39.30ms
step:594/1230 train_time:23366ms step_avg:39.34ms
step:595/1230 train_time:23419ms step_avg:39.36ms
step:596/1230 train_time:23477ms step_avg:39.39ms
step:597/1230 train_time:23531ms step_avg:39.42ms
step:598/1230 train_time:23589ms step_avg:39.45ms
step:599/1230 train_time:23643ms step_avg:39.47ms
step:600/1230 train_time:23702ms step_avg:39.50ms
step:601/1230 train_time:23755ms step_avg:39.53ms
step:602/1230 train_time:23815ms step_avg:39.56ms
step:603/1230 train_time:23868ms step_avg:39.58ms
step:604/1230 train_time:23927ms step_avg:39.61ms
step:605/1230 train_time:23979ms step_avg:39.64ms
step:606/1230 train_time:24038ms step_avg:39.67ms
step:607/1230 train_time:24091ms step_avg:39.69ms
step:608/1230 train_time:24149ms step_avg:39.72ms
step:609/1230 train_time:24204ms step_avg:39.74ms
step:610/1230 train_time:24262ms step_avg:39.77ms
step:611/1230 train_time:24315ms step_avg:39.80ms
step:612/1230 train_time:24374ms step_avg:39.83ms
step:613/1230 train_time:24428ms step_avg:39.85ms
step:614/1230 train_time:24486ms step_avg:39.88ms
step:615/1230 train_time:24540ms step_avg:39.90ms
step:616/1230 train_time:24598ms step_avg:39.93ms
step:617/1230 train_time:24651ms step_avg:39.95ms
step:618/1230 train_time:24711ms step_avg:39.99ms
step:619/1230 train_time:24764ms step_avg:40.01ms
step:620/1230 train_time:24822ms step_avg:40.04ms
step:621/1230 train_time:24875ms step_avg:40.06ms
step:622/1230 train_time:24934ms step_avg:40.09ms
step:623/1230 train_time:24987ms step_avg:40.11ms
step:624/1230 train_time:25046ms step_avg:40.14ms
step:625/1230 train_time:25099ms step_avg:40.16ms
step:626/1230 train_time:25157ms step_avg:40.19ms
step:627/1230 train_time:25212ms step_avg:40.21ms
step:628/1230 train_time:25271ms step_avg:40.24ms
step:629/1230 train_time:25324ms step_avg:40.26ms
step:630/1230 train_time:25382ms step_avg:40.29ms
step:631/1230 train_time:25436ms step_avg:40.31ms
step:632/1230 train_time:25494ms step_avg:40.34ms
step:633/1230 train_time:25548ms step_avg:40.36ms
step:634/1230 train_time:25608ms step_avg:40.39ms
step:635/1230 train_time:25660ms step_avg:40.41ms
step:636/1230 train_time:25720ms step_avg:40.44ms
step:637/1230 train_time:25773ms step_avg:40.46ms
step:638/1230 train_time:25832ms step_avg:40.49ms
step:639/1230 train_time:25884ms step_avg:40.51ms
step:640/1230 train_time:25943ms step_avg:40.54ms
step:641/1230 train_time:25996ms step_avg:40.56ms
step:642/1230 train_time:26055ms step_avg:40.58ms
step:643/1230 train_time:26109ms step_avg:40.60ms
step:644/1230 train_time:26167ms step_avg:40.63ms
step:645/1230 train_time:26220ms step_avg:40.65ms
step:646/1230 train_time:26278ms step_avg:40.68ms
step:647/1230 train_time:26332ms step_avg:40.70ms
step:648/1230 train_time:26390ms step_avg:40.73ms
step:649/1230 train_time:26443ms step_avg:40.74ms
step:650/1230 train_time:26502ms step_avg:40.77ms
step:651/1230 train_time:26555ms step_avg:40.79ms
step:652/1230 train_time:26615ms step_avg:40.82ms
step:653/1230 train_time:26668ms step_avg:40.84ms
step:654/1230 train_time:26727ms step_avg:40.87ms
step:655/1230 train_time:26780ms step_avg:40.88ms
step:656/1230 train_time:26838ms step_avg:40.91ms
step:657/1230 train_time:26891ms step_avg:40.93ms
step:658/1230 train_time:26950ms step_avg:40.96ms
step:659/1230 train_time:27003ms step_avg:40.98ms
step:660/1230 train_time:27062ms step_avg:41.00ms
step:661/1230 train_time:27115ms step_avg:41.02ms
step:662/1230 train_time:27173ms step_avg:41.05ms
step:663/1230 train_time:27227ms step_avg:41.07ms
step:664/1230 train_time:27286ms step_avg:41.09ms
step:665/1230 train_time:27339ms step_avg:41.11ms
step:666/1230 train_time:27397ms step_avg:41.14ms
step:667/1230 train_time:27451ms step_avg:41.16ms
step:668/1230 train_time:27511ms step_avg:41.18ms
step:669/1230 train_time:27563ms step_avg:41.20ms
step:670/1230 train_time:27622ms step_avg:41.23ms
step:671/1230 train_time:27675ms step_avg:41.24ms
step:672/1230 train_time:27733ms step_avg:41.27ms
step:673/1230 train_time:27786ms step_avg:41.29ms
step:674/1230 train_time:27845ms step_avg:41.31ms
step:675/1230 train_time:27899ms step_avg:41.33ms
step:676/1230 train_time:27956ms step_avg:41.36ms
step:677/1230 train_time:28010ms step_avg:41.37ms
step:678/1230 train_time:28068ms step_avg:41.40ms
step:679/1230 train_time:28121ms step_avg:41.42ms
step:680/1230 train_time:28179ms step_avg:41.44ms
step:681/1230 train_time:28232ms step_avg:41.46ms
step:682/1230 train_time:28292ms step_avg:41.48ms
step:683/1230 train_time:28344ms step_avg:41.50ms
step:684/1230 train_time:28404ms step_avg:41.53ms
step:685/1230 train_time:28457ms step_avg:41.54ms
step:686/1230 train_time:28516ms step_avg:41.57ms
step:687/1230 train_time:28569ms step_avg:41.59ms
step:688/1230 train_time:28628ms step_avg:41.61ms
step:689/1230 train_time:28680ms step_avg:41.63ms
step:690/1230 train_time:28739ms step_avg:41.65ms
step:691/1230 train_time:28792ms step_avg:41.67ms
step:692/1230 train_time:28851ms step_avg:41.69ms
step:693/1230 train_time:28904ms step_avg:41.71ms
step:694/1230 train_time:28963ms step_avg:41.73ms
step:695/1230 train_time:29016ms step_avg:41.75ms
step:696/1230 train_time:29075ms step_avg:41.77ms
step:697/1230 train_time:29128ms step_avg:41.79ms
step:698/1230 train_time:29187ms step_avg:41.82ms
step:699/1230 train_time:29241ms step_avg:41.83ms
step:700/1230 train_time:29299ms step_avg:41.86ms
step:701/1230 train_time:29352ms step_avg:41.87ms
step:702/1230 train_time:29411ms step_avg:41.90ms
step:703/1230 train_time:29464ms step_avg:41.91ms
step:704/1230 train_time:29523ms step_avg:41.94ms
step:705/1230 train_time:29576ms step_avg:41.95ms
step:706/1230 train_time:29635ms step_avg:41.98ms
step:707/1230 train_time:29688ms step_avg:41.99ms
step:708/1230 train_time:29747ms step_avg:42.02ms
step:709/1230 train_time:29800ms step_avg:42.03ms
step:710/1230 train_time:29858ms step_avg:42.05ms
step:711/1230 train_time:29912ms step_avg:42.07ms
step:712/1230 train_time:29971ms step_avg:42.09ms
step:713/1230 train_time:30024ms step_avg:42.11ms
step:714/1230 train_time:30083ms step_avg:42.13ms
step:715/1230 train_time:30135ms step_avg:42.15ms
step:716/1230 train_time:30194ms step_avg:42.17ms
step:717/1230 train_time:30248ms step_avg:42.19ms
step:718/1230 train_time:30307ms step_avg:42.21ms
step:719/1230 train_time:30360ms step_avg:42.22ms
step:720/1230 train_time:30418ms step_avg:42.25ms
step:721/1230 train_time:30471ms step_avg:42.26ms
step:722/1230 train_time:30531ms step_avg:42.29ms
step:723/1230 train_time:30584ms step_avg:42.30ms
step:724/1230 train_time:30643ms step_avg:42.32ms
step:725/1230 train_time:30695ms step_avg:42.34ms
step:726/1230 train_time:30755ms step_avg:42.36ms
step:727/1230 train_time:30808ms step_avg:42.38ms
step:728/1230 train_time:30867ms step_avg:42.40ms
step:729/1230 train_time:30921ms step_avg:42.42ms
step:730/1230 train_time:30978ms step_avg:42.44ms
step:731/1230 train_time:31032ms step_avg:42.45ms
step:732/1230 train_time:31090ms step_avg:42.47ms
step:733/1230 train_time:31143ms step_avg:42.49ms
step:734/1230 train_time:31202ms step_avg:42.51ms
step:735/1230 train_time:31255ms step_avg:42.52ms
step:736/1230 train_time:31315ms step_avg:42.55ms
step:737/1230 train_time:31368ms step_avg:42.56ms
step:738/1230 train_time:31426ms step_avg:42.58ms
step:739/1230 train_time:31479ms step_avg:42.60ms
step:740/1230 train_time:31538ms step_avg:42.62ms
step:741/1230 train_time:31591ms step_avg:42.63ms
step:742/1230 train_time:31650ms step_avg:42.66ms
step:743/1230 train_time:31704ms step_avg:42.67ms
step:744/1230 train_time:31761ms step_avg:42.69ms
step:745/1230 train_time:31815ms step_avg:42.70ms
step:746/1230 train_time:31874ms step_avg:42.73ms
step:747/1230 train_time:31928ms step_avg:42.74ms
step:748/1230 train_time:31987ms step_avg:42.76ms
step:749/1230 train_time:32039ms step_avg:42.78ms
step:750/1230 train_time:32097ms step_avg:42.80ms
step:750/1230 val_loss:3.6508 train_time:32160ms step_avg:42.88ms
step:751/1230 train_time:32181ms step_avg:42.85ms
step:752/1230 train_time:32211ms step_avg:42.83ms
step:753/1230 train_time:32266ms step_avg:42.85ms
step:754/1230 train_time:32328ms step_avg:42.88ms
step:755/1230 train_time:32383ms step_avg:42.89ms
step:756/1230 train_time:32442ms step_avg:42.91ms
step:757/1230 train_time:32496ms step_avg:42.93ms
step:758/1230 train_time:32555ms step_avg:42.95ms
step:759/1230 train_time:32608ms step_avg:42.96ms
step:760/1230 train_time:32666ms step_avg:42.98ms
step:761/1230 train_time:32718ms step_avg:42.99ms
step:762/1230 train_time:32776ms step_avg:43.01ms
step:763/1230 train_time:32829ms step_avg:43.03ms
step:764/1230 train_time:32887ms step_avg:43.05ms
step:765/1230 train_time:32940ms step_avg:43.06ms
step:766/1230 train_time:32997ms step_avg:43.08ms
step:767/1230 train_time:33050ms step_avg:43.09ms
step:768/1230 train_time:33108ms step_avg:43.11ms
step:769/1230 train_time:33162ms step_avg:43.12ms
step:770/1230 train_time:33222ms step_avg:43.15ms
step:771/1230 train_time:33277ms step_avg:43.16ms
step:772/1230 train_time:33338ms step_avg:43.18ms
step:773/1230 train_time:33391ms step_avg:43.20ms
step:774/1230 train_time:33450ms step_avg:43.22ms
step:775/1230 train_time:33503ms step_avg:43.23ms
step:776/1230 train_time:33562ms step_avg:43.25ms
step:777/1230 train_time:33615ms step_avg:43.26ms
step:778/1230 train_time:33674ms step_avg:43.28ms
step:779/1230 train_time:33727ms step_avg:43.29ms
step:780/1230 train_time:33785ms step_avg:43.31ms
step:781/1230 train_time:33838ms step_avg:43.33ms
step:782/1230 train_time:33896ms step_avg:43.35ms
step:783/1230 train_time:33949ms step_avg:43.36ms
step:784/1230 train_time:34007ms step_avg:43.38ms
step:785/1230 train_time:34060ms step_avg:43.39ms
step:786/1230 train_time:34119ms step_avg:43.41ms
step:787/1230 train_time:34172ms step_avg:43.42ms
step:788/1230 train_time:34231ms step_avg:43.44ms
step:789/1230 train_time:34284ms step_avg:43.45ms
step:790/1230 train_time:34344ms step_avg:43.47ms
step:791/1230 train_time:34398ms step_avg:43.49ms
step:792/1230 train_time:34457ms step_avg:43.51ms
step:793/1230 train_time:34510ms step_avg:43.52ms
step:794/1230 train_time:34571ms step_avg:43.54ms
step:795/1230 train_time:34651ms step_avg:43.59ms
step:796/1230 train_time:34735ms step_avg:43.64ms
step:797/1230 train_time:34815ms step_avg:43.68ms
step:798/1230 train_time:34899ms step_avg:43.73ms
step:799/1230 train_time:34977ms step_avg:43.78ms
step:800/1230 train_time:35061ms step_avg:43.83ms
step:801/1230 train_time:35139ms step_avg:43.87ms
step:802/1230 train_time:35223ms step_avg:43.92ms
step:803/1230 train_time:35303ms step_avg:43.96ms
step:804/1230 train_time:35388ms step_avg:44.02ms
step:805/1230 train_time:35467ms step_avg:44.06ms
step:806/1230 train_time:35553ms step_avg:44.11ms
step:807/1230 train_time:35630ms step_avg:44.15ms
step:808/1230 train_time:35713ms step_avg:44.20ms
step:809/1230 train_time:35792ms step_avg:44.24ms
step:810/1230 train_time:35876ms step_avg:44.29ms
step:811/1230 train_time:35955ms step_avg:44.33ms
step:812/1230 train_time:36040ms step_avg:44.38ms
step:813/1230 train_time:36119ms step_avg:44.43ms
step:814/1230 train_time:36205ms step_avg:44.48ms
step:815/1230 train_time:36284ms step_avg:44.52ms
step:816/1230 train_time:36369ms step_avg:44.57ms
step:817/1230 train_time:36448ms step_avg:44.61ms
step:818/1230 train_time:36533ms step_avg:44.66ms
step:819/1230 train_time:36612ms step_avg:44.70ms
step:820/1230 train_time:36697ms step_avg:44.75ms
step:821/1230 train_time:36776ms step_avg:44.79ms
step:822/1230 train_time:36861ms step_avg:44.84ms
step:823/1230 train_time:36938ms step_avg:44.88ms
step:824/1230 train_time:37022ms step_avg:44.93ms
step:825/1230 train_time:37101ms step_avg:44.97ms
step:826/1230 train_time:37186ms step_avg:45.02ms
step:827/1230 train_time:37264ms step_avg:45.06ms
step:828/1230 train_time:37350ms step_avg:45.11ms
step:829/1230 train_time:37428ms step_avg:45.15ms
step:830/1230 train_time:37512ms step_avg:45.20ms
step:831/1230 train_time:37592ms step_avg:45.24ms
step:832/1230 train_time:37677ms step_avg:45.28ms
step:833/1230 train_time:37755ms step_avg:45.32ms
step:834/1230 train_time:37838ms step_avg:45.37ms
step:835/1230 train_time:37916ms step_avg:45.41ms
step:836/1230 train_time:38004ms step_avg:45.46ms
step:837/1230 train_time:38082ms step_avg:45.50ms
step:838/1230 train_time:38166ms step_avg:45.54ms
step:839/1230 train_time:38244ms step_avg:45.58ms
step:840/1230 train_time:38328ms step_avg:45.63ms
step:841/1230 train_time:38410ms step_avg:45.67ms
step:842/1230 train_time:38493ms step_avg:45.72ms
step:843/1230 train_time:38573ms step_avg:45.76ms
step:844/1230 train_time:38659ms step_avg:45.80ms
step:845/1230 train_time:38737ms step_avg:45.84ms
step:846/1230 train_time:38821ms step_avg:45.89ms
step:847/1230 train_time:38899ms step_avg:45.93ms
step:848/1230 train_time:38984ms step_avg:45.97ms
step:849/1230 train_time:39062ms step_avg:46.01ms
step:850/1230 train_time:39145ms step_avg:46.05ms
step:851/1230 train_time:39224ms step_avg:46.09ms
step:852/1230 train_time:39310ms step_avg:46.14ms
step:853/1230 train_time:39389ms step_avg:46.18ms
step:854/1230 train_time:39474ms step_avg:46.22ms
step:855/1230 train_time:39553ms step_avg:46.26ms
step:856/1230 train_time:39639ms step_avg:46.31ms
step:857/1230 train_time:39717ms step_avg:46.34ms
step:858/1230 train_time:39802ms step_avg:46.39ms
step:859/1230 train_time:39881ms step_avg:46.43ms
step:860/1230 train_time:39965ms step_avg:46.47ms
step:861/1230 train_time:40044ms step_avg:46.51ms
step:862/1230 train_time:40126ms step_avg:46.55ms
step:863/1230 train_time:40206ms step_avg:46.59ms
step:864/1230 train_time:40290ms step_avg:46.63ms
step:865/1230 train_time:40369ms step_avg:46.67ms
step:866/1230 train_time:40453ms step_avg:46.71ms
step:867/1230 train_time:40532ms step_avg:46.75ms
step:868/1230 train_time:40616ms step_avg:46.79ms
step:869/1230 train_time:40695ms step_avg:46.83ms
step:870/1230 train_time:40780ms step_avg:46.87ms
step:871/1230 train_time:40860ms step_avg:46.91ms
step:872/1230 train_time:40944ms step_avg:46.95ms
step:873/1230 train_time:41023ms step_avg:46.99ms
step:874/1230 train_time:41108ms step_avg:47.03ms
step:875/1230 train_time:41185ms step_avg:47.07ms
step:876/1230 train_time:41271ms step_avg:47.11ms
step:877/1230 train_time:41350ms step_avg:47.15ms
step:878/1230 train_time:41432ms step_avg:47.19ms
step:879/1230 train_time:41512ms step_avg:47.23ms
step:880/1230 train_time:41596ms step_avg:47.27ms
step:881/1230 train_time:41675ms step_avg:47.30ms
step:882/1230 train_time:41761ms step_avg:47.35ms
step:883/1230 train_time:41839ms step_avg:47.38ms
step:884/1230 train_time:41923ms step_avg:47.42ms
step:885/1230 train_time:42005ms step_avg:47.46ms
step:886/1230 train_time:42089ms step_avg:47.50ms
step:887/1230 train_time:42167ms step_avg:47.54ms
step:888/1230 train_time:42250ms step_avg:47.58ms
step:889/1230 train_time:42327ms step_avg:47.61ms
step:890/1230 train_time:42412ms step_avg:47.65ms
step:891/1230 train_time:42491ms step_avg:47.69ms
step:892/1230 train_time:42576ms step_avg:47.73ms
step:893/1230 train_time:42654ms step_avg:47.76ms
step:894/1230 train_time:42738ms step_avg:47.81ms
step:895/1230 train_time:42817ms step_avg:47.84ms
step:896/1230 train_time:42902ms step_avg:47.88ms
step:897/1230 train_time:42983ms step_avg:47.92ms
step:898/1230 train_time:43067ms step_avg:47.96ms
step:899/1230 train_time:43146ms step_avg:47.99ms
step:900/1230 train_time:43230ms step_avg:48.03ms
step:901/1230 train_time:43309ms step_avg:48.07ms
step:902/1230 train_time:43393ms step_avg:48.11ms
step:903/1230 train_time:43471ms step_avg:48.14ms
step:904/1230 train_time:43555ms step_avg:48.18ms
step:905/1230 train_time:43633ms step_avg:48.21ms
step:906/1230 train_time:43718ms step_avg:48.25ms
step:907/1230 train_time:43796ms step_avg:48.29ms
step:908/1230 train_time:43881ms step_avg:48.33ms
step:909/1230 train_time:43960ms step_avg:48.36ms
step:910/1230 train_time:44044ms step_avg:48.40ms
step:911/1230 train_time:44123ms step_avg:48.43ms
step:912/1230 train_time:44208ms step_avg:48.47ms
step:913/1230 train_time:44288ms step_avg:48.51ms
step:914/1230 train_time:44372ms step_avg:48.55ms
step:915/1230 train_time:44450ms step_avg:48.58ms
step:916/1230 train_time:44534ms step_avg:48.62ms
step:917/1230 train_time:44613ms step_avg:48.65ms
step:918/1230 train_time:44699ms step_avg:48.69ms
step:919/1230 train_time:44777ms step_avg:48.72ms
step:920/1230 train_time:44862ms step_avg:48.76ms
step:921/1230 train_time:44941ms step_avg:48.80ms
step:922/1230 train_time:45026ms step_avg:48.83ms
step:923/1230 train_time:45105ms step_avg:48.87ms
step:924/1230 train_time:45190ms step_avg:48.91ms
step:925/1230 train_time:45268ms step_avg:48.94ms
step:926/1230 train_time:45352ms step_avg:48.98ms
step:927/1230 train_time:45430ms step_avg:49.01ms
step:928/1230 train_time:45515ms step_avg:49.05ms
step:929/1230 train_time:45594ms step_avg:49.08ms
step:930/1230 train_time:45681ms step_avg:49.12ms
step:931/1230 train_time:45761ms step_avg:49.15ms
step:932/1230 train_time:45845ms step_avg:49.19ms
step:933/1230 train_time:45922ms step_avg:49.22ms
step:934/1230 train_time:46008ms step_avg:49.26ms
step:935/1230 train_time:46087ms step_avg:49.29ms
step:936/1230 train_time:46171ms step_avg:49.33ms
step:937/1230 train_time:46249ms step_avg:49.36ms
step:938/1230 train_time:46333ms step_avg:49.40ms
step:939/1230 train_time:46411ms step_avg:49.43ms
step:940/1230 train_time:46496ms step_avg:49.46ms
step:941/1230 train_time:46575ms step_avg:49.50ms
step:942/1230 train_time:46660ms step_avg:49.53ms
step:943/1230 train_time:46737ms step_avg:49.56ms
step:944/1230 train_time:46821ms step_avg:49.60ms
step:945/1230 train_time:46900ms step_avg:49.63ms
step:946/1230 train_time:46984ms step_avg:49.67ms
step:947/1230 train_time:47064ms step_avg:49.70ms
step:948/1230 train_time:47149ms step_avg:49.73ms
step:949/1230 train_time:47227ms step_avg:49.77ms
step:950/1230 train_time:47312ms step_avg:49.80ms
step:951/1230 train_time:47390ms step_avg:49.83ms
step:952/1230 train_time:47476ms step_avg:49.87ms
step:953/1230 train_time:47554ms step_avg:49.90ms
step:954/1230 train_time:47638ms step_avg:49.94ms
step:955/1230 train_time:47716ms step_avg:49.96ms
step:956/1230 train_time:47801ms step_avg:50.00ms
step:957/1230 train_time:47880ms step_avg:50.03ms
step:958/1230 train_time:47964ms step_avg:50.07ms
step:959/1230 train_time:48042ms step_avg:50.10ms
step:960/1230 train_time:48127ms step_avg:50.13ms
step:961/1230 train_time:48206ms step_avg:50.16ms
step:962/1230 train_time:48291ms step_avg:50.20ms
step:963/1230 train_time:48371ms step_avg:50.23ms
step:964/1230 train_time:48455ms step_avg:50.26ms
step:965/1230 train_time:48534ms step_avg:50.29ms
step:966/1230 train_time:48618ms step_avg:50.33ms
step:967/1230 train_time:48697ms step_avg:50.36ms
step:968/1230 train_time:48782ms step_avg:50.40ms
step:969/1230 train_time:48862ms step_avg:50.42ms
step:970/1230 train_time:48945ms step_avg:50.46ms
step:971/1230 train_time:49023ms step_avg:50.49ms
step:972/1230 train_time:49109ms step_avg:50.52ms
step:973/1230 train_time:49187ms step_avg:50.55ms
step:974/1230 train_time:49273ms step_avg:50.59ms
step:975/1230 train_time:49352ms step_avg:50.62ms
step:976/1230 train_time:49436ms step_avg:50.65ms
step:977/1230 train_time:49513ms step_avg:50.68ms
step:978/1230 train_time:49597ms step_avg:50.71ms
step:979/1230 train_time:49676ms step_avg:50.74ms
step:980/1230 train_time:49763ms step_avg:50.78ms
step:981/1230 train_time:49841ms step_avg:50.81ms
step:982/1230 train_time:49924ms step_avg:50.84ms
step:983/1230 train_time:50004ms step_avg:50.87ms
step:984/1230 train_time:50090ms step_avg:50.90ms
step:985/1230 train_time:50170ms step_avg:50.93ms
step:986/1230 train_time:50254ms step_avg:50.97ms
step:987/1230 train_time:50333ms step_avg:51.00ms
step:988/1230 train_time:50416ms step_avg:51.03ms
step:989/1230 train_time:50495ms step_avg:51.06ms
step:990/1230 train_time:50579ms step_avg:51.09ms
step:991/1230 train_time:50657ms step_avg:51.12ms
step:992/1230 train_time:50742ms step_avg:51.15ms
step:993/1230 train_time:50820ms step_avg:51.18ms
step:994/1230 train_time:50905ms step_avg:51.21ms
step:995/1230 train_time:50984ms step_avg:51.24ms
step:996/1230 train_time:51068ms step_avg:51.27ms
step:997/1230 train_time:51147ms step_avg:51.30ms
step:998/1230 train_time:51234ms step_avg:51.34ms
step:999/1230 train_time:51313ms step_avg:51.36ms
step:1000/1230 train_time:51397ms step_avg:51.40ms
step:1000/1230 val_loss:3.4264 train_time:51486ms step_avg:51.49ms
step:1001/1230 train_time:51512ms step_avg:51.46ms
step:1002/1230 train_time:51565ms step_avg:51.46ms
step:1003/1230 train_time:51644ms step_avg:51.49ms
step:1004/1230 train_time:51732ms step_avg:51.53ms
step:1005/1230 train_time:51812ms step_avg:51.55ms
step:1006/1230 train_time:51898ms step_avg:51.59ms
step:1007/1230 train_time:51975ms step_avg:51.61ms
step:1008/1230 train_time:52058ms step_avg:51.64ms
step:1009/1230 train_time:52135ms step_avg:51.67ms
step:1010/1230 train_time:52220ms step_avg:51.70ms
step:1011/1230 train_time:52298ms step_avg:51.73ms
step:1012/1230 train_time:52381ms step_avg:51.76ms
step:1013/1230 train_time:52460ms step_avg:51.79ms
step:1014/1230 train_time:52544ms step_avg:51.82ms
step:1015/1230 train_time:52626ms step_avg:51.85ms
step:1016/1230 train_time:52712ms step_avg:51.88ms
step:1017/1230 train_time:52792ms step_avg:51.91ms
step:1018/1230 train_time:52879ms step_avg:51.94ms
step:1019/1230 train_time:52956ms step_avg:51.97ms
step:1020/1230 train_time:53040ms step_avg:52.00ms
step:1021/1230 train_time:53116ms step_avg:52.02ms
step:1022/1230 train_time:53201ms step_avg:52.06ms
step:1023/1230 train_time:53279ms step_avg:52.08ms
step:1024/1230 train_time:53362ms step_avg:52.11ms
step:1025/1230 train_time:53442ms step_avg:52.14ms
step:1026/1230 train_time:53526ms step_avg:52.17ms
step:1027/1230 train_time:53606ms step_avg:52.20ms
step:1028/1230 train_time:53692ms step_avg:52.23ms
step:1029/1230 train_time:53771ms step_avg:52.26ms
step:1030/1230 train_time:53856ms step_avg:52.29ms
step:1031/1230 train_time:53934ms step_avg:52.31ms
step:1032/1230 train_time:54018ms step_avg:52.34ms
step:1033/1230 train_time:54095ms step_avg:52.37ms
step:1034/1230 train_time:54181ms step_avg:52.40ms
step:1035/1230 train_time:54259ms step_avg:52.42ms
step:1036/1230 train_time:54342ms step_avg:52.45ms
step:1037/1230 train_time:54422ms step_avg:52.48ms
step:1038/1230 train_time:54508ms step_avg:52.51ms
step:1039/1230 train_time:54587ms step_avg:52.54ms
step:1040/1230 train_time:54672ms step_avg:52.57ms
step:1041/1230 train_time:54752ms step_avg:52.60ms
step:1042/1230 train_time:54836ms step_avg:52.63ms
step:1043/1230 train_time:54915ms step_avg:52.65ms
step:1044/1230 train_time:54999ms step_avg:52.68ms
step:1045/1230 train_time:55078ms step_avg:52.71ms
step:1046/1230 train_time:55161ms step_avg:52.73ms
step:1047/1230 train_time:55241ms step_avg:52.76ms
step:1048/1230 train_time:55326ms step_avg:52.79ms
step:1049/1230 train_time:55405ms step_avg:52.82ms
step:1050/1230 train_time:55490ms step_avg:52.85ms
step:1051/1230 train_time:55569ms step_avg:52.87ms
step:1052/1230 train_time:55654ms step_avg:52.90ms
step:1053/1230 train_time:55733ms step_avg:52.93ms
step:1054/1230 train_time:55818ms step_avg:52.96ms
step:1055/1230 train_time:55908ms step_avg:52.99ms
step:1056/1230 train_time:55982ms step_avg:53.01ms
step:1057/1230 train_time:56060ms step_avg:53.04ms
step:1058/1230 train_time:56144ms step_avg:53.07ms
step:1059/1230 train_time:56223ms step_avg:53.09ms
step:1060/1230 train_time:56308ms step_avg:53.12ms
step:1061/1230 train_time:56387ms step_avg:53.15ms
step:1062/1230 train_time:56472ms step_avg:53.18ms
step:1063/1230 train_time:56550ms step_avg:53.20ms
step:1064/1230 train_time:56634ms step_avg:53.23ms
step:1065/1230 train_time:56714ms step_avg:53.25ms
step:1066/1230 train_time:56798ms step_avg:53.28ms
step:1067/1230 train_time:56877ms step_avg:53.31ms
step:1068/1230 train_time:56961ms step_avg:53.33ms
step:1069/1230 train_time:57039ms step_avg:53.36ms
step:1070/1230 train_time:57122ms step_avg:53.39ms
step:1071/1230 train_time:57201ms step_avg:53.41ms
step:1072/1230 train_time:57285ms step_avg:53.44ms
step:1073/1230 train_time:57365ms step_avg:53.46ms
step:1074/1230 train_time:57449ms step_avg:53.49ms
step:1075/1230 train_time:57527ms step_avg:53.51ms
step:1076/1230 train_time:57612ms step_avg:53.54ms
step:1077/1230 train_time:57691ms step_avg:53.57ms
step:1078/1230 train_time:57779ms step_avg:53.60ms
step:1079/1230 train_time:57856ms step_avg:53.62ms
step:1080/1230 train_time:57940ms step_avg:53.65ms
step:1081/1230 train_time:58018ms step_avg:53.67ms
step:1082/1230 train_time:58102ms step_avg:53.70ms
step:1083/1230 train_time:58181ms step_avg:53.72ms
step:1084/1230 train_time:58266ms step_avg:53.75ms
step:1085/1230 train_time:58343ms step_avg:53.77ms
step:1086/1230 train_time:58428ms step_avg:53.80ms
step:1087/1230 train_time:58507ms step_avg:53.82ms
step:1088/1230 train_time:58591ms step_avg:53.85ms
step:1089/1230 train_time:58671ms step_avg:53.88ms
step:1090/1230 train_time:58754ms step_avg:53.90ms
step:1091/1230 train_time:58834ms step_avg:53.93ms
step:1092/1230 train_time:58918ms step_avg:53.95ms
step:1093/1230 train_time:58997ms step_avg:53.98ms
step:1094/1230 train_time:59081ms step_avg:54.00ms
step:1095/1230 train_time:59160ms step_avg:54.03ms
step:1096/1230 train_time:59246ms step_avg:54.06ms
step:1097/1230 train_time:59324ms step_avg:54.08ms
step:1098/1230 train_time:59408ms step_avg:54.11ms
step:1099/1230 train_time:59487ms step_avg:54.13ms
step:1100/1230 train_time:59572ms step_avg:54.16ms
step:1101/1230 train_time:59651ms step_avg:54.18ms
step:1102/1230 train_time:59735ms step_avg:54.21ms
step:1103/1230 train_time:59816ms step_avg:54.23ms
step:1104/1230 train_time:59900ms step_avg:54.26ms
step:1105/1230 train_time:59980ms step_avg:54.28ms
step:1106/1230 train_time:60064ms step_avg:54.31ms
step:1107/1230 train_time:60144ms step_avg:54.33ms
step:1108/1230 train_time:60227ms step_avg:54.36ms
step:1109/1230 train_time:60305ms step_avg:54.38ms
step:1110/1230 train_time:60391ms step_avg:54.41ms
step:1111/1230 train_time:60469ms step_avg:54.43ms
step:1112/1230 train_time:60552ms step_avg:54.45ms
step:1113/1230 train_time:60632ms step_avg:54.48ms
step:1114/1230 train_time:60716ms step_avg:54.50ms
step:1115/1230 train_time:60794ms step_avg:54.52ms
step:1116/1230 train_time:60881ms step_avg:54.55ms
step:1117/1230 train_time:60959ms step_avg:54.57ms
step:1118/1230 train_time:61043ms step_avg:54.60ms
step:1119/1230 train_time:61123ms step_avg:54.62ms
step:1120/1230 train_time:61206ms step_avg:54.65ms
step:1121/1230 train_time:61285ms step_avg:54.67ms
step:1122/1230 train_time:61370ms step_avg:54.70ms
step:1123/1230 train_time:61448ms step_avg:54.72ms
step:1124/1230 train_time:61533ms step_avg:54.74ms
step:1125/1230 train_time:61613ms step_avg:54.77ms
step:1126/1230 train_time:61698ms step_avg:54.79ms
step:1127/1230 train_time:61776ms step_avg:54.81ms
step:1128/1230 train_time:61861ms step_avg:54.84ms
step:1129/1230 train_time:61940ms step_avg:54.86ms
step:1130/1230 train_time:62024ms step_avg:54.89ms
step:1131/1230 train_time:62102ms step_avg:54.91ms
step:1132/1230 train_time:62188ms step_avg:54.94ms
step:1133/1230 train_time:62264ms step_avg:54.95ms
step:1134/1230 train_time:62348ms step_avg:54.98ms
step:1135/1230 train_time:62428ms step_avg:55.00ms
step:1136/1230 train_time:62514ms step_avg:55.03ms
step:1137/1230 train_time:62592ms step_avg:55.05ms
step:1138/1230 train_time:62679ms step_avg:55.08ms
step:1139/1230 train_time:62756ms step_avg:55.10ms
step:1140/1230 train_time:62839ms step_avg:55.12ms
step:1141/1230 train_time:62918ms step_avg:55.14ms
step:1142/1230 train_time:63002ms step_avg:55.17ms
step:1143/1230 train_time:63082ms step_avg:55.19ms
step:1144/1230 train_time:63165ms step_avg:55.21ms
step:1145/1230 train_time:63245ms step_avg:55.24ms
step:1146/1230 train_time:63329ms step_avg:55.26ms
step:1147/1230 train_time:63408ms step_avg:55.28ms
step:1148/1230 train_time:63492ms step_avg:55.31ms
step:1149/1230 train_time:63571ms step_avg:55.33ms
step:1150/1230 train_time:63656ms step_avg:55.35ms
step:1151/1230 train_time:63735ms step_avg:55.37ms
step:1152/1230 train_time:63822ms step_avg:55.40ms
step:1153/1230 train_time:63900ms step_avg:55.42ms
step:1154/1230 train_time:63983ms step_avg:55.44ms
step:1155/1230 train_time:64062ms step_avg:55.46ms
step:1156/1230 train_time:64146ms step_avg:55.49ms
step:1157/1230 train_time:64225ms step_avg:55.51ms
step:1158/1230 train_time:64310ms step_avg:55.54ms
step:1159/1230 train_time:64389ms step_avg:55.56ms
step:1160/1230 train_time:64474ms step_avg:55.58ms
step:1161/1230 train_time:64552ms step_avg:55.60ms
step:1162/1230 train_time:64636ms step_avg:55.62ms
step:1163/1230 train_time:64714ms step_avg:55.64ms
step:1164/1230 train_time:64799ms step_avg:55.67ms
step:1165/1230 train_time:64879ms step_avg:55.69ms
step:1166/1230 train_time:64962ms step_avg:55.71ms
step:1167/1230 train_time:65040ms step_avg:55.73ms
step:1168/1230 train_time:65124ms step_avg:55.76ms
step:1169/1230 train_time:65203ms step_avg:55.78ms
step:1170/1230 train_time:65289ms step_avg:55.80ms
step:1171/1230 train_time:65368ms step_avg:55.82ms
step:1172/1230 train_time:65451ms step_avg:55.85ms
step:1173/1230 train_time:65531ms step_avg:55.87ms
step:1174/1230 train_time:65616ms step_avg:55.89ms
step:1175/1230 train_time:65696ms step_avg:55.91ms
step:1176/1230 train_time:65780ms step_avg:55.94ms
step:1177/1230 train_time:65859ms step_avg:55.95ms
step:1178/1230 train_time:65942ms step_avg:55.98ms
step:1179/1230 train_time:66023ms step_avg:56.00ms
step:1180/1230 train_time:66108ms step_avg:56.02ms
step:1181/1230 train_time:66186ms step_avg:56.04ms
step:1182/1230 train_time:66269ms step_avg:56.07ms
step:1183/1230 train_time:66347ms step_avg:56.08ms
step:1184/1230 train_time:66431ms step_avg:56.11ms
step:1185/1230 train_time:66511ms step_avg:56.13ms
step:1186/1230 train_time:66597ms step_avg:56.15ms
step:1187/1230 train_time:66676ms step_avg:56.17ms
step:1188/1230 train_time:66760ms step_avg:56.20ms
step:1189/1230 train_time:66838ms step_avg:56.21ms
step:1190/1230 train_time:66922ms step_avg:56.24ms
step:1191/1230 train_time:67002ms step_avg:56.26ms
step:1192/1230 train_time:67092ms step_avg:56.29ms
step:1193/1230 train_time:67173ms step_avg:56.31ms
step:1194/1230 train_time:67258ms step_avg:56.33ms
step:1195/1230 train_time:67337ms step_avg:56.35ms
step:1196/1230 train_time:67423ms step_avg:56.37ms
step:1197/1230 train_time:67502ms step_avg:56.39ms
step:1198/1230 train_time:67588ms step_avg:56.42ms
step:1199/1230 train_time:67666ms step_avg:56.44ms
step:1200/1230 train_time:67750ms step_avg:56.46ms
step:1201/1230 train_time:67830ms step_avg:56.48ms
step:1202/1230 train_time:67915ms step_avg:56.50ms
step:1203/1230 train_time:67996ms step_avg:56.52ms
step:1204/1230 train_time:68081ms step_avg:56.55ms
step:1205/1230 train_time:68160ms step_avg:56.56ms
step:1206/1230 train_time:68245ms step_avg:56.59ms
step:1207/1230 train_time:68324ms step_avg:56.61ms
step:1208/1230 train_time:68410ms step_avg:56.63ms
step:1209/1230 train_time:68490ms step_avg:56.65ms
step:1210/1230 train_time:68574ms step_avg:56.67ms
step:1211/1230 train_time:68651ms step_avg:56.69ms
step:1212/1230 train_time:68735ms step_avg:56.71ms
step:1213/1230 train_time:68816ms step_avg:56.73ms
step:1214/1230 train_time:68901ms step_avg:56.76ms
step:1215/1230 train_time:68980ms step_avg:56.77ms
step:1216/1230 train_time:69064ms step_avg:56.80ms
step:1217/1230 train_time:69143ms step_avg:56.81ms
step:1218/1230 train_time:69228ms step_avg:56.84ms
step:1219/1230 train_time:69307ms step_avg:56.86ms
step:1220/1230 train_time:69390ms step_avg:56.88ms
step:1221/1230 train_time:69470ms step_avg:56.90ms
step:1222/1230 train_time:69555ms step_avg:56.92ms
step:1223/1230 train_time:69633ms step_avg:56.94ms
step:1224/1230 train_time:69718ms step_avg:56.96ms
step:1225/1230 train_time:69796ms step_avg:56.98ms
step:1226/1230 train_time:69880ms step_avg:57.00ms
step:1227/1230 train_time:69959ms step_avg:57.02ms
step:1228/1230 train_time:70045ms step_avg:57.04ms
step:1229/1230 train_time:70123ms step_avg:57.06ms
step:1230/1230 train_time:70208ms step_avg:57.08ms
step:1230/1230 val_loss:3.3164 train_time:70299ms step_avg:57.15ms
peak memory allocated: 31333 MiB reserved: 45690 MiB
