W0420 03:48:00.035000 60730 torch/distributed/run.py:852] 
W0420 03:48:00.035000 60730 torch/distributed/run.py:852] *****************************************
W0420 03:48:00.035000 60730 torch/distributed/run.py:852] Setting OMP_NUM_THREADS environment variable for each process to be 1 in default, to avoid your system being overloaded, please further tune the variable for optimal performance in your application as needed. 
W0420 03:48:00.035000 60730 torch/distributed/run.py:852] *****************************************
[Gloo] Rank 0 is connected to 7 peer ranks. Expected number of connected peer ranks is : 7
[Gloo] Rank [Gloo] Rank 1[Gloo] Rank 4 is connected to 2 is connected to 7 is connected to 7 peer ranks. [Gloo] Rank 7 peer ranks. Expected number of connected peer ranks is : 3 peer ranks. Expected number of connected peer ranks is : 7 is connected to Expected number of connected peer ranks is : 7
77
 peer ranks. 
[Gloo] Rank Expected number of connected peer ranks is : 57 is connected to 
7 peer ranks. Expected number of connected peer ranks is : 7
[Gloo] Rank [Gloo] Rank 6 is connected to 7 peer ranks. Expected number of connected peer ranks is : 7
7 is connected to 7 peer ranks. Expected number of connected peer ranks is : 7
Warning: You are sending unauthenticated requests to the HF Hub. Please set a HF_TOKEN to enable higher rate limits and faster downloads.
Warning: You are sending unauthenticated requests to the HF Hub. Please set a HF_TOKEN to enable higher rate limits and faster downloads.
Warning: You are sending unauthenticated requests to the HF Hub. Please set a HF_TOKEN to enable higher rate limits and faster downloads.
Fetching 4 files:   0%|          | 0/4 [00:00<?, ?it/s]Fetching 4 files: 100%|██████████| 4/4 [00:00<00:00, 5646.99it/s]
Fetching 4 files:   0%|          | 0/4 [00:00<?, ?it/s]Fetching 4 files: 100%|██████████| 4/4 [00:00<00:00, 5607.36it/s]
Fetching 4 files:   0%|          | 0/4 [00:00<?, ?it/s]Fetching 4 files:   0%|          | 0/4 [00:00<?, ?it/s]Fetching 4 files: 100%|██████████| 4/4 [00:00<00:00, 5422.50it/s]
Fetching 4 files: 100%|██████████| 4/4 [00:00<00:00, 5664.15it/s]
Fetching 4 files:   0%|          | 0/4 [00:00<?, ?it/s]Fetching 4 files: 100%|██████████| 4/4 [00:00<00:00, 24105.20it/s]
Fetching 4 files:   0%|          | 0/4 [00:00<?, ?it/s]Fetching 4 files:   0%|          | 0/4 [00:00<?, ?it/s]Fetching 4 files: 100%|██████████| 4/4 [00:00<00:00, 24244.53it/s]
Fetching 4 files: 100%|██████████| 4/4 [00:00<00:00, 5710.42it/s]
logs/c8698391-e9df-4467-93a4-be3c1a24b82e.txt
Fetching 4 files:   0%|          | 0/4 [00:00<?, ?it/s]Fetching 4 files: 100%|██████████| 4/4 [00:00<00:00, 5609.23it/s]
Compiling model and warming up kernels (~7 minutes on first execution)
Sampling steps [0, 1, 391, 392, 393, 394, 785, 786, 787, 788, 1178, 1179, 1180, 1181] for warmup
Resetting Model
step:0/1220 val_loss:10.8275 train_time:0ms step_avg:0.04ms
step:1/1220 train_time:93ms step_avg:92.92ms
step:2/1220 train_time:119ms step_avg:59.56ms
step:3/1220 train_time:141ms step_avg:46.86ms
step:4/1220 train_time:169ms step_avg:42.27ms
step:5/1220 train_time:190ms step_avg:38.01ms
step:6/1220 train_time:224ms step_avg:37.32ms
step:7/1220 train_time:251ms step_avg:35.79ms
step:8/1220 train_time:286ms step_avg:35.69ms
step:9/1220 train_time:312ms step_avg:34.68ms
step:10/1220 train_time:348ms step_avg:34.76ms
step:11/1220 train_time:374ms step_avg:34.01ms
step:12/1220 train_time:409ms step_avg:34.08ms
step:13/1220 train_time:436ms step_avg:33.52ms
step:14/1220 train_time:470ms step_avg:33.61ms
step:15/1220 train_time:497ms step_avg:33.16ms
step:16/1220 train_time:532ms step_avg:33.27ms
step:17/1220 train_time:559ms step_avg:32.90ms
step:18/1220 train_time:594ms step_avg:33.01ms
step:19/1220 train_time:622ms step_avg:32.71ms
step:20/1220 train_time:656ms step_avg:32.81ms
step:21/1220 train_time:683ms step_avg:32.52ms
step:22/1220 train_time:718ms step_avg:32.64ms
step:23/1220 train_time:746ms step_avg:32.42ms
step:24/1220 train_time:780ms step_avg:32.52ms
step:25/1220 train_time:807ms step_avg:32.29ms
step:26/1220 train_time:843ms step_avg:32.42ms
step:27/1220 train_time:870ms step_avg:32.21ms
step:28/1220 train_time:905ms step_avg:32.32ms
step:29/1220 train_time:932ms step_avg:32.13ms
step:30/1220 train_time:967ms step_avg:32.23ms
step:31/1220 train_time:994ms step_avg:32.06ms
step:32/1220 train_time:1029ms step_avg:32.16ms
step:33/1220 train_time:1057ms step_avg:32.02ms
step:34/1220 train_time:1093ms step_avg:32.13ms
step:35/1220 train_time:1121ms step_avg:32.02ms
step:36/1220 train_time:1157ms step_avg:32.13ms
step:37/1220 train_time:1184ms step_avg:32.01ms
step:38/1220 train_time:1220ms step_avg:32.11ms
step:39/1220 train_time:1248ms step_avg:32.00ms
step:40/1220 train_time:1283ms step_avg:32.08ms
step:41/1220 train_time:1310ms step_avg:31.96ms
step:42/1220 train_time:1345ms step_avg:32.03ms
step:43/1220 train_time:1372ms step_avg:31.91ms
step:44/1220 train_time:1407ms step_avg:31.98ms
step:45/1220 train_time:1434ms step_avg:31.87ms
step:46/1220 train_time:1469ms step_avg:31.93ms
step:47/1220 train_time:1496ms step_avg:31.83ms
step:48/1220 train_time:1531ms step_avg:31.90ms
step:49/1220 train_time:1558ms step_avg:31.80ms
step:50/1220 train_time:1593ms step_avg:31.86ms
step:51/1220 train_time:1620ms step_avg:31.76ms
step:52/1220 train_time:1655ms step_avg:31.83ms
step:53/1220 train_time:1682ms step_avg:31.74ms
step:54/1220 train_time:1717ms step_avg:31.80ms
step:55/1220 train_time:1744ms step_avg:31.71ms
step:56/1220 train_time:1779ms step_avg:31.77ms
step:57/1220 train_time:1806ms step_avg:31.69ms
step:58/1220 train_time:1841ms step_avg:31.75ms
step:59/1220 train_time:1868ms step_avg:31.67ms
step:60/1220 train_time:1903ms step_avg:31.72ms
step:61/1220 train_time:1931ms step_avg:31.66ms
step:62/1220 train_time:1965ms step_avg:31.70ms
step:63/1220 train_time:1992ms step_avg:31.62ms
step:64/1220 train_time:2027ms step_avg:31.68ms
step:65/1220 train_time:2054ms step_avg:31.60ms
step:66/1220 train_time:2089ms step_avg:31.65ms
step:67/1220 train_time:2116ms step_avg:31.58ms
step:68/1220 train_time:2151ms step_avg:31.64ms
step:69/1220 train_time:2179ms step_avg:31.58ms
step:70/1220 train_time:2214ms step_avg:31.63ms
step:71/1220 train_time:2242ms step_avg:31.58ms
step:72/1220 train_time:2277ms step_avg:31.62ms
step:73/1220 train_time:2304ms step_avg:31.57ms
step:74/1220 train_time:2340ms step_avg:31.62ms
step:75/1220 train_time:2367ms step_avg:31.56ms
step:76/1220 train_time:2402ms step_avg:31.61ms
step:77/1220 train_time:2429ms step_avg:31.55ms
step:78/1220 train_time:2464ms step_avg:31.60ms
step:79/1220 train_time:2491ms step_avg:31.53ms
step:80/1220 train_time:2526ms step_avg:31.58ms
step:81/1220 train_time:2553ms step_avg:31.52ms
step:82/1220 train_time:2588ms step_avg:31.56ms
step:83/1220 train_time:2615ms step_avg:31.50ms
step:84/1220 train_time:2650ms step_avg:31.55ms
step:85/1220 train_time:2676ms step_avg:31.49ms
step:86/1220 train_time:2711ms step_avg:31.53ms
step:87/1220 train_time:2739ms step_avg:31.48ms
step:88/1220 train_time:2774ms step_avg:31.52ms
step:89/1220 train_time:2801ms step_avg:31.47ms
step:90/1220 train_time:2837ms step_avg:31.52ms
step:91/1220 train_time:2863ms step_avg:31.46ms
step:92/1220 train_time:2898ms step_avg:31.50ms
step:93/1220 train_time:2925ms step_avg:31.46ms
step:94/1220 train_time:2961ms step_avg:31.50ms
step:95/1220 train_time:2988ms step_avg:31.45ms
step:96/1220 train_time:3023ms step_avg:31.49ms
step:97/1220 train_time:3050ms step_avg:31.45ms
step:98/1220 train_time:3085ms step_avg:31.48ms
step:99/1220 train_time:3112ms step_avg:31.44ms
step:100/1220 train_time:3147ms step_avg:31.47ms
step:101/1220 train_time:3174ms step_avg:31.43ms
step:102/1220 train_time:3209ms step_avg:31.46ms
step:103/1220 train_time:3236ms step_avg:31.42ms
step:104/1220 train_time:3271ms step_avg:31.45ms
step:105/1220 train_time:3299ms step_avg:31.41ms
step:106/1220 train_time:3333ms step_avg:31.45ms
step:107/1220 train_time:3361ms step_avg:31.41ms
step:108/1220 train_time:3396ms step_avg:31.45ms
step:109/1220 train_time:3423ms step_avg:31.40ms
step:110/1220 train_time:3458ms step_avg:31.44ms
step:111/1220 train_time:3485ms step_avg:31.40ms
step:112/1220 train_time:3520ms step_avg:31.43ms
step:113/1220 train_time:3547ms step_avg:31.39ms
step:114/1220 train_time:3583ms step_avg:31.43ms
step:115/1220 train_time:3609ms step_avg:31.39ms
step:116/1220 train_time:3645ms step_avg:31.42ms
step:117/1220 train_time:3671ms step_avg:31.38ms
step:118/1220 train_time:3706ms step_avg:31.41ms
step:119/1220 train_time:3733ms step_avg:31.37ms
step:120/1220 train_time:3768ms step_avg:31.40ms
step:121/1220 train_time:3794ms step_avg:31.36ms
step:122/1220 train_time:3829ms step_avg:31.39ms
step:123/1220 train_time:3856ms step_avg:31.35ms
step:124/1220 train_time:3891ms step_avg:31.38ms
step:125/1220 train_time:3918ms step_avg:31.35ms
step:126/1220 train_time:3953ms step_avg:31.37ms
step:127/1220 train_time:3980ms step_avg:31.34ms
step:128/1220 train_time:4015ms step_avg:31.37ms
step:129/1220 train_time:4043ms step_avg:31.34ms
step:130/1220 train_time:4077ms step_avg:31.36ms
step:131/1220 train_time:4104ms step_avg:31.33ms
step:132/1220 train_time:4140ms step_avg:31.37ms
step:133/1220 train_time:4168ms step_avg:31.34ms
step:134/1220 train_time:4203ms step_avg:31.36ms
step:135/1220 train_time:4230ms step_avg:31.33ms
step:136/1220 train_time:4265ms step_avg:31.36ms
step:137/1220 train_time:4291ms step_avg:31.32ms
step:138/1220 train_time:4327ms step_avg:31.35ms
step:139/1220 train_time:4353ms step_avg:31.32ms
step:140/1220 train_time:4388ms step_avg:31.34ms
step:141/1220 train_time:4415ms step_avg:31.31ms
step:142/1220 train_time:4450ms step_avg:31.34ms
step:143/1220 train_time:4477ms step_avg:31.31ms
step:144/1220 train_time:4512ms step_avg:31.34ms
step:145/1220 train_time:4540ms step_avg:31.31ms
step:146/1220 train_time:4575ms step_avg:31.34ms
step:147/1220 train_time:4602ms step_avg:31.31ms
step:148/1220 train_time:4637ms step_avg:31.33ms
step:149/1220 train_time:4664ms step_avg:31.30ms
step:150/1220 train_time:4699ms step_avg:31.33ms
step:151/1220 train_time:4726ms step_avg:31.30ms
step:152/1220 train_time:4762ms step_avg:31.33ms
step:153/1220 train_time:4788ms step_avg:31.30ms
step:154/1220 train_time:4823ms step_avg:31.32ms
step:155/1220 train_time:4850ms step_avg:31.29ms
step:156/1220 train_time:4885ms step_avg:31.31ms
step:157/1220 train_time:4912ms step_avg:31.28ms
step:158/1220 train_time:4947ms step_avg:31.31ms
step:159/1220 train_time:4973ms step_avg:31.28ms
step:160/1220 train_time:5008ms step_avg:31.30ms
step:161/1220 train_time:5035ms step_avg:31.27ms
step:162/1220 train_time:5070ms step_avg:31.30ms
step:163/1220 train_time:5097ms step_avg:31.27ms
step:164/1220 train_time:5132ms step_avg:31.29ms
step:165/1220 train_time:5160ms step_avg:31.27ms
step:166/1220 train_time:5195ms step_avg:31.29ms
step:167/1220 train_time:5223ms step_avg:31.28ms
step:168/1220 train_time:5258ms step_avg:31.30ms
step:169/1220 train_time:5285ms step_avg:31.27ms
step:170/1220 train_time:5320ms step_avg:31.30ms
step:171/1220 train_time:5347ms step_avg:31.27ms
step:172/1220 train_time:5382ms step_avg:31.29ms
step:173/1220 train_time:5409ms step_avg:31.27ms
step:174/1220 train_time:5444ms step_avg:31.29ms
step:175/1220 train_time:5471ms step_avg:31.26ms
step:176/1220 train_time:5506ms step_avg:31.29ms
step:177/1220 train_time:5533ms step_avg:31.26ms
step:178/1220 train_time:5568ms step_avg:31.28ms
step:179/1220 train_time:5594ms step_avg:31.25ms
step:180/1220 train_time:5629ms step_avg:31.27ms
step:181/1220 train_time:5656ms step_avg:31.25ms
step:182/1220 train_time:5690ms step_avg:31.27ms
step:183/1220 train_time:5718ms step_avg:31.24ms
step:184/1220 train_time:5753ms step_avg:31.27ms
step:185/1220 train_time:5780ms step_avg:31.24ms
step:186/1220 train_time:5815ms step_avg:31.26ms
step:187/1220 train_time:5843ms step_avg:31.24ms
step:188/1220 train_time:5877ms step_avg:31.26ms
step:189/1220 train_time:5904ms step_avg:31.24ms
step:190/1220 train_time:5940ms step_avg:31.26ms
step:191/1220 train_time:5967ms step_avg:31.24ms
step:192/1220 train_time:6001ms step_avg:31.26ms
step:193/1220 train_time:6028ms step_avg:31.23ms
step:194/1220 train_time:6063ms step_avg:31.25ms
step:195/1220 train_time:6090ms step_avg:31.23ms
step:196/1220 train_time:6125ms step_avg:31.25ms
step:197/1220 train_time:6152ms step_avg:31.23ms
step:198/1220 train_time:6187ms step_avg:31.25ms
step:199/1220 train_time:6214ms step_avg:31.23ms
step:200/1220 train_time:6249ms step_avg:31.24ms
step:201/1220 train_time:6275ms step_avg:31.22ms
step:202/1220 train_time:6310ms step_avg:31.24ms
step:203/1220 train_time:6337ms step_avg:31.22ms
step:204/1220 train_time:6372ms step_avg:31.24ms
step:205/1220 train_time:6400ms step_avg:31.22ms
step:206/1220 train_time:6435ms step_avg:31.24ms
step:207/1220 train_time:6462ms step_avg:31.22ms
step:208/1220 train_time:6497ms step_avg:31.23ms
step:209/1220 train_time:6523ms step_avg:31.21ms
step:210/1220 train_time:6559ms step_avg:31.23ms
step:211/1220 train_time:6585ms step_avg:31.21ms
step:212/1220 train_time:6621ms step_avg:31.23ms
step:213/1220 train_time:6648ms step_avg:31.21ms
step:214/1220 train_time:6683ms step_avg:31.23ms
step:215/1220 train_time:6710ms step_avg:31.21ms
step:216/1220 train_time:6745ms step_avg:31.23ms
step:217/1220 train_time:6772ms step_avg:31.21ms
step:218/1220 train_time:6806ms step_avg:31.22ms
step:219/1220 train_time:6833ms step_avg:31.20ms
step:220/1220 train_time:6869ms step_avg:31.22ms
step:221/1220 train_time:6895ms step_avg:31.20ms
step:222/1220 train_time:6930ms step_avg:31.21ms
step:223/1220 train_time:6958ms step_avg:31.20ms
step:224/1220 train_time:6992ms step_avg:31.21ms
step:225/1220 train_time:7019ms step_avg:31.20ms
step:226/1220 train_time:7054ms step_avg:31.21ms
step:227/1220 train_time:7081ms step_avg:31.19ms
step:228/1220 train_time:7116ms step_avg:31.21ms
step:229/1220 train_time:7143ms step_avg:31.19ms
step:230/1220 train_time:7178ms step_avg:31.21ms
step:231/1220 train_time:7205ms step_avg:31.19ms
step:232/1220 train_time:7240ms step_avg:31.21ms
step:233/1220 train_time:7267ms step_avg:31.19ms
step:234/1220 train_time:7303ms step_avg:31.21ms
step:235/1220 train_time:7330ms step_avg:31.19ms
step:236/1220 train_time:7365ms step_avg:31.21ms
step:237/1220 train_time:7392ms step_avg:31.19ms
step:238/1220 train_time:7427ms step_avg:31.21ms
step:239/1220 train_time:7454ms step_avg:31.19ms
step:240/1220 train_time:7488ms step_avg:31.20ms
step:241/1220 train_time:7515ms step_avg:31.18ms
step:242/1220 train_time:7550ms step_avg:31.20ms
step:243/1220 train_time:7577ms step_avg:31.18ms
step:244/1220 train_time:7612ms step_avg:31.20ms
step:245/1220 train_time:7639ms step_avg:31.18ms
step:246/1220 train_time:7675ms step_avg:31.20ms
step:247/1220 train_time:7701ms step_avg:31.18ms
step:248/1220 train_time:7736ms step_avg:31.19ms
step:249/1220 train_time:7763ms step_avg:31.18ms
step:250/1220 train_time:7798ms step_avg:31.19ms
step:250/1220 val_loss:4.4768 train_time:7834ms step_avg:31.33ms
step:251/1220 train_time:7854ms step_avg:31.29ms
step:252/1220 train_time:7877ms step_avg:31.26ms
step:253/1220 train_time:7896ms step_avg:31.21ms
step:254/1220 train_time:7926ms step_avg:31.20ms
step:255/1220 train_time:7953ms step_avg:31.19ms
step:256/1220 train_time:7990ms step_avg:31.21ms
step:257/1220 train_time:8017ms step_avg:31.19ms
step:258/1220 train_time:8052ms step_avg:31.21ms
step:259/1220 train_time:8079ms step_avg:31.19ms
step:260/1220 train_time:8114ms step_avg:31.21ms
step:261/1220 train_time:8141ms step_avg:31.19ms
step:262/1220 train_time:8177ms step_avg:31.21ms
step:263/1220 train_time:8203ms step_avg:31.19ms
step:264/1220 train_time:8238ms step_avg:31.21ms
step:265/1220 train_time:8265ms step_avg:31.19ms
step:266/1220 train_time:8300ms step_avg:31.20ms
step:267/1220 train_time:8327ms step_avg:31.19ms
step:268/1220 train_time:8362ms step_avg:31.20ms
step:269/1220 train_time:8389ms step_avg:31.19ms
step:270/1220 train_time:8424ms step_avg:31.20ms
step:271/1220 train_time:8451ms step_avg:31.18ms
step:272/1220 train_time:8486ms step_avg:31.20ms
step:273/1220 train_time:8513ms step_avg:31.18ms
step:274/1220 train_time:8548ms step_avg:31.20ms
step:275/1220 train_time:8575ms step_avg:31.18ms
step:276/1220 train_time:8610ms step_avg:31.19ms
step:277/1220 train_time:8636ms step_avg:31.18ms
step:278/1220 train_time:8671ms step_avg:31.19ms
step:279/1220 train_time:8697ms step_avg:31.17ms
step:280/1220 train_time:8732ms step_avg:31.19ms
step:281/1220 train_time:8759ms step_avg:31.17ms
step:282/1220 train_time:8794ms step_avg:31.18ms
step:283/1220 train_time:8821ms step_avg:31.17ms
step:284/1220 train_time:8856ms step_avg:31.18ms
step:285/1220 train_time:8885ms step_avg:31.17ms
step:286/1220 train_time:8920ms step_avg:31.19ms
step:287/1220 train_time:8947ms step_avg:31.17ms
step:288/1220 train_time:8982ms step_avg:31.19ms
step:289/1220 train_time:9009ms step_avg:31.17ms
step:290/1220 train_time:9045ms step_avg:31.19ms
step:291/1220 train_time:9071ms step_avg:31.17ms
step:292/1220 train_time:9107ms step_avg:31.19ms
step:293/1220 train_time:9134ms step_avg:31.17ms
step:294/1220 train_time:9169ms step_avg:31.19ms
step:295/1220 train_time:9196ms step_avg:31.17ms
step:296/1220 train_time:9231ms step_avg:31.19ms
step:297/1220 train_time:9257ms step_avg:31.17ms
step:298/1220 train_time:9292ms step_avg:31.18ms
step:299/1220 train_time:9319ms step_avg:31.17ms
step:300/1220 train_time:9354ms step_avg:31.18ms
step:301/1220 train_time:9381ms step_avg:31.17ms
step:302/1220 train_time:9416ms step_avg:31.18ms
step:303/1220 train_time:9443ms step_avg:31.17ms
step:304/1220 train_time:9478ms step_avg:31.18ms
step:305/1220 train_time:9505ms step_avg:31.16ms
step:306/1220 train_time:9540ms step_avg:31.18ms
step:307/1220 train_time:9566ms step_avg:31.16ms
step:308/1220 train_time:9602ms step_avg:31.17ms
step:309/1220 train_time:9629ms step_avg:31.16ms
step:310/1220 train_time:9664ms step_avg:31.17ms
step:311/1220 train_time:9691ms step_avg:31.16ms
step:312/1220 train_time:9726ms step_avg:31.17ms
step:313/1220 train_time:9752ms step_avg:31.16ms
step:314/1220 train_time:9788ms step_avg:31.17ms
step:315/1220 train_time:9815ms step_avg:31.16ms
step:316/1220 train_time:9850ms step_avg:31.17ms
step:317/1220 train_time:9877ms step_avg:31.16ms
step:318/1220 train_time:9911ms step_avg:31.17ms
step:319/1220 train_time:9938ms step_avg:31.15ms
step:320/1220 train_time:9973ms step_avg:31.16ms
step:321/1220 train_time:10000ms step_avg:31.15ms
step:322/1220 train_time:10035ms step_avg:31.17ms
step:323/1220 train_time:10062ms step_avg:31.15ms
step:324/1220 train_time:10098ms step_avg:31.17ms
step:325/1220 train_time:10125ms step_avg:31.15ms
step:326/1220 train_time:10159ms step_avg:31.16ms
step:327/1220 train_time:10187ms step_avg:31.15ms
step:328/1220 train_time:10221ms step_avg:31.16ms
step:329/1220 train_time:10249ms step_avg:31.15ms
step:330/1220 train_time:10284ms step_avg:31.16ms
step:331/1220 train_time:10310ms step_avg:31.15ms
step:332/1220 train_time:10346ms step_avg:31.16ms
step:333/1220 train_time:10372ms step_avg:31.15ms
step:334/1220 train_time:10407ms step_avg:31.16ms
step:335/1220 train_time:10434ms step_avg:31.15ms
step:336/1220 train_time:10469ms step_avg:31.16ms
step:337/1220 train_time:10495ms step_avg:31.14ms
step:338/1220 train_time:10530ms step_avg:31.15ms
step:339/1220 train_time:10557ms step_avg:31.14ms
step:340/1220 train_time:10592ms step_avg:31.15ms
step:341/1220 train_time:10618ms step_avg:31.14ms
step:342/1220 train_time:10653ms step_avg:31.15ms
step:343/1220 train_time:10680ms step_avg:31.14ms
step:344/1220 train_time:10715ms step_avg:31.15ms
step:345/1220 train_time:10743ms step_avg:31.14ms
step:346/1220 train_time:10777ms step_avg:31.15ms
step:347/1220 train_time:10804ms step_avg:31.14ms
step:348/1220 train_time:10839ms step_avg:31.15ms
step:349/1220 train_time:10867ms step_avg:31.14ms
step:350/1220 train_time:10902ms step_avg:31.15ms
step:351/1220 train_time:10929ms step_avg:31.14ms
step:352/1220 train_time:10964ms step_avg:31.15ms
step:353/1220 train_time:10991ms step_avg:31.14ms
step:354/1220 train_time:11026ms step_avg:31.15ms
step:355/1220 train_time:11053ms step_avg:31.14ms
step:356/1220 train_time:11088ms step_avg:31.15ms
step:357/1220 train_time:11114ms step_avg:31.13ms
step:358/1220 train_time:11150ms step_avg:31.14ms
step:359/1220 train_time:11176ms step_avg:31.13ms
step:360/1220 train_time:11211ms step_avg:31.14ms
step:361/1220 train_time:11238ms step_avg:31.13ms
step:362/1220 train_time:11274ms step_avg:31.14ms
step:363/1220 train_time:11300ms step_avg:31.13ms
step:364/1220 train_time:11335ms step_avg:31.14ms
step:365/1220 train_time:11362ms step_avg:31.13ms
step:366/1220 train_time:11397ms step_avg:31.14ms
step:367/1220 train_time:11424ms step_avg:31.13ms
step:368/1220 train_time:11460ms step_avg:31.14ms
step:369/1220 train_time:11487ms step_avg:31.13ms
step:370/1220 train_time:11521ms step_avg:31.14ms
step:371/1220 train_time:11548ms step_avg:31.13ms
step:372/1220 train_time:11583ms step_avg:31.14ms
step:373/1220 train_time:11610ms step_avg:31.13ms
step:374/1220 train_time:11645ms step_avg:31.14ms
step:375/1220 train_time:11672ms step_avg:31.12ms
step:376/1220 train_time:11706ms step_avg:31.13ms
step:377/1220 train_time:11733ms step_avg:31.12ms
step:378/1220 train_time:11768ms step_avg:31.13ms
step:379/1220 train_time:11795ms step_avg:31.12ms
step:380/1220 train_time:11830ms step_avg:31.13ms
step:381/1220 train_time:11857ms step_avg:31.12ms
step:382/1220 train_time:11892ms step_avg:31.13ms
step:383/1220 train_time:11918ms step_avg:31.12ms
step:384/1220 train_time:11954ms step_avg:31.13ms
step:385/1220 train_time:11981ms step_avg:31.12ms
step:386/1220 train_time:12016ms step_avg:31.13ms
step:387/1220 train_time:12043ms step_avg:31.12ms
step:388/1220 train_time:12078ms step_avg:31.13ms
step:389/1220 train_time:12105ms step_avg:31.12ms
step:390/1220 train_time:12140ms step_avg:31.13ms
step:391/1220 train_time:12167ms step_avg:31.12ms
step:392/1220 train_time:12202ms step_avg:31.13ms
step:393/1220 train_time:12229ms step_avg:31.12ms
step:394/1220 train_time:12267ms step_avg:31.13ms
step:395/1220 train_time:12319ms step_avg:31.19ms
step:396/1220 train_time:12378ms step_avg:31.26ms
step:397/1220 train_time:12432ms step_avg:31.31ms
step:398/1220 train_time:12490ms step_avg:31.38ms
step:399/1220 train_time:12544ms step_avg:31.44ms
step:400/1220 train_time:12602ms step_avg:31.51ms
step:401/1220 train_time:12656ms step_avg:31.56ms
step:402/1220 train_time:12715ms step_avg:31.63ms
step:403/1220 train_time:12767ms step_avg:31.68ms
step:404/1220 train_time:12826ms step_avg:31.75ms
step:405/1220 train_time:12880ms step_avg:31.80ms
step:406/1220 train_time:12938ms step_avg:31.87ms
step:407/1220 train_time:12992ms step_avg:31.92ms
step:408/1220 train_time:13051ms step_avg:31.99ms
step:409/1220 train_time:13104ms step_avg:32.04ms
step:410/1220 train_time:13163ms step_avg:32.10ms
step:411/1220 train_time:13216ms step_avg:32.16ms
step:412/1220 train_time:13275ms step_avg:32.22ms
step:413/1220 train_time:13329ms step_avg:32.27ms
step:414/1220 train_time:13388ms step_avg:32.34ms
step:415/1220 train_time:13441ms step_avg:32.39ms
step:416/1220 train_time:13500ms step_avg:32.45ms
step:417/1220 train_time:13554ms step_avg:32.50ms
step:418/1220 train_time:13613ms step_avg:32.57ms
step:419/1220 train_time:13666ms step_avg:32.62ms
step:420/1220 train_time:13725ms step_avg:32.68ms
step:421/1220 train_time:13778ms step_avg:32.73ms
step:422/1220 train_time:13837ms step_avg:32.79ms
step:423/1220 train_time:13890ms step_avg:32.84ms
step:424/1220 train_time:13949ms step_avg:32.90ms
step:425/1220 train_time:14001ms step_avg:32.94ms
step:426/1220 train_time:14061ms step_avg:33.01ms
step:427/1220 train_time:14114ms step_avg:33.05ms
step:428/1220 train_time:14173ms step_avg:33.11ms
step:429/1220 train_time:14226ms step_avg:33.16ms
step:430/1220 train_time:14284ms step_avg:33.22ms
step:431/1220 train_time:14338ms step_avg:33.27ms
step:432/1220 train_time:14397ms step_avg:33.33ms
step:433/1220 train_time:14451ms step_avg:33.37ms
step:434/1220 train_time:14509ms step_avg:33.43ms
step:435/1220 train_time:14562ms step_avg:33.48ms
step:436/1220 train_time:14620ms step_avg:33.53ms
step:437/1220 train_time:14675ms step_avg:33.58ms
step:438/1220 train_time:14734ms step_avg:33.64ms
step:439/1220 train_time:14786ms step_avg:33.68ms
step:440/1220 train_time:14846ms step_avg:33.74ms
step:441/1220 train_time:14899ms step_avg:33.78ms
step:442/1220 train_time:14958ms step_avg:33.84ms
step:443/1220 train_time:15011ms step_avg:33.88ms
step:444/1220 train_time:15070ms step_avg:33.94ms
step:445/1220 train_time:15124ms step_avg:33.99ms
step:446/1220 train_time:15181ms step_avg:34.04ms
step:447/1220 train_time:15235ms step_avg:34.08ms
step:448/1220 train_time:15294ms step_avg:34.14ms
step:449/1220 train_time:15347ms step_avg:34.18ms
step:450/1220 train_time:15405ms step_avg:34.23ms
step:451/1220 train_time:15458ms step_avg:34.28ms
step:452/1220 train_time:15517ms step_avg:34.33ms
step:453/1220 train_time:15570ms step_avg:34.37ms
step:454/1220 train_time:15629ms step_avg:34.43ms
step:455/1220 train_time:15681ms step_avg:34.46ms
step:456/1220 train_time:15741ms step_avg:34.52ms
step:457/1220 train_time:15794ms step_avg:34.56ms
step:458/1220 train_time:15853ms step_avg:34.61ms
step:459/1220 train_time:15906ms step_avg:34.65ms
step:460/1220 train_time:15964ms step_avg:34.71ms
step:461/1220 train_time:16018ms step_avg:34.75ms
step:462/1220 train_time:16077ms step_avg:34.80ms
step:463/1220 train_time:16131ms step_avg:34.84ms
step:464/1220 train_time:16189ms step_avg:34.89ms
step:465/1220 train_time:16242ms step_avg:34.93ms
step:466/1220 train_time:16301ms step_avg:34.98ms
step:467/1220 train_time:16354ms step_avg:35.02ms
step:468/1220 train_time:16413ms step_avg:35.07ms
step:469/1220 train_time:16466ms step_avg:35.11ms
step:470/1220 train_time:16524ms step_avg:35.16ms
step:471/1220 train_time:16578ms step_avg:35.20ms
step:472/1220 train_time:16638ms step_avg:35.25ms
step:473/1220 train_time:16691ms step_avg:35.29ms
step:474/1220 train_time:16750ms step_avg:35.34ms
step:475/1220 train_time:16803ms step_avg:35.37ms
step:476/1220 train_time:16862ms step_avg:35.42ms
step:477/1220 train_time:16915ms step_avg:35.46ms
step:478/1220 train_time:16974ms step_avg:35.51ms
step:479/1220 train_time:17027ms step_avg:35.55ms
step:480/1220 train_time:17086ms step_avg:35.60ms
step:481/1220 train_time:17140ms step_avg:35.63ms
step:482/1220 train_time:17198ms step_avg:35.68ms
step:483/1220 train_time:17252ms step_avg:35.72ms
step:484/1220 train_time:17311ms step_avg:35.77ms
step:485/1220 train_time:17363ms step_avg:35.80ms
step:486/1220 train_time:17422ms step_avg:35.85ms
step:487/1220 train_time:17475ms step_avg:35.88ms
step:488/1220 train_time:17534ms step_avg:35.93ms
step:489/1220 train_time:17587ms step_avg:35.97ms
step:490/1220 train_time:17646ms step_avg:36.01ms
step:491/1220 train_time:17699ms step_avg:36.05ms
step:492/1220 train_time:17758ms step_avg:36.09ms
step:493/1220 train_time:17811ms step_avg:36.13ms
step:494/1220 train_time:17871ms step_avg:36.18ms
step:495/1220 train_time:17923ms step_avg:36.21ms
step:496/1220 train_time:17982ms step_avg:36.25ms
step:497/1220 train_time:18035ms step_avg:36.29ms
step:498/1220 train_time:18094ms step_avg:36.33ms
step:499/1220 train_time:18147ms step_avg:36.37ms
step:500/1220 train_time:18205ms step_avg:36.41ms
step:500/1220 val_loss:4.0818 train_time:18268ms step_avg:36.54ms
step:501/1220 train_time:18290ms step_avg:36.51ms
step:502/1220 train_time:18319ms step_avg:36.49ms
step:503/1220 train_time:18373ms step_avg:36.53ms
step:504/1220 train_time:18437ms step_avg:36.58ms
step:505/1220 train_time:18491ms step_avg:36.62ms
step:506/1220 train_time:18551ms step_avg:36.66ms
step:507/1220 train_time:18605ms step_avg:36.70ms
step:508/1220 train_time:18664ms step_avg:36.74ms
step:509/1220 train_time:18716ms step_avg:36.77ms
step:510/1220 train_time:18776ms step_avg:36.81ms
step:511/1220 train_time:18828ms step_avg:36.85ms
step:512/1220 train_time:18886ms step_avg:36.89ms
step:513/1220 train_time:18939ms step_avg:36.92ms
step:514/1220 train_time:18998ms step_avg:36.96ms
step:515/1220 train_time:19051ms step_avg:36.99ms
step:516/1220 train_time:19109ms step_avg:37.03ms
step:517/1220 train_time:19161ms step_avg:37.06ms
step:518/1220 train_time:19220ms step_avg:37.10ms
step:519/1220 train_time:19274ms step_avg:37.14ms
step:520/1220 train_time:19333ms step_avg:37.18ms
step:521/1220 train_time:19389ms step_avg:37.21ms
step:522/1220 train_time:19448ms step_avg:37.26ms
step:523/1220 train_time:19501ms step_avg:37.29ms
step:524/1220 train_time:19560ms step_avg:37.33ms
step:525/1220 train_time:19613ms step_avg:37.36ms
step:526/1220 train_time:19673ms step_avg:37.40ms
step:527/1220 train_time:19726ms step_avg:37.43ms
step:528/1220 train_time:19785ms step_avg:37.47ms
step:529/1220 train_time:19837ms step_avg:37.50ms
step:530/1220 train_time:19897ms step_avg:37.54ms
step:531/1220 train_time:19950ms step_avg:37.57ms
step:532/1220 train_time:20009ms step_avg:37.61ms
step:533/1220 train_time:20062ms step_avg:37.64ms
step:534/1220 train_time:20120ms step_avg:37.68ms
step:535/1220 train_time:20173ms step_avg:37.71ms
step:536/1220 train_time:20232ms step_avg:37.75ms
step:537/1220 train_time:20286ms step_avg:37.78ms
step:538/1220 train_time:20345ms step_avg:37.82ms
step:539/1220 train_time:20398ms step_avg:37.84ms
step:540/1220 train_time:20457ms step_avg:37.88ms
step:541/1220 train_time:20511ms step_avg:37.91ms
step:542/1220 train_time:20570ms step_avg:37.95ms
step:543/1220 train_time:20623ms step_avg:37.98ms
step:544/1220 train_time:20682ms step_avg:38.02ms
step:545/1220 train_time:20736ms step_avg:38.05ms
step:546/1220 train_time:20794ms step_avg:38.08ms
step:547/1220 train_time:20847ms step_avg:38.11ms
step:548/1220 train_time:20906ms step_avg:38.15ms
step:549/1220 train_time:20959ms step_avg:38.18ms
step:550/1220 train_time:21017ms step_avg:38.21ms
step:551/1220 train_time:21071ms step_avg:38.24ms
step:552/1220 train_time:21128ms step_avg:38.28ms
step:553/1220 train_time:21181ms step_avg:38.30ms
step:554/1220 train_time:21240ms step_avg:38.34ms
step:555/1220 train_time:21293ms step_avg:38.37ms
step:556/1220 train_time:21352ms step_avg:38.40ms
step:557/1220 train_time:21405ms step_avg:38.43ms
step:558/1220 train_time:21465ms step_avg:38.47ms
step:559/1220 train_time:21517ms step_avg:38.49ms
step:560/1220 train_time:21577ms step_avg:38.53ms
step:561/1220 train_time:21631ms step_avg:38.56ms
step:562/1220 train_time:21690ms step_avg:38.59ms
step:563/1220 train_time:21743ms step_avg:38.62ms
step:564/1220 train_time:21803ms step_avg:38.66ms
step:565/1220 train_time:21854ms step_avg:38.68ms
step:566/1220 train_time:21912ms step_avg:38.71ms
step:567/1220 train_time:21967ms step_avg:38.74ms
step:568/1220 train_time:22025ms step_avg:38.78ms
step:569/1220 train_time:22078ms step_avg:38.80ms
step:570/1220 train_time:22137ms step_avg:38.84ms
step:571/1220 train_time:22190ms step_avg:38.86ms
step:572/1220 train_time:22250ms step_avg:38.90ms
step:573/1220 train_time:22302ms step_avg:38.92ms
step:574/1220 train_time:22361ms step_avg:38.96ms
step:575/1220 train_time:22415ms step_avg:38.98ms
step:576/1220 train_time:22473ms step_avg:39.02ms
step:577/1220 train_time:22528ms step_avg:39.04ms
step:578/1220 train_time:22587ms step_avg:39.08ms
step:579/1220 train_time:22640ms step_avg:39.10ms
step:580/1220 train_time:22699ms step_avg:39.14ms
step:581/1220 train_time:22752ms step_avg:39.16ms
step:582/1220 train_time:22811ms step_avg:39.19ms
step:583/1220 train_time:22866ms step_avg:39.22ms
step:584/1220 train_time:22925ms step_avg:39.25ms
step:585/1220 train_time:22978ms step_avg:39.28ms
step:586/1220 train_time:23036ms step_avg:39.31ms
step:587/1220 train_time:23089ms step_avg:39.33ms
step:588/1220 train_time:23148ms step_avg:39.37ms
step:589/1220 train_time:23201ms step_avg:39.39ms
step:590/1220 train_time:23259ms step_avg:39.42ms
step:591/1220 train_time:23313ms step_avg:39.45ms
step:592/1220 train_time:23372ms step_avg:39.48ms
step:593/1220 train_time:23425ms step_avg:39.50ms
step:594/1220 train_time:23484ms step_avg:39.54ms
step:595/1220 train_time:23536ms step_avg:39.56ms
step:596/1220 train_time:23596ms step_avg:39.59ms
step:597/1220 train_time:23649ms step_avg:39.61ms
step:598/1220 train_time:23708ms step_avg:39.65ms
step:599/1220 train_time:23761ms step_avg:39.67ms
step:600/1220 train_time:23820ms step_avg:39.70ms
step:601/1220 train_time:23873ms step_avg:39.72ms
step:602/1220 train_time:23932ms step_avg:39.75ms
step:603/1220 train_time:23985ms step_avg:39.78ms
step:604/1220 train_time:24044ms step_avg:39.81ms
step:605/1220 train_time:24097ms step_avg:39.83ms
step:606/1220 train_time:24156ms step_avg:39.86ms
step:607/1220 train_time:24209ms step_avg:39.88ms
step:608/1220 train_time:24268ms step_avg:39.91ms
step:609/1220 train_time:24320ms step_avg:39.93ms
step:610/1220 train_time:24379ms step_avg:39.97ms
step:611/1220 train_time:24433ms step_avg:39.99ms
step:612/1220 train_time:24491ms step_avg:40.02ms
step:613/1220 train_time:24544ms step_avg:40.04ms
step:614/1220 train_time:24604ms step_avg:40.07ms
step:615/1220 train_time:24657ms step_avg:40.09ms
step:616/1220 train_time:24716ms step_avg:40.12ms
step:617/1220 train_time:24770ms step_avg:40.15ms
step:618/1220 train_time:24828ms step_avg:40.17ms
step:619/1220 train_time:24881ms step_avg:40.20ms
step:620/1220 train_time:24939ms step_avg:40.22ms
step:621/1220 train_time:24993ms step_avg:40.25ms
step:622/1220 train_time:25051ms step_avg:40.28ms
step:623/1220 train_time:25104ms step_avg:40.30ms
step:624/1220 train_time:25164ms step_avg:40.33ms
step:625/1220 train_time:25217ms step_avg:40.35ms
step:626/1220 train_time:25275ms step_avg:40.38ms
step:627/1220 train_time:25329ms step_avg:40.40ms
step:628/1220 train_time:25388ms step_avg:40.43ms
step:629/1220 train_time:25440ms step_avg:40.44ms
step:630/1220 train_time:25499ms step_avg:40.47ms
step:631/1220 train_time:25552ms step_avg:40.49ms
step:632/1220 train_time:25612ms step_avg:40.53ms
step:633/1220 train_time:25666ms step_avg:40.55ms
step:634/1220 train_time:25725ms step_avg:40.58ms
step:635/1220 train_time:25778ms step_avg:40.60ms
step:636/1220 train_time:25836ms step_avg:40.62ms
step:637/1220 train_time:25890ms step_avg:40.64ms
step:638/1220 train_time:25949ms step_avg:40.67ms
step:639/1220 train_time:26002ms step_avg:40.69ms
step:640/1220 train_time:26061ms step_avg:40.72ms
step:641/1220 train_time:26114ms step_avg:40.74ms
step:642/1220 train_time:26174ms step_avg:40.77ms
step:643/1220 train_time:26227ms step_avg:40.79ms
step:644/1220 train_time:26286ms step_avg:40.82ms
step:645/1220 train_time:26339ms step_avg:40.84ms
step:646/1220 train_time:26397ms step_avg:40.86ms
step:647/1220 train_time:26450ms step_avg:40.88ms
step:648/1220 train_time:26509ms step_avg:40.91ms
step:649/1220 train_time:26563ms step_avg:40.93ms
step:650/1220 train_time:26621ms step_avg:40.96ms
step:651/1220 train_time:26675ms step_avg:40.98ms
step:652/1220 train_time:26733ms step_avg:41.00ms
step:653/1220 train_time:26787ms step_avg:41.02ms
step:654/1220 train_time:26846ms step_avg:41.05ms
step:655/1220 train_time:26898ms step_avg:41.07ms
step:656/1220 train_time:26956ms step_avg:41.09ms
step:657/1220 train_time:27010ms step_avg:41.11ms
step:658/1220 train_time:27070ms step_avg:41.14ms
step:659/1220 train_time:27122ms step_avg:41.16ms
step:660/1220 train_time:27181ms step_avg:41.18ms
step:661/1220 train_time:27234ms step_avg:41.20ms
step:662/1220 train_time:27292ms step_avg:41.23ms
step:663/1220 train_time:27345ms step_avg:41.24ms
step:664/1220 train_time:27404ms step_avg:41.27ms
step:665/1220 train_time:27457ms step_avg:41.29ms
step:666/1220 train_time:27515ms step_avg:41.31ms
step:667/1220 train_time:27569ms step_avg:41.33ms
step:668/1220 train_time:27628ms step_avg:41.36ms
step:669/1220 train_time:27681ms step_avg:41.38ms
step:670/1220 train_time:27739ms step_avg:41.40ms
step:671/1220 train_time:27792ms step_avg:41.42ms
step:672/1220 train_time:27851ms step_avg:41.44ms
step:673/1220 train_time:27904ms step_avg:41.46ms
step:674/1220 train_time:27963ms step_avg:41.49ms
step:675/1220 train_time:28017ms step_avg:41.51ms
step:676/1220 train_time:28075ms step_avg:41.53ms
step:677/1220 train_time:28128ms step_avg:41.55ms
step:678/1220 train_time:28187ms step_avg:41.57ms
step:679/1220 train_time:28240ms step_avg:41.59ms
step:680/1220 train_time:28300ms step_avg:41.62ms
step:681/1220 train_time:28352ms step_avg:41.63ms
step:682/1220 train_time:28411ms step_avg:41.66ms
step:683/1220 train_time:28466ms step_avg:41.68ms
step:684/1220 train_time:28524ms step_avg:41.70ms
step:685/1220 train_time:28577ms step_avg:41.72ms
step:686/1220 train_time:28635ms step_avg:41.74ms
step:687/1220 train_time:28689ms step_avg:41.76ms
step:688/1220 train_time:28747ms step_avg:41.78ms
step:689/1220 train_time:28800ms step_avg:41.80ms
step:690/1220 train_time:28859ms step_avg:41.82ms
step:691/1220 train_time:28912ms step_avg:41.84ms
step:692/1220 train_time:28971ms step_avg:41.87ms
step:693/1220 train_time:29025ms step_avg:41.88ms
step:694/1220 train_time:29083ms step_avg:41.91ms
step:695/1220 train_time:29137ms step_avg:41.92ms
step:696/1220 train_time:29196ms step_avg:41.95ms
step:697/1220 train_time:29249ms step_avg:41.96ms
step:698/1220 train_time:29308ms step_avg:41.99ms
step:699/1220 train_time:29360ms step_avg:42.00ms
step:700/1220 train_time:29419ms step_avg:42.03ms
step:701/1220 train_time:29473ms step_avg:42.04ms
step:702/1220 train_time:29531ms step_avg:42.07ms
step:703/1220 train_time:29584ms step_avg:42.08ms
step:704/1220 train_time:29643ms step_avg:42.11ms
step:705/1220 train_time:29696ms step_avg:42.12ms
step:706/1220 train_time:29754ms step_avg:42.14ms
step:707/1220 train_time:29807ms step_avg:42.16ms
step:708/1220 train_time:29867ms step_avg:42.19ms
step:709/1220 train_time:29920ms step_avg:42.20ms
step:710/1220 train_time:29978ms step_avg:42.22ms
step:711/1220 train_time:30031ms step_avg:42.24ms
step:712/1220 train_time:30090ms step_avg:42.26ms
step:713/1220 train_time:30143ms step_avg:42.28ms
step:714/1220 train_time:30202ms step_avg:42.30ms
step:715/1220 train_time:30255ms step_avg:42.31ms
step:716/1220 train_time:30313ms step_avg:42.34ms
step:717/1220 train_time:30367ms step_avg:42.35ms
step:718/1220 train_time:30426ms step_avg:42.38ms
step:719/1220 train_time:30479ms step_avg:42.39ms
step:720/1220 train_time:30537ms step_avg:42.41ms
step:721/1220 train_time:30591ms step_avg:42.43ms
step:722/1220 train_time:30649ms step_avg:42.45ms
step:723/1220 train_time:30702ms step_avg:42.46ms
step:724/1220 train_time:30760ms step_avg:42.49ms
step:725/1220 train_time:30813ms step_avg:42.50ms
step:726/1220 train_time:30873ms step_avg:42.52ms
step:727/1220 train_time:30925ms step_avg:42.54ms
step:728/1220 train_time:30986ms step_avg:42.56ms
step:729/1220 train_time:31038ms step_avg:42.58ms
step:730/1220 train_time:31096ms step_avg:42.60ms
step:731/1220 train_time:31149ms step_avg:42.61ms
step:732/1220 train_time:31209ms step_avg:42.63ms
step:733/1220 train_time:31262ms step_avg:42.65ms
step:734/1220 train_time:31320ms step_avg:42.67ms
step:735/1220 train_time:31373ms step_avg:42.68ms
step:736/1220 train_time:31432ms step_avg:42.71ms
step:737/1220 train_time:31485ms step_avg:42.72ms
step:738/1220 train_time:31544ms step_avg:42.74ms
step:739/1220 train_time:31597ms step_avg:42.76ms
step:740/1220 train_time:31655ms step_avg:42.78ms
step:741/1220 train_time:31708ms step_avg:42.79ms
step:742/1220 train_time:31767ms step_avg:42.81ms
step:743/1220 train_time:31819ms step_avg:42.83ms
step:744/1220 train_time:31879ms step_avg:42.85ms
step:745/1220 train_time:31932ms step_avg:42.86ms
step:746/1220 train_time:31991ms step_avg:42.88ms
step:747/1220 train_time:32043ms step_avg:42.90ms
step:748/1220 train_time:32103ms step_avg:42.92ms
step:749/1220 train_time:32156ms step_avg:42.93ms
step:750/1220 train_time:32214ms step_avg:42.95ms
step:750/1220 val_loss:3.6418 train_time:32278ms step_avg:43.04ms
step:751/1220 train_time:32299ms step_avg:43.01ms
step:752/1220 train_time:32329ms step_avg:42.99ms
step:753/1220 train_time:32384ms step_avg:43.01ms
step:754/1220 train_time:32447ms step_avg:43.03ms
step:755/1220 train_time:32505ms step_avg:43.05ms
step:756/1220 train_time:32565ms step_avg:43.07ms
step:757/1220 train_time:32619ms step_avg:43.09ms
step:758/1220 train_time:32677ms step_avg:43.11ms
step:759/1220 train_time:32730ms step_avg:43.12ms
step:760/1220 train_time:32788ms step_avg:43.14ms
step:761/1220 train_time:32841ms step_avg:43.15ms
step:762/1220 train_time:32900ms step_avg:43.18ms
step:763/1220 train_time:32952ms step_avg:43.19ms
step:764/1220 train_time:33010ms step_avg:43.21ms
step:765/1220 train_time:33062ms step_avg:43.22ms
step:766/1220 train_time:33121ms step_avg:43.24ms
step:767/1220 train_time:33173ms step_avg:43.25ms
step:768/1220 train_time:33231ms step_avg:43.27ms
step:769/1220 train_time:33284ms step_avg:43.28ms
step:770/1220 train_time:33345ms step_avg:43.30ms
step:771/1220 train_time:33399ms step_avg:43.32ms
step:772/1220 train_time:33460ms step_avg:43.34ms
step:773/1220 train_time:33513ms step_avg:43.35ms
step:774/1220 train_time:33573ms step_avg:43.38ms
step:775/1220 train_time:33627ms step_avg:43.39ms
step:776/1220 train_time:33684ms step_avg:43.41ms
step:777/1220 train_time:33737ms step_avg:43.42ms
step:778/1220 train_time:33797ms step_avg:43.44ms
step:779/1220 train_time:33849ms step_avg:43.45ms
step:780/1220 train_time:33907ms step_avg:43.47ms
step:781/1220 train_time:33961ms step_avg:43.48ms
step:782/1220 train_time:34018ms step_avg:43.50ms
step:783/1220 train_time:34070ms step_avg:43.51ms
step:784/1220 train_time:34128ms step_avg:43.53ms
step:785/1220 train_time:34182ms step_avg:43.54ms
step:786/1220 train_time:34242ms step_avg:43.56ms
step:787/1220 train_time:34295ms step_avg:43.58ms
step:788/1220 train_time:34356ms step_avg:43.60ms
step:789/1220 train_time:34437ms step_avg:43.65ms
step:790/1220 train_time:34525ms step_avg:43.70ms
step:791/1220 train_time:34603ms step_avg:43.75ms
step:792/1220 train_time:34686ms step_avg:43.79ms
step:793/1220 train_time:34765ms step_avg:43.84ms
step:794/1220 train_time:34848ms step_avg:43.89ms
step:795/1220 train_time:34927ms step_avg:43.93ms
step:796/1220 train_time:35011ms step_avg:43.98ms
step:797/1220 train_time:35089ms step_avg:44.03ms
step:798/1220 train_time:35173ms step_avg:44.08ms
step:799/1220 train_time:35252ms step_avg:44.12ms
step:800/1220 train_time:35336ms step_avg:44.17ms
step:801/1220 train_time:35418ms step_avg:44.22ms
step:802/1220 train_time:35502ms step_avg:44.27ms
step:803/1220 train_time:35580ms step_avg:44.31ms
step:804/1220 train_time:35665ms step_avg:44.36ms
step:805/1220 train_time:35745ms step_avg:44.40ms
step:806/1220 train_time:35828ms step_avg:44.45ms
step:807/1220 train_time:35905ms step_avg:44.49ms
step:808/1220 train_time:35988ms step_avg:44.54ms
step:809/1220 train_time:36067ms step_avg:44.58ms
step:810/1220 train_time:36150ms step_avg:44.63ms
step:811/1220 train_time:36230ms step_avg:44.67ms
step:812/1220 train_time:36314ms step_avg:44.72ms
step:813/1220 train_time:36394ms step_avg:44.77ms
step:814/1220 train_time:36479ms step_avg:44.81ms
step:815/1220 train_time:36557ms step_avg:44.86ms
step:816/1220 train_time:36642ms step_avg:44.90ms
step:817/1220 train_time:36721ms step_avg:44.95ms
step:818/1220 train_time:36804ms step_avg:44.99ms
step:819/1220 train_time:36884ms step_avg:45.04ms
step:820/1220 train_time:36968ms step_avg:45.08ms
step:821/1220 train_time:37046ms step_avg:45.12ms
step:822/1220 train_time:37130ms step_avg:45.17ms
step:823/1220 train_time:37207ms step_avg:45.21ms
step:824/1220 train_time:37292ms step_avg:45.26ms
step:825/1220 train_time:37372ms step_avg:45.30ms
step:826/1220 train_time:37458ms step_avg:45.35ms
step:827/1220 train_time:37538ms step_avg:45.39ms
step:828/1220 train_time:37621ms step_avg:45.44ms
step:829/1220 train_time:37701ms step_avg:45.48ms
step:830/1220 train_time:37784ms step_avg:45.52ms
step:831/1220 train_time:37864ms step_avg:45.56ms
step:832/1220 train_time:37949ms step_avg:45.61ms
step:833/1220 train_time:38028ms step_avg:45.65ms
step:834/1220 train_time:38111ms step_avg:45.70ms
step:835/1220 train_time:38189ms step_avg:45.73ms
step:836/1220 train_time:38273ms step_avg:45.78ms
step:837/1220 train_time:38352ms step_avg:45.82ms
step:838/1220 train_time:38437ms step_avg:45.87ms
step:839/1220 train_time:38515ms step_avg:45.91ms
step:840/1220 train_time:38600ms step_avg:45.95ms
step:841/1220 train_time:38679ms step_avg:45.99ms
step:842/1220 train_time:38764ms step_avg:46.04ms
step:843/1220 train_time:38842ms step_avg:46.08ms
step:844/1220 train_time:38926ms step_avg:46.12ms
step:845/1220 train_time:39004ms step_avg:46.16ms
step:846/1220 train_time:39088ms step_avg:46.20ms
step:847/1220 train_time:39166ms step_avg:46.24ms
step:848/1220 train_time:39251ms step_avg:46.29ms
step:849/1220 train_time:39331ms step_avg:46.33ms
step:850/1220 train_time:39417ms step_avg:46.37ms
step:851/1220 train_time:39495ms step_avg:46.41ms
step:852/1220 train_time:39581ms step_avg:46.46ms
step:853/1220 train_time:39661ms step_avg:46.50ms
step:854/1220 train_time:39745ms step_avg:46.54ms
step:855/1220 train_time:39823ms step_avg:46.58ms
step:856/1220 train_time:39908ms step_avg:46.62ms
step:857/1220 train_time:39986ms step_avg:46.66ms
step:858/1220 train_time:40069ms step_avg:46.70ms
step:859/1220 train_time:40149ms step_avg:46.74ms
step:860/1220 train_time:40234ms step_avg:46.78ms
step:861/1220 train_time:40313ms step_avg:46.82ms
step:862/1220 train_time:40397ms step_avg:46.86ms
step:863/1220 train_time:40477ms step_avg:46.90ms
step:864/1220 train_time:40563ms step_avg:46.95ms
step:865/1220 train_time:40641ms step_avg:46.98ms
step:866/1220 train_time:40725ms step_avg:47.03ms
step:867/1220 train_time:40804ms step_avg:47.06ms
step:868/1220 train_time:40887ms step_avg:47.10ms
step:869/1220 train_time:40966ms step_avg:47.14ms
step:870/1220 train_time:41051ms step_avg:47.19ms
step:871/1220 train_time:41129ms step_avg:47.22ms
step:872/1220 train_time:41212ms step_avg:47.26ms
step:873/1220 train_time:41290ms step_avg:47.30ms
step:874/1220 train_time:41378ms step_avg:47.34ms
step:875/1220 train_time:41458ms step_avg:47.38ms
step:876/1220 train_time:41543ms step_avg:47.42ms
step:877/1220 train_time:41623ms step_avg:47.46ms
step:878/1220 train_time:41705ms step_avg:47.50ms
step:879/1220 train_time:41784ms step_avg:47.54ms
step:880/1220 train_time:41869ms step_avg:47.58ms
step:881/1220 train_time:41948ms step_avg:47.61ms
step:882/1220 train_time:42032ms step_avg:47.65ms
step:883/1220 train_time:42109ms step_avg:47.69ms
step:884/1220 train_time:42192ms step_avg:47.73ms
step:885/1220 train_time:42270ms step_avg:47.76ms
step:886/1220 train_time:42356ms step_avg:47.81ms
step:887/1220 train_time:42436ms step_avg:47.84ms
step:888/1220 train_time:42521ms step_avg:47.88ms
step:889/1220 train_time:42599ms step_avg:47.92ms
step:890/1220 train_time:42683ms step_avg:47.96ms
step:891/1220 train_time:42762ms step_avg:47.99ms
step:892/1220 train_time:42847ms step_avg:48.03ms
step:893/1220 train_time:42925ms step_avg:48.07ms
step:894/1220 train_time:43007ms step_avg:48.11ms
step:895/1220 train_time:43085ms step_avg:48.14ms
step:896/1220 train_time:43171ms step_avg:48.18ms
step:897/1220 train_time:43249ms step_avg:48.22ms
step:898/1220 train_time:43334ms step_avg:48.26ms
step:899/1220 train_time:43414ms step_avg:48.29ms
step:900/1220 train_time:43499ms step_avg:48.33ms
step:901/1220 train_time:43578ms step_avg:48.37ms
step:902/1220 train_time:43666ms step_avg:48.41ms
step:903/1220 train_time:43745ms step_avg:48.44ms
step:904/1220 train_time:43828ms step_avg:48.48ms
step:905/1220 train_time:43906ms step_avg:48.52ms
step:906/1220 train_time:43989ms step_avg:48.55ms
step:907/1220 train_time:44066ms step_avg:48.58ms
step:908/1220 train_time:44150ms step_avg:48.62ms
step:909/1220 train_time:44229ms step_avg:48.66ms
step:910/1220 train_time:44313ms step_avg:48.70ms
step:911/1220 train_time:44393ms step_avg:48.73ms
step:912/1220 train_time:44478ms step_avg:48.77ms
step:913/1220 train_time:44558ms step_avg:48.80ms
step:914/1220 train_time:44642ms step_avg:48.84ms
step:915/1220 train_time:44722ms step_avg:48.88ms
step:916/1220 train_time:44805ms step_avg:48.91ms
step:917/1220 train_time:44884ms step_avg:48.95ms
step:918/1220 train_time:44967ms step_avg:48.98ms
step:919/1220 train_time:45046ms step_avg:49.02ms
step:920/1220 train_time:45131ms step_avg:49.06ms
step:921/1220 train_time:45208ms step_avg:49.09ms
step:922/1220 train_time:45292ms step_avg:49.12ms
step:923/1220 train_time:45371ms step_avg:49.16ms
step:924/1220 train_time:45458ms step_avg:49.20ms
step:925/1220 train_time:45536ms step_avg:49.23ms
step:926/1220 train_time:45621ms step_avg:49.27ms
step:927/1220 train_time:45701ms step_avg:49.30ms
step:928/1220 train_time:45784ms step_avg:49.34ms
step:929/1220 train_time:45862ms step_avg:49.37ms
step:930/1220 train_time:45946ms step_avg:49.40ms
step:931/1220 train_time:46026ms step_avg:49.44ms
step:932/1220 train_time:46111ms step_avg:49.47ms
step:933/1220 train_time:46188ms step_avg:49.50ms
step:934/1220 train_time:46272ms step_avg:49.54ms
step:935/1220 train_time:46351ms step_avg:49.57ms
step:936/1220 train_time:46436ms step_avg:49.61ms
step:937/1220 train_time:46517ms step_avg:49.64ms
step:938/1220 train_time:46603ms step_avg:49.68ms
step:939/1220 train_time:46680ms step_avg:49.71ms
step:940/1220 train_time:46764ms step_avg:49.75ms
step:941/1220 train_time:46842ms step_avg:49.78ms
step:942/1220 train_time:46926ms step_avg:49.82ms
step:943/1220 train_time:47003ms step_avg:49.84ms
step:944/1220 train_time:47088ms step_avg:49.88ms
step:945/1220 train_time:47166ms step_avg:49.91ms
step:946/1220 train_time:47250ms step_avg:49.95ms
step:947/1220 train_time:47328ms step_avg:49.98ms
step:948/1220 train_time:47414ms step_avg:50.01ms
step:949/1220 train_time:47493ms step_avg:50.04ms
step:950/1220 train_time:47580ms step_avg:50.08ms
step:951/1220 train_time:47659ms step_avg:50.11ms
step:952/1220 train_time:47744ms step_avg:50.15ms
step:953/1220 train_time:47821ms step_avg:50.18ms
step:954/1220 train_time:47905ms step_avg:50.21ms
step:955/1220 train_time:47984ms step_avg:50.24ms
step:956/1220 train_time:48068ms step_avg:50.28ms
step:957/1220 train_time:48146ms step_avg:50.31ms
step:958/1220 train_time:48232ms step_avg:50.35ms
step:959/1220 train_time:48309ms step_avg:50.37ms
step:960/1220 train_time:48394ms step_avg:50.41ms
step:961/1220 train_time:48474ms step_avg:50.44ms
step:962/1220 train_time:48559ms step_avg:50.48ms
step:963/1220 train_time:48639ms step_avg:50.51ms
step:964/1220 train_time:48724ms step_avg:50.54ms
step:965/1220 train_time:48803ms step_avg:50.57ms
step:966/1220 train_time:48886ms step_avg:50.61ms
step:967/1220 train_time:48964ms step_avg:50.63ms
step:968/1220 train_time:49047ms step_avg:50.67ms
step:969/1220 train_time:49125ms step_avg:50.70ms
step:970/1220 train_time:49210ms step_avg:50.73ms
step:971/1220 train_time:49288ms step_avg:50.76ms
step:972/1220 train_time:49372ms step_avg:50.79ms
step:973/1220 train_time:49453ms step_avg:50.82ms
step:974/1220 train_time:49539ms step_avg:50.86ms
step:975/1220 train_time:49619ms step_avg:50.89ms
step:976/1220 train_time:49704ms step_avg:50.93ms
step:977/1220 train_time:49782ms step_avg:50.95ms
step:978/1220 train_time:49865ms step_avg:50.99ms
step:979/1220 train_time:49944ms step_avg:51.02ms
step:980/1220 train_time:50029ms step_avg:51.05ms
step:981/1220 train_time:50107ms step_avg:51.08ms
step:982/1220 train_time:50189ms step_avg:51.11ms
step:983/1220 train_time:50268ms step_avg:51.14ms
step:984/1220 train_time:50352ms step_avg:51.17ms
step:985/1220 train_time:50432ms step_avg:51.20ms
step:986/1220 train_time:50519ms step_avg:51.24ms
step:987/1220 train_time:50598ms step_avg:51.26ms
step:988/1220 train_time:50681ms step_avg:51.30ms
step:989/1220 train_time:50760ms step_avg:51.32ms
step:990/1220 train_time:50844ms step_avg:51.36ms
step:991/1220 train_time:50922ms step_avg:51.38ms
step:992/1220 train_time:51005ms step_avg:51.42ms
step:993/1220 train_time:51084ms step_avg:51.44ms
step:994/1220 train_time:51167ms step_avg:51.48ms
step:995/1220 train_time:51245ms step_avg:51.50ms
step:996/1220 train_time:51331ms step_avg:51.54ms
step:997/1220 train_time:51409ms step_avg:51.56ms
step:998/1220 train_time:51494ms step_avg:51.60ms
step:999/1220 train_time:51574ms step_avg:51.63ms
step:1000/1220 train_time:51659ms step_avg:51.66ms
step:1000/1220 val_loss:3.4225 train_time:51749ms step_avg:51.75ms
step:1001/1220 train_time:51772ms step_avg:51.72ms
step:1002/1220 train_time:51825ms step_avg:51.72ms
step:1003/1220 train_time:51909ms step_avg:51.75ms
step:1004/1220 train_time:51996ms step_avg:51.79ms
step:1005/1220 train_time:52073ms step_avg:51.81ms
step:1006/1220 train_time:52157ms step_avg:51.85ms
step:1007/1220 train_time:52234ms step_avg:51.87ms
step:1008/1220 train_time:52318ms step_avg:51.90ms
step:1009/1220 train_time:52395ms step_avg:51.93ms
step:1010/1220 train_time:52478ms step_avg:51.96ms
step:1011/1220 train_time:52558ms step_avg:51.99ms
step:1012/1220 train_time:52642ms step_avg:52.02ms
step:1013/1220 train_time:52719ms step_avg:52.04ms
step:1014/1220 train_time:52806ms step_avg:52.08ms
step:1015/1220 train_time:52888ms step_avg:52.11ms
step:1016/1220 train_time:52974ms step_avg:52.14ms
step:1017/1220 train_time:53053ms step_avg:52.17ms
step:1018/1220 train_time:53136ms step_avg:52.20ms
step:1019/1220 train_time:53214ms step_avg:52.22ms
step:1020/1220 train_time:53299ms step_avg:52.25ms
step:1021/1220 train_time:53376ms step_avg:52.28ms
step:1022/1220 train_time:53461ms step_avg:52.31ms
step:1023/1220 train_time:53538ms step_avg:52.33ms
step:1024/1220 train_time:53622ms step_avg:52.36ms
step:1025/1220 train_time:53701ms step_avg:52.39ms
step:1026/1220 train_time:53787ms step_avg:52.42ms
step:1027/1220 train_time:53868ms step_avg:52.45ms
step:1028/1220 train_time:53953ms step_avg:52.48ms
step:1029/1220 train_time:54030ms step_avg:52.51ms
step:1030/1220 train_time:54115ms step_avg:52.54ms
step:1031/1220 train_time:54194ms step_avg:52.56ms
step:1032/1220 train_time:54278ms step_avg:52.60ms
step:1033/1220 train_time:54355ms step_avg:52.62ms
step:1034/1220 train_time:54439ms step_avg:52.65ms
step:1035/1220 train_time:54517ms step_avg:52.67ms
step:1036/1220 train_time:54602ms step_avg:52.70ms
step:1037/1220 train_time:54683ms step_avg:52.73ms
step:1038/1220 train_time:54768ms step_avg:52.76ms
step:1039/1220 train_time:54846ms step_avg:52.79ms
step:1040/1220 train_time:54933ms step_avg:52.82ms
step:1041/1220 train_time:55013ms step_avg:52.85ms
step:1042/1220 train_time:55096ms step_avg:52.88ms
step:1043/1220 train_time:55174ms step_avg:52.90ms
step:1044/1220 train_time:55258ms step_avg:52.93ms
step:1045/1220 train_time:55336ms step_avg:52.95ms
step:1046/1220 train_time:55419ms step_avg:52.98ms
step:1047/1220 train_time:55497ms step_avg:53.01ms
step:1048/1220 train_time:55582ms step_avg:53.04ms
step:1049/1220 train_time:55663ms step_avg:53.06ms
step:1050/1220 train_time:55747ms step_avg:53.09ms
step:1051/1220 train_time:55826ms step_avg:53.12ms
step:1052/1220 train_time:55910ms step_avg:53.15ms
step:1053/1220 train_time:55990ms step_avg:53.17ms
step:1054/1220 train_time:56075ms step_avg:53.20ms
step:1055/1220 train_time:56154ms step_avg:53.23ms
step:1056/1220 train_time:56237ms step_avg:53.25ms
step:1057/1220 train_time:56315ms step_avg:53.28ms
step:1058/1220 train_time:56400ms step_avg:53.31ms
step:1059/1220 train_time:56477ms step_avg:53.33ms
step:1060/1220 train_time:56562ms step_avg:53.36ms
step:1061/1220 train_time:56641ms step_avg:53.38ms
step:1062/1220 train_time:56727ms step_avg:53.42ms
step:1063/1220 train_time:56807ms step_avg:53.44ms
step:1064/1220 train_time:56893ms step_avg:53.47ms
step:1065/1220 train_time:56971ms step_avg:53.49ms
step:1066/1220 train_time:57055ms step_avg:53.52ms
step:1067/1220 train_time:57134ms step_avg:53.55ms
step:1068/1220 train_time:57217ms step_avg:53.57ms
step:1069/1220 train_time:57296ms step_avg:53.60ms
step:1070/1220 train_time:57378ms step_avg:53.62ms
step:1071/1220 train_time:57457ms step_avg:53.65ms
step:1072/1220 train_time:57542ms step_avg:53.68ms
step:1073/1220 train_time:57620ms step_avg:53.70ms
step:1074/1220 train_time:57706ms step_avg:53.73ms
step:1075/1220 train_time:57786ms step_avg:53.75ms
step:1076/1220 train_time:57871ms step_avg:53.78ms
step:1077/1220 train_time:57952ms step_avg:53.81ms
step:1078/1220 train_time:58034ms step_avg:53.83ms
step:1079/1220 train_time:58112ms step_avg:53.86ms
step:1080/1220 train_time:58198ms step_avg:53.89ms
step:1081/1220 train_time:58278ms step_avg:53.91ms
step:1082/1220 train_time:58361ms step_avg:53.94ms
step:1083/1220 train_time:58439ms step_avg:53.96ms
step:1084/1220 train_time:58524ms step_avg:53.99ms
step:1085/1220 train_time:58603ms step_avg:54.01ms
step:1086/1220 train_time:58688ms step_avg:54.04ms
step:1087/1220 train_time:58768ms step_avg:54.06ms
step:1088/1220 train_time:58855ms step_avg:54.09ms
step:1089/1220 train_time:58933ms step_avg:54.12ms
step:1090/1220 train_time:59018ms step_avg:54.14ms
step:1091/1220 train_time:59096ms step_avg:54.17ms
step:1092/1220 train_time:59181ms step_avg:54.19ms
step:1093/1220 train_time:59258ms step_avg:54.22ms
step:1094/1220 train_time:59342ms step_avg:54.24ms
step:1095/1220 train_time:59421ms step_avg:54.27ms
step:1096/1220 train_time:59506ms step_avg:54.29ms
step:1097/1220 train_time:59584ms step_avg:54.32ms
step:1098/1220 train_time:59670ms step_avg:54.34ms
step:1099/1220 train_time:59749ms step_avg:54.37ms
step:1100/1220 train_time:59833ms step_avg:54.39ms
step:1101/1220 train_time:59912ms step_avg:54.42ms
step:1102/1220 train_time:59997ms step_avg:54.44ms
step:1103/1220 train_time:60074ms step_avg:54.46ms
step:1104/1220 train_time:60159ms step_avg:54.49ms
step:1105/1220 train_time:60235ms step_avg:54.51ms
step:1106/1220 train_time:60319ms step_avg:54.54ms
step:1107/1220 train_time:60398ms step_avg:54.56ms
step:1108/1220 train_time:60484ms step_avg:54.59ms
step:1109/1220 train_time:60564ms step_avg:54.61ms
step:1110/1220 train_time:60649ms step_avg:54.64ms
step:1111/1220 train_time:60729ms step_avg:54.66ms
step:1112/1220 train_time:60813ms step_avg:54.69ms
step:1113/1220 train_time:60893ms step_avg:54.71ms
step:1114/1220 train_time:60977ms step_avg:54.74ms
step:1115/1220 train_time:61056ms step_avg:54.76ms
step:1116/1220 train_time:61141ms step_avg:54.79ms
step:1117/1220 train_time:61218ms step_avg:54.81ms
step:1118/1220 train_time:61302ms step_avg:54.83ms
step:1119/1220 train_time:61382ms step_avg:54.85ms
step:1120/1220 train_time:61466ms step_avg:54.88ms
step:1121/1220 train_time:61545ms step_avg:54.90ms
step:1122/1220 train_time:61630ms step_avg:54.93ms
step:1123/1220 train_time:61708ms step_avg:54.95ms
step:1124/1220 train_time:61793ms step_avg:54.98ms
step:1125/1220 train_time:61872ms step_avg:55.00ms
step:1126/1220 train_time:61956ms step_avg:55.02ms
step:1127/1220 train_time:62033ms step_avg:55.04ms
step:1128/1220 train_time:62116ms step_avg:55.07ms
step:1129/1220 train_time:62194ms step_avg:55.09ms
step:1130/1220 train_time:62279ms step_avg:55.11ms
step:1131/1220 train_time:62357ms step_avg:55.13ms
step:1132/1220 train_time:62443ms step_avg:55.16ms
step:1133/1220 train_time:62522ms step_avg:55.18ms
step:1134/1220 train_time:62608ms step_avg:55.21ms
step:1135/1220 train_time:62687ms step_avg:55.23ms
step:1136/1220 train_time:62772ms step_avg:55.26ms
step:1137/1220 train_time:62852ms step_avg:55.28ms
step:1138/1220 train_time:62935ms step_avg:55.30ms
step:1139/1220 train_time:63012ms step_avg:55.32ms
step:1140/1220 train_time:63096ms step_avg:55.35ms
step:1141/1220 train_time:63175ms step_avg:55.37ms
step:1142/1220 train_time:63259ms step_avg:55.39ms
step:1143/1220 train_time:63336ms step_avg:55.41ms
step:1144/1220 train_time:63422ms step_avg:55.44ms
step:1145/1220 train_time:63500ms step_avg:55.46ms
step:1146/1220 train_time:63585ms step_avg:55.48ms
step:1147/1220 train_time:63666ms step_avg:55.51ms
step:1148/1220 train_time:63752ms step_avg:55.53ms
step:1149/1220 train_time:63830ms step_avg:55.55ms
step:1150/1220 train_time:63914ms step_avg:55.58ms
step:1151/1220 train_time:63993ms step_avg:55.60ms
step:1152/1220 train_time:64076ms step_avg:55.62ms
step:1153/1220 train_time:64155ms step_avg:55.64ms
step:1154/1220 train_time:64239ms step_avg:55.67ms
step:1155/1220 train_time:64316ms step_avg:55.68ms
step:1156/1220 train_time:64401ms step_avg:55.71ms
step:1157/1220 train_time:64479ms step_avg:55.73ms
step:1158/1220 train_time:64565ms step_avg:55.76ms
step:1159/1220 train_time:64646ms step_avg:55.78ms
step:1160/1220 train_time:64730ms step_avg:55.80ms
step:1161/1220 train_time:64809ms step_avg:55.82ms
step:1162/1220 train_time:64894ms step_avg:55.85ms
step:1163/1220 train_time:64973ms step_avg:55.87ms
step:1164/1220 train_time:65057ms step_avg:55.89ms
step:1165/1220 train_time:65135ms step_avg:55.91ms
step:1166/1220 train_time:65218ms step_avg:55.93ms
step:1167/1220 train_time:65296ms step_avg:55.95ms
step:1168/1220 train_time:65381ms step_avg:55.98ms
step:1169/1220 train_time:65459ms step_avg:56.00ms
step:1170/1220 train_time:65543ms step_avg:56.02ms
step:1171/1220 train_time:65622ms step_avg:56.04ms
step:1172/1220 train_time:65708ms step_avg:56.06ms
step:1173/1220 train_time:65787ms step_avg:56.08ms
step:1174/1220 train_time:65872ms step_avg:56.11ms
step:1175/1220 train_time:65951ms step_avg:56.13ms
step:1176/1220 train_time:66035ms step_avg:56.15ms
step:1177/1220 train_time:66114ms step_avg:56.17ms
step:1178/1220 train_time:66198ms step_avg:56.20ms
step:1179/1220 train_time:66276ms step_avg:56.21ms
step:1180/1220 train_time:66360ms step_avg:56.24ms
step:1181/1220 train_time:66439ms step_avg:56.26ms
step:1182/1220 train_time:66529ms step_avg:56.28ms
step:1183/1220 train_time:66608ms step_avg:56.30ms
step:1184/1220 train_time:66693ms step_avg:56.33ms
step:1185/1220 train_time:66773ms step_avg:56.35ms
step:1186/1220 train_time:66858ms step_avg:56.37ms
step:1187/1220 train_time:66937ms step_avg:56.39ms
step:1188/1220 train_time:67020ms step_avg:56.41ms
step:1189/1220 train_time:67100ms step_avg:56.43ms
step:1190/1220 train_time:67184ms step_avg:56.46ms
step:1191/1220 train_time:67263ms step_avg:56.48ms
step:1192/1220 train_time:67348ms step_avg:56.50ms
step:1193/1220 train_time:67426ms step_avg:56.52ms
step:1194/1220 train_time:67512ms step_avg:56.54ms
step:1195/1220 train_time:67591ms step_avg:56.56ms
step:1196/1220 train_time:67674ms step_avg:56.58ms
step:1197/1220 train_time:67754ms step_avg:56.60ms
step:1198/1220 train_time:67840ms step_avg:56.63ms
step:1199/1220 train_time:67917ms step_avg:56.64ms
step:1200/1220 train_time:68004ms step_avg:56.67ms
step:1201/1220 train_time:68083ms step_avg:56.69ms
step:1202/1220 train_time:68169ms step_avg:56.71ms
step:1203/1220 train_time:68248ms step_avg:56.73ms
step:1204/1220 train_time:68332ms step_avg:56.75ms
step:1205/1220 train_time:68411ms step_avg:56.77ms
step:1206/1220 train_time:68497ms step_avg:56.80ms
step:1207/1220 train_time:68575ms step_avg:56.81ms
step:1208/1220 train_time:68661ms step_avg:56.84ms
step:1209/1220 train_time:68741ms step_avg:56.86ms
step:1210/1220 train_time:68825ms step_avg:56.88ms
step:1211/1220 train_time:68904ms step_avg:56.90ms
step:1212/1220 train_time:68991ms step_avg:56.92ms
step:1213/1220 train_time:69069ms step_avg:56.94ms
step:1214/1220 train_time:69153ms step_avg:56.96ms
step:1215/1220 train_time:69232ms step_avg:56.98ms
step:1216/1220 train_time:69316ms step_avg:57.00ms
step:1217/1220 train_time:69396ms step_avg:57.02ms
step:1218/1220 train_time:69480ms step_avg:57.04ms
step:1219/1220 train_time:69558ms step_avg:57.06ms
step:1220/1220 train_time:69642ms step_avg:57.08ms
step:1220/1220 val_loss:3.3183 train_time:69733ms step_avg:57.16ms
peak memory allocated: 31314 MiB reserved: 45730 MiB
