W0420 03:27:39.356000 41898 torch/distributed/run.py:852] 
W0420 03:27:39.356000 41898 torch/distributed/run.py:852] *****************************************
W0420 03:27:39.356000 41898 torch/distributed/run.py:852] Setting OMP_NUM_THREADS environment variable for each process to be 1 in default, to avoid your system being overloaded, please further tune the variable for optimal performance in your application as needed. 
W0420 03:27:39.356000 41898 torch/distributed/run.py:852] *****************************************
[Gloo] Rank 0 is connected to 7 peer ranks. Expected number of connected peer ranks is : 7
[Gloo] Rank 1 is connected to 7 peer ranks. Expected number of connected peer ranks is : 7
[Gloo] Rank 3 is connected to 7[Gloo] Rank  peer ranks. 2Expected number of connected peer ranks is :  is connected to 77 peer ranks. 
Expected number of connected peer ranks is : 7
[Gloo] Rank 4 is connected to 7 peer ranks. Expected number of connected peer ranks is : 7
[Gloo] Rank [Gloo] Rank [Gloo] Rank 576 is connected to  is connected to  is connected to 777 peer ranks.  peer ranks.  peer ranks. Expected number of connected peer ranks is : Expected number of connected peer ranks is : Expected number of connected peer ranks is : 777


Warning: You are sending unauthenticated requests to the HF Hub. Please set a HF_TOKEN to enable higher rate limits and faster downloads.
Fetching 4 files:   0%|          | 0/4 [00:00<?, ?it/s]Fetching 4 files: 100%|██████████| 4/4 [00:00<00:00, 29852.70it/s]
Fetching 4 files:   0%|          | 0/4 [00:00<?, ?it/s]Fetching 4 files: 100%|██████████| 4/4 [00:00<00:00, 24209.55it/s]
Fetching 4 files:   0%|          | 0/4 [00:00<?, ?it/s]Fetching 4 files: 100%|██████████| 4/4 [00:00<00:00, 30066.70it/s]
Fetching 4 files:   0%|          | 0/4 [00:00<?, ?it/s]Fetching 4 files: 100%|██████████| 4/4 [00:00<00:00, 27548.79it/s]
Fetching 4 files:   0%|          | 0/4 [00:00<?, ?it/s]Fetching 4 files: 100%|██████████| 4/4 [00:00<00:00, 30559.59it/s]
Fetching 4 files:   0%|          | 0/4 [00:00<?, ?it/s]Fetching 4 files: 100%|██████████| 4/4 [00:00<00:00, 26173.50it/s]
logs/94645235-3ad0-4432-8c9c-c4f353c893d8.txt
Fetching 4 files:   0%|          | 0/4 [00:00<?, ?it/s]Fetching 4 files: 100%|██████████| 4/4 [00:00<00:00, 28339.89it/s]
Fetching 4 files:   0%|          | 0/4 [00:00<?, ?it/s]Fetching 4 files: 100%|██████████| 4/4 [00:00<00:00, 24564.01it/s]
Compiling model and warming up kernels (~7 minutes on first execution)
Sampling steps [0, 1, 411, 412, 413, 414, 825, 826, 827, 828, 1238, 1239, 1240, 1241] for warmup
Resetting Model
step:0/1280 val_loss:10.8309 train_time:0ms step_avg:0.04ms
step:1/1280 train_time:77ms step_avg:77.00ms
step:2/1280 train_time:104ms step_avg:52.11ms
step:3/1280 train_time:126ms step_avg:42.15ms
step:4/1280 train_time:156ms step_avg:39.00ms
step:5/1280 train_time:178ms step_avg:35.50ms
step:6/1280 train_time:210ms step_avg:35.06ms
step:7/1280 train_time:237ms step_avg:33.80ms
step:8/1280 train_time:272ms step_avg:33.98ms
step:9/1280 train_time:299ms step_avg:33.19ms
step:10/1280 train_time:334ms step_avg:33.37ms
step:11/1280 train_time:361ms step_avg:32.79ms
step:12/1280 train_time:396ms step_avg:33.01ms
step:13/1280 train_time:423ms step_avg:32.52ms
step:14/1280 train_time:458ms step_avg:32.72ms
step:15/1280 train_time:485ms step_avg:32.33ms
step:16/1280 train_time:521ms step_avg:32.55ms
step:17/1280 train_time:547ms step_avg:32.19ms
step:18/1280 train_time:583ms step_avg:32.40ms
step:19/1280 train_time:609ms step_avg:32.08ms
step:20/1280 train_time:645ms step_avg:32.25ms
step:21/1280 train_time:672ms step_avg:31.98ms
step:22/1280 train_time:707ms step_avg:32.14ms
step:23/1280 train_time:734ms step_avg:31.90ms
step:24/1280 train_time:769ms step_avg:32.04ms
step:25/1280 train_time:796ms step_avg:31.83ms
step:26/1280 train_time:831ms step_avg:31.96ms
step:27/1280 train_time:858ms step_avg:31.77ms
step:28/1280 train_time:893ms step_avg:31.89ms
step:29/1280 train_time:920ms step_avg:31.72ms
step:30/1280 train_time:955ms step_avg:31.83ms
step:31/1280 train_time:982ms step_avg:31.69ms
step:32/1280 train_time:1018ms step_avg:31.81ms
step:33/1280 train_time:1046ms step_avg:31.69ms
step:34/1280 train_time:1082ms step_avg:31.84ms
step:35/1280 train_time:1109ms step_avg:31.70ms
step:36/1280 train_time:1145ms step_avg:31.82ms
step:37/1280 train_time:1173ms step_avg:31.69ms
step:38/1280 train_time:1208ms step_avg:31.80ms
step:39/1280 train_time:1235ms step_avg:31.66ms
step:40/1280 train_time:1270ms step_avg:31.75ms
step:41/1280 train_time:1297ms step_avg:31.64ms
step:42/1280 train_time:1332ms step_avg:31.72ms
step:43/1280 train_time:1360ms step_avg:31.62ms
step:44/1280 train_time:1395ms step_avg:31.71ms
step:45/1280 train_time:1422ms step_avg:31.60ms
step:46/1280 train_time:1458ms step_avg:31.69ms
step:47/1280 train_time:1485ms step_avg:31.60ms
step:48/1280 train_time:1520ms step_avg:31.67ms
step:49/1280 train_time:1547ms step_avg:31.56ms
step:50/1280 train_time:1582ms step_avg:31.64ms
step:51/1280 train_time:1609ms step_avg:31.55ms
step:52/1280 train_time:1644ms step_avg:31.62ms
step:53/1280 train_time:1671ms step_avg:31.52ms
step:54/1280 train_time:1706ms step_avg:31.60ms
step:55/1280 train_time:1733ms step_avg:31.50ms
step:56/1280 train_time:1768ms step_avg:31.57ms
step:57/1280 train_time:1795ms step_avg:31.48ms
step:58/1280 train_time:1829ms step_avg:31.54ms
step:59/1280 train_time:1856ms step_avg:31.46ms
step:60/1280 train_time:1892ms step_avg:31.53ms
step:61/1280 train_time:1918ms step_avg:31.44ms
step:62/1280 train_time:1953ms step_avg:31.50ms
step:63/1280 train_time:1981ms step_avg:31.44ms
step:64/1280 train_time:2016ms step_avg:31.50ms
step:65/1280 train_time:2043ms step_avg:31.44ms
step:66/1280 train_time:2079ms step_avg:31.50ms
step:67/1280 train_time:2106ms step_avg:31.43ms
step:68/1280 train_time:2141ms step_avg:31.49ms
step:69/1280 train_time:2168ms step_avg:31.43ms
step:70/1280 train_time:2204ms step_avg:31.49ms
step:71/1280 train_time:2231ms step_avg:31.42ms
step:72/1280 train_time:2266ms step_avg:31.48ms
step:73/1280 train_time:2294ms step_avg:31.43ms
step:74/1280 train_time:2329ms step_avg:31.47ms
step:75/1280 train_time:2356ms step_avg:31.41ms
step:76/1280 train_time:2391ms step_avg:31.46ms
step:77/1280 train_time:2418ms step_avg:31.40ms
step:78/1280 train_time:2453ms step_avg:31.45ms
step:79/1280 train_time:2480ms step_avg:31.39ms
step:80/1280 train_time:2515ms step_avg:31.44ms
step:81/1280 train_time:2542ms step_avg:31.39ms
step:82/1280 train_time:2578ms step_avg:31.44ms
step:83/1280 train_time:2605ms step_avg:31.38ms
step:84/1280 train_time:2640ms step_avg:31.43ms
step:85/1280 train_time:2668ms step_avg:31.38ms
step:86/1280 train_time:2703ms step_avg:31.43ms
step:87/1280 train_time:2730ms step_avg:31.38ms
step:88/1280 train_time:2765ms step_avg:31.42ms
step:89/1280 train_time:2792ms step_avg:31.37ms
step:90/1280 train_time:2827ms step_avg:31.41ms
step:91/1280 train_time:2854ms step_avg:31.36ms
step:92/1280 train_time:2889ms step_avg:31.40ms
step:93/1280 train_time:2916ms step_avg:31.35ms
step:94/1280 train_time:2951ms step_avg:31.39ms
step:95/1280 train_time:2978ms step_avg:31.34ms
step:96/1280 train_time:3013ms step_avg:31.38ms
step:97/1280 train_time:3040ms step_avg:31.34ms
step:98/1280 train_time:3075ms step_avg:31.38ms
step:99/1280 train_time:3102ms step_avg:31.34ms
step:100/1280 train_time:3138ms step_avg:31.38ms
step:101/1280 train_time:3165ms step_avg:31.34ms
step:102/1280 train_time:3201ms step_avg:31.38ms
step:103/1280 train_time:3227ms step_avg:31.33ms
step:104/1280 train_time:3263ms step_avg:31.38ms
step:105/1280 train_time:3290ms step_avg:31.33ms
step:106/1280 train_time:3326ms step_avg:31.37ms
step:107/1280 train_time:3352ms step_avg:31.33ms
step:108/1280 train_time:3387ms step_avg:31.37ms
step:109/1280 train_time:3415ms step_avg:31.33ms
step:110/1280 train_time:3450ms step_avg:31.36ms
step:111/1280 train_time:3477ms step_avg:31.32ms
step:112/1280 train_time:3512ms step_avg:31.36ms
step:113/1280 train_time:3539ms step_avg:31.32ms
step:114/1280 train_time:3574ms step_avg:31.35ms
step:115/1280 train_time:3603ms step_avg:31.33ms
step:116/1280 train_time:3637ms step_avg:31.36ms
step:117/1280 train_time:3664ms step_avg:31.32ms
step:118/1280 train_time:3700ms step_avg:31.35ms
step:119/1280 train_time:3727ms step_avg:31.32ms
step:120/1280 train_time:3762ms step_avg:31.35ms
step:121/1280 train_time:3789ms step_avg:31.31ms
step:122/1280 train_time:3824ms step_avg:31.35ms
step:123/1280 train_time:3851ms step_avg:31.31ms
step:124/1280 train_time:3886ms step_avg:31.34ms
step:125/1280 train_time:3913ms step_avg:31.30ms
step:126/1280 train_time:3948ms step_avg:31.33ms
step:127/1280 train_time:3975ms step_avg:31.30ms
step:128/1280 train_time:4010ms step_avg:31.33ms
step:129/1280 train_time:4036ms step_avg:31.29ms
step:130/1280 train_time:4071ms step_avg:31.32ms
step:131/1280 train_time:4098ms step_avg:31.28ms
step:132/1280 train_time:4133ms step_avg:31.31ms
step:133/1280 train_time:4161ms step_avg:31.29ms
step:134/1280 train_time:4197ms step_avg:31.32ms
step:135/1280 train_time:4223ms step_avg:31.28ms
step:136/1280 train_time:4259ms step_avg:31.31ms
step:137/1280 train_time:4286ms step_avg:31.28ms
step:138/1280 train_time:4321ms step_avg:31.31ms
step:139/1280 train_time:4348ms step_avg:31.28ms
step:140/1280 train_time:4383ms step_avg:31.31ms
step:141/1280 train_time:4410ms step_avg:31.28ms
step:142/1280 train_time:4446ms step_avg:31.31ms
step:143/1280 train_time:4473ms step_avg:31.28ms
step:144/1280 train_time:4509ms step_avg:31.31ms
step:145/1280 train_time:4535ms step_avg:31.27ms
step:146/1280 train_time:4570ms step_avg:31.30ms
step:147/1280 train_time:4597ms step_avg:31.27ms
step:148/1280 train_time:4632ms step_avg:31.30ms
step:149/1280 train_time:4658ms step_avg:31.26ms
step:150/1280 train_time:4694ms step_avg:31.29ms
step:151/1280 train_time:4721ms step_avg:31.27ms
step:152/1280 train_time:4756ms step_avg:31.29ms
step:153/1280 train_time:4783ms step_avg:31.26ms
step:154/1280 train_time:4818ms step_avg:31.29ms
step:155/1280 train_time:4845ms step_avg:31.26ms
step:156/1280 train_time:4881ms step_avg:31.29ms
step:157/1280 train_time:4907ms step_avg:31.25ms
step:158/1280 train_time:4943ms step_avg:31.28ms
step:159/1280 train_time:4969ms step_avg:31.25ms
step:160/1280 train_time:5004ms step_avg:31.28ms
step:161/1280 train_time:5031ms step_avg:31.25ms
step:162/1280 train_time:5066ms step_avg:31.27ms
step:163/1280 train_time:5093ms step_avg:31.25ms
step:164/1280 train_time:5128ms step_avg:31.27ms
step:165/1280 train_time:5155ms step_avg:31.24ms
step:166/1280 train_time:5190ms step_avg:31.26ms
step:167/1280 train_time:5217ms step_avg:31.24ms
step:168/1280 train_time:5252ms step_avg:31.26ms
step:169/1280 train_time:5278ms step_avg:31.23ms
step:170/1280 train_time:5314ms step_avg:31.26ms
step:171/1280 train_time:5341ms step_avg:31.23ms
step:172/1280 train_time:5376ms step_avg:31.26ms
step:173/1280 train_time:5403ms step_avg:31.23ms
step:174/1280 train_time:5439ms step_avg:31.26ms
step:175/1280 train_time:5465ms step_avg:31.23ms
step:176/1280 train_time:5501ms step_avg:31.25ms
step:177/1280 train_time:5527ms step_avg:31.23ms
step:178/1280 train_time:5563ms step_avg:31.25ms
step:179/1280 train_time:5589ms step_avg:31.22ms
step:180/1280 train_time:5625ms step_avg:31.25ms
step:181/1280 train_time:5652ms step_avg:31.22ms
step:182/1280 train_time:5687ms step_avg:31.25ms
step:183/1280 train_time:5714ms step_avg:31.22ms
step:184/1280 train_time:5748ms step_avg:31.24ms
step:185/1280 train_time:5775ms step_avg:31.22ms
step:186/1280 train_time:5810ms step_avg:31.24ms
step:187/1280 train_time:5837ms step_avg:31.21ms
step:188/1280 train_time:5872ms step_avg:31.23ms
step:189/1280 train_time:5899ms step_avg:31.21ms
step:190/1280 train_time:5934ms step_avg:31.23ms
step:191/1280 train_time:5961ms step_avg:31.21ms
step:192/1280 train_time:5996ms step_avg:31.23ms
step:193/1280 train_time:6023ms step_avg:31.21ms
step:194/1280 train_time:6058ms step_avg:31.23ms
step:195/1280 train_time:6085ms step_avg:31.20ms
step:196/1280 train_time:6121ms step_avg:31.23ms
step:197/1280 train_time:6146ms step_avg:31.20ms
step:198/1280 train_time:6182ms step_avg:31.22ms
step:199/1280 train_time:6209ms step_avg:31.20ms
step:200/1280 train_time:6244ms step_avg:31.22ms
step:201/1280 train_time:6271ms step_avg:31.20ms
step:202/1280 train_time:6306ms step_avg:31.22ms
step:203/1280 train_time:6333ms step_avg:31.20ms
step:204/1280 train_time:6368ms step_avg:31.21ms
step:205/1280 train_time:6394ms step_avg:31.19ms
step:206/1280 train_time:6430ms step_avg:31.21ms
step:207/1280 train_time:6456ms step_avg:31.19ms
step:208/1280 train_time:6491ms step_avg:31.21ms
step:209/1280 train_time:6518ms step_avg:31.19ms
step:210/1280 train_time:6553ms step_avg:31.20ms
step:211/1280 train_time:6580ms step_avg:31.18ms
step:212/1280 train_time:6615ms step_avg:31.20ms
step:213/1280 train_time:6642ms step_avg:31.18ms
step:214/1280 train_time:6677ms step_avg:31.20ms
step:215/1280 train_time:6703ms step_avg:31.18ms
step:216/1280 train_time:6739ms step_avg:31.20ms
step:217/1280 train_time:6765ms step_avg:31.18ms
step:218/1280 train_time:6801ms step_avg:31.20ms
step:219/1280 train_time:6828ms step_avg:31.18ms
step:220/1280 train_time:6863ms step_avg:31.19ms
step:221/1280 train_time:6890ms step_avg:31.18ms
step:222/1280 train_time:6926ms step_avg:31.20ms
step:223/1280 train_time:6952ms step_avg:31.17ms
step:224/1280 train_time:6987ms step_avg:31.19ms
step:225/1280 train_time:7014ms step_avg:31.17ms
step:226/1280 train_time:7049ms step_avg:31.19ms
step:227/1280 train_time:7075ms step_avg:31.17ms
step:228/1280 train_time:7110ms step_avg:31.18ms
step:229/1280 train_time:7137ms step_avg:31.17ms
step:230/1280 train_time:7172ms step_avg:31.18ms
step:231/1280 train_time:7199ms step_avg:31.17ms
step:232/1280 train_time:7238ms step_avg:31.20ms
step:233/1280 train_time:7262ms step_avg:31.17ms
step:234/1280 train_time:7297ms step_avg:31.18ms
step:235/1280 train_time:7324ms step_avg:31.17ms
step:236/1280 train_time:7359ms step_avg:31.18ms
step:237/1280 train_time:7386ms step_avg:31.16ms
step:238/1280 train_time:7421ms step_avg:31.18ms
step:239/1280 train_time:7448ms step_avg:31.16ms
step:240/1280 train_time:7483ms step_avg:31.18ms
step:241/1280 train_time:7510ms step_avg:31.16ms
step:242/1280 train_time:7545ms step_avg:31.18ms
step:243/1280 train_time:7572ms step_avg:31.16ms
step:244/1280 train_time:7607ms step_avg:31.18ms
step:245/1280 train_time:7634ms step_avg:31.16ms
step:246/1280 train_time:7668ms step_avg:31.17ms
step:247/1280 train_time:7695ms step_avg:31.15ms
step:248/1280 train_time:7731ms step_avg:31.17ms
step:249/1280 train_time:7757ms step_avg:31.15ms
step:250/1280 train_time:7792ms step_avg:31.17ms
step:250/1280 val_loss:4.4986 train_time:7828ms step_avg:31.31ms
step:251/1280 train_time:7849ms step_avg:31.27ms
step:252/1280 train_time:7872ms step_avg:31.24ms
step:253/1280 train_time:7891ms step_avg:31.19ms
step:254/1280 train_time:7920ms step_avg:31.18ms
step:255/1280 train_time:7949ms step_avg:31.17ms
step:256/1280 train_time:7986ms step_avg:31.20ms
step:257/1280 train_time:8014ms step_avg:31.18ms
step:258/1280 train_time:8049ms step_avg:31.20ms
step:259/1280 train_time:8076ms step_avg:31.18ms
step:260/1280 train_time:8111ms step_avg:31.20ms
step:261/1280 train_time:8138ms step_avg:31.18ms
step:262/1280 train_time:8174ms step_avg:31.20ms
step:263/1280 train_time:8200ms step_avg:31.18ms
step:264/1280 train_time:8235ms step_avg:31.19ms
step:265/1280 train_time:8262ms step_avg:31.18ms
step:266/1280 train_time:8297ms step_avg:31.19ms
step:267/1280 train_time:8323ms step_avg:31.17ms
step:268/1280 train_time:8358ms step_avg:31.19ms
step:269/1280 train_time:8385ms step_avg:31.17ms
step:270/1280 train_time:8420ms step_avg:31.19ms
step:271/1280 train_time:8446ms step_avg:31.17ms
step:272/1280 train_time:8482ms step_avg:31.18ms
step:273/1280 train_time:8508ms step_avg:31.17ms
step:274/1280 train_time:8543ms step_avg:31.18ms
step:275/1280 train_time:8569ms step_avg:31.16ms
step:276/1280 train_time:8605ms step_avg:31.18ms
step:277/1280 train_time:8631ms step_avg:31.16ms
step:278/1280 train_time:8666ms step_avg:31.17ms
step:279/1280 train_time:8693ms step_avg:31.16ms
step:280/1280 train_time:8728ms step_avg:31.17ms
step:281/1280 train_time:8754ms step_avg:31.15ms
step:282/1280 train_time:8789ms step_avg:31.17ms
step:283/1280 train_time:8816ms step_avg:31.15ms
step:284/1280 train_time:8851ms step_avg:31.16ms
step:285/1280 train_time:8879ms step_avg:31.15ms
step:286/1280 train_time:8913ms step_avg:31.17ms
step:287/1280 train_time:8940ms step_avg:31.15ms
step:288/1280 train_time:8976ms step_avg:31.17ms
step:289/1280 train_time:9003ms step_avg:31.15ms
step:290/1280 train_time:9038ms step_avg:31.17ms
step:291/1280 train_time:9065ms step_avg:31.15ms
step:292/1280 train_time:9101ms step_avg:31.17ms
step:293/1280 train_time:9128ms step_avg:31.15ms
step:294/1280 train_time:9163ms step_avg:31.17ms
step:295/1280 train_time:9190ms step_avg:31.15ms
step:296/1280 train_time:9225ms step_avg:31.17ms
step:297/1280 train_time:9252ms step_avg:31.15ms
step:298/1280 train_time:9287ms step_avg:31.16ms
step:299/1280 train_time:9314ms step_avg:31.15ms
step:300/1280 train_time:9349ms step_avg:31.16ms
step:301/1280 train_time:9375ms step_avg:31.15ms
step:302/1280 train_time:9410ms step_avg:31.16ms
step:303/1280 train_time:9437ms step_avg:31.14ms
step:304/1280 train_time:9471ms step_avg:31.16ms
step:305/1280 train_time:9499ms step_avg:31.14ms
step:306/1280 train_time:9534ms step_avg:31.16ms
step:307/1280 train_time:9561ms step_avg:31.14ms
step:308/1280 train_time:9596ms step_avg:31.16ms
step:309/1280 train_time:9623ms step_avg:31.14ms
step:310/1280 train_time:9658ms step_avg:31.15ms
step:311/1280 train_time:9685ms step_avg:31.14ms
step:312/1280 train_time:9719ms step_avg:31.15ms
step:313/1280 train_time:9746ms step_avg:31.14ms
step:314/1280 train_time:9781ms step_avg:31.15ms
step:315/1280 train_time:9808ms step_avg:31.14ms
step:316/1280 train_time:9843ms step_avg:31.15ms
step:317/1280 train_time:9870ms step_avg:31.14ms
step:318/1280 train_time:9905ms step_avg:31.15ms
step:319/1280 train_time:9932ms step_avg:31.13ms
step:320/1280 train_time:9967ms step_avg:31.15ms
step:321/1280 train_time:9994ms step_avg:31.13ms
step:322/1280 train_time:10029ms step_avg:31.14ms
step:323/1280 train_time:10055ms step_avg:31.13ms
step:324/1280 train_time:10091ms step_avg:31.15ms
step:325/1280 train_time:10117ms step_avg:31.13ms
step:326/1280 train_time:10153ms step_avg:31.14ms
step:327/1280 train_time:10180ms step_avg:31.13ms
step:328/1280 train_time:10215ms step_avg:31.14ms
step:329/1280 train_time:10242ms step_avg:31.13ms
step:330/1280 train_time:10277ms step_avg:31.14ms
step:331/1280 train_time:10304ms step_avg:31.13ms
step:332/1280 train_time:10339ms step_avg:31.14ms
step:333/1280 train_time:10365ms step_avg:31.13ms
step:334/1280 train_time:10401ms step_avg:31.14ms
step:335/1280 train_time:10427ms step_avg:31.13ms
step:336/1280 train_time:10462ms step_avg:31.14ms
step:337/1280 train_time:10489ms step_avg:31.13ms
step:338/1280 train_time:10524ms step_avg:31.14ms
step:339/1280 train_time:10551ms step_avg:31.12ms
step:340/1280 train_time:10586ms step_avg:31.14ms
step:341/1280 train_time:10613ms step_avg:31.12ms
step:342/1280 train_time:10648ms step_avg:31.13ms
step:343/1280 train_time:10674ms step_avg:31.12ms
step:344/1280 train_time:10709ms step_avg:31.13ms
step:345/1280 train_time:10736ms step_avg:31.12ms
step:346/1280 train_time:10771ms step_avg:31.13ms
step:347/1280 train_time:10798ms step_avg:31.12ms
step:348/1280 train_time:10833ms step_avg:31.13ms
step:349/1280 train_time:10860ms step_avg:31.12ms
step:350/1280 train_time:10895ms step_avg:31.13ms
step:351/1280 train_time:10921ms step_avg:31.11ms
step:352/1280 train_time:10956ms step_avg:31.13ms
step:353/1280 train_time:10983ms step_avg:31.11ms
step:354/1280 train_time:11018ms step_avg:31.13ms
step:355/1280 train_time:11045ms step_avg:31.11ms
step:356/1280 train_time:11080ms step_avg:31.12ms
step:357/1280 train_time:11107ms step_avg:31.11ms
step:358/1280 train_time:11142ms step_avg:31.12ms
step:359/1280 train_time:11169ms step_avg:31.11ms
step:360/1280 train_time:11204ms step_avg:31.12ms
step:361/1280 train_time:11230ms step_avg:31.11ms
step:362/1280 train_time:11265ms step_avg:31.12ms
step:363/1280 train_time:11292ms step_avg:31.11ms
step:364/1280 train_time:11327ms step_avg:31.12ms
step:365/1280 train_time:11353ms step_avg:31.10ms
step:366/1280 train_time:11388ms step_avg:31.12ms
step:367/1280 train_time:11415ms step_avg:31.10ms
step:368/1280 train_time:11450ms step_avg:31.12ms
step:369/1280 train_time:11477ms step_avg:31.10ms
step:370/1280 train_time:11513ms step_avg:31.12ms
step:371/1280 train_time:11539ms step_avg:31.10ms
step:372/1280 train_time:11574ms step_avg:31.11ms
step:373/1280 train_time:11601ms step_avg:31.10ms
step:374/1280 train_time:11635ms step_avg:31.11ms
step:375/1280 train_time:11662ms step_avg:31.10ms
step:376/1280 train_time:11698ms step_avg:31.11ms
step:377/1280 train_time:11724ms step_avg:31.10ms
step:378/1280 train_time:11759ms step_avg:31.11ms
step:379/1280 train_time:11786ms step_avg:31.10ms
step:380/1280 train_time:11821ms step_avg:31.11ms
step:381/1280 train_time:11848ms step_avg:31.10ms
step:382/1280 train_time:11883ms step_avg:31.11ms
step:383/1280 train_time:11910ms step_avg:31.10ms
step:384/1280 train_time:11945ms step_avg:31.11ms
step:385/1280 train_time:11971ms step_avg:31.09ms
step:386/1280 train_time:12007ms step_avg:31.10ms
step:387/1280 train_time:12033ms step_avg:31.09ms
step:388/1280 train_time:12068ms step_avg:31.10ms
step:389/1280 train_time:12095ms step_avg:31.09ms
step:390/1280 train_time:12130ms step_avg:31.10ms
step:391/1280 train_time:12157ms step_avg:31.09ms
step:392/1280 train_time:12192ms step_avg:31.10ms
step:393/1280 train_time:12219ms step_avg:31.09ms
step:394/1280 train_time:12253ms step_avg:31.10ms
step:395/1280 train_time:12280ms step_avg:31.09ms
step:396/1280 train_time:12316ms step_avg:31.10ms
step:397/1280 train_time:12342ms step_avg:31.09ms
step:398/1280 train_time:12377ms step_avg:31.10ms
step:399/1280 train_time:12404ms step_avg:31.09ms
step:400/1280 train_time:12439ms step_avg:31.10ms
step:401/1280 train_time:12466ms step_avg:31.09ms
step:402/1280 train_time:12502ms step_avg:31.10ms
step:403/1280 train_time:12528ms step_avg:31.09ms
step:404/1280 train_time:12563ms step_avg:31.10ms
step:405/1280 train_time:12590ms step_avg:31.09ms
step:406/1280 train_time:12626ms step_avg:31.10ms
step:407/1280 train_time:12652ms step_avg:31.09ms
step:408/1280 train_time:12687ms step_avg:31.10ms
step:409/1280 train_time:12714ms step_avg:31.09ms
step:410/1280 train_time:12749ms step_avg:31.09ms
step:411/1280 train_time:12775ms step_avg:31.08ms
step:412/1280 train_time:12811ms step_avg:31.09ms
step:413/1280 train_time:12837ms step_avg:31.08ms
step:414/1280 train_time:12876ms step_avg:31.10ms
step:415/1280 train_time:12927ms step_avg:31.15ms
step:416/1280 train_time:12986ms step_avg:31.22ms
step:417/1280 train_time:13039ms step_avg:31.27ms
step:418/1280 train_time:13097ms step_avg:31.33ms
step:419/1280 train_time:13150ms step_avg:31.39ms
step:420/1280 train_time:13210ms step_avg:31.45ms
step:421/1280 train_time:13262ms step_avg:31.50ms
step:422/1280 train_time:13321ms step_avg:31.57ms
step:423/1280 train_time:13375ms step_avg:31.62ms
step:424/1280 train_time:13434ms step_avg:31.68ms
step:425/1280 train_time:13488ms step_avg:31.74ms
step:426/1280 train_time:13547ms step_avg:31.80ms
step:427/1280 train_time:13600ms step_avg:31.85ms
step:428/1280 train_time:13660ms step_avg:31.92ms
step:429/1280 train_time:13712ms step_avg:31.96ms
step:430/1280 train_time:13772ms step_avg:32.03ms
step:431/1280 train_time:13824ms step_avg:32.07ms
step:432/1280 train_time:13884ms step_avg:32.14ms
step:433/1280 train_time:13936ms step_avg:32.18ms
step:434/1280 train_time:13995ms step_avg:32.25ms
step:435/1280 train_time:14048ms step_avg:32.29ms
step:436/1280 train_time:14107ms step_avg:32.35ms
step:437/1280 train_time:14159ms step_avg:32.40ms
step:438/1280 train_time:14217ms step_avg:32.46ms
step:439/1280 train_time:14271ms step_avg:32.51ms
step:440/1280 train_time:14330ms step_avg:32.57ms
step:441/1280 train_time:14384ms step_avg:32.62ms
step:442/1280 train_time:14442ms step_avg:32.67ms
step:443/1280 train_time:14495ms step_avg:32.72ms
step:444/1280 train_time:14554ms step_avg:32.78ms
step:445/1280 train_time:14608ms step_avg:32.83ms
step:446/1280 train_time:14667ms step_avg:32.89ms
step:447/1280 train_time:14719ms step_avg:32.93ms
step:448/1280 train_time:14778ms step_avg:32.99ms
step:449/1280 train_time:14831ms step_avg:33.03ms
step:450/1280 train_time:14890ms step_avg:33.09ms
step:451/1280 train_time:14943ms step_avg:33.13ms
step:452/1280 train_time:15001ms step_avg:33.19ms
step:453/1280 train_time:15054ms step_avg:33.23ms
step:454/1280 train_time:15113ms step_avg:33.29ms
step:455/1280 train_time:15166ms step_avg:33.33ms
step:456/1280 train_time:15224ms step_avg:33.39ms
step:457/1280 train_time:15277ms step_avg:33.43ms
step:458/1280 train_time:15335ms step_avg:33.48ms
step:459/1280 train_time:15389ms step_avg:33.53ms
step:460/1280 train_time:15448ms step_avg:33.58ms
step:461/1280 train_time:15502ms step_avg:33.63ms
step:462/1280 train_time:15561ms step_avg:33.68ms
step:463/1280 train_time:15615ms step_avg:33.72ms
step:464/1280 train_time:15673ms step_avg:33.78ms
step:465/1280 train_time:15726ms step_avg:33.82ms
step:466/1280 train_time:15784ms step_avg:33.87ms
step:467/1280 train_time:15839ms step_avg:33.92ms
step:468/1280 train_time:15896ms step_avg:33.97ms
step:469/1280 train_time:15950ms step_avg:34.01ms
step:470/1280 train_time:16009ms step_avg:34.06ms
step:471/1280 train_time:16062ms step_avg:34.10ms
step:472/1280 train_time:16121ms step_avg:34.15ms
step:473/1280 train_time:16174ms step_avg:34.19ms
step:474/1280 train_time:16233ms step_avg:34.25ms
step:475/1280 train_time:16285ms step_avg:34.29ms
step:476/1280 train_time:16345ms step_avg:34.34ms
step:477/1280 train_time:16397ms step_avg:34.37ms
step:478/1280 train_time:16456ms step_avg:34.43ms
step:479/1280 train_time:16509ms step_avg:34.47ms
step:480/1280 train_time:16569ms step_avg:34.52ms
step:481/1280 train_time:16620ms step_avg:34.55ms
step:482/1280 train_time:16681ms step_avg:34.61ms
step:483/1280 train_time:16734ms step_avg:34.65ms
step:484/1280 train_time:16793ms step_avg:34.70ms
step:485/1280 train_time:16847ms step_avg:34.74ms
step:486/1280 train_time:16906ms step_avg:34.79ms
step:487/1280 train_time:16960ms step_avg:34.83ms
step:488/1280 train_time:17018ms step_avg:34.87ms
step:489/1280 train_time:17072ms step_avg:34.91ms
step:490/1280 train_time:17130ms step_avg:34.96ms
step:491/1280 train_time:17183ms step_avg:35.00ms
step:492/1280 train_time:17243ms step_avg:35.05ms
step:493/1280 train_time:17296ms step_avg:35.08ms
step:494/1280 train_time:17354ms step_avg:35.13ms
step:495/1280 train_time:17408ms step_avg:35.17ms
step:496/1280 train_time:17467ms step_avg:35.22ms
step:497/1280 train_time:17519ms step_avg:35.25ms
step:498/1280 train_time:17577ms step_avg:35.30ms
step:499/1280 train_time:17631ms step_avg:35.33ms
step:500/1280 train_time:17690ms step_avg:35.38ms
step:500/1280 val_loss:4.1143 train_time:17753ms step_avg:35.51ms
step:501/1280 train_time:17775ms step_avg:35.48ms
step:502/1280 train_time:17804ms step_avg:35.47ms
step:503/1280 train_time:17860ms step_avg:35.51ms
step:504/1280 train_time:17920ms step_avg:35.56ms
step:505/1280 train_time:17978ms step_avg:35.60ms
step:506/1280 train_time:18039ms step_avg:35.65ms
step:507/1280 train_time:18093ms step_avg:35.69ms
step:508/1280 train_time:18151ms step_avg:35.73ms
step:509/1280 train_time:18205ms step_avg:35.77ms
step:510/1280 train_time:18265ms step_avg:35.81ms
step:511/1280 train_time:18317ms step_avg:35.85ms
step:512/1280 train_time:18375ms step_avg:35.89ms
step:513/1280 train_time:18427ms step_avg:35.92ms
step:514/1280 train_time:18485ms step_avg:35.96ms
step:515/1280 train_time:18537ms step_avg:35.99ms
step:516/1280 train_time:18595ms step_avg:36.04ms
step:517/1280 train_time:18648ms step_avg:36.07ms
step:518/1280 train_time:18706ms step_avg:36.11ms
step:519/1280 train_time:18759ms step_avg:36.14ms
step:520/1280 train_time:18818ms step_avg:36.19ms
step:521/1280 train_time:18873ms step_avg:36.22ms
step:522/1280 train_time:18934ms step_avg:36.27ms
step:523/1280 train_time:18990ms step_avg:36.31ms
step:524/1280 train_time:19049ms step_avg:36.35ms
step:525/1280 train_time:19104ms step_avg:36.39ms
step:526/1280 train_time:19163ms step_avg:36.43ms
step:527/1280 train_time:19216ms step_avg:36.46ms
step:528/1280 train_time:19275ms step_avg:36.51ms
step:529/1280 train_time:19327ms step_avg:36.54ms
step:530/1280 train_time:19386ms step_avg:36.58ms
step:531/1280 train_time:19438ms step_avg:36.61ms
step:532/1280 train_time:19496ms step_avg:36.65ms
step:533/1280 train_time:19548ms step_avg:36.68ms
step:534/1280 train_time:19606ms step_avg:36.72ms
step:535/1280 train_time:19659ms step_avg:36.75ms
step:536/1280 train_time:19717ms step_avg:36.79ms
step:537/1280 train_time:19771ms step_avg:36.82ms
step:538/1280 train_time:19830ms step_avg:36.86ms
step:539/1280 train_time:19884ms step_avg:36.89ms
step:540/1280 train_time:19943ms step_avg:36.93ms
step:541/1280 train_time:19998ms step_avg:36.96ms
step:542/1280 train_time:20057ms step_avg:37.01ms
step:543/1280 train_time:20111ms step_avg:37.04ms
step:544/1280 train_time:20170ms step_avg:37.08ms
step:545/1280 train_time:20223ms step_avg:37.11ms
step:546/1280 train_time:20283ms step_avg:37.15ms
step:547/1280 train_time:20334ms step_avg:37.17ms
step:548/1280 train_time:20393ms step_avg:37.21ms
step:549/1280 train_time:20446ms step_avg:37.24ms
step:550/1280 train_time:20505ms step_avg:37.28ms
step:551/1280 train_time:20557ms step_avg:37.31ms
step:552/1280 train_time:20616ms step_avg:37.35ms
step:553/1280 train_time:20669ms step_avg:37.38ms
step:554/1280 train_time:20727ms step_avg:37.41ms
step:555/1280 train_time:20781ms step_avg:37.44ms
step:556/1280 train_time:20839ms step_avg:37.48ms
step:557/1280 train_time:20893ms step_avg:37.51ms
step:558/1280 train_time:20952ms step_avg:37.55ms
step:559/1280 train_time:21006ms step_avg:37.58ms
step:560/1280 train_time:21065ms step_avg:37.62ms
step:561/1280 train_time:21118ms step_avg:37.64ms
step:562/1280 train_time:21177ms step_avg:37.68ms
step:563/1280 train_time:21231ms step_avg:37.71ms
step:564/1280 train_time:21289ms step_avg:37.75ms
step:565/1280 train_time:21342ms step_avg:37.77ms
step:566/1280 train_time:21401ms step_avg:37.81ms
step:567/1280 train_time:21454ms step_avg:37.84ms
step:568/1280 train_time:21513ms step_avg:37.87ms
step:569/1280 train_time:21565ms step_avg:37.90ms
step:570/1280 train_time:21624ms step_avg:37.94ms
step:571/1280 train_time:21677ms step_avg:37.96ms
step:572/1280 train_time:21735ms step_avg:38.00ms
step:573/1280 train_time:21789ms step_avg:38.03ms
step:574/1280 train_time:21847ms step_avg:38.06ms
step:575/1280 train_time:21900ms step_avg:38.09ms
step:576/1280 train_time:21959ms step_avg:38.12ms
step:577/1280 train_time:22013ms step_avg:38.15ms
step:578/1280 train_time:22071ms step_avg:38.19ms
step:579/1280 train_time:22125ms step_avg:38.21ms
step:580/1280 train_time:22185ms step_avg:38.25ms
step:581/1280 train_time:22238ms step_avg:38.27ms
step:582/1280 train_time:22297ms step_avg:38.31ms
step:583/1280 train_time:22350ms step_avg:38.34ms
step:584/1280 train_time:22408ms step_avg:38.37ms
step:585/1280 train_time:22461ms step_avg:38.39ms
step:586/1280 train_time:22520ms step_avg:38.43ms
step:587/1280 train_time:22573ms step_avg:38.45ms
step:588/1280 train_time:22631ms step_avg:38.49ms
step:589/1280 train_time:22685ms step_avg:38.51ms
step:590/1280 train_time:22744ms step_avg:38.55ms
step:591/1280 train_time:22797ms step_avg:38.57ms
step:592/1280 train_time:22856ms step_avg:38.61ms
step:593/1280 train_time:22909ms step_avg:38.63ms
step:594/1280 train_time:22967ms step_avg:38.66ms
step:595/1280 train_time:23021ms step_avg:38.69ms
step:596/1280 train_time:23080ms step_avg:38.72ms
step:597/1280 train_time:23134ms step_avg:38.75ms
step:598/1280 train_time:23193ms step_avg:38.78ms
step:599/1280 train_time:23246ms step_avg:38.81ms
step:600/1280 train_time:23305ms step_avg:38.84ms
step:601/1280 train_time:23358ms step_avg:38.87ms
step:602/1280 train_time:23417ms step_avg:38.90ms
step:603/1280 train_time:23470ms step_avg:38.92ms
step:604/1280 train_time:23527ms step_avg:38.95ms
step:605/1280 train_time:23581ms step_avg:38.98ms
step:606/1280 train_time:23640ms step_avg:39.01ms
step:607/1280 train_time:23693ms step_avg:39.03ms
step:608/1280 train_time:23751ms step_avg:39.06ms
step:609/1280 train_time:23805ms step_avg:39.09ms
step:610/1280 train_time:23864ms step_avg:39.12ms
step:611/1280 train_time:23917ms step_avg:39.14ms
step:612/1280 train_time:23976ms step_avg:39.18ms
step:613/1280 train_time:24029ms step_avg:39.20ms
step:614/1280 train_time:24088ms step_avg:39.23ms
step:615/1280 train_time:24142ms step_avg:39.25ms
step:616/1280 train_time:24201ms step_avg:39.29ms
step:617/1280 train_time:24254ms step_avg:39.31ms
step:618/1280 train_time:24313ms step_avg:39.34ms
step:619/1280 train_time:24366ms step_avg:39.36ms
step:620/1280 train_time:24425ms step_avg:39.39ms
step:621/1280 train_time:24479ms step_avg:39.42ms
step:622/1280 train_time:24537ms step_avg:39.45ms
step:623/1280 train_time:24590ms step_avg:39.47ms
step:624/1280 train_time:24648ms step_avg:39.50ms
step:625/1280 train_time:24702ms step_avg:39.52ms
step:626/1280 train_time:24761ms step_avg:39.55ms
step:627/1280 train_time:24814ms step_avg:39.58ms
step:628/1280 train_time:24872ms step_avg:39.60ms
step:629/1280 train_time:24925ms step_avg:39.63ms
step:630/1280 train_time:24985ms step_avg:39.66ms
step:631/1280 train_time:25038ms step_avg:39.68ms
step:632/1280 train_time:25097ms step_avg:39.71ms
step:633/1280 train_time:25149ms step_avg:39.73ms
step:634/1280 train_time:25209ms step_avg:39.76ms
step:635/1280 train_time:25261ms step_avg:39.78ms
step:636/1280 train_time:25321ms step_avg:39.81ms
step:637/1280 train_time:25374ms step_avg:39.83ms
step:638/1280 train_time:25433ms step_avg:39.86ms
step:639/1280 train_time:25487ms step_avg:39.89ms
step:640/1280 train_time:25545ms step_avg:39.91ms
step:641/1280 train_time:25598ms step_avg:39.93ms
step:642/1280 train_time:25657ms step_avg:39.96ms
step:643/1280 train_time:25710ms step_avg:39.98ms
step:644/1280 train_time:25768ms step_avg:40.01ms
step:645/1280 train_time:25821ms step_avg:40.03ms
step:646/1280 train_time:25880ms step_avg:40.06ms
step:647/1280 train_time:25934ms step_avg:40.08ms
step:648/1280 train_time:25993ms step_avg:40.11ms
step:649/1280 train_time:26046ms step_avg:40.13ms
step:650/1280 train_time:26105ms step_avg:40.16ms
step:651/1280 train_time:26157ms step_avg:40.18ms
step:652/1280 train_time:26217ms step_avg:40.21ms
step:653/1280 train_time:26271ms step_avg:40.23ms
step:654/1280 train_time:26329ms step_avg:40.26ms
step:655/1280 train_time:26383ms step_avg:40.28ms
step:656/1280 train_time:26442ms step_avg:40.31ms
step:657/1280 train_time:26495ms step_avg:40.33ms
step:658/1280 train_time:26554ms step_avg:40.36ms
step:659/1280 train_time:26607ms step_avg:40.37ms
step:660/1280 train_time:26665ms step_avg:40.40ms
step:661/1280 train_time:26719ms step_avg:40.42ms
step:662/1280 train_time:26778ms step_avg:40.45ms
step:663/1280 train_time:26831ms step_avg:40.47ms
step:664/1280 train_time:26889ms step_avg:40.50ms
step:665/1280 train_time:26942ms step_avg:40.51ms
step:666/1280 train_time:27001ms step_avg:40.54ms
step:667/1280 train_time:27054ms step_avg:40.56ms
step:668/1280 train_time:27113ms step_avg:40.59ms
step:669/1280 train_time:27166ms step_avg:40.61ms
step:670/1280 train_time:27225ms step_avg:40.63ms
step:671/1280 train_time:27278ms step_avg:40.65ms
step:672/1280 train_time:27337ms step_avg:40.68ms
step:673/1280 train_time:27391ms step_avg:40.70ms
step:674/1280 train_time:27449ms step_avg:40.73ms
step:675/1280 train_time:27502ms step_avg:40.74ms
step:676/1280 train_time:27561ms step_avg:40.77ms
step:677/1280 train_time:27614ms step_avg:40.79ms
step:678/1280 train_time:27673ms step_avg:40.82ms
step:679/1280 train_time:27726ms step_avg:40.83ms
step:680/1280 train_time:27785ms step_avg:40.86ms
step:681/1280 train_time:27837ms step_avg:40.88ms
step:682/1280 train_time:27896ms step_avg:40.90ms
step:683/1280 train_time:27948ms step_avg:40.92ms
step:684/1280 train_time:28006ms step_avg:40.95ms
step:685/1280 train_time:28060ms step_avg:40.96ms
step:686/1280 train_time:28120ms step_avg:40.99ms
step:687/1280 train_time:28174ms step_avg:41.01ms
step:688/1280 train_time:28233ms step_avg:41.04ms
step:689/1280 train_time:28286ms step_avg:41.05ms
step:690/1280 train_time:28346ms step_avg:41.08ms
step:691/1280 train_time:28399ms step_avg:41.10ms
step:692/1280 train_time:28457ms step_avg:41.12ms
step:693/1280 train_time:28510ms step_avg:41.14ms
step:694/1280 train_time:28568ms step_avg:41.16ms
step:695/1280 train_time:28621ms step_avg:41.18ms
step:696/1280 train_time:28680ms step_avg:41.21ms
step:697/1280 train_time:28734ms step_avg:41.22ms
step:698/1280 train_time:28792ms step_avg:41.25ms
step:699/1280 train_time:28844ms step_avg:41.27ms
step:700/1280 train_time:28904ms step_avg:41.29ms
step:701/1280 train_time:28956ms step_avg:41.31ms
step:702/1280 train_time:29016ms step_avg:41.33ms
step:703/1280 train_time:29068ms step_avg:41.35ms
step:704/1280 train_time:29127ms step_avg:41.37ms
step:705/1280 train_time:29181ms step_avg:41.39ms
step:706/1280 train_time:29240ms step_avg:41.42ms
step:707/1280 train_time:29293ms step_avg:41.43ms
step:708/1280 train_time:29351ms step_avg:41.46ms
step:709/1280 train_time:29405ms step_avg:41.47ms
step:710/1280 train_time:29463ms step_avg:41.50ms
step:711/1280 train_time:29517ms step_avg:41.51ms
step:712/1280 train_time:29576ms step_avg:41.54ms
step:713/1280 train_time:29629ms step_avg:41.56ms
step:714/1280 train_time:29688ms step_avg:41.58ms
step:715/1280 train_time:29740ms step_avg:41.60ms
step:716/1280 train_time:29799ms step_avg:41.62ms
step:717/1280 train_time:29851ms step_avg:41.63ms
step:718/1280 train_time:29910ms step_avg:41.66ms
step:719/1280 train_time:29963ms step_avg:41.67ms
step:720/1280 train_time:30022ms step_avg:41.70ms
step:721/1280 train_time:30076ms step_avg:41.71ms
step:722/1280 train_time:30135ms step_avg:41.74ms
step:723/1280 train_time:30188ms step_avg:41.75ms
step:724/1280 train_time:30246ms step_avg:41.78ms
step:725/1280 train_time:30299ms step_avg:41.79ms
step:726/1280 train_time:30357ms step_avg:41.81ms
step:727/1280 train_time:30411ms step_avg:41.83ms
step:728/1280 train_time:30469ms step_avg:41.85ms
step:729/1280 train_time:30523ms step_avg:41.87ms
step:730/1280 train_time:30582ms step_avg:41.89ms
step:731/1280 train_time:30635ms step_avg:41.91ms
step:732/1280 train_time:30694ms step_avg:41.93ms
step:733/1280 train_time:30746ms step_avg:41.95ms
step:734/1280 train_time:30805ms step_avg:41.97ms
step:735/1280 train_time:30859ms step_avg:41.98ms
step:736/1280 train_time:30917ms step_avg:42.01ms
step:737/1280 train_time:30970ms step_avg:42.02ms
step:738/1280 train_time:31028ms step_avg:42.04ms
step:739/1280 train_time:31082ms step_avg:42.06ms
step:740/1280 train_time:31141ms step_avg:42.08ms
step:741/1280 train_time:31194ms step_avg:42.10ms
step:742/1280 train_time:31253ms step_avg:42.12ms
step:743/1280 train_time:31306ms step_avg:42.13ms
step:744/1280 train_time:31365ms step_avg:42.16ms
step:745/1280 train_time:31418ms step_avg:42.17ms
step:746/1280 train_time:31477ms step_avg:42.19ms
step:747/1280 train_time:31530ms step_avg:42.21ms
step:748/1280 train_time:31588ms step_avg:42.23ms
step:749/1280 train_time:31642ms step_avg:42.25ms
step:750/1280 train_time:31700ms step_avg:42.27ms
step:750/1280 val_loss:3.6897 train_time:31763ms step_avg:42.35ms
step:751/1280 train_time:31784ms step_avg:42.32ms
step:752/1280 train_time:31816ms step_avg:42.31ms
step:753/1280 train_time:31870ms step_avg:42.32ms
step:754/1280 train_time:31931ms step_avg:42.35ms
step:755/1280 train_time:31985ms step_avg:42.36ms
step:756/1280 train_time:32045ms step_avg:42.39ms
step:757/1280 train_time:32098ms step_avg:42.40ms
step:758/1280 train_time:32157ms step_avg:42.42ms
step:759/1280 train_time:32211ms step_avg:42.44ms
step:760/1280 train_time:32269ms step_avg:42.46ms
step:761/1280 train_time:32321ms step_avg:42.47ms
step:762/1280 train_time:32380ms step_avg:42.49ms
step:763/1280 train_time:32431ms step_avg:42.50ms
step:764/1280 train_time:32491ms step_avg:42.53ms
step:765/1280 train_time:32543ms step_avg:42.54ms
step:766/1280 train_time:32601ms step_avg:42.56ms
step:767/1280 train_time:32653ms step_avg:42.57ms
step:768/1280 train_time:32712ms step_avg:42.59ms
step:769/1280 train_time:32766ms step_avg:42.61ms
step:770/1280 train_time:32826ms step_avg:42.63ms
step:771/1280 train_time:32880ms step_avg:42.65ms
step:772/1280 train_time:32940ms step_avg:42.67ms
step:773/1280 train_time:32994ms step_avg:42.68ms
step:774/1280 train_time:33054ms step_avg:42.71ms
step:775/1280 train_time:33109ms step_avg:42.72ms
step:776/1280 train_time:33168ms step_avg:42.74ms
step:777/1280 train_time:33220ms step_avg:42.75ms
step:778/1280 train_time:33278ms step_avg:42.77ms
step:779/1280 train_time:33331ms step_avg:42.79ms
step:780/1280 train_time:33389ms step_avg:42.81ms
step:781/1280 train_time:33442ms step_avg:42.82ms
step:782/1280 train_time:33501ms step_avg:42.84ms
step:783/1280 train_time:33553ms step_avg:42.85ms
step:784/1280 train_time:33611ms step_avg:42.87ms
step:785/1280 train_time:33664ms step_avg:42.88ms
step:786/1280 train_time:33723ms step_avg:42.90ms
step:787/1280 train_time:33777ms step_avg:42.92ms
step:788/1280 train_time:33835ms step_avg:42.94ms
step:789/1280 train_time:33888ms step_avg:42.95ms
step:790/1280 train_time:33948ms step_avg:42.97ms
step:791/1280 train_time:34002ms step_avg:42.99ms
step:792/1280 train_time:34061ms step_avg:43.01ms
step:793/1280 train_time:34115ms step_avg:43.02ms
step:794/1280 train_time:34173ms step_avg:43.04ms
step:795/1280 train_time:34227ms step_avg:43.05ms
step:796/1280 train_time:34285ms step_avg:43.07ms
step:797/1280 train_time:34338ms step_avg:43.08ms
step:798/1280 train_time:34396ms step_avg:43.10ms
step:799/1280 train_time:34449ms step_avg:43.12ms
step:800/1280 train_time:34508ms step_avg:43.13ms
step:801/1280 train_time:34561ms step_avg:43.15ms
step:802/1280 train_time:34619ms step_avg:43.17ms
step:803/1280 train_time:34671ms step_avg:43.18ms
step:804/1280 train_time:34731ms step_avg:43.20ms
step:805/1280 train_time:34783ms step_avg:43.21ms
step:806/1280 train_time:34842ms step_avg:43.23ms
step:807/1280 train_time:34895ms step_avg:43.24ms
step:808/1280 train_time:34955ms step_avg:43.26ms
step:809/1280 train_time:35009ms step_avg:43.27ms
step:810/1280 train_time:35068ms step_avg:43.29ms
step:811/1280 train_time:35121ms step_avg:43.31ms
step:812/1280 train_time:35180ms step_avg:43.32ms
step:813/1280 train_time:35233ms step_avg:43.34ms
step:814/1280 train_time:35292ms step_avg:43.36ms
step:815/1280 train_time:35345ms step_avg:43.37ms
step:816/1280 train_time:35403ms step_avg:43.39ms
step:817/1280 train_time:35455ms step_avg:43.40ms
step:818/1280 train_time:35513ms step_avg:43.41ms
step:819/1280 train_time:35566ms step_avg:43.43ms
step:820/1280 train_time:35625ms step_avg:43.45ms
step:821/1280 train_time:35677ms step_avg:43.46ms
step:822/1280 train_time:35736ms step_avg:43.47ms
step:823/1280 train_time:35790ms step_avg:43.49ms
step:824/1280 train_time:35849ms step_avg:43.51ms
step:825/1280 train_time:35902ms step_avg:43.52ms
step:826/1280 train_time:35962ms step_avg:43.54ms
step:827/1280 train_time:36016ms step_avg:43.55ms
step:828/1280 train_time:36078ms step_avg:43.57ms
step:829/1280 train_time:36159ms step_avg:43.62ms
step:830/1280 train_time:36243ms step_avg:43.67ms
step:831/1280 train_time:36322ms step_avg:43.71ms
step:832/1280 train_time:36407ms step_avg:43.76ms
step:833/1280 train_time:36485ms step_avg:43.80ms
step:834/1280 train_time:36569ms step_avg:43.85ms
step:835/1280 train_time:36647ms step_avg:43.89ms
step:836/1280 train_time:36730ms step_avg:43.94ms
step:837/1280 train_time:36808ms step_avg:43.98ms
step:838/1280 train_time:36893ms step_avg:44.02ms
step:839/1280 train_time:36973ms step_avg:44.07ms
step:840/1280 train_time:37056ms step_avg:44.11ms
step:841/1280 train_time:37133ms step_avg:44.15ms
step:842/1280 train_time:37218ms step_avg:44.20ms
step:843/1280 train_time:37295ms step_avg:44.24ms
step:844/1280 train_time:37381ms step_avg:44.29ms
step:845/1280 train_time:37460ms step_avg:44.33ms
step:846/1280 train_time:37544ms step_avg:44.38ms
step:847/1280 train_time:37624ms step_avg:44.42ms
step:848/1280 train_time:37708ms step_avg:44.47ms
step:849/1280 train_time:37787ms step_avg:44.51ms
step:850/1280 train_time:37872ms step_avg:44.56ms
step:851/1280 train_time:37951ms step_avg:44.60ms
step:852/1280 train_time:38035ms step_avg:44.64ms
step:853/1280 train_time:38115ms step_avg:44.68ms
step:854/1280 train_time:38199ms step_avg:44.73ms
step:855/1280 train_time:38279ms step_avg:44.77ms
step:856/1280 train_time:38363ms step_avg:44.82ms
step:857/1280 train_time:38442ms step_avg:44.86ms
step:858/1280 train_time:38526ms step_avg:44.90ms
step:859/1280 train_time:38605ms step_avg:44.94ms
step:860/1280 train_time:38689ms step_avg:44.99ms
step:861/1280 train_time:38769ms step_avg:45.03ms
step:862/1280 train_time:38854ms step_avg:45.07ms
step:863/1280 train_time:38932ms step_avg:45.11ms
step:864/1280 train_time:39017ms step_avg:45.16ms
step:865/1280 train_time:39095ms step_avg:45.20ms
step:866/1280 train_time:39179ms step_avg:45.24ms
step:867/1280 train_time:39258ms step_avg:45.28ms
step:868/1280 train_time:39342ms step_avg:45.32ms
step:869/1280 train_time:39421ms step_avg:45.36ms
step:870/1280 train_time:39505ms step_avg:45.41ms
step:871/1280 train_time:39585ms step_avg:45.45ms
step:872/1280 train_time:39669ms step_avg:45.49ms
step:873/1280 train_time:39747ms step_avg:45.53ms
step:874/1280 train_time:39832ms step_avg:45.57ms
step:875/1280 train_time:39912ms step_avg:45.61ms
step:876/1280 train_time:39997ms step_avg:45.66ms
step:877/1280 train_time:40076ms step_avg:45.70ms
step:878/1280 train_time:40160ms step_avg:45.74ms
step:879/1280 train_time:40237ms step_avg:45.78ms
step:880/1280 train_time:40322ms step_avg:45.82ms
step:881/1280 train_time:40401ms step_avg:45.86ms
step:882/1280 train_time:40487ms step_avg:45.90ms
step:883/1280 train_time:40567ms step_avg:45.94ms
step:884/1280 train_time:40651ms step_avg:45.99ms
step:885/1280 train_time:40730ms step_avg:46.02ms
step:886/1280 train_time:40816ms step_avg:46.07ms
step:887/1280 train_time:40893ms step_avg:46.10ms
step:888/1280 train_time:40978ms step_avg:46.15ms
step:889/1280 train_time:41057ms step_avg:46.18ms
step:890/1280 train_time:41141ms step_avg:46.23ms
step:891/1280 train_time:41220ms step_avg:46.26ms
step:892/1280 train_time:41303ms step_avg:46.30ms
step:893/1280 train_time:41382ms step_avg:46.34ms
step:894/1280 train_time:41467ms step_avg:46.38ms
step:895/1280 train_time:41546ms step_avg:46.42ms
step:896/1280 train_time:41631ms step_avg:46.46ms
step:897/1280 train_time:41711ms step_avg:46.50ms
step:898/1280 train_time:41793ms step_avg:46.54ms
step:899/1280 train_time:41873ms step_avg:46.58ms
step:900/1280 train_time:41959ms step_avg:46.62ms
step:901/1280 train_time:42037ms step_avg:46.66ms
step:902/1280 train_time:42121ms step_avg:46.70ms
step:903/1280 train_time:42200ms step_avg:46.73ms
step:904/1280 train_time:42284ms step_avg:46.77ms
step:905/1280 train_time:42363ms step_avg:46.81ms
step:906/1280 train_time:42447ms step_avg:46.85ms
step:907/1280 train_time:42525ms step_avg:46.89ms
step:908/1280 train_time:42613ms step_avg:46.93ms
step:909/1280 train_time:42692ms step_avg:46.97ms
step:910/1280 train_time:42775ms step_avg:47.01ms
step:911/1280 train_time:42853ms step_avg:47.04ms
step:912/1280 train_time:42937ms step_avg:47.08ms
step:913/1280 train_time:43015ms step_avg:47.11ms
step:914/1280 train_time:43099ms step_avg:47.15ms
step:915/1280 train_time:43177ms step_avg:47.19ms
step:916/1280 train_time:43260ms step_avg:47.23ms
step:917/1280 train_time:43339ms step_avg:47.26ms
step:918/1280 train_time:43423ms step_avg:47.30ms
step:919/1280 train_time:43503ms step_avg:47.34ms
step:920/1280 train_time:43589ms step_avg:47.38ms
step:921/1280 train_time:43669ms step_avg:47.41ms
step:922/1280 train_time:43754ms step_avg:47.46ms
step:923/1280 train_time:43833ms step_avg:47.49ms
step:924/1280 train_time:43917ms step_avg:47.53ms
step:925/1280 train_time:43994ms step_avg:47.56ms
step:926/1280 train_time:44077ms step_avg:47.60ms
step:927/1280 train_time:44155ms step_avg:47.63ms
step:928/1280 train_time:44240ms step_avg:47.67ms
step:929/1280 train_time:44318ms step_avg:47.71ms
step:930/1280 train_time:44401ms step_avg:47.74ms
step:931/1280 train_time:44481ms step_avg:47.78ms
step:932/1280 train_time:44569ms step_avg:47.82ms
step:933/1280 train_time:44648ms step_avg:47.85ms
step:934/1280 train_time:44734ms step_avg:47.90ms
step:935/1280 train_time:44813ms step_avg:47.93ms
step:936/1280 train_time:44896ms step_avg:47.97ms
step:937/1280 train_time:44974ms step_avg:48.00ms
step:938/1280 train_time:45058ms step_avg:48.04ms
step:939/1280 train_time:45135ms step_avg:48.07ms
step:940/1280 train_time:45219ms step_avg:48.11ms
step:941/1280 train_time:45297ms step_avg:48.14ms
step:942/1280 train_time:45381ms step_avg:48.18ms
step:943/1280 train_time:45461ms step_avg:48.21ms
step:944/1280 train_time:45547ms step_avg:48.25ms
step:945/1280 train_time:45627ms step_avg:48.28ms
step:946/1280 train_time:45712ms step_avg:48.32ms
step:947/1280 train_time:45791ms step_avg:48.35ms
step:948/1280 train_time:45874ms step_avg:48.39ms
step:949/1280 train_time:45952ms step_avg:48.42ms
step:950/1280 train_time:46036ms step_avg:48.46ms
step:951/1280 train_time:46115ms step_avg:48.49ms
step:952/1280 train_time:46198ms step_avg:48.53ms
step:953/1280 train_time:46276ms step_avg:48.56ms
step:954/1280 train_time:46360ms step_avg:48.60ms
step:955/1280 train_time:46438ms step_avg:48.63ms
step:956/1280 train_time:46525ms step_avg:48.67ms
step:957/1280 train_time:46605ms step_avg:48.70ms
step:958/1280 train_time:46689ms step_avg:48.74ms
step:959/1280 train_time:46769ms step_avg:48.77ms
step:960/1280 train_time:46854ms step_avg:48.81ms
step:961/1280 train_time:46934ms step_avg:48.84ms
step:962/1280 train_time:47019ms step_avg:48.88ms
step:963/1280 train_time:47097ms step_avg:48.91ms
step:964/1280 train_time:47181ms step_avg:48.94ms
step:965/1280 train_time:47261ms step_avg:48.98ms
step:966/1280 train_time:47345ms step_avg:49.01ms
step:967/1280 train_time:47424ms step_avg:49.04ms
step:968/1280 train_time:47508ms step_avg:49.08ms
step:969/1280 train_time:47587ms step_avg:49.11ms
step:970/1280 train_time:47671ms step_avg:49.15ms
step:971/1280 train_time:47750ms step_avg:49.18ms
step:972/1280 train_time:47835ms step_avg:49.21ms
step:973/1280 train_time:47914ms step_avg:49.24ms
step:974/1280 train_time:47997ms step_avg:49.28ms
step:975/1280 train_time:48074ms step_avg:49.31ms
step:976/1280 train_time:48158ms step_avg:49.34ms
step:977/1280 train_time:48236ms step_avg:49.37ms
step:978/1280 train_time:48320ms step_avg:49.41ms
step:979/1280 train_time:48398ms step_avg:49.44ms
step:980/1280 train_time:48484ms step_avg:49.47ms
step:981/1280 train_time:48565ms step_avg:49.51ms
step:982/1280 train_time:48651ms step_avg:49.54ms
step:983/1280 train_time:48731ms step_avg:49.57ms
step:984/1280 train_time:48816ms step_avg:49.61ms
step:985/1280 train_time:48893ms step_avg:49.64ms
step:986/1280 train_time:48978ms step_avg:49.67ms
step:987/1280 train_time:49055ms step_avg:49.70ms
step:988/1280 train_time:49138ms step_avg:49.74ms
step:989/1280 train_time:49215ms step_avg:49.76ms
step:990/1280 train_time:49300ms step_avg:49.80ms
step:991/1280 train_time:49379ms step_avg:49.83ms
step:992/1280 train_time:49464ms step_avg:49.86ms
step:993/1280 train_time:49543ms step_avg:49.89ms
step:994/1280 train_time:49628ms step_avg:49.93ms
step:995/1280 train_time:49707ms step_avg:49.96ms
step:996/1280 train_time:49792ms step_avg:49.99ms
step:997/1280 train_time:49871ms step_avg:50.02ms
step:998/1280 train_time:49955ms step_avg:50.05ms
step:999/1280 train_time:50033ms step_avg:50.08ms
step:1000/1280 train_time:50118ms step_avg:50.12ms
step:1000/1280 val_loss:3.4443 train_time:50207ms step_avg:50.21ms
step:1001/1280 train_time:50230ms step_avg:50.18ms
step:1002/1280 train_time:50285ms step_avg:50.18ms
step:1003/1280 train_time:50366ms step_avg:50.22ms
step:1004/1280 train_time:50453ms step_avg:50.25ms
step:1005/1280 train_time:50532ms step_avg:50.28ms
step:1006/1280 train_time:50615ms step_avg:50.31ms
step:1007/1280 train_time:50693ms step_avg:50.34ms
step:1008/1280 train_time:50776ms step_avg:50.37ms
step:1009/1280 train_time:50853ms step_avg:50.40ms
step:1010/1280 train_time:50937ms step_avg:50.43ms
step:1011/1280 train_time:51013ms step_avg:50.46ms
step:1012/1280 train_time:51097ms step_avg:50.49ms
step:1013/1280 train_time:51176ms step_avg:50.52ms
step:1014/1280 train_time:51261ms step_avg:50.55ms
step:1015/1280 train_time:51343ms step_avg:50.58ms
step:1016/1280 train_time:51430ms step_avg:50.62ms
step:1017/1280 train_time:51509ms step_avg:50.65ms
step:1018/1280 train_time:51592ms step_avg:50.68ms
step:1019/1280 train_time:51671ms step_avg:50.71ms
step:1020/1280 train_time:51756ms step_avg:50.74ms
step:1021/1280 train_time:51834ms step_avg:50.77ms
step:1022/1280 train_time:51916ms step_avg:50.80ms
step:1023/1280 train_time:51995ms step_avg:50.83ms
step:1024/1280 train_time:52077ms step_avg:50.86ms
step:1025/1280 train_time:52156ms step_avg:50.88ms
step:1026/1280 train_time:52241ms step_avg:50.92ms
step:1027/1280 train_time:52321ms step_avg:50.95ms
step:1028/1280 train_time:52408ms step_avg:50.98ms
step:1029/1280 train_time:52490ms step_avg:51.01ms
step:1030/1280 train_time:52574ms step_avg:51.04ms
step:1031/1280 train_time:52652ms step_avg:51.07ms
step:1032/1280 train_time:52736ms step_avg:51.10ms
step:1033/1280 train_time:52814ms step_avg:51.13ms
step:1034/1280 train_time:52896ms step_avg:51.16ms
step:1035/1280 train_time:52975ms step_avg:51.18ms
step:1036/1280 train_time:53059ms step_avg:51.22ms
step:1037/1280 train_time:53137ms step_avg:51.24ms
step:1038/1280 train_time:53221ms step_avg:51.27ms
step:1039/1280 train_time:53300ms step_avg:51.30ms
step:1040/1280 train_time:53387ms step_avg:51.33ms
step:1041/1280 train_time:53468ms step_avg:51.36ms
step:1042/1280 train_time:53551ms step_avg:51.39ms
step:1043/1280 train_time:53630ms step_avg:51.42ms
step:1044/1280 train_time:53713ms step_avg:51.45ms
step:1045/1280 train_time:53793ms step_avg:51.48ms
step:1046/1280 train_time:53876ms step_avg:51.51ms
step:1047/1280 train_time:53954ms step_avg:51.53ms
step:1048/1280 train_time:54038ms step_avg:51.56ms
step:1049/1280 train_time:54115ms step_avg:51.59ms
step:1050/1280 train_time:54200ms step_avg:51.62ms
step:1051/1280 train_time:54280ms step_avg:51.65ms
step:1052/1280 train_time:54367ms step_avg:51.68ms
step:1053/1280 train_time:54447ms step_avg:51.71ms
step:1054/1280 train_time:54534ms step_avg:51.74ms
step:1055/1280 train_time:54612ms step_avg:51.76ms
step:1056/1280 train_time:54696ms step_avg:51.80ms
step:1057/1280 train_time:54774ms step_avg:51.82ms
step:1058/1280 train_time:54857ms step_avg:51.85ms
step:1059/1280 train_time:54936ms step_avg:51.88ms
step:1060/1280 train_time:55020ms step_avg:51.91ms
step:1061/1280 train_time:55098ms step_avg:51.93ms
step:1062/1280 train_time:55182ms step_avg:51.96ms
step:1063/1280 train_time:55260ms step_avg:51.99ms
step:1064/1280 train_time:55346ms step_avg:52.02ms
step:1065/1280 train_time:55426ms step_avg:52.04ms
step:1066/1280 train_time:55513ms step_avg:52.08ms
step:1067/1280 train_time:55593ms step_avg:52.10ms
step:1068/1280 train_time:55676ms step_avg:52.13ms
step:1069/1280 train_time:55754ms step_avg:52.16ms
step:1070/1280 train_time:55840ms step_avg:52.19ms
step:1071/1280 train_time:55916ms step_avg:52.21ms
step:1072/1280 train_time:56000ms step_avg:52.24ms
step:1073/1280 train_time:56078ms step_avg:52.26ms
step:1074/1280 train_time:56162ms step_avg:52.29ms
step:1075/1280 train_time:56240ms step_avg:52.32ms
step:1076/1280 train_time:56326ms step_avg:52.35ms
step:1077/1280 train_time:56407ms step_avg:52.37ms
step:1078/1280 train_time:56493ms step_avg:52.41ms
step:1079/1280 train_time:56571ms step_avg:52.43ms
step:1080/1280 train_time:56656ms step_avg:52.46ms
step:1081/1280 train_time:56734ms step_avg:52.48ms
step:1082/1280 train_time:56818ms step_avg:52.51ms
step:1083/1280 train_time:56895ms step_avg:52.53ms
step:1084/1280 train_time:56979ms step_avg:52.56ms
step:1085/1280 train_time:57058ms step_avg:52.59ms
step:1086/1280 train_time:57143ms step_avg:52.62ms
step:1087/1280 train_time:57220ms step_avg:52.64ms
step:1088/1280 train_time:57306ms step_avg:52.67ms
step:1089/1280 train_time:57387ms step_avg:52.70ms
step:1090/1280 train_time:57472ms step_avg:52.73ms
step:1091/1280 train_time:57551ms step_avg:52.75ms
step:1092/1280 train_time:57634ms step_avg:52.78ms
step:1093/1280 train_time:57714ms step_avg:52.80ms
step:1094/1280 train_time:57799ms step_avg:52.83ms
step:1095/1280 train_time:57877ms step_avg:52.86ms
step:1096/1280 train_time:57960ms step_avg:52.88ms
step:1097/1280 train_time:58038ms step_avg:52.91ms
step:1098/1280 train_time:58122ms step_avg:52.93ms
step:1099/1280 train_time:58202ms step_avg:52.96ms
step:1100/1280 train_time:58288ms step_avg:52.99ms
step:1101/1280 train_time:58367ms step_avg:53.01ms
step:1102/1280 train_time:58452ms step_avg:53.04ms
step:1103/1280 train_time:58531ms step_avg:53.07ms
step:1104/1280 train_time:58615ms step_avg:53.09ms
step:1105/1280 train_time:58694ms step_avg:53.12ms
step:1106/1280 train_time:58780ms step_avg:53.15ms
step:1107/1280 train_time:58859ms step_avg:53.17ms
step:1108/1280 train_time:58942ms step_avg:53.20ms
step:1109/1280 train_time:59019ms step_avg:53.22ms
step:1110/1280 train_time:59103ms step_avg:53.25ms
step:1111/1280 train_time:59182ms step_avg:53.27ms
step:1112/1280 train_time:59267ms step_avg:53.30ms
step:1113/1280 train_time:59346ms step_avg:53.32ms
step:1114/1280 train_time:59431ms step_avg:53.35ms
step:1115/1280 train_time:59511ms step_avg:53.37ms
step:1116/1280 train_time:59596ms step_avg:53.40ms
step:1117/1280 train_time:59674ms step_avg:53.42ms
step:1118/1280 train_time:59760ms step_avg:53.45ms
step:1119/1280 train_time:59839ms step_avg:53.47ms
step:1120/1280 train_time:59921ms step_avg:53.50ms
step:1121/1280 train_time:59999ms step_avg:53.52ms
step:1122/1280 train_time:60084ms step_avg:53.55ms
step:1123/1280 train_time:60164ms step_avg:53.57ms
step:1124/1280 train_time:60249ms step_avg:53.60ms
step:1125/1280 train_time:60327ms step_avg:53.62ms
step:1126/1280 train_time:60413ms step_avg:53.65ms
step:1127/1280 train_time:60494ms step_avg:53.68ms
step:1128/1280 train_time:60577ms step_avg:53.70ms
step:1129/1280 train_time:60655ms step_avg:53.72ms
step:1130/1280 train_time:60738ms step_avg:53.75ms
step:1131/1280 train_time:60816ms step_avg:53.77ms
step:1132/1280 train_time:60900ms step_avg:53.80ms
step:1133/1280 train_time:60979ms step_avg:53.82ms
step:1134/1280 train_time:61064ms step_avg:53.85ms
step:1135/1280 train_time:61143ms step_avg:53.87ms
step:1136/1280 train_time:61227ms step_avg:53.90ms
step:1137/1280 train_time:61306ms step_avg:53.92ms
step:1138/1280 train_time:61392ms step_avg:53.95ms
step:1139/1280 train_time:61471ms step_avg:53.97ms
step:1140/1280 train_time:61555ms step_avg:54.00ms
step:1141/1280 train_time:61636ms step_avg:54.02ms
step:1142/1280 train_time:61720ms step_avg:54.05ms
step:1143/1280 train_time:61798ms step_avg:54.07ms
step:1144/1280 train_time:61882ms step_avg:54.09ms
step:1145/1280 train_time:61961ms step_avg:54.11ms
step:1146/1280 train_time:62044ms step_avg:54.14ms
step:1147/1280 train_time:62123ms step_avg:54.16ms
step:1148/1280 train_time:62207ms step_avg:54.19ms
step:1149/1280 train_time:62288ms step_avg:54.21ms
step:1150/1280 train_time:62374ms step_avg:54.24ms
step:1151/1280 train_time:62454ms step_avg:54.26ms
step:1152/1280 train_time:62538ms step_avg:54.29ms
step:1153/1280 train_time:62616ms step_avg:54.31ms
step:1154/1280 train_time:62699ms step_avg:54.33ms
step:1155/1280 train_time:62776ms step_avg:54.35ms
step:1156/1280 train_time:62860ms step_avg:54.38ms
step:1157/1280 train_time:62937ms step_avg:54.40ms
step:1158/1280 train_time:63021ms step_avg:54.42ms
step:1159/1280 train_time:63100ms step_avg:54.44ms
step:1160/1280 train_time:63186ms step_avg:54.47ms
step:1161/1280 train_time:63265ms step_avg:54.49ms
step:1162/1280 train_time:63351ms step_avg:54.52ms
step:1163/1280 train_time:63431ms step_avg:54.54ms
step:1164/1280 train_time:63515ms step_avg:54.57ms
step:1165/1280 train_time:63593ms step_avg:54.59ms
step:1166/1280 train_time:63677ms step_avg:54.61ms
step:1167/1280 train_time:63758ms step_avg:54.63ms
step:1168/1280 train_time:63841ms step_avg:54.66ms
step:1169/1280 train_time:63918ms step_avg:54.68ms
step:1170/1280 train_time:64002ms step_avg:54.70ms
step:1171/1280 train_time:64082ms step_avg:54.72ms
step:1172/1280 train_time:64169ms step_avg:54.75ms
step:1173/1280 train_time:64248ms step_avg:54.77ms
step:1174/1280 train_time:64331ms step_avg:54.80ms
step:1175/1280 train_time:64410ms step_avg:54.82ms
step:1176/1280 train_time:64496ms step_avg:54.84ms
step:1177/1280 train_time:64574ms step_avg:54.86ms
step:1178/1280 train_time:64658ms step_avg:54.89ms
step:1179/1280 train_time:64737ms step_avg:54.91ms
step:1180/1280 train_time:64820ms step_avg:54.93ms
step:1181/1280 train_time:64898ms step_avg:54.95ms
step:1182/1280 train_time:64983ms step_avg:54.98ms
step:1183/1280 train_time:65062ms step_avg:55.00ms
step:1184/1280 train_time:65146ms step_avg:55.02ms
step:1185/1280 train_time:65226ms step_avg:55.04ms
step:1186/1280 train_time:65312ms step_avg:55.07ms
step:1187/1280 train_time:65393ms step_avg:55.09ms
step:1188/1280 train_time:65476ms step_avg:55.11ms
step:1189/1280 train_time:65554ms step_avg:55.13ms
step:1190/1280 train_time:65640ms step_avg:55.16ms
step:1191/1280 train_time:65717ms step_avg:55.18ms
step:1192/1280 train_time:65801ms step_avg:55.20ms
step:1193/1280 train_time:65879ms step_avg:55.22ms
step:1194/1280 train_time:65963ms step_avg:55.25ms
step:1195/1280 train_time:66042ms step_avg:55.27ms
step:1196/1280 train_time:66126ms step_avg:55.29ms
step:1197/1280 train_time:66207ms step_avg:55.31ms
step:1198/1280 train_time:66292ms step_avg:55.34ms
step:1199/1280 train_time:66372ms step_avg:55.36ms
step:1200/1280 train_time:66455ms step_avg:55.38ms
step:1201/1280 train_time:66534ms step_avg:55.40ms
step:1202/1280 train_time:66619ms step_avg:55.42ms
step:1203/1280 train_time:66697ms step_avg:55.44ms
step:1204/1280 train_time:66781ms step_avg:55.47ms
step:1205/1280 train_time:66859ms step_avg:55.48ms
step:1206/1280 train_time:66944ms step_avg:55.51ms
step:1207/1280 train_time:67023ms step_avg:55.53ms
step:1208/1280 train_time:67107ms step_avg:55.55ms
step:1209/1280 train_time:67187ms step_avg:55.57ms
step:1210/1280 train_time:67271ms step_avg:55.60ms
step:1211/1280 train_time:67349ms step_avg:55.61ms
step:1212/1280 train_time:67436ms step_avg:55.64ms
step:1213/1280 train_time:67513ms step_avg:55.66ms
step:1214/1280 train_time:67597ms step_avg:55.68ms
step:1215/1280 train_time:67676ms step_avg:55.70ms
step:1216/1280 train_time:67760ms step_avg:55.72ms
step:1217/1280 train_time:67838ms step_avg:55.74ms
step:1218/1280 train_time:67922ms step_avg:55.77ms
step:1219/1280 train_time:68001ms step_avg:55.78ms
step:1220/1280 train_time:68086ms step_avg:55.81ms
step:1221/1280 train_time:68166ms step_avg:55.83ms
step:1222/1280 train_time:68251ms step_avg:55.85ms
step:1223/1280 train_time:68331ms step_avg:55.87ms
step:1224/1280 train_time:68415ms step_avg:55.89ms
step:1225/1280 train_time:68493ms step_avg:55.91ms
step:1226/1280 train_time:68577ms step_avg:55.94ms
step:1227/1280 train_time:68656ms step_avg:55.95ms
step:1228/1280 train_time:68740ms step_avg:55.98ms
step:1229/1280 train_time:68819ms step_avg:56.00ms
step:1230/1280 train_time:68903ms step_avg:56.02ms
step:1231/1280 train_time:68983ms step_avg:56.04ms
step:1232/1280 train_time:69067ms step_avg:56.06ms
step:1233/1280 train_time:69147ms step_avg:56.08ms
step:1234/1280 train_time:69232ms step_avg:56.10ms
step:1235/1280 train_time:69312ms step_avg:56.12ms
step:1236/1280 train_time:69396ms step_avg:56.15ms
step:1237/1280 train_time:69476ms step_avg:56.16ms
step:1238/1280 train_time:69561ms step_avg:56.19ms
step:1239/1280 train_time:69639ms step_avg:56.21ms
step:1240/1280 train_time:69722ms step_avg:56.23ms
step:1241/1280 train_time:69802ms step_avg:56.25ms
step:1242/1280 train_time:69891ms step_avg:56.27ms
step:1243/1280 train_time:69971ms step_avg:56.29ms
step:1244/1280 train_time:70054ms step_avg:56.31ms
step:1245/1280 train_time:70132ms step_avg:56.33ms
step:1246/1280 train_time:70218ms step_avg:56.35ms
step:1247/1280 train_time:70297ms step_avg:56.37ms
step:1248/1280 train_time:70383ms step_avg:56.40ms
step:1249/1280 train_time:70463ms step_avg:56.42ms
step:1250/1280 train_time:70547ms step_avg:56.44ms
step:1250/1280 val_loss:3.3191 train_time:70635ms step_avg:56.51ms
step:1251/1280 train_time:70658ms step_avg:56.48ms
step:1252/1280 train_time:70712ms step_avg:56.48ms
step:1253/1280 train_time:70796ms step_avg:56.50ms
step:1254/1280 train_time:70882ms step_avg:56.52ms
step:1255/1280 train_time:70961ms step_avg:56.54ms
step:1256/1280 train_time:71044ms step_avg:56.56ms
step:1257/1280 train_time:71122ms step_avg:56.58ms
step:1258/1280 train_time:71206ms step_avg:56.60ms
step:1259/1280 train_time:71284ms step_avg:56.62ms
step:1260/1280 train_time:71369ms step_avg:56.64ms
step:1261/1280 train_time:71447ms step_avg:56.66ms
step:1262/1280 train_time:71530ms step_avg:56.68ms
step:1263/1280 train_time:71610ms step_avg:56.70ms
step:1264/1280 train_time:71696ms step_avg:56.72ms
step:1265/1280 train_time:71777ms step_avg:56.74ms
step:1266/1280 train_time:71863ms step_avg:56.76ms
step:1267/1280 train_time:71942ms step_avg:56.78ms
step:1268/1280 train_time:72027ms step_avg:56.80ms
step:1269/1280 train_time:72106ms step_avg:56.82ms
step:1270/1280 train_time:72191ms step_avg:56.84ms
step:1271/1280 train_time:72269ms step_avg:56.86ms
step:1272/1280 train_time:72352ms step_avg:56.88ms
step:1273/1280 train_time:72430ms step_avg:56.90ms
step:1274/1280 train_time:72514ms step_avg:56.92ms
step:1275/1280 train_time:72593ms step_avg:56.94ms
step:1276/1280 train_time:72680ms step_avg:56.96ms
step:1277/1280 train_time:72762ms step_avg:56.98ms
step:1278/1280 train_time:72846ms step_avg:57.00ms
step:1279/1280 train_time:72925ms step_avg:57.02ms
step:1280/1280 train_time:73012ms step_avg:57.04ms
step:1280/1280 val_loss:3.3092 train_time:73099ms step_avg:57.11ms
peak memory allocated: 31333 MiB reserved: 45970 MiB
