W0420 02:00:47.741000 114355 torch/distributed/run.py:852] 
W0420 02:00:47.741000 114355 torch/distributed/run.py:852] *****************************************
W0420 02:00:47.741000 114355 torch/distributed/run.py:852] Setting OMP_NUM_THREADS environment variable for each process to be 1 in default, to avoid your system being overloaded, please further tune the variable for optimal performance in your application as needed. 
W0420 02:00:47.741000 114355 torch/distributed/run.py:852] *****************************************
[Gloo] Rank 0 is connected to 7 peer ranks. Expected number of connected peer ranks is : 7
[Gloo] Rank 2 is connected to 7 peer ranks. Expected number of connected peer ranks is : 7
[Gloo] Rank 4[Gloo] Rank  is connected to 17 is connected to  peer ranks. 7Expected number of connected peer ranks is :  peer ranks. 7Expected number of connected peer ranks is : 
7
[Gloo] Rank 3 is connected to [Gloo] Rank 7[Gloo] Rank 6 peer ranks. [Gloo] Rank 5 is connected to Expected number of connected peer ranks is : 7 is connected to 77 is connected to 7 peer ranks. 
7 peer ranks. Expected number of connected peer ranks is :  peer ranks. Expected number of connected peer ranks is : 7Expected number of connected peer ranks is : 7
7

Warning: You are sending unauthenticated requests to the HF Hub. Please set a HF_TOKEN to enable higher rate limits and faster downloads.
Warning: You are sending unauthenticated requests to the HF Hub. Please set a HF_TOKEN to enable higher rate limits and faster downloads.
Fetching 4 files:   0%|          | 0/4 [00:00<?, ?it/s]Fetching 4 files: 100%|██████████| 4/4 [00:00<00:00, 91180.52it/s]
Fetching 4 files:   0%|          | 0/4 [00:00<?, ?it/s]Fetching 4 files: 100%|██████████| 4/4 [00:00<00:00, 101067.57it/s]
Fetching 4 files:   0%|          | 0/4 [00:00<?, ?it/s]Fetching 4 files: 100%|██████████| 4/4 [00:00<00:00, 92691.80it/s]
Fetching 4 files:   0%|          | 0/4 [00:00<?, ?it/s]Fetching 4 files: 100%|██████████| 4/4 [00:00<00:00, 91678.78it/s]
Fetching 4 files:   0%|          | 0/4 [00:00<?, ?it/s]Fetching 4 files: 100%|██████████| 4/4 [00:00<00:00, 95325.09it/s]
Fetching 4 files:   0%|          | 0/4 [00:00<?, ?it/s]Fetching 4 files: 100%|██████████| 4/4 [00:00<00:00, 56488.94it/s]
Fetching 4 files:   0%|          | 0/4 [00:00<?, ?it/s]Fetching 4 files: 100%|██████████| 4/4 [00:00<00:00, 100462.37it/s]
Fetching 4 files:   0%|          | 0/4 [00:00<?, ?it/s]Fetching 4 files: 100%|██████████| 4/4 [00:00<00:00, 91678.78it/s]
logs/cbb091c8-24bb-498c-9f28-3c74e66539db.txt
Compiling model and warming up kernels (~7 minutes on first execution)
Sampling steps [0, 1, 478, 479, 480, 481, 958, 959, 960, 961, 1438, 1439, 1440, 1441] for warmup
Resetting Model
step:0/1480 val_loss:10.8307 train_time:0ms step_avg:0.03ms
step:1/1480 train_time:64ms step_avg:64.24ms
step:2/1480 train_time:85ms step_avg:42.57ms
step:3/1480 train_time:101ms step_avg:33.78ms
step:4/1480 train_time:136ms step_avg:33.90ms
step:5/1480 train_time:163ms step_avg:32.64ms
step:6/1480 train_time:198ms step_avg:32.96ms
step:7/1480 train_time:225ms step_avg:32.18ms
step:8/1480 train_time:260ms step_avg:32.49ms
step:9/1480 train_time:287ms step_avg:31.94ms
step:10/1480 train_time:322ms step_avg:32.21ms
step:11/1480 train_time:350ms step_avg:31.82ms
step:12/1480 train_time:384ms step_avg:32.04ms
step:13/1480 train_time:412ms step_avg:31.72ms
step:14/1480 train_time:447ms step_avg:31.92ms
step:15/1480 train_time:475ms step_avg:31.66ms
step:16/1480 train_time:509ms step_avg:31.82ms
step:17/1480 train_time:538ms step_avg:31.62ms
step:18/1480 train_time:572ms step_avg:31.78ms
step:19/1480 train_time:600ms step_avg:31.60ms
step:20/1480 train_time:635ms step_avg:31.73ms
step:21/1480 train_time:663ms step_avg:31.56ms
step:22/1480 train_time:697ms step_avg:31.69ms
step:23/1480 train_time:725ms step_avg:31.53ms
step:24/1480 train_time:759ms step_avg:31.64ms
step:25/1480 train_time:787ms step_avg:31.50ms
step:26/1480 train_time:822ms step_avg:31.62ms
step:27/1480 train_time:850ms step_avg:31.49ms
step:28/1480 train_time:885ms step_avg:31.59ms
step:29/1480 train_time:913ms step_avg:31.47ms
step:30/1480 train_time:947ms step_avg:31.57ms
step:31/1480 train_time:975ms step_avg:31.46ms
step:32/1480 train_time:1010ms step_avg:31.56ms
step:33/1480 train_time:1039ms step_avg:31.47ms
step:34/1480 train_time:1073ms step_avg:31.55ms
step:35/1480 train_time:1101ms step_avg:31.46ms
step:36/1480 train_time:1135ms step_avg:31.54ms
step:37/1480 train_time:1164ms step_avg:31.45ms
step:38/1480 train_time:1198ms step_avg:31.53ms
step:39/1480 train_time:1226ms step_avg:31.44ms
step:40/1480 train_time:1261ms step_avg:31.51ms
step:41/1480 train_time:1289ms step_avg:31.43ms
step:42/1480 train_time:1324ms step_avg:31.51ms
step:43/1480 train_time:1352ms step_avg:31.43ms
step:44/1480 train_time:1386ms step_avg:31.51ms
step:45/1480 train_time:1414ms step_avg:31.43ms
step:46/1480 train_time:1449ms step_avg:31.50ms
step:47/1480 train_time:1477ms step_avg:31.43ms
step:48/1480 train_time:1511ms step_avg:31.49ms
step:49/1480 train_time:1540ms step_avg:31.42ms
step:50/1480 train_time:1574ms step_avg:31.48ms
step:51/1480 train_time:1602ms step_avg:31.41ms
step:52/1480 train_time:1636ms step_avg:31.47ms
step:53/1480 train_time:1664ms step_avg:31.41ms
step:54/1480 train_time:1699ms step_avg:31.47ms
step:55/1480 train_time:1727ms step_avg:31.40ms
step:56/1480 train_time:1761ms step_avg:31.45ms
step:57/1480 train_time:1789ms step_avg:31.39ms
step:58/1480 train_time:1824ms step_avg:31.44ms
step:59/1480 train_time:1852ms step_avg:31.38ms
step:60/1480 train_time:1886ms step_avg:31.43ms
step:61/1480 train_time:1914ms step_avg:31.38ms
step:62/1480 train_time:1948ms step_avg:31.43ms
step:63/1480 train_time:1977ms step_avg:31.37ms
step:64/1480 train_time:2011ms step_avg:31.42ms
step:65/1480 train_time:2039ms step_avg:31.37ms
step:66/1480 train_time:2073ms step_avg:31.41ms
step:67/1480 train_time:2101ms step_avg:31.36ms
step:68/1480 train_time:2136ms step_avg:31.41ms
step:69/1480 train_time:2164ms step_avg:31.36ms
step:70/1480 train_time:2198ms step_avg:31.41ms
step:71/1480 train_time:2226ms step_avg:31.36ms
step:72/1480 train_time:2261ms step_avg:31.41ms
step:73/1480 train_time:2289ms step_avg:31.36ms
step:74/1480 train_time:2324ms step_avg:31.40ms
step:75/1480 train_time:2352ms step_avg:31.36ms
step:76/1480 train_time:2386ms step_avg:31.40ms
step:77/1480 train_time:2415ms step_avg:31.36ms
step:78/1480 train_time:2449ms step_avg:31.40ms
step:79/1480 train_time:2478ms step_avg:31.36ms
step:80/1480 train_time:2512ms step_avg:31.40ms
step:81/1480 train_time:2540ms step_avg:31.36ms
step:82/1480 train_time:2574ms step_avg:31.40ms
step:83/1480 train_time:2603ms step_avg:31.36ms
step:84/1480 train_time:2637ms step_avg:31.39ms
step:85/1480 train_time:2665ms step_avg:31.36ms
step:86/1480 train_time:2700ms step_avg:31.39ms
step:87/1480 train_time:2728ms step_avg:31.35ms
step:88/1480 train_time:2762ms step_avg:31.39ms
step:89/1480 train_time:2790ms step_avg:31.35ms
step:90/1480 train_time:2825ms step_avg:31.39ms
step:91/1480 train_time:2853ms step_avg:31.35ms
step:92/1480 train_time:2887ms step_avg:31.38ms
step:93/1480 train_time:2915ms step_avg:31.35ms
step:94/1480 train_time:2950ms step_avg:31.38ms
step:95/1480 train_time:2978ms step_avg:31.34ms
step:96/1480 train_time:3012ms step_avg:31.37ms
step:97/1480 train_time:3040ms step_avg:31.34ms
step:98/1480 train_time:3074ms step_avg:31.37ms
step:99/1480 train_time:3102ms step_avg:31.34ms
step:100/1480 train_time:3137ms step_avg:31.37ms
step:101/1480 train_time:3165ms step_avg:31.34ms
step:102/1480 train_time:3199ms step_avg:31.37ms
step:103/1480 train_time:3227ms step_avg:31.33ms
step:104/1480 train_time:3262ms step_avg:31.36ms
step:105/1480 train_time:3290ms step_avg:31.33ms
step:106/1480 train_time:3325ms step_avg:31.37ms
step:107/1480 train_time:3353ms step_avg:31.33ms
step:108/1480 train_time:3387ms step_avg:31.36ms
step:109/1480 train_time:3416ms step_avg:31.34ms
step:110/1480 train_time:3450ms step_avg:31.36ms
step:111/1480 train_time:3478ms step_avg:31.34ms
step:112/1480 train_time:3513ms step_avg:31.36ms
step:113/1480 train_time:3541ms step_avg:31.33ms
step:114/1480 train_time:3575ms step_avg:31.36ms
step:115/1480 train_time:3603ms step_avg:31.33ms
step:116/1480 train_time:3637ms step_avg:31.36ms
step:117/1480 train_time:3666ms step_avg:31.33ms
step:118/1480 train_time:3700ms step_avg:31.36ms
step:119/1480 train_time:3728ms step_avg:31.33ms
step:120/1480 train_time:3763ms step_avg:31.36ms
step:121/1480 train_time:3791ms step_avg:31.33ms
step:122/1480 train_time:3826ms step_avg:31.36ms
step:123/1480 train_time:3854ms step_avg:31.33ms
step:124/1480 train_time:3888ms step_avg:31.36ms
step:125/1480 train_time:3916ms step_avg:31.33ms
step:126/1480 train_time:3951ms step_avg:31.35ms
step:127/1480 train_time:3979ms step_avg:31.33ms
step:128/1480 train_time:4013ms step_avg:31.35ms
step:129/1480 train_time:4041ms step_avg:31.33ms
step:130/1480 train_time:4075ms step_avg:31.35ms
step:131/1480 train_time:4104ms step_avg:31.32ms
step:132/1480 train_time:4138ms step_avg:31.34ms
step:133/1480 train_time:4166ms step_avg:31.32ms
step:134/1480 train_time:4201ms step_avg:31.35ms
step:135/1480 train_time:4229ms step_avg:31.32ms
step:136/1480 train_time:4263ms step_avg:31.35ms
step:137/1480 train_time:4291ms step_avg:31.32ms
step:138/1480 train_time:4326ms step_avg:31.35ms
step:139/1480 train_time:4354ms step_avg:31.32ms
step:140/1480 train_time:4388ms step_avg:31.35ms
step:141/1480 train_time:4417ms step_avg:31.32ms
step:142/1480 train_time:4451ms step_avg:31.34ms
step:143/1480 train_time:4479ms step_avg:31.32ms
step:144/1480 train_time:4513ms step_avg:31.34ms
step:145/1480 train_time:4542ms step_avg:31.32ms
step:146/1480 train_time:4576ms step_avg:31.34ms
step:147/1480 train_time:4604ms step_avg:31.32ms
step:148/1480 train_time:4638ms step_avg:31.34ms
step:149/1480 train_time:4666ms step_avg:31.32ms
step:150/1480 train_time:4701ms step_avg:31.34ms
step:151/1480 train_time:4729ms step_avg:31.32ms
step:152/1480 train_time:4763ms step_avg:31.34ms
step:153/1480 train_time:4791ms step_avg:31.31ms
step:154/1480 train_time:4825ms step_avg:31.33ms
step:155/1480 train_time:4853ms step_avg:31.31ms
step:156/1480 train_time:4888ms step_avg:31.33ms
step:157/1480 train_time:4916ms step_avg:31.31ms
step:158/1480 train_time:4950ms step_avg:31.33ms
step:159/1480 train_time:4978ms step_avg:31.31ms
step:160/1480 train_time:5013ms step_avg:31.33ms
step:161/1480 train_time:5041ms step_avg:31.31ms
step:162/1480 train_time:5075ms step_avg:31.33ms
step:163/1480 train_time:5103ms step_avg:31.31ms
step:164/1480 train_time:5137ms step_avg:31.32ms
step:165/1480 train_time:5166ms step_avg:31.31ms
step:166/1480 train_time:5200ms step_avg:31.32ms
step:167/1480 train_time:5228ms step_avg:31.31ms
step:168/1480 train_time:5263ms step_avg:31.33ms
step:169/1480 train_time:5291ms step_avg:31.31ms
step:170/1480 train_time:5325ms step_avg:31.32ms
step:171/1480 train_time:5353ms step_avg:31.30ms
step:172/1480 train_time:5387ms step_avg:31.32ms
step:173/1480 train_time:5415ms step_avg:31.30ms
step:174/1480 train_time:5450ms step_avg:31.32ms
step:175/1480 train_time:5478ms step_avg:31.30ms
step:176/1480 train_time:5512ms step_avg:31.32ms
step:177/1480 train_time:5540ms step_avg:31.30ms
step:178/1480 train_time:5574ms step_avg:31.32ms
step:179/1480 train_time:5602ms step_avg:31.30ms
step:180/1480 train_time:5637ms step_avg:31.31ms
step:181/1480 train_time:5665ms step_avg:31.30ms
step:182/1480 train_time:5699ms step_avg:31.31ms
step:183/1480 train_time:5727ms step_avg:31.30ms
step:184/1480 train_time:5762ms step_avg:31.31ms
step:185/1480 train_time:5789ms step_avg:31.29ms
step:186/1480 train_time:5824ms step_avg:31.31ms
step:187/1480 train_time:5852ms step_avg:31.29ms
step:188/1480 train_time:5887ms step_avg:31.31ms
step:189/1480 train_time:5915ms step_avg:31.29ms
step:190/1480 train_time:5949ms step_avg:31.31ms
step:191/1480 train_time:5977ms step_avg:31.29ms
step:192/1480 train_time:6012ms step_avg:31.31ms
step:193/1480 train_time:6040ms step_avg:31.29ms
step:194/1480 train_time:6074ms step_avg:31.31ms
step:195/1480 train_time:6102ms step_avg:31.29ms
step:196/1480 train_time:6136ms step_avg:31.31ms
step:197/1480 train_time:6165ms step_avg:31.29ms
step:198/1480 train_time:6199ms step_avg:31.31ms
step:199/1480 train_time:6227ms step_avg:31.29ms
step:200/1480 train_time:6262ms step_avg:31.31ms
step:201/1480 train_time:6290ms step_avg:31.29ms
step:202/1480 train_time:6324ms step_avg:31.31ms
step:203/1480 train_time:6352ms step_avg:31.29ms
step:204/1480 train_time:6386ms step_avg:31.31ms
step:205/1480 train_time:6414ms step_avg:31.29ms
step:206/1480 train_time:6449ms step_avg:31.31ms
step:207/1480 train_time:6477ms step_avg:31.29ms
step:208/1480 train_time:6511ms step_avg:31.30ms
step:209/1480 train_time:6539ms step_avg:31.29ms
step:210/1480 train_time:6573ms step_avg:31.30ms
step:211/1480 train_time:6601ms step_avg:31.29ms
step:212/1480 train_time:6636ms step_avg:31.30ms
step:213/1480 train_time:6664ms step_avg:31.29ms
step:214/1480 train_time:6698ms step_avg:31.30ms
step:215/1480 train_time:6726ms step_avg:31.29ms
step:216/1480 train_time:6761ms step_avg:31.30ms
step:217/1480 train_time:6789ms step_avg:31.28ms
step:218/1480 train_time:6823ms step_avg:31.30ms
step:219/1480 train_time:6851ms step_avg:31.28ms
step:220/1480 train_time:6886ms step_avg:31.30ms
step:221/1480 train_time:6914ms step_avg:31.29ms
step:222/1480 train_time:6948ms step_avg:31.30ms
step:223/1480 train_time:6977ms step_avg:31.29ms
step:224/1480 train_time:7011ms step_avg:31.30ms
step:225/1480 train_time:7039ms step_avg:31.28ms
step:226/1480 train_time:7073ms step_avg:31.30ms
step:227/1480 train_time:7101ms step_avg:31.28ms
step:228/1480 train_time:7135ms step_avg:31.30ms
step:229/1480 train_time:7163ms step_avg:31.28ms
step:230/1480 train_time:7197ms step_avg:31.29ms
step:231/1480 train_time:7225ms step_avg:31.28ms
step:232/1480 train_time:7260ms step_avg:31.29ms
step:233/1480 train_time:7288ms step_avg:31.28ms
step:234/1480 train_time:7322ms step_avg:31.29ms
step:235/1480 train_time:7350ms step_avg:31.28ms
step:236/1480 train_time:7385ms step_avg:31.29ms
step:237/1480 train_time:7413ms step_avg:31.28ms
step:238/1480 train_time:7447ms step_avg:31.29ms
step:239/1480 train_time:7476ms step_avg:31.28ms
step:240/1480 train_time:7510ms step_avg:31.29ms
step:241/1480 train_time:7538ms step_avg:31.28ms
step:242/1480 train_time:7572ms step_avg:31.29ms
step:243/1480 train_time:7600ms step_avg:31.28ms
step:244/1480 train_time:7634ms step_avg:31.29ms
step:245/1480 train_time:7663ms step_avg:31.28ms
step:246/1480 train_time:7697ms step_avg:31.29ms
step:247/1480 train_time:7725ms step_avg:31.27ms
step:248/1480 train_time:7759ms step_avg:31.29ms
step:249/1480 train_time:7787ms step_avg:31.27ms
step:250/1480 train_time:7822ms step_avg:31.29ms
step:250/1480 val_loss:4.5046 train_time:7859ms step_avg:31.44ms
step:251/1480 train_time:7875ms step_avg:31.37ms
step:252/1480 train_time:7892ms step_avg:31.32ms
step:253/1480 train_time:7915ms step_avg:31.29ms
step:254/1480 train_time:7950ms step_avg:31.30ms
step:255/1480 train_time:7979ms step_avg:31.29ms
step:256/1480 train_time:8015ms step_avg:31.31ms
step:257/1480 train_time:8043ms step_avg:31.30ms
step:258/1480 train_time:8078ms step_avg:31.31ms
step:259/1480 train_time:8106ms step_avg:31.30ms
step:260/1480 train_time:8140ms step_avg:31.31ms
step:261/1480 train_time:8168ms step_avg:31.30ms
step:262/1480 train_time:8203ms step_avg:31.31ms
step:263/1480 train_time:8231ms step_avg:31.30ms
step:264/1480 train_time:8265ms step_avg:31.31ms
step:265/1480 train_time:8293ms step_avg:31.29ms
step:266/1480 train_time:8328ms step_avg:31.31ms
step:267/1480 train_time:8356ms step_avg:31.29ms
step:268/1480 train_time:8390ms step_avg:31.31ms
step:269/1480 train_time:8418ms step_avg:31.29ms
step:270/1480 train_time:8452ms step_avg:31.31ms
step:271/1480 train_time:8480ms step_avg:31.29ms
step:272/1480 train_time:8515ms step_avg:31.30ms
step:273/1480 train_time:8543ms step_avg:31.29ms
step:274/1480 train_time:8577ms step_avg:31.30ms
step:275/1480 train_time:8605ms step_avg:31.29ms
step:276/1480 train_time:8639ms step_avg:31.30ms
step:277/1480 train_time:8667ms step_avg:31.29ms
step:278/1480 train_time:8701ms step_avg:31.30ms
step:279/1480 train_time:8729ms step_avg:31.29ms
step:280/1480 train_time:8763ms step_avg:31.30ms
step:281/1480 train_time:8791ms step_avg:31.29ms
step:282/1480 train_time:8826ms step_avg:31.30ms
step:283/1480 train_time:8853ms step_avg:31.28ms
step:284/1480 train_time:8888ms step_avg:31.29ms
step:285/1480 train_time:8916ms step_avg:31.28ms
step:286/1480 train_time:8951ms step_avg:31.30ms
step:287/1480 train_time:8978ms step_avg:31.28ms
step:288/1480 train_time:9013ms step_avg:31.29ms
step:289/1480 train_time:9041ms step_avg:31.28ms
step:290/1480 train_time:9075ms step_avg:31.29ms
step:291/1480 train_time:9104ms step_avg:31.28ms
step:292/1480 train_time:9138ms step_avg:31.29ms
step:293/1480 train_time:9166ms step_avg:31.28ms
step:294/1480 train_time:9201ms step_avg:31.29ms
step:295/1480 train_time:9229ms step_avg:31.28ms
step:296/1480 train_time:9263ms step_avg:31.29ms
step:297/1480 train_time:9291ms step_avg:31.28ms
step:298/1480 train_time:9325ms step_avg:31.29ms
step:299/1480 train_time:9353ms step_avg:31.28ms
step:300/1480 train_time:9388ms step_avg:31.29ms
step:301/1480 train_time:9416ms step_avg:31.28ms
step:302/1480 train_time:9451ms step_avg:31.29ms
step:303/1480 train_time:9479ms step_avg:31.28ms
step:304/1480 train_time:9513ms step_avg:31.29ms
step:305/1480 train_time:9541ms step_avg:31.28ms
step:306/1480 train_time:9576ms step_avg:31.29ms
step:307/1480 train_time:9604ms step_avg:31.28ms
step:308/1480 train_time:9638ms step_avg:31.29ms
step:309/1480 train_time:9666ms step_avg:31.28ms
step:310/1480 train_time:9700ms step_avg:31.29ms
step:311/1480 train_time:9729ms step_avg:31.28ms
step:312/1480 train_time:9763ms step_avg:31.29ms
step:313/1480 train_time:9791ms step_avg:31.28ms
step:314/1480 train_time:9825ms step_avg:31.29ms
step:315/1480 train_time:9853ms step_avg:31.28ms
step:316/1480 train_time:9887ms step_avg:31.29ms
step:317/1480 train_time:9915ms step_avg:31.28ms
step:318/1480 train_time:9950ms step_avg:31.29ms
step:319/1480 train_time:9978ms step_avg:31.28ms
step:320/1480 train_time:10012ms step_avg:31.29ms
step:321/1480 train_time:10040ms step_avg:31.28ms
step:322/1480 train_time:10075ms step_avg:31.29ms
step:323/1480 train_time:10102ms step_avg:31.28ms
step:324/1480 train_time:10137ms step_avg:31.29ms
step:325/1480 train_time:10165ms step_avg:31.28ms
step:326/1480 train_time:10199ms step_avg:31.29ms
step:327/1480 train_time:10227ms step_avg:31.27ms
step:328/1480 train_time:10261ms step_avg:31.28ms
step:329/1480 train_time:10289ms step_avg:31.27ms
step:330/1480 train_time:10323ms step_avg:31.28ms
step:331/1480 train_time:10352ms step_avg:31.27ms
step:332/1480 train_time:10386ms step_avg:31.28ms
step:333/1480 train_time:10414ms step_avg:31.27ms
step:334/1480 train_time:10449ms step_avg:31.28ms
step:335/1480 train_time:10476ms step_avg:31.27ms
step:336/1480 train_time:10511ms step_avg:31.28ms
step:337/1480 train_time:10539ms step_avg:31.27ms
step:338/1480 train_time:10574ms step_avg:31.28ms
step:339/1480 train_time:10601ms step_avg:31.27ms
step:340/1480 train_time:10636ms step_avg:31.28ms
step:341/1480 train_time:10664ms step_avg:31.27ms
step:342/1480 train_time:10698ms step_avg:31.28ms
step:343/1480 train_time:10726ms step_avg:31.27ms
step:344/1480 train_time:10760ms step_avg:31.28ms
step:345/1480 train_time:10789ms step_avg:31.27ms
step:346/1480 train_time:10823ms step_avg:31.28ms
step:347/1480 train_time:10851ms step_avg:31.27ms
step:348/1480 train_time:10885ms step_avg:31.28ms
step:349/1480 train_time:10913ms step_avg:31.27ms
step:350/1480 train_time:10948ms step_avg:31.28ms
step:351/1480 train_time:10976ms step_avg:31.27ms
step:352/1480 train_time:11010ms step_avg:31.28ms
step:353/1480 train_time:11038ms step_avg:31.27ms
step:354/1480 train_time:11073ms step_avg:31.28ms
step:355/1480 train_time:11101ms step_avg:31.27ms
step:356/1480 train_time:11136ms step_avg:31.28ms
step:357/1480 train_time:11164ms step_avg:31.27ms
step:358/1480 train_time:11198ms step_avg:31.28ms
step:359/1480 train_time:11227ms step_avg:31.27ms
step:360/1480 train_time:11261ms step_avg:31.28ms
step:361/1480 train_time:11289ms step_avg:31.27ms
step:362/1480 train_time:11323ms step_avg:31.28ms
step:363/1480 train_time:11351ms step_avg:31.27ms
step:364/1480 train_time:11385ms step_avg:31.28ms
step:365/1480 train_time:11414ms step_avg:31.27ms
step:366/1480 train_time:11448ms step_avg:31.28ms
step:367/1480 train_time:11476ms step_avg:31.27ms
step:368/1480 train_time:11511ms step_avg:31.28ms
step:369/1480 train_time:11539ms step_avg:31.27ms
step:370/1480 train_time:11573ms step_avg:31.28ms
step:371/1480 train_time:11601ms step_avg:31.27ms
step:372/1480 train_time:11636ms step_avg:31.28ms
step:373/1480 train_time:11664ms step_avg:31.27ms
step:374/1480 train_time:11698ms step_avg:31.28ms
step:375/1480 train_time:11726ms step_avg:31.27ms
step:376/1480 train_time:11760ms step_avg:31.28ms
step:377/1480 train_time:11788ms step_avg:31.27ms
step:378/1480 train_time:11822ms step_avg:31.27ms
step:379/1480 train_time:11850ms step_avg:31.27ms
step:380/1480 train_time:11884ms step_avg:31.27ms
step:381/1480 train_time:11912ms step_avg:31.27ms
step:382/1480 train_time:11946ms step_avg:31.27ms
step:383/1480 train_time:11975ms step_avg:31.27ms
step:384/1480 train_time:12010ms step_avg:31.27ms
step:385/1480 train_time:12038ms step_avg:31.27ms
step:386/1480 train_time:12072ms step_avg:31.28ms
step:387/1480 train_time:12100ms step_avg:31.27ms
step:388/1480 train_time:12135ms step_avg:31.27ms
step:389/1480 train_time:12163ms step_avg:31.27ms
step:390/1480 train_time:12197ms step_avg:31.27ms
step:391/1480 train_time:12225ms step_avg:31.27ms
step:392/1480 train_time:12259ms step_avg:31.27ms
step:393/1480 train_time:12287ms step_avg:31.26ms
step:394/1480 train_time:12321ms step_avg:31.27ms
step:395/1480 train_time:12349ms step_avg:31.26ms
step:396/1480 train_time:12383ms step_avg:31.27ms
step:397/1480 train_time:12412ms step_avg:31.26ms
step:398/1480 train_time:12446ms step_avg:31.27ms
step:399/1480 train_time:12474ms step_avg:31.26ms
step:400/1480 train_time:12508ms step_avg:31.27ms
step:401/1480 train_time:12536ms step_avg:31.26ms
step:402/1480 train_time:12571ms step_avg:31.27ms
step:403/1480 train_time:12599ms step_avg:31.26ms
step:404/1480 train_time:12633ms step_avg:31.27ms
step:405/1480 train_time:12661ms step_avg:31.26ms
step:406/1480 train_time:12696ms step_avg:31.27ms
step:407/1480 train_time:12724ms step_avg:31.26ms
step:408/1480 train_time:12758ms step_avg:31.27ms
step:409/1480 train_time:12786ms step_avg:31.26ms
step:410/1480 train_time:12820ms step_avg:31.27ms
step:411/1480 train_time:12849ms step_avg:31.26ms
step:412/1480 train_time:12883ms step_avg:31.27ms
step:413/1480 train_time:12911ms step_avg:31.26ms
step:414/1480 train_time:12945ms step_avg:31.27ms
step:415/1480 train_time:12973ms step_avg:31.26ms
step:416/1480 train_time:13007ms step_avg:31.27ms
step:417/1480 train_time:13035ms step_avg:31.26ms
step:418/1480 train_time:13070ms step_avg:31.27ms
step:419/1480 train_time:13098ms step_avg:31.26ms
step:420/1480 train_time:13133ms step_avg:31.27ms
step:421/1480 train_time:13161ms step_avg:31.26ms
step:422/1480 train_time:13196ms step_avg:31.27ms
step:423/1480 train_time:13224ms step_avg:31.26ms
step:424/1480 train_time:13258ms step_avg:31.27ms
step:425/1480 train_time:13286ms step_avg:31.26ms
step:426/1480 train_time:13321ms step_avg:31.27ms
step:427/1480 train_time:13349ms step_avg:31.26ms
step:428/1480 train_time:13383ms step_avg:31.27ms
step:429/1480 train_time:13411ms step_avg:31.26ms
step:430/1480 train_time:13445ms step_avg:31.27ms
step:431/1480 train_time:13474ms step_avg:31.26ms
step:432/1480 train_time:13508ms step_avg:31.27ms
step:433/1480 train_time:13536ms step_avg:31.26ms
step:434/1480 train_time:13571ms step_avg:31.27ms
step:435/1480 train_time:13599ms step_avg:31.26ms
step:436/1480 train_time:13633ms step_avg:31.27ms
step:437/1480 train_time:13661ms step_avg:31.26ms
step:438/1480 train_time:13695ms step_avg:31.27ms
step:439/1480 train_time:13723ms step_avg:31.26ms
step:440/1480 train_time:13757ms step_avg:31.27ms
step:441/1480 train_time:13786ms step_avg:31.26ms
step:442/1480 train_time:13820ms step_avg:31.27ms
step:443/1480 train_time:13848ms step_avg:31.26ms
step:444/1480 train_time:13882ms step_avg:31.27ms
step:445/1480 train_time:13910ms step_avg:31.26ms
step:446/1480 train_time:13944ms step_avg:31.26ms
step:447/1480 train_time:13972ms step_avg:31.26ms
step:448/1480 train_time:14006ms step_avg:31.26ms
step:449/1480 train_time:14034ms step_avg:31.26ms
step:450/1480 train_time:14069ms step_avg:31.26ms
step:451/1480 train_time:14097ms step_avg:31.26ms
step:452/1480 train_time:14131ms step_avg:31.26ms
step:453/1480 train_time:14159ms step_avg:31.26ms
step:454/1480 train_time:14194ms step_avg:31.26ms
step:455/1480 train_time:14222ms step_avg:31.26ms
step:456/1480 train_time:14256ms step_avg:31.26ms
step:457/1480 train_time:14285ms step_avg:31.26ms
step:458/1480 train_time:14319ms step_avg:31.26ms
step:459/1480 train_time:14347ms step_avg:31.26ms
step:460/1480 train_time:14381ms step_avg:31.26ms
step:461/1480 train_time:14410ms step_avg:31.26ms
step:462/1480 train_time:14444ms step_avg:31.26ms
step:463/1480 train_time:14472ms step_avg:31.26ms
step:464/1480 train_time:14506ms step_avg:31.26ms
step:465/1480 train_time:14534ms step_avg:31.26ms
step:466/1480 train_time:14569ms step_avg:31.26ms
step:467/1480 train_time:14596ms step_avg:31.26ms
step:468/1480 train_time:14631ms step_avg:31.26ms
step:469/1480 train_time:14659ms step_avg:31.26ms
step:470/1480 train_time:14694ms step_avg:31.26ms
step:471/1480 train_time:14722ms step_avg:31.26ms
step:472/1480 train_time:14756ms step_avg:31.26ms
step:473/1480 train_time:14784ms step_avg:31.26ms
step:474/1480 train_time:14819ms step_avg:31.26ms
step:475/1480 train_time:14847ms step_avg:31.26ms
step:476/1480 train_time:14881ms step_avg:31.26ms
step:477/1480 train_time:14909ms step_avg:31.26ms
step:478/1480 train_time:14943ms step_avg:31.26ms
step:479/1480 train_time:14971ms step_avg:31.26ms
step:480/1480 train_time:15006ms step_avg:31.26ms
step:481/1480 train_time:15035ms step_avg:31.26ms
step:482/1480 train_time:15097ms step_avg:31.32ms
step:483/1480 train_time:15152ms step_avg:31.37ms
step:484/1480 train_time:15209ms step_avg:31.42ms
step:485/1480 train_time:15265ms step_avg:31.47ms
step:486/1480 train_time:15324ms step_avg:31.53ms
step:487/1480 train_time:15378ms step_avg:31.58ms
step:488/1480 train_time:15437ms step_avg:31.63ms
step:489/1480 train_time:15491ms step_avg:31.68ms
step:490/1480 train_time:15550ms step_avg:31.74ms
step:491/1480 train_time:15604ms step_avg:31.78ms
step:492/1480 train_time:15664ms step_avg:31.84ms
step:493/1480 train_time:15718ms step_avg:31.88ms
step:494/1480 train_time:15777ms step_avg:31.94ms
step:495/1480 train_time:15831ms step_avg:31.98ms
step:496/1480 train_time:15890ms step_avg:32.04ms
step:497/1480 train_time:15944ms step_avg:32.08ms
step:498/1480 train_time:16003ms step_avg:32.13ms
step:499/1480 train_time:16057ms step_avg:32.18ms
step:500/1480 train_time:16116ms step_avg:32.23ms
step:500/1480 val_loss:4.2283 train_time:16180ms step_avg:32.36ms
step:501/1480 train_time:16196ms step_avg:32.33ms
step:502/1480 train_time:16232ms step_avg:32.33ms
step:503/1480 train_time:16290ms step_avg:32.38ms
step:504/1480 train_time:16351ms step_avg:32.44ms
step:505/1480 train_time:16405ms step_avg:32.49ms
step:506/1480 train_time:16464ms step_avg:32.54ms
step:507/1480 train_time:16518ms step_avg:32.58ms
step:508/1480 train_time:16576ms step_avg:32.63ms
step:509/1480 train_time:16630ms step_avg:32.67ms
step:510/1480 train_time:16688ms step_avg:32.72ms
step:511/1480 train_time:16741ms step_avg:32.76ms
step:512/1480 train_time:16800ms step_avg:32.81ms
step:513/1480 train_time:16853ms step_avg:32.85ms
step:514/1480 train_time:16912ms step_avg:32.90ms
step:515/1480 train_time:16966ms step_avg:32.94ms
step:516/1480 train_time:17024ms step_avg:32.99ms
step:517/1480 train_time:17078ms step_avg:33.03ms
step:518/1480 train_time:17137ms step_avg:33.08ms
step:519/1480 train_time:17192ms step_avg:33.13ms
step:520/1480 train_time:17253ms step_avg:33.18ms
step:521/1480 train_time:17308ms step_avg:33.22ms
step:522/1480 train_time:17369ms step_avg:33.27ms
step:523/1480 train_time:17422ms step_avg:33.31ms
step:524/1480 train_time:17482ms step_avg:33.36ms
step:525/1480 train_time:17535ms step_avg:33.40ms
step:526/1480 train_time:17594ms step_avg:33.45ms
step:527/1480 train_time:17647ms step_avg:33.49ms
step:528/1480 train_time:17706ms step_avg:33.53ms
step:529/1480 train_time:17759ms step_avg:33.57ms
step:530/1480 train_time:17818ms step_avg:33.62ms
step:531/1480 train_time:17871ms step_avg:33.66ms
step:532/1480 train_time:17930ms step_avg:33.70ms
step:533/1480 train_time:17983ms step_avg:33.74ms
step:534/1480 train_time:18042ms step_avg:33.79ms
step:535/1480 train_time:18096ms step_avg:33.82ms
step:536/1480 train_time:18155ms step_avg:33.87ms
step:537/1480 train_time:18210ms step_avg:33.91ms
step:538/1480 train_time:18270ms step_avg:33.96ms
step:539/1480 train_time:18323ms step_avg:34.00ms
step:540/1480 train_time:18383ms step_avg:34.04ms
step:541/1480 train_time:18437ms step_avg:34.08ms
step:542/1480 train_time:18497ms step_avg:34.13ms
step:543/1480 train_time:18551ms step_avg:34.16ms
step:544/1480 train_time:18610ms step_avg:34.21ms
step:545/1480 train_time:18663ms step_avg:34.24ms
step:546/1480 train_time:18722ms step_avg:34.29ms
step:547/1480 train_time:18776ms step_avg:34.32ms
step:548/1480 train_time:18834ms step_avg:34.37ms
step:549/1480 train_time:18887ms step_avg:34.40ms
step:550/1480 train_time:18945ms step_avg:34.45ms
step:551/1480 train_time:18999ms step_avg:34.48ms
step:552/1480 train_time:19058ms step_avg:34.53ms
step:553/1480 train_time:19112ms step_avg:34.56ms
step:554/1480 train_time:19172ms step_avg:34.61ms
step:555/1480 train_time:19226ms step_avg:34.64ms
step:556/1480 train_time:19285ms step_avg:34.69ms
step:557/1480 train_time:19339ms step_avg:34.72ms
step:558/1480 train_time:19399ms step_avg:34.76ms
step:559/1480 train_time:19452ms step_avg:34.80ms
step:560/1480 train_time:19512ms step_avg:34.84ms
step:561/1480 train_time:19567ms step_avg:34.88ms
step:562/1480 train_time:19625ms step_avg:34.92ms
step:563/1480 train_time:19680ms step_avg:34.96ms
step:564/1480 train_time:19739ms step_avg:35.00ms
step:565/1480 train_time:19792ms step_avg:35.03ms
step:566/1480 train_time:19851ms step_avg:35.07ms
step:567/1480 train_time:19905ms step_avg:35.11ms
step:568/1480 train_time:19964ms step_avg:35.15ms
step:569/1480 train_time:20018ms step_avg:35.18ms
step:570/1480 train_time:20077ms step_avg:35.22ms
step:571/1480 train_time:20131ms step_avg:35.26ms
step:572/1480 train_time:20191ms step_avg:35.30ms
step:573/1480 train_time:20245ms step_avg:35.33ms
step:574/1480 train_time:20305ms step_avg:35.37ms
step:575/1480 train_time:20358ms step_avg:35.41ms
step:576/1480 train_time:20417ms step_avg:35.45ms
step:577/1480 train_time:20472ms step_avg:35.48ms
step:578/1480 train_time:20531ms step_avg:35.52ms
step:579/1480 train_time:20585ms step_avg:35.55ms
step:580/1480 train_time:20644ms step_avg:35.59ms
step:581/1480 train_time:20699ms step_avg:35.63ms
step:582/1480 train_time:20758ms step_avg:35.67ms
step:583/1480 train_time:20811ms step_avg:35.70ms
step:584/1480 train_time:20870ms step_avg:35.74ms
step:585/1480 train_time:20923ms step_avg:35.77ms
step:586/1480 train_time:20982ms step_avg:35.81ms
step:587/1480 train_time:21036ms step_avg:35.84ms
step:588/1480 train_time:21096ms step_avg:35.88ms
step:589/1480 train_time:21149ms step_avg:35.91ms
step:590/1480 train_time:21209ms step_avg:35.95ms
step:591/1480 train_time:21263ms step_avg:35.98ms
step:592/1480 train_time:21322ms step_avg:36.02ms
step:593/1480 train_time:21377ms step_avg:36.05ms
step:594/1480 train_time:21435ms step_avg:36.09ms
step:595/1480 train_time:21489ms step_avg:36.12ms
step:596/1480 train_time:21548ms step_avg:36.16ms
step:597/1480 train_time:21603ms step_avg:36.19ms
step:598/1480 train_time:21662ms step_avg:36.22ms
step:599/1480 train_time:21716ms step_avg:36.25ms
step:600/1480 train_time:21776ms step_avg:36.29ms
step:601/1480 train_time:21829ms step_avg:36.32ms
step:602/1480 train_time:21888ms step_avg:36.36ms
step:603/1480 train_time:21942ms step_avg:36.39ms
step:604/1480 train_time:22001ms step_avg:36.43ms
step:605/1480 train_time:22054ms step_avg:36.45ms
step:606/1480 train_time:22115ms step_avg:36.49ms
step:607/1480 train_time:22169ms step_avg:36.52ms
step:608/1480 train_time:22228ms step_avg:36.56ms
step:609/1480 train_time:22282ms step_avg:36.59ms
step:610/1480 train_time:22341ms step_avg:36.62ms
step:611/1480 train_time:22395ms step_avg:36.65ms
step:612/1480 train_time:22454ms step_avg:36.69ms
step:613/1480 train_time:22508ms step_avg:36.72ms
step:614/1480 train_time:22567ms step_avg:36.75ms
step:615/1480 train_time:22620ms step_avg:36.78ms
step:616/1480 train_time:22681ms step_avg:36.82ms
step:617/1480 train_time:22734ms step_avg:36.85ms
step:618/1480 train_time:22793ms step_avg:36.88ms
step:619/1480 train_time:22848ms step_avg:36.91ms
step:620/1480 train_time:22906ms step_avg:36.95ms
step:621/1480 train_time:22959ms step_avg:36.97ms
step:622/1480 train_time:23019ms step_avg:37.01ms
step:623/1480 train_time:23072ms step_avg:37.03ms
step:624/1480 train_time:23132ms step_avg:37.07ms
step:625/1480 train_time:23185ms step_avg:37.10ms
step:626/1480 train_time:23244ms step_avg:37.13ms
step:627/1480 train_time:23298ms step_avg:37.16ms
step:628/1480 train_time:23357ms step_avg:37.19ms
step:629/1480 train_time:23411ms step_avg:37.22ms
step:630/1480 train_time:23470ms step_avg:37.25ms
step:631/1480 train_time:23524ms step_avg:37.28ms
step:632/1480 train_time:23583ms step_avg:37.31ms
step:633/1480 train_time:23636ms step_avg:37.34ms
step:634/1480 train_time:23696ms step_avg:37.38ms
step:635/1480 train_time:23749ms step_avg:37.40ms
step:636/1480 train_time:23809ms step_avg:37.44ms
step:637/1480 train_time:23863ms step_avg:37.46ms
step:638/1480 train_time:23921ms step_avg:37.49ms
step:639/1480 train_time:23976ms step_avg:37.52ms
step:640/1480 train_time:24035ms step_avg:37.55ms
step:641/1480 train_time:24089ms step_avg:37.58ms
step:642/1480 train_time:24148ms step_avg:37.61ms
step:643/1480 train_time:24202ms step_avg:37.64ms
step:644/1480 train_time:24261ms step_avg:37.67ms
step:645/1480 train_time:24315ms step_avg:37.70ms
step:646/1480 train_time:24375ms step_avg:37.73ms
step:647/1480 train_time:24429ms step_avg:37.76ms
step:648/1480 train_time:24488ms step_avg:37.79ms
step:649/1480 train_time:24543ms step_avg:37.82ms
step:650/1480 train_time:24602ms step_avg:37.85ms
step:651/1480 train_time:24656ms step_avg:37.87ms
step:652/1480 train_time:24715ms step_avg:37.91ms
step:653/1480 train_time:24769ms step_avg:37.93ms
step:654/1480 train_time:24828ms step_avg:37.96ms
step:655/1480 train_time:24881ms step_avg:37.99ms
step:656/1480 train_time:24940ms step_avg:38.02ms
step:657/1480 train_time:24995ms step_avg:38.04ms
step:658/1480 train_time:25054ms step_avg:38.08ms
step:659/1480 train_time:25108ms step_avg:38.10ms
step:660/1480 train_time:25168ms step_avg:38.13ms
step:661/1480 train_time:25221ms step_avg:38.16ms
step:662/1480 train_time:25281ms step_avg:38.19ms
step:663/1480 train_time:25335ms step_avg:38.21ms
step:664/1480 train_time:25395ms step_avg:38.24ms
step:665/1480 train_time:25448ms step_avg:38.27ms
step:666/1480 train_time:25507ms step_avg:38.30ms
step:667/1480 train_time:25560ms step_avg:38.32ms
step:668/1480 train_time:25620ms step_avg:38.35ms
step:669/1480 train_time:25674ms step_avg:38.38ms
step:670/1480 train_time:25733ms step_avg:38.41ms
step:671/1480 train_time:25787ms step_avg:38.43ms
step:672/1480 train_time:25845ms step_avg:38.46ms
step:673/1480 train_time:25900ms step_avg:38.48ms
step:674/1480 train_time:25959ms step_avg:38.52ms
step:675/1480 train_time:26013ms step_avg:38.54ms
step:676/1480 train_time:26073ms step_avg:38.57ms
step:677/1480 train_time:26126ms step_avg:38.59ms
step:678/1480 train_time:26185ms step_avg:38.62ms
step:679/1480 train_time:26239ms step_avg:38.64ms
step:680/1480 train_time:26299ms step_avg:38.67ms
step:681/1480 train_time:26352ms step_avg:38.70ms
step:682/1480 train_time:26412ms step_avg:38.73ms
step:683/1480 train_time:26466ms step_avg:38.75ms
step:684/1480 train_time:26524ms step_avg:38.78ms
step:685/1480 train_time:26578ms step_avg:38.80ms
step:686/1480 train_time:26638ms step_avg:38.83ms
step:687/1480 train_time:26692ms step_avg:38.85ms
step:688/1480 train_time:26751ms step_avg:38.88ms
step:689/1480 train_time:26805ms step_avg:38.90ms
step:690/1480 train_time:26864ms step_avg:38.93ms
step:691/1480 train_time:26917ms step_avg:38.95ms
step:692/1480 train_time:26978ms step_avg:38.99ms
step:693/1480 train_time:27031ms step_avg:39.01ms
step:694/1480 train_time:27091ms step_avg:39.04ms
step:695/1480 train_time:27144ms step_avg:39.06ms
step:696/1480 train_time:27202ms step_avg:39.08ms
step:697/1480 train_time:27256ms step_avg:39.10ms
step:698/1480 train_time:27316ms step_avg:39.13ms
step:699/1480 train_time:27370ms step_avg:39.16ms
step:700/1480 train_time:27429ms step_avg:39.18ms
step:701/1480 train_time:27484ms step_avg:39.21ms
step:702/1480 train_time:27542ms step_avg:39.23ms
step:703/1480 train_time:27596ms step_avg:39.25ms
step:704/1480 train_time:27656ms step_avg:39.28ms
step:705/1480 train_time:27709ms step_avg:39.30ms
step:706/1480 train_time:27770ms step_avg:39.33ms
step:707/1480 train_time:27824ms step_avg:39.35ms
step:708/1480 train_time:27883ms step_avg:39.38ms
step:709/1480 train_time:27936ms step_avg:39.40ms
step:710/1480 train_time:27996ms step_avg:39.43ms
step:711/1480 train_time:28050ms step_avg:39.45ms
step:712/1480 train_time:28110ms step_avg:39.48ms
step:713/1480 train_time:28164ms step_avg:39.50ms
step:714/1480 train_time:28223ms step_avg:39.53ms
step:715/1480 train_time:28277ms step_avg:39.55ms
step:716/1480 train_time:28336ms step_avg:39.57ms
step:717/1480 train_time:28389ms step_avg:39.59ms
step:718/1480 train_time:28449ms step_avg:39.62ms
step:719/1480 train_time:28504ms step_avg:39.64ms
step:720/1480 train_time:28562ms step_avg:39.67ms
step:721/1480 train_time:28616ms step_avg:39.69ms
step:722/1480 train_time:28677ms step_avg:39.72ms
step:723/1480 train_time:28730ms step_avg:39.74ms
step:724/1480 train_time:28790ms step_avg:39.77ms
step:725/1480 train_time:28845ms step_avg:39.79ms
step:726/1480 train_time:28904ms step_avg:39.81ms
step:727/1480 train_time:28958ms step_avg:39.83ms
step:728/1480 train_time:29017ms step_avg:39.86ms
step:729/1480 train_time:29071ms step_avg:39.88ms
step:730/1480 train_time:29131ms step_avg:39.91ms
step:731/1480 train_time:29185ms step_avg:39.92ms
step:732/1480 train_time:29244ms step_avg:39.95ms
step:733/1480 train_time:29298ms step_avg:39.97ms
step:734/1480 train_time:29357ms step_avg:40.00ms
step:735/1480 train_time:29411ms step_avg:40.02ms
step:736/1480 train_time:29471ms step_avg:40.04ms
step:737/1480 train_time:29524ms step_avg:40.06ms
step:738/1480 train_time:29583ms step_avg:40.09ms
step:739/1480 train_time:29637ms step_avg:40.10ms
step:740/1480 train_time:29696ms step_avg:40.13ms
step:741/1480 train_time:29750ms step_avg:40.15ms
step:742/1480 train_time:29810ms step_avg:40.18ms
step:743/1480 train_time:29864ms step_avg:40.19ms
step:744/1480 train_time:29923ms step_avg:40.22ms
step:745/1480 train_time:29977ms step_avg:40.24ms
step:746/1480 train_time:30035ms step_avg:40.26ms
step:747/1480 train_time:30089ms step_avg:40.28ms
step:748/1480 train_time:30149ms step_avg:40.31ms
step:749/1480 train_time:30203ms step_avg:40.32ms
step:750/1480 train_time:30262ms step_avg:40.35ms
step:750/1480 val_loss:3.7943 train_time:30326ms step_avg:40.43ms
step:751/1480 train_time:30342ms step_avg:40.40ms
step:752/1480 train_time:30377ms step_avg:40.39ms
step:753/1480 train_time:30435ms step_avg:40.42ms
step:754/1480 train_time:30496ms step_avg:40.45ms
step:755/1480 train_time:30552ms step_avg:40.47ms
step:756/1480 train_time:30612ms step_avg:40.49ms
step:757/1480 train_time:30666ms step_avg:40.51ms
step:758/1480 train_time:30726ms step_avg:40.53ms
step:759/1480 train_time:30779ms step_avg:40.55ms
step:760/1480 train_time:30838ms step_avg:40.58ms
step:761/1480 train_time:30891ms step_avg:40.59ms
step:762/1480 train_time:30950ms step_avg:40.62ms
step:763/1480 train_time:31003ms step_avg:40.63ms
step:764/1480 train_time:31061ms step_avg:40.66ms
step:765/1480 train_time:31114ms step_avg:40.67ms
step:766/1480 train_time:31173ms step_avg:40.70ms
step:767/1480 train_time:31227ms step_avg:40.71ms
step:768/1480 train_time:31285ms step_avg:40.74ms
step:769/1480 train_time:31340ms step_avg:40.75ms
step:770/1480 train_time:31402ms step_avg:40.78ms
step:771/1480 train_time:31458ms step_avg:40.80ms
step:772/1480 train_time:31518ms step_avg:40.83ms
step:773/1480 train_time:31573ms step_avg:40.84ms
step:774/1480 train_time:31632ms step_avg:40.87ms
step:775/1480 train_time:31686ms step_avg:40.88ms
step:776/1480 train_time:31746ms step_avg:40.91ms
step:777/1480 train_time:31799ms step_avg:40.93ms
step:778/1480 train_time:31858ms step_avg:40.95ms
step:779/1480 train_time:31911ms step_avg:40.96ms
step:780/1480 train_time:31970ms step_avg:40.99ms
step:781/1480 train_time:32024ms step_avg:41.00ms
step:782/1480 train_time:32083ms step_avg:41.03ms
step:783/1480 train_time:32136ms step_avg:41.04ms
step:784/1480 train_time:32195ms step_avg:41.07ms
step:785/1480 train_time:32249ms step_avg:41.08ms
step:786/1480 train_time:32308ms step_avg:41.10ms
step:787/1480 train_time:32363ms step_avg:41.12ms
step:788/1480 train_time:32423ms step_avg:41.15ms
step:789/1480 train_time:32478ms step_avg:41.16ms
step:790/1480 train_time:32537ms step_avg:41.19ms
step:791/1480 train_time:32591ms step_avg:41.20ms
step:792/1480 train_time:32652ms step_avg:41.23ms
step:793/1480 train_time:32706ms step_avg:41.24ms
step:794/1480 train_time:32765ms step_avg:41.27ms
step:795/1480 train_time:32819ms step_avg:41.28ms
step:796/1480 train_time:32879ms step_avg:41.30ms
step:797/1480 train_time:32932ms step_avg:41.32ms
step:798/1480 train_time:32992ms step_avg:41.34ms
step:799/1480 train_time:33045ms step_avg:41.36ms
step:800/1480 train_time:33105ms step_avg:41.38ms
step:801/1480 train_time:33159ms step_avg:41.40ms
step:802/1480 train_time:33218ms step_avg:41.42ms
step:803/1480 train_time:33273ms step_avg:41.44ms
step:804/1480 train_time:33332ms step_avg:41.46ms
step:805/1480 train_time:33386ms step_avg:41.47ms
step:806/1480 train_time:33446ms step_avg:41.50ms
step:807/1480 train_time:33501ms step_avg:41.51ms
step:808/1480 train_time:33559ms step_avg:41.53ms
step:809/1480 train_time:33614ms step_avg:41.55ms
step:810/1480 train_time:33673ms step_avg:41.57ms
step:811/1480 train_time:33727ms step_avg:41.59ms
step:812/1480 train_time:33786ms step_avg:41.61ms
step:813/1480 train_time:33840ms step_avg:41.62ms
step:814/1480 train_time:33899ms step_avg:41.64ms
step:815/1480 train_time:33953ms step_avg:41.66ms
step:816/1480 train_time:34012ms step_avg:41.68ms
step:817/1480 train_time:34066ms step_avg:41.70ms
step:818/1480 train_time:34126ms step_avg:41.72ms
step:819/1480 train_time:34179ms step_avg:41.73ms
step:820/1480 train_time:34238ms step_avg:41.75ms
step:821/1480 train_time:34292ms step_avg:41.77ms
step:822/1480 train_time:34352ms step_avg:41.79ms
step:823/1480 train_time:34406ms step_avg:41.81ms
step:824/1480 train_time:34465ms step_avg:41.83ms
step:825/1480 train_time:34520ms step_avg:41.84ms
step:826/1480 train_time:34579ms step_avg:41.86ms
step:827/1480 train_time:34634ms step_avg:41.88ms
step:828/1480 train_time:34692ms step_avg:41.90ms
step:829/1480 train_time:34746ms step_avg:41.91ms
step:830/1480 train_time:34806ms step_avg:41.93ms
step:831/1480 train_time:34859ms step_avg:41.95ms
step:832/1480 train_time:34919ms step_avg:41.97ms
step:833/1480 train_time:34972ms step_avg:41.98ms
step:834/1480 train_time:35032ms step_avg:42.00ms
step:835/1480 train_time:35085ms step_avg:42.02ms
step:836/1480 train_time:35144ms step_avg:42.04ms
step:837/1480 train_time:35198ms step_avg:42.05ms
step:838/1480 train_time:35257ms step_avg:42.07ms
step:839/1480 train_time:35312ms step_avg:42.09ms
step:840/1480 train_time:35372ms step_avg:42.11ms
step:841/1480 train_time:35425ms step_avg:42.12ms
step:842/1480 train_time:35485ms step_avg:42.14ms
step:843/1480 train_time:35540ms step_avg:42.16ms
step:844/1480 train_time:35599ms step_avg:42.18ms
step:845/1480 train_time:35653ms step_avg:42.19ms
step:846/1480 train_time:35713ms step_avg:42.21ms
step:847/1480 train_time:35766ms step_avg:42.23ms
step:848/1480 train_time:35826ms step_avg:42.25ms
step:849/1480 train_time:35880ms step_avg:42.26ms
step:850/1480 train_time:35938ms step_avg:42.28ms
step:851/1480 train_time:35992ms step_avg:42.29ms
step:852/1480 train_time:36052ms step_avg:42.31ms
step:853/1480 train_time:36105ms step_avg:42.33ms
step:854/1480 train_time:36165ms step_avg:42.35ms
step:855/1480 train_time:36218ms step_avg:42.36ms
step:856/1480 train_time:36278ms step_avg:42.38ms
step:857/1480 train_time:36332ms step_avg:42.39ms
step:858/1480 train_time:36391ms step_avg:42.41ms
step:859/1480 train_time:36446ms step_avg:42.43ms
step:860/1480 train_time:36506ms step_avg:42.45ms
step:861/1480 train_time:36560ms step_avg:42.46ms
step:862/1480 train_time:36619ms step_avg:42.48ms
step:863/1480 train_time:36673ms step_avg:42.49ms
step:864/1480 train_time:36733ms step_avg:42.51ms
step:865/1480 train_time:36787ms step_avg:42.53ms
step:866/1480 train_time:36846ms step_avg:42.55ms
step:867/1480 train_time:36900ms step_avg:42.56ms
step:868/1480 train_time:36959ms step_avg:42.58ms
step:869/1480 train_time:37013ms step_avg:42.59ms
step:870/1480 train_time:37072ms step_avg:42.61ms
step:871/1480 train_time:37126ms step_avg:42.62ms
step:872/1480 train_time:37186ms step_avg:42.64ms
step:873/1480 train_time:37241ms step_avg:42.66ms
step:874/1480 train_time:37299ms step_avg:42.68ms
step:875/1480 train_time:37353ms step_avg:42.69ms
step:876/1480 train_time:37413ms step_avg:42.71ms
step:877/1480 train_time:37466ms step_avg:42.72ms
step:878/1480 train_time:37526ms step_avg:42.74ms
step:879/1480 train_time:37581ms step_avg:42.75ms
step:880/1480 train_time:37640ms step_avg:42.77ms
step:881/1480 train_time:37694ms step_avg:42.78ms
step:882/1480 train_time:37753ms step_avg:42.80ms
step:883/1480 train_time:37806ms step_avg:42.82ms
step:884/1480 train_time:37866ms step_avg:42.83ms
step:885/1480 train_time:37920ms step_avg:42.85ms
step:886/1480 train_time:37979ms step_avg:42.87ms
step:887/1480 train_time:38033ms step_avg:42.88ms
step:888/1480 train_time:38092ms step_avg:42.90ms
step:889/1480 train_time:38146ms step_avg:42.91ms
step:890/1480 train_time:38205ms step_avg:42.93ms
step:891/1480 train_time:38259ms step_avg:42.94ms
step:892/1480 train_time:38319ms step_avg:42.96ms
step:893/1480 train_time:38373ms step_avg:42.97ms
step:894/1480 train_time:38432ms step_avg:42.99ms
step:895/1480 train_time:38486ms step_avg:43.00ms
step:896/1480 train_time:38546ms step_avg:43.02ms
step:897/1480 train_time:38600ms step_avg:43.03ms
step:898/1480 train_time:38659ms step_avg:43.05ms
step:899/1480 train_time:38713ms step_avg:43.06ms
step:900/1480 train_time:38772ms step_avg:43.08ms
step:901/1480 train_time:38827ms step_avg:43.09ms
step:902/1480 train_time:38887ms step_avg:43.11ms
step:903/1480 train_time:38941ms step_avg:43.12ms
step:904/1480 train_time:39001ms step_avg:43.14ms
step:905/1480 train_time:39055ms step_avg:43.15ms
step:906/1480 train_time:39114ms step_avg:43.17ms
step:907/1480 train_time:39168ms step_avg:43.18ms
step:908/1480 train_time:39227ms step_avg:43.20ms
step:909/1480 train_time:39281ms step_avg:43.21ms
step:910/1480 train_time:39340ms step_avg:43.23ms
step:911/1480 train_time:39394ms step_avg:43.24ms
step:912/1480 train_time:39454ms step_avg:43.26ms
step:913/1480 train_time:39507ms step_avg:43.27ms
step:914/1480 train_time:39567ms step_avg:43.29ms
step:915/1480 train_time:39621ms step_avg:43.30ms
step:916/1480 train_time:39680ms step_avg:43.32ms
step:917/1480 train_time:39734ms step_avg:43.33ms
step:918/1480 train_time:39794ms step_avg:43.35ms
step:919/1480 train_time:39848ms step_avg:43.36ms
step:920/1480 train_time:39908ms step_avg:43.38ms
step:921/1480 train_time:39962ms step_avg:43.39ms
step:922/1480 train_time:40021ms step_avg:43.41ms
step:923/1480 train_time:40075ms step_avg:43.42ms
step:924/1480 train_time:40134ms step_avg:43.44ms
step:925/1480 train_time:40188ms step_avg:43.45ms
step:926/1480 train_time:40248ms step_avg:43.46ms
step:927/1480 train_time:40302ms step_avg:43.48ms
step:928/1480 train_time:40361ms step_avg:43.49ms
step:929/1480 train_time:40415ms step_avg:43.50ms
step:930/1480 train_time:40475ms step_avg:43.52ms
step:931/1480 train_time:40528ms step_avg:43.53ms
step:932/1480 train_time:40588ms step_avg:43.55ms
step:933/1480 train_time:40642ms step_avg:43.56ms
step:934/1480 train_time:40702ms step_avg:43.58ms
step:935/1480 train_time:40755ms step_avg:43.59ms
step:936/1480 train_time:40815ms step_avg:43.61ms
step:937/1480 train_time:40870ms step_avg:43.62ms
step:938/1480 train_time:40929ms step_avg:43.63ms
step:939/1480 train_time:40984ms step_avg:43.65ms
step:940/1480 train_time:41043ms step_avg:43.66ms
step:941/1480 train_time:41096ms step_avg:43.67ms
step:942/1480 train_time:41155ms step_avg:43.69ms
step:943/1480 train_time:41210ms step_avg:43.70ms
step:944/1480 train_time:41269ms step_avg:43.72ms
step:945/1480 train_time:41323ms step_avg:43.73ms
step:946/1480 train_time:41381ms step_avg:43.74ms
step:947/1480 train_time:41436ms step_avg:43.75ms
step:948/1480 train_time:41495ms step_avg:43.77ms
step:949/1480 train_time:41549ms step_avg:43.78ms
step:950/1480 train_time:41609ms step_avg:43.80ms
step:951/1480 train_time:41663ms step_avg:43.81ms
step:952/1480 train_time:41723ms step_avg:43.83ms
step:953/1480 train_time:41777ms step_avg:43.84ms
step:954/1480 train_time:41836ms step_avg:43.85ms
step:955/1480 train_time:41890ms step_avg:43.86ms
step:956/1480 train_time:41950ms step_avg:43.88ms
step:957/1480 train_time:42004ms step_avg:43.89ms
step:958/1480 train_time:42063ms step_avg:43.91ms
step:959/1480 train_time:42117ms step_avg:43.92ms
step:960/1480 train_time:42176ms step_avg:43.93ms
step:961/1480 train_time:42232ms step_avg:43.95ms
step:962/1480 train_time:42320ms step_avg:43.99ms
step:963/1480 train_time:42399ms step_avg:44.03ms
step:964/1480 train_time:42485ms step_avg:44.07ms
step:965/1480 train_time:42566ms step_avg:44.11ms
step:966/1480 train_time:42651ms step_avg:44.15ms
step:967/1480 train_time:42731ms step_avg:44.19ms
step:968/1480 train_time:42816ms step_avg:44.23ms
step:969/1480 train_time:42896ms step_avg:44.27ms
step:970/1480 train_time:42981ms step_avg:44.31ms
step:971/1480 train_time:43062ms step_avg:44.35ms
step:972/1480 train_time:43147ms step_avg:44.39ms
step:973/1480 train_time:43228ms step_avg:44.43ms
step:974/1480 train_time:43312ms step_avg:44.47ms
step:975/1480 train_time:43392ms step_avg:44.50ms
step:976/1480 train_time:43479ms step_avg:44.55ms
step:977/1480 train_time:43558ms step_avg:44.58ms
step:978/1480 train_time:43643ms step_avg:44.63ms
step:979/1480 train_time:43723ms step_avg:44.66ms
step:980/1480 train_time:43809ms step_avg:44.70ms
step:981/1480 train_time:43888ms step_avg:44.74ms
step:982/1480 train_time:43973ms step_avg:44.78ms
step:983/1480 train_time:44054ms step_avg:44.82ms
step:984/1480 train_time:44139ms step_avg:44.86ms
step:985/1480 train_time:44218ms step_avg:44.89ms
step:986/1480 train_time:44304ms step_avg:44.93ms
step:987/1480 train_time:44385ms step_avg:44.97ms
step:988/1480 train_time:44469ms step_avg:45.01ms
step:989/1480 train_time:44550ms step_avg:45.05ms
step:990/1480 train_time:44635ms step_avg:45.09ms
step:991/1480 train_time:44714ms step_avg:45.12ms
step:992/1480 train_time:44799ms step_avg:45.16ms
step:993/1480 train_time:44879ms step_avg:45.19ms
step:994/1480 train_time:44964ms step_avg:45.24ms
step:995/1480 train_time:45045ms step_avg:45.27ms
step:996/1480 train_time:45131ms step_avg:45.31ms
step:997/1480 train_time:45210ms step_avg:45.35ms
step:998/1480 train_time:45295ms step_avg:45.39ms
step:999/1480 train_time:45376ms step_avg:45.42ms
step:1000/1480 train_time:45461ms step_avg:45.46ms
step:1000/1480 val_loss:3.5092 train_time:45553ms step_avg:45.55ms
step:1001/1480 train_time:45569ms step_avg:45.52ms
step:1002/1480 train_time:45630ms step_avg:45.54ms
step:1003/1480 train_time:45712ms step_avg:45.57ms
step:1004/1480 train_time:45799ms step_avg:45.62ms
step:1005/1480 train_time:45880ms step_avg:45.65ms
step:1006/1480 train_time:45964ms step_avg:45.69ms
step:1007/1480 train_time:46043ms step_avg:45.72ms
step:1008/1480 train_time:46127ms step_avg:45.76ms
step:1009/1480 train_time:46206ms step_avg:45.79ms
step:1010/1480 train_time:46291ms step_avg:45.83ms
step:1011/1480 train_time:46371ms step_avg:45.87ms
step:1012/1480 train_time:46456ms step_avg:45.90ms
step:1013/1480 train_time:46535ms step_avg:45.94ms
step:1014/1480 train_time:46624ms step_avg:45.98ms
step:1015/1480 train_time:46705ms step_avg:46.01ms
step:1016/1480 train_time:46793ms step_avg:46.06ms
step:1017/1480 train_time:46875ms step_avg:46.09ms
step:1018/1480 train_time:46960ms step_avg:46.13ms
step:1019/1480 train_time:47039ms step_avg:46.16ms
step:1020/1480 train_time:47123ms step_avg:46.20ms
step:1021/1480 train_time:47202ms step_avg:46.23ms
step:1022/1480 train_time:47287ms step_avg:46.27ms
step:1023/1480 train_time:47367ms step_avg:46.30ms
step:1024/1480 train_time:47453ms step_avg:46.34ms
step:1025/1480 train_time:47533ms step_avg:46.37ms
step:1026/1480 train_time:47620ms step_avg:46.41ms
step:1027/1480 train_time:47701ms step_avg:46.45ms
step:1028/1480 train_time:47786ms step_avg:46.48ms
step:1029/1480 train_time:47866ms step_avg:46.52ms
step:1030/1480 train_time:47951ms step_avg:46.55ms
step:1031/1480 train_time:48030ms step_avg:46.59ms
step:1032/1480 train_time:48116ms step_avg:46.62ms
step:1033/1480 train_time:48197ms step_avg:46.66ms
step:1034/1480 train_time:48281ms step_avg:46.69ms
step:1035/1480 train_time:48360ms step_avg:46.72ms
step:1036/1480 train_time:48447ms step_avg:46.76ms
step:1037/1480 train_time:48526ms step_avg:46.79ms
step:1038/1480 train_time:48612ms step_avg:46.83ms
step:1039/1480 train_time:48693ms step_avg:46.87ms
step:1040/1480 train_time:48779ms step_avg:46.90ms
step:1041/1480 train_time:48859ms step_avg:46.93ms
step:1042/1480 train_time:48944ms step_avg:46.97ms
step:1043/1480 train_time:49023ms step_avg:47.00ms
step:1044/1480 train_time:49110ms step_avg:47.04ms
step:1045/1480 train_time:49190ms step_avg:47.07ms
step:1046/1480 train_time:49276ms step_avg:47.11ms
step:1047/1480 train_time:49355ms step_avg:47.14ms
step:1048/1480 train_time:49440ms step_avg:47.18ms
step:1049/1480 train_time:49519ms step_avg:47.21ms
step:1050/1480 train_time:49605ms step_avg:47.24ms
step:1051/1480 train_time:49684ms step_avg:47.27ms
step:1052/1480 train_time:49771ms step_avg:47.31ms
step:1053/1480 train_time:49851ms step_avg:47.34ms
step:1054/1480 train_time:49937ms step_avg:47.38ms
step:1055/1480 train_time:50017ms step_avg:47.41ms
step:1056/1480 train_time:50102ms step_avg:47.45ms
step:1057/1480 train_time:50183ms step_avg:47.48ms
step:1058/1480 train_time:50269ms step_avg:47.51ms
step:1059/1480 train_time:50349ms step_avg:47.54ms
step:1060/1480 train_time:50434ms step_avg:47.58ms
step:1061/1480 train_time:50515ms step_avg:47.61ms
step:1062/1480 train_time:50601ms step_avg:47.65ms
step:1063/1480 train_time:50681ms step_avg:47.68ms
step:1064/1480 train_time:50765ms step_avg:47.71ms
step:1065/1480 train_time:50846ms step_avg:47.74ms
step:1066/1480 train_time:50930ms step_avg:47.78ms
step:1067/1480 train_time:51012ms step_avg:47.81ms
step:1068/1480 train_time:51097ms step_avg:47.84ms
step:1069/1480 train_time:51177ms step_avg:47.87ms
step:1070/1480 train_time:51263ms step_avg:47.91ms
step:1071/1480 train_time:51342ms step_avg:47.94ms
step:1072/1480 train_time:51426ms step_avg:47.97ms
step:1073/1480 train_time:51505ms step_avg:48.00ms
step:1074/1480 train_time:51592ms step_avg:48.04ms
step:1075/1480 train_time:51673ms step_avg:48.07ms
step:1076/1480 train_time:51759ms step_avg:48.10ms
step:1077/1480 train_time:51839ms step_avg:48.13ms
step:1078/1480 train_time:51923ms step_avg:48.17ms
step:1079/1480 train_time:52003ms step_avg:48.20ms
step:1080/1480 train_time:52087ms step_avg:48.23ms
step:1081/1480 train_time:52169ms step_avg:48.26ms
step:1082/1480 train_time:52254ms step_avg:48.29ms
step:1083/1480 train_time:52333ms step_avg:48.32ms
step:1084/1480 train_time:52418ms step_avg:48.36ms
step:1085/1480 train_time:52498ms step_avg:48.39ms
step:1086/1480 train_time:52585ms step_avg:48.42ms
step:1087/1480 train_time:52665ms step_avg:48.45ms
step:1088/1480 train_time:52750ms step_avg:48.48ms
step:1089/1480 train_time:52830ms step_avg:48.51ms
step:1090/1480 train_time:52917ms step_avg:48.55ms
step:1091/1480 train_time:52997ms step_avg:48.58ms
step:1092/1480 train_time:53083ms step_avg:48.61ms
step:1093/1480 train_time:53163ms step_avg:48.64ms
step:1094/1480 train_time:53248ms step_avg:48.67ms
step:1095/1480 train_time:53327ms step_avg:48.70ms
step:1096/1480 train_time:53413ms step_avg:48.73ms
step:1097/1480 train_time:53493ms step_avg:48.76ms
step:1098/1480 train_time:53578ms step_avg:48.80ms
step:1099/1480 train_time:53658ms step_avg:48.82ms
step:1100/1480 train_time:53743ms step_avg:48.86ms
step:1101/1480 train_time:53823ms step_avg:48.89ms
step:1102/1480 train_time:53909ms step_avg:48.92ms
step:1103/1480 train_time:53989ms step_avg:48.95ms
step:1104/1480 train_time:54075ms step_avg:48.98ms
step:1105/1480 train_time:54156ms step_avg:49.01ms
step:1106/1480 train_time:54241ms step_avg:49.04ms
step:1107/1480 train_time:54320ms step_avg:49.07ms
step:1108/1480 train_time:54406ms step_avg:49.10ms
step:1109/1480 train_time:54485ms step_avg:49.13ms
step:1110/1480 train_time:54572ms step_avg:49.16ms
step:1111/1480 train_time:54652ms step_avg:49.19ms
step:1112/1480 train_time:54738ms step_avg:49.22ms
step:1113/1480 train_time:54818ms step_avg:49.25ms
step:1114/1480 train_time:54904ms step_avg:49.29ms
step:1115/1480 train_time:54984ms step_avg:49.31ms
step:1116/1480 train_time:55070ms step_avg:49.35ms
step:1117/1480 train_time:55150ms step_avg:49.37ms
step:1118/1480 train_time:55234ms step_avg:49.40ms
step:1119/1480 train_time:55315ms step_avg:49.43ms
step:1120/1480 train_time:55401ms step_avg:49.47ms
step:1121/1480 train_time:55482ms step_avg:49.49ms
step:1122/1480 train_time:55567ms step_avg:49.52ms
step:1123/1480 train_time:55647ms step_avg:49.55ms
step:1124/1480 train_time:55731ms step_avg:49.58ms
step:1125/1480 train_time:55812ms step_avg:49.61ms
step:1126/1480 train_time:55898ms step_avg:49.64ms
step:1127/1480 train_time:55979ms step_avg:49.67ms
step:1128/1480 train_time:56064ms step_avg:49.70ms
step:1129/1480 train_time:56143ms step_avg:49.73ms
step:1130/1480 train_time:56227ms step_avg:49.76ms
step:1131/1480 train_time:56309ms step_avg:49.79ms
step:1132/1480 train_time:56395ms step_avg:49.82ms
step:1133/1480 train_time:56476ms step_avg:49.85ms
step:1134/1480 train_time:56562ms step_avg:49.88ms
step:1135/1480 train_time:56641ms step_avg:49.90ms
step:1136/1480 train_time:56725ms step_avg:49.93ms
step:1137/1480 train_time:56805ms step_avg:49.96ms
step:1138/1480 train_time:56891ms step_avg:49.99ms
step:1139/1480 train_time:56972ms step_avg:50.02ms
step:1140/1480 train_time:57058ms step_avg:50.05ms
step:1141/1480 train_time:57137ms step_avg:50.08ms
step:1142/1480 train_time:57222ms step_avg:50.11ms
step:1143/1480 train_time:57301ms step_avg:50.13ms
step:1144/1480 train_time:57387ms step_avg:50.16ms
step:1145/1480 train_time:57467ms step_avg:50.19ms
step:1146/1480 train_time:57554ms step_avg:50.22ms
step:1147/1480 train_time:57634ms step_avg:50.25ms
step:1148/1480 train_time:57719ms step_avg:50.28ms
step:1149/1480 train_time:57800ms step_avg:50.30ms
step:1150/1480 train_time:57884ms step_avg:50.33ms
step:1151/1480 train_time:57964ms step_avg:50.36ms
step:1152/1480 train_time:58051ms step_avg:50.39ms
step:1153/1480 train_time:58130ms step_avg:50.42ms
step:1154/1480 train_time:58216ms step_avg:50.45ms
step:1155/1480 train_time:58296ms step_avg:50.47ms
step:1156/1480 train_time:58382ms step_avg:50.50ms
step:1157/1480 train_time:58462ms step_avg:50.53ms
step:1158/1480 train_time:58547ms step_avg:50.56ms
step:1159/1480 train_time:58626ms step_avg:50.58ms
step:1160/1480 train_time:58712ms step_avg:50.61ms
step:1161/1480 train_time:58792ms step_avg:50.64ms
step:1162/1480 train_time:58878ms step_avg:50.67ms
step:1163/1480 train_time:58958ms step_avg:50.69ms
step:1164/1480 train_time:59043ms step_avg:50.72ms
step:1165/1480 train_time:59123ms step_avg:50.75ms
step:1166/1480 train_time:59207ms step_avg:50.78ms
step:1167/1480 train_time:59287ms step_avg:50.80ms
step:1168/1480 train_time:59374ms step_avg:50.83ms
step:1169/1480 train_time:59455ms step_avg:50.86ms
step:1170/1480 train_time:59540ms step_avg:50.89ms
step:1171/1480 train_time:59618ms step_avg:50.91ms
step:1172/1480 train_time:59705ms step_avg:50.94ms
step:1173/1480 train_time:59785ms step_avg:50.97ms
step:1174/1480 train_time:59872ms step_avg:51.00ms
step:1175/1480 train_time:59952ms step_avg:51.02ms
step:1176/1480 train_time:60037ms step_avg:51.05ms
step:1177/1480 train_time:60118ms step_avg:51.08ms
step:1178/1480 train_time:60204ms step_avg:51.11ms
step:1179/1480 train_time:60284ms step_avg:51.13ms
step:1180/1480 train_time:60370ms step_avg:51.16ms
step:1181/1480 train_time:60449ms step_avg:51.18ms
step:1182/1480 train_time:60534ms step_avg:51.21ms
step:1183/1480 train_time:60616ms step_avg:51.24ms
step:1184/1480 train_time:60701ms step_avg:51.27ms
step:1185/1480 train_time:60780ms step_avg:51.29ms
step:1186/1480 train_time:60866ms step_avg:51.32ms
step:1187/1480 train_time:60946ms step_avg:51.34ms
step:1188/1480 train_time:61032ms step_avg:51.37ms
step:1189/1480 train_time:61112ms step_avg:51.40ms
step:1190/1480 train_time:61199ms step_avg:51.43ms
step:1191/1480 train_time:61279ms step_avg:51.45ms
step:1192/1480 train_time:61363ms step_avg:51.48ms
step:1193/1480 train_time:61443ms step_avg:51.50ms
step:1194/1480 train_time:61528ms step_avg:51.53ms
step:1195/1480 train_time:61609ms step_avg:51.56ms
step:1196/1480 train_time:61695ms step_avg:51.58ms
step:1197/1480 train_time:61776ms step_avg:51.61ms
step:1198/1480 train_time:61862ms step_avg:51.64ms
step:1199/1480 train_time:61941ms step_avg:51.66ms
step:1200/1480 train_time:62025ms step_avg:51.69ms
step:1201/1480 train_time:62104ms step_avg:51.71ms
step:1202/1480 train_time:62191ms step_avg:51.74ms
step:1203/1480 train_time:62272ms step_avg:51.76ms
step:1204/1480 train_time:62357ms step_avg:51.79ms
step:1205/1480 train_time:62436ms step_avg:51.81ms
step:1206/1480 train_time:62521ms step_avg:51.84ms
step:1207/1480 train_time:62602ms step_avg:51.87ms
step:1208/1480 train_time:62687ms step_avg:51.89ms
step:1209/1480 train_time:62766ms step_avg:51.92ms
step:1210/1480 train_time:62852ms step_avg:51.94ms
step:1211/1480 train_time:62932ms step_avg:51.97ms
step:1212/1480 train_time:63017ms step_avg:51.99ms
step:1213/1480 train_time:63098ms step_avg:52.02ms
step:1214/1480 train_time:63184ms step_avg:52.05ms
step:1215/1480 train_time:63264ms step_avg:52.07ms
step:1216/1480 train_time:63349ms step_avg:52.10ms
step:1217/1480 train_time:63429ms step_avg:52.12ms
step:1218/1480 train_time:63514ms step_avg:52.15ms
step:1219/1480 train_time:63595ms step_avg:52.17ms
step:1220/1480 train_time:63681ms step_avg:52.20ms
step:1221/1480 train_time:63762ms step_avg:52.22ms
step:1222/1480 train_time:63846ms step_avg:52.25ms
step:1223/1480 train_time:63926ms step_avg:52.27ms
step:1224/1480 train_time:64012ms step_avg:52.30ms
step:1225/1480 train_time:64091ms step_avg:52.32ms
step:1226/1480 train_time:64177ms step_avg:52.35ms
step:1227/1480 train_time:64257ms step_avg:52.37ms
step:1228/1480 train_time:64343ms step_avg:52.40ms
step:1229/1480 train_time:64421ms step_avg:52.42ms
step:1230/1480 train_time:64507ms step_avg:52.44ms
step:1231/1480 train_time:64587ms step_avg:52.47ms
step:1232/1480 train_time:64673ms step_avg:52.49ms
step:1233/1480 train_time:64755ms step_avg:52.52ms
step:1234/1480 train_time:64840ms step_avg:52.54ms
step:1235/1480 train_time:64919ms step_avg:52.57ms
step:1236/1480 train_time:65004ms step_avg:52.59ms
step:1237/1480 train_time:65085ms step_avg:52.61ms
step:1238/1480 train_time:65171ms step_avg:52.64ms
step:1239/1480 train_time:65251ms step_avg:52.66ms
step:1240/1480 train_time:65337ms step_avg:52.69ms
step:1241/1480 train_time:65416ms step_avg:52.71ms
step:1242/1480 train_time:65502ms step_avg:52.74ms
step:1243/1480 train_time:65582ms step_avg:52.76ms
step:1244/1480 train_time:65667ms step_avg:52.79ms
step:1245/1480 train_time:65746ms step_avg:52.81ms
step:1246/1480 train_time:65831ms step_avg:52.83ms
step:1247/1480 train_time:65912ms step_avg:52.86ms
step:1248/1480 train_time:65998ms step_avg:52.88ms
step:1249/1480 train_time:66078ms step_avg:52.90ms
step:1250/1480 train_time:66164ms step_avg:52.93ms
step:1250/1480 val_loss:3.3673 train_time:66254ms step_avg:53.00ms
step:1251/1480 train_time:66271ms step_avg:52.97ms
step:1252/1480 train_time:66332ms step_avg:52.98ms
step:1253/1480 train_time:66414ms step_avg:53.00ms
step:1254/1480 train_time:66505ms step_avg:53.03ms
step:1255/1480 train_time:66586ms step_avg:53.06ms
step:1256/1480 train_time:66670ms step_avg:53.08ms
step:1257/1480 train_time:66749ms step_avg:53.10ms
step:1258/1480 train_time:66833ms step_avg:53.13ms
step:1259/1480 train_time:66913ms step_avg:53.15ms
step:1260/1480 train_time:66997ms step_avg:53.17ms
step:1261/1480 train_time:67076ms step_avg:53.19ms
step:1262/1480 train_time:67162ms step_avg:53.22ms
step:1263/1480 train_time:67243ms step_avg:53.24ms
step:1264/1480 train_time:67333ms step_avg:53.27ms
step:1265/1480 train_time:67414ms step_avg:53.29ms
step:1266/1480 train_time:67501ms step_avg:53.32ms
step:1267/1480 train_time:67582ms step_avg:53.34ms
step:1268/1480 train_time:67666ms step_avg:53.36ms
step:1269/1480 train_time:67745ms step_avg:53.38ms
step:1270/1480 train_time:67830ms step_avg:53.41ms
step:1271/1480 train_time:67909ms step_avg:53.43ms
step:1272/1480 train_time:67992ms step_avg:53.45ms
step:1273/1480 train_time:68072ms step_avg:53.47ms
step:1274/1480 train_time:68157ms step_avg:53.50ms
step:1275/1480 train_time:68238ms step_avg:53.52ms
step:1276/1480 train_time:68326ms step_avg:53.55ms
step:1277/1480 train_time:68407ms step_avg:53.57ms
step:1278/1480 train_time:68493ms step_avg:53.59ms
step:1279/1480 train_time:68573ms step_avg:53.61ms
step:1280/1480 train_time:68659ms step_avg:53.64ms
step:1281/1480 train_time:68739ms step_avg:53.66ms
step:1282/1480 train_time:68824ms step_avg:53.69ms
step:1283/1480 train_time:68905ms step_avg:53.71ms
step:1284/1480 train_time:68991ms step_avg:53.73ms
step:1285/1480 train_time:69069ms step_avg:53.75ms
step:1286/1480 train_time:69154ms step_avg:53.77ms
step:1287/1480 train_time:69235ms step_avg:53.80ms
step:1288/1480 train_time:69322ms step_avg:53.82ms
step:1289/1480 train_time:69405ms step_avg:53.84ms
step:1290/1480 train_time:69491ms step_avg:53.87ms
step:1291/1480 train_time:69570ms step_avg:53.89ms
step:1292/1480 train_time:69655ms step_avg:53.91ms
step:1293/1480 train_time:69734ms step_avg:53.93ms
step:1294/1480 train_time:69820ms step_avg:53.96ms
step:1295/1480 train_time:69901ms step_avg:53.98ms
step:1296/1480 train_time:69986ms step_avg:54.00ms
step:1297/1480 train_time:70065ms step_avg:54.02ms
step:1298/1480 train_time:70150ms step_avg:54.05ms
step:1299/1480 train_time:70230ms step_avg:54.06ms
step:1300/1480 train_time:70316ms step_avg:54.09ms
step:1301/1480 train_time:70397ms step_avg:54.11ms
step:1302/1480 train_time:70483ms step_avg:54.13ms
step:1303/1480 train_time:70563ms step_avg:54.15ms
step:1304/1480 train_time:70649ms step_avg:54.18ms
step:1305/1480 train_time:70728ms step_avg:54.20ms
step:1306/1480 train_time:70814ms step_avg:54.22ms
step:1307/1480 train_time:70894ms step_avg:54.24ms
step:1308/1480 train_time:70979ms step_avg:54.27ms
step:1309/1480 train_time:71059ms step_avg:54.28ms
step:1310/1480 train_time:71145ms step_avg:54.31ms
step:1311/1480 train_time:71226ms step_avg:54.33ms
step:1312/1480 train_time:71311ms step_avg:54.35ms
step:1313/1480 train_time:71390ms step_avg:54.37ms
step:1314/1480 train_time:71476ms step_avg:54.40ms
step:1315/1480 train_time:71555ms step_avg:54.41ms
step:1316/1480 train_time:71643ms step_avg:54.44ms
step:1317/1480 train_time:71723ms step_avg:54.46ms
step:1318/1480 train_time:71809ms step_avg:54.48ms
step:1319/1480 train_time:71888ms step_avg:54.50ms
step:1320/1480 train_time:71973ms step_avg:54.52ms
step:1321/1480 train_time:72052ms step_avg:54.54ms
step:1322/1480 train_time:72138ms step_avg:54.57ms
step:1323/1480 train_time:72218ms step_avg:54.59ms
step:1324/1480 train_time:72305ms step_avg:54.61ms
step:1325/1480 train_time:72385ms step_avg:54.63ms
step:1326/1480 train_time:72471ms step_avg:54.65ms
step:1327/1480 train_time:72550ms step_avg:54.67ms
step:1328/1480 train_time:72637ms step_avg:54.70ms
step:1329/1480 train_time:72716ms step_avg:54.71ms
step:1330/1480 train_time:72802ms step_avg:54.74ms
step:1331/1480 train_time:72884ms step_avg:54.76ms
step:1332/1480 train_time:72968ms step_avg:54.78ms
step:1333/1480 train_time:73048ms step_avg:54.80ms
step:1334/1480 train_time:73132ms step_avg:54.82ms
step:1335/1480 train_time:73211ms step_avg:54.84ms
step:1336/1480 train_time:73298ms step_avg:54.86ms
step:1337/1480 train_time:73378ms step_avg:54.88ms
step:1338/1480 train_time:73465ms step_avg:54.91ms
step:1339/1480 train_time:73545ms step_avg:54.93ms
step:1340/1480 train_time:73631ms step_avg:54.95ms
step:1341/1480 train_time:73710ms step_avg:54.97ms
step:1342/1480 train_time:73796ms step_avg:54.99ms
step:1343/1480 train_time:73877ms step_avg:55.01ms
step:1344/1480 train_time:73962ms step_avg:55.03ms
step:1345/1480 train_time:74042ms step_avg:55.05ms
step:1346/1480 train_time:74129ms step_avg:55.07ms
step:1347/1480 train_time:74210ms step_avg:55.09ms
step:1348/1480 train_time:74296ms step_avg:55.12ms
step:1349/1480 train_time:74375ms step_avg:55.13ms
step:1350/1480 train_time:74462ms step_avg:55.16ms
step:1351/1480 train_time:74543ms step_avg:55.18ms
step:1352/1480 train_time:74628ms step_avg:55.20ms
step:1353/1480 train_time:74707ms step_avg:55.22ms
step:1354/1480 train_time:74792ms step_avg:55.24ms
step:1355/1480 train_time:74872ms step_avg:55.26ms
step:1356/1480 train_time:74957ms step_avg:55.28ms
step:1357/1480 train_time:75038ms step_avg:55.30ms
step:1358/1480 train_time:75125ms step_avg:55.32ms
step:1359/1480 train_time:75205ms step_avg:55.34ms
step:1360/1480 train_time:75291ms step_avg:55.36ms
step:1361/1480 train_time:75371ms step_avg:55.38ms
step:1362/1480 train_time:75455ms step_avg:55.40ms
step:1363/1480 train_time:75535ms step_avg:55.42ms
step:1364/1480 train_time:75620ms step_avg:55.44ms
step:1365/1480 train_time:75701ms step_avg:55.46ms
step:1366/1480 train_time:75787ms step_avg:55.48ms
step:1367/1480 train_time:75868ms step_avg:55.50ms
step:1368/1480 train_time:75952ms step_avg:55.52ms
step:1369/1480 train_time:76032ms step_avg:55.54ms
step:1370/1480 train_time:76117ms step_avg:55.56ms
step:1371/1480 train_time:76198ms step_avg:55.58ms
step:1372/1480 train_time:76284ms step_avg:55.60ms
step:1373/1480 train_time:76364ms step_avg:55.62ms
step:1374/1480 train_time:76449ms step_avg:55.64ms
step:1375/1480 train_time:76528ms step_avg:55.66ms
step:1376/1480 train_time:76613ms step_avg:55.68ms
step:1377/1480 train_time:76694ms step_avg:55.70ms
step:1378/1480 train_time:76779ms step_avg:55.72ms
step:1379/1480 train_time:76858ms step_avg:55.73ms
step:1380/1480 train_time:76945ms step_avg:55.76ms
step:1381/1480 train_time:77026ms step_avg:55.78ms
step:1382/1480 train_time:77111ms step_avg:55.80ms
step:1383/1480 train_time:77191ms step_avg:55.81ms
step:1384/1480 train_time:77276ms step_avg:55.84ms
step:1385/1480 train_time:77356ms step_avg:55.85ms
step:1386/1480 train_time:77441ms step_avg:55.87ms
step:1387/1480 train_time:77522ms step_avg:55.89ms
step:1388/1480 train_time:77608ms step_avg:55.91ms
step:1389/1480 train_time:77688ms step_avg:55.93ms
step:1390/1480 train_time:77773ms step_avg:55.95ms
step:1391/1480 train_time:77852ms step_avg:55.97ms
step:1392/1480 train_time:77939ms step_avg:55.99ms
step:1393/1480 train_time:78019ms step_avg:56.01ms
step:1394/1480 train_time:78105ms step_avg:56.03ms
step:1395/1480 train_time:78185ms step_avg:56.05ms
step:1396/1480 train_time:78270ms step_avg:56.07ms
step:1397/1480 train_time:78350ms step_avg:56.08ms
step:1398/1480 train_time:78436ms step_avg:56.11ms
step:1399/1480 train_time:78516ms step_avg:56.12ms
step:1400/1480 train_time:78602ms step_avg:56.14ms
step:1401/1480 train_time:78682ms step_avg:56.16ms
step:1402/1480 train_time:78768ms step_avg:56.18ms
step:1403/1480 train_time:78846ms step_avg:56.20ms
step:1404/1480 train_time:78932ms step_avg:56.22ms
step:1405/1480 train_time:79012ms step_avg:56.24ms
step:1406/1480 train_time:79098ms step_avg:56.26ms
step:1407/1480 train_time:79178ms step_avg:56.27ms
step:1408/1480 train_time:79262ms step_avg:56.29ms
step:1409/1480 train_time:79344ms step_avg:56.31ms
step:1410/1480 train_time:79429ms step_avg:56.33ms
step:1411/1480 train_time:79509ms step_avg:56.35ms
step:1412/1480 train_time:79595ms step_avg:56.37ms
step:1413/1480 train_time:79675ms step_avg:56.39ms
step:1414/1480 train_time:79759ms step_avg:56.41ms
step:1415/1480 train_time:79840ms step_avg:56.42ms
step:1416/1480 train_time:79926ms step_avg:56.44ms
step:1417/1480 train_time:80006ms step_avg:56.46ms
step:1418/1480 train_time:80090ms step_avg:56.48ms
step:1419/1480 train_time:80170ms step_avg:56.50ms
step:1420/1480 train_time:80255ms step_avg:56.52ms
step:1421/1480 train_time:80335ms step_avg:56.53ms
step:1422/1480 train_time:80420ms step_avg:56.55ms
step:1423/1480 train_time:80501ms step_avg:56.57ms
step:1424/1480 train_time:80587ms step_avg:56.59ms
step:1425/1480 train_time:80667ms step_avg:56.61ms
step:1426/1480 train_time:80752ms step_avg:56.63ms
step:1427/1480 train_time:80831ms step_avg:56.64ms
step:1428/1480 train_time:80917ms step_avg:56.66ms
step:1429/1480 train_time:80996ms step_avg:56.68ms
step:1430/1480 train_time:81081ms step_avg:56.70ms
step:1431/1480 train_time:81162ms step_avg:56.72ms
step:1432/1480 train_time:81246ms step_avg:56.74ms
step:1433/1480 train_time:81326ms step_avg:56.75ms
step:1434/1480 train_time:81410ms step_avg:56.77ms
step:1435/1480 train_time:81490ms step_avg:56.79ms
step:1436/1480 train_time:81576ms step_avg:56.81ms
step:1437/1480 train_time:81656ms step_avg:56.82ms
step:1438/1480 train_time:81742ms step_avg:56.84ms
step:1439/1480 train_time:81823ms step_avg:56.86ms
step:1440/1480 train_time:81908ms step_avg:56.88ms
step:1441/1480 train_time:81990ms step_avg:56.90ms
step:1442/1480 train_time:82079ms step_avg:56.92ms
step:1443/1480 train_time:82159ms step_avg:56.94ms
step:1444/1480 train_time:82245ms step_avg:56.96ms
step:1445/1480 train_time:82325ms step_avg:56.97ms
step:1446/1480 train_time:82410ms step_avg:56.99ms
step:1447/1480 train_time:82491ms step_avg:57.01ms
step:1448/1480 train_time:82576ms step_avg:57.03ms
step:1449/1480 train_time:82655ms step_avg:57.04ms
step:1450/1480 train_time:82740ms step_avg:57.06ms
step:1451/1480 train_time:82822ms step_avg:57.08ms
step:1452/1480 train_time:82908ms step_avg:57.10ms
step:1453/1480 train_time:82990ms step_avg:57.12ms
step:1454/1480 train_time:83075ms step_avg:57.14ms
step:1455/1480 train_time:83154ms step_avg:57.15ms
step:1456/1480 train_time:83240ms step_avg:57.17ms
step:1457/1480 train_time:83321ms step_avg:57.19ms
step:1458/1480 train_time:83407ms step_avg:57.21ms
step:1459/1480 train_time:83486ms step_avg:57.22ms
step:1460/1480 train_time:83571ms step_avg:57.24ms
step:1461/1480 train_time:83650ms step_avg:57.26ms
step:1462/1480 train_time:83738ms step_avg:57.28ms
step:1463/1480 train_time:83818ms step_avg:57.29ms
step:1464/1480 train_time:83906ms step_avg:57.31ms
step:1465/1480 train_time:83987ms step_avg:57.33ms
step:1466/1480 train_time:84072ms step_avg:57.35ms
step:1467/1480 train_time:84152ms step_avg:57.36ms
step:1468/1480 train_time:84239ms step_avg:57.38ms
step:1469/1480 train_time:84319ms step_avg:57.40ms
step:1470/1480 train_time:84405ms step_avg:57.42ms
step:1471/1480 train_time:84486ms step_avg:57.43ms
step:1472/1480 train_time:84571ms step_avg:57.45ms
step:1473/1480 train_time:84651ms step_avg:57.47ms
step:1474/1480 train_time:84736ms step_avg:57.49ms
step:1475/1480 train_time:84817ms step_avg:57.50ms
step:1476/1480 train_time:84903ms step_avg:57.52ms
step:1477/1480 train_time:84985ms step_avg:57.54ms
step:1478/1480 train_time:85070ms step_avg:57.56ms
step:1479/1480 train_time:85150ms step_avg:57.57ms
step:1480/1480 train_time:85237ms step_avg:57.59ms
step:1480/1480 val_loss:3.2793 train_time:85328ms step_avg:57.65ms
peak memory allocated: 31355 MiB reserved: 46670 MiB
