W0420 02:09:08.649000 122507 torch/distributed/run.py:852] 
W0420 02:09:08.649000 122507 torch/distributed/run.py:852] *****************************************
W0420 02:09:08.649000 122507 torch/distributed/run.py:852] Setting OMP_NUM_THREADS environment variable for each process to be 1 in default, to avoid your system being overloaded, please further tune the variable for optimal performance in your application as needed. 
W0420 02:09:08.649000 122507 torch/distributed/run.py:852] *****************************************
[Gloo] Rank [Gloo] Rank 0[Gloo] Rank 5 is connected to 1 is connected to 7 is connected to 7 peer ranks. 7 peer ranks. Expected number of connected peer ranks is :  peer ranks. Expected number of connected peer ranks is : 7Expected number of connected peer ranks is : 7
7

[Gloo] Rank [Gloo] Rank 23 is connected to  is connected to 77 peer ranks.  peer ranks. Expected number of connected peer ranks is : Expected number of connected peer ranks is : 77

[Gloo] Rank [Gloo] Rank [Gloo] Rank 476 is connected to  is connected to  is connected to 777 peer ranks.  peer ranks.  peer ranks. Expected number of connected peer ranks is : Expected number of connected peer ranks is : Expected number of connected peer ranks is : 777


Warning: You are sending unauthenticated requests to the HF Hub. Please set a HF_TOKEN to enable higher rate limits and faster downloads.
Fetching 4 files:   0%|          | 0/4 [00:00<?, ?it/s]Fetching 4 files: 100%|██████████| 4/4 [00:00<00:00, 94254.02it/s]
Fetching 4 files:   0%|          | 0/4 [00:00<?, ?it/s]Fetching 4 files: 100%|██████████| 4/4 [00:00<00:00, 98689.51it/s]
Fetching 4 files:   0%|          | 0/4 [00:00<?, ?it/s]Fetching 4 files: 100%|██████████| 4/4 [00:00<00:00, 94254.02it/s]
Fetching 4 files:   0%|          | 0/4 [00:00<?, ?it/s]Fetching 4 files: 100%|██████████| 4/4 [00:00<00:00, 98689.51it/s]
Fetching 4 files:   0%|          | 0/4 [00:00<?, ?it/s]Fetching 4 files: 100%|██████████| 4/4 [00:00<00:00, 90687.65it/s]
Fetching 4 files:   0%|          | 0/4 [00:00<?, ?it/s]Fetching 4 files: 100%|██████████| 4/4 [00:00<00:00, 56871.92it/s]
Fetching 4 files:   0%|          | 0/4 [00:00<?, ?it/s]Fetching 4 files: 100%|██████████| 4/4 [00:00<00:00, 57653.66it/s]
Fetching 4 files:   0%|          | 0/4 [00:00<?, ?it/s]Fetching 4 files: 100%|██████████| 4/4 [00:00<00:00, 89240.51it/s]
logs/6c0e1721-0798-412d-8759-9cac0907f065.txt
Compiling model and warming up kernels (~7 minutes on first execution)
Sampling steps [0, 1, 478, 479, 480, 481, 958, 959, 960, 961, 1438, 1439, 1440, 1441] for warmup
Resetting Model
step:0/1480 val_loss:10.8291 train_time:0ms step_avg:0.03ms
step:1/1480 train_time:63ms step_avg:63.37ms
step:2/1480 train_time:84ms step_avg:41.93ms
step:3/1480 train_time:101ms step_avg:33.77ms
step:4/1480 train_time:136ms step_avg:33.98ms
step:5/1480 train_time:163ms step_avg:32.69ms
step:6/1480 train_time:198ms step_avg:33.02ms
step:7/1480 train_time:226ms step_avg:32.23ms
step:8/1480 train_time:260ms step_avg:32.51ms
step:9/1480 train_time:288ms step_avg:31.99ms
step:10/1480 train_time:323ms step_avg:32.26ms
step:11/1480 train_time:351ms step_avg:31.87ms
step:12/1480 train_time:385ms step_avg:32.10ms
step:13/1480 train_time:413ms step_avg:31.79ms
step:14/1480 train_time:448ms step_avg:31.99ms
step:15/1480 train_time:476ms step_avg:31.74ms
step:16/1480 train_time:511ms step_avg:31.91ms
step:17/1480 train_time:539ms step_avg:31.70ms
step:18/1480 train_time:573ms step_avg:31.86ms
step:19/1480 train_time:602ms step_avg:31.67ms
step:20/1480 train_time:636ms step_avg:31.81ms
step:21/1480 train_time:664ms step_avg:31.64ms
step:22/1480 train_time:699ms step_avg:31.77ms
step:23/1480 train_time:727ms step_avg:31.61ms
step:24/1480 train_time:762ms step_avg:31.75ms
step:25/1480 train_time:790ms step_avg:31.59ms
step:26/1480 train_time:825ms step_avg:31.72ms
step:27/1480 train_time:853ms step_avg:31.59ms
step:28/1480 train_time:887ms step_avg:31.69ms
step:29/1480 train_time:916ms step_avg:31.58ms
step:30/1480 train_time:950ms step_avg:31.68ms
step:31/1480 train_time:979ms step_avg:31.57ms
step:32/1480 train_time:1014ms step_avg:31.68ms
step:33/1480 train_time:1042ms step_avg:31.58ms
step:34/1480 train_time:1077ms step_avg:31.67ms
step:35/1480 train_time:1105ms step_avg:31.57ms
step:36/1480 train_time:1140ms step_avg:31.66ms
step:37/1480 train_time:1168ms step_avg:31.57ms
step:38/1480 train_time:1203ms step_avg:31.66ms
step:39/1480 train_time:1231ms step_avg:31.57ms
step:40/1480 train_time:1266ms step_avg:31.65ms
step:41/1480 train_time:1294ms step_avg:31.57ms
step:42/1480 train_time:1329ms step_avg:31.65ms
step:43/1480 train_time:1358ms step_avg:31.57ms
step:44/1480 train_time:1392ms step_avg:31.64ms
step:45/1480 train_time:1420ms step_avg:31.57ms
step:46/1480 train_time:1455ms step_avg:31.63ms
step:47/1480 train_time:1484ms step_avg:31.57ms
step:48/1480 train_time:1518ms step_avg:31.62ms
step:49/1480 train_time:1545ms step_avg:31.54ms
step:50/1480 train_time:1580ms step_avg:31.60ms
step:51/1480 train_time:1608ms step_avg:31.53ms
step:52/1480 train_time:1643ms step_avg:31.59ms
step:53/1480 train_time:1671ms step_avg:31.53ms
step:54/1480 train_time:1706ms step_avg:31.59ms
step:55/1480 train_time:1734ms step_avg:31.53ms
step:56/1480 train_time:1768ms step_avg:31.58ms
step:57/1480 train_time:1797ms step_avg:31.52ms
step:58/1480 train_time:1831ms step_avg:31.58ms
step:59/1480 train_time:1860ms step_avg:31.52ms
step:60/1480 train_time:1894ms step_avg:31.57ms
step:61/1480 train_time:1923ms step_avg:31.52ms
step:62/1480 train_time:1957ms step_avg:31.57ms
step:63/1480 train_time:1985ms step_avg:31.51ms
step:64/1480 train_time:2020ms step_avg:31.56ms
step:65/1480 train_time:2048ms step_avg:31.50ms
step:66/1480 train_time:2082ms step_avg:31.55ms
step:67/1480 train_time:2111ms step_avg:31.50ms
step:68/1480 train_time:2145ms step_avg:31.55ms
step:69/1480 train_time:2174ms step_avg:31.50ms
step:70/1480 train_time:2209ms step_avg:31.55ms
step:71/1480 train_time:2237ms step_avg:31.51ms
step:72/1480 train_time:2272ms step_avg:31.55ms
step:73/1480 train_time:2300ms step_avg:31.51ms
step:74/1480 train_time:2335ms step_avg:31.55ms
step:75/1480 train_time:2363ms step_avg:31.51ms
step:76/1480 train_time:2397ms step_avg:31.54ms
step:77/1480 train_time:2426ms step_avg:31.50ms
step:78/1480 train_time:2460ms step_avg:31.54ms
step:79/1480 train_time:2488ms step_avg:31.49ms
step:80/1480 train_time:2523ms step_avg:31.53ms
step:81/1480 train_time:2551ms step_avg:31.49ms
step:82/1480 train_time:2585ms step_avg:31.53ms
step:83/1480 train_time:2614ms step_avg:31.49ms
step:84/1480 train_time:2648ms step_avg:31.53ms
step:85/1480 train_time:2676ms step_avg:31.49ms
step:86/1480 train_time:2711ms step_avg:31.52ms
step:87/1480 train_time:2739ms step_avg:31.48ms
step:88/1480 train_time:2773ms step_avg:31.52ms
step:89/1480 train_time:2802ms step_avg:31.48ms
step:90/1480 train_time:2836ms step_avg:31.51ms
step:91/1480 train_time:2864ms step_avg:31.47ms
step:92/1480 train_time:2898ms step_avg:31.51ms
step:93/1480 train_time:2927ms step_avg:31.47ms
step:94/1480 train_time:2962ms step_avg:31.51ms
step:95/1480 train_time:2990ms step_avg:31.47ms
step:96/1480 train_time:3024ms step_avg:31.50ms
step:97/1480 train_time:3052ms step_avg:31.47ms
step:98/1480 train_time:3087ms step_avg:31.50ms
step:99/1480 train_time:3115ms step_avg:31.47ms
step:100/1480 train_time:3150ms step_avg:31.50ms
step:101/1480 train_time:3178ms step_avg:31.47ms
step:102/1480 train_time:3213ms step_avg:31.50ms
step:103/1480 train_time:3241ms step_avg:31.46ms
step:104/1480 train_time:3275ms step_avg:31.49ms
step:105/1480 train_time:3303ms step_avg:31.46ms
step:106/1480 train_time:3338ms step_avg:31.49ms
step:107/1480 train_time:3366ms step_avg:31.46ms
step:108/1480 train_time:3401ms step_avg:31.49ms
step:109/1480 train_time:3429ms step_avg:31.46ms
step:110/1480 train_time:3464ms step_avg:31.49ms
step:111/1480 train_time:3492ms step_avg:31.46ms
step:112/1480 train_time:3527ms step_avg:31.49ms
step:113/1480 train_time:3555ms step_avg:31.46ms
step:114/1480 train_time:3589ms step_avg:31.48ms
step:115/1480 train_time:3617ms step_avg:31.46ms
step:116/1480 train_time:3652ms step_avg:31.48ms
step:117/1480 train_time:3680ms step_avg:31.45ms
step:118/1480 train_time:3714ms step_avg:31.48ms
step:119/1480 train_time:3742ms step_avg:31.45ms
step:120/1480 train_time:3776ms step_avg:31.47ms
step:121/1480 train_time:3805ms step_avg:31.44ms
step:122/1480 train_time:3839ms step_avg:31.47ms
step:123/1480 train_time:3867ms step_avg:31.44ms
step:124/1480 train_time:3902ms step_avg:31.47ms
step:125/1480 train_time:3930ms step_avg:31.44ms
step:126/1480 train_time:3965ms step_avg:31.47ms
step:127/1480 train_time:3993ms step_avg:31.44ms
step:128/1480 train_time:4028ms step_avg:31.47ms
step:129/1480 train_time:4056ms step_avg:31.44ms
step:130/1480 train_time:4091ms step_avg:31.47ms
step:131/1480 train_time:4119ms step_avg:31.44ms
step:132/1480 train_time:4154ms step_avg:31.47ms
step:133/1480 train_time:4182ms step_avg:31.44ms
step:134/1480 train_time:4216ms step_avg:31.47ms
step:135/1480 train_time:4244ms step_avg:31.44ms
step:136/1480 train_time:4279ms step_avg:31.46ms
step:137/1480 train_time:4307ms step_avg:31.44ms
step:138/1480 train_time:4341ms step_avg:31.46ms
step:139/1480 train_time:4370ms step_avg:31.44ms
step:140/1480 train_time:4404ms step_avg:31.46ms
step:141/1480 train_time:4433ms step_avg:31.44ms
step:142/1480 train_time:4468ms step_avg:31.46ms
step:143/1480 train_time:4496ms step_avg:31.44ms
step:144/1480 train_time:4531ms step_avg:31.46ms
step:145/1480 train_time:4559ms step_avg:31.44ms
step:146/1480 train_time:4593ms step_avg:31.46ms
step:147/1480 train_time:4622ms step_avg:31.44ms
step:148/1480 train_time:4656ms step_avg:31.46ms
step:149/1480 train_time:4684ms step_avg:31.44ms
step:150/1480 train_time:4718ms step_avg:31.46ms
step:151/1480 train_time:4746ms step_avg:31.43ms
step:152/1480 train_time:4781ms step_avg:31.45ms
step:153/1480 train_time:4809ms step_avg:31.43ms
step:154/1480 train_time:4844ms step_avg:31.45ms
step:155/1480 train_time:4872ms step_avg:31.43ms
step:156/1480 train_time:4906ms step_avg:31.45ms
step:157/1480 train_time:4935ms step_avg:31.43ms
step:158/1480 train_time:4970ms step_avg:31.45ms
step:159/1480 train_time:4997ms step_avg:31.43ms
step:160/1480 train_time:5031ms step_avg:31.45ms
step:161/1480 train_time:5060ms step_avg:31.43ms
step:162/1480 train_time:5094ms step_avg:31.45ms
step:163/1480 train_time:5122ms step_avg:31.42ms
step:164/1480 train_time:5156ms step_avg:31.44ms
step:165/1480 train_time:5185ms step_avg:31.42ms
step:166/1480 train_time:5219ms step_avg:31.44ms
step:167/1480 train_time:5247ms step_avg:31.42ms
step:168/1480 train_time:5282ms step_avg:31.44ms
step:169/1480 train_time:5310ms step_avg:31.42ms
step:170/1480 train_time:5345ms step_avg:31.44ms
step:171/1480 train_time:5373ms step_avg:31.42ms
step:172/1480 train_time:5407ms step_avg:31.44ms
step:173/1480 train_time:5435ms step_avg:31.42ms
step:174/1480 train_time:5470ms step_avg:31.44ms
step:175/1480 train_time:5498ms step_avg:31.42ms
step:176/1480 train_time:5533ms step_avg:31.44ms
step:177/1480 train_time:5561ms step_avg:31.42ms
step:178/1480 train_time:5595ms step_avg:31.43ms
step:179/1480 train_time:5624ms step_avg:31.42ms
step:180/1480 train_time:5658ms step_avg:31.43ms
step:181/1480 train_time:5686ms step_avg:31.42ms
step:182/1480 train_time:5721ms step_avg:31.43ms
step:183/1480 train_time:5749ms step_avg:31.42ms
step:184/1480 train_time:5784ms step_avg:31.43ms
step:185/1480 train_time:5812ms step_avg:31.41ms
step:186/1480 train_time:5846ms step_avg:31.43ms
step:187/1480 train_time:5875ms step_avg:31.41ms
step:188/1480 train_time:5909ms step_avg:31.43ms
step:189/1480 train_time:5937ms step_avg:31.41ms
step:190/1480 train_time:5972ms step_avg:31.43ms
step:191/1480 train_time:6000ms step_avg:31.41ms
step:192/1480 train_time:6034ms step_avg:31.43ms
step:193/1480 train_time:6062ms step_avg:31.41ms
step:194/1480 train_time:6096ms step_avg:31.42ms
step:195/1480 train_time:6125ms step_avg:31.41ms
step:196/1480 train_time:6159ms step_avg:31.42ms
step:197/1480 train_time:6188ms step_avg:31.41ms
step:198/1480 train_time:6222ms step_avg:31.43ms
step:199/1480 train_time:6250ms step_avg:31.41ms
step:200/1480 train_time:6285ms step_avg:31.42ms
step:201/1480 train_time:6313ms step_avg:31.41ms
step:202/1480 train_time:6348ms step_avg:31.42ms
step:203/1480 train_time:6376ms step_avg:31.41ms
step:204/1480 train_time:6411ms step_avg:31.43ms
step:205/1480 train_time:6439ms step_avg:31.41ms
step:206/1480 train_time:6474ms step_avg:31.43ms
step:207/1480 train_time:6502ms step_avg:31.41ms
step:208/1480 train_time:6536ms step_avg:31.42ms
step:209/1480 train_time:6564ms step_avg:31.41ms
step:210/1480 train_time:6599ms step_avg:31.42ms
step:211/1480 train_time:6627ms step_avg:31.41ms
step:212/1480 train_time:6662ms step_avg:31.42ms
step:213/1480 train_time:6689ms step_avg:31.40ms
step:214/1480 train_time:6724ms step_avg:31.42ms
step:215/1480 train_time:6752ms step_avg:31.40ms
step:216/1480 train_time:6787ms step_avg:31.42ms
step:217/1480 train_time:6815ms step_avg:31.40ms
step:218/1480 train_time:6849ms step_avg:31.42ms
step:219/1480 train_time:6877ms step_avg:31.40ms
step:220/1480 train_time:6912ms step_avg:31.42ms
step:221/1480 train_time:6940ms step_avg:31.40ms
step:222/1480 train_time:6975ms step_avg:31.42ms
step:223/1480 train_time:7003ms step_avg:31.40ms
step:224/1480 train_time:7037ms step_avg:31.42ms
step:225/1480 train_time:7065ms step_avg:31.40ms
step:226/1480 train_time:7100ms step_avg:31.42ms
step:227/1480 train_time:7128ms step_avg:31.40ms
step:228/1480 train_time:7163ms step_avg:31.42ms
step:229/1480 train_time:7191ms step_avg:31.40ms
step:230/1480 train_time:7226ms step_avg:31.42ms
step:231/1480 train_time:7254ms step_avg:31.40ms
step:232/1480 train_time:7289ms step_avg:31.42ms
step:233/1480 train_time:7317ms step_avg:31.40ms
step:234/1480 train_time:7351ms step_avg:31.42ms
step:235/1480 train_time:7379ms step_avg:31.40ms
step:236/1480 train_time:7414ms step_avg:31.41ms
step:237/1480 train_time:7442ms step_avg:31.40ms
step:238/1480 train_time:7477ms step_avg:31.42ms
step:239/1480 train_time:7505ms step_avg:31.40ms
step:240/1480 train_time:7539ms step_avg:31.41ms
step:241/1480 train_time:7567ms step_avg:31.40ms
step:242/1480 train_time:7601ms step_avg:31.41ms
step:243/1480 train_time:7630ms step_avg:31.40ms
step:244/1480 train_time:7664ms step_avg:31.41ms
step:245/1480 train_time:7693ms step_avg:31.40ms
step:246/1480 train_time:7727ms step_avg:31.41ms
step:247/1480 train_time:7755ms step_avg:31.40ms
step:248/1480 train_time:7790ms step_avg:31.41ms
step:249/1480 train_time:7818ms step_avg:31.40ms
step:250/1480 train_time:7853ms step_avg:31.41ms
step:250/1480 val_loss:4.4966 train_time:7890ms step_avg:31.56ms
step:251/1480 train_time:7909ms step_avg:31.51ms
step:252/1480 train_time:7927ms step_avg:31.46ms
step:253/1480 train_time:7946ms step_avg:31.41ms
step:254/1480 train_time:7981ms step_avg:31.42ms
step:255/1480 train_time:8010ms step_avg:31.41ms
step:256/1480 train_time:8045ms step_avg:31.42ms
step:257/1480 train_time:8074ms step_avg:31.42ms
step:258/1480 train_time:8108ms step_avg:31.43ms
step:259/1480 train_time:8137ms step_avg:31.42ms
step:260/1480 train_time:8171ms step_avg:31.43ms
step:261/1480 train_time:8199ms step_avg:31.42ms
step:262/1480 train_time:8234ms step_avg:31.43ms
step:263/1480 train_time:8262ms step_avg:31.41ms
step:264/1480 train_time:8297ms step_avg:31.43ms
step:265/1480 train_time:8325ms step_avg:31.42ms
step:266/1480 train_time:8360ms step_avg:31.43ms
step:267/1480 train_time:8388ms step_avg:31.41ms
step:268/1480 train_time:8422ms step_avg:31.42ms
step:269/1480 train_time:8450ms step_avg:31.41ms
step:270/1480 train_time:8484ms step_avg:31.42ms
step:271/1480 train_time:8512ms step_avg:31.41ms
step:272/1480 train_time:8546ms step_avg:31.42ms
step:273/1480 train_time:8574ms step_avg:31.41ms
step:274/1480 train_time:8609ms step_avg:31.42ms
step:275/1480 train_time:8637ms step_avg:31.41ms
step:276/1480 train_time:8671ms step_avg:31.42ms
step:277/1480 train_time:8699ms step_avg:31.41ms
step:278/1480 train_time:8734ms step_avg:31.42ms
step:279/1480 train_time:8762ms step_avg:31.40ms
step:280/1480 train_time:8796ms step_avg:31.41ms
step:281/1480 train_time:8824ms step_avg:31.40ms
step:282/1480 train_time:8858ms step_avg:31.41ms
step:283/1480 train_time:8886ms step_avg:31.40ms
step:284/1480 train_time:8921ms step_avg:31.41ms
step:285/1480 train_time:8949ms step_avg:31.40ms
step:286/1480 train_time:8983ms step_avg:31.41ms
step:287/1480 train_time:9012ms step_avg:31.40ms
step:288/1480 train_time:9046ms step_avg:31.41ms
step:289/1480 train_time:9075ms step_avg:31.40ms
step:290/1480 train_time:9110ms step_avg:31.41ms
step:291/1480 train_time:9138ms step_avg:31.40ms
step:292/1480 train_time:9173ms step_avg:31.41ms
step:293/1480 train_time:9201ms step_avg:31.40ms
step:294/1480 train_time:9235ms step_avg:31.41ms
step:295/1480 train_time:9263ms step_avg:31.40ms
step:296/1480 train_time:9298ms step_avg:31.41ms
step:297/1480 train_time:9326ms step_avg:31.40ms
step:298/1480 train_time:9361ms step_avg:31.41ms
step:299/1480 train_time:9389ms step_avg:31.40ms
step:300/1480 train_time:9423ms step_avg:31.41ms
step:301/1480 train_time:9451ms step_avg:31.40ms
step:302/1480 train_time:9485ms step_avg:31.41ms
step:303/1480 train_time:9514ms step_avg:31.40ms
step:304/1480 train_time:9548ms step_avg:31.41ms
step:305/1480 train_time:9576ms step_avg:31.40ms
step:306/1480 train_time:9611ms step_avg:31.41ms
step:307/1480 train_time:9639ms step_avg:31.40ms
step:308/1480 train_time:9674ms step_avg:31.41ms
step:309/1480 train_time:9702ms step_avg:31.40ms
step:310/1480 train_time:9737ms step_avg:31.41ms
step:311/1480 train_time:9765ms step_avg:31.40ms
step:312/1480 train_time:9799ms step_avg:31.41ms
step:313/1480 train_time:9828ms step_avg:31.40ms
step:314/1480 train_time:9862ms step_avg:31.41ms
step:315/1480 train_time:9890ms step_avg:31.40ms
step:316/1480 train_time:9924ms step_avg:31.41ms
step:317/1480 train_time:9952ms step_avg:31.40ms
step:318/1480 train_time:9987ms step_avg:31.40ms
step:319/1480 train_time:10015ms step_avg:31.39ms
step:320/1480 train_time:10050ms step_avg:31.40ms
step:321/1480 train_time:10078ms step_avg:31.40ms
step:322/1480 train_time:10113ms step_avg:31.41ms
step:323/1480 train_time:10141ms step_avg:31.40ms
step:324/1480 train_time:10176ms step_avg:31.41ms
step:325/1480 train_time:10204ms step_avg:31.40ms
step:326/1480 train_time:10239ms step_avg:31.41ms
step:327/1480 train_time:10267ms step_avg:31.40ms
step:328/1480 train_time:10301ms step_avg:31.41ms
step:329/1480 train_time:10329ms step_avg:31.40ms
step:330/1480 train_time:10364ms step_avg:31.40ms
step:331/1480 train_time:10391ms step_avg:31.39ms
step:332/1480 train_time:10426ms step_avg:31.40ms
step:333/1480 train_time:10454ms step_avg:31.39ms
step:334/1480 train_time:10488ms step_avg:31.40ms
step:335/1480 train_time:10517ms step_avg:31.39ms
step:336/1480 train_time:10551ms step_avg:31.40ms
step:337/1480 train_time:10579ms step_avg:31.39ms
step:338/1480 train_time:10614ms step_avg:31.40ms
step:339/1480 train_time:10642ms step_avg:31.39ms
step:340/1480 train_time:10676ms step_avg:31.40ms
step:341/1480 train_time:10705ms step_avg:31.39ms
step:342/1480 train_time:10739ms step_avg:31.40ms
step:343/1480 train_time:10767ms step_avg:31.39ms
step:344/1480 train_time:10801ms step_avg:31.40ms
step:345/1480 train_time:10829ms step_avg:31.39ms
step:346/1480 train_time:10864ms step_avg:31.40ms
step:347/1480 train_time:10892ms step_avg:31.39ms
step:348/1480 train_time:10926ms step_avg:31.40ms
step:349/1480 train_time:10954ms step_avg:31.39ms
step:350/1480 train_time:10988ms step_avg:31.40ms
step:351/1480 train_time:11017ms step_avg:31.39ms
step:352/1480 train_time:11051ms step_avg:31.40ms
step:353/1480 train_time:11080ms step_avg:31.39ms
step:354/1480 train_time:11115ms step_avg:31.40ms
step:355/1480 train_time:11143ms step_avg:31.39ms
step:356/1480 train_time:11177ms step_avg:31.40ms
step:357/1480 train_time:11206ms step_avg:31.39ms
step:358/1480 train_time:11240ms step_avg:31.40ms
step:359/1480 train_time:11268ms step_avg:31.39ms
step:360/1480 train_time:11303ms step_avg:31.40ms
step:361/1480 train_time:11331ms step_avg:31.39ms
step:362/1480 train_time:11365ms step_avg:31.39ms
step:363/1480 train_time:11393ms step_avg:31.39ms
step:364/1480 train_time:11427ms step_avg:31.39ms
step:365/1480 train_time:11456ms step_avg:31.39ms
step:366/1480 train_time:11490ms step_avg:31.39ms
step:367/1480 train_time:11518ms step_avg:31.39ms
step:368/1480 train_time:11553ms step_avg:31.39ms
step:369/1480 train_time:11581ms step_avg:31.39ms
step:370/1480 train_time:11616ms step_avg:31.39ms
step:371/1480 train_time:11644ms step_avg:31.39ms
step:372/1480 train_time:11679ms step_avg:31.39ms
step:373/1480 train_time:11707ms step_avg:31.39ms
step:374/1480 train_time:11741ms step_avg:31.39ms
step:375/1480 train_time:11770ms step_avg:31.39ms
step:376/1480 train_time:11804ms step_avg:31.39ms
step:377/1480 train_time:11832ms step_avg:31.38ms
step:378/1480 train_time:11866ms step_avg:31.39ms
step:379/1480 train_time:11894ms step_avg:31.38ms
step:380/1480 train_time:11928ms step_avg:31.39ms
step:381/1480 train_time:11957ms step_avg:31.38ms
step:382/1480 train_time:11991ms step_avg:31.39ms
step:383/1480 train_time:12020ms step_avg:31.38ms
step:384/1480 train_time:12055ms step_avg:31.39ms
step:385/1480 train_time:12083ms step_avg:31.38ms
step:386/1480 train_time:12118ms step_avg:31.39ms
step:387/1480 train_time:12146ms step_avg:31.38ms
step:388/1480 train_time:12181ms step_avg:31.39ms
step:389/1480 train_time:12209ms step_avg:31.39ms
step:390/1480 train_time:12243ms step_avg:31.39ms
step:391/1480 train_time:12271ms step_avg:31.38ms
step:392/1480 train_time:12305ms step_avg:31.39ms
step:393/1480 train_time:12334ms step_avg:31.38ms
step:394/1480 train_time:12368ms step_avg:31.39ms
step:395/1480 train_time:12396ms step_avg:31.38ms
step:396/1480 train_time:12431ms step_avg:31.39ms
step:397/1480 train_time:12459ms step_avg:31.38ms
step:398/1480 train_time:12493ms step_avg:31.39ms
step:399/1480 train_time:12522ms step_avg:31.38ms
step:400/1480 train_time:12557ms step_avg:31.39ms
step:401/1480 train_time:12585ms step_avg:31.38ms
step:402/1480 train_time:12619ms step_avg:31.39ms
step:403/1480 train_time:12648ms step_avg:31.38ms
step:404/1480 train_time:12682ms step_avg:31.39ms
step:405/1480 train_time:12710ms step_avg:31.38ms
step:406/1480 train_time:12744ms step_avg:31.39ms
step:407/1480 train_time:12772ms step_avg:31.38ms
step:408/1480 train_time:12806ms step_avg:31.39ms
step:409/1480 train_time:12834ms step_avg:31.38ms
step:410/1480 train_time:12869ms step_avg:31.39ms
step:411/1480 train_time:12897ms step_avg:31.38ms
step:412/1480 train_time:12931ms step_avg:31.39ms
step:413/1480 train_time:12960ms step_avg:31.38ms
step:414/1480 train_time:12994ms step_avg:31.39ms
step:415/1480 train_time:13022ms step_avg:31.38ms
step:416/1480 train_time:13058ms step_avg:31.39ms
step:417/1480 train_time:13085ms step_avg:31.38ms
step:418/1480 train_time:13120ms step_avg:31.39ms
step:419/1480 train_time:13148ms step_avg:31.38ms
step:420/1480 train_time:13182ms step_avg:31.39ms
step:421/1480 train_time:13210ms step_avg:31.38ms
step:422/1480 train_time:13245ms step_avg:31.39ms
step:423/1480 train_time:13273ms step_avg:31.38ms
step:424/1480 train_time:13307ms step_avg:31.38ms
step:425/1480 train_time:13335ms step_avg:31.38ms
step:426/1480 train_time:13370ms step_avg:31.38ms
step:427/1480 train_time:13398ms step_avg:31.38ms
step:428/1480 train_time:13433ms step_avg:31.38ms
step:429/1480 train_time:13461ms step_avg:31.38ms
step:430/1480 train_time:13496ms step_avg:31.39ms
step:431/1480 train_time:13524ms step_avg:31.38ms
step:432/1480 train_time:13558ms step_avg:31.38ms
step:433/1480 train_time:13587ms step_avg:31.38ms
step:434/1480 train_time:13621ms step_avg:31.38ms
step:435/1480 train_time:13649ms step_avg:31.38ms
step:436/1480 train_time:13684ms step_avg:31.38ms
step:437/1480 train_time:13712ms step_avg:31.38ms
step:438/1480 train_time:13746ms step_avg:31.38ms
step:439/1480 train_time:13774ms step_avg:31.38ms
step:440/1480 train_time:13809ms step_avg:31.38ms
step:441/1480 train_time:13837ms step_avg:31.38ms
step:442/1480 train_time:13872ms step_avg:31.38ms
step:443/1480 train_time:13900ms step_avg:31.38ms
step:444/1480 train_time:13934ms step_avg:31.38ms
step:445/1480 train_time:13963ms step_avg:31.38ms
step:446/1480 train_time:13997ms step_avg:31.38ms
step:447/1480 train_time:14026ms step_avg:31.38ms
step:448/1480 train_time:14060ms step_avg:31.38ms
step:449/1480 train_time:14088ms step_avg:31.38ms
step:450/1480 train_time:14122ms step_avg:31.38ms
step:451/1480 train_time:14151ms step_avg:31.38ms
step:452/1480 train_time:14185ms step_avg:31.38ms
step:453/1480 train_time:14213ms step_avg:31.38ms
step:454/1480 train_time:14248ms step_avg:31.38ms
step:455/1480 train_time:14276ms step_avg:31.38ms
step:456/1480 train_time:14310ms step_avg:31.38ms
step:457/1480 train_time:14338ms step_avg:31.37ms
step:458/1480 train_time:14373ms step_avg:31.38ms
step:459/1480 train_time:14401ms step_avg:31.38ms
step:460/1480 train_time:14436ms step_avg:31.38ms
step:461/1480 train_time:14464ms step_avg:31.38ms
step:462/1480 train_time:14498ms step_avg:31.38ms
step:463/1480 train_time:14527ms step_avg:31.37ms
step:464/1480 train_time:14561ms step_avg:31.38ms
step:465/1480 train_time:14589ms step_avg:31.37ms
step:466/1480 train_time:14624ms step_avg:31.38ms
step:467/1480 train_time:14652ms step_avg:31.37ms
step:468/1480 train_time:14686ms step_avg:31.38ms
step:469/1480 train_time:14714ms step_avg:31.37ms
step:470/1480 train_time:14749ms step_avg:31.38ms
step:471/1480 train_time:14777ms step_avg:31.37ms
step:472/1480 train_time:14812ms step_avg:31.38ms
step:473/1480 train_time:14840ms step_avg:31.37ms
step:474/1480 train_time:14874ms step_avg:31.38ms
step:475/1480 train_time:14903ms step_avg:31.37ms
step:476/1480 train_time:14937ms step_avg:31.38ms
step:477/1480 train_time:14965ms step_avg:31.37ms
step:478/1480 train_time:15000ms step_avg:31.38ms
step:479/1480 train_time:15028ms step_avg:31.37ms
step:480/1480 train_time:15062ms step_avg:31.38ms
step:481/1480 train_time:15092ms step_avg:31.38ms
step:482/1480 train_time:15153ms step_avg:31.44ms
step:483/1480 train_time:15207ms step_avg:31.49ms
step:484/1480 train_time:15267ms step_avg:31.54ms
step:485/1480 train_time:15321ms step_avg:31.59ms
step:486/1480 train_time:15381ms step_avg:31.65ms
step:487/1480 train_time:15435ms step_avg:31.69ms
step:488/1480 train_time:15494ms step_avg:31.75ms
step:489/1480 train_time:15549ms step_avg:31.80ms
step:490/1480 train_time:15609ms step_avg:31.85ms
step:491/1480 train_time:15663ms step_avg:31.90ms
step:492/1480 train_time:15722ms step_avg:31.96ms
step:493/1480 train_time:15776ms step_avg:32.00ms
step:494/1480 train_time:15836ms step_avg:32.06ms
step:495/1480 train_time:15891ms step_avg:32.10ms
step:496/1480 train_time:15951ms step_avg:32.16ms
step:497/1480 train_time:16005ms step_avg:32.20ms
step:498/1480 train_time:16064ms step_avg:32.26ms
step:499/1480 train_time:16118ms step_avg:32.30ms
step:500/1480 train_time:16177ms step_avg:32.35ms
step:500/1480 val_loss:4.1971 train_time:16243ms step_avg:32.49ms
step:501/1480 train_time:16259ms step_avg:32.45ms
step:502/1480 train_time:16294ms step_avg:32.46ms
step:503/1480 train_time:16350ms step_avg:32.50ms
step:504/1480 train_time:16414ms step_avg:32.57ms
step:505/1480 train_time:16468ms step_avg:32.61ms
step:506/1480 train_time:16528ms step_avg:32.66ms
step:507/1480 train_time:16581ms step_avg:32.70ms
step:508/1480 train_time:16640ms step_avg:32.76ms
step:509/1480 train_time:16694ms step_avg:32.80ms
step:510/1480 train_time:16753ms step_avg:32.85ms
step:511/1480 train_time:16806ms step_avg:32.89ms
step:512/1480 train_time:16866ms step_avg:32.94ms
step:513/1480 train_time:16920ms step_avg:32.98ms
step:514/1480 train_time:16979ms step_avg:33.03ms
step:515/1480 train_time:17033ms step_avg:33.07ms
step:516/1480 train_time:17092ms step_avg:33.12ms
step:517/1480 train_time:17146ms step_avg:33.16ms
step:518/1480 train_time:17206ms step_avg:33.22ms
step:519/1480 train_time:17262ms step_avg:33.26ms
step:520/1480 train_time:17323ms step_avg:33.31ms
step:521/1480 train_time:17378ms step_avg:33.36ms
step:522/1480 train_time:17439ms step_avg:33.41ms
step:523/1480 train_time:17492ms step_avg:33.45ms
step:524/1480 train_time:17552ms step_avg:33.50ms
step:525/1480 train_time:17606ms step_avg:33.54ms
step:526/1480 train_time:17665ms step_avg:33.58ms
step:527/1480 train_time:17719ms step_avg:33.62ms
step:528/1480 train_time:17778ms step_avg:33.67ms
step:529/1480 train_time:17831ms step_avg:33.71ms
step:530/1480 train_time:17891ms step_avg:33.76ms
step:531/1480 train_time:17945ms step_avg:33.79ms
step:532/1480 train_time:18004ms step_avg:33.84ms
step:533/1480 train_time:18058ms step_avg:33.88ms
step:534/1480 train_time:18117ms step_avg:33.93ms
step:535/1480 train_time:18172ms step_avg:33.97ms
step:536/1480 train_time:18232ms step_avg:34.01ms
step:537/1480 train_time:18286ms step_avg:34.05ms
step:538/1480 train_time:18346ms step_avg:34.10ms
step:539/1480 train_time:18400ms step_avg:34.14ms
step:540/1480 train_time:18460ms step_avg:34.18ms
step:541/1480 train_time:18514ms step_avg:34.22ms
step:542/1480 train_time:18574ms step_avg:34.27ms
step:543/1480 train_time:18628ms step_avg:34.31ms
step:544/1480 train_time:18687ms step_avg:34.35ms
step:545/1480 train_time:18741ms step_avg:34.39ms
step:546/1480 train_time:18800ms step_avg:34.43ms
step:547/1480 train_time:18854ms step_avg:34.47ms
step:548/1480 train_time:18913ms step_avg:34.51ms
step:549/1480 train_time:18966ms step_avg:34.55ms
step:550/1480 train_time:19027ms step_avg:34.59ms
step:551/1480 train_time:19080ms step_avg:34.63ms
step:552/1480 train_time:19141ms step_avg:34.67ms
step:553/1480 train_time:19194ms step_avg:34.71ms
step:554/1480 train_time:19254ms step_avg:34.75ms
step:555/1480 train_time:19308ms step_avg:34.79ms
step:556/1480 train_time:19367ms step_avg:34.83ms
step:557/1480 train_time:19422ms step_avg:34.87ms
step:558/1480 train_time:19482ms step_avg:34.91ms
step:559/1480 train_time:19536ms step_avg:34.95ms
step:560/1480 train_time:19596ms step_avg:34.99ms
step:561/1480 train_time:19650ms step_avg:35.03ms
step:562/1480 train_time:19710ms step_avg:35.07ms
step:563/1480 train_time:19765ms step_avg:35.11ms
step:564/1480 train_time:19824ms step_avg:35.15ms
step:565/1480 train_time:19877ms step_avg:35.18ms
step:566/1480 train_time:19937ms step_avg:35.22ms
step:567/1480 train_time:19990ms step_avg:35.26ms
step:568/1480 train_time:20050ms step_avg:35.30ms
step:569/1480 train_time:20104ms step_avg:35.33ms
step:570/1480 train_time:20163ms step_avg:35.37ms
step:571/1480 train_time:20217ms step_avg:35.41ms
step:572/1480 train_time:20277ms step_avg:35.45ms
step:573/1480 train_time:20331ms step_avg:35.48ms
step:574/1480 train_time:20391ms step_avg:35.52ms
step:575/1480 train_time:20445ms step_avg:35.56ms
step:576/1480 train_time:20504ms step_avg:35.60ms
step:577/1480 train_time:20559ms step_avg:35.63ms
step:578/1480 train_time:20620ms step_avg:35.67ms
step:579/1480 train_time:20674ms step_avg:35.71ms
step:580/1480 train_time:20734ms step_avg:35.75ms
step:581/1480 train_time:20788ms step_avg:35.78ms
step:582/1480 train_time:20847ms step_avg:35.82ms
step:583/1480 train_time:20900ms step_avg:35.85ms
step:584/1480 train_time:20960ms step_avg:35.89ms
step:585/1480 train_time:21013ms step_avg:35.92ms
step:586/1480 train_time:21073ms step_avg:35.96ms
step:587/1480 train_time:21127ms step_avg:35.99ms
step:588/1480 train_time:21186ms step_avg:36.03ms
step:589/1480 train_time:21240ms step_avg:36.06ms
step:590/1480 train_time:21299ms step_avg:36.10ms
step:591/1480 train_time:21353ms step_avg:36.13ms
step:592/1480 train_time:21413ms step_avg:36.17ms
step:593/1480 train_time:21468ms step_avg:36.20ms
step:594/1480 train_time:21527ms step_avg:36.24ms
step:595/1480 train_time:21582ms step_avg:36.27ms
step:596/1480 train_time:21642ms step_avg:36.31ms
step:597/1480 train_time:21696ms step_avg:36.34ms
step:598/1480 train_time:21756ms step_avg:36.38ms
step:599/1480 train_time:21809ms step_avg:36.41ms
step:600/1480 train_time:21870ms step_avg:36.45ms
step:601/1480 train_time:21924ms step_avg:36.48ms
step:602/1480 train_time:21983ms step_avg:36.52ms
step:603/1480 train_time:22037ms step_avg:36.55ms
step:604/1480 train_time:22097ms step_avg:36.58ms
step:605/1480 train_time:22150ms step_avg:36.61ms
step:606/1480 train_time:22210ms step_avg:36.65ms
step:607/1480 train_time:22264ms step_avg:36.68ms
step:608/1480 train_time:22323ms step_avg:36.72ms
step:609/1480 train_time:22377ms step_avg:36.74ms
step:610/1480 train_time:22437ms step_avg:36.78ms
step:611/1480 train_time:22491ms step_avg:36.81ms
step:612/1480 train_time:22550ms step_avg:36.85ms
step:613/1480 train_time:22605ms step_avg:36.88ms
step:614/1480 train_time:22664ms step_avg:36.91ms
step:615/1480 train_time:22718ms step_avg:36.94ms
step:616/1480 train_time:22778ms step_avg:36.98ms
step:617/1480 train_time:22832ms step_avg:37.01ms
step:618/1480 train_time:22892ms step_avg:37.04ms
step:619/1480 train_time:22946ms step_avg:37.07ms
step:620/1480 train_time:23005ms step_avg:37.10ms
step:621/1480 train_time:23060ms step_avg:37.13ms
step:622/1480 train_time:23120ms step_avg:37.17ms
step:623/1480 train_time:23173ms step_avg:37.20ms
step:624/1480 train_time:23234ms step_avg:37.23ms
step:625/1480 train_time:23287ms step_avg:37.26ms
step:626/1480 train_time:23346ms step_avg:37.29ms
step:627/1480 train_time:23400ms step_avg:37.32ms
step:628/1480 train_time:23461ms step_avg:37.36ms
step:629/1480 train_time:23515ms step_avg:37.38ms
step:630/1480 train_time:23574ms step_avg:37.42ms
step:631/1480 train_time:23629ms step_avg:37.45ms
step:632/1480 train_time:23688ms step_avg:37.48ms
step:633/1480 train_time:23742ms step_avg:37.51ms
step:634/1480 train_time:23801ms step_avg:37.54ms
step:635/1480 train_time:23855ms step_avg:37.57ms
step:636/1480 train_time:23915ms step_avg:37.60ms
step:637/1480 train_time:23969ms step_avg:37.63ms
step:638/1480 train_time:24029ms step_avg:37.66ms
step:639/1480 train_time:24083ms step_avg:37.69ms
step:640/1480 train_time:24142ms step_avg:37.72ms
step:641/1480 train_time:24197ms step_avg:37.75ms
step:642/1480 train_time:24256ms step_avg:37.78ms
step:643/1480 train_time:24310ms step_avg:37.81ms
step:644/1480 train_time:24370ms step_avg:37.84ms
step:645/1480 train_time:24424ms step_avg:37.87ms
step:646/1480 train_time:24484ms step_avg:37.90ms
step:647/1480 train_time:24539ms step_avg:37.93ms
step:648/1480 train_time:24599ms step_avg:37.96ms
step:649/1480 train_time:24652ms step_avg:37.99ms
step:650/1480 train_time:24712ms step_avg:38.02ms
step:651/1480 train_time:24767ms step_avg:38.04ms
step:652/1480 train_time:24826ms step_avg:38.08ms
step:653/1480 train_time:24880ms step_avg:38.10ms
step:654/1480 train_time:24940ms step_avg:38.13ms
step:655/1480 train_time:24994ms step_avg:38.16ms
step:656/1480 train_time:25053ms step_avg:38.19ms
step:657/1480 train_time:25107ms step_avg:38.22ms
step:658/1480 train_time:25168ms step_avg:38.25ms
step:659/1480 train_time:25222ms step_avg:38.27ms
step:660/1480 train_time:25281ms step_avg:38.31ms
step:661/1480 train_time:25336ms step_avg:38.33ms
step:662/1480 train_time:25395ms step_avg:38.36ms
step:663/1480 train_time:25449ms step_avg:38.39ms
step:664/1480 train_time:25509ms step_avg:38.42ms
step:665/1480 train_time:25563ms step_avg:38.44ms
step:666/1480 train_time:25623ms step_avg:38.47ms
step:667/1480 train_time:25677ms step_avg:38.50ms
step:668/1480 train_time:25737ms step_avg:38.53ms
step:669/1480 train_time:25790ms step_avg:38.55ms
step:670/1480 train_time:25850ms step_avg:38.58ms
step:671/1480 train_time:25904ms step_avg:38.61ms
step:672/1480 train_time:25964ms step_avg:38.64ms
step:673/1480 train_time:26018ms step_avg:38.66ms
step:674/1480 train_time:26078ms step_avg:38.69ms
step:675/1480 train_time:26133ms step_avg:38.71ms
step:676/1480 train_time:26192ms step_avg:38.75ms
step:677/1480 train_time:26246ms step_avg:38.77ms
step:678/1480 train_time:26305ms step_avg:38.80ms
step:679/1480 train_time:26360ms step_avg:38.82ms
step:680/1480 train_time:26420ms step_avg:38.85ms
step:681/1480 train_time:26474ms step_avg:38.88ms
step:682/1480 train_time:26534ms step_avg:38.91ms
step:683/1480 train_time:26588ms step_avg:38.93ms
step:684/1480 train_time:26647ms step_avg:38.96ms
step:685/1480 train_time:26701ms step_avg:38.98ms
step:686/1480 train_time:26761ms step_avg:39.01ms
step:687/1480 train_time:26815ms step_avg:39.03ms
step:688/1480 train_time:26875ms step_avg:39.06ms
step:689/1480 train_time:26929ms step_avg:39.08ms
step:690/1480 train_time:26989ms step_avg:39.11ms
step:691/1480 train_time:27043ms step_avg:39.14ms
step:692/1480 train_time:27102ms step_avg:39.16ms
step:693/1480 train_time:27156ms step_avg:39.19ms
step:694/1480 train_time:27216ms step_avg:39.22ms
step:695/1480 train_time:27271ms step_avg:39.24ms
step:696/1480 train_time:27331ms step_avg:39.27ms
step:697/1480 train_time:27385ms step_avg:39.29ms
step:698/1480 train_time:27444ms step_avg:39.32ms
step:699/1480 train_time:27498ms step_avg:39.34ms
step:700/1480 train_time:27558ms step_avg:39.37ms
step:701/1480 train_time:27612ms step_avg:39.39ms
step:702/1480 train_time:27672ms step_avg:39.42ms
step:703/1480 train_time:27726ms step_avg:39.44ms
step:704/1480 train_time:27786ms step_avg:39.47ms
step:705/1480 train_time:27840ms step_avg:39.49ms
step:706/1480 train_time:27899ms step_avg:39.52ms
step:707/1480 train_time:27953ms step_avg:39.54ms
step:708/1480 train_time:28013ms step_avg:39.57ms
step:709/1480 train_time:28067ms step_avg:39.59ms
step:710/1480 train_time:28127ms step_avg:39.62ms
step:711/1480 train_time:28181ms step_avg:39.64ms
step:712/1480 train_time:28241ms step_avg:39.66ms
step:713/1480 train_time:28296ms step_avg:39.69ms
step:714/1480 train_time:28355ms step_avg:39.71ms
step:715/1480 train_time:28409ms step_avg:39.73ms
step:716/1480 train_time:28469ms step_avg:39.76ms
step:717/1480 train_time:28523ms step_avg:39.78ms
step:718/1480 train_time:28582ms step_avg:39.81ms
step:719/1480 train_time:28636ms step_avg:39.83ms
step:720/1480 train_time:28696ms step_avg:39.86ms
step:721/1480 train_time:28750ms step_avg:39.87ms
step:722/1480 train_time:28809ms step_avg:39.90ms
step:723/1480 train_time:28864ms step_avg:39.92ms
step:724/1480 train_time:28923ms step_avg:39.95ms
step:725/1480 train_time:28978ms step_avg:39.97ms
step:726/1480 train_time:29038ms step_avg:40.00ms
step:727/1480 train_time:29092ms step_avg:40.02ms
step:728/1480 train_time:29152ms step_avg:40.04ms
step:729/1480 train_time:29206ms step_avg:40.06ms
step:730/1480 train_time:29265ms step_avg:40.09ms
step:731/1480 train_time:29319ms step_avg:40.11ms
step:732/1480 train_time:29378ms step_avg:40.13ms
step:733/1480 train_time:29432ms step_avg:40.15ms
step:734/1480 train_time:29492ms step_avg:40.18ms
step:735/1480 train_time:29546ms step_avg:40.20ms
step:736/1480 train_time:29605ms step_avg:40.22ms
step:737/1480 train_time:29659ms step_avg:40.24ms
step:738/1480 train_time:29719ms step_avg:40.27ms
step:739/1480 train_time:29773ms step_avg:40.29ms
step:740/1480 train_time:29833ms step_avg:40.32ms
step:741/1480 train_time:29887ms step_avg:40.33ms
step:742/1480 train_time:29947ms step_avg:40.36ms
step:743/1480 train_time:30002ms step_avg:40.38ms
step:744/1480 train_time:30061ms step_avg:40.41ms
step:745/1480 train_time:30114ms step_avg:40.42ms
step:746/1480 train_time:30175ms step_avg:40.45ms
step:747/1480 train_time:30229ms step_avg:40.47ms
step:748/1480 train_time:30289ms step_avg:40.49ms
step:749/1480 train_time:30344ms step_avg:40.51ms
step:750/1480 train_time:30402ms step_avg:40.54ms
step:750/1480 val_loss:3.8087 train_time:30467ms step_avg:40.62ms
step:751/1480 train_time:30485ms step_avg:40.59ms
step:752/1480 train_time:30520ms step_avg:40.59ms
step:753/1480 train_time:30576ms step_avg:40.60ms
step:754/1480 train_time:30634ms step_avg:40.63ms
step:755/1480 train_time:30690ms step_avg:40.65ms
step:756/1480 train_time:30749ms step_avg:40.67ms
step:757/1480 train_time:30804ms step_avg:40.69ms
step:758/1480 train_time:30864ms step_avg:40.72ms
step:759/1480 train_time:30917ms step_avg:40.73ms
step:760/1480 train_time:30976ms step_avg:40.76ms
step:761/1480 train_time:31030ms step_avg:40.78ms
step:762/1480 train_time:31090ms step_avg:40.80ms
step:763/1480 train_time:31143ms step_avg:40.82ms
step:764/1480 train_time:31202ms step_avg:40.84ms
step:765/1480 train_time:31256ms step_avg:40.86ms
step:766/1480 train_time:31315ms step_avg:40.88ms
step:767/1480 train_time:31368ms step_avg:40.90ms
step:768/1480 train_time:31428ms step_avg:40.92ms
step:769/1480 train_time:31483ms step_avg:40.94ms
step:770/1480 train_time:31544ms step_avg:40.97ms
step:771/1480 train_time:31599ms step_avg:40.98ms
step:772/1480 train_time:31660ms step_avg:41.01ms
step:773/1480 train_time:31714ms step_avg:41.03ms
step:774/1480 train_time:31774ms step_avg:41.05ms
step:775/1480 train_time:31828ms step_avg:41.07ms
step:776/1480 train_time:31887ms step_avg:41.09ms
step:777/1480 train_time:31941ms step_avg:41.11ms
step:778/1480 train_time:32001ms step_avg:41.13ms
step:779/1480 train_time:32055ms step_avg:41.15ms
step:780/1480 train_time:32114ms step_avg:41.17ms
step:781/1480 train_time:32168ms step_avg:41.19ms
step:782/1480 train_time:32227ms step_avg:41.21ms
step:783/1480 train_time:32280ms step_avg:41.23ms
step:784/1480 train_time:32341ms step_avg:41.25ms
step:785/1480 train_time:32394ms step_avg:41.27ms
step:786/1480 train_time:32454ms step_avg:41.29ms
step:787/1480 train_time:32508ms step_avg:41.31ms
step:788/1480 train_time:32569ms step_avg:41.33ms
step:789/1480 train_time:32624ms step_avg:41.35ms
step:790/1480 train_time:32684ms step_avg:41.37ms
step:791/1480 train_time:32738ms step_avg:41.39ms
step:792/1480 train_time:32798ms step_avg:41.41ms
step:793/1480 train_time:32852ms step_avg:41.43ms
step:794/1480 train_time:32913ms step_avg:41.45ms
step:795/1480 train_time:32967ms step_avg:41.47ms
step:796/1480 train_time:33026ms step_avg:41.49ms
step:797/1480 train_time:33080ms step_avg:41.51ms
step:798/1480 train_time:33140ms step_avg:41.53ms
step:799/1480 train_time:33194ms step_avg:41.54ms
step:800/1480 train_time:33254ms step_avg:41.57ms
step:801/1480 train_time:33307ms step_avg:41.58ms
step:802/1480 train_time:33368ms step_avg:41.61ms
step:803/1480 train_time:33421ms step_avg:41.62ms
step:804/1480 train_time:33482ms step_avg:41.64ms
step:805/1480 train_time:33536ms step_avg:41.66ms
step:806/1480 train_time:33595ms step_avg:41.68ms
step:807/1480 train_time:33649ms step_avg:41.70ms
step:808/1480 train_time:33709ms step_avg:41.72ms
step:809/1480 train_time:33763ms step_avg:41.73ms
step:810/1480 train_time:33824ms step_avg:41.76ms
step:811/1480 train_time:33878ms step_avg:41.77ms
step:812/1480 train_time:33938ms step_avg:41.80ms
step:813/1480 train_time:33993ms step_avg:41.81ms
step:814/1480 train_time:34052ms step_avg:41.83ms
step:815/1480 train_time:34107ms step_avg:41.85ms
step:816/1480 train_time:34166ms step_avg:41.87ms
step:817/1480 train_time:34221ms step_avg:41.89ms
step:818/1480 train_time:34281ms step_avg:41.91ms
step:819/1480 train_time:34335ms step_avg:41.92ms
step:820/1480 train_time:34394ms step_avg:41.94ms
step:821/1480 train_time:34448ms step_avg:41.96ms
step:822/1480 train_time:34509ms step_avg:41.98ms
step:823/1480 train_time:34563ms step_avg:42.00ms
step:824/1480 train_time:34622ms step_avg:42.02ms
step:825/1480 train_time:34677ms step_avg:42.03ms
step:826/1480 train_time:34736ms step_avg:42.05ms
step:827/1480 train_time:34791ms step_avg:42.07ms
step:828/1480 train_time:34851ms step_avg:42.09ms
step:829/1480 train_time:34906ms step_avg:42.11ms
step:830/1480 train_time:34966ms step_avg:42.13ms
step:831/1480 train_time:35020ms step_avg:42.14ms
step:832/1480 train_time:35080ms step_avg:42.16ms
step:833/1480 train_time:35133ms step_avg:42.18ms
step:834/1480 train_time:35192ms step_avg:42.20ms
step:835/1480 train_time:35246ms step_avg:42.21ms
step:836/1480 train_time:35306ms step_avg:42.23ms
step:837/1480 train_time:35359ms step_avg:42.25ms
step:838/1480 train_time:35420ms step_avg:42.27ms
step:839/1480 train_time:35474ms step_avg:42.28ms
step:840/1480 train_time:35533ms step_avg:42.30ms
step:841/1480 train_time:35586ms step_avg:42.31ms
step:842/1480 train_time:35647ms step_avg:42.34ms
step:843/1480 train_time:35702ms step_avg:42.35ms
step:844/1480 train_time:35762ms step_avg:42.37ms
step:845/1480 train_time:35816ms step_avg:42.39ms
step:846/1480 train_time:35875ms step_avg:42.41ms
step:847/1480 train_time:35930ms step_avg:42.42ms
step:848/1480 train_time:35990ms step_avg:42.44ms
step:849/1480 train_time:36045ms step_avg:42.46ms
step:850/1480 train_time:36104ms step_avg:42.47ms
step:851/1480 train_time:36158ms step_avg:42.49ms
step:852/1480 train_time:36218ms step_avg:42.51ms
step:853/1480 train_time:36271ms step_avg:42.52ms
step:854/1480 train_time:36330ms step_avg:42.54ms
step:855/1480 train_time:36385ms step_avg:42.56ms
step:856/1480 train_time:36445ms step_avg:42.58ms
step:857/1480 train_time:36499ms step_avg:42.59ms
step:858/1480 train_time:36560ms step_avg:42.61ms
step:859/1480 train_time:36613ms step_avg:42.62ms
step:860/1480 train_time:36673ms step_avg:42.64ms
step:861/1480 train_time:36727ms step_avg:42.66ms
step:862/1480 train_time:36787ms step_avg:42.68ms
step:863/1480 train_time:36841ms step_avg:42.69ms
step:864/1480 train_time:36902ms step_avg:42.71ms
step:865/1480 train_time:36956ms step_avg:42.72ms
step:866/1480 train_time:37015ms step_avg:42.74ms
step:867/1480 train_time:37069ms step_avg:42.76ms
step:868/1480 train_time:37129ms step_avg:42.78ms
step:869/1480 train_time:37182ms step_avg:42.79ms
step:870/1480 train_time:37242ms step_avg:42.81ms
step:871/1480 train_time:37297ms step_avg:42.82ms
step:872/1480 train_time:37356ms step_avg:42.84ms
step:873/1480 train_time:37410ms step_avg:42.85ms
step:874/1480 train_time:37470ms step_avg:42.87ms
step:875/1480 train_time:37524ms step_avg:42.88ms
step:876/1480 train_time:37584ms step_avg:42.90ms
step:877/1480 train_time:37639ms step_avg:42.92ms
step:878/1480 train_time:37699ms step_avg:42.94ms
step:879/1480 train_time:37753ms step_avg:42.95ms
step:880/1480 train_time:37812ms step_avg:42.97ms
step:881/1480 train_time:37867ms step_avg:42.98ms
step:882/1480 train_time:37926ms step_avg:43.00ms
step:883/1480 train_time:37981ms step_avg:43.01ms
step:884/1480 train_time:38040ms step_avg:43.03ms
step:885/1480 train_time:38096ms step_avg:43.05ms
step:886/1480 train_time:38154ms step_avg:43.06ms
step:887/1480 train_time:38209ms step_avg:43.08ms
step:888/1480 train_time:38269ms step_avg:43.10ms
step:889/1480 train_time:38323ms step_avg:43.11ms
step:890/1480 train_time:38383ms step_avg:43.13ms
step:891/1480 train_time:38437ms step_avg:43.14ms
step:892/1480 train_time:38497ms step_avg:43.16ms
step:893/1480 train_time:38550ms step_avg:43.17ms
step:894/1480 train_time:38610ms step_avg:43.19ms
step:895/1480 train_time:38665ms step_avg:43.20ms
step:896/1480 train_time:38725ms step_avg:43.22ms
step:897/1480 train_time:38779ms step_avg:43.23ms
step:898/1480 train_time:38838ms step_avg:43.25ms
step:899/1480 train_time:38893ms step_avg:43.26ms
step:900/1480 train_time:38953ms step_avg:43.28ms
step:901/1480 train_time:39007ms step_avg:43.29ms
step:902/1480 train_time:39066ms step_avg:43.31ms
step:903/1480 train_time:39121ms step_avg:43.32ms
step:904/1480 train_time:39181ms step_avg:43.34ms
step:905/1480 train_time:39234ms step_avg:43.35ms
step:906/1480 train_time:39294ms step_avg:43.37ms
step:907/1480 train_time:39348ms step_avg:43.38ms
step:908/1480 train_time:39407ms step_avg:43.40ms
step:909/1480 train_time:39461ms step_avg:43.41ms
step:910/1480 train_time:39522ms step_avg:43.43ms
step:911/1480 train_time:39576ms step_avg:43.44ms
step:912/1480 train_time:39635ms step_avg:43.46ms
step:913/1480 train_time:39690ms step_avg:43.47ms
step:914/1480 train_time:39750ms step_avg:43.49ms
step:915/1480 train_time:39804ms step_avg:43.50ms
step:916/1480 train_time:39864ms step_avg:43.52ms
step:917/1480 train_time:39917ms step_avg:43.53ms
step:918/1480 train_time:39977ms step_avg:43.55ms
step:919/1480 train_time:40032ms step_avg:43.56ms
step:920/1480 train_time:40092ms step_avg:43.58ms
step:921/1480 train_time:40145ms step_avg:43.59ms
step:922/1480 train_time:40205ms step_avg:43.61ms
step:923/1480 train_time:40259ms step_avg:43.62ms
step:924/1480 train_time:40319ms step_avg:43.63ms
step:925/1480 train_time:40372ms step_avg:43.65ms
step:926/1480 train_time:40432ms step_avg:43.66ms
step:927/1480 train_time:40487ms step_avg:43.68ms
step:928/1480 train_time:40546ms step_avg:43.69ms
step:929/1480 train_time:40600ms step_avg:43.70ms
step:930/1480 train_time:40661ms step_avg:43.72ms
step:931/1480 train_time:40716ms step_avg:43.73ms
step:932/1480 train_time:40775ms step_avg:43.75ms
step:933/1480 train_time:40829ms step_avg:43.76ms
step:934/1480 train_time:40889ms step_avg:43.78ms
step:935/1480 train_time:40943ms step_avg:43.79ms
step:936/1480 train_time:41002ms step_avg:43.81ms
step:937/1480 train_time:41056ms step_avg:43.82ms
step:938/1480 train_time:41115ms step_avg:43.83ms
step:939/1480 train_time:41169ms step_avg:43.84ms
step:940/1480 train_time:41229ms step_avg:43.86ms
step:941/1480 train_time:41283ms step_avg:43.87ms
step:942/1480 train_time:41343ms step_avg:43.89ms
step:943/1480 train_time:41397ms step_avg:43.90ms
step:944/1480 train_time:41457ms step_avg:43.92ms
step:945/1480 train_time:41511ms step_avg:43.93ms
step:946/1480 train_time:41570ms step_avg:43.94ms
step:947/1480 train_time:41624ms step_avg:43.95ms
step:948/1480 train_time:41684ms step_avg:43.97ms
step:949/1480 train_time:41738ms step_avg:43.98ms
step:950/1480 train_time:41798ms step_avg:44.00ms
step:951/1480 train_time:41852ms step_avg:44.01ms
step:952/1480 train_time:41911ms step_avg:44.02ms
step:953/1480 train_time:41966ms step_avg:44.04ms
step:954/1480 train_time:42026ms step_avg:44.05ms
step:955/1480 train_time:42080ms step_avg:44.06ms
step:956/1480 train_time:42139ms step_avg:44.08ms
step:957/1480 train_time:42193ms step_avg:44.09ms
step:958/1480 train_time:42252ms step_avg:44.10ms
step:959/1480 train_time:42306ms step_avg:44.12ms
step:960/1480 train_time:42366ms step_avg:44.13ms
step:961/1480 train_time:42422ms step_avg:44.14ms
step:962/1480 train_time:42510ms step_avg:44.19ms
step:963/1480 train_time:42592ms step_avg:44.23ms
step:964/1480 train_time:42678ms step_avg:44.27ms
step:965/1480 train_time:42758ms step_avg:44.31ms
step:966/1480 train_time:42843ms step_avg:44.35ms
step:967/1480 train_time:42924ms step_avg:44.39ms
step:968/1480 train_time:43009ms step_avg:44.43ms
step:969/1480 train_time:43088ms step_avg:44.47ms
step:970/1480 train_time:43173ms step_avg:44.51ms
step:971/1480 train_time:43254ms step_avg:44.55ms
step:972/1480 train_time:43340ms step_avg:44.59ms
step:973/1480 train_time:43422ms step_avg:44.63ms
step:974/1480 train_time:43507ms step_avg:44.67ms
step:975/1480 train_time:43588ms step_avg:44.71ms
step:976/1480 train_time:43674ms step_avg:44.75ms
step:977/1480 train_time:43752ms step_avg:44.78ms
step:978/1480 train_time:43838ms step_avg:44.82ms
step:979/1480 train_time:43918ms step_avg:44.86ms
step:980/1480 train_time:44005ms step_avg:44.90ms
step:981/1480 train_time:44085ms step_avg:44.94ms
step:982/1480 train_time:44171ms step_avg:44.98ms
step:983/1480 train_time:44250ms step_avg:45.02ms
step:984/1480 train_time:44336ms step_avg:45.06ms
step:985/1480 train_time:44417ms step_avg:45.09ms
step:986/1480 train_time:44503ms step_avg:45.14ms
step:987/1480 train_time:44585ms step_avg:45.17ms
step:988/1480 train_time:44671ms step_avg:45.21ms
step:989/1480 train_time:44751ms step_avg:45.25ms
step:990/1480 train_time:44837ms step_avg:45.29ms
step:991/1480 train_time:44917ms step_avg:45.32ms
step:992/1480 train_time:45002ms step_avg:45.37ms
step:993/1480 train_time:45084ms step_avg:45.40ms
step:994/1480 train_time:45169ms step_avg:45.44ms
step:995/1480 train_time:45248ms step_avg:45.48ms
step:996/1480 train_time:45335ms step_avg:45.52ms
step:997/1480 train_time:45416ms step_avg:45.55ms
step:998/1480 train_time:45501ms step_avg:45.59ms
step:999/1480 train_time:45583ms step_avg:45.63ms
step:1000/1480 train_time:45669ms step_avg:45.67ms
step:1000/1480 val_loss:3.5084 train_time:45761ms step_avg:45.76ms
step:1001/1480 train_time:45778ms step_avg:45.73ms
step:1002/1480 train_time:45839ms step_avg:45.75ms
step:1003/1480 train_time:45921ms step_avg:45.78ms
step:1004/1480 train_time:46008ms step_avg:45.83ms
step:1005/1480 train_time:46089ms step_avg:45.86ms
step:1006/1480 train_time:46174ms step_avg:45.90ms
step:1007/1480 train_time:46253ms step_avg:45.93ms
step:1008/1480 train_time:46337ms step_avg:45.97ms
step:1009/1480 train_time:46418ms step_avg:46.00ms
step:1010/1480 train_time:46504ms step_avg:46.04ms
step:1011/1480 train_time:46583ms step_avg:46.08ms
step:1012/1480 train_time:46667ms step_avg:46.11ms
step:1013/1480 train_time:46748ms step_avg:46.15ms
step:1014/1480 train_time:46836ms step_avg:46.19ms
step:1015/1480 train_time:46920ms step_avg:46.23ms
step:1016/1480 train_time:47008ms step_avg:46.27ms
step:1017/1480 train_time:47087ms step_avg:46.30ms
step:1018/1480 train_time:47173ms step_avg:46.34ms
step:1019/1480 train_time:47254ms step_avg:46.37ms
step:1020/1480 train_time:47339ms step_avg:46.41ms
step:1021/1480 train_time:47419ms step_avg:46.44ms
step:1022/1480 train_time:47504ms step_avg:46.48ms
step:1023/1480 train_time:47583ms step_avg:46.51ms
step:1024/1480 train_time:47669ms step_avg:46.55ms
step:1025/1480 train_time:47749ms step_avg:46.58ms
step:1026/1480 train_time:47834ms step_avg:46.62ms
step:1027/1480 train_time:47916ms step_avg:46.66ms
step:1028/1480 train_time:48003ms step_avg:46.70ms
step:1029/1480 train_time:48083ms step_avg:46.73ms
step:1030/1480 train_time:48168ms step_avg:46.77ms
step:1031/1480 train_time:48250ms step_avg:46.80ms
step:1032/1480 train_time:48335ms step_avg:46.84ms
step:1033/1480 train_time:48414ms step_avg:46.87ms
step:1034/1480 train_time:48500ms step_avg:46.91ms
step:1035/1480 train_time:48580ms step_avg:46.94ms
step:1036/1480 train_time:48665ms step_avg:46.97ms
step:1037/1480 train_time:48746ms step_avg:47.01ms
step:1038/1480 train_time:48832ms step_avg:47.04ms
step:1039/1480 train_time:48913ms step_avg:47.08ms
step:1040/1480 train_time:48999ms step_avg:47.11ms
step:1041/1480 train_time:49079ms step_avg:47.15ms
step:1042/1480 train_time:49165ms step_avg:47.18ms
step:1043/1480 train_time:49247ms step_avg:47.22ms
step:1044/1480 train_time:49334ms step_avg:47.25ms
step:1045/1480 train_time:49415ms step_avg:47.29ms
step:1046/1480 train_time:49499ms step_avg:47.32ms
step:1047/1480 train_time:49578ms step_avg:47.35ms
step:1048/1480 train_time:49663ms step_avg:47.39ms
step:1049/1480 train_time:49744ms step_avg:47.42ms
step:1050/1480 train_time:49831ms step_avg:47.46ms
step:1051/1480 train_time:49911ms step_avg:47.49ms
step:1052/1480 train_time:49996ms step_avg:47.52ms
step:1053/1480 train_time:50076ms step_avg:47.56ms
step:1054/1480 train_time:50162ms step_avg:47.59ms
step:1055/1480 train_time:50244ms step_avg:47.62ms
step:1056/1480 train_time:50330ms step_avg:47.66ms
step:1057/1480 train_time:50413ms step_avg:47.69ms
step:1058/1480 train_time:50497ms step_avg:47.73ms
step:1059/1480 train_time:50576ms step_avg:47.76ms
step:1060/1480 train_time:50662ms step_avg:47.79ms
step:1061/1480 train_time:50742ms step_avg:47.82ms
step:1062/1480 train_time:50829ms step_avg:47.86ms
step:1063/1480 train_time:50909ms step_avg:47.89ms
step:1064/1480 train_time:50994ms step_avg:47.93ms
step:1065/1480 train_time:51073ms step_avg:47.96ms
step:1066/1480 train_time:51160ms step_avg:47.99ms
step:1067/1480 train_time:51240ms step_avg:48.02ms
step:1068/1480 train_time:51327ms step_avg:48.06ms
step:1069/1480 train_time:51407ms step_avg:48.09ms
step:1070/1480 train_time:51492ms step_avg:48.12ms
step:1071/1480 train_time:51572ms step_avg:48.15ms
step:1072/1480 train_time:51658ms step_avg:48.19ms
step:1073/1480 train_time:51737ms step_avg:48.22ms
step:1074/1480 train_time:51824ms step_avg:48.25ms
step:1075/1480 train_time:51905ms step_avg:48.28ms
step:1076/1480 train_time:51990ms step_avg:48.32ms
step:1077/1480 train_time:52072ms step_avg:48.35ms
step:1078/1480 train_time:52157ms step_avg:48.38ms
step:1079/1480 train_time:52237ms step_avg:48.41ms
step:1080/1480 train_time:52324ms step_avg:48.45ms
step:1081/1480 train_time:52406ms step_avg:48.48ms
step:1082/1480 train_time:52491ms step_avg:48.51ms
step:1083/1480 train_time:52570ms step_avg:48.54ms
step:1084/1480 train_time:52657ms step_avg:48.58ms
step:1085/1480 train_time:52736ms step_avg:48.60ms
step:1086/1480 train_time:52822ms step_avg:48.64ms
step:1087/1480 train_time:52904ms step_avg:48.67ms
step:1088/1480 train_time:52989ms step_avg:48.70ms
step:1089/1480 train_time:53070ms step_avg:48.73ms
step:1090/1480 train_time:53156ms step_avg:48.77ms
step:1091/1480 train_time:53236ms step_avg:48.80ms
step:1092/1480 train_time:53322ms step_avg:48.83ms
step:1093/1480 train_time:53403ms step_avg:48.86ms
step:1094/1480 train_time:53488ms step_avg:48.89ms
step:1095/1480 train_time:53569ms step_avg:48.92ms
step:1096/1480 train_time:53655ms step_avg:48.96ms
step:1097/1480 train_time:53735ms step_avg:48.98ms
step:1098/1480 train_time:53821ms step_avg:49.02ms
step:1099/1480 train_time:53902ms step_avg:49.05ms
step:1100/1480 train_time:53987ms step_avg:49.08ms
step:1101/1480 train_time:54069ms step_avg:49.11ms
step:1102/1480 train_time:54155ms step_avg:49.14ms
step:1103/1480 train_time:54235ms step_avg:49.17ms
step:1104/1480 train_time:54322ms step_avg:49.20ms
step:1105/1480 train_time:54403ms step_avg:49.23ms
step:1106/1480 train_time:54489ms step_avg:49.27ms
step:1107/1480 train_time:54569ms step_avg:49.29ms
step:1108/1480 train_time:54657ms step_avg:49.33ms
step:1109/1480 train_time:54736ms step_avg:49.36ms
step:1110/1480 train_time:54822ms step_avg:49.39ms
step:1111/1480 train_time:54903ms step_avg:49.42ms
step:1112/1480 train_time:54988ms step_avg:49.45ms
step:1113/1480 train_time:55068ms step_avg:49.48ms
step:1114/1480 train_time:55154ms step_avg:49.51ms
step:1115/1480 train_time:55234ms step_avg:49.54ms
step:1116/1480 train_time:55322ms step_avg:49.57ms
step:1117/1480 train_time:55403ms step_avg:49.60ms
step:1118/1480 train_time:55488ms step_avg:49.63ms
step:1119/1480 train_time:55569ms step_avg:49.66ms
step:1120/1480 train_time:55655ms step_avg:49.69ms
step:1121/1480 train_time:55734ms step_avg:49.72ms
step:1122/1480 train_time:55821ms step_avg:49.75ms
step:1123/1480 train_time:55902ms step_avg:49.78ms
step:1124/1480 train_time:55987ms step_avg:49.81ms
step:1125/1480 train_time:56068ms step_avg:49.84ms
step:1126/1480 train_time:56154ms step_avg:49.87ms
step:1127/1480 train_time:56234ms step_avg:49.90ms
step:1128/1480 train_time:56320ms step_avg:49.93ms
step:1129/1480 train_time:56400ms step_avg:49.96ms
step:1130/1480 train_time:56485ms step_avg:49.99ms
step:1131/1480 train_time:56567ms step_avg:50.02ms
step:1132/1480 train_time:56653ms step_avg:50.05ms
step:1133/1480 train_time:56734ms step_avg:50.07ms
step:1134/1480 train_time:56821ms step_avg:50.11ms
step:1135/1480 train_time:56900ms step_avg:50.13ms
step:1136/1480 train_time:56986ms step_avg:50.16ms
step:1137/1480 train_time:57067ms step_avg:50.19ms
step:1138/1480 train_time:57154ms step_avg:50.22ms
step:1139/1480 train_time:57235ms step_avg:50.25ms
step:1140/1480 train_time:57321ms step_avg:50.28ms
step:1141/1480 train_time:57401ms step_avg:50.31ms
step:1142/1480 train_time:57486ms step_avg:50.34ms
step:1143/1480 train_time:57567ms step_avg:50.37ms
step:1144/1480 train_time:57654ms step_avg:50.40ms
step:1145/1480 train_time:57735ms step_avg:50.42ms
step:1146/1480 train_time:57821ms step_avg:50.45ms
step:1147/1480 train_time:57902ms step_avg:50.48ms
step:1148/1480 train_time:57987ms step_avg:50.51ms
step:1149/1480 train_time:58068ms step_avg:50.54ms
step:1150/1480 train_time:58154ms step_avg:50.57ms
step:1151/1480 train_time:58234ms step_avg:50.59ms
step:1152/1480 train_time:58320ms step_avg:50.63ms
step:1153/1480 train_time:58400ms step_avg:50.65ms
step:1154/1480 train_time:58485ms step_avg:50.68ms
step:1155/1480 train_time:58566ms step_avg:50.71ms
step:1156/1480 train_time:58653ms step_avg:50.74ms
step:1157/1480 train_time:58734ms step_avg:50.76ms
step:1158/1480 train_time:58820ms step_avg:50.79ms
step:1159/1480 train_time:58900ms step_avg:50.82ms
step:1160/1480 train_time:58985ms step_avg:50.85ms
step:1161/1480 train_time:59066ms step_avg:50.88ms
step:1162/1480 train_time:59153ms step_avg:50.91ms
step:1163/1480 train_time:59234ms step_avg:50.93ms
step:1164/1480 train_time:59319ms step_avg:50.96ms
step:1165/1480 train_time:59400ms step_avg:50.99ms
step:1166/1480 train_time:59485ms step_avg:51.02ms
step:1167/1480 train_time:59567ms step_avg:51.04ms
step:1168/1480 train_time:59655ms step_avg:51.07ms
step:1169/1480 train_time:59735ms step_avg:51.10ms
step:1170/1480 train_time:59821ms step_avg:51.13ms
step:1171/1480 train_time:59902ms step_avg:51.15ms
step:1172/1480 train_time:59987ms step_avg:51.18ms
step:1173/1480 train_time:60069ms step_avg:51.21ms
step:1174/1480 train_time:60156ms step_avg:51.24ms
step:1175/1480 train_time:60235ms step_avg:51.26ms
step:1176/1480 train_time:60320ms step_avg:51.29ms
step:1177/1480 train_time:60401ms step_avg:51.32ms
step:1178/1480 train_time:60486ms step_avg:51.35ms
step:1179/1480 train_time:60568ms step_avg:51.37ms
step:1180/1480 train_time:60654ms step_avg:51.40ms
step:1181/1480 train_time:60735ms step_avg:51.43ms
step:1182/1480 train_time:60820ms step_avg:51.46ms
step:1183/1480 train_time:60900ms step_avg:51.48ms
step:1184/1480 train_time:60985ms step_avg:51.51ms
step:1185/1480 train_time:61067ms step_avg:51.53ms
step:1186/1480 train_time:61153ms step_avg:51.56ms
step:1187/1480 train_time:61232ms step_avg:51.59ms
step:1188/1480 train_time:61319ms step_avg:51.62ms
step:1189/1480 train_time:61400ms step_avg:51.64ms
step:1190/1480 train_time:61486ms step_avg:51.67ms
step:1191/1480 train_time:61568ms step_avg:51.69ms
step:1192/1480 train_time:61655ms step_avg:51.72ms
step:1193/1480 train_time:61734ms step_avg:51.75ms
step:1194/1480 train_time:61820ms step_avg:51.78ms
step:1195/1480 train_time:61900ms step_avg:51.80ms
step:1196/1480 train_time:61984ms step_avg:51.83ms
step:1197/1480 train_time:62067ms step_avg:51.85ms
step:1198/1480 train_time:62153ms step_avg:51.88ms
step:1199/1480 train_time:62233ms step_avg:51.90ms
step:1200/1480 train_time:62319ms step_avg:51.93ms
step:1201/1480 train_time:62399ms step_avg:51.96ms
step:1202/1480 train_time:62485ms step_avg:51.98ms
step:1203/1480 train_time:62567ms step_avg:52.01ms
step:1204/1480 train_time:62652ms step_avg:52.04ms
step:1205/1480 train_time:62732ms step_avg:52.06ms
step:1206/1480 train_time:62818ms step_avg:52.09ms
step:1207/1480 train_time:62898ms step_avg:52.11ms
step:1208/1480 train_time:62982ms step_avg:52.14ms
step:1209/1480 train_time:63063ms step_avg:52.16ms
step:1210/1480 train_time:63151ms step_avg:52.19ms
step:1211/1480 train_time:63231ms step_avg:52.21ms
step:1212/1480 train_time:63317ms step_avg:52.24ms
step:1213/1480 train_time:63396ms step_avg:52.26ms
step:1214/1480 train_time:63483ms step_avg:52.29ms
step:1215/1480 train_time:63564ms step_avg:52.32ms
step:1216/1480 train_time:63652ms step_avg:52.35ms
step:1217/1480 train_time:63732ms step_avg:52.37ms
step:1218/1480 train_time:63817ms step_avg:52.40ms
step:1219/1480 train_time:63897ms step_avg:52.42ms
step:1220/1480 train_time:63983ms step_avg:52.44ms
step:1221/1480 train_time:64063ms step_avg:52.47ms
step:1222/1480 train_time:64149ms step_avg:52.49ms
step:1223/1480 train_time:64229ms step_avg:52.52ms
step:1224/1480 train_time:64316ms step_avg:52.55ms
step:1225/1480 train_time:64395ms step_avg:52.57ms
step:1226/1480 train_time:64480ms step_avg:52.59ms
step:1227/1480 train_time:64560ms step_avg:52.62ms
step:1228/1480 train_time:64648ms step_avg:52.64ms
step:1229/1480 train_time:64728ms step_avg:52.67ms
step:1230/1480 train_time:64813ms step_avg:52.69ms
step:1231/1480 train_time:64892ms step_avg:52.71ms
step:1232/1480 train_time:64977ms step_avg:52.74ms
step:1233/1480 train_time:65058ms step_avg:52.76ms
step:1234/1480 train_time:65145ms step_avg:52.79ms
step:1235/1480 train_time:65226ms step_avg:52.81ms
step:1236/1480 train_time:65313ms step_avg:52.84ms
step:1237/1480 train_time:65392ms step_avg:52.86ms
step:1238/1480 train_time:65477ms step_avg:52.89ms
step:1239/1480 train_time:65557ms step_avg:52.91ms
step:1240/1480 train_time:65643ms step_avg:52.94ms
step:1241/1480 train_time:65723ms step_avg:52.96ms
step:1242/1480 train_time:65809ms step_avg:52.99ms
step:1243/1480 train_time:65889ms step_avg:53.01ms
step:1244/1480 train_time:65975ms step_avg:53.03ms
step:1245/1480 train_time:66056ms step_avg:53.06ms
step:1246/1480 train_time:66141ms step_avg:53.08ms
step:1247/1480 train_time:66221ms step_avg:53.10ms
step:1248/1480 train_time:66307ms step_avg:53.13ms
step:1249/1480 train_time:66386ms step_avg:53.15ms
step:1250/1480 train_time:66473ms step_avg:53.18ms
step:1250/1480 val_loss:3.3664 train_time:66565ms step_avg:53.25ms
step:1251/1480 train_time:66582ms step_avg:53.22ms
step:1252/1480 train_time:66645ms step_avg:53.23ms
step:1253/1480 train_time:66728ms step_avg:53.25ms
step:1254/1480 train_time:66814ms step_avg:53.28ms
step:1255/1480 train_time:66894ms step_avg:53.30ms
step:1256/1480 train_time:66979ms step_avg:53.33ms
step:1257/1480 train_time:67058ms step_avg:53.35ms
step:1258/1480 train_time:67142ms step_avg:53.37ms
step:1259/1480 train_time:67223ms step_avg:53.39ms
step:1260/1480 train_time:67307ms step_avg:53.42ms
step:1261/1480 train_time:67386ms step_avg:53.44ms
step:1262/1480 train_time:67472ms step_avg:53.46ms
step:1263/1480 train_time:67554ms step_avg:53.49ms
step:1264/1480 train_time:67642ms step_avg:53.51ms
step:1265/1480 train_time:67724ms step_avg:53.54ms
step:1266/1480 train_time:67810ms step_avg:53.56ms
step:1267/1480 train_time:67891ms step_avg:53.58ms
step:1268/1480 train_time:67979ms step_avg:53.61ms
step:1269/1480 train_time:68059ms step_avg:53.63ms
step:1270/1480 train_time:68143ms step_avg:53.66ms
step:1271/1480 train_time:68222ms step_avg:53.68ms
step:1272/1480 train_time:68305ms step_avg:53.70ms
step:1273/1480 train_time:68385ms step_avg:53.72ms
step:1274/1480 train_time:68471ms step_avg:53.75ms
step:1275/1480 train_time:68553ms step_avg:53.77ms
step:1276/1480 train_time:68640ms step_avg:53.79ms
step:1277/1480 train_time:68720ms step_avg:53.81ms
step:1278/1480 train_time:68806ms step_avg:53.84ms
step:1279/1480 train_time:68888ms step_avg:53.86ms
step:1280/1480 train_time:68976ms step_avg:53.89ms
step:1281/1480 train_time:69056ms step_avg:53.91ms
step:1282/1480 train_time:69142ms step_avg:53.93ms
step:1283/1480 train_time:69223ms step_avg:53.95ms
step:1284/1480 train_time:69307ms step_avg:53.98ms
step:1285/1480 train_time:69388ms step_avg:54.00ms
step:1286/1480 train_time:69474ms step_avg:54.02ms
step:1287/1480 train_time:69555ms step_avg:54.04ms
step:1288/1480 train_time:69641ms step_avg:54.07ms
step:1289/1480 train_time:69721ms step_avg:54.09ms
step:1290/1480 train_time:69809ms step_avg:54.12ms
step:1291/1480 train_time:69890ms step_avg:54.14ms
step:1292/1480 train_time:69977ms step_avg:54.16ms
step:1293/1480 train_time:70057ms step_avg:54.18ms
step:1294/1480 train_time:70143ms step_avg:54.21ms
step:1295/1480 train_time:70223ms step_avg:54.23ms
step:1296/1480 train_time:70306ms step_avg:54.25ms
step:1297/1480 train_time:70386ms step_avg:54.27ms
step:1298/1480 train_time:70474ms step_avg:54.29ms
step:1299/1480 train_time:70556ms step_avg:54.32ms
step:1300/1480 train_time:70641ms step_avg:54.34ms
step:1301/1480 train_time:70722ms step_avg:54.36ms
step:1302/1480 train_time:70808ms step_avg:54.38ms
step:1303/1480 train_time:70889ms step_avg:54.40ms
step:1304/1480 train_time:70977ms step_avg:54.43ms
step:1305/1480 train_time:71058ms step_avg:54.45ms
step:1306/1480 train_time:71143ms step_avg:54.47ms
step:1307/1480 train_time:71223ms step_avg:54.49ms
step:1308/1480 train_time:71307ms step_avg:54.52ms
step:1309/1480 train_time:71388ms step_avg:54.54ms
step:1310/1480 train_time:71474ms step_avg:54.56ms
step:1311/1480 train_time:71556ms step_avg:54.58ms
step:1312/1480 train_time:71642ms step_avg:54.61ms
step:1313/1480 train_time:71721ms step_avg:54.62ms
step:1314/1480 train_time:71806ms step_avg:54.65ms
step:1315/1480 train_time:71887ms step_avg:54.67ms
step:1316/1480 train_time:71974ms step_avg:54.69ms
step:1317/1480 train_time:72056ms step_avg:54.71ms
step:1318/1480 train_time:72142ms step_avg:54.74ms
step:1319/1480 train_time:72220ms step_avg:54.75ms
step:1320/1480 train_time:72305ms step_avg:54.78ms
step:1321/1480 train_time:72386ms step_avg:54.80ms
step:1322/1480 train_time:72471ms step_avg:54.82ms
step:1323/1480 train_time:72552ms step_avg:54.84ms
step:1324/1480 train_time:72638ms step_avg:54.86ms
step:1325/1480 train_time:72717ms step_avg:54.88ms
step:1326/1480 train_time:72803ms step_avg:54.90ms
step:1327/1480 train_time:72883ms step_avg:54.92ms
step:1328/1480 train_time:72971ms step_avg:54.95ms
step:1329/1480 train_time:73053ms step_avg:54.97ms
step:1330/1480 train_time:73138ms step_avg:54.99ms
step:1331/1480 train_time:73218ms step_avg:55.01ms
step:1332/1480 train_time:73302ms step_avg:55.03ms
step:1333/1480 train_time:73382ms step_avg:55.05ms
step:1334/1480 train_time:73466ms step_avg:55.07ms
step:1335/1480 train_time:73548ms step_avg:55.09ms
step:1336/1480 train_time:73635ms step_avg:55.12ms
step:1337/1480 train_time:73715ms step_avg:55.13ms
step:1338/1480 train_time:73800ms step_avg:55.16ms
step:1339/1480 train_time:73881ms step_avg:55.18ms
step:1340/1480 train_time:73966ms step_avg:55.20ms
step:1341/1480 train_time:74048ms step_avg:55.22ms
step:1342/1480 train_time:74134ms step_avg:55.24ms
step:1343/1480 train_time:74214ms step_avg:55.26ms
step:1344/1480 train_time:74298ms step_avg:55.28ms
step:1345/1480 train_time:74378ms step_avg:55.30ms
step:1346/1480 train_time:74464ms step_avg:55.32ms
step:1347/1480 train_time:74545ms step_avg:55.34ms
step:1348/1480 train_time:74631ms step_avg:55.36ms
step:1349/1480 train_time:74711ms step_avg:55.38ms
step:1350/1480 train_time:74797ms step_avg:55.41ms
step:1351/1480 train_time:74877ms step_avg:55.42ms
step:1352/1480 train_time:74963ms step_avg:55.45ms
step:1353/1480 train_time:75044ms step_avg:55.46ms
step:1354/1480 train_time:75130ms step_avg:55.49ms
step:1355/1480 train_time:75211ms step_avg:55.51ms
step:1356/1480 train_time:75296ms step_avg:55.53ms
step:1357/1480 train_time:75376ms step_avg:55.55ms
step:1358/1480 train_time:75462ms step_avg:55.57ms
step:1359/1480 train_time:75542ms step_avg:55.59ms
step:1360/1480 train_time:75630ms step_avg:55.61ms
step:1361/1480 train_time:75710ms step_avg:55.63ms
step:1362/1480 train_time:75799ms step_avg:55.65ms
step:1363/1480 train_time:75879ms step_avg:55.67ms
step:1364/1480 train_time:75965ms step_avg:55.69ms
step:1365/1480 train_time:76045ms step_avg:55.71ms
step:1366/1480 train_time:76131ms step_avg:55.73ms
step:1367/1480 train_time:76212ms step_avg:55.75ms
step:1368/1480 train_time:76298ms step_avg:55.77ms
step:1369/1480 train_time:76377ms step_avg:55.79ms
step:1370/1480 train_time:76463ms step_avg:55.81ms
step:1371/1480 train_time:76545ms step_avg:55.83ms
step:1372/1480 train_time:76631ms step_avg:55.85ms
step:1373/1480 train_time:76711ms step_avg:55.87ms
step:1374/1480 train_time:76798ms step_avg:55.89ms
step:1375/1480 train_time:76878ms step_avg:55.91ms
step:1376/1480 train_time:76963ms step_avg:55.93ms
step:1377/1480 train_time:77045ms step_avg:55.95ms
step:1378/1480 train_time:77131ms step_avg:55.97ms
step:1379/1480 train_time:77212ms step_avg:55.99ms
step:1380/1480 train_time:77298ms step_avg:56.01ms
step:1381/1480 train_time:77379ms step_avg:56.03ms
step:1382/1480 train_time:77465ms step_avg:56.05ms
step:1383/1480 train_time:77545ms step_avg:56.07ms
step:1384/1480 train_time:77631ms step_avg:56.09ms
step:1385/1480 train_time:77712ms step_avg:56.11ms
step:1386/1480 train_time:77797ms step_avg:56.13ms
step:1387/1480 train_time:77879ms step_avg:56.15ms
step:1388/1480 train_time:77964ms step_avg:56.17ms
step:1389/1480 train_time:78044ms step_avg:56.19ms
step:1390/1480 train_time:78131ms step_avg:56.21ms
step:1391/1480 train_time:78212ms step_avg:56.23ms
step:1392/1480 train_time:78298ms step_avg:56.25ms
step:1393/1480 train_time:78378ms step_avg:56.27ms
step:1394/1480 train_time:78463ms step_avg:56.29ms
step:1395/1480 train_time:78543ms step_avg:56.30ms
step:1396/1480 train_time:78629ms step_avg:56.32ms
step:1397/1480 train_time:78710ms step_avg:56.34ms
step:1398/1480 train_time:78797ms step_avg:56.36ms
step:1399/1480 train_time:78878ms step_avg:56.38ms
step:1400/1480 train_time:78963ms step_avg:56.40ms
step:1401/1480 train_time:79044ms step_avg:56.42ms
step:1402/1480 train_time:79130ms step_avg:56.44ms
step:1403/1480 train_time:79210ms step_avg:56.46ms
step:1404/1480 train_time:79296ms step_avg:56.48ms
step:1405/1480 train_time:79377ms step_avg:56.50ms
step:1406/1480 train_time:79462ms step_avg:56.52ms
step:1407/1480 train_time:79542ms step_avg:56.53ms
step:1408/1480 train_time:79628ms step_avg:56.55ms
step:1409/1480 train_time:79710ms step_avg:56.57ms
step:1410/1480 train_time:79796ms step_avg:56.59ms
step:1411/1480 train_time:79876ms step_avg:56.61ms
step:1412/1480 train_time:79960ms step_avg:56.63ms
step:1413/1480 train_time:80042ms step_avg:56.65ms
step:1414/1480 train_time:80129ms step_avg:56.67ms
step:1415/1480 train_time:80208ms step_avg:56.68ms
step:1416/1480 train_time:80296ms step_avg:56.71ms
step:1417/1480 train_time:80377ms step_avg:56.72ms
step:1418/1480 train_time:80462ms step_avg:56.74ms
step:1419/1480 train_time:80543ms step_avg:56.76ms
step:1420/1480 train_time:80628ms step_avg:56.78ms
step:1421/1480 train_time:80710ms step_avg:56.80ms
step:1422/1480 train_time:80796ms step_avg:56.82ms
step:1423/1480 train_time:80876ms step_avg:56.83ms
step:1424/1480 train_time:80961ms step_avg:56.85ms
step:1425/1480 train_time:81042ms step_avg:56.87ms
step:1426/1480 train_time:81130ms step_avg:56.89ms
step:1427/1480 train_time:81209ms step_avg:56.91ms
step:1428/1480 train_time:81297ms step_avg:56.93ms
step:1429/1480 train_time:81378ms step_avg:56.95ms
step:1430/1480 train_time:81463ms step_avg:56.97ms
step:1431/1480 train_time:81543ms step_avg:56.98ms
step:1432/1480 train_time:81628ms step_avg:57.00ms
step:1433/1480 train_time:81709ms step_avg:57.02ms
step:1434/1480 train_time:81796ms step_avg:57.04ms
step:1435/1480 train_time:81877ms step_avg:57.06ms
step:1436/1480 train_time:81962ms step_avg:57.08ms
step:1437/1480 train_time:82042ms step_avg:57.09ms
step:1438/1480 train_time:82128ms step_avg:57.11ms
step:1439/1480 train_time:82209ms step_avg:57.13ms
step:1440/1480 train_time:82294ms step_avg:57.15ms
step:1441/1480 train_time:82375ms step_avg:57.17ms
step:1442/1480 train_time:82465ms step_avg:57.19ms
step:1443/1480 train_time:82547ms step_avg:57.21ms
step:1444/1480 train_time:82633ms step_avg:57.22ms
step:1445/1480 train_time:82712ms step_avg:57.24ms
step:1446/1480 train_time:82798ms step_avg:57.26ms
step:1447/1480 train_time:82879ms step_avg:57.28ms
step:1448/1480 train_time:82966ms step_avg:57.30ms
step:1449/1480 train_time:83045ms step_avg:57.31ms
step:1450/1480 train_time:83131ms step_avg:57.33ms
step:1451/1480 train_time:83211ms step_avg:57.35ms
step:1452/1480 train_time:83297ms step_avg:57.37ms
step:1453/1480 train_time:83378ms step_avg:57.38ms
step:1454/1480 train_time:83465ms step_avg:57.40ms
step:1455/1480 train_time:83546ms step_avg:57.42ms
step:1456/1480 train_time:83632ms step_avg:57.44ms
step:1457/1480 train_time:83713ms step_avg:57.46ms
step:1458/1480 train_time:83798ms step_avg:57.47ms
step:1459/1480 train_time:83879ms step_avg:57.49ms
step:1460/1480 train_time:83964ms step_avg:57.51ms
step:1461/1480 train_time:84045ms step_avg:57.53ms
step:1462/1480 train_time:84133ms step_avg:57.55ms
step:1463/1480 train_time:84213ms step_avg:57.56ms
step:1464/1480 train_time:84300ms step_avg:57.58ms
step:1465/1480 train_time:84380ms step_avg:57.60ms
step:1466/1480 train_time:84466ms step_avg:57.62ms
step:1467/1480 train_time:84546ms step_avg:57.63ms
step:1468/1480 train_time:84632ms step_avg:57.65ms
step:1469/1480 train_time:84711ms step_avg:57.67ms
step:1470/1480 train_time:84798ms step_avg:57.69ms
step:1471/1480 train_time:84878ms step_avg:57.70ms
step:1472/1480 train_time:84965ms step_avg:57.72ms
step:1473/1480 train_time:85045ms step_avg:57.74ms
step:1474/1480 train_time:85131ms step_avg:57.75ms
step:1475/1480 train_time:85211ms step_avg:57.77ms
step:1476/1480 train_time:85299ms step_avg:57.79ms
step:1477/1480 train_time:85380ms step_avg:57.81ms
step:1478/1480 train_time:85466ms step_avg:57.83ms
step:1479/1480 train_time:85547ms step_avg:57.84ms
step:1480/1480 train_time:85634ms step_avg:57.86ms
step:1480/1480 val_loss:3.2780 train_time:85725ms step_avg:57.92ms
peak memory allocated: 30541 MiB reserved: 45588 MiB
