W0420 02:14:36.140000 127098 torch/distributed/run.py:852] 
W0420 02:14:36.140000 127098 torch/distributed/run.py:852] *****************************************
W0420 02:14:36.140000 127098 torch/distributed/run.py:852] Setting OMP_NUM_THREADS environment variable for each process to be 1 in default, to avoid your system being overloaded, please further tune the variable for optimal performance in your application as needed. 
W0420 02:14:36.140000 127098 torch/distributed/run.py:852] *****************************************
[Gloo] Rank 1 is connected to 7 peer ranks. Expected number of connected peer ranks is : 7
[Gloo] Rank 0 is connected to 7 peer ranks. Expected number of connected peer ranks is : 7[Gloo] Rank 
2 is connected to 7 peer ranks. Expected number of connected peer ranks is : 7
[Gloo] Rank 7 is connected to 7 peer ranks. Expected number of connected peer ranks is : 7
[Gloo] Rank 6 is connected to 7 peer ranks. Expected number of connected peer ranks is : 7
[Gloo] Rank 3 is connected to 7 peer ranks. Expected number of connected peer ranks is : 7
[Gloo] Rank 5[Gloo] Rank  is connected to 74 peer ranks.  is connected to Expected number of connected peer ranks is : 77 peer ranks. 
Expected number of connected peer ranks is : 7
Warning: You are sending unauthenticated requests to the HF Hub. Please set a HF_TOKEN to enable higher rate limits and faster downloads.
Warning: You are sending unauthenticated requests to the HF Hub. Please set a HF_TOKEN to enable higher rate limits and faster downloads.
Fetching 4 files:   0%|          | 0/4 [00:00<?, ?it/s]Fetching 4 files: 100%|██████████| 4/4 [00:00<00:00, 99273.47it/s]
Fetching 4 files:   0%|          | 0/4 [00:00<?, ?it/s]Fetching 4 files: 100%|██████████| 4/4 [00:00<00:00, 53946.03it/s]
Fetching 4 files:   0%|          | 0/4 [00:00<?, ?it/s]Fetching 4 files: 100%|██████████| 4/4 [00:00<00:00, 98112.37it/s]
Fetching 4 files:   0%|          | 0/4 [00:00<?, ?it/s]Fetching 4 files: 100%|██████████| 4/4 [00:00<00:00, 90200.09it/s]
Fetching 4 files:   0%|          | 0/4 [00:00<?, ?it/s]Fetching 4 files: 100%|██████████| 4/4 [00:00<00:00, 96420.78it/s]
Fetching 4 files:   0%|          | 0/4 [00:00<?, ?it/s]Fetching 4 files: 100%|██████████| 4/4 [00:00<00:00, 95869.81it/s]
Fetching 4 files:   0%|          | 0/4 [00:00<?, ?it/s]Fetching 4 files: 100%|██████████| 4/4 [00:00<00:00, 94254.02it/s]
Fetching 4 files:   0%|          | 0/4 [00:00<?, ?it/s]Fetching 4 files: 100%|██████████| 4/4 [00:00<00:00, 58052.65it/s]
logs/a73e41e4-9903-45ee-bcd6-61299abb7ec4.txt
Compiling model and warming up kernels (~7 minutes on first execution)
Sampling steps [0, 1, 478, 479, 480, 481, 958, 959, 960, 961, 1438, 1439, 1440, 1441] for warmup
Resetting Model
step:0/1480 val_loss:10.8259 train_time:0ms step_avg:0.03ms
step:1/1480 train_time:76ms step_avg:75.60ms
step:2/1480 train_time:96ms step_avg:48.18ms
step:3/1480 train_time:118ms step_avg:39.25ms
step:4/1480 train_time:152ms step_avg:38.10ms
step:5/1480 train_time:180ms step_avg:35.93ms
step:6/1480 train_time:214ms step_avg:35.68ms
step:7/1480 train_time:242ms step_avg:34.55ms
step:8/1480 train_time:276ms step_avg:34.55ms
step:9/1480 train_time:304ms step_avg:33.79ms
step:10/1480 train_time:339ms step_avg:33.87ms
step:11/1480 train_time:367ms step_avg:33.36ms
step:12/1480 train_time:401ms step_avg:33.44ms
step:13/1480 train_time:429ms step_avg:33.02ms
step:14/1480 train_time:464ms step_avg:33.14ms
step:15/1480 train_time:492ms step_avg:32.82ms
step:16/1480 train_time:527ms step_avg:32.93ms
step:17/1480 train_time:555ms step_avg:32.67ms
step:18/1480 train_time:590ms step_avg:32.75ms
step:19/1480 train_time:618ms step_avg:32.52ms
step:20/1480 train_time:652ms step_avg:32.61ms
step:21/1480 train_time:680ms step_avg:32.40ms
step:22/1480 train_time:715ms step_avg:32.48ms
step:23/1480 train_time:743ms step_avg:32.30ms
step:24/1480 train_time:778ms step_avg:32.40ms
step:25/1480 train_time:806ms step_avg:32.22ms
step:26/1480 train_time:840ms step_avg:32.32ms
step:27/1480 train_time:868ms step_avg:32.16ms
step:28/1480 train_time:903ms step_avg:32.23ms
step:29/1480 train_time:931ms step_avg:32.09ms
step:30/1480 train_time:965ms step_avg:32.16ms
step:31/1480 train_time:994ms step_avg:32.05ms
step:32/1480 train_time:1028ms step_avg:32.14ms
step:33/1480 train_time:1057ms step_avg:32.03ms
step:34/1480 train_time:1091ms step_avg:32.09ms
step:35/1480 train_time:1119ms step_avg:31.98ms
step:36/1480 train_time:1154ms step_avg:32.04ms
step:37/1480 train_time:1182ms step_avg:31.94ms
step:38/1480 train_time:1217ms step_avg:32.01ms
step:39/1480 train_time:1245ms step_avg:31.91ms
step:40/1480 train_time:1280ms step_avg:31.99ms
step:41/1480 train_time:1308ms step_avg:31.90ms
step:42/1480 train_time:1342ms step_avg:31.96ms
step:43/1480 train_time:1371ms step_avg:31.87ms
step:44/1480 train_time:1405ms step_avg:31.93ms
step:45/1480 train_time:1433ms step_avg:31.85ms
step:46/1480 train_time:1468ms step_avg:31.91ms
step:47/1480 train_time:1496ms step_avg:31.84ms
step:48/1480 train_time:1531ms step_avg:31.89ms
step:49/1480 train_time:1559ms step_avg:31.82ms
step:50/1480 train_time:1593ms step_avg:31.87ms
step:51/1480 train_time:1622ms step_avg:31.80ms
step:52/1480 train_time:1656ms step_avg:31.85ms
step:53/1480 train_time:1685ms step_avg:31.78ms
step:54/1480 train_time:1719ms step_avg:31.83ms
step:55/1480 train_time:1747ms step_avg:31.77ms
step:56/1480 train_time:1782ms step_avg:31.82ms
step:57/1480 train_time:1810ms step_avg:31.76ms
step:58/1480 train_time:1845ms step_avg:31.81ms
step:59/1480 train_time:1873ms step_avg:31.75ms
step:60/1480 train_time:1907ms step_avg:31.79ms
step:61/1480 train_time:1936ms step_avg:31.73ms
step:62/1480 train_time:1970ms step_avg:31.77ms
step:63/1480 train_time:1998ms step_avg:31.71ms
step:64/1480 train_time:2032ms step_avg:31.76ms
step:65/1480 train_time:2061ms step_avg:31.71ms
step:66/1480 train_time:2096ms step_avg:31.75ms
step:67/1480 train_time:2124ms step_avg:31.71ms
step:68/1480 train_time:2159ms step_avg:31.75ms
step:69/1480 train_time:2187ms step_avg:31.70ms
step:70/1480 train_time:2222ms step_avg:31.74ms
step:71/1480 train_time:2250ms step_avg:31.69ms
step:72/1480 train_time:2285ms step_avg:31.73ms
step:73/1480 train_time:2313ms step_avg:31.69ms
step:74/1480 train_time:2348ms step_avg:31.72ms
step:75/1480 train_time:2376ms step_avg:31.68ms
step:76/1480 train_time:2410ms step_avg:31.71ms
step:77/1480 train_time:2438ms step_avg:31.67ms
step:78/1480 train_time:2472ms step_avg:31.70ms
step:79/1480 train_time:2501ms step_avg:31.65ms
step:80/1480 train_time:2535ms step_avg:31.69ms
step:81/1480 train_time:2563ms step_avg:31.65ms
step:82/1480 train_time:2598ms step_avg:31.68ms
step:83/1480 train_time:2626ms step_avg:31.64ms
step:84/1480 train_time:2661ms step_avg:31.68ms
step:85/1480 train_time:2689ms step_avg:31.64ms
step:86/1480 train_time:2724ms step_avg:31.67ms
step:87/1480 train_time:2752ms step_avg:31.63ms
step:88/1480 train_time:2786ms step_avg:31.66ms
step:89/1480 train_time:2815ms step_avg:31.63ms
step:90/1480 train_time:2849ms step_avg:31.66ms
step:91/1480 train_time:2878ms step_avg:31.62ms
step:92/1480 train_time:2912ms step_avg:31.65ms
step:93/1480 train_time:2940ms step_avg:31.61ms
step:94/1480 train_time:2974ms step_avg:31.64ms
step:95/1480 train_time:3002ms step_avg:31.60ms
step:96/1480 train_time:3037ms step_avg:31.63ms
step:97/1480 train_time:3065ms step_avg:31.60ms
step:98/1480 train_time:3100ms step_avg:31.63ms
step:99/1480 train_time:3128ms step_avg:31.59ms
step:100/1480 train_time:3162ms step_avg:31.62ms
step:101/1480 train_time:3190ms step_avg:31.59ms
step:102/1480 train_time:3225ms step_avg:31.62ms
step:103/1480 train_time:3254ms step_avg:31.59ms
step:104/1480 train_time:3288ms step_avg:31.61ms
step:105/1480 train_time:3316ms step_avg:31.58ms
step:106/1480 train_time:3350ms step_avg:31.61ms
step:107/1480 train_time:3379ms step_avg:31.58ms
step:108/1480 train_time:3413ms step_avg:31.60ms
step:109/1480 train_time:3441ms step_avg:31.57ms
step:110/1480 train_time:3475ms step_avg:31.59ms
step:111/1480 train_time:3504ms step_avg:31.56ms
step:112/1480 train_time:3538ms step_avg:31.59ms
step:113/1480 train_time:3566ms step_avg:31.56ms
step:114/1480 train_time:3601ms step_avg:31.59ms
step:115/1480 train_time:3629ms step_avg:31.56ms
step:116/1480 train_time:3663ms step_avg:31.58ms
step:117/1480 train_time:3692ms step_avg:31.56ms
step:118/1480 train_time:3727ms step_avg:31.58ms
step:119/1480 train_time:3755ms step_avg:31.55ms
step:120/1480 train_time:3789ms step_avg:31.58ms
step:121/1480 train_time:3818ms step_avg:31.55ms
step:122/1480 train_time:3852ms step_avg:31.57ms
step:123/1480 train_time:3880ms step_avg:31.54ms
step:124/1480 train_time:3914ms step_avg:31.56ms
step:125/1480 train_time:3942ms step_avg:31.54ms
step:126/1480 train_time:3977ms step_avg:31.56ms
step:127/1480 train_time:4005ms step_avg:31.53ms
step:128/1480 train_time:4039ms step_avg:31.56ms
step:129/1480 train_time:4068ms step_avg:31.53ms
step:130/1480 train_time:4102ms step_avg:31.55ms
step:131/1480 train_time:4130ms step_avg:31.53ms
step:132/1480 train_time:4165ms step_avg:31.55ms
step:133/1480 train_time:4193ms step_avg:31.53ms
step:134/1480 train_time:4227ms step_avg:31.55ms
step:135/1480 train_time:4256ms step_avg:31.53ms
step:136/1480 train_time:4290ms step_avg:31.54ms
step:137/1480 train_time:4319ms step_avg:31.52ms
step:138/1480 train_time:4353ms step_avg:31.54ms
step:139/1480 train_time:4381ms step_avg:31.52ms
step:140/1480 train_time:4415ms step_avg:31.54ms
step:141/1480 train_time:4443ms step_avg:31.51ms
step:142/1480 train_time:4478ms step_avg:31.53ms
step:143/1480 train_time:4506ms step_avg:31.51ms
step:144/1480 train_time:4540ms step_avg:31.53ms
step:145/1480 train_time:4569ms step_avg:31.51ms
step:146/1480 train_time:4603ms step_avg:31.53ms
step:147/1480 train_time:4632ms step_avg:31.51ms
step:148/1480 train_time:4666ms step_avg:31.53ms
step:149/1480 train_time:4695ms step_avg:31.51ms
step:150/1480 train_time:4729ms step_avg:31.53ms
step:151/1480 train_time:4758ms step_avg:31.51ms
step:152/1480 train_time:4792ms step_avg:31.52ms
step:153/1480 train_time:4820ms step_avg:31.50ms
step:154/1480 train_time:4854ms step_avg:31.52ms
step:155/1480 train_time:4882ms step_avg:31.50ms
step:156/1480 train_time:4917ms step_avg:31.52ms
step:157/1480 train_time:4945ms step_avg:31.50ms
step:158/1480 train_time:4980ms step_avg:31.52ms
step:159/1480 train_time:5008ms step_avg:31.50ms
step:160/1480 train_time:5042ms step_avg:31.51ms
step:161/1480 train_time:5070ms step_avg:31.49ms
step:162/1480 train_time:5105ms step_avg:31.51ms
step:163/1480 train_time:5133ms step_avg:31.49ms
step:164/1480 train_time:5168ms step_avg:31.51ms
step:165/1480 train_time:5196ms step_avg:31.49ms
step:166/1480 train_time:5230ms step_avg:31.51ms
step:167/1480 train_time:5258ms step_avg:31.49ms
step:168/1480 train_time:5292ms step_avg:31.50ms
step:169/1480 train_time:5321ms step_avg:31.48ms
step:170/1480 train_time:5355ms step_avg:31.50ms
step:171/1480 train_time:5383ms step_avg:31.48ms
step:172/1480 train_time:5418ms step_avg:31.50ms
step:173/1480 train_time:5446ms step_avg:31.48ms
step:174/1480 train_time:5480ms step_avg:31.50ms
step:175/1480 train_time:5508ms step_avg:31.48ms
step:176/1480 train_time:5543ms step_avg:31.49ms
step:177/1480 train_time:5571ms step_avg:31.48ms
step:178/1480 train_time:5606ms step_avg:31.49ms
step:179/1480 train_time:5634ms step_avg:31.48ms
step:180/1480 train_time:5669ms step_avg:31.49ms
step:181/1480 train_time:5697ms step_avg:31.47ms
step:182/1480 train_time:5731ms step_avg:31.49ms
step:183/1480 train_time:5759ms step_avg:31.47ms
step:184/1480 train_time:5793ms step_avg:31.49ms
step:185/1480 train_time:5822ms step_avg:31.47ms
step:186/1480 train_time:5857ms step_avg:31.49ms
step:187/1480 train_time:5884ms step_avg:31.47ms
step:188/1480 train_time:5919ms step_avg:31.48ms
step:189/1480 train_time:5947ms step_avg:31.46ms
step:190/1480 train_time:5982ms step_avg:31.48ms
step:191/1480 train_time:6010ms step_avg:31.46ms
step:192/1480 train_time:6044ms step_avg:31.48ms
step:193/1480 train_time:6073ms step_avg:31.46ms
step:194/1480 train_time:6107ms step_avg:31.48ms
step:195/1480 train_time:6135ms step_avg:31.46ms
step:196/1480 train_time:6169ms step_avg:31.48ms
step:197/1480 train_time:6198ms step_avg:31.46ms
step:198/1480 train_time:6232ms step_avg:31.47ms
step:199/1480 train_time:6260ms step_avg:31.46ms
step:200/1480 train_time:6294ms step_avg:31.47ms
step:201/1480 train_time:6322ms step_avg:31.45ms
step:202/1480 train_time:6357ms step_avg:31.47ms
step:203/1480 train_time:6385ms step_avg:31.45ms
step:204/1480 train_time:6420ms step_avg:31.47ms
step:205/1480 train_time:6448ms step_avg:31.45ms
step:206/1480 train_time:6482ms step_avg:31.47ms
step:207/1480 train_time:6511ms step_avg:31.45ms
step:208/1480 train_time:6545ms step_avg:31.46ms
step:209/1480 train_time:6573ms step_avg:31.45ms
step:210/1480 train_time:6607ms step_avg:31.46ms
step:211/1480 train_time:6636ms step_avg:31.45ms
step:212/1480 train_time:6670ms step_avg:31.46ms
step:213/1480 train_time:6698ms step_avg:31.45ms
step:214/1480 train_time:6732ms step_avg:31.46ms
step:215/1480 train_time:6761ms step_avg:31.44ms
step:216/1480 train_time:6795ms step_avg:31.46ms
step:217/1480 train_time:6823ms step_avg:31.44ms
step:218/1480 train_time:6858ms step_avg:31.46ms
step:219/1480 train_time:6886ms step_avg:31.44ms
step:220/1480 train_time:6921ms step_avg:31.46ms
step:221/1480 train_time:6949ms step_avg:31.44ms
step:222/1480 train_time:6983ms step_avg:31.46ms
step:223/1480 train_time:7011ms step_avg:31.44ms
step:224/1480 train_time:7045ms step_avg:31.45ms
step:225/1480 train_time:7074ms step_avg:31.44ms
step:226/1480 train_time:7108ms step_avg:31.45ms
step:227/1480 train_time:7136ms step_avg:31.44ms
step:228/1480 train_time:7170ms step_avg:31.45ms
step:229/1480 train_time:7198ms step_avg:31.43ms
step:230/1480 train_time:7232ms step_avg:31.45ms
step:231/1480 train_time:7261ms step_avg:31.43ms
step:232/1480 train_time:7296ms step_avg:31.45ms
step:233/1480 train_time:7324ms step_avg:31.43ms
step:234/1480 train_time:7358ms step_avg:31.44ms
step:235/1480 train_time:7386ms step_avg:31.43ms
step:236/1480 train_time:7420ms step_avg:31.44ms
step:237/1480 train_time:7448ms step_avg:31.43ms
step:238/1480 train_time:7483ms step_avg:31.44ms
step:239/1480 train_time:7511ms step_avg:31.43ms
step:240/1480 train_time:7545ms step_avg:31.44ms
step:241/1480 train_time:7574ms step_avg:31.43ms
step:242/1480 train_time:7608ms step_avg:31.44ms
step:243/1480 train_time:7636ms step_avg:31.43ms
step:244/1480 train_time:7670ms step_avg:31.44ms
step:245/1480 train_time:7699ms step_avg:31.42ms
step:246/1480 train_time:7733ms step_avg:31.43ms
step:247/1480 train_time:7761ms step_avg:31.42ms
step:248/1480 train_time:7795ms step_avg:31.43ms
step:249/1480 train_time:7823ms step_avg:31.42ms
step:250/1480 train_time:7858ms step_avg:31.43ms
step:250/1480 val_loss:4.5084 train_time:7896ms step_avg:31.59ms
step:251/1480 train_time:7911ms step_avg:31.52ms
step:252/1480 train_time:7927ms step_avg:31.46ms
step:253/1480 train_time:7950ms step_avg:31.42ms
step:254/1480 train_time:7986ms step_avg:31.44ms
step:255/1480 train_time:8015ms step_avg:31.43ms
step:256/1480 train_time:8050ms step_avg:31.44ms
step:257/1480 train_time:8078ms step_avg:31.43ms
step:258/1480 train_time:8113ms step_avg:31.44ms
step:259/1480 train_time:8141ms step_avg:31.43ms
step:260/1480 train_time:8175ms step_avg:31.44ms
step:261/1480 train_time:8204ms step_avg:31.43ms
step:262/1480 train_time:8238ms step_avg:31.44ms
step:263/1480 train_time:8266ms step_avg:31.43ms
step:264/1480 train_time:8301ms step_avg:31.44ms
step:265/1480 train_time:8329ms step_avg:31.43ms
step:266/1480 train_time:8363ms step_avg:31.44ms
step:267/1480 train_time:8391ms step_avg:31.43ms
step:268/1480 train_time:8425ms step_avg:31.44ms
step:269/1480 train_time:8454ms step_avg:31.43ms
step:270/1480 train_time:8488ms step_avg:31.44ms
step:271/1480 train_time:8516ms step_avg:31.43ms
step:272/1480 train_time:8550ms step_avg:31.43ms
step:273/1480 train_time:8578ms step_avg:31.42ms
step:274/1480 train_time:8612ms step_avg:31.43ms
step:275/1480 train_time:8640ms step_avg:31.42ms
step:276/1480 train_time:8674ms step_avg:31.43ms
step:277/1480 train_time:8703ms step_avg:31.42ms
step:278/1480 train_time:8737ms step_avg:31.43ms
step:279/1480 train_time:8765ms step_avg:31.42ms
step:280/1480 train_time:8800ms step_avg:31.43ms
step:281/1480 train_time:8828ms step_avg:31.42ms
step:282/1480 train_time:8863ms step_avg:31.43ms
step:283/1480 train_time:8891ms step_avg:31.42ms
step:284/1480 train_time:8926ms step_avg:31.43ms
step:285/1480 train_time:8954ms step_avg:31.42ms
step:286/1480 train_time:8989ms step_avg:31.43ms
step:287/1480 train_time:9017ms step_avg:31.42ms
step:288/1480 train_time:9052ms step_avg:31.43ms
step:289/1480 train_time:9080ms step_avg:31.42ms
step:290/1480 train_time:9114ms step_avg:31.43ms
step:291/1480 train_time:9143ms step_avg:31.42ms
step:292/1480 train_time:9178ms step_avg:31.43ms
step:293/1480 train_time:9206ms step_avg:31.42ms
step:294/1480 train_time:9240ms step_avg:31.43ms
step:295/1480 train_time:9268ms step_avg:31.42ms
step:296/1480 train_time:9303ms step_avg:31.43ms
step:297/1480 train_time:9331ms step_avg:31.42ms
step:298/1480 train_time:9366ms step_avg:31.43ms
step:299/1480 train_time:9394ms step_avg:31.42ms
step:300/1480 train_time:9428ms step_avg:31.43ms
step:301/1480 train_time:9456ms step_avg:31.42ms
step:302/1480 train_time:9491ms step_avg:31.43ms
step:303/1480 train_time:9519ms step_avg:31.42ms
step:304/1480 train_time:9553ms step_avg:31.42ms
step:305/1480 train_time:9581ms step_avg:31.41ms
step:306/1480 train_time:9615ms step_avg:31.42ms
step:307/1480 train_time:9644ms step_avg:31.41ms
step:308/1480 train_time:9678ms step_avg:31.42ms
step:309/1480 train_time:9706ms step_avg:31.41ms
step:310/1480 train_time:9740ms step_avg:31.42ms
step:311/1480 train_time:9769ms step_avg:31.41ms
step:312/1480 train_time:9803ms step_avg:31.42ms
step:313/1480 train_time:9831ms step_avg:31.41ms
step:314/1480 train_time:9866ms step_avg:31.42ms
step:315/1480 train_time:9894ms step_avg:31.41ms
step:316/1480 train_time:9928ms step_avg:31.42ms
step:317/1480 train_time:9956ms step_avg:31.41ms
step:318/1480 train_time:9990ms step_avg:31.42ms
step:319/1480 train_time:10019ms step_avg:31.41ms
step:320/1480 train_time:10053ms step_avg:31.41ms
step:321/1480 train_time:10081ms step_avg:31.41ms
step:322/1480 train_time:10115ms step_avg:31.41ms
step:323/1480 train_time:10144ms step_avg:31.41ms
step:324/1480 train_time:10178ms step_avg:31.41ms
step:325/1480 train_time:10207ms step_avg:31.41ms
step:326/1480 train_time:10242ms step_avg:31.42ms
step:327/1480 train_time:10270ms step_avg:31.41ms
step:328/1480 train_time:10305ms step_avg:31.42ms
step:329/1480 train_time:10333ms step_avg:31.41ms
step:330/1480 train_time:10367ms step_avg:31.42ms
step:331/1480 train_time:10396ms step_avg:31.41ms
step:332/1480 train_time:10430ms step_avg:31.41ms
step:333/1480 train_time:10458ms step_avg:31.41ms
step:334/1480 train_time:10493ms step_avg:31.42ms
step:335/1480 train_time:10521ms step_avg:31.41ms
step:336/1480 train_time:10556ms step_avg:31.42ms
step:337/1480 train_time:10584ms step_avg:31.41ms
step:338/1480 train_time:10618ms step_avg:31.42ms
step:339/1480 train_time:10646ms step_avg:31.41ms
step:340/1480 train_time:10681ms step_avg:31.41ms
step:341/1480 train_time:10709ms step_avg:31.40ms
step:342/1480 train_time:10743ms step_avg:31.41ms
step:343/1480 train_time:10771ms step_avg:31.40ms
step:344/1480 train_time:10806ms step_avg:31.41ms
step:345/1480 train_time:10834ms step_avg:31.40ms
step:346/1480 train_time:10868ms step_avg:31.41ms
step:347/1480 train_time:10897ms step_avg:31.40ms
step:348/1480 train_time:10931ms step_avg:31.41ms
step:349/1480 train_time:10960ms step_avg:31.40ms
step:350/1480 train_time:10994ms step_avg:31.41ms
step:351/1480 train_time:11022ms step_avg:31.40ms
step:352/1480 train_time:11056ms step_avg:31.41ms
step:353/1480 train_time:11084ms step_avg:31.40ms
step:354/1480 train_time:11119ms step_avg:31.41ms
step:355/1480 train_time:11147ms step_avg:31.40ms
step:356/1480 train_time:11181ms step_avg:31.41ms
step:357/1480 train_time:11210ms step_avg:31.40ms
step:358/1480 train_time:11245ms step_avg:31.41ms
step:359/1480 train_time:11273ms step_avg:31.40ms
step:360/1480 train_time:11307ms step_avg:31.41ms
step:361/1480 train_time:11336ms step_avg:31.40ms
step:362/1480 train_time:11370ms step_avg:31.41ms
step:363/1480 train_time:11399ms step_avg:31.40ms
step:364/1480 train_time:11433ms step_avg:31.41ms
step:365/1480 train_time:11461ms step_avg:31.40ms
step:366/1480 train_time:11496ms step_avg:31.41ms
step:367/1480 train_time:11524ms step_avg:31.40ms
step:368/1480 train_time:11559ms step_avg:31.41ms
step:369/1480 train_time:11587ms step_avg:31.40ms
step:370/1480 train_time:11621ms step_avg:31.41ms
step:371/1480 train_time:11649ms step_avg:31.40ms
step:372/1480 train_time:11683ms step_avg:31.41ms
step:373/1480 train_time:11712ms step_avg:31.40ms
step:374/1480 train_time:11746ms step_avg:31.41ms
step:375/1480 train_time:11775ms step_avg:31.40ms
step:376/1480 train_time:11809ms step_avg:31.41ms
step:377/1480 train_time:11837ms step_avg:31.40ms
step:378/1480 train_time:11871ms step_avg:31.41ms
step:379/1480 train_time:11900ms step_avg:31.40ms
step:380/1480 train_time:11934ms step_avg:31.41ms
step:381/1480 train_time:11963ms step_avg:31.40ms
step:382/1480 train_time:11997ms step_avg:31.41ms
step:383/1480 train_time:12025ms step_avg:31.40ms
step:384/1480 train_time:12060ms step_avg:31.41ms
step:385/1480 train_time:12088ms step_avg:31.40ms
step:386/1480 train_time:12122ms step_avg:31.40ms
step:387/1480 train_time:12150ms step_avg:31.40ms
step:388/1480 train_time:12185ms step_avg:31.40ms
step:389/1480 train_time:12213ms step_avg:31.40ms
step:390/1480 train_time:12248ms step_avg:31.40ms
step:391/1480 train_time:12276ms step_avg:31.40ms
step:392/1480 train_time:12310ms step_avg:31.40ms
step:393/1480 train_time:12339ms step_avg:31.40ms
step:394/1480 train_time:12373ms step_avg:31.40ms
step:395/1480 train_time:12401ms step_avg:31.40ms
step:396/1480 train_time:12436ms step_avg:31.40ms
step:397/1480 train_time:12464ms step_avg:31.40ms
step:398/1480 train_time:12498ms step_avg:31.40ms
step:399/1480 train_time:12527ms step_avg:31.39ms
step:400/1480 train_time:12561ms step_avg:31.40ms
step:401/1480 train_time:12589ms step_avg:31.39ms
step:402/1480 train_time:12624ms step_avg:31.40ms
step:403/1480 train_time:12652ms step_avg:31.39ms
step:404/1480 train_time:12686ms step_avg:31.40ms
step:405/1480 train_time:12715ms step_avg:31.39ms
step:406/1480 train_time:12749ms step_avg:31.40ms
step:407/1480 train_time:12777ms step_avg:31.39ms
step:408/1480 train_time:12811ms step_avg:31.40ms
step:409/1480 train_time:12840ms step_avg:31.39ms
step:410/1480 train_time:12874ms step_avg:31.40ms
step:411/1480 train_time:12902ms step_avg:31.39ms
step:412/1480 train_time:12937ms step_avg:31.40ms
step:413/1480 train_time:12965ms step_avg:31.39ms
step:414/1480 train_time:12999ms step_avg:31.40ms
step:415/1480 train_time:13027ms step_avg:31.39ms
step:416/1480 train_time:13062ms step_avg:31.40ms
step:417/1480 train_time:13090ms step_avg:31.39ms
step:418/1480 train_time:13124ms step_avg:31.40ms
step:419/1480 train_time:13152ms step_avg:31.39ms
step:420/1480 train_time:13187ms step_avg:31.40ms
step:421/1480 train_time:13215ms step_avg:31.39ms
step:422/1480 train_time:13249ms step_avg:31.40ms
step:423/1480 train_time:13277ms step_avg:31.39ms
step:424/1480 train_time:13311ms step_avg:31.40ms
step:425/1480 train_time:13340ms step_avg:31.39ms
step:426/1480 train_time:13374ms step_avg:31.39ms
step:427/1480 train_time:13402ms step_avg:31.39ms
step:428/1480 train_time:13437ms step_avg:31.39ms
step:429/1480 train_time:13465ms step_avg:31.39ms
step:430/1480 train_time:13500ms step_avg:31.39ms
step:431/1480 train_time:13528ms step_avg:31.39ms
step:432/1480 train_time:13562ms step_avg:31.39ms
step:433/1480 train_time:13590ms step_avg:31.39ms
step:434/1480 train_time:13625ms step_avg:31.39ms
step:435/1480 train_time:13653ms step_avg:31.39ms
step:436/1480 train_time:13688ms step_avg:31.39ms
step:437/1480 train_time:13716ms step_avg:31.39ms
step:438/1480 train_time:13750ms step_avg:31.39ms
step:439/1480 train_time:13778ms step_avg:31.39ms
step:440/1480 train_time:13813ms step_avg:31.39ms
step:441/1480 train_time:13841ms step_avg:31.39ms
step:442/1480 train_time:13875ms step_avg:31.39ms
step:443/1480 train_time:13904ms step_avg:31.39ms
step:444/1480 train_time:13938ms step_avg:31.39ms
step:445/1480 train_time:13966ms step_avg:31.38ms
step:446/1480 train_time:14000ms step_avg:31.39ms
step:447/1480 train_time:14029ms step_avg:31.38ms
step:448/1480 train_time:14063ms step_avg:31.39ms
step:449/1480 train_time:14091ms step_avg:31.38ms
step:450/1480 train_time:14126ms step_avg:31.39ms
step:451/1480 train_time:14154ms step_avg:31.38ms
step:452/1480 train_time:14188ms step_avg:31.39ms
step:453/1480 train_time:14216ms step_avg:31.38ms
step:454/1480 train_time:14250ms step_avg:31.39ms
step:455/1480 train_time:14279ms step_avg:31.38ms
step:456/1480 train_time:14313ms step_avg:31.39ms
step:457/1480 train_time:14341ms step_avg:31.38ms
step:458/1480 train_time:14376ms step_avg:31.39ms
step:459/1480 train_time:14404ms step_avg:31.38ms
step:460/1480 train_time:14438ms step_avg:31.39ms
step:461/1480 train_time:14466ms step_avg:31.38ms
step:462/1480 train_time:14501ms step_avg:31.39ms
step:463/1480 train_time:14529ms step_avg:31.38ms
step:464/1480 train_time:14564ms step_avg:31.39ms
step:465/1480 train_time:14592ms step_avg:31.38ms
step:466/1480 train_time:14627ms step_avg:31.39ms
step:467/1480 train_time:14654ms step_avg:31.38ms
step:468/1480 train_time:14689ms step_avg:31.39ms
step:469/1480 train_time:14717ms step_avg:31.38ms
step:470/1480 train_time:14751ms step_avg:31.38ms
step:471/1480 train_time:14779ms step_avg:31.38ms
step:472/1480 train_time:14813ms step_avg:31.38ms
step:473/1480 train_time:14842ms step_avg:31.38ms
step:474/1480 train_time:14876ms step_avg:31.38ms
step:475/1480 train_time:14904ms step_avg:31.38ms
step:476/1480 train_time:14939ms step_avg:31.38ms
step:477/1480 train_time:14967ms step_avg:31.38ms
step:478/1480 train_time:15002ms step_avg:31.38ms
step:479/1480 train_time:15030ms step_avg:31.38ms
step:480/1480 train_time:15064ms step_avg:31.38ms
step:481/1480 train_time:15094ms step_avg:31.38ms
step:482/1480 train_time:15156ms step_avg:31.44ms
step:483/1480 train_time:15210ms step_avg:31.49ms
step:484/1480 train_time:15269ms step_avg:31.55ms
step:485/1480 train_time:15323ms step_avg:31.59ms
step:486/1480 train_time:15383ms step_avg:31.65ms
step:487/1480 train_time:15437ms step_avg:31.70ms
step:488/1480 train_time:15497ms step_avg:31.76ms
step:489/1480 train_time:15551ms step_avg:31.80ms
step:490/1480 train_time:15611ms step_avg:31.86ms
step:491/1480 train_time:15665ms step_avg:31.91ms
step:492/1480 train_time:15725ms step_avg:31.96ms
step:493/1480 train_time:15779ms step_avg:32.01ms
step:494/1480 train_time:15838ms step_avg:32.06ms
step:495/1480 train_time:15893ms step_avg:32.11ms
step:496/1480 train_time:15953ms step_avg:32.16ms
step:497/1480 train_time:16007ms step_avg:32.21ms
step:498/1480 train_time:16066ms step_avg:32.26ms
step:499/1480 train_time:16121ms step_avg:32.31ms
step:500/1480 train_time:16180ms step_avg:32.36ms
step:500/1480 val_loss:4.2086 train_time:16244ms step_avg:32.49ms
step:501/1480 train_time:16260ms step_avg:32.45ms
step:502/1480 train_time:16296ms step_avg:32.46ms
step:503/1480 train_time:16354ms step_avg:32.51ms
step:504/1480 train_time:16415ms step_avg:32.57ms
step:505/1480 train_time:16469ms step_avg:32.61ms
step:506/1480 train_time:16529ms step_avg:32.67ms
step:507/1480 train_time:16582ms step_avg:32.71ms
step:508/1480 train_time:16641ms step_avg:32.76ms
step:509/1480 train_time:16695ms step_avg:32.80ms
step:510/1480 train_time:16754ms step_avg:32.85ms
step:511/1480 train_time:16807ms step_avg:32.89ms
step:512/1480 train_time:16866ms step_avg:32.94ms
step:513/1480 train_time:16920ms step_avg:32.98ms
step:514/1480 train_time:16979ms step_avg:33.03ms
step:515/1480 train_time:17033ms step_avg:33.07ms
step:516/1480 train_time:17091ms step_avg:33.12ms
step:517/1480 train_time:17145ms step_avg:33.16ms
step:518/1480 train_time:17205ms step_avg:33.21ms
step:519/1480 train_time:17260ms step_avg:33.26ms
step:520/1480 train_time:17321ms step_avg:33.31ms
step:521/1480 train_time:17377ms step_avg:33.35ms
step:522/1480 train_time:17437ms step_avg:33.41ms
step:523/1480 train_time:17493ms step_avg:33.45ms
step:524/1480 train_time:17553ms step_avg:33.50ms
step:525/1480 train_time:17607ms step_avg:33.54ms
step:526/1480 train_time:17666ms step_avg:33.59ms
step:527/1480 train_time:17720ms step_avg:33.63ms
step:528/1480 train_time:17780ms step_avg:33.67ms
step:529/1480 train_time:17833ms step_avg:33.71ms
step:530/1480 train_time:17892ms step_avg:33.76ms
step:531/1480 train_time:17945ms step_avg:33.79ms
step:532/1480 train_time:18004ms step_avg:33.84ms
step:533/1480 train_time:18058ms step_avg:33.88ms
step:534/1480 train_time:18118ms step_avg:33.93ms
step:535/1480 train_time:18172ms step_avg:33.97ms
step:536/1480 train_time:18231ms step_avg:34.01ms
step:537/1480 train_time:18285ms step_avg:34.05ms
step:538/1480 train_time:18345ms step_avg:34.10ms
step:539/1480 train_time:18399ms step_avg:34.14ms
step:540/1480 train_time:18460ms step_avg:34.19ms
step:541/1480 train_time:18514ms step_avg:34.22ms
step:542/1480 train_time:18574ms step_avg:34.27ms
step:543/1480 train_time:18629ms step_avg:34.31ms
step:544/1480 train_time:18687ms step_avg:34.35ms
step:545/1480 train_time:18742ms step_avg:34.39ms
step:546/1480 train_time:18801ms step_avg:34.43ms
step:547/1480 train_time:18855ms step_avg:34.47ms
step:548/1480 train_time:18914ms step_avg:34.52ms
step:549/1480 train_time:18968ms step_avg:34.55ms
step:550/1480 train_time:19028ms step_avg:34.60ms
step:551/1480 train_time:19082ms step_avg:34.63ms
step:552/1480 train_time:19141ms step_avg:34.68ms
step:553/1480 train_time:19196ms step_avg:34.71ms
step:554/1480 train_time:19256ms step_avg:34.76ms
step:555/1480 train_time:19310ms step_avg:34.79ms
step:556/1480 train_time:19370ms step_avg:34.84ms
step:557/1480 train_time:19424ms step_avg:34.87ms
step:558/1480 train_time:19484ms step_avg:34.92ms
step:559/1480 train_time:19538ms step_avg:34.95ms
step:560/1480 train_time:19600ms step_avg:35.00ms
step:561/1480 train_time:19653ms step_avg:35.03ms
step:562/1480 train_time:19713ms step_avg:35.08ms
step:563/1480 train_time:19766ms step_avg:35.11ms
step:564/1480 train_time:19826ms step_avg:35.15ms
step:565/1480 train_time:19881ms step_avg:35.19ms
step:566/1480 train_time:19941ms step_avg:35.23ms
step:567/1480 train_time:19994ms step_avg:35.26ms
step:568/1480 train_time:20054ms step_avg:35.31ms
step:569/1480 train_time:20107ms step_avg:35.34ms
step:570/1480 train_time:20167ms step_avg:35.38ms
step:571/1480 train_time:20222ms step_avg:35.41ms
step:572/1480 train_time:20282ms step_avg:35.46ms
step:573/1480 train_time:20336ms step_avg:35.49ms
step:574/1480 train_time:20396ms step_avg:35.53ms
step:575/1480 train_time:20451ms step_avg:35.57ms
step:576/1480 train_time:20510ms step_avg:35.61ms
step:577/1480 train_time:20564ms step_avg:35.64ms
step:578/1480 train_time:20625ms step_avg:35.68ms
step:579/1480 train_time:20679ms step_avg:35.72ms
step:580/1480 train_time:20740ms step_avg:35.76ms
step:581/1480 train_time:20794ms step_avg:35.79ms
step:582/1480 train_time:20853ms step_avg:35.83ms
step:583/1480 train_time:20907ms step_avg:35.86ms
step:584/1480 train_time:20967ms step_avg:35.90ms
step:585/1480 train_time:21022ms step_avg:35.93ms
step:586/1480 train_time:21081ms step_avg:35.97ms
step:587/1480 train_time:21135ms step_avg:36.01ms
step:588/1480 train_time:21195ms step_avg:36.05ms
step:589/1480 train_time:21249ms step_avg:36.08ms
step:590/1480 train_time:21310ms step_avg:36.12ms
step:591/1480 train_time:21364ms step_avg:36.15ms
step:592/1480 train_time:21424ms step_avg:36.19ms
step:593/1480 train_time:21477ms step_avg:36.22ms
step:594/1480 train_time:21537ms step_avg:36.26ms
step:595/1480 train_time:21592ms step_avg:36.29ms
step:596/1480 train_time:21651ms step_avg:36.33ms
step:597/1480 train_time:21705ms step_avg:36.36ms
step:598/1480 train_time:21764ms step_avg:36.39ms
step:599/1480 train_time:21818ms step_avg:36.42ms
step:600/1480 train_time:21877ms step_avg:36.46ms
step:601/1480 train_time:21931ms step_avg:36.49ms
step:602/1480 train_time:21990ms step_avg:36.53ms
step:603/1480 train_time:22044ms step_avg:36.56ms
step:604/1480 train_time:22104ms step_avg:36.60ms
step:605/1480 train_time:22158ms step_avg:36.62ms
step:606/1480 train_time:22218ms step_avg:36.66ms
step:607/1480 train_time:22272ms step_avg:36.69ms
step:608/1480 train_time:22332ms step_avg:36.73ms
step:609/1480 train_time:22386ms step_avg:36.76ms
step:610/1480 train_time:22445ms step_avg:36.80ms
step:611/1480 train_time:22499ms step_avg:36.82ms
step:612/1480 train_time:22560ms step_avg:36.86ms
step:613/1480 train_time:22614ms step_avg:36.89ms
step:614/1480 train_time:22674ms step_avg:36.93ms
step:615/1480 train_time:22728ms step_avg:36.96ms
step:616/1480 train_time:22787ms step_avg:36.99ms
step:617/1480 train_time:22841ms step_avg:37.02ms
step:618/1480 train_time:22900ms step_avg:37.06ms
step:619/1480 train_time:22955ms step_avg:37.08ms
step:620/1480 train_time:23014ms step_avg:37.12ms
step:621/1480 train_time:23069ms step_avg:37.15ms
step:622/1480 train_time:23128ms step_avg:37.18ms
step:623/1480 train_time:23182ms step_avg:37.21ms
step:624/1480 train_time:23242ms step_avg:37.25ms
step:625/1480 train_time:23296ms step_avg:37.27ms
step:626/1480 train_time:23356ms step_avg:37.31ms
step:627/1480 train_time:23410ms step_avg:37.34ms
step:628/1480 train_time:23469ms step_avg:37.37ms
step:629/1480 train_time:23524ms step_avg:37.40ms
step:630/1480 train_time:23584ms step_avg:37.43ms
step:631/1480 train_time:23638ms step_avg:37.46ms
step:632/1480 train_time:23699ms step_avg:37.50ms
step:633/1480 train_time:23753ms step_avg:37.53ms
step:634/1480 train_time:23812ms step_avg:37.56ms
step:635/1480 train_time:23866ms step_avg:37.58ms
step:636/1480 train_time:23926ms step_avg:37.62ms
step:637/1480 train_time:23980ms step_avg:37.64ms
step:638/1480 train_time:24039ms step_avg:37.68ms
step:639/1480 train_time:24092ms step_avg:37.70ms
step:640/1480 train_time:24152ms step_avg:37.74ms
step:641/1480 train_time:24206ms step_avg:37.76ms
step:642/1480 train_time:24266ms step_avg:37.80ms
step:643/1480 train_time:24320ms step_avg:37.82ms
step:644/1480 train_time:24380ms step_avg:37.86ms
step:645/1480 train_time:24435ms step_avg:37.88ms
step:646/1480 train_time:24494ms step_avg:37.92ms
step:647/1480 train_time:24548ms step_avg:37.94ms
step:648/1480 train_time:24608ms step_avg:37.97ms
step:649/1480 train_time:24662ms step_avg:38.00ms
step:650/1480 train_time:24723ms step_avg:38.04ms
step:651/1480 train_time:24777ms step_avg:38.06ms
step:652/1480 train_time:24836ms step_avg:38.09ms
step:653/1480 train_time:24891ms step_avg:38.12ms
step:654/1480 train_time:24950ms step_avg:38.15ms
step:655/1480 train_time:25003ms step_avg:38.17ms
step:656/1480 train_time:25064ms step_avg:38.21ms
step:657/1480 train_time:25118ms step_avg:38.23ms
step:658/1480 train_time:25179ms step_avg:38.27ms
step:659/1480 train_time:25232ms step_avg:38.29ms
step:660/1480 train_time:25291ms step_avg:38.32ms
step:661/1480 train_time:25345ms step_avg:38.34ms
step:662/1480 train_time:25405ms step_avg:38.38ms
step:663/1480 train_time:25458ms step_avg:38.40ms
step:664/1480 train_time:25519ms step_avg:38.43ms
step:665/1480 train_time:25573ms step_avg:38.45ms
step:666/1480 train_time:25632ms step_avg:38.49ms
step:667/1480 train_time:25686ms step_avg:38.51ms
step:668/1480 train_time:25746ms step_avg:38.54ms
step:669/1480 train_time:25800ms step_avg:38.56ms
step:670/1480 train_time:25860ms step_avg:38.60ms
step:671/1480 train_time:25914ms step_avg:38.62ms
step:672/1480 train_time:25974ms step_avg:38.65ms
step:673/1480 train_time:26028ms step_avg:38.67ms
step:674/1480 train_time:26087ms step_avg:38.70ms
step:675/1480 train_time:26142ms step_avg:38.73ms
step:676/1480 train_time:26202ms step_avg:38.76ms
step:677/1480 train_time:26257ms step_avg:38.78ms
step:678/1480 train_time:26316ms step_avg:38.81ms
step:679/1480 train_time:26370ms step_avg:38.84ms
step:680/1480 train_time:26430ms step_avg:38.87ms
step:681/1480 train_time:26484ms step_avg:38.89ms
step:682/1480 train_time:26543ms step_avg:38.92ms
step:683/1480 train_time:26598ms step_avg:38.94ms
step:684/1480 train_time:26658ms step_avg:38.97ms
step:685/1480 train_time:26712ms step_avg:39.00ms
step:686/1480 train_time:26771ms step_avg:39.02ms
step:687/1480 train_time:26825ms step_avg:39.05ms
step:688/1480 train_time:26885ms step_avg:39.08ms
step:689/1480 train_time:26939ms step_avg:39.10ms
step:690/1480 train_time:26999ms step_avg:39.13ms
step:691/1480 train_time:27054ms step_avg:39.15ms
step:692/1480 train_time:27113ms step_avg:39.18ms
step:693/1480 train_time:27168ms step_avg:39.20ms
step:694/1480 train_time:27227ms step_avg:39.23ms
step:695/1480 train_time:27281ms step_avg:39.25ms
step:696/1480 train_time:27341ms step_avg:39.28ms
step:697/1480 train_time:27395ms step_avg:39.30ms
step:698/1480 train_time:27455ms step_avg:39.33ms
step:699/1480 train_time:27509ms step_avg:39.35ms
step:700/1480 train_time:27568ms step_avg:39.38ms
step:701/1480 train_time:27623ms step_avg:39.41ms
step:702/1480 train_time:27682ms step_avg:39.43ms
step:703/1480 train_time:27736ms step_avg:39.45ms
step:704/1480 train_time:27797ms step_avg:39.48ms
step:705/1480 train_time:27850ms step_avg:39.50ms
step:706/1480 train_time:27909ms step_avg:39.53ms
step:707/1480 train_time:27963ms step_avg:39.55ms
step:708/1480 train_time:28023ms step_avg:39.58ms
step:709/1480 train_time:28077ms step_avg:39.60ms
step:710/1480 train_time:28137ms step_avg:39.63ms
step:711/1480 train_time:28192ms step_avg:39.65ms
step:712/1480 train_time:28251ms step_avg:39.68ms
step:713/1480 train_time:28305ms step_avg:39.70ms
step:714/1480 train_time:28364ms step_avg:39.73ms
step:715/1480 train_time:28419ms step_avg:39.75ms
step:716/1480 train_time:28479ms step_avg:39.78ms
step:717/1480 train_time:28534ms step_avg:39.80ms
step:718/1480 train_time:28593ms step_avg:39.82ms
step:719/1480 train_time:28647ms step_avg:39.84ms
step:720/1480 train_time:28707ms step_avg:39.87ms
step:721/1480 train_time:28761ms step_avg:39.89ms
step:722/1480 train_time:28821ms step_avg:39.92ms
step:723/1480 train_time:28875ms step_avg:39.94ms
step:724/1480 train_time:28935ms step_avg:39.97ms
step:725/1480 train_time:28989ms step_avg:39.98ms
step:726/1480 train_time:29048ms step_avg:40.01ms
step:727/1480 train_time:29102ms step_avg:40.03ms
step:728/1480 train_time:29163ms step_avg:40.06ms
step:729/1480 train_time:29217ms step_avg:40.08ms
step:730/1480 train_time:29277ms step_avg:40.11ms
step:731/1480 train_time:29331ms step_avg:40.12ms
step:732/1480 train_time:29390ms step_avg:40.15ms
step:733/1480 train_time:29444ms step_avg:40.17ms
step:734/1480 train_time:29504ms step_avg:40.20ms
step:735/1480 train_time:29559ms step_avg:40.22ms
step:736/1480 train_time:29619ms step_avg:40.24ms
step:737/1480 train_time:29672ms step_avg:40.26ms
step:738/1480 train_time:29732ms step_avg:40.29ms
step:739/1480 train_time:29786ms step_avg:40.31ms
step:740/1480 train_time:29845ms step_avg:40.33ms
step:741/1480 train_time:29899ms step_avg:40.35ms
step:742/1480 train_time:29959ms step_avg:40.38ms
step:743/1480 train_time:30014ms step_avg:40.40ms
step:744/1480 train_time:30073ms step_avg:40.42ms
step:745/1480 train_time:30127ms step_avg:40.44ms
step:746/1480 train_time:30186ms step_avg:40.46ms
step:747/1480 train_time:30240ms step_avg:40.48ms
step:748/1480 train_time:30300ms step_avg:40.51ms
step:749/1480 train_time:30354ms step_avg:40.53ms
step:750/1480 train_time:30414ms step_avg:40.55ms
step:750/1480 val_loss:3.8049 train_time:30477ms step_avg:40.64ms
step:751/1480 train_time:30492ms step_avg:40.60ms
step:752/1480 train_time:30529ms step_avg:40.60ms
step:753/1480 train_time:30587ms step_avg:40.62ms
step:754/1480 train_time:30648ms step_avg:40.65ms
step:755/1480 train_time:30703ms step_avg:40.67ms
step:756/1480 train_time:30762ms step_avg:40.69ms
step:757/1480 train_time:30816ms step_avg:40.71ms
step:758/1480 train_time:30876ms step_avg:40.73ms
step:759/1480 train_time:30929ms step_avg:40.75ms
step:760/1480 train_time:30989ms step_avg:40.77ms
step:761/1480 train_time:31042ms step_avg:40.79ms
step:762/1480 train_time:31101ms step_avg:40.81ms
step:763/1480 train_time:31154ms step_avg:40.83ms
step:764/1480 train_time:31213ms step_avg:40.85ms
step:765/1480 train_time:31266ms step_avg:40.87ms
step:766/1480 train_time:31324ms step_avg:40.89ms
step:767/1480 train_time:31379ms step_avg:40.91ms
step:768/1480 train_time:31438ms step_avg:40.93ms
step:769/1480 train_time:31493ms step_avg:40.95ms
step:770/1480 train_time:31555ms step_avg:40.98ms
step:771/1480 train_time:31610ms step_avg:41.00ms
step:772/1480 train_time:31672ms step_avg:41.03ms
step:773/1480 train_time:31726ms step_avg:41.04ms
step:774/1480 train_time:31786ms step_avg:41.07ms
step:775/1480 train_time:31839ms step_avg:41.08ms
step:776/1480 train_time:31898ms step_avg:41.11ms
step:777/1480 train_time:31953ms step_avg:41.12ms
step:778/1480 train_time:32012ms step_avg:41.15ms
step:779/1480 train_time:32065ms step_avg:41.16ms
step:780/1480 train_time:32124ms step_avg:41.18ms
step:781/1480 train_time:32178ms step_avg:41.20ms
step:782/1480 train_time:32237ms step_avg:41.22ms
step:783/1480 train_time:32292ms step_avg:41.24ms
step:784/1480 train_time:32351ms step_avg:41.26ms
step:785/1480 train_time:32405ms step_avg:41.28ms
step:786/1480 train_time:32465ms step_avg:41.30ms
step:787/1480 train_time:32519ms step_avg:41.32ms
step:788/1480 train_time:32579ms step_avg:41.34ms
step:789/1480 train_time:32633ms step_avg:41.36ms
step:790/1480 train_time:32693ms step_avg:41.38ms
step:791/1480 train_time:32748ms step_avg:41.40ms
step:792/1480 train_time:32808ms step_avg:41.42ms
step:793/1480 train_time:32862ms step_avg:41.44ms
step:794/1480 train_time:32921ms step_avg:41.46ms
step:795/1480 train_time:32974ms step_avg:41.48ms
step:796/1480 train_time:33033ms step_avg:41.50ms
step:797/1480 train_time:33087ms step_avg:41.51ms
step:798/1480 train_time:33147ms step_avg:41.54ms
step:799/1480 train_time:33200ms step_avg:41.55ms
step:800/1480 train_time:33261ms step_avg:41.58ms
step:801/1480 train_time:33315ms step_avg:41.59ms
step:802/1480 train_time:33374ms step_avg:41.61ms
step:803/1480 train_time:33429ms step_avg:41.63ms
step:804/1480 train_time:33488ms step_avg:41.65ms
step:805/1480 train_time:33542ms step_avg:41.67ms
step:806/1480 train_time:33601ms step_avg:41.69ms
step:807/1480 train_time:33656ms step_avg:41.71ms
step:808/1480 train_time:33715ms step_avg:41.73ms
step:809/1480 train_time:33770ms step_avg:41.74ms
step:810/1480 train_time:33830ms step_avg:41.77ms
step:811/1480 train_time:33884ms step_avg:41.78ms
step:812/1480 train_time:33943ms step_avg:41.80ms
step:813/1480 train_time:33997ms step_avg:41.82ms
step:814/1480 train_time:34056ms step_avg:41.84ms
step:815/1480 train_time:34111ms step_avg:41.85ms
step:816/1480 train_time:34170ms step_avg:41.87ms
step:817/1480 train_time:34224ms step_avg:41.89ms
step:818/1480 train_time:34282ms step_avg:41.91ms
step:819/1480 train_time:34336ms step_avg:41.92ms
step:820/1480 train_time:34396ms step_avg:41.95ms
step:821/1480 train_time:34450ms step_avg:41.96ms
step:822/1480 train_time:34511ms step_avg:41.98ms
step:823/1480 train_time:34564ms step_avg:42.00ms
step:824/1480 train_time:34624ms step_avg:42.02ms
step:825/1480 train_time:34678ms step_avg:42.03ms
step:826/1480 train_time:34737ms step_avg:42.05ms
step:827/1480 train_time:34792ms step_avg:42.07ms
step:828/1480 train_time:34851ms step_avg:42.09ms
step:829/1480 train_time:34905ms step_avg:42.10ms
step:830/1480 train_time:34964ms step_avg:42.13ms
step:831/1480 train_time:35018ms step_avg:42.14ms
step:832/1480 train_time:35078ms step_avg:42.16ms
step:833/1480 train_time:35131ms step_avg:42.17ms
step:834/1480 train_time:35191ms step_avg:42.20ms
step:835/1480 train_time:35245ms step_avg:42.21ms
step:836/1480 train_time:35305ms step_avg:42.23ms
step:837/1480 train_time:35358ms step_avg:42.24ms
step:838/1480 train_time:35418ms step_avg:42.26ms
step:839/1480 train_time:35472ms step_avg:42.28ms
step:840/1480 train_time:35532ms step_avg:42.30ms
step:841/1480 train_time:35587ms step_avg:42.31ms
step:842/1480 train_time:35646ms step_avg:42.34ms
step:843/1480 train_time:35700ms step_avg:42.35ms
step:844/1480 train_time:35760ms step_avg:42.37ms
step:845/1480 train_time:35814ms step_avg:42.38ms
step:846/1480 train_time:35874ms step_avg:42.40ms
step:847/1480 train_time:35928ms step_avg:42.42ms
step:848/1480 train_time:35988ms step_avg:42.44ms
step:849/1480 train_time:36041ms step_avg:42.45ms
step:850/1480 train_time:36101ms step_avg:42.47ms
step:851/1480 train_time:36155ms step_avg:42.49ms
step:852/1480 train_time:36215ms step_avg:42.51ms
step:853/1480 train_time:36269ms step_avg:42.52ms
step:854/1480 train_time:36328ms step_avg:42.54ms
step:855/1480 train_time:36382ms step_avg:42.55ms
step:856/1480 train_time:36441ms step_avg:42.57ms
step:857/1480 train_time:36496ms step_avg:42.59ms
step:858/1480 train_time:36555ms step_avg:42.60ms
step:859/1480 train_time:36609ms step_avg:42.62ms
step:860/1480 train_time:36669ms step_avg:42.64ms
step:861/1480 train_time:36724ms step_avg:42.65ms
step:862/1480 train_time:36783ms step_avg:42.67ms
step:863/1480 train_time:36836ms step_avg:42.68ms
step:864/1480 train_time:36895ms step_avg:42.70ms
step:865/1480 train_time:36950ms step_avg:42.72ms
step:866/1480 train_time:37010ms step_avg:42.74ms
step:867/1480 train_time:37063ms step_avg:42.75ms
step:868/1480 train_time:37122ms step_avg:42.77ms
step:869/1480 train_time:37177ms step_avg:42.78ms
step:870/1480 train_time:37237ms step_avg:42.80ms
step:871/1480 train_time:37291ms step_avg:42.81ms
step:872/1480 train_time:37351ms step_avg:42.83ms
step:873/1480 train_time:37405ms step_avg:42.85ms
step:874/1480 train_time:37464ms step_avg:42.87ms
step:875/1480 train_time:37517ms step_avg:42.88ms
step:876/1480 train_time:37577ms step_avg:42.90ms
step:877/1480 train_time:37632ms step_avg:42.91ms
step:878/1480 train_time:37691ms step_avg:42.93ms
step:879/1480 train_time:37745ms step_avg:42.94ms
step:880/1480 train_time:37804ms step_avg:42.96ms
step:881/1480 train_time:37858ms step_avg:42.97ms
step:882/1480 train_time:37917ms step_avg:42.99ms
step:883/1480 train_time:37971ms step_avg:43.00ms
step:884/1480 train_time:38031ms step_avg:43.02ms
step:885/1480 train_time:38086ms step_avg:43.04ms
step:886/1480 train_time:38145ms step_avg:43.05ms
step:887/1480 train_time:38199ms step_avg:43.06ms
step:888/1480 train_time:38258ms step_avg:43.08ms
step:889/1480 train_time:38312ms step_avg:43.10ms
step:890/1480 train_time:38373ms step_avg:43.12ms
step:891/1480 train_time:38427ms step_avg:43.13ms
step:892/1480 train_time:38487ms step_avg:43.15ms
step:893/1480 train_time:38541ms step_avg:43.16ms
step:894/1480 train_time:38600ms step_avg:43.18ms
step:895/1480 train_time:38655ms step_avg:43.19ms
step:896/1480 train_time:38714ms step_avg:43.21ms
step:897/1480 train_time:38769ms step_avg:43.22ms
step:898/1480 train_time:38829ms step_avg:43.24ms
step:899/1480 train_time:38883ms step_avg:43.25ms
step:900/1480 train_time:38942ms step_avg:43.27ms
step:901/1480 train_time:38997ms step_avg:43.28ms
step:902/1480 train_time:39057ms step_avg:43.30ms
step:903/1480 train_time:39111ms step_avg:43.31ms
step:904/1480 train_time:39170ms step_avg:43.33ms
step:905/1480 train_time:39224ms step_avg:43.34ms
step:906/1480 train_time:39283ms step_avg:43.36ms
step:907/1480 train_time:39337ms step_avg:43.37ms
step:908/1480 train_time:39397ms step_avg:43.39ms
step:909/1480 train_time:39451ms step_avg:43.40ms
step:910/1480 train_time:39511ms step_avg:43.42ms
step:911/1480 train_time:39564ms step_avg:43.43ms
step:912/1480 train_time:39624ms step_avg:43.45ms
step:913/1480 train_time:39678ms step_avg:43.46ms
step:914/1480 train_time:39738ms step_avg:43.48ms
step:915/1480 train_time:39792ms step_avg:43.49ms
step:916/1480 train_time:39853ms step_avg:43.51ms
step:917/1480 train_time:39907ms step_avg:43.52ms
step:918/1480 train_time:39966ms step_avg:43.54ms
step:919/1480 train_time:40019ms step_avg:43.55ms
step:920/1480 train_time:40079ms step_avg:43.56ms
step:921/1480 train_time:40133ms step_avg:43.57ms
step:922/1480 train_time:40193ms step_avg:43.59ms
step:923/1480 train_time:40247ms step_avg:43.60ms
step:924/1480 train_time:40306ms step_avg:43.62ms
step:925/1480 train_time:40360ms step_avg:43.63ms
step:926/1480 train_time:40419ms step_avg:43.65ms
step:927/1480 train_time:40474ms step_avg:43.66ms
step:928/1480 train_time:40533ms step_avg:43.68ms
step:929/1480 train_time:40587ms step_avg:43.69ms
step:930/1480 train_time:40647ms step_avg:43.71ms
step:931/1480 train_time:40700ms step_avg:43.72ms
step:932/1480 train_time:40760ms step_avg:43.73ms
step:933/1480 train_time:40815ms step_avg:43.75ms
step:934/1480 train_time:40874ms step_avg:43.76ms
step:935/1480 train_time:40928ms step_avg:43.77ms
step:936/1480 train_time:40988ms step_avg:43.79ms
step:937/1480 train_time:41043ms step_avg:43.80ms
step:938/1480 train_time:41102ms step_avg:43.82ms
step:939/1480 train_time:41156ms step_avg:43.83ms
step:940/1480 train_time:41215ms step_avg:43.85ms
step:941/1480 train_time:41269ms step_avg:43.86ms
step:942/1480 train_time:41329ms step_avg:43.87ms
step:943/1480 train_time:41383ms step_avg:43.88ms
step:944/1480 train_time:41442ms step_avg:43.90ms
step:945/1480 train_time:41496ms step_avg:43.91ms
step:946/1480 train_time:41556ms step_avg:43.93ms
step:947/1480 train_time:41611ms step_avg:43.94ms
step:948/1480 train_time:41670ms step_avg:43.96ms
step:949/1480 train_time:41724ms step_avg:43.97ms
step:950/1480 train_time:41784ms step_avg:43.98ms
step:951/1480 train_time:41837ms step_avg:43.99ms
step:952/1480 train_time:41897ms step_avg:44.01ms
step:953/1480 train_time:41952ms step_avg:44.02ms
step:954/1480 train_time:42011ms step_avg:44.04ms
step:955/1480 train_time:42065ms step_avg:44.05ms
step:956/1480 train_time:42125ms step_avg:44.06ms
step:957/1480 train_time:42179ms step_avg:44.07ms
step:958/1480 train_time:42238ms step_avg:44.09ms
step:959/1480 train_time:42292ms step_avg:44.10ms
step:960/1480 train_time:42351ms step_avg:44.12ms
step:961/1480 train_time:42406ms step_avg:44.13ms
step:962/1480 train_time:42494ms step_avg:44.17ms
step:963/1480 train_time:42574ms step_avg:44.21ms
step:964/1480 train_time:42660ms step_avg:44.25ms
step:965/1480 train_time:42740ms step_avg:44.29ms
step:966/1480 train_time:42827ms step_avg:44.33ms
step:967/1480 train_time:42907ms step_avg:44.37ms
step:968/1480 train_time:42993ms step_avg:44.41ms
step:969/1480 train_time:43074ms step_avg:44.45ms
step:970/1480 train_time:43159ms step_avg:44.49ms
step:971/1480 train_time:43239ms step_avg:44.53ms
step:972/1480 train_time:43325ms step_avg:44.57ms
step:973/1480 train_time:43406ms step_avg:44.61ms
step:974/1480 train_time:43492ms step_avg:44.65ms
step:975/1480 train_time:43573ms step_avg:44.69ms
step:976/1480 train_time:43659ms step_avg:44.73ms
step:977/1480 train_time:43739ms step_avg:44.77ms
step:978/1480 train_time:43824ms step_avg:44.81ms
step:979/1480 train_time:43903ms step_avg:44.85ms
step:980/1480 train_time:43989ms step_avg:44.89ms
step:981/1480 train_time:44070ms step_avg:44.92ms
step:982/1480 train_time:44157ms step_avg:44.97ms
step:983/1480 train_time:44237ms step_avg:45.00ms
step:984/1480 train_time:44323ms step_avg:45.04ms
step:985/1480 train_time:44402ms step_avg:45.08ms
step:986/1480 train_time:44488ms step_avg:45.12ms
step:987/1480 train_time:44568ms step_avg:45.15ms
step:988/1480 train_time:44653ms step_avg:45.20ms
step:989/1480 train_time:44735ms step_avg:45.23ms
step:990/1480 train_time:44820ms step_avg:45.27ms
step:991/1480 train_time:44899ms step_avg:45.31ms
step:992/1480 train_time:44986ms step_avg:45.35ms
step:993/1480 train_time:45066ms step_avg:45.38ms
step:994/1480 train_time:45152ms step_avg:45.42ms
step:995/1480 train_time:45234ms step_avg:45.46ms
step:996/1480 train_time:45319ms step_avg:45.50ms
step:997/1480 train_time:45398ms step_avg:45.53ms
step:998/1480 train_time:45484ms step_avg:45.58ms
step:999/1480 train_time:45564ms step_avg:45.61ms
step:1000/1480 train_time:45649ms step_avg:45.65ms
step:1000/1480 val_loss:3.5104 train_time:45742ms step_avg:45.74ms
step:1001/1480 train_time:45758ms step_avg:45.71ms
step:1002/1480 train_time:45820ms step_avg:45.73ms
step:1003/1480 train_time:45902ms step_avg:45.76ms
step:1004/1480 train_time:45990ms step_avg:45.81ms
step:1005/1480 train_time:46071ms step_avg:45.84ms
step:1006/1480 train_time:46156ms step_avg:45.88ms
step:1007/1480 train_time:46235ms step_avg:45.91ms
step:1008/1480 train_time:46319ms step_avg:45.95ms
step:1009/1480 train_time:46399ms step_avg:45.99ms
step:1010/1480 train_time:46486ms step_avg:46.03ms
step:1011/1480 train_time:46564ms step_avg:46.06ms
step:1012/1480 train_time:46649ms step_avg:46.10ms
step:1013/1480 train_time:46729ms step_avg:46.13ms
step:1014/1480 train_time:46817ms step_avg:46.17ms
step:1015/1480 train_time:46900ms step_avg:46.21ms
step:1016/1480 train_time:46987ms step_avg:46.25ms
step:1017/1480 train_time:47067ms step_avg:46.28ms
step:1018/1480 train_time:47152ms step_avg:46.32ms
step:1019/1480 train_time:47233ms step_avg:46.35ms
step:1020/1480 train_time:47318ms step_avg:46.39ms
step:1021/1480 train_time:47399ms step_avg:46.42ms
step:1022/1480 train_time:47484ms step_avg:46.46ms
step:1023/1480 train_time:47563ms step_avg:46.49ms
step:1024/1480 train_time:47649ms step_avg:46.53ms
step:1025/1480 train_time:47730ms step_avg:46.57ms
step:1026/1480 train_time:47816ms step_avg:46.60ms
step:1027/1480 train_time:47898ms step_avg:46.64ms
step:1028/1480 train_time:47984ms step_avg:46.68ms
step:1029/1480 train_time:48063ms step_avg:46.71ms
step:1030/1480 train_time:48149ms step_avg:46.75ms
step:1031/1480 train_time:48229ms step_avg:46.78ms
step:1032/1480 train_time:48315ms step_avg:46.82ms
step:1033/1480 train_time:48397ms step_avg:46.85ms
step:1034/1480 train_time:48481ms step_avg:46.89ms
step:1035/1480 train_time:48561ms step_avg:46.92ms
step:1036/1480 train_time:48647ms step_avg:46.96ms
step:1037/1480 train_time:48727ms step_avg:46.99ms
step:1038/1480 train_time:48813ms step_avg:47.03ms
step:1039/1480 train_time:48895ms step_avg:47.06ms
step:1040/1480 train_time:48980ms step_avg:47.10ms
step:1041/1480 train_time:49059ms step_avg:47.13ms
step:1042/1480 train_time:49146ms step_avg:47.16ms
step:1043/1480 train_time:49225ms step_avg:47.20ms
step:1044/1480 train_time:49311ms step_avg:47.23ms
step:1045/1480 train_time:49392ms step_avg:47.27ms
step:1046/1480 train_time:49478ms step_avg:47.30ms
step:1047/1480 train_time:49558ms step_avg:47.33ms
step:1048/1480 train_time:49644ms step_avg:47.37ms
step:1049/1480 train_time:49723ms step_avg:47.40ms
step:1050/1480 train_time:49810ms step_avg:47.44ms
step:1051/1480 train_time:49890ms step_avg:47.47ms
step:1052/1480 train_time:49975ms step_avg:47.50ms
step:1053/1480 train_time:50055ms step_avg:47.54ms
step:1054/1480 train_time:50142ms step_avg:47.57ms
step:1055/1480 train_time:50223ms step_avg:47.60ms
step:1056/1480 train_time:50309ms step_avg:47.64ms
step:1057/1480 train_time:50388ms step_avg:47.67ms
step:1058/1480 train_time:50474ms step_avg:47.71ms
step:1059/1480 train_time:50555ms step_avg:47.74ms
step:1060/1480 train_time:50642ms step_avg:47.78ms
step:1061/1480 train_time:50722ms step_avg:47.81ms
step:1062/1480 train_time:50808ms step_avg:47.84ms
step:1063/1480 train_time:50889ms step_avg:47.87ms
step:1064/1480 train_time:50973ms step_avg:47.91ms
step:1065/1480 train_time:51055ms step_avg:47.94ms
step:1066/1480 train_time:51141ms step_avg:47.97ms
step:1067/1480 train_time:51222ms step_avg:48.01ms
step:1068/1480 train_time:51308ms step_avg:48.04ms
step:1069/1480 train_time:51388ms step_avg:48.07ms
step:1070/1480 train_time:51472ms step_avg:48.11ms
step:1071/1480 train_time:51554ms step_avg:48.14ms
step:1072/1480 train_time:51640ms step_avg:48.17ms
step:1073/1480 train_time:51720ms step_avg:48.20ms
step:1074/1480 train_time:51806ms step_avg:48.24ms
step:1075/1480 train_time:51884ms step_avg:48.26ms
step:1076/1480 train_time:51969ms step_avg:48.30ms
step:1077/1480 train_time:52052ms step_avg:48.33ms
step:1078/1480 train_time:52137ms step_avg:48.36ms
step:1079/1480 train_time:52218ms step_avg:48.39ms
step:1080/1480 train_time:52304ms step_avg:48.43ms
step:1081/1480 train_time:52384ms step_avg:48.46ms
step:1082/1480 train_time:52468ms step_avg:48.49ms
step:1083/1480 train_time:52549ms step_avg:48.52ms
step:1084/1480 train_time:52634ms step_avg:48.56ms
step:1085/1480 train_time:52715ms step_avg:48.59ms
step:1086/1480 train_time:52801ms step_avg:48.62ms
step:1087/1480 train_time:52880ms step_avg:48.65ms
step:1088/1480 train_time:52966ms step_avg:48.68ms
step:1089/1480 train_time:53046ms step_avg:48.71ms
step:1090/1480 train_time:53133ms step_avg:48.75ms
step:1091/1480 train_time:53215ms step_avg:48.78ms
step:1092/1480 train_time:53301ms step_avg:48.81ms
step:1093/1480 train_time:53380ms step_avg:48.84ms
step:1094/1480 train_time:53464ms step_avg:48.87ms
step:1095/1480 train_time:53544ms step_avg:48.90ms
step:1096/1480 train_time:53631ms step_avg:48.93ms
step:1097/1480 train_time:53712ms step_avg:48.96ms
step:1098/1480 train_time:53799ms step_avg:49.00ms
step:1099/1480 train_time:53878ms step_avg:49.02ms
step:1100/1480 train_time:53963ms step_avg:49.06ms
step:1101/1480 train_time:54044ms step_avg:49.09ms
step:1102/1480 train_time:54131ms step_avg:49.12ms
step:1103/1480 train_time:54212ms step_avg:49.15ms
step:1104/1480 train_time:54298ms step_avg:49.18ms
step:1105/1480 train_time:54377ms step_avg:49.21ms
step:1106/1480 train_time:54463ms step_avg:49.24ms
step:1107/1480 train_time:54543ms step_avg:49.27ms
step:1108/1480 train_time:54631ms step_avg:49.31ms
step:1109/1480 train_time:54711ms step_avg:49.33ms
step:1110/1480 train_time:54797ms step_avg:49.37ms
step:1111/1480 train_time:54877ms step_avg:49.39ms
step:1112/1480 train_time:54963ms step_avg:49.43ms
step:1113/1480 train_time:55043ms step_avg:49.45ms
step:1114/1480 train_time:55130ms step_avg:49.49ms
step:1115/1480 train_time:55210ms step_avg:49.52ms
step:1116/1480 train_time:55296ms step_avg:49.55ms
step:1117/1480 train_time:55377ms step_avg:49.58ms
step:1118/1480 train_time:55461ms step_avg:49.61ms
step:1119/1480 train_time:55542ms step_avg:49.64ms
step:1120/1480 train_time:55628ms step_avg:49.67ms
step:1121/1480 train_time:55709ms step_avg:49.70ms
step:1122/1480 train_time:55794ms step_avg:49.73ms
step:1123/1480 train_time:55875ms step_avg:49.75ms
step:1124/1480 train_time:55960ms step_avg:49.79ms
step:1125/1480 train_time:56041ms step_avg:49.81ms
step:1126/1480 train_time:56127ms step_avg:49.85ms
step:1127/1480 train_time:56208ms step_avg:49.87ms
step:1128/1480 train_time:56295ms step_avg:49.91ms
step:1129/1480 train_time:56374ms step_avg:49.93ms
step:1130/1480 train_time:56460ms step_avg:49.96ms
step:1131/1480 train_time:56540ms step_avg:49.99ms
step:1132/1480 train_time:56625ms step_avg:50.02ms
step:1133/1480 train_time:56706ms step_avg:50.05ms
step:1134/1480 train_time:56793ms step_avg:50.08ms
step:1135/1480 train_time:56874ms step_avg:50.11ms
step:1136/1480 train_time:56961ms step_avg:50.14ms
step:1137/1480 train_time:57042ms step_avg:50.17ms
step:1138/1480 train_time:57128ms step_avg:50.20ms
step:1139/1480 train_time:57208ms step_avg:50.23ms
step:1140/1480 train_time:57293ms step_avg:50.26ms
step:1141/1480 train_time:57374ms step_avg:50.28ms
step:1142/1480 train_time:57461ms step_avg:50.32ms
step:1143/1480 train_time:57542ms step_avg:50.34ms
step:1144/1480 train_time:57626ms step_avg:50.37ms
step:1145/1480 train_time:57707ms step_avg:50.40ms
step:1146/1480 train_time:57793ms step_avg:50.43ms
step:1147/1480 train_time:57875ms step_avg:50.46ms
step:1148/1480 train_time:57962ms step_avg:50.49ms
step:1149/1480 train_time:58042ms step_avg:50.52ms
step:1150/1480 train_time:58128ms step_avg:50.55ms
step:1151/1480 train_time:58208ms step_avg:50.57ms
step:1152/1480 train_time:58293ms step_avg:50.60ms
step:1153/1480 train_time:58373ms step_avg:50.63ms
step:1154/1480 train_time:58459ms step_avg:50.66ms
step:1155/1480 train_time:58540ms step_avg:50.68ms
step:1156/1480 train_time:58626ms step_avg:50.71ms
step:1157/1480 train_time:58706ms step_avg:50.74ms
step:1158/1480 train_time:58792ms step_avg:50.77ms
step:1159/1480 train_time:58872ms step_avg:50.80ms
step:1160/1480 train_time:58959ms step_avg:50.83ms
step:1161/1480 train_time:59039ms step_avg:50.85ms
step:1162/1480 train_time:59124ms step_avg:50.88ms
step:1163/1480 train_time:59206ms step_avg:50.91ms
step:1164/1480 train_time:59293ms step_avg:50.94ms
step:1165/1480 train_time:59375ms step_avg:50.97ms
step:1166/1480 train_time:59461ms step_avg:51.00ms
step:1167/1480 train_time:59542ms step_avg:51.02ms
step:1168/1480 train_time:59627ms step_avg:51.05ms
step:1169/1480 train_time:59707ms step_avg:51.08ms
step:1170/1480 train_time:59794ms step_avg:51.11ms
step:1171/1480 train_time:59875ms step_avg:51.13ms
step:1172/1480 train_time:59960ms step_avg:51.16ms
step:1173/1480 train_time:60042ms step_avg:51.19ms
step:1174/1480 train_time:60127ms step_avg:51.22ms
step:1175/1480 train_time:60208ms step_avg:51.24ms
step:1176/1480 train_time:60295ms step_avg:51.27ms
step:1177/1480 train_time:60375ms step_avg:51.30ms
step:1178/1480 train_time:60461ms step_avg:51.32ms
step:1179/1480 train_time:60542ms step_avg:51.35ms
step:1180/1480 train_time:60627ms step_avg:51.38ms
step:1181/1480 train_time:60708ms step_avg:51.40ms
step:1182/1480 train_time:60795ms step_avg:51.43ms
step:1183/1480 train_time:60875ms step_avg:51.46ms
step:1184/1480 train_time:60960ms step_avg:51.49ms
step:1185/1480 train_time:61043ms step_avg:51.51ms
step:1186/1480 train_time:61129ms step_avg:51.54ms
step:1187/1480 train_time:61210ms step_avg:51.57ms
step:1188/1480 train_time:61296ms step_avg:51.60ms
step:1189/1480 train_time:61376ms step_avg:51.62ms
step:1190/1480 train_time:61463ms step_avg:51.65ms
step:1191/1480 train_time:61543ms step_avg:51.67ms
step:1192/1480 train_time:61628ms step_avg:51.70ms
step:1193/1480 train_time:61708ms step_avg:51.73ms
step:1194/1480 train_time:61794ms step_avg:51.75ms
step:1195/1480 train_time:61874ms step_avg:51.78ms
step:1196/1480 train_time:61961ms step_avg:51.81ms
step:1197/1480 train_time:62043ms step_avg:51.83ms
step:1198/1480 train_time:62128ms step_avg:51.86ms
step:1199/1480 train_time:62208ms step_avg:51.88ms
step:1200/1480 train_time:62293ms step_avg:51.91ms
step:1201/1480 train_time:62373ms step_avg:51.93ms
step:1202/1480 train_time:62460ms step_avg:51.96ms
step:1203/1480 train_time:62541ms step_avg:51.99ms
step:1204/1480 train_time:62626ms step_avg:52.01ms
step:1205/1480 train_time:62707ms step_avg:52.04ms
step:1206/1480 train_time:62793ms step_avg:52.07ms
step:1207/1480 train_time:62874ms step_avg:52.09ms
step:1208/1480 train_time:62960ms step_avg:52.12ms
step:1209/1480 train_time:63039ms step_avg:52.14ms
step:1210/1480 train_time:63126ms step_avg:52.17ms
step:1211/1480 train_time:63207ms step_avg:52.19ms
step:1212/1480 train_time:63294ms step_avg:52.22ms
step:1213/1480 train_time:63375ms step_avg:52.25ms
step:1214/1480 train_time:63461ms step_avg:52.27ms
step:1215/1480 train_time:63541ms step_avg:52.30ms
step:1216/1480 train_time:63626ms step_avg:52.32ms
step:1217/1480 train_time:63706ms step_avg:52.35ms
step:1218/1480 train_time:63791ms step_avg:52.37ms
step:1219/1480 train_time:63872ms step_avg:52.40ms
step:1220/1480 train_time:63959ms step_avg:52.43ms
step:1221/1480 train_time:64041ms step_avg:52.45ms
step:1222/1480 train_time:64126ms step_avg:52.48ms
step:1223/1480 train_time:64206ms step_avg:52.50ms
step:1224/1480 train_time:64293ms step_avg:52.53ms
step:1225/1480 train_time:64372ms step_avg:52.55ms
step:1226/1480 train_time:64460ms step_avg:52.58ms
step:1227/1480 train_time:64540ms step_avg:52.60ms
step:1228/1480 train_time:64626ms step_avg:52.63ms
step:1229/1480 train_time:64707ms step_avg:52.65ms
step:1230/1480 train_time:64793ms step_avg:52.68ms
step:1231/1480 train_time:64873ms step_avg:52.70ms
step:1232/1480 train_time:64959ms step_avg:52.73ms
step:1233/1480 train_time:65040ms step_avg:52.75ms
step:1234/1480 train_time:65125ms step_avg:52.78ms
step:1235/1480 train_time:65205ms step_avg:52.80ms
step:1236/1480 train_time:65293ms step_avg:52.83ms
step:1237/1480 train_time:65373ms step_avg:52.85ms
step:1238/1480 train_time:65459ms step_avg:52.87ms
step:1239/1480 train_time:65540ms step_avg:52.90ms
step:1240/1480 train_time:65626ms step_avg:52.92ms
step:1241/1480 train_time:65706ms step_avg:52.95ms
step:1242/1480 train_time:65792ms step_avg:52.97ms
step:1243/1480 train_time:65872ms step_avg:52.99ms
step:1244/1480 train_time:65958ms step_avg:53.02ms
step:1245/1480 train_time:66039ms step_avg:53.04ms
step:1246/1480 train_time:66125ms step_avg:53.07ms
step:1247/1480 train_time:66205ms step_avg:53.09ms
step:1248/1480 train_time:66290ms step_avg:53.12ms
step:1249/1480 train_time:66370ms step_avg:53.14ms
step:1250/1480 train_time:66458ms step_avg:53.17ms
step:1250/1480 val_loss:3.3658 train_time:66551ms step_avg:53.24ms
step:1251/1480 train_time:66567ms step_avg:53.21ms
step:1252/1480 train_time:66630ms step_avg:53.22ms
step:1253/1480 train_time:66714ms step_avg:53.24ms
step:1254/1480 train_time:66799ms step_avg:53.27ms
step:1255/1480 train_time:66877ms step_avg:53.29ms
step:1256/1480 train_time:66962ms step_avg:53.31ms
step:1257/1480 train_time:67042ms step_avg:53.34ms
step:1258/1480 train_time:67126ms step_avg:53.36ms
step:1259/1480 train_time:67206ms step_avg:53.38ms
step:1260/1480 train_time:67291ms step_avg:53.41ms
step:1261/1480 train_time:67370ms step_avg:53.43ms
step:1262/1480 train_time:67456ms step_avg:53.45ms
step:1263/1480 train_time:67537ms step_avg:53.47ms
step:1264/1480 train_time:67626ms step_avg:53.50ms
step:1265/1480 train_time:67709ms step_avg:53.52ms
step:1266/1480 train_time:67796ms step_avg:53.55ms
step:1267/1480 train_time:67875ms step_avg:53.57ms
step:1268/1480 train_time:67961ms step_avg:53.60ms
step:1269/1480 train_time:68041ms step_avg:53.62ms
step:1270/1480 train_time:68126ms step_avg:53.64ms
step:1271/1480 train_time:68206ms step_avg:53.66ms
step:1272/1480 train_time:68289ms step_avg:53.69ms
step:1273/1480 train_time:68370ms step_avg:53.71ms
step:1274/1480 train_time:68455ms step_avg:53.73ms
step:1275/1480 train_time:68536ms step_avg:53.75ms
step:1276/1480 train_time:68624ms step_avg:53.78ms
step:1277/1480 train_time:68706ms step_avg:53.80ms
step:1278/1480 train_time:68793ms step_avg:53.83ms
step:1279/1480 train_time:68873ms step_avg:53.85ms
step:1280/1480 train_time:68958ms step_avg:53.87ms
step:1281/1480 train_time:69038ms step_avg:53.89ms
step:1282/1480 train_time:69125ms step_avg:53.92ms
step:1283/1480 train_time:69204ms step_avg:53.94ms
step:1284/1480 train_time:69289ms step_avg:53.96ms
step:1285/1480 train_time:69368ms step_avg:53.98ms
step:1286/1480 train_time:69455ms step_avg:54.01ms
step:1287/1480 train_time:69536ms step_avg:54.03ms
step:1288/1480 train_time:69623ms step_avg:54.06ms
step:1289/1480 train_time:69703ms step_avg:54.08ms
step:1290/1480 train_time:69790ms step_avg:54.10ms
step:1291/1480 train_time:69872ms step_avg:54.12ms
step:1292/1480 train_time:69958ms step_avg:54.15ms
step:1293/1480 train_time:70038ms step_avg:54.17ms
step:1294/1480 train_time:70123ms step_avg:54.19ms
step:1295/1480 train_time:70203ms step_avg:54.21ms
step:1296/1480 train_time:70287ms step_avg:54.23ms
step:1297/1480 train_time:70367ms step_avg:54.25ms
step:1298/1480 train_time:70455ms step_avg:54.28ms
step:1299/1480 train_time:70536ms step_avg:54.30ms
step:1300/1480 train_time:70623ms step_avg:54.33ms
step:1301/1480 train_time:70703ms step_avg:54.35ms
step:1302/1480 train_time:70789ms step_avg:54.37ms
step:1303/1480 train_time:70871ms step_avg:54.39ms
step:1304/1480 train_time:70958ms step_avg:54.42ms
step:1305/1480 train_time:71038ms step_avg:54.43ms
step:1306/1480 train_time:71122ms step_avg:54.46ms
step:1307/1480 train_time:71203ms step_avg:54.48ms
step:1308/1480 train_time:71288ms step_avg:54.50ms
step:1309/1480 train_time:71367ms step_avg:54.52ms
step:1310/1480 train_time:71454ms step_avg:54.54ms
step:1311/1480 train_time:71536ms step_avg:54.57ms
step:1312/1480 train_time:71621ms step_avg:54.59ms
step:1313/1480 train_time:71702ms step_avg:54.61ms
step:1314/1480 train_time:71788ms step_avg:54.63ms
step:1315/1480 train_time:71869ms step_avg:54.65ms
step:1316/1480 train_time:71956ms step_avg:54.68ms
step:1317/1480 train_time:72037ms step_avg:54.70ms
step:1318/1480 train_time:72122ms step_avg:54.72ms
step:1319/1480 train_time:72202ms step_avg:54.74ms
step:1320/1480 train_time:72287ms step_avg:54.76ms
step:1321/1480 train_time:72368ms step_avg:54.78ms
step:1322/1480 train_time:72455ms step_avg:54.81ms
step:1323/1480 train_time:72536ms step_avg:54.83ms
step:1324/1480 train_time:72621ms step_avg:54.85ms
step:1325/1480 train_time:72700ms step_avg:54.87ms
step:1326/1480 train_time:72787ms step_avg:54.89ms
step:1327/1480 train_time:72868ms step_avg:54.91ms
step:1328/1480 train_time:72955ms step_avg:54.94ms
step:1329/1480 train_time:73036ms step_avg:54.96ms
step:1330/1480 train_time:73122ms step_avg:54.98ms
step:1331/1480 train_time:73202ms step_avg:55.00ms
step:1332/1480 train_time:73287ms step_avg:55.02ms
step:1333/1480 train_time:73368ms step_avg:55.04ms
step:1334/1480 train_time:73453ms step_avg:55.06ms
step:1335/1480 train_time:73534ms step_avg:55.08ms
step:1336/1480 train_time:73620ms step_avg:55.10ms
step:1337/1480 train_time:73699ms step_avg:55.12ms
step:1338/1480 train_time:73785ms step_avg:55.15ms
step:1339/1480 train_time:73866ms step_avg:55.16ms
step:1340/1480 train_time:73952ms step_avg:55.19ms
step:1341/1480 train_time:74033ms step_avg:55.21ms
step:1342/1480 train_time:74118ms step_avg:55.23ms
step:1343/1480 train_time:74198ms step_avg:55.25ms
step:1344/1480 train_time:74283ms step_avg:55.27ms
step:1345/1480 train_time:74363ms step_avg:55.29ms
step:1346/1480 train_time:74449ms step_avg:55.31ms
step:1347/1480 train_time:74530ms step_avg:55.33ms
step:1348/1480 train_time:74617ms step_avg:55.35ms
step:1349/1480 train_time:74696ms step_avg:55.37ms
step:1350/1480 train_time:74781ms step_avg:55.39ms
step:1351/1480 train_time:74863ms step_avg:55.41ms
step:1352/1480 train_time:74949ms step_avg:55.44ms
step:1353/1480 train_time:75029ms step_avg:55.45ms
step:1354/1480 train_time:75116ms step_avg:55.48ms
step:1355/1480 train_time:75195ms step_avg:55.49ms
step:1356/1480 train_time:75280ms step_avg:55.52ms
step:1357/1480 train_time:75361ms step_avg:55.54ms
step:1358/1480 train_time:75448ms step_avg:55.56ms
step:1359/1480 train_time:75528ms step_avg:55.58ms
step:1360/1480 train_time:75615ms step_avg:55.60ms
step:1361/1480 train_time:75695ms step_avg:55.62ms
step:1362/1480 train_time:75779ms step_avg:55.64ms
step:1363/1480 train_time:75860ms step_avg:55.66ms
step:1364/1480 train_time:75945ms step_avg:55.68ms
step:1365/1480 train_time:76025ms step_avg:55.70ms
step:1366/1480 train_time:76112ms step_avg:55.72ms
step:1367/1480 train_time:76193ms step_avg:55.74ms
step:1368/1480 train_time:76277ms step_avg:55.76ms
step:1369/1480 train_time:76357ms step_avg:55.78ms
step:1370/1480 train_time:76443ms step_avg:55.80ms
step:1371/1480 train_time:76525ms step_avg:55.82ms
step:1372/1480 train_time:76612ms step_avg:55.84ms
step:1373/1480 train_time:76693ms step_avg:55.86ms
step:1374/1480 train_time:76777ms step_avg:55.88ms
step:1375/1480 train_time:76859ms step_avg:55.90ms
step:1376/1480 train_time:76944ms step_avg:55.92ms
step:1377/1480 train_time:77025ms step_avg:55.94ms
step:1378/1480 train_time:77110ms step_avg:55.96ms
step:1379/1480 train_time:77191ms step_avg:55.98ms
step:1380/1480 train_time:77277ms step_avg:56.00ms
step:1381/1480 train_time:77357ms step_avg:56.02ms
step:1382/1480 train_time:77443ms step_avg:56.04ms
step:1383/1480 train_time:77524ms step_avg:56.05ms
step:1384/1480 train_time:77609ms step_avg:56.08ms
step:1385/1480 train_time:77690ms step_avg:56.09ms
step:1386/1480 train_time:77776ms step_avg:56.12ms
step:1387/1480 train_time:77858ms step_avg:56.13ms
step:1388/1480 train_time:77942ms step_avg:56.15ms
step:1389/1480 train_time:78023ms step_avg:56.17ms
step:1390/1480 train_time:78109ms step_avg:56.19ms
step:1391/1480 train_time:78189ms step_avg:56.21ms
step:1392/1480 train_time:78277ms step_avg:56.23ms
step:1393/1480 train_time:78356ms step_avg:56.25ms
step:1394/1480 train_time:78443ms step_avg:56.27ms
step:1395/1480 train_time:78524ms step_avg:56.29ms
step:1396/1480 train_time:78610ms step_avg:56.31ms
step:1397/1480 train_time:78690ms step_avg:56.33ms
step:1398/1480 train_time:78777ms step_avg:56.35ms
step:1399/1480 train_time:78858ms step_avg:56.37ms
step:1400/1480 train_time:78943ms step_avg:56.39ms
step:1401/1480 train_time:79023ms step_avg:56.40ms
step:1402/1480 train_time:79110ms step_avg:56.43ms
step:1403/1480 train_time:79190ms step_avg:56.44ms
step:1404/1480 train_time:79277ms step_avg:56.47ms
step:1405/1480 train_time:79358ms step_avg:56.48ms
step:1406/1480 train_time:79444ms step_avg:56.50ms
step:1407/1480 train_time:79524ms step_avg:56.52ms
step:1408/1480 train_time:79610ms step_avg:56.54ms
step:1409/1480 train_time:79690ms step_avg:56.56ms
step:1410/1480 train_time:79777ms step_avg:56.58ms
step:1411/1480 train_time:79858ms step_avg:56.60ms
step:1412/1480 train_time:79944ms step_avg:56.62ms
step:1413/1480 train_time:80025ms step_avg:56.63ms
step:1414/1480 train_time:80110ms step_avg:56.66ms
step:1415/1480 train_time:80191ms step_avg:56.67ms
step:1416/1480 train_time:80277ms step_avg:56.69ms
step:1417/1480 train_time:80359ms step_avg:56.71ms
step:1418/1480 train_time:80443ms step_avg:56.73ms
step:1419/1480 train_time:80525ms step_avg:56.75ms
step:1420/1480 train_time:80610ms step_avg:56.77ms
step:1421/1480 train_time:80691ms step_avg:56.78ms
step:1422/1480 train_time:80777ms step_avg:56.81ms
step:1423/1480 train_time:80857ms step_avg:56.82ms
step:1424/1480 train_time:80943ms step_avg:56.84ms
step:1425/1480 train_time:81024ms step_avg:56.86ms
step:1426/1480 train_time:81109ms step_avg:56.88ms
step:1427/1480 train_time:81191ms step_avg:56.90ms
step:1428/1480 train_time:81277ms step_avg:56.92ms
step:1429/1480 train_time:81358ms step_avg:56.93ms
step:1430/1480 train_time:81443ms step_avg:56.95ms
step:1431/1480 train_time:81524ms step_avg:56.97ms
step:1432/1480 train_time:81609ms step_avg:56.99ms
step:1433/1480 train_time:81690ms step_avg:57.01ms
step:1434/1480 train_time:81776ms step_avg:57.03ms
step:1435/1480 train_time:81858ms step_avg:57.04ms
step:1436/1480 train_time:81943ms step_avg:57.06ms
step:1437/1480 train_time:82024ms step_avg:57.08ms
step:1438/1480 train_time:82110ms step_avg:57.10ms
step:1439/1480 train_time:82191ms step_avg:57.12ms
step:1440/1480 train_time:82276ms step_avg:57.14ms
step:1441/1480 train_time:82357ms step_avg:57.15ms
step:1442/1480 train_time:82447ms step_avg:57.18ms
step:1443/1480 train_time:82528ms step_avg:57.19ms
step:1444/1480 train_time:82615ms step_avg:57.21ms
step:1445/1480 train_time:82694ms step_avg:57.23ms
step:1446/1480 train_time:82780ms step_avg:57.25ms
step:1447/1480 train_time:82860ms step_avg:57.26ms
step:1448/1480 train_time:82948ms step_avg:57.28ms
step:1449/1480 train_time:83029ms step_avg:57.30ms
step:1450/1480 train_time:83115ms step_avg:57.32ms
step:1451/1480 train_time:83196ms step_avg:57.34ms
step:1452/1480 train_time:83282ms step_avg:57.36ms
step:1453/1480 train_time:83364ms step_avg:57.37ms
step:1454/1480 train_time:83450ms step_avg:57.39ms
step:1455/1480 train_time:83532ms step_avg:57.41ms
step:1456/1480 train_time:83618ms step_avg:57.43ms
step:1457/1480 train_time:83699ms step_avg:57.45ms
step:1458/1480 train_time:83784ms step_avg:57.47ms
step:1459/1480 train_time:83865ms step_avg:57.48ms
step:1460/1480 train_time:83952ms step_avg:57.50ms
step:1461/1480 train_time:84033ms step_avg:57.52ms
step:1462/1480 train_time:84120ms step_avg:57.54ms
step:1463/1480 train_time:84199ms step_avg:57.55ms
step:1464/1480 train_time:84285ms step_avg:57.57ms
step:1465/1480 train_time:84366ms step_avg:57.59ms
step:1466/1480 train_time:84453ms step_avg:57.61ms
step:1467/1480 train_time:84534ms step_avg:57.62ms
step:1468/1480 train_time:84620ms step_avg:57.64ms
step:1469/1480 train_time:84699ms step_avg:57.66ms
step:1470/1480 train_time:84785ms step_avg:57.68ms
step:1471/1480 train_time:84866ms step_avg:57.69ms
step:1472/1480 train_time:84952ms step_avg:57.71ms
step:1473/1480 train_time:85033ms step_avg:57.73ms
step:1474/1480 train_time:85120ms step_avg:57.75ms
step:1475/1480 train_time:85199ms step_avg:57.76ms
step:1476/1480 train_time:85284ms step_avg:57.78ms
step:1477/1480 train_time:85365ms step_avg:57.80ms
step:1478/1480 train_time:85451ms step_avg:57.82ms
step:1479/1480 train_time:85532ms step_avg:57.83ms
step:1480/1480 train_time:85619ms step_avg:57.85ms
step:1480/1480 val_loss:3.2770 train_time:85710ms step_avg:57.91ms
peak memory allocated: 31360 MiB reserved: 45990 MiB
