W0420 02:22:58.690000 134882 torch/distributed/run.py:852] 
W0420 02:22:58.690000 134882 torch/distributed/run.py:852] *****************************************
W0420 02:22:58.690000 134882 torch/distributed/run.py:852] Setting OMP_NUM_THREADS environment variable for each process to be 1 in default, to avoid your system being overloaded, please further tune the variable for optimal performance in your application as needed. 
W0420 02:22:58.690000 134882 torch/distributed/run.py:852] *****************************************
[Gloo] Rank 0 is connected to 7 peer ranks. Expected number of connected peer ranks is : 7
[Gloo] Rank 1 is connected to 7 peer ranks. Expected number of connected peer ranks is : 7
[Gloo] Rank 2 is connected to 7 peer ranks. Expected number of connected peer ranks is : 7
[Gloo] Rank [Gloo] Rank 5 is connected to 47[Gloo] Rank  is connected to  peer ranks. 67[Gloo] Rank Expected number of connected peer ranks is :  is connected to  peer ranks. 377Expected number of connected peer ranks is :  is connected to 
 peer ranks. 77
Expected number of connected peer ranks is :  peer ranks. 7Expected number of connected peer ranks is : 
7[Gloo] Rank 
7 is connected to 7 peer ranks. Expected number of connected peer ranks is : 7
Warning: You are sending unauthenticated requests to the HF Hub. Please set a HF_TOKEN to enable higher rate limits and faster downloads.
Warning: You are sending unauthenticated requests to the HF Hub. Please set a HF_TOKEN to enable higher rate limits and faster downloads.
Fetching 4 files:   0%|          | 0/4 [00:00<?, ?it/s]Fetching 4 files: 100%|██████████| 4/4 [00:00<00:00, 99864.38it/s]
Fetching 4 files:   0%|          | 0/4 [00:00<?, ?it/s]Fetching 4 files: 100%|██████████| 4/4 [00:00<00:00, 88768.34it/s]
Fetching 4 files:   0%|          | 0/4 [00:00<?, ?it/s]Fetching 4 files: 100%|██████████| 4/4 [00:00<00:00, 93206.76it/s]
Fetching 4 files:   0%|          | 0/4 [00:00<?, ?it/s]Fetching 4 files: 100%|██████████| 4/4 [00:00<00:00, 95869.81it/s]
Fetching 4 files:   0%|          | 0/4 [00:00<?, ?it/s]Fetching 4 files: 100%|██████████| 4/4 [00:00<00:00, 44034.69it/s]
logs/61ff11f8-ae06-4b81-a688-471bee777c64.txt
Fetching 4 files:   0%|          | 0/4 [00:00<?, ?it/s]Fetching 4 files: 100%|██████████| 4/4 [00:00<00:00, 52758.54it/s]
Fetching 4 files:   0%|          | 0/4 [00:00<?, ?it/s]Fetching 4 files: 100%|██████████| 4/4 [00:00<00:00, 21509.25it/s]
Fetching 4 files:   0%|          | 0/4 [00:00<?, ?it/s]Fetching 4 files: 100%|██████████| 4/4 [00:00<00:00, 77314.36it/s]
Compiling model and warming up kernels (~7 minutes on first execution)
Sampling steps [0, 1, 478, 479, 480, 481, 958, 959, 960, 961, 1438, 1439, 1440, 1441] for warmup
Resetting Model
step:0/1480 val_loss:10.8286 train_time:0ms step_avg:0.03ms
step:1/1480 train_time:70ms step_avg:70.25ms
step:2/1480 train_time:91ms step_avg:45.54ms
step:3/1480 train_time:110ms step_avg:36.80ms
step:4/1480 train_time:146ms step_avg:36.41ms
step:5/1480 train_time:173ms step_avg:34.69ms
step:6/1480 train_time:209ms step_avg:34.76ms
step:7/1480 train_time:237ms step_avg:33.82ms
step:8/1480 train_time:272ms step_avg:33.97ms
step:9/1480 train_time:300ms step_avg:33.34ms
step:10/1480 train_time:336ms step_avg:33.55ms
step:11/1480 train_time:364ms step_avg:33.07ms
step:12/1480 train_time:399ms step_avg:33.22ms
step:13/1480 train_time:427ms step_avg:32.88ms
step:14/1480 train_time:462ms step_avg:33.04ms
step:15/1480 train_time:491ms step_avg:32.74ms
step:16/1480 train_time:526ms step_avg:32.88ms
step:17/1480 train_time:555ms step_avg:32.62ms
step:18/1480 train_time:590ms step_avg:32.77ms
step:19/1480 train_time:619ms step_avg:32.55ms
step:20/1480 train_time:654ms step_avg:32.68ms
step:21/1480 train_time:682ms step_avg:32.49ms
step:22/1480 train_time:717ms step_avg:32.60ms
step:23/1480 train_time:746ms step_avg:32.45ms
step:24/1480 train_time:781ms step_avg:32.56ms
step:25/1480 train_time:810ms step_avg:32.41ms
step:26/1480 train_time:845ms step_avg:32.50ms
step:27/1480 train_time:874ms step_avg:32.36ms
step:28/1480 train_time:909ms step_avg:32.46ms
step:29/1480 train_time:937ms step_avg:32.33ms
step:30/1480 train_time:973ms step_avg:32.42ms
step:31/1480 train_time:1001ms step_avg:32.30ms
step:32/1480 train_time:1036ms step_avg:32.39ms
step:33/1480 train_time:1065ms step_avg:32.28ms
step:34/1480 train_time:1100ms step_avg:32.37ms
step:35/1480 train_time:1129ms step_avg:32.26ms
step:36/1480 train_time:1164ms step_avg:32.33ms
step:37/1480 train_time:1193ms step_avg:32.24ms
step:38/1480 train_time:1228ms step_avg:32.31ms
step:39/1480 train_time:1257ms step_avg:32.22ms
step:40/1480 train_time:1292ms step_avg:32.29ms
step:41/1480 train_time:1321ms step_avg:32.21ms
step:42/1480 train_time:1356ms step_avg:32.29ms
step:43/1480 train_time:1385ms step_avg:32.21ms
step:44/1480 train_time:1420ms step_avg:32.27ms
step:45/1480 train_time:1449ms step_avg:32.20ms
step:46/1480 train_time:1484ms step_avg:32.25ms
step:47/1480 train_time:1513ms step_avg:32.18ms
step:48/1480 train_time:1547ms step_avg:32.24ms
step:49/1480 train_time:1576ms step_avg:32.17ms
step:50/1480 train_time:1612ms step_avg:32.23ms
step:51/1480 train_time:1640ms step_avg:32.16ms
step:52/1480 train_time:1676ms step_avg:32.22ms
step:53/1480 train_time:1704ms step_avg:32.16ms
step:54/1480 train_time:1739ms step_avg:32.21ms
step:55/1480 train_time:1768ms step_avg:32.15ms
step:56/1480 train_time:1803ms step_avg:32.19ms
step:57/1480 train_time:1832ms step_avg:32.13ms
step:58/1480 train_time:1866ms step_avg:32.18ms
step:59/1480 train_time:1895ms step_avg:32.12ms
step:60/1480 train_time:1931ms step_avg:32.18ms
step:61/1480 train_time:1960ms step_avg:32.12ms
step:62/1480 train_time:1995ms step_avg:32.17ms
step:63/1480 train_time:2024ms step_avg:32.12ms
step:64/1480 train_time:2058ms step_avg:32.16ms
step:65/1480 train_time:2087ms step_avg:32.11ms
step:66/1480 train_time:2122ms step_avg:32.16ms
step:67/1480 train_time:2151ms step_avg:32.11ms
step:68/1480 train_time:2186ms step_avg:32.15ms
step:69/1480 train_time:2215ms step_avg:32.10ms
step:70/1480 train_time:2250ms step_avg:32.14ms
step:71/1480 train_time:2278ms step_avg:32.09ms
step:72/1480 train_time:2314ms step_avg:32.13ms
step:73/1480 train_time:2342ms step_avg:32.09ms
step:74/1480 train_time:2377ms step_avg:32.12ms
step:75/1480 train_time:2406ms step_avg:32.08ms
step:76/1480 train_time:2441ms step_avg:32.12ms
step:77/1480 train_time:2470ms step_avg:32.08ms
step:78/1480 train_time:2505ms step_avg:32.11ms
step:79/1480 train_time:2533ms step_avg:32.07ms
step:80/1480 train_time:2568ms step_avg:32.10ms
step:81/1480 train_time:2597ms step_avg:32.06ms
step:82/1480 train_time:2632ms step_avg:32.09ms
step:83/1480 train_time:2660ms step_avg:32.05ms
step:84/1480 train_time:2696ms step_avg:32.09ms
step:85/1480 train_time:2725ms step_avg:32.05ms
step:86/1480 train_time:2759ms step_avg:32.09ms
step:87/1480 train_time:2788ms step_avg:32.05ms
step:88/1480 train_time:2823ms step_avg:32.08ms
step:89/1480 train_time:2852ms step_avg:32.04ms
step:90/1480 train_time:2887ms step_avg:32.07ms
step:91/1480 train_time:2915ms step_avg:32.04ms
step:92/1480 train_time:2951ms step_avg:32.07ms
step:93/1480 train_time:2979ms step_avg:32.04ms
step:94/1480 train_time:3015ms step_avg:32.07ms
step:95/1480 train_time:3044ms step_avg:32.04ms
step:96/1480 train_time:3078ms step_avg:32.07ms
step:97/1480 train_time:3107ms step_avg:32.03ms
step:98/1480 train_time:3142ms step_avg:32.06ms
step:99/1480 train_time:3171ms step_avg:32.03ms
step:100/1480 train_time:3206ms step_avg:32.06ms
step:101/1480 train_time:3235ms step_avg:32.03ms
step:102/1480 train_time:3271ms step_avg:32.06ms
step:103/1480 train_time:3299ms step_avg:32.03ms
step:104/1480 train_time:3334ms step_avg:32.06ms
step:105/1480 train_time:3363ms step_avg:32.03ms
step:106/1480 train_time:3398ms step_avg:32.05ms
step:107/1480 train_time:3426ms step_avg:32.02ms
step:108/1480 train_time:3462ms step_avg:32.05ms
step:109/1480 train_time:3490ms step_avg:32.02ms
step:110/1480 train_time:3525ms step_avg:32.05ms
step:111/1480 train_time:3554ms step_avg:32.02ms
step:112/1480 train_time:3589ms step_avg:32.04ms
step:113/1480 train_time:3618ms step_avg:32.01ms
step:114/1480 train_time:3653ms step_avg:32.04ms
step:115/1480 train_time:3681ms step_avg:32.01ms
step:116/1480 train_time:3716ms step_avg:32.04ms
step:117/1480 train_time:3745ms step_avg:32.01ms
step:118/1480 train_time:3780ms step_avg:32.03ms
step:119/1480 train_time:3809ms step_avg:32.01ms
step:120/1480 train_time:3844ms step_avg:32.03ms
step:121/1480 train_time:3872ms step_avg:32.00ms
step:122/1480 train_time:3907ms step_avg:32.03ms
step:123/1480 train_time:3936ms step_avg:32.00ms
step:124/1480 train_time:3971ms step_avg:32.02ms
step:125/1480 train_time:4000ms step_avg:32.00ms
step:126/1480 train_time:4035ms step_avg:32.02ms
step:127/1480 train_time:4063ms step_avg:32.00ms
step:128/1480 train_time:4098ms step_avg:32.02ms
step:129/1480 train_time:4127ms step_avg:31.99ms
step:130/1480 train_time:4162ms step_avg:32.02ms
step:131/1480 train_time:4191ms step_avg:31.99ms
step:132/1480 train_time:4226ms step_avg:32.01ms
step:133/1480 train_time:4254ms step_avg:31.99ms
step:134/1480 train_time:4290ms step_avg:32.01ms
step:135/1480 train_time:4318ms step_avg:31.98ms
step:136/1480 train_time:4353ms step_avg:32.01ms
step:137/1480 train_time:4382ms step_avg:31.98ms
step:138/1480 train_time:4417ms step_avg:32.01ms
step:139/1480 train_time:4445ms step_avg:31.98ms
step:140/1480 train_time:4480ms step_avg:32.00ms
step:141/1480 train_time:4509ms step_avg:31.98ms
step:142/1480 train_time:4544ms step_avg:32.00ms
step:143/1480 train_time:4572ms step_avg:31.97ms
step:144/1480 train_time:4607ms step_avg:31.99ms
step:145/1480 train_time:4636ms step_avg:31.97ms
step:146/1480 train_time:4671ms step_avg:31.99ms
step:147/1480 train_time:4699ms step_avg:31.97ms
step:148/1480 train_time:4734ms step_avg:31.99ms
step:149/1480 train_time:4763ms step_avg:31.97ms
step:150/1480 train_time:4798ms step_avg:31.99ms
step:151/1480 train_time:4827ms step_avg:31.96ms
step:152/1480 train_time:4861ms step_avg:31.98ms
step:153/1480 train_time:4890ms step_avg:31.96ms
step:154/1480 train_time:4925ms step_avg:31.98ms
step:155/1480 train_time:4953ms step_avg:31.96ms
step:156/1480 train_time:4989ms step_avg:31.98ms
step:157/1480 train_time:5017ms step_avg:31.96ms
step:158/1480 train_time:5053ms step_avg:31.98ms
step:159/1480 train_time:5081ms step_avg:31.96ms
step:160/1480 train_time:5116ms step_avg:31.98ms
step:161/1480 train_time:5145ms step_avg:31.96ms
step:162/1480 train_time:5180ms step_avg:31.97ms
step:163/1480 train_time:5209ms step_avg:31.95ms
step:164/1480 train_time:5243ms step_avg:31.97ms
step:165/1480 train_time:5272ms step_avg:31.95ms
step:166/1480 train_time:5307ms step_avg:31.97ms
step:167/1480 train_time:5335ms step_avg:31.95ms
step:168/1480 train_time:5371ms step_avg:31.97ms
step:169/1480 train_time:5399ms step_avg:31.95ms
step:170/1480 train_time:5434ms step_avg:31.96ms
step:171/1480 train_time:5463ms step_avg:31.95ms
step:172/1480 train_time:5498ms step_avg:31.96ms
step:173/1480 train_time:5527ms step_avg:31.95ms
step:174/1480 train_time:5561ms step_avg:31.96ms
step:175/1480 train_time:5590ms step_avg:31.94ms
step:176/1480 train_time:5625ms step_avg:31.96ms
step:177/1480 train_time:5653ms step_avg:31.94ms
step:178/1480 train_time:5688ms step_avg:31.96ms
step:179/1480 train_time:5717ms step_avg:31.94ms
step:180/1480 train_time:5753ms step_avg:31.96ms
step:181/1480 train_time:5781ms step_avg:31.94ms
step:182/1480 train_time:5816ms step_avg:31.95ms
step:183/1480 train_time:5845ms step_avg:31.94ms
step:184/1480 train_time:5879ms step_avg:31.95ms
step:185/1480 train_time:5908ms step_avg:31.94ms
step:186/1480 train_time:5943ms step_avg:31.95ms
step:187/1480 train_time:5972ms step_avg:31.93ms
step:188/1480 train_time:6006ms step_avg:31.95ms
step:189/1480 train_time:6035ms step_avg:31.93ms
step:190/1480 train_time:6070ms step_avg:31.95ms
step:191/1480 train_time:6098ms step_avg:31.93ms
step:192/1480 train_time:6133ms step_avg:31.94ms
step:193/1480 train_time:6162ms step_avg:31.93ms
step:194/1480 train_time:6197ms step_avg:31.94ms
step:195/1480 train_time:6226ms step_avg:31.93ms
step:196/1480 train_time:6261ms step_avg:31.94ms
step:197/1480 train_time:6289ms step_avg:31.92ms
step:198/1480 train_time:6324ms step_avg:31.94ms
step:199/1480 train_time:6353ms step_avg:31.92ms
step:200/1480 train_time:6387ms step_avg:31.94ms
step:201/1480 train_time:6416ms step_avg:31.92ms
step:202/1480 train_time:6451ms step_avg:31.94ms
step:203/1480 train_time:6480ms step_avg:31.92ms
step:204/1480 train_time:6515ms step_avg:31.94ms
step:205/1480 train_time:6544ms step_avg:31.92ms
step:206/1480 train_time:6579ms step_avg:31.94ms
step:207/1480 train_time:6607ms step_avg:31.92ms
step:208/1480 train_time:6642ms step_avg:31.93ms
step:209/1480 train_time:6671ms step_avg:31.92ms
step:210/1480 train_time:6706ms step_avg:31.93ms
step:211/1480 train_time:6734ms step_avg:31.92ms
step:212/1480 train_time:6769ms step_avg:31.93ms
step:213/1480 train_time:6798ms step_avg:31.91ms
step:214/1480 train_time:6833ms step_avg:31.93ms
step:215/1480 train_time:6862ms step_avg:31.91ms
step:216/1480 train_time:6896ms step_avg:31.93ms
step:217/1480 train_time:6925ms step_avg:31.91ms
step:218/1480 train_time:6960ms step_avg:31.93ms
step:219/1480 train_time:6989ms step_avg:31.91ms
step:220/1480 train_time:7024ms step_avg:31.93ms
step:221/1480 train_time:7052ms step_avg:31.91ms
step:222/1480 train_time:7087ms step_avg:31.92ms
step:223/1480 train_time:7116ms step_avg:31.91ms
step:224/1480 train_time:7151ms step_avg:31.93ms
step:225/1480 train_time:7180ms step_avg:31.91ms
step:226/1480 train_time:7215ms step_avg:31.92ms
step:227/1480 train_time:7244ms step_avg:31.91ms
step:228/1480 train_time:7278ms step_avg:31.92ms
step:229/1480 train_time:7307ms step_avg:31.91ms
step:230/1480 train_time:7342ms step_avg:31.92ms
step:231/1480 train_time:7370ms step_avg:31.91ms
step:232/1480 train_time:7405ms step_avg:31.92ms
step:233/1480 train_time:7434ms step_avg:31.90ms
step:234/1480 train_time:7468ms step_avg:31.92ms
step:235/1480 train_time:7497ms step_avg:31.90ms
step:236/1480 train_time:7532ms step_avg:31.91ms
step:237/1480 train_time:7561ms step_avg:31.90ms
step:238/1480 train_time:7596ms step_avg:31.91ms
step:239/1480 train_time:7624ms step_avg:31.90ms
step:240/1480 train_time:7659ms step_avg:31.91ms
step:241/1480 train_time:7688ms step_avg:31.90ms
step:242/1480 train_time:7723ms step_avg:31.91ms
step:243/1480 train_time:7751ms step_avg:31.90ms
step:244/1480 train_time:7786ms step_avg:31.91ms
step:245/1480 train_time:7815ms step_avg:31.90ms
step:246/1480 train_time:7850ms step_avg:31.91ms
step:247/1480 train_time:7878ms step_avg:31.90ms
step:248/1480 train_time:7913ms step_avg:31.91ms
step:249/1480 train_time:7942ms step_avg:31.90ms
step:250/1480 train_time:7977ms step_avg:31.91ms
step:250/1480 val_loss:4.4855 train_time:8016ms step_avg:32.06ms
step:251/1480 train_time:8031ms step_avg:32.00ms
step:252/1480 train_time:8049ms step_avg:31.94ms
step:253/1480 train_time:8072ms step_avg:31.90ms
step:254/1480 train_time:8107ms step_avg:31.92ms
step:255/1480 train_time:8136ms step_avg:31.91ms
step:256/1480 train_time:8172ms step_avg:31.92ms
step:257/1480 train_time:8201ms step_avg:31.91ms
step:258/1480 train_time:8236ms step_avg:31.92ms
step:259/1480 train_time:8265ms step_avg:31.91ms
step:260/1480 train_time:8299ms step_avg:31.92ms
step:261/1480 train_time:8328ms step_avg:31.91ms
step:262/1480 train_time:8363ms step_avg:31.92ms
step:263/1480 train_time:8392ms step_avg:31.91ms
step:264/1480 train_time:8427ms step_avg:31.92ms
step:265/1480 train_time:8455ms step_avg:31.91ms
step:266/1480 train_time:8490ms step_avg:31.92ms
step:267/1480 train_time:8519ms step_avg:31.90ms
step:268/1480 train_time:8553ms step_avg:31.92ms
step:269/1480 train_time:8582ms step_avg:31.90ms
step:270/1480 train_time:8617ms step_avg:31.91ms
step:271/1480 train_time:8645ms step_avg:31.90ms
step:272/1480 train_time:8680ms step_avg:31.91ms
step:273/1480 train_time:8709ms step_avg:31.90ms
step:274/1480 train_time:8744ms step_avg:31.91ms
step:275/1480 train_time:8772ms step_avg:31.90ms
step:276/1480 train_time:8807ms step_avg:31.91ms
step:277/1480 train_time:8836ms step_avg:31.90ms
step:278/1480 train_time:8870ms step_avg:31.91ms
step:279/1480 train_time:8899ms step_avg:31.90ms
step:280/1480 train_time:8934ms step_avg:31.91ms
step:281/1480 train_time:8962ms step_avg:31.89ms
step:282/1480 train_time:8997ms step_avg:31.91ms
step:283/1480 train_time:9026ms step_avg:31.89ms
step:284/1480 train_time:9061ms step_avg:31.91ms
step:285/1480 train_time:9090ms step_avg:31.89ms
step:286/1480 train_time:9125ms step_avg:31.91ms
step:287/1480 train_time:9154ms step_avg:31.89ms
step:288/1480 train_time:9188ms step_avg:31.90ms
step:289/1480 train_time:9217ms step_avg:31.89ms
step:290/1480 train_time:9252ms step_avg:31.90ms
step:291/1480 train_time:9281ms step_avg:31.89ms
step:292/1480 train_time:9316ms step_avg:31.90ms
step:293/1480 train_time:9344ms step_avg:31.89ms
step:294/1480 train_time:9379ms step_avg:31.90ms
step:295/1480 train_time:9408ms step_avg:31.89ms
step:296/1480 train_time:9442ms step_avg:31.90ms
step:297/1480 train_time:9471ms step_avg:31.89ms
step:298/1480 train_time:9506ms step_avg:31.90ms
step:299/1480 train_time:9535ms step_avg:31.89ms
step:300/1480 train_time:9569ms step_avg:31.90ms
step:301/1480 train_time:9598ms step_avg:31.89ms
step:302/1480 train_time:9633ms step_avg:31.90ms
step:303/1480 train_time:9662ms step_avg:31.89ms
step:304/1480 train_time:9696ms step_avg:31.90ms
step:305/1480 train_time:9725ms step_avg:31.88ms
step:306/1480 train_time:9760ms step_avg:31.90ms
step:307/1480 train_time:9789ms step_avg:31.88ms
step:308/1480 train_time:9823ms step_avg:31.89ms
step:309/1480 train_time:9852ms step_avg:31.88ms
step:310/1480 train_time:9887ms step_avg:31.89ms
step:311/1480 train_time:9916ms step_avg:31.88ms
step:312/1480 train_time:9950ms step_avg:31.89ms
step:313/1480 train_time:9979ms step_avg:31.88ms
step:314/1480 train_time:10014ms step_avg:31.89ms
step:315/1480 train_time:10042ms step_avg:31.88ms
step:316/1480 train_time:10077ms step_avg:31.89ms
step:317/1480 train_time:10106ms step_avg:31.88ms
step:318/1480 train_time:10141ms step_avg:31.89ms
step:319/1480 train_time:10170ms step_avg:31.88ms
step:320/1480 train_time:10205ms step_avg:31.89ms
step:321/1480 train_time:10233ms step_avg:31.88ms
step:322/1480 train_time:10268ms step_avg:31.89ms
step:323/1480 train_time:10297ms step_avg:31.88ms
step:324/1480 train_time:10332ms step_avg:31.89ms
step:325/1480 train_time:10361ms step_avg:31.88ms
step:326/1480 train_time:10396ms step_avg:31.89ms
step:327/1480 train_time:10424ms step_avg:31.88ms
step:328/1480 train_time:10459ms step_avg:31.89ms
step:329/1480 train_time:10488ms step_avg:31.88ms
step:330/1480 train_time:10523ms step_avg:31.89ms
step:331/1480 train_time:10552ms step_avg:31.88ms
step:332/1480 train_time:10586ms step_avg:31.89ms
step:333/1480 train_time:10615ms step_avg:31.88ms
step:334/1480 train_time:10650ms step_avg:31.89ms
step:335/1480 train_time:10678ms step_avg:31.88ms
step:336/1480 train_time:10713ms step_avg:31.88ms
step:337/1480 train_time:10742ms step_avg:31.87ms
step:338/1480 train_time:10776ms step_avg:31.88ms
step:339/1480 train_time:10805ms step_avg:31.87ms
step:340/1480 train_time:10840ms step_avg:31.88ms
step:341/1480 train_time:10869ms step_avg:31.87ms
step:342/1480 train_time:10904ms step_avg:31.88ms
step:343/1480 train_time:10933ms step_avg:31.87ms
step:344/1480 train_time:10967ms step_avg:31.88ms
step:345/1480 train_time:10996ms step_avg:31.87ms
step:346/1480 train_time:11031ms step_avg:31.88ms
step:347/1480 train_time:11059ms step_avg:31.87ms
step:348/1480 train_time:11094ms step_avg:31.88ms
step:349/1480 train_time:11123ms step_avg:31.87ms
step:350/1480 train_time:11158ms step_avg:31.88ms
step:351/1480 train_time:11187ms step_avg:31.87ms
step:352/1480 train_time:11221ms step_avg:31.88ms
step:353/1480 train_time:11250ms step_avg:31.87ms
step:354/1480 train_time:11285ms step_avg:31.88ms
step:355/1480 train_time:11314ms step_avg:31.87ms
step:356/1480 train_time:11348ms step_avg:31.88ms
step:357/1480 train_time:11377ms step_avg:31.87ms
step:358/1480 train_time:11412ms step_avg:31.88ms
step:359/1480 train_time:11441ms step_avg:31.87ms
step:360/1480 train_time:11476ms step_avg:31.88ms
step:361/1480 train_time:11505ms step_avg:31.87ms
step:362/1480 train_time:11540ms step_avg:31.88ms
step:363/1480 train_time:11568ms step_avg:31.87ms
step:364/1480 train_time:11603ms step_avg:31.88ms
step:365/1480 train_time:11632ms step_avg:31.87ms
step:366/1480 train_time:11667ms step_avg:31.88ms
step:367/1480 train_time:11695ms step_avg:31.87ms
step:368/1480 train_time:11730ms step_avg:31.88ms
step:369/1480 train_time:11759ms step_avg:31.87ms
step:370/1480 train_time:11794ms step_avg:31.88ms
step:371/1480 train_time:11822ms step_avg:31.87ms
step:372/1480 train_time:11857ms step_avg:31.87ms
step:373/1480 train_time:11886ms step_avg:31.87ms
step:374/1480 train_time:11921ms step_avg:31.87ms
step:375/1480 train_time:11950ms step_avg:31.87ms
step:376/1480 train_time:11984ms step_avg:31.87ms
step:377/1480 train_time:12013ms step_avg:31.86ms
step:378/1480 train_time:12048ms step_avg:31.87ms
step:379/1480 train_time:12076ms step_avg:31.86ms
step:380/1480 train_time:12111ms step_avg:31.87ms
step:381/1480 train_time:12140ms step_avg:31.86ms
step:382/1480 train_time:12175ms step_avg:31.87ms
step:383/1480 train_time:12204ms step_avg:31.86ms
step:384/1480 train_time:12239ms step_avg:31.87ms
step:385/1480 train_time:12267ms step_avg:31.86ms
step:386/1480 train_time:12302ms step_avg:31.87ms
step:387/1480 train_time:12331ms step_avg:31.86ms
step:388/1480 train_time:12365ms step_avg:31.87ms
step:389/1480 train_time:12394ms step_avg:31.86ms
step:390/1480 train_time:12429ms step_avg:31.87ms
step:391/1480 train_time:12458ms step_avg:31.86ms
step:392/1480 train_time:12492ms step_avg:31.87ms
step:393/1480 train_time:12521ms step_avg:31.86ms
step:394/1480 train_time:12556ms step_avg:31.87ms
step:395/1480 train_time:12585ms step_avg:31.86ms
step:396/1480 train_time:12620ms step_avg:31.87ms
step:397/1480 train_time:12648ms step_avg:31.86ms
step:398/1480 train_time:12683ms step_avg:31.87ms
step:399/1480 train_time:12712ms step_avg:31.86ms
step:400/1480 train_time:12747ms step_avg:31.87ms
step:401/1480 train_time:12776ms step_avg:31.86ms
step:402/1480 train_time:12810ms step_avg:31.87ms
step:403/1480 train_time:12839ms step_avg:31.86ms
step:404/1480 train_time:12873ms step_avg:31.87ms
step:405/1480 train_time:12902ms step_avg:31.86ms
step:406/1480 train_time:12938ms step_avg:31.87ms
step:407/1480 train_time:12966ms step_avg:31.86ms
step:408/1480 train_time:13001ms step_avg:31.87ms
step:409/1480 train_time:13030ms step_avg:31.86ms
step:410/1480 train_time:13064ms step_avg:31.86ms
step:411/1480 train_time:13093ms step_avg:31.86ms
step:412/1480 train_time:13128ms step_avg:31.86ms
step:413/1480 train_time:13156ms step_avg:31.86ms
step:414/1480 train_time:13191ms step_avg:31.86ms
step:415/1480 train_time:13220ms step_avg:31.85ms
step:416/1480 train_time:13255ms step_avg:31.86ms
step:417/1480 train_time:13283ms step_avg:31.85ms
step:418/1480 train_time:13318ms step_avg:31.86ms
step:419/1480 train_time:13346ms step_avg:31.85ms
step:420/1480 train_time:13382ms step_avg:31.86ms
step:421/1480 train_time:13410ms step_avg:31.85ms
step:422/1480 train_time:13445ms step_avg:31.86ms
step:423/1480 train_time:13474ms step_avg:31.85ms
step:424/1480 train_time:13509ms step_avg:31.86ms
step:425/1480 train_time:13537ms step_avg:31.85ms
step:426/1480 train_time:13573ms step_avg:31.86ms
step:427/1480 train_time:13601ms step_avg:31.85ms
step:428/1480 train_time:13636ms step_avg:31.86ms
step:429/1480 train_time:13665ms step_avg:31.85ms
step:430/1480 train_time:13700ms step_avg:31.86ms
step:431/1480 train_time:13728ms step_avg:31.85ms
step:432/1480 train_time:13763ms step_avg:31.86ms
step:433/1480 train_time:13792ms step_avg:31.85ms
step:434/1480 train_time:13827ms step_avg:31.86ms
step:435/1480 train_time:13856ms step_avg:31.85ms
step:436/1480 train_time:13891ms step_avg:31.86ms
step:437/1480 train_time:13919ms step_avg:31.85ms
step:438/1480 train_time:13954ms step_avg:31.86ms
step:439/1480 train_time:13983ms step_avg:31.85ms
step:440/1480 train_time:14018ms step_avg:31.86ms
step:441/1480 train_time:14046ms step_avg:31.85ms
step:442/1480 train_time:14081ms step_avg:31.86ms
step:443/1480 train_time:14110ms step_avg:31.85ms
step:444/1480 train_time:14146ms step_avg:31.86ms
step:445/1480 train_time:14174ms step_avg:31.85ms
step:446/1480 train_time:14209ms step_avg:31.86ms
step:447/1480 train_time:14237ms step_avg:31.85ms
step:448/1480 train_time:14272ms step_avg:31.86ms
step:449/1480 train_time:14301ms step_avg:31.85ms
step:450/1480 train_time:14336ms step_avg:31.86ms
step:451/1480 train_time:14365ms step_avg:31.85ms
step:452/1480 train_time:14400ms step_avg:31.86ms
step:453/1480 train_time:14428ms step_avg:31.85ms
step:454/1480 train_time:14463ms step_avg:31.86ms
step:455/1480 train_time:14492ms step_avg:31.85ms
step:456/1480 train_time:14527ms step_avg:31.86ms
step:457/1480 train_time:14556ms step_avg:31.85ms
step:458/1480 train_time:14590ms step_avg:31.86ms
step:459/1480 train_time:14619ms step_avg:31.85ms
step:460/1480 train_time:14653ms step_avg:31.86ms
step:461/1480 train_time:14682ms step_avg:31.85ms
step:462/1480 train_time:14717ms step_avg:31.86ms
step:463/1480 train_time:14745ms step_avg:31.85ms
step:464/1480 train_time:14780ms step_avg:31.85ms
step:465/1480 train_time:14809ms step_avg:31.85ms
step:466/1480 train_time:14844ms step_avg:31.85ms
step:467/1480 train_time:14873ms step_avg:31.85ms
step:468/1480 train_time:14908ms step_avg:31.85ms
step:469/1480 train_time:14936ms step_avg:31.85ms
step:470/1480 train_time:14971ms step_avg:31.85ms
step:471/1480 train_time:15000ms step_avg:31.85ms
step:472/1480 train_time:15035ms step_avg:31.85ms
step:473/1480 train_time:15064ms step_avg:31.85ms
step:474/1480 train_time:15099ms step_avg:31.85ms
step:475/1480 train_time:15128ms step_avg:31.85ms
step:476/1480 train_time:15162ms step_avg:31.85ms
step:477/1480 train_time:15191ms step_avg:31.85ms
step:478/1480 train_time:15226ms step_avg:31.85ms
step:479/1480 train_time:15255ms step_avg:31.85ms
step:480/1480 train_time:15289ms step_avg:31.85ms
step:481/1480 train_time:15320ms step_avg:31.85ms
step:482/1480 train_time:15382ms step_avg:31.91ms
step:483/1480 train_time:15437ms step_avg:31.96ms
step:484/1480 train_time:15497ms step_avg:32.02ms
step:485/1480 train_time:15551ms step_avg:32.06ms
step:486/1480 train_time:15612ms step_avg:32.12ms
step:487/1480 train_time:15666ms step_avg:32.17ms
step:488/1480 train_time:15726ms step_avg:32.23ms
step:489/1480 train_time:15782ms step_avg:32.27ms
step:490/1480 train_time:15841ms step_avg:32.33ms
step:491/1480 train_time:15896ms step_avg:32.38ms
step:492/1480 train_time:15957ms step_avg:32.43ms
step:493/1480 train_time:16013ms step_avg:32.48ms
step:494/1480 train_time:16073ms step_avg:32.54ms
step:495/1480 train_time:16128ms step_avg:32.58ms
step:496/1480 train_time:16189ms step_avg:32.64ms
step:497/1480 train_time:16245ms step_avg:32.69ms
step:498/1480 train_time:16305ms step_avg:32.74ms
step:499/1480 train_time:16359ms step_avg:32.78ms
step:500/1480 train_time:16420ms step_avg:32.84ms
step:500/1480 val_loss:4.2039 train_time:16487ms step_avg:32.97ms
step:501/1480 train_time:16505ms step_avg:32.94ms
step:502/1480 train_time:16540ms step_avg:32.95ms
step:503/1480 train_time:16596ms step_avg:32.99ms
step:504/1480 train_time:16657ms step_avg:33.05ms
step:505/1480 train_time:16713ms step_avg:33.10ms
step:506/1480 train_time:16774ms step_avg:33.15ms
step:507/1480 train_time:16828ms step_avg:33.19ms
step:508/1480 train_time:16888ms step_avg:33.24ms
step:509/1480 train_time:16942ms step_avg:33.29ms
step:510/1480 train_time:17002ms step_avg:33.34ms
step:511/1480 train_time:17057ms step_avg:33.38ms
step:512/1480 train_time:17117ms step_avg:33.43ms
step:513/1480 train_time:17171ms step_avg:33.47ms
step:514/1480 train_time:17231ms step_avg:33.52ms
step:515/1480 train_time:17286ms step_avg:33.57ms
step:516/1480 train_time:17347ms step_avg:33.62ms
step:517/1480 train_time:17401ms step_avg:33.66ms
step:518/1480 train_time:17462ms step_avg:33.71ms
step:519/1480 train_time:17518ms step_avg:33.75ms
step:520/1480 train_time:17579ms step_avg:33.81ms
step:521/1480 train_time:17634ms step_avg:33.85ms
step:522/1480 train_time:17695ms step_avg:33.90ms
step:523/1480 train_time:17751ms step_avg:33.94ms
step:524/1480 train_time:17811ms step_avg:33.99ms
step:525/1480 train_time:17866ms step_avg:34.03ms
step:526/1480 train_time:17927ms step_avg:34.08ms
step:527/1480 train_time:17981ms step_avg:34.12ms
step:528/1480 train_time:18041ms step_avg:34.17ms
step:529/1480 train_time:18095ms step_avg:34.21ms
step:530/1480 train_time:18156ms step_avg:34.26ms
step:531/1480 train_time:18210ms step_avg:34.29ms
step:532/1480 train_time:18271ms step_avg:34.34ms
step:533/1480 train_time:18326ms step_avg:34.38ms
step:534/1480 train_time:18386ms step_avg:34.43ms
step:535/1480 train_time:18442ms step_avg:34.47ms
step:536/1480 train_time:18502ms step_avg:34.52ms
step:537/1480 train_time:18557ms step_avg:34.56ms
step:538/1480 train_time:18618ms step_avg:34.61ms
step:539/1480 train_time:18673ms step_avg:34.64ms
step:540/1480 train_time:18734ms step_avg:34.69ms
step:541/1480 train_time:18789ms step_avg:34.73ms
step:542/1480 train_time:18849ms step_avg:34.78ms
step:543/1480 train_time:18904ms step_avg:34.81ms
step:544/1480 train_time:18965ms step_avg:34.86ms
step:545/1480 train_time:19020ms step_avg:34.90ms
step:546/1480 train_time:19080ms step_avg:34.95ms
step:547/1480 train_time:19135ms step_avg:34.98ms
step:548/1480 train_time:19194ms step_avg:35.03ms
step:549/1480 train_time:19250ms step_avg:35.06ms
step:550/1480 train_time:19310ms step_avg:35.11ms
step:551/1480 train_time:19365ms step_avg:35.14ms
step:552/1480 train_time:19426ms step_avg:35.19ms
step:553/1480 train_time:19481ms step_avg:35.23ms
step:554/1480 train_time:19541ms step_avg:35.27ms
step:555/1480 train_time:19595ms step_avg:35.31ms
step:556/1480 train_time:19657ms step_avg:35.35ms
step:557/1480 train_time:19712ms step_avg:35.39ms
step:558/1480 train_time:19771ms step_avg:35.43ms
step:559/1480 train_time:19826ms step_avg:35.47ms
step:560/1480 train_time:19888ms step_avg:35.51ms
step:561/1480 train_time:19942ms step_avg:35.55ms
step:562/1480 train_time:20003ms step_avg:35.59ms
step:563/1480 train_time:20058ms step_avg:35.63ms
step:564/1480 train_time:20119ms step_avg:35.67ms
step:565/1480 train_time:20174ms step_avg:35.71ms
step:566/1480 train_time:20234ms step_avg:35.75ms
step:567/1480 train_time:20288ms step_avg:35.78ms
step:568/1480 train_time:20348ms step_avg:35.82ms
step:569/1480 train_time:20403ms step_avg:35.86ms
step:570/1480 train_time:20463ms step_avg:35.90ms
step:571/1480 train_time:20518ms step_avg:35.93ms
step:572/1480 train_time:20579ms step_avg:35.98ms
step:573/1480 train_time:20634ms step_avg:36.01ms
step:574/1480 train_time:20694ms step_avg:36.05ms
step:575/1480 train_time:20750ms step_avg:36.09ms
step:576/1480 train_time:20810ms step_avg:36.13ms
step:577/1480 train_time:20865ms step_avg:36.16ms
step:578/1480 train_time:20926ms step_avg:36.20ms
step:579/1480 train_time:20980ms step_avg:36.24ms
step:580/1480 train_time:21040ms step_avg:36.28ms
step:581/1480 train_time:21095ms step_avg:36.31ms
step:582/1480 train_time:21155ms step_avg:36.35ms
step:583/1480 train_time:21211ms step_avg:36.38ms
step:584/1480 train_time:21270ms step_avg:36.42ms
step:585/1480 train_time:21325ms step_avg:36.45ms
step:586/1480 train_time:21385ms step_avg:36.49ms
step:587/1480 train_time:21440ms step_avg:36.52ms
step:588/1480 train_time:21501ms step_avg:36.57ms
step:589/1480 train_time:21556ms step_avg:36.60ms
step:590/1480 train_time:21618ms step_avg:36.64ms
step:591/1480 train_time:21673ms step_avg:36.67ms
step:592/1480 train_time:21733ms step_avg:36.71ms
step:593/1480 train_time:21788ms step_avg:36.74ms
step:594/1480 train_time:21848ms step_avg:36.78ms
step:595/1480 train_time:21903ms step_avg:36.81ms
step:596/1480 train_time:21963ms step_avg:36.85ms
step:597/1480 train_time:22018ms step_avg:36.88ms
step:598/1480 train_time:22078ms step_avg:36.92ms
step:599/1480 train_time:22132ms step_avg:36.95ms
step:600/1480 train_time:22192ms step_avg:36.99ms
step:601/1480 train_time:22247ms step_avg:37.02ms
step:602/1480 train_time:22307ms step_avg:37.06ms
step:603/1480 train_time:22362ms step_avg:37.08ms
step:604/1480 train_time:22423ms step_avg:37.12ms
step:605/1480 train_time:22476ms step_avg:37.15ms
step:606/1480 train_time:22538ms step_avg:37.19ms
step:607/1480 train_time:22594ms step_avg:37.22ms
step:608/1480 train_time:22655ms step_avg:37.26ms
step:609/1480 train_time:22709ms step_avg:37.29ms
step:610/1480 train_time:22769ms step_avg:37.33ms
step:611/1480 train_time:22825ms step_avg:37.36ms
step:612/1480 train_time:22884ms step_avg:37.39ms
step:613/1480 train_time:22940ms step_avg:37.42ms
step:614/1480 train_time:23000ms step_avg:37.46ms
step:615/1480 train_time:23056ms step_avg:37.49ms
step:616/1480 train_time:23116ms step_avg:37.53ms
step:617/1480 train_time:23170ms step_avg:37.55ms
step:618/1480 train_time:23230ms step_avg:37.59ms
step:619/1480 train_time:23285ms step_avg:37.62ms
step:620/1480 train_time:23346ms step_avg:37.66ms
step:621/1480 train_time:23401ms step_avg:37.68ms
step:622/1480 train_time:23462ms step_avg:37.72ms
step:623/1480 train_time:23516ms step_avg:37.75ms
step:624/1480 train_time:23577ms step_avg:37.78ms
step:625/1480 train_time:23632ms step_avg:37.81ms
step:626/1480 train_time:23693ms step_avg:37.85ms
step:627/1480 train_time:23749ms step_avg:37.88ms
step:628/1480 train_time:23809ms step_avg:37.91ms
step:629/1480 train_time:23864ms step_avg:37.94ms
step:630/1480 train_time:23925ms step_avg:37.98ms
step:631/1480 train_time:23980ms step_avg:38.00ms
step:632/1480 train_time:24040ms step_avg:38.04ms
step:633/1480 train_time:24095ms step_avg:38.06ms
step:634/1480 train_time:24156ms step_avg:38.10ms
step:635/1480 train_time:24211ms step_avg:38.13ms
step:636/1480 train_time:24271ms step_avg:38.16ms
step:637/1480 train_time:24326ms step_avg:38.19ms
step:638/1480 train_time:24386ms step_avg:38.22ms
step:639/1480 train_time:24441ms step_avg:38.25ms
step:640/1480 train_time:24501ms step_avg:38.28ms
step:641/1480 train_time:24556ms step_avg:38.31ms
step:642/1480 train_time:24617ms step_avg:38.34ms
step:643/1480 train_time:24672ms step_avg:38.37ms
step:644/1480 train_time:24732ms step_avg:38.40ms
step:645/1480 train_time:24787ms step_avg:38.43ms
step:646/1480 train_time:24848ms step_avg:38.46ms
step:647/1480 train_time:24902ms step_avg:38.49ms
step:648/1480 train_time:24963ms step_avg:38.52ms
step:649/1480 train_time:25018ms step_avg:38.55ms
step:650/1480 train_time:25079ms step_avg:38.58ms
step:651/1480 train_time:25134ms step_avg:38.61ms
step:652/1480 train_time:25194ms step_avg:38.64ms
step:653/1480 train_time:25249ms step_avg:38.67ms
step:654/1480 train_time:25309ms step_avg:38.70ms
step:655/1480 train_time:25364ms step_avg:38.72ms
step:656/1480 train_time:25425ms step_avg:38.76ms
step:657/1480 train_time:25479ms step_avg:38.78ms
step:658/1480 train_time:25540ms step_avg:38.81ms
step:659/1480 train_time:25595ms step_avg:38.84ms
step:660/1480 train_time:25656ms step_avg:38.87ms
step:661/1480 train_time:25711ms step_avg:38.90ms
step:662/1480 train_time:25771ms step_avg:38.93ms
step:663/1480 train_time:25826ms step_avg:38.95ms
step:664/1480 train_time:25885ms step_avg:38.98ms
step:665/1480 train_time:25940ms step_avg:39.01ms
step:666/1480 train_time:26001ms step_avg:39.04ms
step:667/1480 train_time:26056ms step_avg:39.06ms
step:668/1480 train_time:26117ms step_avg:39.10ms
step:669/1480 train_time:26171ms step_avg:39.12ms
step:670/1480 train_time:26232ms step_avg:39.15ms
step:671/1480 train_time:26287ms step_avg:39.18ms
step:672/1480 train_time:26347ms step_avg:39.21ms
step:673/1480 train_time:26402ms step_avg:39.23ms
step:674/1480 train_time:26462ms step_avg:39.26ms
step:675/1480 train_time:26517ms step_avg:39.28ms
step:676/1480 train_time:26578ms step_avg:39.32ms
step:677/1480 train_time:26633ms step_avg:39.34ms
step:678/1480 train_time:26693ms step_avg:39.37ms
step:679/1480 train_time:26748ms step_avg:39.39ms
step:680/1480 train_time:26808ms step_avg:39.42ms
step:681/1480 train_time:26863ms step_avg:39.45ms
step:682/1480 train_time:26924ms step_avg:39.48ms
step:683/1480 train_time:26979ms step_avg:39.50ms
step:684/1480 train_time:27039ms step_avg:39.53ms
step:685/1480 train_time:27094ms step_avg:39.55ms
step:686/1480 train_time:27154ms step_avg:39.58ms
step:687/1480 train_time:27210ms step_avg:39.61ms
step:688/1480 train_time:27269ms step_avg:39.64ms
step:689/1480 train_time:27324ms step_avg:39.66ms
step:690/1480 train_time:27384ms step_avg:39.69ms
step:691/1480 train_time:27439ms step_avg:39.71ms
step:692/1480 train_time:27500ms step_avg:39.74ms
step:693/1480 train_time:27554ms step_avg:39.76ms
step:694/1480 train_time:27615ms step_avg:39.79ms
step:695/1480 train_time:27671ms step_avg:39.81ms
step:696/1480 train_time:27731ms step_avg:39.84ms
step:697/1480 train_time:27786ms step_avg:39.86ms
step:698/1480 train_time:27846ms step_avg:39.89ms
step:699/1480 train_time:27901ms step_avg:39.92ms
step:700/1480 train_time:27961ms step_avg:39.94ms
step:701/1480 train_time:28016ms step_avg:39.97ms
step:702/1480 train_time:28076ms step_avg:39.99ms
step:703/1480 train_time:28131ms step_avg:40.02ms
step:704/1480 train_time:28192ms step_avg:40.04ms
step:705/1480 train_time:28247ms step_avg:40.07ms
step:706/1480 train_time:28307ms step_avg:40.10ms
step:707/1480 train_time:28362ms step_avg:40.12ms
step:708/1480 train_time:28423ms step_avg:40.14ms
step:709/1480 train_time:28477ms step_avg:40.17ms
step:710/1480 train_time:28538ms step_avg:40.19ms
step:711/1480 train_time:28594ms step_avg:40.22ms
step:712/1480 train_time:28654ms step_avg:40.24ms
step:713/1480 train_time:28710ms step_avg:40.27ms
step:714/1480 train_time:28770ms step_avg:40.29ms
step:715/1480 train_time:28825ms step_avg:40.31ms
step:716/1480 train_time:28884ms step_avg:40.34ms
step:717/1480 train_time:28940ms step_avg:40.36ms
step:718/1480 train_time:29000ms step_avg:40.39ms
step:719/1480 train_time:29055ms step_avg:40.41ms
step:720/1480 train_time:29115ms step_avg:40.44ms
step:721/1480 train_time:29171ms step_avg:40.46ms
step:722/1480 train_time:29231ms step_avg:40.49ms
step:723/1480 train_time:29285ms step_avg:40.51ms
step:724/1480 train_time:29346ms step_avg:40.53ms
step:725/1480 train_time:29401ms step_avg:40.55ms
step:726/1480 train_time:29462ms step_avg:40.58ms
step:727/1480 train_time:29517ms step_avg:40.60ms
step:728/1480 train_time:29578ms step_avg:40.63ms
step:729/1480 train_time:29633ms step_avg:40.65ms
step:730/1480 train_time:29692ms step_avg:40.67ms
step:731/1480 train_time:29748ms step_avg:40.69ms
step:732/1480 train_time:29808ms step_avg:40.72ms
step:733/1480 train_time:29862ms step_avg:40.74ms
step:734/1480 train_time:29923ms step_avg:40.77ms
step:735/1480 train_time:29978ms step_avg:40.79ms
step:736/1480 train_time:30038ms step_avg:40.81ms
step:737/1480 train_time:30093ms step_avg:40.83ms
step:738/1480 train_time:30153ms step_avg:40.86ms
step:739/1480 train_time:30209ms step_avg:40.88ms
step:740/1480 train_time:30269ms step_avg:40.90ms
step:741/1480 train_time:30324ms step_avg:40.92ms
step:742/1480 train_time:30384ms step_avg:40.95ms
step:743/1480 train_time:30439ms step_avg:40.97ms
step:744/1480 train_time:30499ms step_avg:40.99ms
step:745/1480 train_time:30555ms step_avg:41.01ms
step:746/1480 train_time:30616ms step_avg:41.04ms
step:747/1480 train_time:30672ms step_avg:41.06ms
step:748/1480 train_time:30732ms step_avg:41.09ms
step:749/1480 train_time:30787ms step_avg:41.10ms
step:750/1480 train_time:30848ms step_avg:41.13ms
step:750/1480 val_loss:3.7973 train_time:30914ms step_avg:41.22ms
step:751/1480 train_time:30930ms step_avg:41.19ms
step:752/1480 train_time:30965ms step_avg:41.18ms
step:753/1480 train_time:31022ms step_avg:41.20ms
step:754/1480 train_time:31085ms step_avg:41.23ms
step:755/1480 train_time:31141ms step_avg:41.25ms
step:756/1480 train_time:31202ms step_avg:41.27ms
step:757/1480 train_time:31258ms step_avg:41.29ms
step:758/1480 train_time:31318ms step_avg:41.32ms
step:759/1480 train_time:31373ms step_avg:41.33ms
step:760/1480 train_time:31433ms step_avg:41.36ms
step:761/1480 train_time:31487ms step_avg:41.38ms
step:762/1480 train_time:31547ms step_avg:41.40ms
step:763/1480 train_time:31601ms step_avg:41.42ms
step:764/1480 train_time:31661ms step_avg:41.44ms
step:765/1480 train_time:31715ms step_avg:41.46ms
step:766/1480 train_time:31775ms step_avg:41.48ms
step:767/1480 train_time:31829ms step_avg:41.50ms
step:768/1480 train_time:31890ms step_avg:41.52ms
step:769/1480 train_time:31946ms step_avg:41.54ms
step:770/1480 train_time:32007ms step_avg:41.57ms
step:771/1480 train_time:32062ms step_avg:41.59ms
step:772/1480 train_time:32123ms step_avg:41.61ms
step:773/1480 train_time:32178ms step_avg:41.63ms
step:774/1480 train_time:32238ms step_avg:41.65ms
step:775/1480 train_time:32292ms step_avg:41.67ms
step:776/1480 train_time:32352ms step_avg:41.69ms
step:777/1480 train_time:32407ms step_avg:41.71ms
step:778/1480 train_time:32467ms step_avg:41.73ms
step:779/1480 train_time:32521ms step_avg:41.75ms
step:780/1480 train_time:32582ms step_avg:41.77ms
step:781/1480 train_time:32636ms step_avg:41.79ms
step:782/1480 train_time:32696ms step_avg:41.81ms
step:783/1480 train_time:32752ms step_avg:41.83ms
step:784/1480 train_time:32812ms step_avg:41.85ms
step:785/1480 train_time:32867ms step_avg:41.87ms
step:786/1480 train_time:32928ms step_avg:41.89ms
step:787/1480 train_time:32983ms step_avg:41.91ms
step:788/1480 train_time:33044ms step_avg:41.93ms
step:789/1480 train_time:33100ms step_avg:41.95ms
step:790/1480 train_time:33160ms step_avg:41.97ms
step:791/1480 train_time:33215ms step_avg:41.99ms
step:792/1480 train_time:33276ms step_avg:42.02ms
step:793/1480 train_time:33331ms step_avg:42.03ms
step:794/1480 train_time:33391ms step_avg:42.05ms
step:795/1480 train_time:33446ms step_avg:42.07ms
step:796/1480 train_time:33507ms step_avg:42.09ms
step:797/1480 train_time:33561ms step_avg:42.11ms
step:798/1480 train_time:33621ms step_avg:42.13ms
step:799/1480 train_time:33676ms step_avg:42.15ms
step:800/1480 train_time:33736ms step_avg:42.17ms
step:801/1480 train_time:33791ms step_avg:42.19ms
step:802/1480 train_time:33851ms step_avg:42.21ms
step:803/1480 train_time:33906ms step_avg:42.22ms
step:804/1480 train_time:33966ms step_avg:42.25ms
step:805/1480 train_time:34020ms step_avg:42.26ms
step:806/1480 train_time:34081ms step_avg:42.28ms
step:807/1480 train_time:34136ms step_avg:42.30ms
step:808/1480 train_time:34196ms step_avg:42.32ms
step:809/1480 train_time:34251ms step_avg:42.34ms
step:810/1480 train_time:34312ms step_avg:42.36ms
step:811/1480 train_time:34366ms step_avg:42.38ms
step:812/1480 train_time:34427ms step_avg:42.40ms
step:813/1480 train_time:34482ms step_avg:42.41ms
step:814/1480 train_time:34542ms step_avg:42.43ms
step:815/1480 train_time:34597ms step_avg:42.45ms
step:816/1480 train_time:34657ms step_avg:42.47ms
step:817/1480 train_time:34713ms step_avg:42.49ms
step:818/1480 train_time:34773ms step_avg:42.51ms
step:819/1480 train_time:34827ms step_avg:42.52ms
step:820/1480 train_time:34888ms step_avg:42.55ms
step:821/1480 train_time:34943ms step_avg:42.56ms
step:822/1480 train_time:35003ms step_avg:42.58ms
step:823/1480 train_time:35058ms step_avg:42.60ms
step:824/1480 train_time:35118ms step_avg:42.62ms
step:825/1480 train_time:35173ms step_avg:42.63ms
step:826/1480 train_time:35234ms step_avg:42.66ms
step:827/1480 train_time:35289ms step_avg:42.67ms
step:828/1480 train_time:35350ms step_avg:42.69ms
step:829/1480 train_time:35406ms step_avg:42.71ms
step:830/1480 train_time:35465ms step_avg:42.73ms
step:831/1480 train_time:35520ms step_avg:42.74ms
step:832/1480 train_time:35580ms step_avg:42.76ms
step:833/1480 train_time:35635ms step_avg:42.78ms
step:834/1480 train_time:35696ms step_avg:42.80ms
step:835/1480 train_time:35750ms step_avg:42.81ms
step:836/1480 train_time:35811ms step_avg:42.84ms
step:837/1480 train_time:35865ms step_avg:42.85ms
step:838/1480 train_time:35925ms step_avg:42.87ms
step:839/1480 train_time:35980ms step_avg:42.88ms
step:840/1480 train_time:36041ms step_avg:42.91ms
step:841/1480 train_time:36096ms step_avg:42.92ms
step:842/1480 train_time:36156ms step_avg:42.94ms
step:843/1480 train_time:36211ms step_avg:42.95ms
step:844/1480 train_time:36272ms step_avg:42.98ms
step:845/1480 train_time:36326ms step_avg:42.99ms
step:846/1480 train_time:36386ms step_avg:43.01ms
step:847/1480 train_time:36441ms step_avg:43.02ms
step:848/1480 train_time:36501ms step_avg:43.04ms
step:849/1480 train_time:36555ms step_avg:43.06ms
step:850/1480 train_time:36615ms step_avg:43.08ms
step:851/1480 train_time:36670ms step_avg:43.09ms
step:852/1480 train_time:36731ms step_avg:43.11ms
step:853/1480 train_time:36786ms step_avg:43.12ms
step:854/1480 train_time:36846ms step_avg:43.14ms
step:855/1480 train_time:36900ms step_avg:43.16ms
step:856/1480 train_time:36960ms step_avg:43.18ms
step:857/1480 train_time:37015ms step_avg:43.19ms
step:858/1480 train_time:37075ms step_avg:43.21ms
step:859/1480 train_time:37130ms step_avg:43.22ms
step:860/1480 train_time:37191ms step_avg:43.24ms
step:861/1480 train_time:37246ms step_avg:43.26ms
step:862/1480 train_time:37306ms step_avg:43.28ms
step:863/1480 train_time:37361ms step_avg:43.29ms
step:864/1480 train_time:37421ms step_avg:43.31ms
step:865/1480 train_time:37476ms step_avg:43.32ms
step:866/1480 train_time:37536ms step_avg:43.34ms
step:867/1480 train_time:37591ms step_avg:43.36ms
step:868/1480 train_time:37652ms step_avg:43.38ms
step:869/1480 train_time:37706ms step_avg:43.39ms
step:870/1480 train_time:37767ms step_avg:43.41ms
step:871/1480 train_time:37822ms step_avg:43.42ms
step:872/1480 train_time:37882ms step_avg:43.44ms
step:873/1480 train_time:37937ms step_avg:43.46ms
step:874/1480 train_time:37997ms step_avg:43.48ms
step:875/1480 train_time:38052ms step_avg:43.49ms
step:876/1480 train_time:38113ms step_avg:43.51ms
step:877/1480 train_time:38168ms step_avg:43.52ms
step:878/1480 train_time:38228ms step_avg:43.54ms
step:879/1480 train_time:38283ms step_avg:43.55ms
step:880/1480 train_time:38343ms step_avg:43.57ms
step:881/1480 train_time:38398ms step_avg:43.58ms
step:882/1480 train_time:38458ms step_avg:43.60ms
step:883/1480 train_time:38513ms step_avg:43.62ms
step:884/1480 train_time:38572ms step_avg:43.63ms
step:885/1480 train_time:38627ms step_avg:43.65ms
step:886/1480 train_time:38688ms step_avg:43.67ms
step:887/1480 train_time:38743ms step_avg:43.68ms
step:888/1480 train_time:38803ms step_avg:43.70ms
step:889/1480 train_time:38858ms step_avg:43.71ms
step:890/1480 train_time:38918ms step_avg:43.73ms
step:891/1480 train_time:38974ms step_avg:43.74ms
step:892/1480 train_time:39035ms step_avg:43.76ms
step:893/1480 train_time:39089ms step_avg:43.77ms
step:894/1480 train_time:39150ms step_avg:43.79ms
step:895/1480 train_time:39205ms step_avg:43.80ms
step:896/1480 train_time:39265ms step_avg:43.82ms
step:897/1480 train_time:39320ms step_avg:43.83ms
step:898/1480 train_time:39380ms step_avg:43.85ms
step:899/1480 train_time:39434ms step_avg:43.86ms
step:900/1480 train_time:39495ms step_avg:43.88ms
step:901/1480 train_time:39550ms step_avg:43.90ms
step:902/1480 train_time:39610ms step_avg:43.91ms
step:903/1480 train_time:39665ms step_avg:43.93ms
step:904/1480 train_time:39724ms step_avg:43.94ms
step:905/1480 train_time:39780ms step_avg:43.96ms
step:906/1480 train_time:39840ms step_avg:43.97ms
step:907/1480 train_time:39895ms step_avg:43.99ms
step:908/1480 train_time:39956ms step_avg:44.00ms
step:909/1480 train_time:40011ms step_avg:44.02ms
step:910/1480 train_time:40071ms step_avg:44.03ms
step:911/1480 train_time:40126ms step_avg:44.05ms
step:912/1480 train_time:40187ms step_avg:44.06ms
step:913/1480 train_time:40241ms step_avg:44.08ms
step:914/1480 train_time:40301ms step_avg:44.09ms
step:915/1480 train_time:40356ms step_avg:44.10ms
step:916/1480 train_time:40417ms step_avg:44.12ms
step:917/1480 train_time:40472ms step_avg:44.14ms
step:918/1480 train_time:40532ms step_avg:44.15ms
step:919/1480 train_time:40587ms step_avg:44.16ms
step:920/1480 train_time:40648ms step_avg:44.18ms
step:921/1480 train_time:40703ms step_avg:44.19ms
step:922/1480 train_time:40763ms step_avg:44.21ms
step:923/1480 train_time:40818ms step_avg:44.22ms
step:924/1480 train_time:40878ms step_avg:44.24ms
step:925/1480 train_time:40933ms step_avg:44.25ms
step:926/1480 train_time:40993ms step_avg:44.27ms
step:927/1480 train_time:41048ms step_avg:44.28ms
step:928/1480 train_time:41109ms step_avg:44.30ms
step:929/1480 train_time:41164ms step_avg:44.31ms
step:930/1480 train_time:41224ms step_avg:44.33ms
step:931/1480 train_time:41280ms step_avg:44.34ms
step:932/1480 train_time:41340ms step_avg:44.36ms
step:933/1480 train_time:41395ms step_avg:44.37ms
step:934/1480 train_time:41455ms step_avg:44.38ms
step:935/1480 train_time:41510ms step_avg:44.40ms
step:936/1480 train_time:41570ms step_avg:44.41ms
step:937/1480 train_time:41625ms step_avg:44.42ms
step:938/1480 train_time:41685ms step_avg:44.44ms
step:939/1480 train_time:41741ms step_avg:44.45ms
step:940/1480 train_time:41801ms step_avg:44.47ms
step:941/1480 train_time:41856ms step_avg:44.48ms
step:942/1480 train_time:41916ms step_avg:44.50ms
step:943/1480 train_time:41971ms step_avg:44.51ms
step:944/1480 train_time:42031ms step_avg:44.52ms
step:945/1480 train_time:42086ms step_avg:44.54ms
step:946/1480 train_time:42147ms step_avg:44.55ms
step:947/1480 train_time:42202ms step_avg:44.56ms
step:948/1480 train_time:42262ms step_avg:44.58ms
step:949/1480 train_time:42316ms step_avg:44.59ms
step:950/1480 train_time:42377ms step_avg:44.61ms
step:951/1480 train_time:42432ms step_avg:44.62ms
step:952/1480 train_time:42492ms step_avg:44.63ms
step:953/1480 train_time:42547ms step_avg:44.65ms
step:954/1480 train_time:42608ms step_avg:44.66ms
step:955/1480 train_time:42663ms step_avg:44.67ms
step:956/1480 train_time:42723ms step_avg:44.69ms
step:957/1480 train_time:42778ms step_avg:44.70ms
step:958/1480 train_time:42838ms step_avg:44.72ms
step:959/1480 train_time:42893ms step_avg:44.73ms
step:960/1480 train_time:42953ms step_avg:44.74ms
step:961/1480 train_time:43010ms step_avg:44.76ms
step:962/1480 train_time:43099ms step_avg:44.80ms
step:963/1480 train_time:43181ms step_avg:44.84ms
step:964/1480 train_time:43268ms step_avg:44.88ms
step:965/1480 train_time:43349ms step_avg:44.92ms
step:966/1480 train_time:43435ms step_avg:44.96ms
step:967/1480 train_time:43516ms step_avg:45.00ms
step:968/1480 train_time:43604ms step_avg:45.05ms
step:969/1480 train_time:43686ms step_avg:45.08ms
step:970/1480 train_time:43772ms step_avg:45.13ms
step:971/1480 train_time:43853ms step_avg:45.16ms
step:972/1480 train_time:43940ms step_avg:45.21ms
step:973/1480 train_time:44021ms step_avg:45.24ms
step:974/1480 train_time:44109ms step_avg:45.29ms
step:975/1480 train_time:44191ms step_avg:45.32ms
step:976/1480 train_time:44278ms step_avg:45.37ms
step:977/1480 train_time:44359ms step_avg:45.40ms
step:978/1480 train_time:44445ms step_avg:45.44ms
step:979/1480 train_time:44527ms step_avg:45.48ms
step:980/1480 train_time:44614ms step_avg:45.52ms
step:981/1480 train_time:44696ms step_avg:45.56ms
step:982/1480 train_time:44784ms step_avg:45.60ms
step:983/1480 train_time:44864ms step_avg:45.64ms
step:984/1480 train_time:44950ms step_avg:45.68ms
step:985/1480 train_time:45030ms step_avg:45.72ms
step:986/1480 train_time:45119ms step_avg:45.76ms
step:987/1480 train_time:45200ms step_avg:45.80ms
step:988/1480 train_time:45287ms step_avg:45.84ms
step:989/1480 train_time:45369ms step_avg:45.87ms
step:990/1480 train_time:45455ms step_avg:45.91ms
step:991/1480 train_time:45536ms step_avg:45.95ms
step:992/1480 train_time:45624ms step_avg:45.99ms
step:993/1480 train_time:45705ms step_avg:46.03ms
step:994/1480 train_time:45791ms step_avg:46.07ms
step:995/1480 train_time:45874ms step_avg:46.10ms
step:996/1480 train_time:45960ms step_avg:46.14ms
step:997/1480 train_time:46040ms step_avg:46.18ms
step:998/1480 train_time:46126ms step_avg:46.22ms
step:999/1480 train_time:46210ms step_avg:46.26ms
step:1000/1480 train_time:46297ms step_avg:46.30ms
step:1000/1480 val_loss:3.5106 train_time:46391ms step_avg:46.39ms
step:1001/1480 train_time:46407ms step_avg:46.36ms
step:1002/1480 train_time:46469ms step_avg:46.38ms
step:1003/1480 train_time:46554ms step_avg:46.42ms
step:1004/1480 train_time:46646ms step_avg:46.46ms
step:1005/1480 train_time:46727ms step_avg:46.49ms
step:1006/1480 train_time:46813ms step_avg:46.53ms
step:1007/1480 train_time:46894ms step_avg:46.57ms
step:1008/1480 train_time:46980ms step_avg:46.61ms
step:1009/1480 train_time:47061ms step_avg:46.64ms
step:1010/1480 train_time:47147ms step_avg:46.68ms
step:1011/1480 train_time:47227ms step_avg:46.71ms
step:1012/1480 train_time:47313ms step_avg:46.75ms
step:1013/1480 train_time:47395ms step_avg:46.79ms
step:1014/1480 train_time:47483ms step_avg:46.83ms
step:1015/1480 train_time:47565ms step_avg:46.86ms
step:1016/1480 train_time:47653ms step_avg:46.90ms
step:1017/1480 train_time:47736ms step_avg:46.94ms
step:1018/1480 train_time:47822ms step_avg:46.98ms
step:1019/1480 train_time:47903ms step_avg:47.01ms
step:1020/1480 train_time:47989ms step_avg:47.05ms
step:1021/1480 train_time:48070ms step_avg:47.08ms
step:1022/1480 train_time:48157ms step_avg:47.12ms
step:1023/1480 train_time:48238ms step_avg:47.15ms
step:1024/1480 train_time:48325ms step_avg:47.19ms
step:1025/1480 train_time:48406ms step_avg:47.23ms
step:1026/1480 train_time:48493ms step_avg:47.26ms
step:1027/1480 train_time:48575ms step_avg:47.30ms
step:1028/1480 train_time:48662ms step_avg:47.34ms
step:1029/1480 train_time:48745ms step_avg:47.37ms
step:1030/1480 train_time:48830ms step_avg:47.41ms
step:1031/1480 train_time:48911ms step_avg:47.44ms
step:1032/1480 train_time:48999ms step_avg:47.48ms
step:1033/1480 train_time:49080ms step_avg:47.51ms
step:1034/1480 train_time:49165ms step_avg:47.55ms
step:1035/1480 train_time:49247ms step_avg:47.58ms
step:1036/1480 train_time:49334ms step_avg:47.62ms
step:1037/1480 train_time:49415ms step_avg:47.65ms
step:1038/1480 train_time:49503ms step_avg:47.69ms
step:1039/1480 train_time:49584ms step_avg:47.72ms
step:1040/1480 train_time:49670ms step_avg:47.76ms
step:1041/1480 train_time:49753ms step_avg:47.79ms
step:1042/1480 train_time:49839ms step_avg:47.83ms
step:1043/1480 train_time:49920ms step_avg:47.86ms
step:1044/1480 train_time:50007ms step_avg:47.90ms
step:1045/1480 train_time:50088ms step_avg:47.93ms
step:1046/1480 train_time:50174ms step_avg:47.97ms
step:1047/1480 train_time:50256ms step_avg:48.00ms
step:1048/1480 train_time:50344ms step_avg:48.04ms
step:1049/1480 train_time:50424ms step_avg:48.07ms
step:1050/1480 train_time:50511ms step_avg:48.11ms
step:1051/1480 train_time:50592ms step_avg:48.14ms
step:1052/1480 train_time:50679ms step_avg:48.17ms
step:1053/1480 train_time:50761ms step_avg:48.21ms
step:1054/1480 train_time:50848ms step_avg:48.24ms
step:1055/1480 train_time:50929ms step_avg:48.27ms
step:1056/1480 train_time:51015ms step_avg:48.31ms
step:1057/1480 train_time:51096ms step_avg:48.34ms
step:1058/1480 train_time:51183ms step_avg:48.38ms
step:1059/1480 train_time:51264ms step_avg:48.41ms
step:1060/1480 train_time:51351ms step_avg:48.44ms
step:1061/1480 train_time:51434ms step_avg:48.48ms
step:1062/1480 train_time:51520ms step_avg:48.51ms
step:1063/1480 train_time:51602ms step_avg:48.54ms
step:1064/1480 train_time:51688ms step_avg:48.58ms
step:1065/1480 train_time:51770ms step_avg:48.61ms
step:1066/1480 train_time:51858ms step_avg:48.65ms
step:1067/1480 train_time:51939ms step_avg:48.68ms
step:1068/1480 train_time:52026ms step_avg:48.71ms
step:1069/1480 train_time:52107ms step_avg:48.74ms
step:1070/1480 train_time:52193ms step_avg:48.78ms
step:1071/1480 train_time:52274ms step_avg:48.81ms
step:1072/1480 train_time:52361ms step_avg:48.84ms
step:1073/1480 train_time:52442ms step_avg:48.87ms
step:1074/1480 train_time:52530ms step_avg:48.91ms
step:1075/1480 train_time:52611ms step_avg:48.94ms
step:1076/1480 train_time:52698ms step_avg:48.98ms
step:1077/1480 train_time:52779ms step_avg:49.01ms
step:1078/1480 train_time:52866ms step_avg:49.04ms
step:1079/1480 train_time:52948ms step_avg:49.07ms
step:1080/1480 train_time:53035ms step_avg:49.11ms
step:1081/1480 train_time:53116ms step_avg:49.14ms
step:1082/1480 train_time:53203ms step_avg:49.17ms
step:1083/1480 train_time:53282ms step_avg:49.20ms
step:1084/1480 train_time:53369ms step_avg:49.23ms
step:1085/1480 train_time:53451ms step_avg:49.26ms
step:1086/1480 train_time:53537ms step_avg:49.30ms
step:1087/1480 train_time:53618ms step_avg:49.33ms
step:1088/1480 train_time:53705ms step_avg:49.36ms
step:1089/1480 train_time:53787ms step_avg:49.39ms
step:1090/1480 train_time:53874ms step_avg:49.43ms
step:1091/1480 train_time:53955ms step_avg:49.45ms
step:1092/1480 train_time:54043ms step_avg:49.49ms
step:1093/1480 train_time:54124ms step_avg:49.52ms
step:1094/1480 train_time:54211ms step_avg:49.55ms
step:1095/1480 train_time:54293ms step_avg:49.58ms
step:1096/1480 train_time:54380ms step_avg:49.62ms
step:1097/1480 train_time:54461ms step_avg:49.65ms
step:1098/1480 train_time:54549ms step_avg:49.68ms
step:1099/1480 train_time:54629ms step_avg:49.71ms
step:1100/1480 train_time:54715ms step_avg:49.74ms
step:1101/1480 train_time:54798ms step_avg:49.77ms
step:1102/1480 train_time:54884ms step_avg:49.80ms
step:1103/1480 train_time:54966ms step_avg:49.83ms
step:1104/1480 train_time:55055ms step_avg:49.87ms
step:1105/1480 train_time:55136ms step_avg:49.90ms
step:1106/1480 train_time:55224ms step_avg:49.93ms
step:1107/1480 train_time:55304ms step_avg:49.96ms
step:1108/1480 train_time:55391ms step_avg:49.99ms
step:1109/1480 train_time:55473ms step_avg:50.02ms
step:1110/1480 train_time:55560ms step_avg:50.05ms
step:1111/1480 train_time:55642ms step_avg:50.08ms
step:1112/1480 train_time:55728ms step_avg:50.12ms
step:1113/1480 train_time:55811ms step_avg:50.14ms
step:1114/1480 train_time:55897ms step_avg:50.18ms
step:1115/1480 train_time:55978ms step_avg:50.20ms
step:1116/1480 train_time:56065ms step_avg:50.24ms
step:1117/1480 train_time:56148ms step_avg:50.27ms
step:1118/1480 train_time:56235ms step_avg:50.30ms
step:1119/1480 train_time:56316ms step_avg:50.33ms
step:1120/1480 train_time:56403ms step_avg:50.36ms
step:1121/1480 train_time:56483ms step_avg:50.39ms
step:1122/1480 train_time:56569ms step_avg:50.42ms
step:1123/1480 train_time:56652ms step_avg:50.45ms
step:1124/1480 train_time:56739ms step_avg:50.48ms
step:1125/1480 train_time:56822ms step_avg:50.51ms
step:1126/1480 train_time:56908ms step_avg:50.54ms
step:1127/1480 train_time:56989ms step_avg:50.57ms
step:1128/1480 train_time:57075ms step_avg:50.60ms
step:1129/1480 train_time:57157ms step_avg:50.63ms
step:1130/1480 train_time:57244ms step_avg:50.66ms
step:1131/1480 train_time:57326ms step_avg:50.69ms
step:1132/1480 train_time:57413ms step_avg:50.72ms
step:1133/1480 train_time:57494ms step_avg:50.75ms
step:1134/1480 train_time:57580ms step_avg:50.78ms
step:1135/1480 train_time:57661ms step_avg:50.80ms
step:1136/1480 train_time:57749ms step_avg:50.84ms
step:1137/1480 train_time:57830ms step_avg:50.86ms
step:1138/1480 train_time:57918ms step_avg:50.89ms
step:1139/1480 train_time:58000ms step_avg:50.92ms
step:1140/1480 train_time:58086ms step_avg:50.95ms
step:1141/1480 train_time:58166ms step_avg:50.98ms
step:1142/1480 train_time:58253ms step_avg:51.01ms
step:1143/1480 train_time:58335ms step_avg:51.04ms
step:1144/1480 train_time:58421ms step_avg:51.07ms
step:1145/1480 train_time:58502ms step_avg:51.09ms
step:1146/1480 train_time:58590ms step_avg:51.13ms
step:1147/1480 train_time:58671ms step_avg:51.15ms
step:1148/1480 train_time:58758ms step_avg:51.18ms
step:1149/1480 train_time:58839ms step_avg:51.21ms
step:1150/1480 train_time:58926ms step_avg:51.24ms
step:1151/1480 train_time:59009ms step_avg:51.27ms
step:1152/1480 train_time:59097ms step_avg:51.30ms
step:1153/1480 train_time:59178ms step_avg:51.33ms
step:1154/1480 train_time:59265ms step_avg:51.36ms
step:1155/1480 train_time:59346ms step_avg:51.38ms
step:1156/1480 train_time:59433ms step_avg:51.41ms
step:1157/1480 train_time:59515ms step_avg:51.44ms
step:1158/1480 train_time:59601ms step_avg:51.47ms
step:1159/1480 train_time:59682ms step_avg:51.49ms
step:1160/1480 train_time:59768ms step_avg:51.52ms
step:1161/1480 train_time:59849ms step_avg:51.55ms
step:1162/1480 train_time:59937ms step_avg:51.58ms
step:1163/1480 train_time:60017ms step_avg:51.61ms
step:1164/1480 train_time:60104ms step_avg:51.64ms
step:1165/1480 train_time:60185ms step_avg:51.66ms
step:1166/1480 train_time:60272ms step_avg:51.69ms
step:1167/1480 train_time:60355ms step_avg:51.72ms
step:1168/1480 train_time:60441ms step_avg:51.75ms
step:1169/1480 train_time:60522ms step_avg:51.77ms
step:1170/1480 train_time:60609ms step_avg:51.80ms
step:1171/1480 train_time:60691ms step_avg:51.83ms
step:1172/1480 train_time:60777ms step_avg:51.86ms
step:1173/1480 train_time:60858ms step_avg:51.88ms
step:1174/1480 train_time:60944ms step_avg:51.91ms
step:1175/1480 train_time:61027ms step_avg:51.94ms
step:1176/1480 train_time:61114ms step_avg:51.97ms
step:1177/1480 train_time:61196ms step_avg:51.99ms
step:1178/1480 train_time:61282ms step_avg:52.02ms
step:1179/1480 train_time:61363ms step_avg:52.05ms
step:1180/1480 train_time:61450ms step_avg:52.08ms
step:1181/1480 train_time:61533ms step_avg:52.10ms
step:1182/1480 train_time:61620ms step_avg:52.13ms
step:1183/1480 train_time:61703ms step_avg:52.16ms
step:1184/1480 train_time:61789ms step_avg:52.19ms
step:1185/1480 train_time:61870ms step_avg:52.21ms
step:1186/1480 train_time:61958ms step_avg:52.24ms
step:1187/1480 train_time:62040ms step_avg:52.27ms
step:1188/1480 train_time:62127ms step_avg:52.30ms
step:1189/1480 train_time:62209ms step_avg:52.32ms
step:1190/1480 train_time:62296ms step_avg:52.35ms
step:1191/1480 train_time:62377ms step_avg:52.37ms
step:1192/1480 train_time:62464ms step_avg:52.40ms
step:1193/1480 train_time:62544ms step_avg:52.43ms
step:1194/1480 train_time:62632ms step_avg:52.46ms
step:1195/1480 train_time:62716ms step_avg:52.48ms
step:1196/1480 train_time:62801ms step_avg:52.51ms
step:1197/1480 train_time:62883ms step_avg:52.53ms
step:1198/1480 train_time:62969ms step_avg:52.56ms
step:1199/1480 train_time:63052ms step_avg:52.59ms
step:1200/1480 train_time:63138ms step_avg:52.62ms
step:1201/1480 train_time:63219ms step_avg:52.64ms
step:1202/1480 train_time:63307ms step_avg:52.67ms
step:1203/1480 train_time:63387ms step_avg:52.69ms
step:1204/1480 train_time:63474ms step_avg:52.72ms
step:1205/1480 train_time:63556ms step_avg:52.74ms
step:1206/1480 train_time:63643ms step_avg:52.77ms
step:1207/1480 train_time:63724ms step_avg:52.79ms
step:1208/1480 train_time:63810ms step_avg:52.82ms
step:1209/1480 train_time:63892ms step_avg:52.85ms
step:1210/1480 train_time:63979ms step_avg:52.88ms
step:1211/1480 train_time:64060ms step_avg:52.90ms
step:1212/1480 train_time:64147ms step_avg:52.93ms
step:1213/1480 train_time:64229ms step_avg:52.95ms
step:1214/1480 train_time:64315ms step_avg:52.98ms
step:1215/1480 train_time:64396ms step_avg:53.00ms
step:1216/1480 train_time:64482ms step_avg:53.03ms
step:1217/1480 train_time:64563ms step_avg:53.05ms
step:1218/1480 train_time:64650ms step_avg:53.08ms
step:1219/1480 train_time:64731ms step_avg:53.10ms
step:1220/1480 train_time:64818ms step_avg:53.13ms
step:1221/1480 train_time:64900ms step_avg:53.15ms
step:1222/1480 train_time:64985ms step_avg:53.18ms
step:1223/1480 train_time:65066ms step_avg:53.20ms
step:1224/1480 train_time:65153ms step_avg:53.23ms
step:1225/1480 train_time:65235ms step_avg:53.25ms
step:1226/1480 train_time:65323ms step_avg:53.28ms
step:1227/1480 train_time:65404ms step_avg:53.30ms
step:1228/1480 train_time:65490ms step_avg:53.33ms
step:1229/1480 train_time:65570ms step_avg:53.35ms
step:1230/1480 train_time:65657ms step_avg:53.38ms
step:1231/1480 train_time:65739ms step_avg:53.40ms
step:1232/1480 train_time:65825ms step_avg:53.43ms
step:1233/1480 train_time:65908ms step_avg:53.45ms
step:1234/1480 train_time:65996ms step_avg:53.48ms
step:1235/1480 train_time:66076ms step_avg:53.50ms
step:1236/1480 train_time:66163ms step_avg:53.53ms
step:1237/1480 train_time:66245ms step_avg:53.55ms
step:1238/1480 train_time:66331ms step_avg:53.58ms
step:1239/1480 train_time:66414ms step_avg:53.60ms
step:1240/1480 train_time:66501ms step_avg:53.63ms
step:1241/1480 train_time:66581ms step_avg:53.65ms
step:1242/1480 train_time:66668ms step_avg:53.68ms
step:1243/1480 train_time:66750ms step_avg:53.70ms
step:1244/1480 train_time:66836ms step_avg:53.73ms
step:1245/1480 train_time:66918ms step_avg:53.75ms
step:1246/1480 train_time:67004ms step_avg:53.78ms
step:1247/1480 train_time:67085ms step_avg:53.80ms
step:1248/1480 train_time:67173ms step_avg:53.82ms
step:1249/1480 train_time:67254ms step_avg:53.85ms
step:1250/1480 train_time:67340ms step_avg:53.87ms
step:1250/1480 val_loss:3.3672 train_time:67436ms step_avg:53.95ms
step:1251/1480 train_time:67453ms step_avg:53.92ms
step:1252/1480 train_time:67516ms step_avg:53.93ms
step:1253/1480 train_time:67599ms step_avg:53.95ms
step:1254/1480 train_time:67687ms step_avg:53.98ms
step:1255/1480 train_time:67768ms step_avg:54.00ms
step:1256/1480 train_time:67854ms step_avg:54.02ms
step:1257/1480 train_time:67935ms step_avg:54.05ms
step:1258/1480 train_time:68022ms step_avg:54.07ms
step:1259/1480 train_time:68102ms step_avg:54.09ms
step:1260/1480 train_time:68188ms step_avg:54.12ms
step:1261/1480 train_time:68267ms step_avg:54.14ms
step:1262/1480 train_time:68353ms step_avg:54.16ms
step:1263/1480 train_time:68436ms step_avg:54.19ms
step:1264/1480 train_time:68524ms step_avg:54.21ms
step:1265/1480 train_time:68606ms step_avg:54.23ms
step:1266/1480 train_time:68693ms step_avg:54.26ms
step:1267/1480 train_time:68775ms step_avg:54.28ms
step:1268/1480 train_time:68862ms step_avg:54.31ms
step:1269/1480 train_time:68944ms step_avg:54.33ms
step:1270/1480 train_time:69030ms step_avg:54.35ms
step:1271/1480 train_time:69111ms step_avg:54.38ms
step:1272/1480 train_time:69196ms step_avg:54.40ms
step:1273/1480 train_time:69277ms step_avg:54.42ms
step:1274/1480 train_time:69364ms step_avg:54.45ms
step:1275/1480 train_time:69446ms step_avg:54.47ms
step:1276/1480 train_time:69536ms step_avg:54.49ms
step:1277/1480 train_time:69617ms step_avg:54.52ms
step:1278/1480 train_time:69703ms step_avg:54.54ms
step:1279/1480 train_time:69785ms step_avg:54.56ms
step:1280/1480 train_time:69871ms step_avg:54.59ms
step:1281/1480 train_time:69953ms step_avg:54.61ms
step:1282/1480 train_time:70040ms step_avg:54.63ms
step:1283/1480 train_time:70122ms step_avg:54.65ms
step:1284/1480 train_time:70208ms step_avg:54.68ms
step:1285/1480 train_time:70288ms step_avg:54.70ms
step:1286/1480 train_time:70375ms step_avg:54.72ms
step:1287/1480 train_time:70456ms step_avg:54.74ms
step:1288/1480 train_time:70545ms step_avg:54.77ms
step:1289/1480 train_time:70626ms step_avg:54.79ms
step:1290/1480 train_time:70713ms step_avg:54.82ms
step:1291/1480 train_time:70795ms step_avg:54.84ms
step:1292/1480 train_time:70883ms step_avg:54.86ms
step:1293/1480 train_time:70963ms step_avg:54.88ms
step:1294/1480 train_time:71050ms step_avg:54.91ms
step:1295/1480 train_time:71133ms step_avg:54.93ms
step:1296/1480 train_time:71219ms step_avg:54.95ms
step:1297/1480 train_time:71300ms step_avg:54.97ms
step:1298/1480 train_time:71386ms step_avg:55.00ms
step:1299/1480 train_time:71469ms step_avg:55.02ms
step:1300/1480 train_time:71557ms step_avg:55.04ms
step:1301/1480 train_time:71638ms step_avg:55.06ms
step:1302/1480 train_time:71725ms step_avg:55.09ms
step:1303/1480 train_time:71806ms step_avg:55.11ms
step:1304/1480 train_time:71892ms step_avg:55.13ms
step:1305/1480 train_time:71974ms step_avg:55.15ms
step:1306/1480 train_time:72061ms step_avg:55.18ms
step:1307/1480 train_time:72141ms step_avg:55.20ms
step:1308/1480 train_time:72229ms step_avg:55.22ms
step:1309/1480 train_time:72310ms step_avg:55.24ms
step:1310/1480 train_time:72396ms step_avg:55.26ms
step:1311/1480 train_time:72477ms step_avg:55.28ms
step:1312/1480 train_time:72566ms step_avg:55.31ms
step:1313/1480 train_time:72647ms step_avg:55.33ms
step:1314/1480 train_time:72734ms step_avg:55.35ms
step:1315/1480 train_time:72816ms step_avg:55.37ms
step:1316/1480 train_time:72902ms step_avg:55.40ms
step:1317/1480 train_time:72983ms step_avg:55.42ms
step:1318/1480 train_time:73069ms step_avg:55.44ms
step:1319/1480 train_time:73152ms step_avg:55.46ms
step:1320/1480 train_time:73238ms step_avg:55.48ms
step:1321/1480 train_time:73319ms step_avg:55.50ms
step:1322/1480 train_time:73405ms step_avg:55.53ms
step:1323/1480 train_time:73486ms step_avg:55.54ms
step:1324/1480 train_time:73573ms step_avg:55.57ms
step:1325/1480 train_time:73657ms step_avg:55.59ms
step:1326/1480 train_time:73744ms step_avg:55.61ms
step:1327/1480 train_time:73826ms step_avg:55.63ms
step:1328/1480 train_time:73912ms step_avg:55.66ms
step:1329/1480 train_time:73993ms step_avg:55.68ms
step:1330/1480 train_time:74080ms step_avg:55.70ms
step:1331/1480 train_time:74162ms step_avg:55.72ms
step:1332/1480 train_time:74247ms step_avg:55.74ms
step:1333/1480 train_time:74329ms step_avg:55.76ms
step:1334/1480 train_time:74416ms step_avg:55.78ms
step:1335/1480 train_time:74497ms step_avg:55.80ms
step:1336/1480 train_time:74583ms step_avg:55.83ms
step:1337/1480 train_time:74665ms step_avg:55.85ms
step:1338/1480 train_time:74753ms step_avg:55.87ms
step:1339/1480 train_time:74834ms step_avg:55.89ms
step:1340/1480 train_time:74921ms step_avg:55.91ms
step:1341/1480 train_time:75002ms step_avg:55.93ms
step:1342/1480 train_time:75088ms step_avg:55.95ms
step:1343/1480 train_time:75171ms step_avg:55.97ms
step:1344/1480 train_time:75257ms step_avg:55.99ms
step:1345/1480 train_time:75339ms step_avg:56.01ms
step:1346/1480 train_time:75425ms step_avg:56.04ms
step:1347/1480 train_time:75506ms step_avg:56.06ms
step:1348/1480 train_time:75592ms step_avg:56.08ms
step:1349/1480 train_time:75675ms step_avg:56.10ms
step:1350/1480 train_time:75763ms step_avg:56.12ms
step:1351/1480 train_time:75844ms step_avg:56.14ms
step:1352/1480 train_time:75931ms step_avg:56.16ms
step:1353/1480 train_time:76012ms step_avg:56.18ms
step:1354/1480 train_time:76098ms step_avg:56.20ms
step:1355/1480 train_time:76179ms step_avg:56.22ms
step:1356/1480 train_time:76266ms step_avg:56.24ms
step:1357/1480 train_time:76348ms step_avg:56.26ms
step:1358/1480 train_time:76435ms step_avg:56.28ms
step:1359/1480 train_time:76516ms step_avg:56.30ms
step:1360/1480 train_time:76603ms step_avg:56.33ms
step:1361/1480 train_time:76684ms step_avg:56.34ms
step:1362/1480 train_time:76772ms step_avg:56.37ms
step:1363/1480 train_time:76854ms step_avg:56.39ms
step:1364/1480 train_time:76941ms step_avg:56.41ms
step:1365/1480 train_time:77022ms step_avg:56.43ms
step:1366/1480 train_time:77108ms step_avg:56.45ms
step:1367/1480 train_time:77189ms step_avg:56.47ms
step:1368/1480 train_time:77277ms step_avg:56.49ms
step:1369/1480 train_time:77358ms step_avg:56.51ms
step:1370/1480 train_time:77446ms step_avg:56.53ms
step:1371/1480 train_time:77527ms step_avg:56.55ms
step:1372/1480 train_time:77614ms step_avg:56.57ms
step:1373/1480 train_time:77696ms step_avg:56.59ms
step:1374/1480 train_time:77783ms step_avg:56.61ms
step:1375/1480 train_time:77864ms step_avg:56.63ms
step:1376/1480 train_time:77951ms step_avg:56.65ms
step:1377/1480 train_time:78033ms step_avg:56.67ms
step:1378/1480 train_time:78120ms step_avg:56.69ms
step:1379/1480 train_time:78202ms step_avg:56.71ms
step:1380/1480 train_time:78288ms step_avg:56.73ms
step:1381/1480 train_time:78370ms step_avg:56.75ms
step:1382/1480 train_time:78457ms step_avg:56.77ms
step:1383/1480 train_time:78538ms step_avg:56.79ms
step:1384/1480 train_time:78625ms step_avg:56.81ms
step:1385/1480 train_time:78707ms step_avg:56.83ms
step:1386/1480 train_time:78795ms step_avg:56.85ms
step:1387/1480 train_time:78877ms step_avg:56.87ms
step:1388/1480 train_time:78964ms step_avg:56.89ms
step:1389/1480 train_time:79046ms step_avg:56.91ms
step:1390/1480 train_time:79132ms step_avg:56.93ms
step:1391/1480 train_time:79212ms step_avg:56.95ms
step:1392/1480 train_time:79299ms step_avg:56.97ms
step:1393/1480 train_time:79381ms step_avg:56.99ms
step:1394/1480 train_time:79467ms step_avg:57.01ms
step:1395/1480 train_time:79550ms step_avg:57.03ms
step:1396/1480 train_time:79637ms step_avg:57.05ms
step:1397/1480 train_time:79719ms step_avg:57.06ms
step:1398/1480 train_time:79806ms step_avg:57.09ms
step:1399/1480 train_time:79887ms step_avg:57.10ms
step:1400/1480 train_time:79974ms step_avg:57.12ms
step:1401/1480 train_time:80057ms step_avg:57.14ms
step:1402/1480 train_time:80144ms step_avg:57.16ms
step:1403/1480 train_time:80226ms step_avg:57.18ms
step:1404/1480 train_time:80312ms step_avg:57.20ms
step:1405/1480 train_time:80394ms step_avg:57.22ms
step:1406/1480 train_time:80482ms step_avg:57.24ms
step:1407/1480 train_time:80563ms step_avg:57.26ms
step:1408/1480 train_time:80650ms step_avg:57.28ms
step:1409/1480 train_time:80731ms step_avg:57.30ms
step:1410/1480 train_time:80818ms step_avg:57.32ms
step:1411/1480 train_time:80899ms step_avg:57.33ms
step:1412/1480 train_time:80985ms step_avg:57.36ms
step:1413/1480 train_time:81067ms step_avg:57.37ms
step:1414/1480 train_time:81154ms step_avg:57.39ms
step:1415/1480 train_time:81236ms step_avg:57.41ms
step:1416/1480 train_time:81323ms step_avg:57.43ms
step:1417/1480 train_time:81404ms step_avg:57.45ms
step:1418/1480 train_time:81491ms step_avg:57.47ms
step:1419/1480 train_time:81574ms step_avg:57.49ms
step:1420/1480 train_time:81661ms step_avg:57.51ms
step:1421/1480 train_time:81743ms step_avg:57.53ms
step:1422/1480 train_time:81831ms step_avg:57.55ms
step:1423/1480 train_time:81912ms step_avg:57.56ms
step:1424/1480 train_time:81998ms step_avg:57.58ms
step:1425/1480 train_time:82078ms step_avg:57.60ms
step:1426/1480 train_time:82166ms step_avg:57.62ms
step:1427/1480 train_time:82246ms step_avg:57.64ms
step:1428/1480 train_time:82333ms step_avg:57.66ms
step:1429/1480 train_time:82415ms step_avg:57.67ms
step:1430/1480 train_time:82502ms step_avg:57.69ms
step:1431/1480 train_time:82584ms step_avg:57.71ms
step:1432/1480 train_time:82670ms step_avg:57.73ms
step:1433/1480 train_time:82752ms step_avg:57.75ms
step:1434/1480 train_time:82838ms step_avg:57.77ms
step:1435/1480 train_time:82920ms step_avg:57.78ms
step:1436/1480 train_time:83007ms step_avg:57.80ms
step:1437/1480 train_time:83087ms step_avg:57.82ms
step:1438/1480 train_time:83173ms step_avg:57.84ms
step:1439/1480 train_time:83255ms step_avg:57.86ms
step:1440/1480 train_time:83341ms step_avg:57.88ms
step:1441/1480 train_time:83426ms step_avg:57.89ms
step:1442/1480 train_time:83515ms step_avg:57.92ms
step:1443/1480 train_time:83596ms step_avg:57.93ms
step:1444/1480 train_time:83684ms step_avg:57.95ms
step:1445/1480 train_time:83765ms step_avg:57.97ms
step:1446/1480 train_time:83853ms step_avg:57.99ms
step:1447/1480 train_time:83935ms step_avg:58.01ms
step:1448/1480 train_time:84022ms step_avg:58.03ms
step:1449/1480 train_time:84103ms step_avg:58.04ms
step:1450/1480 train_time:84190ms step_avg:58.06ms
step:1451/1480 train_time:84273ms step_avg:58.08ms
step:1452/1480 train_time:84361ms step_avg:58.10ms
step:1453/1480 train_time:84443ms step_avg:58.12ms
step:1454/1480 train_time:84531ms step_avg:58.14ms
step:1455/1480 train_time:84614ms step_avg:58.15ms
step:1456/1480 train_time:84700ms step_avg:58.17ms
step:1457/1480 train_time:84781ms step_avg:58.19ms
step:1458/1480 train_time:84868ms step_avg:58.21ms
step:1459/1480 train_time:84950ms step_avg:58.23ms
step:1460/1480 train_time:85037ms step_avg:58.24ms
step:1461/1480 train_time:85119ms step_avg:58.26ms
step:1462/1480 train_time:85206ms step_avg:58.28ms
step:1463/1480 train_time:85285ms step_avg:58.29ms
step:1464/1480 train_time:85374ms step_avg:58.32ms
step:1465/1480 train_time:85457ms step_avg:58.33ms
step:1466/1480 train_time:85545ms step_avg:58.35ms
step:1467/1480 train_time:85626ms step_avg:58.37ms
step:1468/1480 train_time:85713ms step_avg:58.39ms
step:1469/1480 train_time:85795ms step_avg:58.40ms
step:1470/1480 train_time:85883ms step_avg:58.42ms
step:1471/1480 train_time:85964ms step_avg:58.44ms
step:1472/1480 train_time:86051ms step_avg:58.46ms
step:1473/1480 train_time:86133ms step_avg:58.47ms
step:1474/1480 train_time:86219ms step_avg:58.49ms
step:1475/1480 train_time:86300ms step_avg:58.51ms
step:1476/1480 train_time:86387ms step_avg:58.53ms
step:1477/1480 train_time:86471ms step_avg:58.55ms
step:1478/1480 train_time:86559ms step_avg:58.56ms
step:1479/1480 train_time:86640ms step_avg:58.58ms
step:1480/1480 train_time:86728ms step_avg:58.60ms
step:1480/1480 val_loss:3.2782 train_time:86823ms step_avg:58.66ms
peak memory allocated: 31331 MiB reserved: 45906 MiB
