W0420 02:17:31.634000 130266 torch/distributed/run.py:852] 
W0420 02:17:31.634000 130266 torch/distributed/run.py:852] *****************************************
W0420 02:17:31.634000 130266 torch/distributed/run.py:852] Setting OMP_NUM_THREADS environment variable for each process to be 1 in default, to avoid your system being overloaded, please further tune the variable for optimal performance in your application as needed. 
W0420 02:17:31.634000 130266 torch/distributed/run.py:852] *****************************************
[Gloo] Rank 0 is connected to 7 peer ranks. Expected number of connected peer ranks is : 7
[Gloo] Rank 1 is connected to 7 peer ranks. Expected number of connected peer ranks is : 7
[Gloo] Rank 2 is connected to 7 peer ranks. Expected number of connected peer ranks is : 7
[Gloo] Rank [Gloo] Rank [Gloo] Rank [Gloo] Rank [Gloo] Rank 63457 is connected to  is connected to  is connected to  is connected to  is connected to 77777 peer ranks.  peer ranks.  peer ranks.  peer ranks.  peer ranks. Expected number of connected peer ranks is : Expected number of connected peer ranks is : Expected number of connected peer ranks is : Expected number of connected peer ranks is : Expected number of connected peer ranks is : 77777




Warning: You are sending unauthenticated requests to the HF Hub. Please set a HF_TOKEN to enable higher rate limits and faster downloads.
Warning: You are sending unauthenticated requests to the HF Hub. Please set a HF_TOKEN to enable higher rate limits and faster downloads.
Warning: You are sending unauthenticated requests to the HF Hub. Please set a HF_TOKEN to enable higher rate limits and faster downloads.
Warning: You are sending unauthenticated requests to the HF Hub. Please set a HF_TOKEN to enable higher rate limits and faster downloads.
Fetching 4 files:   0%|          | 0/4 [00:00<?, ?it/s]Fetching 4 files: 100%|██████████| 4/4 [00:00<00:00, 94786.53it/s]
Fetching 4 files:   0%|          | 0/4 [00:00<?, ?it/s]Fetching 4 files: 100%|██████████| 4/4 [00:00<00:00, 56871.92it/s]
Fetching 4 files:   0%|          | 0/4 [00:00<?, ?it/s]Fetching 4 files: 100%|██████████| 4/4 [00:00<00:00, 75915.00it/s]
Fetching 4 files:   0%|          | 0/4 [00:00<?, ?it/s]Fetching 4 files: 100%|██████████| 4/4 [00:00<00:00, 90200.09it/s]
Fetching 4 files:   0%|          | 0/4 [00:00<?, ?it/s]Fetching 4 files: 100%|██████████| 4/4 [00:00<00:00, 86928.58it/s]
Fetching 4 files:   0%|          | 0/4 [00:00<?, ?it/s]Fetching 4 files: 100%|██████████| 4/4 [00:00<00:00, 99864.38it/s]
logs/b822e281-addc-465a-9daa-112f4528000d.txt
Fetching 4 files:   0%|          | 0/4 [00:00<?, ?it/s]Fetching 4 files: 100%|██████████| 4/4 [00:00<00:00, 98112.37it/s]
Fetching 4 files:   0%|          | 0/4 [00:00<?, ?it/s]Fetching 4 files: 100%|██████████| 4/4 [00:00<00:00, 83886.08it/s]
Compiling model and warming up kernels (~7 minutes on first execution)
Sampling steps [0, 1, 478, 479, 480, 481, 958, 959, 960, 961, 1438, 1439, 1440, 1441] for warmup
Resetting Model
step:0/1480 val_loss:10.8254 train_time:0ms step_avg:0.03ms
step:1/1480 train_time:67ms step_avg:66.95ms
step:2/1480 train_time:88ms step_avg:43.80ms
step:3/1480 train_time:106ms step_avg:35.44ms
step:4/1480 train_time:141ms step_avg:35.35ms
step:5/1480 train_time:170ms step_avg:33.91ms
step:6/1480 train_time:205ms step_avg:34.12ms
step:7/1480 train_time:233ms step_avg:33.29ms
step:8/1480 train_time:269ms step_avg:33.61ms
step:9/1480 train_time:296ms step_avg:32.94ms
step:10/1480 train_time:331ms step_avg:33.15ms
step:11/1480 train_time:360ms step_avg:32.72ms
step:12/1480 train_time:395ms step_avg:32.93ms
step:13/1480 train_time:424ms step_avg:32.60ms
step:14/1480 train_time:459ms step_avg:32.81ms
step:15/1480 train_time:488ms step_avg:32.52ms
step:16/1480 train_time:523ms step_avg:32.68ms
step:17/1480 train_time:552ms step_avg:32.45ms
step:18/1480 train_time:587ms step_avg:32.60ms
step:19/1480 train_time:615ms step_avg:32.39ms
step:20/1480 train_time:651ms step_avg:32.53ms
step:21/1480 train_time:679ms step_avg:32.33ms
step:22/1480 train_time:714ms step_avg:32.45ms
step:23/1480 train_time:743ms step_avg:32.29ms
step:24/1480 train_time:778ms step_avg:32.43ms
step:25/1480 train_time:807ms step_avg:32.26ms
step:26/1480 train_time:842ms step_avg:32.38ms
step:27/1480 train_time:870ms step_avg:32.24ms
step:28/1480 train_time:905ms step_avg:32.34ms
step:29/1480 train_time:934ms step_avg:32.22ms
step:30/1480 train_time:969ms step_avg:32.31ms
step:31/1480 train_time:998ms step_avg:32.18ms
step:32/1480 train_time:1033ms step_avg:32.27ms
step:33/1480 train_time:1061ms step_avg:32.16ms
step:34/1480 train_time:1097ms step_avg:32.26ms
step:35/1480 train_time:1125ms step_avg:32.15ms
step:36/1480 train_time:1160ms step_avg:32.23ms
step:37/1480 train_time:1189ms step_avg:32.13ms
step:38/1480 train_time:1224ms step_avg:32.22ms
step:39/1480 train_time:1253ms step_avg:32.14ms
step:40/1480 train_time:1288ms step_avg:32.21ms
step:41/1480 train_time:1317ms step_avg:32.12ms
step:42/1480 train_time:1352ms step_avg:32.20ms
step:43/1480 train_time:1381ms step_avg:32.12ms
step:44/1480 train_time:1417ms step_avg:32.20ms
step:45/1480 train_time:1445ms step_avg:32.12ms
step:46/1480 train_time:1481ms step_avg:32.19ms
step:47/1480 train_time:1509ms step_avg:32.11ms
step:48/1480 train_time:1544ms step_avg:32.17ms
step:49/1480 train_time:1573ms step_avg:32.10ms
step:50/1480 train_time:1608ms step_avg:32.16ms
step:51/1480 train_time:1636ms step_avg:32.09ms
step:52/1480 train_time:1672ms step_avg:32.15ms
step:53/1480 train_time:1700ms step_avg:32.08ms
step:54/1480 train_time:1736ms step_avg:32.14ms
step:55/1480 train_time:1764ms step_avg:32.07ms
step:56/1480 train_time:1799ms step_avg:32.13ms
step:57/1480 train_time:1828ms step_avg:32.07ms
step:58/1480 train_time:1863ms step_avg:32.12ms
step:59/1480 train_time:1891ms step_avg:32.06ms
step:60/1480 train_time:1926ms step_avg:32.11ms
step:61/1480 train_time:1955ms step_avg:32.05ms
step:62/1480 train_time:1990ms step_avg:32.10ms
step:63/1480 train_time:2019ms step_avg:32.04ms
step:64/1480 train_time:2054ms step_avg:32.09ms
step:65/1480 train_time:2082ms step_avg:32.03ms
step:66/1480 train_time:2117ms step_avg:32.08ms
step:67/1480 train_time:2146ms step_avg:32.03ms
step:68/1480 train_time:2181ms step_avg:32.08ms
step:69/1480 train_time:2210ms step_avg:32.03ms
step:70/1480 train_time:2245ms step_avg:32.07ms
step:71/1480 train_time:2274ms step_avg:32.03ms
step:72/1480 train_time:2309ms step_avg:32.07ms
step:73/1480 train_time:2337ms step_avg:32.02ms
step:74/1480 train_time:2373ms step_avg:32.07ms
step:75/1480 train_time:2401ms step_avg:32.01ms
step:76/1480 train_time:2436ms step_avg:32.05ms
step:77/1480 train_time:2464ms step_avg:32.01ms
step:78/1480 train_time:2501ms step_avg:32.07ms
step:79/1480 train_time:2528ms step_avg:32.00ms
step:80/1480 train_time:2563ms step_avg:32.04ms
step:81/1480 train_time:2592ms step_avg:32.00ms
step:82/1480 train_time:2627ms step_avg:32.03ms
step:83/1480 train_time:2655ms step_avg:31.99ms
step:84/1480 train_time:2690ms step_avg:32.03ms
step:85/1480 train_time:2719ms step_avg:31.98ms
step:86/1480 train_time:2754ms step_avg:32.02ms
step:87/1480 train_time:2782ms step_avg:31.98ms
step:88/1480 train_time:2818ms step_avg:32.02ms
step:89/1480 train_time:2846ms step_avg:31.98ms
step:90/1480 train_time:2881ms step_avg:32.01ms
step:91/1480 train_time:2910ms step_avg:31.98ms
step:92/1480 train_time:2945ms step_avg:32.01ms
step:93/1480 train_time:2974ms step_avg:31.97ms
step:94/1480 train_time:3008ms step_avg:32.00ms
step:95/1480 train_time:3037ms step_avg:31.97ms
step:96/1480 train_time:3072ms step_avg:32.00ms
step:97/1480 train_time:3100ms step_avg:31.96ms
step:98/1480 train_time:3135ms step_avg:31.99ms
step:99/1480 train_time:3163ms step_avg:31.95ms
step:100/1480 train_time:3199ms step_avg:31.99ms
step:101/1480 train_time:3227ms step_avg:31.95ms
step:102/1480 train_time:3262ms step_avg:31.98ms
step:103/1480 train_time:3291ms step_avg:31.95ms
step:104/1480 train_time:3325ms step_avg:31.97ms
step:105/1480 train_time:3354ms step_avg:31.94ms
step:106/1480 train_time:3389ms step_avg:31.97ms
step:107/1480 train_time:3417ms step_avg:31.94ms
step:108/1480 train_time:3453ms step_avg:31.97ms
step:109/1480 train_time:3481ms step_avg:31.94ms
step:110/1480 train_time:3517ms step_avg:31.97ms
step:111/1480 train_time:3545ms step_avg:31.94ms
step:112/1480 train_time:3581ms step_avg:31.97ms
step:113/1480 train_time:3609ms step_avg:31.94ms
step:114/1480 train_time:3644ms step_avg:31.96ms
step:115/1480 train_time:3673ms step_avg:31.94ms
step:116/1480 train_time:3708ms step_avg:31.96ms
step:117/1480 train_time:3736ms step_avg:31.93ms
step:118/1480 train_time:3771ms step_avg:31.96ms
step:119/1480 train_time:3800ms step_avg:31.93ms
step:120/1480 train_time:3835ms step_avg:31.96ms
step:121/1480 train_time:3863ms step_avg:31.93ms
step:122/1480 train_time:3898ms step_avg:31.95ms
step:123/1480 train_time:3927ms step_avg:31.92ms
step:124/1480 train_time:3962ms step_avg:31.95ms
step:125/1480 train_time:3990ms step_avg:31.92ms
step:126/1480 train_time:4025ms step_avg:31.94ms
step:127/1480 train_time:4053ms step_avg:31.92ms
step:128/1480 train_time:4088ms step_avg:31.94ms
step:129/1480 train_time:4117ms step_avg:31.91ms
step:130/1480 train_time:4152ms step_avg:31.94ms
step:131/1480 train_time:4180ms step_avg:31.91ms
step:132/1480 train_time:4215ms step_avg:31.93ms
step:133/1480 train_time:4244ms step_avg:31.91ms
step:134/1480 train_time:4279ms step_avg:31.93ms
step:135/1480 train_time:4307ms step_avg:31.90ms
step:136/1480 train_time:4342ms step_avg:31.93ms
step:137/1480 train_time:4371ms step_avg:31.91ms
step:138/1480 train_time:4406ms step_avg:31.93ms
step:139/1480 train_time:4434ms step_avg:31.90ms
step:140/1480 train_time:4469ms step_avg:31.92ms
step:141/1480 train_time:4498ms step_avg:31.90ms
step:142/1480 train_time:4533ms step_avg:31.92ms
step:143/1480 train_time:4561ms step_avg:31.90ms
step:144/1480 train_time:4596ms step_avg:31.92ms
step:145/1480 train_time:4625ms step_avg:31.89ms
step:146/1480 train_time:4660ms step_avg:31.92ms
step:147/1480 train_time:4688ms step_avg:31.89ms
step:148/1480 train_time:4723ms step_avg:31.91ms
step:149/1480 train_time:4752ms step_avg:31.89ms
step:150/1480 train_time:4787ms step_avg:31.91ms
step:151/1480 train_time:4815ms step_avg:31.89ms
step:152/1480 train_time:4850ms step_avg:31.91ms
step:153/1480 train_time:4878ms step_avg:31.88ms
step:154/1480 train_time:4913ms step_avg:31.90ms
step:155/1480 train_time:4942ms step_avg:31.88ms
step:156/1480 train_time:4977ms step_avg:31.90ms
step:157/1480 train_time:5005ms step_avg:31.88ms
step:158/1480 train_time:5040ms step_avg:31.90ms
step:159/1480 train_time:5069ms step_avg:31.88ms
step:160/1480 train_time:5104ms step_avg:31.90ms
step:161/1480 train_time:5133ms step_avg:31.88ms
step:162/1480 train_time:5168ms step_avg:31.90ms
step:163/1480 train_time:5196ms step_avg:31.88ms
step:164/1480 train_time:5231ms step_avg:31.90ms
step:165/1480 train_time:5259ms step_avg:31.87ms
step:166/1480 train_time:5294ms step_avg:31.89ms
step:167/1480 train_time:5323ms step_avg:31.87ms
step:168/1480 train_time:5358ms step_avg:31.89ms
step:169/1480 train_time:5386ms step_avg:31.87ms
step:170/1480 train_time:5421ms step_avg:31.89ms
step:171/1480 train_time:5450ms step_avg:31.87ms
step:172/1480 train_time:5485ms step_avg:31.89ms
step:173/1480 train_time:5514ms step_avg:31.87ms
step:174/1480 train_time:5549ms step_avg:31.89ms
step:175/1480 train_time:5577ms step_avg:31.87ms
step:176/1480 train_time:5612ms step_avg:31.89ms
step:177/1480 train_time:5641ms step_avg:31.87ms
step:178/1480 train_time:5676ms step_avg:31.89ms
step:179/1480 train_time:5704ms step_avg:31.87ms
step:180/1480 train_time:5740ms step_avg:31.89ms
step:181/1480 train_time:5768ms step_avg:31.87ms
step:182/1480 train_time:5803ms step_avg:31.89ms
step:183/1480 train_time:5832ms step_avg:31.87ms
step:184/1480 train_time:5867ms step_avg:31.88ms
step:185/1480 train_time:5895ms step_avg:31.87ms
step:186/1480 train_time:5930ms step_avg:31.88ms
step:187/1480 train_time:5959ms step_avg:31.86ms
step:188/1480 train_time:5994ms step_avg:31.88ms
step:189/1480 train_time:6022ms step_avg:31.86ms
step:190/1480 train_time:6058ms step_avg:31.88ms
step:191/1480 train_time:6086ms step_avg:31.86ms
step:192/1480 train_time:6121ms step_avg:31.88ms
step:193/1480 train_time:6150ms step_avg:31.86ms
step:194/1480 train_time:6185ms step_avg:31.88ms
step:195/1480 train_time:6214ms step_avg:31.86ms
step:196/1480 train_time:6248ms step_avg:31.88ms
step:197/1480 train_time:6277ms step_avg:31.86ms
step:198/1480 train_time:6311ms step_avg:31.88ms
step:199/1480 train_time:6340ms step_avg:31.86ms
step:200/1480 train_time:6375ms step_avg:31.87ms
step:201/1480 train_time:6403ms step_avg:31.86ms
step:202/1480 train_time:6438ms step_avg:31.87ms
step:203/1480 train_time:6466ms step_avg:31.85ms
step:204/1480 train_time:6501ms step_avg:31.87ms
step:205/1480 train_time:6530ms step_avg:31.85ms
step:206/1480 train_time:6565ms step_avg:31.87ms
step:207/1480 train_time:6594ms step_avg:31.85ms
step:208/1480 train_time:6628ms step_avg:31.87ms
step:209/1480 train_time:6657ms step_avg:31.85ms
step:210/1480 train_time:6692ms step_avg:31.87ms
step:211/1480 train_time:6720ms step_avg:31.85ms
step:212/1480 train_time:6755ms step_avg:31.87ms
step:213/1480 train_time:6784ms step_avg:31.85ms
step:214/1480 train_time:6819ms step_avg:31.87ms
step:215/1480 train_time:6848ms step_avg:31.85ms
step:216/1480 train_time:6883ms step_avg:31.86ms
step:217/1480 train_time:6912ms step_avg:31.85ms
step:218/1480 train_time:6947ms step_avg:31.87ms
step:219/1480 train_time:6975ms step_avg:31.85ms
step:220/1480 train_time:7010ms step_avg:31.86ms
step:221/1480 train_time:7038ms step_avg:31.85ms
step:222/1480 train_time:7073ms step_avg:31.86ms
step:223/1480 train_time:7102ms step_avg:31.85ms
step:224/1480 train_time:7137ms step_avg:31.86ms
step:225/1480 train_time:7165ms step_avg:31.84ms
step:226/1480 train_time:7201ms step_avg:31.86ms
step:227/1480 train_time:7229ms step_avg:31.85ms
step:228/1480 train_time:7264ms step_avg:31.86ms
step:229/1480 train_time:7292ms step_avg:31.84ms
step:230/1480 train_time:7327ms step_avg:31.86ms
step:231/1480 train_time:7356ms step_avg:31.84ms
step:232/1480 train_time:7391ms step_avg:31.86ms
step:233/1480 train_time:7420ms step_avg:31.84ms
step:234/1480 train_time:7455ms step_avg:31.86ms
step:235/1480 train_time:7483ms step_avg:31.84ms
step:236/1480 train_time:7518ms step_avg:31.86ms
step:237/1480 train_time:7547ms step_avg:31.84ms
step:238/1480 train_time:7582ms step_avg:31.86ms
step:239/1480 train_time:7610ms step_avg:31.84ms
step:240/1480 train_time:7645ms step_avg:31.85ms
step:241/1480 train_time:7673ms step_avg:31.84ms
step:242/1480 train_time:7709ms step_avg:31.85ms
step:243/1480 train_time:7737ms step_avg:31.84ms
step:244/1480 train_time:7772ms step_avg:31.85ms
step:245/1480 train_time:7800ms step_avg:31.84ms
step:246/1480 train_time:7836ms step_avg:31.85ms
step:247/1480 train_time:7864ms step_avg:31.84ms
step:248/1480 train_time:7899ms step_avg:31.85ms
step:249/1480 train_time:7928ms step_avg:31.84ms
step:250/1480 train_time:7963ms step_avg:31.85ms
step:250/1480 val_loss:4.4973 train_time:8001ms step_avg:32.01ms
step:251/1480 train_time:8017ms step_avg:31.94ms
step:252/1480 train_time:8034ms step_avg:31.88ms
step:253/1480 train_time:8057ms step_avg:31.84ms
step:254/1480 train_time:8093ms step_avg:31.86ms
step:255/1480 train_time:8122ms step_avg:31.85ms
step:256/1480 train_time:8158ms step_avg:31.87ms
step:257/1480 train_time:8187ms step_avg:31.86ms
step:258/1480 train_time:8222ms step_avg:31.87ms
step:259/1480 train_time:8251ms step_avg:31.86ms
step:260/1480 train_time:8286ms step_avg:31.87ms
step:261/1480 train_time:8315ms step_avg:31.86ms
step:262/1480 train_time:8350ms step_avg:31.87ms
step:263/1480 train_time:8378ms step_avg:31.86ms
step:264/1480 train_time:8413ms step_avg:31.87ms
step:265/1480 train_time:8442ms step_avg:31.86ms
step:266/1480 train_time:8476ms step_avg:31.87ms
step:267/1480 train_time:8505ms step_avg:31.85ms
step:268/1480 train_time:8540ms step_avg:31.87ms
step:269/1480 train_time:8568ms step_avg:31.85ms
step:270/1480 train_time:8606ms step_avg:31.87ms
step:271/1480 train_time:8632ms step_avg:31.85ms
step:272/1480 train_time:8667ms step_avg:31.86ms
step:273/1480 train_time:8695ms step_avg:31.85ms
step:274/1480 train_time:8730ms step_avg:31.86ms
step:275/1480 train_time:8758ms step_avg:31.85ms
step:276/1480 train_time:8793ms step_avg:31.86ms
step:277/1480 train_time:8822ms step_avg:31.85ms
step:278/1480 train_time:8857ms step_avg:31.86ms
step:279/1480 train_time:8886ms step_avg:31.85ms
step:280/1480 train_time:8921ms step_avg:31.86ms
step:281/1480 train_time:8949ms step_avg:31.85ms
step:282/1480 train_time:8984ms step_avg:31.86ms
step:283/1480 train_time:9012ms step_avg:31.85ms
step:284/1480 train_time:9048ms step_avg:31.86ms
step:285/1480 train_time:9076ms step_avg:31.85ms
step:286/1480 train_time:9111ms step_avg:31.86ms
step:287/1480 train_time:9139ms step_avg:31.84ms
step:288/1480 train_time:9174ms step_avg:31.86ms
step:289/1480 train_time:9203ms step_avg:31.84ms
step:290/1480 train_time:9238ms step_avg:31.85ms
step:291/1480 train_time:9266ms step_avg:31.84ms
step:292/1480 train_time:9301ms step_avg:31.85ms
step:293/1480 train_time:9330ms step_avg:31.84ms
step:294/1480 train_time:9364ms step_avg:31.85ms
step:295/1480 train_time:9393ms step_avg:31.84ms
step:296/1480 train_time:9428ms step_avg:31.85ms
step:297/1480 train_time:9457ms step_avg:31.84ms
step:298/1480 train_time:9492ms step_avg:31.85ms
step:299/1480 train_time:9520ms step_avg:31.84ms
step:300/1480 train_time:9555ms step_avg:31.85ms
step:301/1480 train_time:9584ms step_avg:31.84ms
step:302/1480 train_time:9619ms step_avg:31.85ms
step:303/1480 train_time:9647ms step_avg:31.84ms
step:304/1480 train_time:9682ms step_avg:31.85ms
step:305/1480 train_time:9711ms step_avg:31.84ms
step:306/1480 train_time:9746ms step_avg:31.85ms
step:307/1480 train_time:9774ms step_avg:31.84ms
step:308/1480 train_time:9809ms step_avg:31.85ms
step:309/1480 train_time:9838ms step_avg:31.84ms
step:310/1480 train_time:9873ms step_avg:31.85ms
step:311/1480 train_time:9902ms step_avg:31.84ms
step:312/1480 train_time:9937ms step_avg:31.85ms
step:313/1480 train_time:9965ms step_avg:31.84ms
step:314/1480 train_time:10000ms step_avg:31.85ms
step:315/1480 train_time:10029ms step_avg:31.84ms
step:316/1480 train_time:10064ms step_avg:31.85ms
step:317/1480 train_time:10092ms step_avg:31.84ms
step:318/1480 train_time:10127ms step_avg:31.85ms
step:319/1480 train_time:10156ms step_avg:31.84ms
step:320/1480 train_time:10191ms step_avg:31.85ms
step:321/1480 train_time:10219ms step_avg:31.83ms
step:322/1480 train_time:10254ms step_avg:31.84ms
step:323/1480 train_time:10282ms step_avg:31.83ms
step:324/1480 train_time:10317ms step_avg:31.84ms
step:325/1480 train_time:10346ms step_avg:31.83ms
step:326/1480 train_time:10381ms step_avg:31.84ms
step:327/1480 train_time:10409ms step_avg:31.83ms
step:328/1480 train_time:10444ms step_avg:31.84ms
step:329/1480 train_time:10473ms step_avg:31.83ms
step:330/1480 train_time:10508ms step_avg:31.84ms
step:331/1480 train_time:10536ms step_avg:31.83ms
step:332/1480 train_time:10571ms step_avg:31.84ms
step:333/1480 train_time:10600ms step_avg:31.83ms
step:334/1480 train_time:10635ms step_avg:31.84ms
step:335/1480 train_time:10663ms step_avg:31.83ms
step:336/1480 train_time:10698ms step_avg:31.84ms
step:337/1480 train_time:10727ms step_avg:31.83ms
step:338/1480 train_time:10761ms step_avg:31.84ms
step:339/1480 train_time:10790ms step_avg:31.83ms
step:340/1480 train_time:10825ms step_avg:31.84ms
step:341/1480 train_time:10854ms step_avg:31.83ms
step:342/1480 train_time:10889ms step_avg:31.84ms
step:343/1480 train_time:10917ms step_avg:31.83ms
step:344/1480 train_time:10953ms step_avg:31.84ms
step:345/1480 train_time:10981ms step_avg:31.83ms
step:346/1480 train_time:11016ms step_avg:31.84ms
step:347/1480 train_time:11045ms step_avg:31.83ms
step:348/1480 train_time:11080ms step_avg:31.84ms
step:349/1480 train_time:11108ms step_avg:31.83ms
step:350/1480 train_time:11143ms step_avg:31.84ms
step:351/1480 train_time:11171ms step_avg:31.83ms
step:352/1480 train_time:11206ms step_avg:31.84ms
step:353/1480 train_time:11235ms step_avg:31.83ms
step:354/1480 train_time:11270ms step_avg:31.84ms
step:355/1480 train_time:11298ms step_avg:31.83ms
step:356/1480 train_time:11333ms step_avg:31.84ms
step:357/1480 train_time:11362ms step_avg:31.83ms
step:358/1480 train_time:11397ms step_avg:31.84ms
step:359/1480 train_time:11426ms step_avg:31.83ms
step:360/1480 train_time:11461ms step_avg:31.84ms
step:361/1480 train_time:11489ms step_avg:31.83ms
step:362/1480 train_time:11524ms step_avg:31.83ms
step:363/1480 train_time:11553ms step_avg:31.83ms
step:364/1480 train_time:11588ms step_avg:31.83ms
step:365/1480 train_time:11616ms step_avg:31.83ms
step:366/1480 train_time:11651ms step_avg:31.83ms
step:367/1480 train_time:11679ms step_avg:31.82ms
step:368/1480 train_time:11714ms step_avg:31.83ms
step:369/1480 train_time:11743ms step_avg:31.82ms
step:370/1480 train_time:11778ms step_avg:31.83ms
step:371/1480 train_time:11806ms step_avg:31.82ms
step:372/1480 train_time:11841ms step_avg:31.83ms
step:373/1480 train_time:11870ms step_avg:31.82ms
step:374/1480 train_time:11904ms step_avg:31.83ms
step:375/1480 train_time:11933ms step_avg:31.82ms
step:376/1480 train_time:11969ms step_avg:31.83ms
step:377/1480 train_time:11996ms step_avg:31.82ms
step:378/1480 train_time:12032ms step_avg:31.83ms
step:379/1480 train_time:12060ms step_avg:31.82ms
step:380/1480 train_time:12095ms step_avg:31.83ms
step:381/1480 train_time:12124ms step_avg:31.82ms
step:382/1480 train_time:12159ms step_avg:31.83ms
step:383/1480 train_time:12187ms step_avg:31.82ms
step:384/1480 train_time:12222ms step_avg:31.83ms
step:385/1480 train_time:12250ms step_avg:31.82ms
step:386/1480 train_time:12285ms step_avg:31.83ms
step:387/1480 train_time:12314ms step_avg:31.82ms
step:388/1480 train_time:12349ms step_avg:31.83ms
step:389/1480 train_time:12377ms step_avg:31.82ms
step:390/1480 train_time:12412ms step_avg:31.83ms
step:391/1480 train_time:12441ms step_avg:31.82ms
step:392/1480 train_time:12476ms step_avg:31.83ms
step:393/1480 train_time:12504ms step_avg:31.82ms
step:394/1480 train_time:12539ms step_avg:31.83ms
step:395/1480 train_time:12568ms step_avg:31.82ms
step:396/1480 train_time:12603ms step_avg:31.83ms
step:397/1480 train_time:12631ms step_avg:31.82ms
step:398/1480 train_time:12666ms step_avg:31.82ms
step:399/1480 train_time:12695ms step_avg:31.82ms
step:400/1480 train_time:12730ms step_avg:31.82ms
step:401/1480 train_time:12758ms step_avg:31.82ms
step:402/1480 train_time:12793ms step_avg:31.82ms
step:403/1480 train_time:12822ms step_avg:31.82ms
step:404/1480 train_time:12857ms step_avg:31.82ms
step:405/1480 train_time:12885ms step_avg:31.82ms
step:406/1480 train_time:12920ms step_avg:31.82ms
step:407/1480 train_time:12949ms step_avg:31.82ms
step:408/1480 train_time:12984ms step_avg:31.82ms
step:409/1480 train_time:13012ms step_avg:31.81ms
step:410/1480 train_time:13047ms step_avg:31.82ms
step:411/1480 train_time:13076ms step_avg:31.81ms
step:412/1480 train_time:13111ms step_avg:31.82ms
step:413/1480 train_time:13139ms step_avg:31.81ms
step:414/1480 train_time:13174ms step_avg:31.82ms
step:415/1480 train_time:13203ms step_avg:31.81ms
step:416/1480 train_time:13238ms step_avg:31.82ms
step:417/1480 train_time:13266ms step_avg:31.81ms
step:418/1480 train_time:13301ms step_avg:31.82ms
step:419/1480 train_time:13330ms step_avg:31.81ms
step:420/1480 train_time:13365ms step_avg:31.82ms
step:421/1480 train_time:13393ms step_avg:31.81ms
step:422/1480 train_time:13428ms step_avg:31.82ms
step:423/1480 train_time:13456ms step_avg:31.81ms
step:424/1480 train_time:13492ms step_avg:31.82ms
step:425/1480 train_time:13520ms step_avg:31.81ms
step:426/1480 train_time:13555ms step_avg:31.82ms
step:427/1480 train_time:13583ms step_avg:31.81ms
step:428/1480 train_time:13618ms step_avg:31.82ms
step:429/1480 train_time:13647ms step_avg:31.81ms
step:430/1480 train_time:13681ms step_avg:31.82ms
step:431/1480 train_time:13710ms step_avg:31.81ms
step:432/1480 train_time:13745ms step_avg:31.82ms
step:433/1480 train_time:13773ms step_avg:31.81ms
step:434/1480 train_time:13809ms step_avg:31.82ms
step:435/1480 train_time:13837ms step_avg:31.81ms
step:436/1480 train_time:13872ms step_avg:31.82ms
step:437/1480 train_time:13901ms step_avg:31.81ms
step:438/1480 train_time:13937ms step_avg:31.82ms
step:439/1480 train_time:13964ms step_avg:31.81ms
step:440/1480 train_time:14000ms step_avg:31.82ms
step:441/1480 train_time:14028ms step_avg:31.81ms
step:442/1480 train_time:14063ms step_avg:31.82ms
step:443/1480 train_time:14091ms step_avg:31.81ms
step:444/1480 train_time:14126ms step_avg:31.82ms
step:445/1480 train_time:14155ms step_avg:31.81ms
step:446/1480 train_time:14190ms step_avg:31.82ms
step:447/1480 train_time:14218ms step_avg:31.81ms
step:448/1480 train_time:14254ms step_avg:31.82ms
step:449/1480 train_time:14282ms step_avg:31.81ms
step:450/1480 train_time:14317ms step_avg:31.82ms
step:451/1480 train_time:14346ms step_avg:31.81ms
step:452/1480 train_time:14381ms step_avg:31.82ms
step:453/1480 train_time:14409ms step_avg:31.81ms
step:454/1480 train_time:14444ms step_avg:31.81ms
step:455/1480 train_time:14472ms step_avg:31.81ms
step:456/1480 train_time:14507ms step_avg:31.81ms
step:457/1480 train_time:14536ms step_avg:31.81ms
step:458/1480 train_time:14571ms step_avg:31.81ms
step:459/1480 train_time:14600ms step_avg:31.81ms
step:460/1480 train_time:14634ms step_avg:31.81ms
step:461/1480 train_time:14663ms step_avg:31.81ms
step:462/1480 train_time:14698ms step_avg:31.81ms
step:463/1480 train_time:14727ms step_avg:31.81ms
step:464/1480 train_time:14761ms step_avg:31.81ms
step:465/1480 train_time:14790ms step_avg:31.81ms
step:466/1480 train_time:14824ms step_avg:31.81ms
step:467/1480 train_time:14853ms step_avg:31.81ms
step:468/1480 train_time:14889ms step_avg:31.81ms
step:469/1480 train_time:14917ms step_avg:31.81ms
step:470/1480 train_time:14952ms step_avg:31.81ms
step:471/1480 train_time:14980ms step_avg:31.81ms
step:472/1480 train_time:15015ms step_avg:31.81ms
step:473/1480 train_time:15044ms step_avg:31.81ms
step:474/1480 train_time:15079ms step_avg:31.81ms
step:475/1480 train_time:15107ms step_avg:31.80ms
step:476/1480 train_time:15142ms step_avg:31.81ms
step:477/1480 train_time:15170ms step_avg:31.80ms
step:478/1480 train_time:15205ms step_avg:31.81ms
step:479/1480 train_time:15234ms step_avg:31.80ms
step:480/1480 train_time:15269ms step_avg:31.81ms
step:481/1480 train_time:15300ms step_avg:31.81ms
step:482/1480 train_time:15362ms step_avg:31.87ms
step:483/1480 train_time:15417ms step_avg:31.92ms
step:484/1480 train_time:15478ms step_avg:31.98ms
step:485/1480 train_time:15532ms step_avg:32.03ms
step:486/1480 train_time:15592ms step_avg:32.08ms
step:487/1480 train_time:15647ms step_avg:32.13ms
step:488/1480 train_time:15708ms step_avg:32.19ms
step:489/1480 train_time:15763ms step_avg:32.23ms
step:490/1480 train_time:15823ms step_avg:32.29ms
step:491/1480 train_time:15878ms step_avg:32.34ms
step:492/1480 train_time:15938ms step_avg:32.40ms
step:493/1480 train_time:15994ms step_avg:32.44ms
step:494/1480 train_time:16054ms step_avg:32.50ms
step:495/1480 train_time:16110ms step_avg:32.54ms
step:496/1480 train_time:16170ms step_avg:32.60ms
step:497/1480 train_time:16225ms step_avg:32.65ms
step:498/1480 train_time:16286ms step_avg:32.70ms
step:499/1480 train_time:16340ms step_avg:32.75ms
step:500/1480 train_time:16400ms step_avg:32.80ms
step:500/1480 val_loss:4.2244 train_time:16467ms step_avg:32.93ms
step:501/1480 train_time:16485ms step_avg:32.90ms
step:502/1480 train_time:16518ms step_avg:32.91ms
step:503/1480 train_time:16575ms step_avg:32.95ms
step:504/1480 train_time:16636ms step_avg:33.01ms
step:505/1480 train_time:16691ms step_avg:33.05ms
step:506/1480 train_time:16753ms step_avg:33.11ms
step:507/1480 train_time:16808ms step_avg:33.15ms
step:508/1480 train_time:16870ms step_avg:33.21ms
step:509/1480 train_time:16925ms step_avg:33.25ms
step:510/1480 train_time:16985ms step_avg:33.30ms
step:511/1480 train_time:17040ms step_avg:33.35ms
step:512/1480 train_time:17100ms step_avg:33.40ms
step:513/1480 train_time:17154ms step_avg:33.44ms
step:514/1480 train_time:17214ms step_avg:33.49ms
step:515/1480 train_time:17269ms step_avg:33.53ms
step:516/1480 train_time:17329ms step_avg:33.58ms
step:517/1480 train_time:17384ms step_avg:33.62ms
step:518/1480 train_time:17445ms step_avg:33.68ms
step:519/1480 train_time:17501ms step_avg:33.72ms
step:520/1480 train_time:17562ms step_avg:33.77ms
step:521/1480 train_time:17618ms step_avg:33.82ms
step:522/1480 train_time:17680ms step_avg:33.87ms
step:523/1480 train_time:17735ms step_avg:33.91ms
step:524/1480 train_time:17795ms step_avg:33.96ms
step:525/1480 train_time:17850ms step_avg:34.00ms
step:526/1480 train_time:17910ms step_avg:34.05ms
step:527/1480 train_time:17965ms step_avg:34.09ms
step:528/1480 train_time:18025ms step_avg:34.14ms
step:529/1480 train_time:18081ms step_avg:34.18ms
step:530/1480 train_time:18140ms step_avg:34.23ms
step:531/1480 train_time:18194ms step_avg:34.26ms
step:532/1480 train_time:18255ms step_avg:34.31ms
step:533/1480 train_time:18310ms step_avg:34.35ms
step:534/1480 train_time:18370ms step_avg:34.40ms
step:535/1480 train_time:18425ms step_avg:34.44ms
step:536/1480 train_time:18487ms step_avg:34.49ms
step:537/1480 train_time:18542ms step_avg:34.53ms
step:538/1480 train_time:18602ms step_avg:34.58ms
step:539/1480 train_time:18658ms step_avg:34.62ms
step:540/1480 train_time:18719ms step_avg:34.66ms
step:541/1480 train_time:18775ms step_avg:34.70ms
step:542/1480 train_time:18835ms step_avg:34.75ms
step:543/1480 train_time:18890ms step_avg:34.79ms
step:544/1480 train_time:18950ms step_avg:34.84ms
step:545/1480 train_time:19006ms step_avg:34.87ms
step:546/1480 train_time:19067ms step_avg:34.92ms
step:547/1480 train_time:19122ms step_avg:34.96ms
step:548/1480 train_time:19182ms step_avg:35.00ms
step:549/1480 train_time:19237ms step_avg:35.04ms
step:550/1480 train_time:19297ms step_avg:35.09ms
step:551/1480 train_time:19351ms step_avg:35.12ms
step:552/1480 train_time:19411ms step_avg:35.17ms
step:553/1480 train_time:19466ms step_avg:35.20ms
step:554/1480 train_time:19527ms step_avg:35.25ms
step:555/1480 train_time:19583ms step_avg:35.29ms
step:556/1480 train_time:19644ms step_avg:35.33ms
step:557/1480 train_time:19699ms step_avg:35.37ms
step:558/1480 train_time:19760ms step_avg:35.41ms
step:559/1480 train_time:19814ms step_avg:35.45ms
step:560/1480 train_time:19875ms step_avg:35.49ms
step:561/1480 train_time:19930ms step_avg:35.53ms
step:562/1480 train_time:19991ms step_avg:35.57ms
step:563/1480 train_time:20046ms step_avg:35.61ms
step:564/1480 train_time:20107ms step_avg:35.65ms
step:565/1480 train_time:20162ms step_avg:35.68ms
step:566/1480 train_time:20222ms step_avg:35.73ms
step:567/1480 train_time:20277ms step_avg:35.76ms
step:568/1480 train_time:20337ms step_avg:35.80ms
step:569/1480 train_time:20392ms step_avg:35.84ms
step:570/1480 train_time:20452ms step_avg:35.88ms
step:571/1480 train_time:20506ms step_avg:35.91ms
step:572/1480 train_time:20568ms step_avg:35.96ms
step:573/1480 train_time:20623ms step_avg:35.99ms
step:574/1480 train_time:20684ms step_avg:36.03ms
step:575/1480 train_time:20739ms step_avg:36.07ms
step:576/1480 train_time:20799ms step_avg:36.11ms
step:577/1480 train_time:20854ms step_avg:36.14ms
step:578/1480 train_time:20915ms step_avg:36.18ms
step:579/1480 train_time:20970ms step_avg:36.22ms
step:580/1480 train_time:21030ms step_avg:36.26ms
step:581/1480 train_time:21085ms step_avg:36.29ms
step:582/1480 train_time:21146ms step_avg:36.33ms
step:583/1480 train_time:21202ms step_avg:36.37ms
step:584/1480 train_time:21262ms step_avg:36.41ms
step:585/1480 train_time:21317ms step_avg:36.44ms
step:586/1480 train_time:21377ms step_avg:36.48ms
step:587/1480 train_time:21431ms step_avg:36.51ms
step:588/1480 train_time:21491ms step_avg:36.55ms
step:589/1480 train_time:21547ms step_avg:36.58ms
step:590/1480 train_time:21609ms step_avg:36.62ms
step:591/1480 train_time:21664ms step_avg:36.66ms
step:592/1480 train_time:21724ms step_avg:36.70ms
step:593/1480 train_time:21779ms step_avg:36.73ms
step:594/1480 train_time:21840ms step_avg:36.77ms
step:595/1480 train_time:21895ms step_avg:36.80ms
step:596/1480 train_time:21955ms step_avg:36.84ms
step:597/1480 train_time:22010ms step_avg:36.87ms
step:598/1480 train_time:22070ms step_avg:36.91ms
step:599/1480 train_time:22124ms step_avg:36.93ms
step:600/1480 train_time:22185ms step_avg:36.97ms
step:601/1480 train_time:22240ms step_avg:37.01ms
step:602/1480 train_time:22300ms step_avg:37.04ms
step:603/1480 train_time:22355ms step_avg:37.07ms
step:604/1480 train_time:22415ms step_avg:37.11ms
step:605/1480 train_time:22470ms step_avg:37.14ms
step:606/1480 train_time:22530ms step_avg:37.18ms
step:607/1480 train_time:22585ms step_avg:37.21ms
step:608/1480 train_time:22646ms step_avg:37.25ms
step:609/1480 train_time:22701ms step_avg:37.28ms
step:610/1480 train_time:22761ms step_avg:37.31ms
step:611/1480 train_time:22816ms step_avg:37.34ms
step:612/1480 train_time:22876ms step_avg:37.38ms
step:613/1480 train_time:22931ms step_avg:37.41ms
step:614/1480 train_time:22991ms step_avg:37.44ms
step:615/1480 train_time:23046ms step_avg:37.47ms
step:616/1480 train_time:23106ms step_avg:37.51ms
step:617/1480 train_time:23161ms step_avg:37.54ms
step:618/1480 train_time:23221ms step_avg:37.57ms
step:619/1480 train_time:23277ms step_avg:37.60ms
step:620/1480 train_time:23337ms step_avg:37.64ms
step:621/1480 train_time:23392ms step_avg:37.67ms
step:622/1480 train_time:23453ms step_avg:37.71ms
step:623/1480 train_time:23507ms step_avg:37.73ms
step:624/1480 train_time:23568ms step_avg:37.77ms
step:625/1480 train_time:23622ms step_avg:37.80ms
step:626/1480 train_time:23683ms step_avg:37.83ms
step:627/1480 train_time:23737ms step_avg:37.86ms
step:628/1480 train_time:23798ms step_avg:37.89ms
step:629/1480 train_time:23853ms step_avg:37.92ms
step:630/1480 train_time:23913ms step_avg:37.96ms
step:631/1480 train_time:23968ms step_avg:37.98ms
step:632/1480 train_time:24029ms step_avg:38.02ms
step:633/1480 train_time:24084ms step_avg:38.05ms
step:634/1480 train_time:24145ms step_avg:38.08ms
step:635/1480 train_time:24199ms step_avg:38.11ms
step:636/1480 train_time:24259ms step_avg:38.14ms
step:637/1480 train_time:24314ms step_avg:38.17ms
step:638/1480 train_time:24375ms step_avg:38.20ms
step:639/1480 train_time:24429ms step_avg:38.23ms
step:640/1480 train_time:24490ms step_avg:38.26ms
step:641/1480 train_time:24544ms step_avg:38.29ms
step:642/1480 train_time:24604ms step_avg:38.32ms
step:643/1480 train_time:24659ms step_avg:38.35ms
step:644/1480 train_time:24719ms step_avg:38.38ms
step:645/1480 train_time:24773ms step_avg:38.41ms
step:646/1480 train_time:24834ms step_avg:38.44ms
step:647/1480 train_time:24889ms step_avg:38.47ms
step:648/1480 train_time:24950ms step_avg:38.50ms
step:649/1480 train_time:25004ms step_avg:38.53ms
step:650/1480 train_time:25064ms step_avg:38.56ms
step:651/1480 train_time:25120ms step_avg:38.59ms
step:652/1480 train_time:25180ms step_avg:38.62ms
step:653/1480 train_time:25235ms step_avg:38.64ms
step:654/1480 train_time:25295ms step_avg:38.68ms
step:655/1480 train_time:25350ms step_avg:38.70ms
step:656/1480 train_time:25410ms step_avg:38.74ms
step:657/1480 train_time:25465ms step_avg:38.76ms
step:658/1480 train_time:25526ms step_avg:38.79ms
step:659/1480 train_time:25581ms step_avg:38.82ms
step:660/1480 train_time:25640ms step_avg:38.85ms
step:661/1480 train_time:25695ms step_avg:38.87ms
step:662/1480 train_time:25756ms step_avg:38.91ms
step:663/1480 train_time:25811ms step_avg:38.93ms
step:664/1480 train_time:25871ms step_avg:38.96ms
step:665/1480 train_time:25926ms step_avg:38.99ms
step:666/1480 train_time:25987ms step_avg:39.02ms
step:667/1480 train_time:26042ms step_avg:39.04ms
step:668/1480 train_time:26102ms step_avg:39.08ms
step:669/1480 train_time:26158ms step_avg:39.10ms
step:670/1480 train_time:26218ms step_avg:39.13ms
step:671/1480 train_time:26272ms step_avg:39.15ms
step:672/1480 train_time:26333ms step_avg:39.19ms
step:673/1480 train_time:26388ms step_avg:39.21ms
step:674/1480 train_time:26449ms step_avg:39.24ms
step:675/1480 train_time:26504ms step_avg:39.26ms
step:676/1480 train_time:26564ms step_avg:39.30ms
step:677/1480 train_time:26619ms step_avg:39.32ms
step:678/1480 train_time:26680ms step_avg:39.35ms
step:679/1480 train_time:26734ms step_avg:39.37ms
step:680/1480 train_time:26795ms step_avg:39.40ms
step:681/1480 train_time:26850ms step_avg:39.43ms
step:682/1480 train_time:26910ms step_avg:39.46ms
step:683/1480 train_time:26965ms step_avg:39.48ms
step:684/1480 train_time:27026ms step_avg:39.51ms
step:685/1480 train_time:27081ms step_avg:39.53ms
step:686/1480 train_time:27142ms step_avg:39.57ms
step:687/1480 train_time:27196ms step_avg:39.59ms
step:688/1480 train_time:27257ms step_avg:39.62ms
step:689/1480 train_time:27312ms step_avg:39.64ms
step:690/1480 train_time:27372ms step_avg:39.67ms
step:691/1480 train_time:27426ms step_avg:39.69ms
step:692/1480 train_time:27487ms step_avg:39.72ms
step:693/1480 train_time:27541ms step_avg:39.74ms
step:694/1480 train_time:27601ms step_avg:39.77ms
step:695/1480 train_time:27656ms step_avg:39.79ms
step:696/1480 train_time:27717ms step_avg:39.82ms
step:697/1480 train_time:27772ms step_avg:39.84ms
step:698/1480 train_time:27832ms step_avg:39.87ms
step:699/1480 train_time:27887ms step_avg:39.90ms
step:700/1480 train_time:27948ms step_avg:39.93ms
step:701/1480 train_time:28002ms step_avg:39.95ms
step:702/1480 train_time:28062ms step_avg:39.98ms
step:703/1480 train_time:28117ms step_avg:40.00ms
step:704/1480 train_time:28178ms step_avg:40.03ms
step:705/1480 train_time:28232ms step_avg:40.05ms
step:706/1480 train_time:28293ms step_avg:40.07ms
step:707/1480 train_time:28347ms step_avg:40.10ms
step:708/1480 train_time:28408ms step_avg:40.12ms
step:709/1480 train_time:28463ms step_avg:40.14ms
step:710/1480 train_time:28523ms step_avg:40.17ms
step:711/1480 train_time:28578ms step_avg:40.19ms
step:712/1480 train_time:28639ms step_avg:40.22ms
step:713/1480 train_time:28694ms step_avg:40.24ms
step:714/1480 train_time:28754ms step_avg:40.27ms
step:715/1480 train_time:28809ms step_avg:40.29ms
step:716/1480 train_time:28870ms step_avg:40.32ms
step:717/1480 train_time:28924ms step_avg:40.34ms
step:718/1480 train_time:28985ms step_avg:40.37ms
step:719/1480 train_time:29041ms step_avg:40.39ms
step:720/1480 train_time:29100ms step_avg:40.42ms
step:721/1480 train_time:29155ms step_avg:40.44ms
step:722/1480 train_time:29216ms step_avg:40.47ms
step:723/1480 train_time:29271ms step_avg:40.49ms
step:724/1480 train_time:29332ms step_avg:40.51ms
step:725/1480 train_time:29386ms step_avg:40.53ms
step:726/1480 train_time:29448ms step_avg:40.56ms
step:727/1480 train_time:29503ms step_avg:40.58ms
step:728/1480 train_time:29563ms step_avg:40.61ms
step:729/1480 train_time:29617ms step_avg:40.63ms
step:730/1480 train_time:29678ms step_avg:40.66ms
step:731/1480 train_time:29733ms step_avg:40.67ms
step:732/1480 train_time:29794ms step_avg:40.70ms
step:733/1480 train_time:29849ms step_avg:40.72ms
step:734/1480 train_time:29909ms step_avg:40.75ms
step:735/1480 train_time:29963ms step_avg:40.77ms
step:736/1480 train_time:30024ms step_avg:40.79ms
step:737/1480 train_time:30080ms step_avg:40.81ms
step:738/1480 train_time:30140ms step_avg:40.84ms
step:739/1480 train_time:30195ms step_avg:40.86ms
step:740/1480 train_time:30256ms step_avg:40.89ms
step:741/1480 train_time:30311ms step_avg:40.91ms
step:742/1480 train_time:30371ms step_avg:40.93ms
step:743/1480 train_time:30426ms step_avg:40.95ms
step:744/1480 train_time:30487ms step_avg:40.98ms
step:745/1480 train_time:30541ms step_avg:41.00ms
step:746/1480 train_time:30601ms step_avg:41.02ms
step:747/1480 train_time:30657ms step_avg:41.04ms
step:748/1480 train_time:30718ms step_avg:41.07ms
step:749/1480 train_time:30773ms step_avg:41.08ms
step:750/1480 train_time:30833ms step_avg:41.11ms
step:750/1480 val_loss:3.7941 train_time:30900ms step_avg:41.20ms
step:751/1480 train_time:30916ms step_avg:41.17ms
step:752/1480 train_time:30952ms step_avg:41.16ms
step:753/1480 train_time:31008ms step_avg:41.18ms
step:754/1480 train_time:31072ms step_avg:41.21ms
step:755/1480 train_time:31128ms step_avg:41.23ms
step:756/1480 train_time:31188ms step_avg:41.25ms
step:757/1480 train_time:31243ms step_avg:41.27ms
step:758/1480 train_time:31303ms step_avg:41.30ms
step:759/1480 train_time:31357ms step_avg:41.31ms
step:760/1480 train_time:31417ms step_avg:41.34ms
step:761/1480 train_time:31472ms step_avg:41.36ms
step:762/1480 train_time:31531ms step_avg:41.38ms
step:763/1480 train_time:31586ms step_avg:41.40ms
step:764/1480 train_time:31646ms step_avg:41.42ms
step:765/1480 train_time:31700ms step_avg:41.44ms
step:766/1480 train_time:31760ms step_avg:41.46ms
step:767/1480 train_time:31815ms step_avg:41.48ms
step:768/1480 train_time:31875ms step_avg:41.50ms
step:769/1480 train_time:31930ms step_avg:41.52ms
step:770/1480 train_time:31992ms step_avg:41.55ms
step:771/1480 train_time:32047ms step_avg:41.57ms
step:772/1480 train_time:32108ms step_avg:41.59ms
step:773/1480 train_time:32163ms step_avg:41.61ms
step:774/1480 train_time:32224ms step_avg:41.63ms
step:775/1480 train_time:32279ms step_avg:41.65ms
step:776/1480 train_time:32339ms step_avg:41.67ms
step:777/1480 train_time:32394ms step_avg:41.69ms
step:778/1480 train_time:32454ms step_avg:41.71ms
step:779/1480 train_time:32509ms step_avg:41.73ms
step:780/1480 train_time:32569ms step_avg:41.76ms
step:781/1480 train_time:32623ms step_avg:41.77ms
step:782/1480 train_time:32684ms step_avg:41.80ms
step:783/1480 train_time:32738ms step_avg:41.81ms
step:784/1480 train_time:32798ms step_avg:41.83ms
step:785/1480 train_time:32853ms step_avg:41.85ms
step:786/1480 train_time:32913ms step_avg:41.87ms
step:787/1480 train_time:32968ms step_avg:41.89ms
step:788/1480 train_time:33029ms step_avg:41.92ms
step:789/1480 train_time:33085ms step_avg:41.93ms
step:790/1480 train_time:33146ms step_avg:41.96ms
step:791/1480 train_time:33200ms step_avg:41.97ms
step:792/1480 train_time:33261ms step_avg:42.00ms
step:793/1480 train_time:33316ms step_avg:42.01ms
step:794/1480 train_time:33377ms step_avg:42.04ms
step:795/1480 train_time:33431ms step_avg:42.05ms
step:796/1480 train_time:33492ms step_avg:42.08ms
step:797/1480 train_time:33547ms step_avg:42.09ms
step:798/1480 train_time:33607ms step_avg:42.11ms
step:799/1480 train_time:33661ms step_avg:42.13ms
step:800/1480 train_time:33722ms step_avg:42.15ms
step:801/1480 train_time:33777ms step_avg:42.17ms
step:802/1480 train_time:33837ms step_avg:42.19ms
step:803/1480 train_time:33892ms step_avg:42.21ms
step:804/1480 train_time:33952ms step_avg:42.23ms
step:805/1480 train_time:34007ms step_avg:42.24ms
step:806/1480 train_time:34068ms step_avg:42.27ms
step:807/1480 train_time:34122ms step_avg:42.28ms
step:808/1480 train_time:34183ms step_avg:42.31ms
step:809/1480 train_time:34238ms step_avg:42.32ms
step:810/1480 train_time:34298ms step_avg:42.34ms
step:811/1480 train_time:34353ms step_avg:42.36ms
step:812/1480 train_time:34415ms step_avg:42.38ms
step:813/1480 train_time:34469ms step_avg:42.40ms
step:814/1480 train_time:34529ms step_avg:42.42ms
step:815/1480 train_time:34585ms step_avg:42.43ms
step:816/1480 train_time:34645ms step_avg:42.46ms
step:817/1480 train_time:34700ms step_avg:42.47ms
step:818/1480 train_time:34760ms step_avg:42.49ms
step:819/1480 train_time:34816ms step_avg:42.51ms
step:820/1480 train_time:34876ms step_avg:42.53ms
step:821/1480 train_time:34931ms step_avg:42.55ms
step:822/1480 train_time:34992ms step_avg:42.57ms
step:823/1480 train_time:35046ms step_avg:42.58ms
step:824/1480 train_time:35107ms step_avg:42.61ms
step:825/1480 train_time:35162ms step_avg:42.62ms
step:826/1480 train_time:35223ms step_avg:42.64ms
step:827/1480 train_time:35277ms step_avg:42.66ms
step:828/1480 train_time:35337ms step_avg:42.68ms
step:829/1480 train_time:35393ms step_avg:42.69ms
step:830/1480 train_time:35453ms step_avg:42.71ms
step:831/1480 train_time:35508ms step_avg:42.73ms
step:832/1480 train_time:35568ms step_avg:42.75ms
step:833/1480 train_time:35623ms step_avg:42.76ms
step:834/1480 train_time:35684ms step_avg:42.79ms
step:835/1480 train_time:35738ms step_avg:42.80ms
step:836/1480 train_time:35799ms step_avg:42.82ms
step:837/1480 train_time:35854ms step_avg:42.84ms
step:838/1480 train_time:35914ms step_avg:42.86ms
step:839/1480 train_time:35969ms step_avg:42.87ms
step:840/1480 train_time:36030ms step_avg:42.89ms
step:841/1480 train_time:36085ms step_avg:42.91ms
step:842/1480 train_time:36146ms step_avg:42.93ms
step:843/1480 train_time:36200ms step_avg:42.94ms
step:844/1480 train_time:36262ms step_avg:42.96ms
step:845/1480 train_time:36317ms step_avg:42.98ms
step:846/1480 train_time:36378ms step_avg:43.00ms
step:847/1480 train_time:36432ms step_avg:43.01ms
step:848/1480 train_time:36493ms step_avg:43.03ms
step:849/1480 train_time:36548ms step_avg:43.05ms
step:850/1480 train_time:36608ms step_avg:43.07ms
step:851/1480 train_time:36662ms step_avg:43.08ms
step:852/1480 train_time:36723ms step_avg:43.10ms
step:853/1480 train_time:36779ms step_avg:43.12ms
step:854/1480 train_time:36838ms step_avg:43.14ms
step:855/1480 train_time:36893ms step_avg:43.15ms
step:856/1480 train_time:36953ms step_avg:43.17ms
step:857/1480 train_time:37009ms step_avg:43.18ms
step:858/1480 train_time:37069ms step_avg:43.20ms
step:859/1480 train_time:37124ms step_avg:43.22ms
step:860/1480 train_time:37184ms step_avg:43.24ms
step:861/1480 train_time:37239ms step_avg:43.25ms
step:862/1480 train_time:37300ms step_avg:43.27ms
step:863/1480 train_time:37355ms step_avg:43.29ms
step:864/1480 train_time:37415ms step_avg:43.30ms
step:865/1480 train_time:37470ms step_avg:43.32ms
step:866/1480 train_time:37530ms step_avg:43.34ms
step:867/1480 train_time:37585ms step_avg:43.35ms
step:868/1480 train_time:37646ms step_avg:43.37ms
step:869/1480 train_time:37700ms step_avg:43.38ms
step:870/1480 train_time:37760ms step_avg:43.40ms
step:871/1480 train_time:37816ms step_avg:43.42ms
step:872/1480 train_time:37876ms step_avg:43.44ms
step:873/1480 train_time:37931ms step_avg:43.45ms
step:874/1480 train_time:37991ms step_avg:43.47ms
step:875/1480 train_time:38046ms step_avg:43.48ms
step:876/1480 train_time:38107ms step_avg:43.50ms
step:877/1480 train_time:38161ms step_avg:43.51ms
step:878/1480 train_time:38222ms step_avg:43.53ms
step:879/1480 train_time:38278ms step_avg:43.55ms
step:880/1480 train_time:38338ms step_avg:43.57ms
step:881/1480 train_time:38394ms step_avg:43.58ms
step:882/1480 train_time:38454ms step_avg:43.60ms
step:883/1480 train_time:38509ms step_avg:43.61ms
step:884/1480 train_time:38569ms step_avg:43.63ms
step:885/1480 train_time:38624ms step_avg:43.64ms
step:886/1480 train_time:38685ms step_avg:43.66ms
step:887/1480 train_time:38739ms step_avg:43.67ms
step:888/1480 train_time:38800ms step_avg:43.69ms
step:889/1480 train_time:38856ms step_avg:43.71ms
step:890/1480 train_time:38916ms step_avg:43.73ms
step:891/1480 train_time:38970ms step_avg:43.74ms
step:892/1480 train_time:39032ms step_avg:43.76ms
step:893/1480 train_time:39087ms step_avg:43.77ms
step:894/1480 train_time:39147ms step_avg:43.79ms
step:895/1480 train_time:39202ms step_avg:43.80ms
step:896/1480 train_time:39264ms step_avg:43.82ms
step:897/1480 train_time:39319ms step_avg:43.83ms
step:898/1480 train_time:39381ms step_avg:43.85ms
step:899/1480 train_time:39436ms step_avg:43.87ms
step:900/1480 train_time:39496ms step_avg:43.88ms
step:901/1480 train_time:39551ms step_avg:43.90ms
step:902/1480 train_time:39612ms step_avg:43.92ms
step:903/1480 train_time:39666ms step_avg:43.93ms
step:904/1480 train_time:39727ms step_avg:43.95ms
step:905/1480 train_time:39783ms step_avg:43.96ms
step:906/1480 train_time:39844ms step_avg:43.98ms
step:907/1480 train_time:39899ms step_avg:43.99ms
step:908/1480 train_time:39959ms step_avg:44.01ms
step:909/1480 train_time:40015ms step_avg:44.02ms
step:910/1480 train_time:40076ms step_avg:44.04ms
step:911/1480 train_time:40131ms step_avg:44.05ms
step:912/1480 train_time:40191ms step_avg:44.07ms
step:913/1480 train_time:40246ms step_avg:44.08ms
step:914/1480 train_time:40306ms step_avg:44.10ms
step:915/1480 train_time:40361ms step_avg:44.11ms
step:916/1480 train_time:40423ms step_avg:44.13ms
step:917/1480 train_time:40478ms step_avg:44.14ms
step:918/1480 train_time:40538ms step_avg:44.16ms
step:919/1480 train_time:40594ms step_avg:44.17ms
step:920/1480 train_time:40653ms step_avg:44.19ms
step:921/1480 train_time:40708ms step_avg:44.20ms
step:922/1480 train_time:40769ms step_avg:44.22ms
step:923/1480 train_time:40824ms step_avg:44.23ms
step:924/1480 train_time:40885ms step_avg:44.25ms
step:925/1480 train_time:40939ms step_avg:44.26ms
step:926/1480 train_time:40999ms step_avg:44.28ms
step:927/1480 train_time:41054ms step_avg:44.29ms
step:928/1480 train_time:41114ms step_avg:44.30ms
step:929/1480 train_time:41169ms step_avg:44.32ms
step:930/1480 train_time:41229ms step_avg:44.33ms
step:931/1480 train_time:41284ms step_avg:44.34ms
step:932/1480 train_time:41344ms step_avg:44.36ms
step:933/1480 train_time:41399ms step_avg:44.37ms
step:934/1480 train_time:41459ms step_avg:44.39ms
step:935/1480 train_time:41515ms step_avg:44.40ms
step:936/1480 train_time:41575ms step_avg:44.42ms
step:937/1480 train_time:41630ms step_avg:44.43ms
step:938/1480 train_time:41691ms step_avg:44.45ms
step:939/1480 train_time:41746ms step_avg:44.46ms
step:940/1480 train_time:41806ms step_avg:44.47ms
step:941/1480 train_time:41861ms step_avg:44.49ms
step:942/1480 train_time:41922ms step_avg:44.50ms
step:943/1480 train_time:41977ms step_avg:44.51ms
step:944/1480 train_time:42037ms step_avg:44.53ms
step:945/1480 train_time:42092ms step_avg:44.54ms
step:946/1480 train_time:42152ms step_avg:44.56ms
step:947/1480 train_time:42207ms step_avg:44.57ms
step:948/1480 train_time:42268ms step_avg:44.59ms
step:949/1480 train_time:42322ms step_avg:44.60ms
step:950/1480 train_time:42384ms step_avg:44.61ms
step:951/1480 train_time:42439ms step_avg:44.63ms
step:952/1480 train_time:42499ms step_avg:44.64ms
step:953/1480 train_time:42555ms step_avg:44.65ms
step:954/1480 train_time:42616ms step_avg:44.67ms
step:955/1480 train_time:42671ms step_avg:44.68ms
step:956/1480 train_time:42731ms step_avg:44.70ms
step:957/1480 train_time:42787ms step_avg:44.71ms
step:958/1480 train_time:42847ms step_avg:44.73ms
step:959/1480 train_time:42903ms step_avg:44.74ms
step:960/1480 train_time:42963ms step_avg:44.75ms
step:961/1480 train_time:43021ms step_avg:44.77ms
step:962/1480 train_time:43108ms step_avg:44.81ms
step:963/1480 train_time:43189ms step_avg:44.85ms
step:964/1480 train_time:43276ms step_avg:44.89ms
step:965/1480 train_time:43357ms step_avg:44.93ms
step:966/1480 train_time:43443ms step_avg:44.97ms
step:967/1480 train_time:43525ms step_avg:45.01ms
step:968/1480 train_time:43613ms step_avg:45.06ms
step:969/1480 train_time:43694ms step_avg:45.09ms
step:970/1480 train_time:43780ms step_avg:45.13ms
step:971/1480 train_time:43863ms step_avg:45.17ms
step:972/1480 train_time:43950ms step_avg:45.22ms
step:973/1480 train_time:44031ms step_avg:45.25ms
step:974/1480 train_time:44119ms step_avg:45.30ms
step:975/1480 train_time:44200ms step_avg:45.33ms
step:976/1480 train_time:44286ms step_avg:45.37ms
step:977/1480 train_time:44367ms step_avg:45.41ms
step:978/1480 train_time:44454ms step_avg:45.45ms
step:979/1480 train_time:44535ms step_avg:45.49ms
step:980/1480 train_time:44622ms step_avg:45.53ms
step:981/1480 train_time:44704ms step_avg:45.57ms
step:982/1480 train_time:44791ms step_avg:45.61ms
step:983/1480 train_time:44872ms step_avg:45.65ms
step:984/1480 train_time:44958ms step_avg:45.69ms
step:985/1480 train_time:45040ms step_avg:45.73ms
step:986/1480 train_time:45128ms step_avg:45.77ms
step:987/1480 train_time:45209ms step_avg:45.80ms
step:988/1480 train_time:45296ms step_avg:45.85ms
step:989/1480 train_time:45377ms step_avg:45.88ms
step:990/1480 train_time:45464ms step_avg:45.92ms
step:991/1480 train_time:45545ms step_avg:45.96ms
step:992/1480 train_time:45632ms step_avg:46.00ms
step:993/1480 train_time:45713ms step_avg:46.04ms
step:994/1480 train_time:45798ms step_avg:46.07ms
step:995/1480 train_time:45880ms step_avg:46.11ms
step:996/1480 train_time:45967ms step_avg:46.15ms
step:997/1480 train_time:46048ms step_avg:46.19ms
step:998/1480 train_time:46136ms step_avg:46.23ms
step:999/1480 train_time:46217ms step_avg:46.26ms
step:1000/1480 train_time:46304ms step_avg:46.30ms
step:1000/1480 val_loss:3.5077 train_time:46398ms step_avg:46.40ms
step:1001/1480 train_time:46418ms step_avg:46.37ms
step:1002/1480 train_time:46477ms step_avg:46.38ms
step:1003/1480 train_time:46561ms step_avg:46.42ms
step:1004/1480 train_time:46649ms step_avg:46.46ms
step:1005/1480 train_time:46731ms step_avg:46.50ms
step:1006/1480 train_time:46816ms step_avg:46.54ms
step:1007/1480 train_time:46897ms step_avg:46.57ms
step:1008/1480 train_time:46983ms step_avg:46.61ms
step:1009/1480 train_time:47064ms step_avg:46.64ms
step:1010/1480 train_time:47151ms step_avg:46.68ms
step:1011/1480 train_time:47231ms step_avg:46.72ms
step:1012/1480 train_time:47317ms step_avg:46.76ms
step:1013/1480 train_time:47398ms step_avg:46.79ms
step:1014/1480 train_time:47486ms step_avg:46.83ms
step:1015/1480 train_time:47570ms step_avg:46.87ms
step:1016/1480 train_time:47659ms step_avg:46.91ms
step:1017/1480 train_time:47741ms step_avg:46.94ms
step:1018/1480 train_time:47827ms step_avg:46.98ms
step:1019/1480 train_time:47906ms step_avg:47.01ms
step:1020/1480 train_time:47994ms step_avg:47.05ms
step:1021/1480 train_time:48075ms step_avg:47.09ms
step:1022/1480 train_time:48161ms step_avg:47.12ms
step:1023/1480 train_time:48242ms step_avg:47.16ms
step:1024/1480 train_time:48329ms step_avg:47.20ms
step:1025/1480 train_time:48409ms step_avg:47.23ms
step:1026/1480 train_time:48497ms step_avg:47.27ms
step:1027/1480 train_time:48580ms step_avg:47.30ms
step:1028/1480 train_time:48669ms step_avg:47.34ms
step:1029/1480 train_time:48750ms step_avg:47.38ms
step:1030/1480 train_time:48837ms step_avg:47.41ms
step:1031/1480 train_time:48918ms step_avg:47.45ms
step:1032/1480 train_time:49004ms step_avg:47.48ms
step:1033/1480 train_time:49085ms step_avg:47.52ms
step:1034/1480 train_time:49171ms step_avg:47.55ms
step:1035/1480 train_time:49251ms step_avg:47.59ms
step:1036/1480 train_time:49339ms step_avg:47.62ms
step:1037/1480 train_time:49420ms step_avg:47.66ms
step:1038/1480 train_time:49509ms step_avg:47.70ms
step:1039/1480 train_time:49590ms step_avg:47.73ms
step:1040/1480 train_time:49679ms step_avg:47.77ms
step:1041/1480 train_time:49761ms step_avg:47.80ms
step:1042/1480 train_time:49849ms step_avg:47.84ms
step:1043/1480 train_time:49930ms step_avg:47.87ms
step:1044/1480 train_time:50017ms step_avg:47.91ms
step:1045/1480 train_time:50098ms step_avg:47.94ms
step:1046/1480 train_time:50185ms step_avg:47.98ms
step:1047/1480 train_time:50267ms step_avg:48.01ms
step:1048/1480 train_time:50353ms step_avg:48.05ms
step:1049/1480 train_time:50434ms step_avg:48.08ms
step:1050/1480 train_time:50522ms step_avg:48.12ms
step:1051/1480 train_time:50604ms step_avg:48.15ms
step:1052/1480 train_time:50691ms step_avg:48.19ms
step:1053/1480 train_time:50773ms step_avg:48.22ms
step:1054/1480 train_time:50860ms step_avg:48.25ms
step:1055/1480 train_time:50941ms step_avg:48.29ms
step:1056/1480 train_time:51029ms step_avg:48.32ms
step:1057/1480 train_time:51109ms step_avg:48.35ms
step:1058/1480 train_time:51196ms step_avg:48.39ms
step:1059/1480 train_time:51278ms step_avg:48.42ms
step:1060/1480 train_time:51365ms step_avg:48.46ms
step:1061/1480 train_time:51445ms step_avg:48.49ms
step:1062/1480 train_time:51532ms step_avg:48.52ms
step:1063/1480 train_time:51613ms step_avg:48.55ms
step:1064/1480 train_time:51700ms step_avg:48.59ms
step:1065/1480 train_time:51783ms step_avg:48.62ms
step:1066/1480 train_time:51871ms step_avg:48.66ms
step:1067/1480 train_time:51951ms step_avg:48.69ms
step:1068/1480 train_time:52039ms step_avg:48.73ms
step:1069/1480 train_time:52119ms step_avg:48.76ms
step:1070/1480 train_time:52206ms step_avg:48.79ms
step:1071/1480 train_time:52288ms step_avg:48.82ms
step:1072/1480 train_time:52375ms step_avg:48.86ms
step:1073/1480 train_time:52456ms step_avg:48.89ms
step:1074/1480 train_time:52543ms step_avg:48.92ms
step:1075/1480 train_time:52624ms step_avg:48.95ms
step:1076/1480 train_time:52710ms step_avg:48.99ms
step:1077/1480 train_time:52793ms step_avg:49.02ms
step:1078/1480 train_time:52880ms step_avg:49.05ms
step:1079/1480 train_time:52961ms step_avg:49.08ms
step:1080/1480 train_time:53048ms step_avg:49.12ms
step:1081/1480 train_time:53130ms step_avg:49.15ms
step:1082/1480 train_time:53217ms step_avg:49.18ms
step:1083/1480 train_time:53297ms step_avg:49.21ms
step:1084/1480 train_time:53385ms step_avg:49.25ms
step:1085/1480 train_time:53466ms step_avg:49.28ms
step:1086/1480 train_time:53552ms step_avg:49.31ms
step:1087/1480 train_time:53633ms step_avg:49.34ms
step:1088/1480 train_time:53720ms step_avg:49.37ms
step:1089/1480 train_time:53802ms step_avg:49.40ms
step:1090/1480 train_time:53890ms step_avg:49.44ms
step:1091/1480 train_time:53971ms step_avg:49.47ms
step:1092/1480 train_time:54058ms step_avg:49.50ms
step:1093/1480 train_time:54139ms step_avg:49.53ms
step:1094/1480 train_time:54225ms step_avg:49.57ms
step:1095/1480 train_time:54306ms step_avg:49.59ms
step:1096/1480 train_time:54394ms step_avg:49.63ms
step:1097/1480 train_time:54476ms step_avg:49.66ms
step:1098/1480 train_time:54562ms step_avg:49.69ms
step:1099/1480 train_time:54644ms step_avg:49.72ms
step:1100/1480 train_time:54730ms step_avg:49.75ms
step:1101/1480 train_time:54811ms step_avg:49.78ms
step:1102/1480 train_time:54898ms step_avg:49.82ms
step:1103/1480 train_time:54980ms step_avg:49.85ms
step:1104/1480 train_time:55067ms step_avg:49.88ms
step:1105/1480 train_time:55148ms step_avg:49.91ms
step:1106/1480 train_time:55235ms step_avg:49.94ms
step:1107/1480 train_time:55316ms step_avg:49.97ms
step:1108/1480 train_time:55403ms step_avg:50.00ms
step:1109/1480 train_time:55485ms step_avg:50.03ms
step:1110/1480 train_time:55572ms step_avg:50.06ms
step:1111/1480 train_time:55653ms step_avg:50.09ms
step:1112/1480 train_time:55740ms step_avg:50.13ms
step:1113/1480 train_time:55822ms step_avg:50.15ms
step:1114/1480 train_time:55909ms step_avg:50.19ms
step:1115/1480 train_time:55990ms step_avg:50.21ms
step:1116/1480 train_time:56077ms step_avg:50.25ms
step:1117/1480 train_time:56159ms step_avg:50.28ms
step:1118/1480 train_time:56246ms step_avg:50.31ms
step:1119/1480 train_time:56327ms step_avg:50.34ms
step:1120/1480 train_time:56414ms step_avg:50.37ms
step:1121/1480 train_time:56494ms step_avg:50.40ms
step:1122/1480 train_time:56582ms step_avg:50.43ms
step:1123/1480 train_time:56665ms step_avg:50.46ms
step:1124/1480 train_time:56752ms step_avg:50.49ms
step:1125/1480 train_time:56833ms step_avg:50.52ms
step:1126/1480 train_time:56919ms step_avg:50.55ms
step:1127/1480 train_time:56999ms step_avg:50.58ms
step:1128/1480 train_time:57087ms step_avg:50.61ms
step:1129/1480 train_time:57169ms step_avg:50.64ms
step:1130/1480 train_time:57256ms step_avg:50.67ms
step:1131/1480 train_time:57338ms step_avg:50.70ms
step:1132/1480 train_time:57425ms step_avg:50.73ms
step:1133/1480 train_time:57506ms step_avg:50.76ms
step:1134/1480 train_time:57592ms step_avg:50.79ms
step:1135/1480 train_time:57674ms step_avg:50.81ms
step:1136/1480 train_time:57761ms step_avg:50.85ms
step:1137/1480 train_time:57843ms step_avg:50.87ms
step:1138/1480 train_time:57931ms step_avg:50.91ms
step:1139/1480 train_time:58011ms step_avg:50.93ms
step:1140/1480 train_time:58098ms step_avg:50.96ms
step:1141/1480 train_time:58180ms step_avg:50.99ms
step:1142/1480 train_time:58267ms step_avg:51.02ms
step:1143/1480 train_time:58348ms step_avg:51.05ms
step:1144/1480 train_time:58435ms step_avg:51.08ms
step:1145/1480 train_time:58516ms step_avg:51.11ms
step:1146/1480 train_time:58602ms step_avg:51.14ms
step:1147/1480 train_time:58684ms step_avg:51.16ms
step:1148/1480 train_time:58770ms step_avg:51.19ms
step:1149/1480 train_time:58852ms step_avg:51.22ms
step:1150/1480 train_time:58939ms step_avg:51.25ms
step:1151/1480 train_time:59019ms step_avg:51.28ms
step:1152/1480 train_time:59106ms step_avg:51.31ms
step:1153/1480 train_time:59187ms step_avg:51.33ms
step:1154/1480 train_time:59275ms step_avg:51.36ms
step:1155/1480 train_time:59357ms step_avg:51.39ms
step:1156/1480 train_time:59444ms step_avg:51.42ms
step:1157/1480 train_time:59526ms step_avg:51.45ms
step:1158/1480 train_time:59612ms step_avg:51.48ms
step:1159/1480 train_time:59692ms step_avg:51.50ms
step:1160/1480 train_time:59779ms step_avg:51.53ms
step:1161/1480 train_time:59860ms step_avg:51.56ms
step:1162/1480 train_time:59948ms step_avg:51.59ms
step:1163/1480 train_time:60031ms step_avg:51.62ms
step:1164/1480 train_time:60117ms step_avg:51.65ms
step:1165/1480 train_time:60199ms step_avg:51.67ms
step:1166/1480 train_time:60285ms step_avg:51.70ms
step:1167/1480 train_time:60367ms step_avg:51.73ms
step:1168/1480 train_time:60454ms step_avg:51.76ms
step:1169/1480 train_time:60535ms step_avg:51.78ms
step:1170/1480 train_time:60621ms step_avg:51.81ms
step:1171/1480 train_time:60703ms step_avg:51.84ms
step:1172/1480 train_time:60790ms step_avg:51.87ms
step:1173/1480 train_time:60872ms step_avg:51.89ms
step:1174/1480 train_time:60958ms step_avg:51.92ms
step:1175/1480 train_time:61040ms step_avg:51.95ms
step:1176/1480 train_time:61128ms step_avg:51.98ms
step:1177/1480 train_time:61209ms step_avg:52.00ms
step:1178/1480 train_time:61295ms step_avg:52.03ms
step:1179/1480 train_time:61377ms step_avg:52.06ms
step:1180/1480 train_time:61464ms step_avg:52.09ms
step:1181/1480 train_time:61546ms step_avg:52.11ms
step:1182/1480 train_time:61634ms step_avg:52.14ms
step:1183/1480 train_time:61717ms step_avg:52.17ms
step:1184/1480 train_time:61803ms step_avg:52.20ms
step:1185/1480 train_time:61885ms step_avg:52.22ms
step:1186/1480 train_time:61972ms step_avg:52.25ms
step:1187/1480 train_time:62053ms step_avg:52.28ms
step:1188/1480 train_time:62140ms step_avg:52.31ms
step:1189/1480 train_time:62222ms step_avg:52.33ms
step:1190/1480 train_time:62309ms step_avg:52.36ms
step:1191/1480 train_time:62390ms step_avg:52.38ms
step:1192/1480 train_time:62476ms step_avg:52.41ms
step:1193/1480 train_time:62556ms step_avg:52.44ms
step:1194/1480 train_time:62644ms step_avg:52.47ms
step:1195/1480 train_time:62726ms step_avg:52.49ms
step:1196/1480 train_time:62812ms step_avg:52.52ms
step:1197/1480 train_time:62893ms step_avg:52.54ms
step:1198/1480 train_time:62980ms step_avg:52.57ms
step:1199/1480 train_time:63062ms step_avg:52.60ms
step:1200/1480 train_time:63149ms step_avg:52.62ms
step:1201/1480 train_time:63231ms step_avg:52.65ms
step:1202/1480 train_time:63317ms step_avg:52.68ms
step:1203/1480 train_time:63398ms step_avg:52.70ms
step:1204/1480 train_time:63485ms step_avg:52.73ms
step:1205/1480 train_time:63566ms step_avg:52.75ms
step:1206/1480 train_time:63653ms step_avg:52.78ms
step:1207/1480 train_time:63733ms step_avg:52.80ms
step:1208/1480 train_time:63820ms step_avg:52.83ms
step:1209/1480 train_time:63901ms step_avg:52.85ms
step:1210/1480 train_time:63989ms step_avg:52.88ms
step:1211/1480 train_time:64071ms step_avg:52.91ms
step:1212/1480 train_time:64158ms step_avg:52.94ms
step:1213/1480 train_time:64239ms step_avg:52.96ms
step:1214/1480 train_time:64326ms step_avg:52.99ms
step:1215/1480 train_time:64407ms step_avg:53.01ms
step:1216/1480 train_time:64495ms step_avg:53.04ms
step:1217/1480 train_time:64576ms step_avg:53.06ms
step:1218/1480 train_time:64662ms step_avg:53.09ms
step:1219/1480 train_time:64745ms step_avg:53.11ms
step:1220/1480 train_time:64832ms step_avg:53.14ms
step:1221/1480 train_time:64913ms step_avg:53.16ms
step:1222/1480 train_time:64998ms step_avg:53.19ms
step:1223/1480 train_time:65080ms step_avg:53.21ms
step:1224/1480 train_time:65168ms step_avg:53.24ms
step:1225/1480 train_time:65249ms step_avg:53.26ms
step:1226/1480 train_time:65336ms step_avg:53.29ms
step:1227/1480 train_time:65416ms step_avg:53.31ms
step:1228/1480 train_time:65503ms step_avg:53.34ms
step:1229/1480 train_time:65586ms step_avg:53.37ms
step:1230/1480 train_time:65672ms step_avg:53.39ms
step:1231/1480 train_time:65753ms step_avg:53.41ms
step:1232/1480 train_time:65840ms step_avg:53.44ms
step:1233/1480 train_time:65922ms step_avg:53.47ms
step:1234/1480 train_time:66010ms step_avg:53.49ms
step:1235/1480 train_time:66091ms step_avg:53.51ms
step:1236/1480 train_time:66178ms step_avg:53.54ms
step:1237/1480 train_time:66261ms step_avg:53.57ms
step:1238/1480 train_time:66348ms step_avg:53.59ms
step:1239/1480 train_time:66429ms step_avg:53.61ms
step:1240/1480 train_time:66515ms step_avg:53.64ms
step:1241/1480 train_time:66597ms step_avg:53.66ms
step:1242/1480 train_time:66684ms step_avg:53.69ms
step:1243/1480 train_time:66765ms step_avg:53.71ms
step:1244/1480 train_time:66853ms step_avg:53.74ms
step:1245/1480 train_time:66935ms step_avg:53.76ms
step:1246/1480 train_time:67021ms step_avg:53.79ms
step:1247/1480 train_time:67103ms step_avg:53.81ms
step:1248/1480 train_time:67189ms step_avg:53.84ms
step:1249/1480 train_time:67271ms step_avg:53.86ms
step:1250/1480 train_time:67359ms step_avg:53.89ms
step:1250/1480 val_loss:3.3660 train_time:67453ms step_avg:53.96ms
step:1251/1480 train_time:67469ms step_avg:53.93ms
step:1252/1480 train_time:67531ms step_avg:53.94ms
step:1253/1480 train_time:67614ms step_avg:53.96ms
step:1254/1480 train_time:67705ms step_avg:53.99ms
step:1255/1480 train_time:67789ms step_avg:54.02ms
step:1256/1480 train_time:67877ms step_avg:54.04ms
step:1257/1480 train_time:67957ms step_avg:54.06ms
step:1258/1480 train_time:68043ms step_avg:54.09ms
step:1259/1480 train_time:68124ms step_avg:54.11ms
step:1260/1480 train_time:68210ms step_avg:54.13ms
step:1261/1480 train_time:68289ms step_avg:54.15ms
step:1262/1480 train_time:68376ms step_avg:54.18ms
step:1263/1480 train_time:68458ms step_avg:54.20ms
step:1264/1480 train_time:68546ms step_avg:54.23ms
step:1265/1480 train_time:68628ms step_avg:54.25ms
step:1266/1480 train_time:68716ms step_avg:54.28ms
step:1267/1480 train_time:68800ms step_avg:54.30ms
step:1268/1480 train_time:68886ms step_avg:54.33ms
step:1269/1480 train_time:68968ms step_avg:54.35ms
step:1270/1480 train_time:69055ms step_avg:54.37ms
step:1271/1480 train_time:69136ms step_avg:54.39ms
step:1272/1480 train_time:69221ms step_avg:54.42ms
step:1273/1480 train_time:69304ms step_avg:54.44ms
step:1274/1480 train_time:69390ms step_avg:54.47ms
step:1275/1480 train_time:69471ms step_avg:54.49ms
step:1276/1480 train_time:69561ms step_avg:54.51ms
step:1277/1480 train_time:69643ms step_avg:54.54ms
step:1278/1480 train_time:69729ms step_avg:54.56ms
step:1279/1480 train_time:69811ms step_avg:54.58ms
step:1280/1480 train_time:69899ms step_avg:54.61ms
step:1281/1480 train_time:69979ms step_avg:54.63ms
step:1282/1480 train_time:70066ms step_avg:54.65ms
step:1283/1480 train_time:70148ms step_avg:54.67ms
step:1284/1480 train_time:70234ms step_avg:54.70ms
step:1285/1480 train_time:70314ms step_avg:54.72ms
step:1286/1480 train_time:70401ms step_avg:54.74ms
step:1287/1480 train_time:70483ms step_avg:54.77ms
step:1288/1480 train_time:70570ms step_avg:54.79ms
step:1289/1480 train_time:70652ms step_avg:54.81ms
step:1290/1480 train_time:70740ms step_avg:54.84ms
step:1291/1480 train_time:70822ms step_avg:54.86ms
step:1292/1480 train_time:70909ms step_avg:54.88ms
step:1293/1480 train_time:70991ms step_avg:54.90ms
step:1294/1480 train_time:71076ms step_avg:54.93ms
step:1295/1480 train_time:71159ms step_avg:54.95ms
step:1296/1480 train_time:71245ms step_avg:54.97ms
step:1297/1480 train_time:71326ms step_avg:54.99ms
step:1298/1480 train_time:71413ms step_avg:55.02ms
step:1299/1480 train_time:71495ms step_avg:55.04ms
step:1300/1480 train_time:71583ms step_avg:55.06ms
step:1301/1480 train_time:71665ms step_avg:55.08ms
step:1302/1480 train_time:71752ms step_avg:55.11ms
step:1303/1480 train_time:71832ms step_avg:55.13ms
step:1304/1480 train_time:71919ms step_avg:55.15ms
step:1305/1480 train_time:72000ms step_avg:55.17ms
step:1306/1480 train_time:72087ms step_avg:55.20ms
step:1307/1480 train_time:72169ms step_avg:55.22ms
step:1308/1480 train_time:72255ms step_avg:55.24ms
step:1309/1480 train_time:72336ms step_avg:55.26ms
step:1310/1480 train_time:72423ms step_avg:55.28ms
step:1311/1480 train_time:72505ms step_avg:55.31ms
step:1312/1480 train_time:72593ms step_avg:55.33ms
step:1313/1480 train_time:72674ms step_avg:55.35ms
step:1314/1480 train_time:72761ms step_avg:55.37ms
step:1315/1480 train_time:72843ms step_avg:55.39ms
step:1316/1480 train_time:72930ms step_avg:55.42ms
step:1317/1480 train_time:73010ms step_avg:55.44ms
step:1318/1480 train_time:73098ms step_avg:55.46ms
step:1319/1480 train_time:73180ms step_avg:55.48ms
step:1320/1480 train_time:73267ms step_avg:55.51ms
step:1321/1480 train_time:73349ms step_avg:55.53ms
step:1322/1480 train_time:73435ms step_avg:55.55ms
step:1323/1480 train_time:73516ms step_avg:55.57ms
step:1324/1480 train_time:73603ms step_avg:55.59ms
step:1325/1480 train_time:73685ms step_avg:55.61ms
step:1326/1480 train_time:73771ms step_avg:55.63ms
step:1327/1480 train_time:73853ms step_avg:55.65ms
step:1328/1480 train_time:73940ms step_avg:55.68ms
step:1329/1480 train_time:74021ms step_avg:55.70ms
step:1330/1480 train_time:74109ms step_avg:55.72ms
step:1331/1480 train_time:74191ms step_avg:55.74ms
step:1332/1480 train_time:74277ms step_avg:55.76ms
step:1333/1480 train_time:74359ms step_avg:55.78ms
step:1334/1480 train_time:74446ms step_avg:55.81ms
step:1335/1480 train_time:74527ms step_avg:55.83ms
step:1336/1480 train_time:74614ms step_avg:55.85ms
step:1337/1480 train_time:74696ms step_avg:55.87ms
step:1338/1480 train_time:74784ms step_avg:55.89ms
step:1339/1480 train_time:74865ms step_avg:55.91ms
step:1340/1480 train_time:74951ms step_avg:55.93ms
step:1341/1480 train_time:75032ms step_avg:55.95ms
step:1342/1480 train_time:75119ms step_avg:55.98ms
step:1343/1480 train_time:75201ms step_avg:55.99ms
step:1344/1480 train_time:75288ms step_avg:56.02ms
step:1345/1480 train_time:75368ms step_avg:56.04ms
step:1346/1480 train_time:75454ms step_avg:56.06ms
step:1347/1480 train_time:75536ms step_avg:56.08ms
step:1348/1480 train_time:75624ms step_avg:56.10ms
step:1349/1480 train_time:75705ms step_avg:56.12ms
step:1350/1480 train_time:75793ms step_avg:56.14ms
step:1351/1480 train_time:75873ms step_avg:56.16ms
step:1352/1480 train_time:75960ms step_avg:56.18ms
step:1353/1480 train_time:76043ms step_avg:56.20ms
step:1354/1480 train_time:76129ms step_avg:56.23ms
step:1355/1480 train_time:76210ms step_avg:56.24ms
step:1356/1480 train_time:76298ms step_avg:56.27ms
step:1357/1480 train_time:76379ms step_avg:56.29ms
step:1358/1480 train_time:76465ms step_avg:56.31ms
step:1359/1480 train_time:76547ms step_avg:56.33ms
step:1360/1480 train_time:76635ms step_avg:56.35ms
step:1361/1480 train_time:76715ms step_avg:56.37ms
step:1362/1480 train_time:76802ms step_avg:56.39ms
step:1363/1480 train_time:76885ms step_avg:56.41ms
step:1364/1480 train_time:76971ms step_avg:56.43ms
step:1365/1480 train_time:77052ms step_avg:56.45ms
step:1366/1480 train_time:77138ms step_avg:56.47ms
step:1367/1480 train_time:77219ms step_avg:56.49ms
step:1368/1480 train_time:77306ms step_avg:56.51ms
step:1369/1480 train_time:77388ms step_avg:56.53ms
step:1370/1480 train_time:77474ms step_avg:56.55ms
step:1371/1480 train_time:77556ms step_avg:56.57ms
step:1372/1480 train_time:77644ms step_avg:56.59ms
step:1373/1480 train_time:77725ms step_avg:56.61ms
step:1374/1480 train_time:77812ms step_avg:56.63ms
step:1375/1480 train_time:77894ms step_avg:56.65ms
step:1376/1480 train_time:77981ms step_avg:56.67ms
step:1377/1480 train_time:78063ms step_avg:56.69ms
step:1378/1480 train_time:78149ms step_avg:56.71ms
step:1379/1480 train_time:78230ms step_avg:56.73ms
step:1380/1480 train_time:78318ms step_avg:56.75ms
step:1381/1480 train_time:78399ms step_avg:56.77ms
step:1382/1480 train_time:78486ms step_avg:56.79ms
step:1383/1480 train_time:78567ms step_avg:56.81ms
step:1384/1480 train_time:78655ms step_avg:56.83ms
step:1385/1480 train_time:78735ms step_avg:56.85ms
step:1386/1480 train_time:78822ms step_avg:56.87ms
step:1387/1480 train_time:78905ms step_avg:56.89ms
step:1388/1480 train_time:78992ms step_avg:56.91ms
step:1389/1480 train_time:79073ms step_avg:56.93ms
step:1390/1480 train_time:79160ms step_avg:56.95ms
step:1391/1480 train_time:79241ms step_avg:56.97ms
step:1392/1480 train_time:79327ms step_avg:56.99ms
step:1393/1480 train_time:79409ms step_avg:57.01ms
step:1394/1480 train_time:79497ms step_avg:57.03ms
step:1395/1480 train_time:79578ms step_avg:57.05ms
step:1396/1480 train_time:79665ms step_avg:57.07ms
step:1397/1480 train_time:79747ms step_avg:57.08ms
step:1398/1480 train_time:79834ms step_avg:57.11ms
step:1399/1480 train_time:79915ms step_avg:57.12ms
step:1400/1480 train_time:80002ms step_avg:57.14ms
step:1401/1480 train_time:80085ms step_avg:57.16ms
step:1402/1480 train_time:80172ms step_avg:57.18ms
step:1403/1480 train_time:80253ms step_avg:57.20ms
step:1404/1480 train_time:80339ms step_avg:57.22ms
step:1405/1480 train_time:80421ms step_avg:57.24ms
step:1406/1480 train_time:80508ms step_avg:57.26ms
step:1407/1480 train_time:80592ms step_avg:57.28ms
step:1408/1480 train_time:80678ms step_avg:57.30ms
step:1409/1480 train_time:80759ms step_avg:57.32ms
step:1410/1480 train_time:80847ms step_avg:57.34ms
step:1411/1480 train_time:80928ms step_avg:57.36ms
step:1412/1480 train_time:81014ms step_avg:57.38ms
step:1413/1480 train_time:81096ms step_avg:57.39ms
step:1414/1480 train_time:81183ms step_avg:57.41ms
step:1415/1480 train_time:81265ms step_avg:57.43ms
step:1416/1480 train_time:81353ms step_avg:57.45ms
step:1417/1480 train_time:81434ms step_avg:57.47ms
step:1418/1480 train_time:81520ms step_avg:57.49ms
step:1419/1480 train_time:81602ms step_avg:57.51ms
step:1420/1480 train_time:81689ms step_avg:57.53ms
step:1421/1480 train_time:81770ms step_avg:57.54ms
step:1422/1480 train_time:81858ms step_avg:57.57ms
step:1423/1480 train_time:81939ms step_avg:57.58ms
step:1424/1480 train_time:82025ms step_avg:57.60ms
step:1425/1480 train_time:82107ms step_avg:57.62ms
step:1426/1480 train_time:82194ms step_avg:57.64ms
step:1427/1480 train_time:82275ms step_avg:57.66ms
step:1428/1480 train_time:82363ms step_avg:57.68ms
step:1429/1480 train_time:82445ms step_avg:57.69ms
step:1430/1480 train_time:82530ms step_avg:57.71ms
step:1431/1480 train_time:82612ms step_avg:57.73ms
step:1432/1480 train_time:82698ms step_avg:57.75ms
step:1433/1480 train_time:82780ms step_avg:57.77ms
step:1434/1480 train_time:82867ms step_avg:57.79ms
step:1435/1480 train_time:82949ms step_avg:57.80ms
step:1436/1480 train_time:83035ms step_avg:57.82ms
step:1437/1480 train_time:83116ms step_avg:57.84ms
step:1438/1480 train_time:83204ms step_avg:57.86ms
step:1439/1480 train_time:83286ms step_avg:57.88ms
step:1440/1480 train_time:83372ms step_avg:57.90ms
step:1441/1480 train_time:83456ms step_avg:57.92ms
step:1442/1480 train_time:83545ms step_avg:57.94ms
step:1443/1480 train_time:83628ms step_avg:57.95ms
step:1444/1480 train_time:83714ms step_avg:57.97ms
step:1445/1480 train_time:83796ms step_avg:57.99ms
step:1446/1480 train_time:83884ms step_avg:58.01ms
step:1447/1480 train_time:83965ms step_avg:58.03ms
step:1448/1480 train_time:84053ms step_avg:58.05ms
step:1449/1480 train_time:84133ms step_avg:58.06ms
step:1450/1480 train_time:84220ms step_avg:58.08ms
step:1451/1480 train_time:84302ms step_avg:58.10ms
step:1452/1480 train_time:84390ms step_avg:58.12ms
step:1453/1480 train_time:84472ms step_avg:58.14ms
step:1454/1480 train_time:84559ms step_avg:58.16ms
step:1455/1480 train_time:84640ms step_avg:58.17ms
step:1456/1480 train_time:84728ms step_avg:58.19ms
step:1457/1480 train_time:84809ms step_avg:58.21ms
step:1458/1480 train_time:84897ms step_avg:58.23ms
step:1459/1480 train_time:84980ms step_avg:58.25ms
step:1460/1480 train_time:85067ms step_avg:58.26ms
step:1461/1480 train_time:85150ms step_avg:58.28ms
step:1462/1480 train_time:85236ms step_avg:58.30ms
step:1463/1480 train_time:85317ms step_avg:58.32ms
step:1464/1480 train_time:85406ms step_avg:58.34ms
step:1465/1480 train_time:85488ms step_avg:58.35ms
step:1466/1480 train_time:85575ms step_avg:58.37ms
step:1467/1480 train_time:85656ms step_avg:58.39ms
step:1468/1480 train_time:85744ms step_avg:58.41ms
step:1469/1480 train_time:85825ms step_avg:58.42ms
step:1470/1480 train_time:85912ms step_avg:58.44ms
step:1471/1480 train_time:85993ms step_avg:58.46ms
step:1472/1480 train_time:86080ms step_avg:58.48ms
step:1473/1480 train_time:86162ms step_avg:58.49ms
step:1474/1480 train_time:86249ms step_avg:58.51ms
step:1475/1480 train_time:86330ms step_avg:58.53ms
step:1476/1480 train_time:86417ms step_avg:58.55ms
step:1477/1480 train_time:86500ms step_avg:58.56ms
step:1478/1480 train_time:86588ms step_avg:58.58ms
step:1479/1480 train_time:86670ms step_avg:58.60ms
step:1480/1480 train_time:86756ms step_avg:58.62ms
step:1480/1480 val_loss:3.2778 train_time:86851ms step_avg:58.68ms
peak memory allocated: 30550 MiB reserved: 46146 MiB
