W0420 02:06:12.777000 119540 torch/distributed/run.py:852] 
W0420 02:06:12.777000 119540 torch/distributed/run.py:852] *****************************************
W0420 02:06:12.777000 119540 torch/distributed/run.py:852] Setting OMP_NUM_THREADS environment variable for each process to be 1 in default, to avoid your system being overloaded, please further tune the variable for optimal performance in your application as needed. 
W0420 02:06:12.777000 119540 torch/distributed/run.py:852] *****************************************
[Gloo] Rank 0 is connected to 7 peer ranks. Expected number of connected peer ranks is : 7
[Gloo] Rank 3 is connected to 7 peer ranks. Expected number of connected peer ranks is : 7
[Gloo] Rank 4 is connected to 7 peer ranks. Expected number of connected peer ranks is : 7
[Gloo] Rank 1 is connected to 7 peer ranks. Expected number of connected peer ranks is : 7
[Gloo] Rank 6 is connected to 7 peer ranks. Expected number of connected peer ranks is : 7
[Gloo] Rank 2 is connected to 7 peer ranks. Expected number of connected peer ranks is : 7
[Gloo] Rank 5 is connected to 7[Gloo] Rank  peer ranks. Expected number of connected peer ranks is : 77 is connected to 
7 peer ranks. Expected number of connected peer ranks is : 7
Warning: You are sending unauthenticated requests to the HF Hub. Please set a HF_TOKEN to enable higher rate limits and faster downloads.
Warning: You are sending unauthenticated requests to the HF Hub. Please set a HF_TOKEN to enable higher rate limits and faster downloads.
Warning: You are sending unauthenticated requests to the HF Hub. Please set a HF_TOKEN to enable higher rate limits and faster downloads.
Warning: You are sending unauthenticated requests to the HF Hub. Please set a HF_TOKEN to enable higher rate limits and faster downloads.
Fetching 4 files:   0%|          | 0/4 [00:00<?, ?it/s]Fetching 4 files: 100%|██████████| 4/4 [00:00<00:00, 101067.57it/s]
Fetching 4 files:   0%|          | 0/4 [00:00<?, ?it/s]Fetching 4 files: 100%|██████████| 4/4 [00:00<00:00, 92691.80it/s]
Fetching 4 files:   0%|          | 0/4 [00:00<?, ?it/s]Fetching 4 files: 100%|██████████| 4/4 [00:00<00:00, 97541.95it/s]
Fetching 4 files:   0%|          | 0/4 [00:00<?, ?it/s]Fetching 4 files: 100%|██████████| 4/4 [00:00<00:00, 97541.95it/s]
Fetching 4 files:   0%|          | 0/4 [00:00<?, ?it/s]Fetching 4 files: 100%|██████████| 4/4 [00:00<00:00, 87381.33it/s]
Fetching 4 files:   0%|          | 0/4 [00:00<?, ?it/s]Fetching 4 files: 100%|██████████| 4/4 [00:00<00:00, 93727.46it/s]
Fetching 4 files:   0%|          | 0/4 [00:00<?, ?it/s]Fetching 4 files: 100%|██████████| 4/4 [00:00<00:00, 84307.62it/s]
Fetching 4 files:   0%|          | 0/4 [00:00<?, ?it/s]Fetching 4 files: 100%|██████████| 4/4 [00:00<00:00, 97541.95it/s]
logs/40457f91-bede-4488-8929-41f9adfd225a.txt
Compiling model and warming up kernels (~7 minutes on first execution)
Sampling steps [0, 1, 478, 479, 480, 481, 958, 959, 960, 961, 1438, 1439, 1440, 1441] for warmup
Resetting Model
step:0/1480 val_loss:10.8300 train_time:0ms step_avg:0.04ms
step:1/1480 train_time:67ms step_avg:67.21ms
step:2/1480 train_time:87ms step_avg:43.60ms
step:3/1480 train_time:106ms step_avg:35.26ms
step:4/1480 train_time:140ms step_avg:35.09ms
step:5/1480 train_time:168ms step_avg:33.53ms
step:6/1480 train_time:202ms step_avg:33.73ms
step:7/1480 train_time:230ms step_avg:32.91ms
step:8/1480 train_time:265ms step_avg:33.11ms
step:9/1480 train_time:293ms step_avg:32.54ms
step:10/1480 train_time:327ms step_avg:32.69ms
step:11/1480 train_time:355ms step_avg:32.28ms
step:12/1480 train_time:389ms step_avg:32.44ms
step:13/1480 train_time:417ms step_avg:32.10ms
step:14/1480 train_time:451ms step_avg:32.24ms
step:15/1480 train_time:480ms step_avg:31.97ms
step:16/1480 train_time:514ms step_avg:32.12ms
step:17/1480 train_time:542ms step_avg:31.90ms
step:18/1480 train_time:577ms step_avg:32.04ms
step:19/1480 train_time:605ms step_avg:31.84ms
step:20/1480 train_time:639ms step_avg:31.97ms
step:21/1480 train_time:668ms step_avg:31.79ms
step:22/1480 train_time:702ms step_avg:31.90ms
step:23/1480 train_time:730ms step_avg:31.74ms
step:24/1480 train_time:764ms step_avg:31.84ms
step:25/1480 train_time:793ms step_avg:31.70ms
step:26/1480 train_time:827ms step_avg:31.80ms
step:27/1480 train_time:855ms step_avg:31.67ms
step:28/1480 train_time:889ms step_avg:31.76ms
step:29/1480 train_time:917ms step_avg:31.63ms
step:30/1480 train_time:952ms step_avg:31.72ms
step:31/1480 train_time:980ms step_avg:31.61ms
step:32/1480 train_time:1014ms step_avg:31.69ms
step:33/1480 train_time:1043ms step_avg:31.60ms
step:34/1480 train_time:1078ms step_avg:31.69ms
step:35/1480 train_time:1106ms step_avg:31.59ms
step:36/1480 train_time:1140ms step_avg:31.68ms
step:37/1480 train_time:1169ms step_avg:31.58ms
step:38/1480 train_time:1203ms step_avg:31.67ms
step:39/1480 train_time:1232ms step_avg:31.58ms
step:40/1480 train_time:1266ms step_avg:31.65ms
step:41/1480 train_time:1294ms step_avg:31.57ms
step:42/1480 train_time:1329ms step_avg:31.63ms
step:43/1480 train_time:1357ms step_avg:31.55ms
step:44/1480 train_time:1392ms step_avg:31.63ms
step:45/1480 train_time:1419ms step_avg:31.54ms
step:46/1480 train_time:1454ms step_avg:31.60ms
step:47/1480 train_time:1482ms step_avg:31.53ms
step:48/1480 train_time:1516ms step_avg:31.59ms
step:49/1480 train_time:1545ms step_avg:31.52ms
step:50/1480 train_time:1579ms step_avg:31.58ms
step:51/1480 train_time:1608ms step_avg:31.52ms
step:52/1480 train_time:1642ms step_avg:31.58ms
step:53/1480 train_time:1671ms step_avg:31.52ms
step:54/1480 train_time:1705ms step_avg:31.57ms
step:55/1480 train_time:1733ms step_avg:31.51ms
step:56/1480 train_time:1767ms step_avg:31.56ms
step:57/1480 train_time:1796ms step_avg:31.50ms
step:58/1480 train_time:1830ms step_avg:31.55ms
step:59/1480 train_time:1858ms step_avg:31.49ms
step:60/1480 train_time:1892ms step_avg:31.54ms
step:61/1480 train_time:1921ms step_avg:31.49ms
step:62/1480 train_time:1955ms step_avg:31.53ms
step:63/1480 train_time:1983ms step_avg:31.48ms
step:64/1480 train_time:2017ms step_avg:31.52ms
step:65/1480 train_time:2046ms step_avg:31.47ms
step:66/1480 train_time:2081ms step_avg:31.52ms
step:67/1480 train_time:2109ms step_avg:31.48ms
step:68/1480 train_time:2143ms step_avg:31.52ms
step:69/1480 train_time:2172ms step_avg:31.48ms
step:70/1480 train_time:2206ms step_avg:31.51ms
step:71/1480 train_time:2235ms step_avg:31.48ms
step:72/1480 train_time:2269ms step_avg:31.51ms
step:73/1480 train_time:2297ms step_avg:31.47ms
step:74/1480 train_time:2331ms step_avg:31.50ms
step:75/1480 train_time:2359ms step_avg:31.46ms
step:76/1480 train_time:2394ms step_avg:31.49ms
step:77/1480 train_time:2422ms step_avg:31.45ms
step:78/1480 train_time:2456ms step_avg:31.49ms
step:79/1480 train_time:2484ms step_avg:31.45ms
step:80/1480 train_time:2519ms step_avg:31.48ms
step:81/1480 train_time:2547ms step_avg:31.45ms
step:82/1480 train_time:2581ms step_avg:31.48ms
step:83/1480 train_time:2610ms step_avg:31.44ms
step:84/1480 train_time:2644ms step_avg:31.48ms
step:85/1480 train_time:2672ms step_avg:31.44ms
step:86/1480 train_time:2707ms step_avg:31.47ms
step:87/1480 train_time:2735ms step_avg:31.43ms
step:88/1480 train_time:2769ms step_avg:31.46ms
step:89/1480 train_time:2798ms step_avg:31.43ms
step:90/1480 train_time:2832ms step_avg:31.46ms
step:91/1480 train_time:2860ms step_avg:31.43ms
step:92/1480 train_time:2894ms step_avg:31.46ms
step:93/1480 train_time:2922ms step_avg:31.42ms
step:94/1480 train_time:2957ms step_avg:31.46ms
step:95/1480 train_time:2985ms step_avg:31.42ms
step:96/1480 train_time:3020ms step_avg:31.46ms
step:97/1480 train_time:3048ms step_avg:31.42ms
step:98/1480 train_time:3082ms step_avg:31.45ms
step:99/1480 train_time:3111ms step_avg:31.42ms
step:100/1480 train_time:3145ms step_avg:31.45ms
step:101/1480 train_time:3174ms step_avg:31.42ms
step:102/1480 train_time:3208ms step_avg:31.45ms
step:103/1480 train_time:3236ms step_avg:31.42ms
step:104/1480 train_time:3270ms step_avg:31.45ms
step:105/1480 train_time:3299ms step_avg:31.42ms
step:106/1480 train_time:3333ms step_avg:31.45ms
step:107/1480 train_time:3362ms step_avg:31.42ms
step:108/1480 train_time:3397ms step_avg:31.45ms
step:109/1480 train_time:3425ms step_avg:31.42ms
step:110/1480 train_time:3459ms step_avg:31.45ms
step:111/1480 train_time:3487ms step_avg:31.42ms
step:112/1480 train_time:3522ms step_avg:31.45ms
step:113/1480 train_time:3550ms step_avg:31.42ms
step:114/1480 train_time:3585ms step_avg:31.45ms
step:115/1480 train_time:3613ms step_avg:31.42ms
step:116/1480 train_time:3647ms step_avg:31.44ms
step:117/1480 train_time:3676ms step_avg:31.41ms
step:118/1480 train_time:3710ms step_avg:31.44ms
step:119/1480 train_time:3738ms step_avg:31.41ms
step:120/1480 train_time:3772ms step_avg:31.43ms
step:121/1480 train_time:3800ms step_avg:31.41ms
step:122/1480 train_time:3834ms step_avg:31.43ms
step:123/1480 train_time:3863ms step_avg:31.40ms
step:124/1480 train_time:3898ms step_avg:31.43ms
step:125/1480 train_time:3926ms step_avg:31.41ms
step:126/1480 train_time:3960ms step_avg:31.43ms
step:127/1480 train_time:3988ms step_avg:31.40ms
step:128/1480 train_time:4022ms step_avg:31.43ms
step:129/1480 train_time:4051ms step_avg:31.40ms
step:130/1480 train_time:4085ms step_avg:31.42ms
step:131/1480 train_time:4113ms step_avg:31.40ms
step:132/1480 train_time:4147ms step_avg:31.42ms
step:133/1480 train_time:4175ms step_avg:31.39ms
step:134/1480 train_time:4210ms step_avg:31.41ms
step:135/1480 train_time:4238ms step_avg:31.39ms
step:136/1480 train_time:4272ms step_avg:31.41ms
step:137/1480 train_time:4301ms step_avg:31.39ms
step:138/1480 train_time:4335ms step_avg:31.41ms
step:139/1480 train_time:4363ms step_avg:31.39ms
step:140/1480 train_time:4397ms step_avg:31.41ms
step:141/1480 train_time:4425ms step_avg:31.39ms
step:142/1480 train_time:4460ms step_avg:31.41ms
step:143/1480 train_time:4488ms step_avg:31.38ms
step:144/1480 train_time:4522ms step_avg:31.40ms
step:145/1480 train_time:4551ms step_avg:31.38ms
step:146/1480 train_time:4585ms step_avg:31.40ms
step:147/1480 train_time:4613ms step_avg:31.38ms
step:148/1480 train_time:4647ms step_avg:31.40ms
step:149/1480 train_time:4676ms step_avg:31.38ms
step:150/1480 train_time:4710ms step_avg:31.40ms
step:151/1480 train_time:4738ms step_avg:31.38ms
step:152/1480 train_time:4772ms step_avg:31.40ms
step:153/1480 train_time:4801ms step_avg:31.38ms
step:154/1480 train_time:4835ms step_avg:31.40ms
step:155/1480 train_time:4863ms step_avg:31.37ms
step:156/1480 train_time:4898ms step_avg:31.40ms
step:157/1480 train_time:4926ms step_avg:31.37ms
step:158/1480 train_time:4960ms step_avg:31.39ms
step:159/1480 train_time:4988ms step_avg:31.37ms
step:160/1480 train_time:5023ms step_avg:31.39ms
step:161/1480 train_time:5051ms step_avg:31.37ms
step:162/1480 train_time:5085ms step_avg:31.39ms
step:163/1480 train_time:5113ms step_avg:31.37ms
step:164/1480 train_time:5148ms step_avg:31.39ms
step:165/1480 train_time:5176ms step_avg:31.37ms
step:166/1480 train_time:5210ms step_avg:31.38ms
step:167/1480 train_time:5238ms step_avg:31.37ms
step:168/1480 train_time:5272ms step_avg:31.38ms
step:169/1480 train_time:5301ms step_avg:31.36ms
step:170/1480 train_time:5335ms step_avg:31.38ms
step:171/1480 train_time:5363ms step_avg:31.36ms
step:172/1480 train_time:5398ms step_avg:31.38ms
step:173/1480 train_time:5426ms step_avg:31.36ms
step:174/1480 train_time:5460ms step_avg:31.38ms
step:175/1480 train_time:5488ms step_avg:31.36ms
step:176/1480 train_time:5522ms step_avg:31.38ms
step:177/1480 train_time:5551ms step_avg:31.36ms
step:178/1480 train_time:5585ms step_avg:31.38ms
step:179/1480 train_time:5613ms step_avg:31.36ms
step:180/1480 train_time:5647ms step_avg:31.37ms
step:181/1480 train_time:5676ms step_avg:31.36ms
step:182/1480 train_time:5710ms step_avg:31.37ms
step:183/1480 train_time:5738ms step_avg:31.35ms
step:184/1480 train_time:5772ms step_avg:31.37ms
step:185/1480 train_time:5800ms step_avg:31.35ms
step:186/1480 train_time:5835ms step_avg:31.37ms
step:187/1480 train_time:5863ms step_avg:31.35ms
step:188/1480 train_time:5897ms step_avg:31.37ms
step:189/1480 train_time:5925ms step_avg:31.35ms
step:190/1480 train_time:5960ms step_avg:31.37ms
step:191/1480 train_time:5988ms step_avg:31.35ms
step:192/1480 train_time:6022ms step_avg:31.37ms
step:193/1480 train_time:6050ms step_avg:31.35ms
step:194/1480 train_time:6085ms step_avg:31.37ms
step:195/1480 train_time:6113ms step_avg:31.35ms
step:196/1480 train_time:6147ms step_avg:31.36ms
step:197/1480 train_time:6175ms step_avg:31.35ms
step:198/1480 train_time:6209ms step_avg:31.36ms
step:199/1480 train_time:6238ms step_avg:31.34ms
step:200/1480 train_time:6272ms step_avg:31.36ms
step:201/1480 train_time:6300ms step_avg:31.35ms
step:202/1480 train_time:6335ms step_avg:31.36ms
step:203/1480 train_time:6363ms step_avg:31.34ms
step:204/1480 train_time:6397ms step_avg:31.36ms
step:205/1480 train_time:6425ms step_avg:31.34ms
step:206/1480 train_time:6460ms step_avg:31.36ms
step:207/1480 train_time:6488ms step_avg:31.34ms
step:208/1480 train_time:6522ms step_avg:31.36ms
step:209/1480 train_time:6551ms step_avg:31.34ms
step:210/1480 train_time:6585ms step_avg:31.36ms
step:211/1480 train_time:6613ms step_avg:31.34ms
step:212/1480 train_time:6647ms step_avg:31.35ms
step:213/1480 train_time:6676ms step_avg:31.34ms
step:214/1480 train_time:6710ms step_avg:31.35ms
step:215/1480 train_time:6738ms step_avg:31.34ms
step:216/1480 train_time:6772ms step_avg:31.35ms
step:217/1480 train_time:6800ms step_avg:31.34ms
step:218/1480 train_time:6834ms step_avg:31.35ms
step:219/1480 train_time:6863ms step_avg:31.34ms
step:220/1480 train_time:6897ms step_avg:31.35ms
step:221/1480 train_time:6925ms step_avg:31.34ms
step:222/1480 train_time:6960ms step_avg:31.35ms
step:223/1480 train_time:6988ms step_avg:31.34ms
step:224/1480 train_time:7022ms step_avg:31.35ms
step:225/1480 train_time:7051ms step_avg:31.34ms
step:226/1480 train_time:7085ms step_avg:31.35ms
step:227/1480 train_time:7113ms step_avg:31.33ms
step:228/1480 train_time:7147ms step_avg:31.35ms
step:229/1480 train_time:7175ms step_avg:31.33ms
step:230/1480 train_time:7209ms step_avg:31.34ms
step:231/1480 train_time:7238ms step_avg:31.33ms
step:232/1480 train_time:7272ms step_avg:31.34ms
step:233/1480 train_time:7300ms step_avg:31.33ms
step:234/1480 train_time:7335ms step_avg:31.34ms
step:235/1480 train_time:7363ms step_avg:31.33ms
step:236/1480 train_time:7397ms step_avg:31.34ms
step:237/1480 train_time:7425ms step_avg:31.33ms
step:238/1480 train_time:7459ms step_avg:31.34ms
step:239/1480 train_time:7487ms step_avg:31.33ms
step:240/1480 train_time:7522ms step_avg:31.34ms
step:241/1480 train_time:7550ms step_avg:31.33ms
step:242/1480 train_time:7584ms step_avg:31.34ms
step:243/1480 train_time:7612ms step_avg:31.33ms
step:244/1480 train_time:7646ms step_avg:31.34ms
step:245/1480 train_time:7675ms step_avg:31.33ms
step:246/1480 train_time:7709ms step_avg:31.34ms
step:247/1480 train_time:7738ms step_avg:31.33ms
step:248/1480 train_time:7772ms step_avg:31.34ms
step:249/1480 train_time:7800ms step_avg:31.33ms
step:250/1480 train_time:7835ms step_avg:31.34ms
step:250/1480 val_loss:4.4943 train_time:7872ms step_avg:31.49ms
step:251/1480 train_time:7887ms step_avg:31.42ms
step:252/1480 train_time:7904ms step_avg:31.37ms
step:253/1480 train_time:7927ms step_avg:31.33ms
step:254/1480 train_time:7962ms step_avg:31.35ms
step:255/1480 train_time:7992ms step_avg:31.34ms
step:256/1480 train_time:8027ms step_avg:31.36ms
step:257/1480 train_time:8056ms step_avg:31.35ms
step:258/1480 train_time:8090ms step_avg:31.36ms
step:259/1480 train_time:8118ms step_avg:31.35ms
step:260/1480 train_time:8153ms step_avg:31.36ms
step:261/1480 train_time:8182ms step_avg:31.35ms
step:262/1480 train_time:8216ms step_avg:31.36ms
step:263/1480 train_time:8244ms step_avg:31.34ms
step:264/1480 train_time:8277ms step_avg:31.35ms
step:265/1480 train_time:8306ms step_avg:31.34ms
step:266/1480 train_time:8340ms step_avg:31.35ms
step:267/1480 train_time:8368ms step_avg:31.34ms
step:268/1480 train_time:8402ms step_avg:31.35ms
step:269/1480 train_time:8430ms step_avg:31.34ms
step:270/1480 train_time:8464ms step_avg:31.35ms
step:271/1480 train_time:8492ms step_avg:31.34ms
step:272/1480 train_time:8526ms step_avg:31.35ms
step:273/1480 train_time:8554ms step_avg:31.33ms
step:274/1480 train_time:8589ms step_avg:31.35ms
step:275/1480 train_time:8617ms step_avg:31.33ms
step:276/1480 train_time:8651ms step_avg:31.34ms
step:277/1480 train_time:8679ms step_avg:31.33ms
step:278/1480 train_time:8713ms step_avg:31.34ms
step:279/1480 train_time:8741ms step_avg:31.33ms
step:280/1480 train_time:8775ms step_avg:31.34ms
step:281/1480 train_time:8803ms step_avg:31.33ms
step:282/1480 train_time:8837ms step_avg:31.34ms
step:283/1480 train_time:8865ms step_avg:31.33ms
step:284/1480 train_time:8900ms step_avg:31.34ms
step:285/1480 train_time:8928ms step_avg:31.33ms
step:286/1480 train_time:8963ms step_avg:31.34ms
step:287/1480 train_time:8991ms step_avg:31.33ms
step:288/1480 train_time:9026ms step_avg:31.34ms
step:289/1480 train_time:9054ms step_avg:31.33ms
step:290/1480 train_time:9089ms step_avg:31.34ms
step:291/1480 train_time:9117ms step_avg:31.33ms
step:292/1480 train_time:9152ms step_avg:31.34ms
step:293/1480 train_time:9180ms step_avg:31.33ms
step:294/1480 train_time:9214ms step_avg:31.34ms
step:295/1480 train_time:9243ms step_avg:31.33ms
step:296/1480 train_time:9276ms step_avg:31.34ms
step:297/1480 train_time:9305ms step_avg:31.33ms
step:298/1480 train_time:9339ms step_avg:31.34ms
step:299/1480 train_time:9367ms step_avg:31.33ms
step:300/1480 train_time:9401ms step_avg:31.34ms
step:301/1480 train_time:9429ms step_avg:31.33ms
step:302/1480 train_time:9463ms step_avg:31.34ms
step:303/1480 train_time:9492ms step_avg:31.33ms
step:304/1480 train_time:9526ms step_avg:31.34ms
step:305/1480 train_time:9554ms step_avg:31.33ms
step:306/1480 train_time:9589ms step_avg:31.34ms
step:307/1480 train_time:9617ms step_avg:31.32ms
step:308/1480 train_time:9651ms step_avg:31.33ms
step:309/1480 train_time:9679ms step_avg:31.32ms
step:310/1480 train_time:9713ms step_avg:31.33ms
step:311/1480 train_time:9741ms step_avg:31.32ms
step:312/1480 train_time:9775ms step_avg:31.33ms
step:313/1480 train_time:9804ms step_avg:31.32ms
step:314/1480 train_time:9837ms step_avg:31.33ms
step:315/1480 train_time:9866ms step_avg:31.32ms
step:316/1480 train_time:9900ms step_avg:31.33ms
step:317/1480 train_time:9928ms step_avg:31.32ms
step:318/1480 train_time:9962ms step_avg:31.33ms
step:319/1480 train_time:9991ms step_avg:31.32ms
step:320/1480 train_time:10026ms step_avg:31.33ms
step:321/1480 train_time:10054ms step_avg:31.32ms
step:322/1480 train_time:10089ms step_avg:31.33ms
step:323/1480 train_time:10117ms step_avg:31.32ms
step:324/1480 train_time:10151ms step_avg:31.33ms
step:325/1480 train_time:10180ms step_avg:31.32ms
step:326/1480 train_time:10214ms step_avg:31.33ms
step:327/1480 train_time:10242ms step_avg:31.32ms
step:328/1480 train_time:10276ms step_avg:31.33ms
step:329/1480 train_time:10304ms step_avg:31.32ms
step:330/1480 train_time:10338ms step_avg:31.33ms
step:331/1480 train_time:10367ms step_avg:31.32ms
step:332/1480 train_time:10401ms step_avg:31.33ms
step:333/1480 train_time:10429ms step_avg:31.32ms
step:334/1480 train_time:10463ms step_avg:31.33ms
step:335/1480 train_time:10491ms step_avg:31.32ms
step:336/1480 train_time:10526ms step_avg:31.33ms
step:337/1480 train_time:10554ms step_avg:31.32ms
step:338/1480 train_time:10589ms step_avg:31.33ms
step:339/1480 train_time:10617ms step_avg:31.32ms
step:340/1480 train_time:10651ms step_avg:31.33ms
step:341/1480 train_time:10679ms step_avg:31.32ms
step:342/1480 train_time:10713ms step_avg:31.32ms
step:343/1480 train_time:10741ms step_avg:31.32ms
step:344/1480 train_time:10775ms step_avg:31.32ms
step:345/1480 train_time:10803ms step_avg:31.31ms
step:346/1480 train_time:10838ms step_avg:31.32ms
step:347/1480 train_time:10865ms step_avg:31.31ms
step:348/1480 train_time:10899ms step_avg:31.32ms
step:349/1480 train_time:10927ms step_avg:31.31ms
step:350/1480 train_time:10962ms step_avg:31.32ms
step:351/1480 train_time:10990ms step_avg:31.31ms
step:352/1480 train_time:11025ms step_avg:31.32ms
step:353/1480 train_time:11053ms step_avg:31.31ms
step:354/1480 train_time:11088ms step_avg:31.32ms
step:355/1480 train_time:11115ms step_avg:31.31ms
step:356/1480 train_time:11150ms step_avg:31.32ms
step:357/1480 train_time:11178ms step_avg:31.31ms
step:358/1480 train_time:11212ms step_avg:31.32ms
step:359/1480 train_time:11240ms step_avg:31.31ms
step:360/1480 train_time:11274ms step_avg:31.32ms
step:361/1480 train_time:11302ms step_avg:31.31ms
step:362/1480 train_time:11336ms step_avg:31.32ms
step:363/1480 train_time:11365ms step_avg:31.31ms
step:364/1480 train_time:11399ms step_avg:31.32ms
step:365/1480 train_time:11427ms step_avg:31.31ms
step:366/1480 train_time:11461ms step_avg:31.31ms
step:367/1480 train_time:11489ms step_avg:31.31ms
step:368/1480 train_time:11524ms step_avg:31.31ms
step:369/1480 train_time:11552ms step_avg:31.31ms
step:370/1480 train_time:11586ms step_avg:31.31ms
step:371/1480 train_time:11614ms step_avg:31.31ms
step:372/1480 train_time:11649ms step_avg:31.31ms
step:373/1480 train_time:11677ms step_avg:31.30ms
step:374/1480 train_time:11711ms step_avg:31.31ms
step:375/1480 train_time:11739ms step_avg:31.30ms
step:376/1480 train_time:11773ms step_avg:31.31ms
step:377/1480 train_time:11801ms step_avg:31.30ms
step:378/1480 train_time:11835ms step_avg:31.31ms
step:379/1480 train_time:11863ms step_avg:31.30ms
step:380/1480 train_time:11897ms step_avg:31.31ms
step:381/1480 train_time:11925ms step_avg:31.30ms
step:382/1480 train_time:11959ms step_avg:31.31ms
step:383/1480 train_time:11988ms step_avg:31.30ms
step:384/1480 train_time:12022ms step_avg:31.31ms
step:385/1480 train_time:12050ms step_avg:31.30ms
step:386/1480 train_time:12084ms step_avg:31.31ms
step:387/1480 train_time:12112ms step_avg:31.30ms
step:388/1480 train_time:12147ms step_avg:31.31ms
step:389/1480 train_time:12175ms step_avg:31.30ms
step:390/1480 train_time:12209ms step_avg:31.31ms
step:391/1480 train_time:12237ms step_avg:31.30ms
step:392/1480 train_time:12272ms step_avg:31.31ms
step:393/1480 train_time:12300ms step_avg:31.30ms
step:394/1480 train_time:12334ms step_avg:31.30ms
step:395/1480 train_time:12362ms step_avg:31.30ms
step:396/1480 train_time:12396ms step_avg:31.30ms
step:397/1480 train_time:12425ms step_avg:31.30ms
step:398/1480 train_time:12459ms step_avg:31.30ms
step:399/1480 train_time:12487ms step_avg:31.29ms
step:400/1480 train_time:12521ms step_avg:31.30ms
step:401/1480 train_time:12550ms step_avg:31.30ms
step:402/1480 train_time:12584ms step_avg:31.30ms
step:403/1480 train_time:12612ms step_avg:31.30ms
step:404/1480 train_time:12647ms step_avg:31.30ms
step:405/1480 train_time:12675ms step_avg:31.30ms
step:406/1480 train_time:12709ms step_avg:31.30ms
step:407/1480 train_time:12737ms step_avg:31.29ms
step:408/1480 train_time:12771ms step_avg:31.30ms
step:409/1480 train_time:12800ms step_avg:31.29ms
step:410/1480 train_time:12834ms step_avg:31.30ms
step:411/1480 train_time:12862ms step_avg:31.29ms
step:412/1480 train_time:12896ms step_avg:31.30ms
step:413/1480 train_time:12924ms step_avg:31.29ms
step:414/1480 train_time:12959ms step_avg:31.30ms
step:415/1480 train_time:12987ms step_avg:31.29ms
step:416/1480 train_time:13021ms step_avg:31.30ms
step:417/1480 train_time:13049ms step_avg:31.29ms
step:418/1480 train_time:13084ms step_avg:31.30ms
step:419/1480 train_time:13112ms step_avg:31.29ms
step:420/1480 train_time:13147ms step_avg:31.30ms
step:421/1480 train_time:13175ms step_avg:31.29ms
step:422/1480 train_time:13209ms step_avg:31.30ms
step:423/1480 train_time:13237ms step_avg:31.29ms
step:424/1480 train_time:13271ms step_avg:31.30ms
step:425/1480 train_time:13299ms step_avg:31.29ms
step:426/1480 train_time:13334ms step_avg:31.30ms
step:427/1480 train_time:13362ms step_avg:31.29ms
step:428/1480 train_time:13396ms step_avg:31.30ms
step:429/1480 train_time:13425ms step_avg:31.29ms
step:430/1480 train_time:13459ms step_avg:31.30ms
step:431/1480 train_time:13487ms step_avg:31.29ms
step:432/1480 train_time:13521ms step_avg:31.30ms
step:433/1480 train_time:13549ms step_avg:31.29ms
step:434/1480 train_time:13584ms step_avg:31.30ms
step:435/1480 train_time:13612ms step_avg:31.29ms
step:436/1480 train_time:13646ms step_avg:31.30ms
step:437/1480 train_time:13674ms step_avg:31.29ms
step:438/1480 train_time:13709ms step_avg:31.30ms
step:439/1480 train_time:13737ms step_avg:31.29ms
step:440/1480 train_time:13771ms step_avg:31.30ms
step:441/1480 train_time:13799ms step_avg:31.29ms
step:442/1480 train_time:13833ms step_avg:31.30ms
step:443/1480 train_time:13862ms step_avg:31.29ms
step:444/1480 train_time:13896ms step_avg:31.30ms
step:445/1480 train_time:13924ms step_avg:31.29ms
step:446/1480 train_time:13958ms step_avg:31.30ms
step:447/1480 train_time:13987ms step_avg:31.29ms
step:448/1480 train_time:14021ms step_avg:31.30ms
step:449/1480 train_time:14049ms step_avg:31.29ms
step:450/1480 train_time:14083ms step_avg:31.30ms
step:451/1480 train_time:14111ms step_avg:31.29ms
step:452/1480 train_time:14146ms step_avg:31.30ms
step:453/1480 train_time:14174ms step_avg:31.29ms
step:454/1480 train_time:14208ms step_avg:31.30ms
step:455/1480 train_time:14236ms step_avg:31.29ms
step:456/1480 train_time:14271ms step_avg:31.30ms
step:457/1480 train_time:14299ms step_avg:31.29ms
step:458/1480 train_time:14332ms step_avg:31.29ms
step:459/1480 train_time:14361ms step_avg:31.29ms
step:460/1480 train_time:14395ms step_avg:31.29ms
step:461/1480 train_time:14423ms step_avg:31.29ms
step:462/1480 train_time:14457ms step_avg:31.29ms
step:463/1480 train_time:14485ms step_avg:31.29ms
step:464/1480 train_time:14519ms step_avg:31.29ms
step:465/1480 train_time:14548ms step_avg:31.29ms
step:466/1480 train_time:14582ms step_avg:31.29ms
step:467/1480 train_time:14610ms step_avg:31.29ms
step:468/1480 train_time:14645ms step_avg:31.29ms
step:469/1480 train_time:14673ms step_avg:31.29ms
step:470/1480 train_time:14707ms step_avg:31.29ms
step:471/1480 train_time:14735ms step_avg:31.29ms
step:472/1480 train_time:14770ms step_avg:31.29ms
step:473/1480 train_time:14798ms step_avg:31.29ms
step:474/1480 train_time:14833ms step_avg:31.29ms
step:475/1480 train_time:14861ms step_avg:31.29ms
step:476/1480 train_time:14895ms step_avg:31.29ms
step:477/1480 train_time:14923ms step_avg:31.28ms
step:478/1480 train_time:14957ms step_avg:31.29ms
step:479/1480 train_time:14985ms step_avg:31.28ms
step:480/1480 train_time:15019ms step_avg:31.29ms
step:481/1480 train_time:15049ms step_avg:31.29ms
step:482/1480 train_time:15111ms step_avg:31.35ms
step:483/1480 train_time:15164ms step_avg:31.40ms
step:484/1480 train_time:15223ms step_avg:31.45ms
step:485/1480 train_time:15277ms step_avg:31.50ms
step:486/1480 train_time:15337ms step_avg:31.56ms
step:487/1480 train_time:15391ms step_avg:31.60ms
step:488/1480 train_time:15450ms step_avg:31.66ms
step:489/1480 train_time:15505ms step_avg:31.71ms
step:490/1480 train_time:15564ms step_avg:31.76ms
step:491/1480 train_time:15618ms step_avg:31.81ms
step:492/1480 train_time:15678ms step_avg:31.87ms
step:493/1480 train_time:15732ms step_avg:31.91ms
step:494/1480 train_time:15791ms step_avg:31.97ms
step:495/1480 train_time:15845ms step_avg:32.01ms
step:496/1480 train_time:15905ms step_avg:32.07ms
step:497/1480 train_time:15958ms step_avg:32.11ms
step:498/1480 train_time:16018ms step_avg:32.16ms
step:499/1480 train_time:16072ms step_avg:32.21ms
step:500/1480 train_time:16131ms step_avg:32.26ms
step:500/1480 val_loss:4.2035 train_time:16195ms step_avg:32.39ms
step:501/1480 train_time:16211ms step_avg:32.36ms
step:502/1480 train_time:16247ms step_avg:32.36ms
step:503/1480 train_time:16303ms step_avg:32.41ms
step:504/1480 train_time:16364ms step_avg:32.47ms
step:505/1480 train_time:16419ms step_avg:32.51ms
step:506/1480 train_time:16479ms step_avg:32.57ms
step:507/1480 train_time:16533ms step_avg:32.61ms
step:508/1480 train_time:16594ms step_avg:32.67ms
step:509/1480 train_time:16647ms step_avg:32.71ms
step:510/1480 train_time:16706ms step_avg:32.76ms
step:511/1480 train_time:16759ms step_avg:32.80ms
step:512/1480 train_time:16818ms step_avg:32.85ms
step:513/1480 train_time:16871ms step_avg:32.89ms
step:514/1480 train_time:16930ms step_avg:32.94ms
step:515/1480 train_time:16984ms step_avg:32.98ms
step:516/1480 train_time:17042ms step_avg:33.03ms
step:517/1480 train_time:17095ms step_avg:33.07ms
step:518/1480 train_time:17154ms step_avg:33.12ms
step:519/1480 train_time:17209ms step_avg:33.16ms
step:520/1480 train_time:17270ms step_avg:33.21ms
step:521/1480 train_time:17325ms step_avg:33.25ms
step:522/1480 train_time:17384ms step_avg:33.30ms
step:523/1480 train_time:17438ms step_avg:33.34ms
step:524/1480 train_time:17499ms step_avg:33.39ms
step:525/1480 train_time:17553ms step_avg:33.43ms
step:526/1480 train_time:17613ms step_avg:33.48ms
step:527/1480 train_time:17666ms step_avg:33.52ms
step:528/1480 train_time:17725ms step_avg:33.57ms
step:529/1480 train_time:17779ms step_avg:33.61ms
step:530/1480 train_time:17838ms step_avg:33.66ms
step:531/1480 train_time:17890ms step_avg:33.69ms
step:532/1480 train_time:17950ms step_avg:33.74ms
step:533/1480 train_time:18003ms step_avg:33.78ms
step:534/1480 train_time:18062ms step_avg:33.82ms
step:535/1480 train_time:18116ms step_avg:33.86ms
step:536/1480 train_time:18175ms step_avg:33.91ms
step:537/1480 train_time:18229ms step_avg:33.95ms
step:538/1480 train_time:18289ms step_avg:33.99ms
step:539/1480 train_time:18344ms step_avg:34.03ms
step:540/1480 train_time:18404ms step_avg:34.08ms
step:541/1480 train_time:18458ms step_avg:34.12ms
step:542/1480 train_time:18518ms step_avg:34.17ms
step:543/1480 train_time:18573ms step_avg:34.20ms
step:544/1480 train_time:18632ms step_avg:34.25ms
step:545/1480 train_time:18684ms step_avg:34.28ms
step:546/1480 train_time:18744ms step_avg:34.33ms
step:547/1480 train_time:18797ms step_avg:34.36ms
step:548/1480 train_time:18856ms step_avg:34.41ms
step:549/1480 train_time:18910ms step_avg:34.45ms
step:550/1480 train_time:18970ms step_avg:34.49ms
step:551/1480 train_time:19023ms step_avg:34.52ms
step:552/1480 train_time:19082ms step_avg:34.57ms
step:553/1480 train_time:19136ms step_avg:34.60ms
step:554/1480 train_time:19195ms step_avg:34.65ms
step:555/1480 train_time:19249ms step_avg:34.68ms
step:556/1480 train_time:19309ms step_avg:34.73ms
step:557/1480 train_time:19362ms step_avg:34.76ms
step:558/1480 train_time:19423ms step_avg:34.81ms
step:559/1480 train_time:19476ms step_avg:34.84ms
step:560/1480 train_time:19536ms step_avg:34.88ms
step:561/1480 train_time:19589ms step_avg:34.92ms
step:562/1480 train_time:19649ms step_avg:34.96ms
step:563/1480 train_time:19702ms step_avg:35.00ms
step:564/1480 train_time:19761ms step_avg:35.04ms
step:565/1480 train_time:19816ms step_avg:35.07ms
step:566/1480 train_time:19875ms step_avg:35.11ms
step:567/1480 train_time:19928ms step_avg:35.15ms
step:568/1480 train_time:19987ms step_avg:35.19ms
step:569/1480 train_time:20040ms step_avg:35.22ms
step:570/1480 train_time:20100ms step_avg:35.26ms
step:571/1480 train_time:20154ms step_avg:35.30ms
step:572/1480 train_time:20213ms step_avg:35.34ms
step:573/1480 train_time:20267ms step_avg:35.37ms
step:574/1480 train_time:20326ms step_avg:35.41ms
step:575/1480 train_time:20380ms step_avg:35.44ms
step:576/1480 train_time:20440ms step_avg:35.49ms
step:577/1480 train_time:20493ms step_avg:35.52ms
step:578/1480 train_time:20553ms step_avg:35.56ms
step:579/1480 train_time:20607ms step_avg:35.59ms
step:580/1480 train_time:20666ms step_avg:35.63ms
step:581/1480 train_time:20720ms step_avg:35.66ms
step:582/1480 train_time:20779ms step_avg:35.70ms
step:583/1480 train_time:20832ms step_avg:35.73ms
step:584/1480 train_time:20892ms step_avg:35.77ms
step:585/1480 train_time:20946ms step_avg:35.80ms
step:586/1480 train_time:21004ms step_avg:35.84ms
step:587/1480 train_time:21057ms step_avg:35.87ms
step:588/1480 train_time:21118ms step_avg:35.91ms
step:589/1480 train_time:21171ms step_avg:35.94ms
step:590/1480 train_time:21230ms step_avg:35.98ms
step:591/1480 train_time:21285ms step_avg:36.01ms
step:592/1480 train_time:21344ms step_avg:36.05ms
step:593/1480 train_time:21397ms step_avg:36.08ms
step:594/1480 train_time:21457ms step_avg:36.12ms
step:595/1480 train_time:21511ms step_avg:36.15ms
step:596/1480 train_time:21571ms step_avg:36.19ms
step:597/1480 train_time:21625ms step_avg:36.22ms
step:598/1480 train_time:21683ms step_avg:36.26ms
step:599/1480 train_time:21737ms step_avg:36.29ms
step:600/1480 train_time:21797ms step_avg:36.33ms
step:601/1480 train_time:21850ms step_avg:36.36ms
step:602/1480 train_time:21910ms step_avg:36.40ms
step:603/1480 train_time:21963ms step_avg:36.42ms
step:604/1480 train_time:22023ms step_avg:36.46ms
step:605/1480 train_time:22076ms step_avg:36.49ms
step:606/1480 train_time:22135ms step_avg:36.53ms
step:607/1480 train_time:22190ms step_avg:36.56ms
step:608/1480 train_time:22250ms step_avg:36.59ms
step:609/1480 train_time:22303ms step_avg:36.62ms
step:610/1480 train_time:22362ms step_avg:36.66ms
step:611/1480 train_time:22416ms step_avg:36.69ms
step:612/1480 train_time:22476ms step_avg:36.73ms
step:613/1480 train_time:22530ms step_avg:36.75ms
step:614/1480 train_time:22589ms step_avg:36.79ms
step:615/1480 train_time:22644ms step_avg:36.82ms
step:616/1480 train_time:22703ms step_avg:36.86ms
step:617/1480 train_time:22757ms step_avg:36.88ms
step:618/1480 train_time:22817ms step_avg:36.92ms
step:619/1480 train_time:22870ms step_avg:36.95ms
step:620/1480 train_time:22930ms step_avg:36.98ms
step:621/1480 train_time:22984ms step_avg:37.01ms
step:622/1480 train_time:23043ms step_avg:37.05ms
step:623/1480 train_time:23096ms step_avg:37.07ms
step:624/1480 train_time:23156ms step_avg:37.11ms
step:625/1480 train_time:23209ms step_avg:37.13ms
step:626/1480 train_time:23269ms step_avg:37.17ms
step:627/1480 train_time:23323ms step_avg:37.20ms
step:628/1480 train_time:23381ms step_avg:37.23ms
step:629/1480 train_time:23435ms step_avg:37.26ms
step:630/1480 train_time:23495ms step_avg:37.29ms
step:631/1480 train_time:23549ms step_avg:37.32ms
step:632/1480 train_time:23609ms step_avg:37.36ms
step:633/1480 train_time:23663ms step_avg:37.38ms
step:634/1480 train_time:23723ms step_avg:37.42ms
step:635/1480 train_time:23776ms step_avg:37.44ms
step:636/1480 train_time:23835ms step_avg:37.48ms
step:637/1480 train_time:23889ms step_avg:37.50ms
step:638/1480 train_time:23949ms step_avg:37.54ms
step:639/1480 train_time:24002ms step_avg:37.56ms
step:640/1480 train_time:24061ms step_avg:37.60ms
step:641/1480 train_time:24115ms step_avg:37.62ms
step:642/1480 train_time:24174ms step_avg:37.65ms
step:643/1480 train_time:24228ms step_avg:37.68ms
step:644/1480 train_time:24287ms step_avg:37.71ms
step:645/1480 train_time:24341ms step_avg:37.74ms
step:646/1480 train_time:24400ms step_avg:37.77ms
step:647/1480 train_time:24454ms step_avg:37.80ms
step:648/1480 train_time:24514ms step_avg:37.83ms
step:649/1480 train_time:24567ms step_avg:37.85ms
step:650/1480 train_time:24627ms step_avg:37.89ms
step:651/1480 train_time:24681ms step_avg:37.91ms
step:652/1480 train_time:24740ms step_avg:37.95ms
step:653/1480 train_time:24794ms step_avg:37.97ms
step:654/1480 train_time:24854ms step_avg:38.00ms
step:655/1480 train_time:24907ms step_avg:38.03ms
step:656/1480 train_time:24966ms step_avg:38.06ms
step:657/1480 train_time:25019ms step_avg:38.08ms
step:658/1480 train_time:25079ms step_avg:38.11ms
step:659/1480 train_time:25134ms step_avg:38.14ms
step:660/1480 train_time:25192ms step_avg:38.17ms
step:661/1480 train_time:25246ms step_avg:38.19ms
step:662/1480 train_time:25305ms step_avg:38.23ms
step:663/1480 train_time:25358ms step_avg:38.25ms
step:664/1480 train_time:25419ms step_avg:38.28ms
step:665/1480 train_time:25472ms step_avg:38.30ms
step:666/1480 train_time:25532ms step_avg:38.34ms
step:667/1480 train_time:25586ms step_avg:38.36ms
step:668/1480 train_time:25646ms step_avg:38.39ms
step:669/1480 train_time:25699ms step_avg:38.41ms
step:670/1480 train_time:25759ms step_avg:38.45ms
step:671/1480 train_time:25813ms step_avg:38.47ms
step:672/1480 train_time:25872ms step_avg:38.50ms
step:673/1480 train_time:25926ms step_avg:38.52ms
step:674/1480 train_time:25985ms step_avg:38.55ms
step:675/1480 train_time:26039ms step_avg:38.58ms
step:676/1480 train_time:26099ms step_avg:38.61ms
step:677/1480 train_time:26152ms step_avg:38.63ms
step:678/1480 train_time:26212ms step_avg:38.66ms
step:679/1480 train_time:26266ms step_avg:38.68ms
step:680/1480 train_time:26325ms step_avg:38.71ms
step:681/1480 train_time:26379ms step_avg:38.74ms
step:682/1480 train_time:26438ms step_avg:38.77ms
step:683/1480 train_time:26492ms step_avg:38.79ms
step:684/1480 train_time:26551ms step_avg:38.82ms
step:685/1480 train_time:26605ms step_avg:38.84ms
step:686/1480 train_time:26664ms step_avg:38.87ms
step:687/1480 train_time:26718ms step_avg:38.89ms
step:688/1480 train_time:26776ms step_avg:38.92ms
step:689/1480 train_time:26830ms step_avg:38.94ms
step:690/1480 train_time:26889ms step_avg:38.97ms
step:691/1480 train_time:26944ms step_avg:38.99ms
step:692/1480 train_time:27003ms step_avg:39.02ms
step:693/1480 train_time:27057ms step_avg:39.04ms
step:694/1480 train_time:27116ms step_avg:39.07ms
step:695/1480 train_time:27170ms step_avg:39.09ms
step:696/1480 train_time:27229ms step_avg:39.12ms
step:697/1480 train_time:27282ms step_avg:39.14ms
step:698/1480 train_time:27341ms step_avg:39.17ms
step:699/1480 train_time:27395ms step_avg:39.19ms
step:700/1480 train_time:27454ms step_avg:39.22ms
step:701/1480 train_time:27508ms step_avg:39.24ms
step:702/1480 train_time:27567ms step_avg:39.27ms
step:703/1480 train_time:27621ms step_avg:39.29ms
step:704/1480 train_time:27680ms step_avg:39.32ms
step:705/1480 train_time:27734ms step_avg:39.34ms
step:706/1480 train_time:27793ms step_avg:39.37ms
step:707/1480 train_time:27847ms step_avg:39.39ms
step:708/1480 train_time:27906ms step_avg:39.41ms
step:709/1480 train_time:27960ms step_avg:39.44ms
step:710/1480 train_time:28019ms step_avg:39.46ms
step:711/1480 train_time:28073ms step_avg:39.48ms
step:712/1480 train_time:28132ms step_avg:39.51ms
step:713/1480 train_time:28186ms step_avg:39.53ms
step:714/1480 train_time:28245ms step_avg:39.56ms
step:715/1480 train_time:28298ms step_avg:39.58ms
step:716/1480 train_time:28358ms step_avg:39.61ms
step:717/1480 train_time:28412ms step_avg:39.63ms
step:718/1480 train_time:28472ms step_avg:39.65ms
step:719/1480 train_time:28526ms step_avg:39.67ms
step:720/1480 train_time:28584ms step_avg:39.70ms
step:721/1480 train_time:28639ms step_avg:39.72ms
step:722/1480 train_time:28698ms step_avg:39.75ms
step:723/1480 train_time:28753ms step_avg:39.77ms
step:724/1480 train_time:28812ms step_avg:39.80ms
step:725/1480 train_time:28865ms step_avg:39.81ms
step:726/1480 train_time:28924ms step_avg:39.84ms
step:727/1480 train_time:28978ms step_avg:39.86ms
step:728/1480 train_time:29038ms step_avg:39.89ms
step:729/1480 train_time:29091ms step_avg:39.91ms
step:730/1480 train_time:29151ms step_avg:39.93ms
step:731/1480 train_time:29205ms step_avg:39.95ms
step:732/1480 train_time:29264ms step_avg:39.98ms
step:733/1480 train_time:29319ms step_avg:40.00ms
step:734/1480 train_time:29378ms step_avg:40.02ms
step:735/1480 train_time:29431ms step_avg:40.04ms
step:736/1480 train_time:29491ms step_avg:40.07ms
step:737/1480 train_time:29545ms step_avg:40.09ms
step:738/1480 train_time:29604ms step_avg:40.11ms
step:739/1480 train_time:29658ms step_avg:40.13ms
step:740/1480 train_time:29717ms step_avg:40.16ms
step:741/1480 train_time:29770ms step_avg:40.18ms
step:742/1480 train_time:29831ms step_avg:40.20ms
step:743/1480 train_time:29884ms step_avg:40.22ms
step:744/1480 train_time:29944ms step_avg:40.25ms
step:745/1480 train_time:29997ms step_avg:40.26ms
step:746/1480 train_time:30056ms step_avg:40.29ms
step:747/1480 train_time:30110ms step_avg:40.31ms
step:748/1480 train_time:30169ms step_avg:40.33ms
step:749/1480 train_time:30223ms step_avg:40.35ms
step:750/1480 train_time:30282ms step_avg:40.38ms
step:750/1480 val_loss:3.8018 train_time:30346ms step_avg:40.46ms
step:751/1480 train_time:30361ms step_avg:40.43ms
step:752/1480 train_time:30397ms step_avg:40.42ms
step:753/1480 train_time:30455ms step_avg:40.45ms
step:754/1480 train_time:30518ms step_avg:40.47ms
step:755/1480 train_time:30572ms step_avg:40.49ms
step:756/1480 train_time:30632ms step_avg:40.52ms
step:757/1480 train_time:30685ms step_avg:40.54ms
step:758/1480 train_time:30744ms step_avg:40.56ms
step:759/1480 train_time:30797ms step_avg:40.58ms
step:760/1480 train_time:30856ms step_avg:40.60ms
step:761/1480 train_time:30909ms step_avg:40.62ms
step:762/1480 train_time:30968ms step_avg:40.64ms
step:763/1480 train_time:31020ms step_avg:40.66ms
step:764/1480 train_time:31079ms step_avg:40.68ms
step:765/1480 train_time:31132ms step_avg:40.70ms
step:766/1480 train_time:31191ms step_avg:40.72ms
step:767/1480 train_time:31245ms step_avg:40.74ms
step:768/1480 train_time:31304ms step_avg:40.76ms
step:769/1480 train_time:31359ms step_avg:40.78ms
step:770/1480 train_time:31419ms step_avg:40.80ms
step:771/1480 train_time:31474ms step_avg:40.82ms
step:772/1480 train_time:31534ms step_avg:40.85ms
step:773/1480 train_time:31589ms step_avg:40.87ms
step:774/1480 train_time:31649ms step_avg:40.89ms
step:775/1480 train_time:31704ms step_avg:40.91ms
step:776/1480 train_time:31762ms step_avg:40.93ms
step:777/1480 train_time:31816ms step_avg:40.95ms
step:778/1480 train_time:31875ms step_avg:40.97ms
step:779/1480 train_time:31929ms step_avg:40.99ms
step:780/1480 train_time:31988ms step_avg:41.01ms
step:781/1480 train_time:32042ms step_avg:41.03ms
step:782/1480 train_time:32100ms step_avg:41.05ms
step:783/1480 train_time:32154ms step_avg:41.07ms
step:784/1480 train_time:32213ms step_avg:41.09ms
step:785/1480 train_time:32266ms step_avg:41.10ms
step:786/1480 train_time:32327ms step_avg:41.13ms
step:787/1480 train_time:32381ms step_avg:41.15ms
step:788/1480 train_time:32440ms step_avg:41.17ms
step:789/1480 train_time:32495ms step_avg:41.19ms
step:790/1480 train_time:32555ms step_avg:41.21ms
step:791/1480 train_time:32610ms step_avg:41.23ms
step:792/1480 train_time:32670ms step_avg:41.25ms
step:793/1480 train_time:32725ms step_avg:41.27ms
step:794/1480 train_time:32784ms step_avg:41.29ms
step:795/1480 train_time:32838ms step_avg:41.31ms
step:796/1480 train_time:32897ms step_avg:41.33ms
step:797/1480 train_time:32951ms step_avg:41.34ms
step:798/1480 train_time:33010ms step_avg:41.37ms
step:799/1480 train_time:33063ms step_avg:41.38ms
step:800/1480 train_time:33122ms step_avg:41.40ms
step:801/1480 train_time:33176ms step_avg:41.42ms
step:802/1480 train_time:33235ms step_avg:41.44ms
step:803/1480 train_time:33288ms step_avg:41.45ms
step:804/1480 train_time:33349ms step_avg:41.48ms
step:805/1480 train_time:33403ms step_avg:41.49ms
step:806/1480 train_time:33463ms step_avg:41.52ms
step:807/1480 train_time:33516ms step_avg:41.53ms
step:808/1480 train_time:33576ms step_avg:41.55ms
step:809/1480 train_time:33630ms step_avg:41.57ms
step:810/1480 train_time:33690ms step_avg:41.59ms
step:811/1480 train_time:33745ms step_avg:41.61ms
step:812/1480 train_time:33804ms step_avg:41.63ms
step:813/1480 train_time:33857ms step_avg:41.64ms
step:814/1480 train_time:33916ms step_avg:41.67ms
step:815/1480 train_time:33969ms step_avg:41.68ms
step:816/1480 train_time:34028ms step_avg:41.70ms
step:817/1480 train_time:34082ms step_avg:41.72ms
step:818/1480 train_time:34141ms step_avg:41.74ms
step:819/1480 train_time:34194ms step_avg:41.75ms
step:820/1480 train_time:34254ms step_avg:41.77ms
step:821/1480 train_time:34307ms step_avg:41.79ms
step:822/1480 train_time:34367ms step_avg:41.81ms
step:823/1480 train_time:34423ms step_avg:41.83ms
step:824/1480 train_time:34482ms step_avg:41.85ms
step:825/1480 train_time:34536ms step_avg:41.86ms
step:826/1480 train_time:34596ms step_avg:41.88ms
step:827/1480 train_time:34650ms step_avg:41.90ms
step:828/1480 train_time:34710ms step_avg:41.92ms
step:829/1480 train_time:34764ms step_avg:41.93ms
step:830/1480 train_time:34823ms step_avg:41.96ms
step:831/1480 train_time:34876ms step_avg:41.97ms
step:832/1480 train_time:34935ms step_avg:41.99ms
step:833/1480 train_time:34989ms step_avg:42.00ms
step:834/1480 train_time:35049ms step_avg:42.03ms
step:835/1480 train_time:35103ms step_avg:42.04ms
step:836/1480 train_time:35161ms step_avg:42.06ms
step:837/1480 train_time:35215ms step_avg:42.07ms
step:838/1480 train_time:35275ms step_avg:42.09ms
step:839/1480 train_time:35329ms step_avg:42.11ms
step:840/1480 train_time:35389ms step_avg:42.13ms
step:841/1480 train_time:35443ms step_avg:42.14ms
step:842/1480 train_time:35502ms step_avg:42.16ms
step:843/1480 train_time:35556ms step_avg:42.18ms
step:844/1480 train_time:35615ms step_avg:42.20ms
step:845/1480 train_time:35669ms step_avg:42.21ms
step:846/1480 train_time:35729ms step_avg:42.23ms
step:847/1480 train_time:35783ms step_avg:42.25ms
step:848/1480 train_time:35843ms step_avg:42.27ms
step:849/1480 train_time:35896ms step_avg:42.28ms
step:850/1480 train_time:35955ms step_avg:42.30ms
step:851/1480 train_time:36008ms step_avg:42.31ms
step:852/1480 train_time:36068ms step_avg:42.33ms
step:853/1480 train_time:36122ms step_avg:42.35ms
step:854/1480 train_time:36181ms step_avg:42.37ms
step:855/1480 train_time:36234ms step_avg:42.38ms
step:856/1480 train_time:36294ms step_avg:42.40ms
step:857/1480 train_time:36349ms step_avg:42.41ms
step:858/1480 train_time:36408ms step_avg:42.43ms
step:859/1480 train_time:36463ms step_avg:42.45ms
step:860/1480 train_time:36522ms step_avg:42.47ms
step:861/1480 train_time:36577ms step_avg:42.48ms
step:862/1480 train_time:36636ms step_avg:42.50ms
step:863/1480 train_time:36692ms step_avg:42.52ms
step:864/1480 train_time:36752ms step_avg:42.54ms
step:865/1480 train_time:36806ms step_avg:42.55ms
step:866/1480 train_time:36865ms step_avg:42.57ms
step:867/1480 train_time:36919ms step_avg:42.58ms
step:868/1480 train_time:36978ms step_avg:42.60ms
step:869/1480 train_time:37031ms step_avg:42.61ms
step:870/1480 train_time:37091ms step_avg:42.63ms
step:871/1480 train_time:37145ms step_avg:42.65ms
step:872/1480 train_time:37205ms step_avg:42.67ms
step:873/1480 train_time:37259ms step_avg:42.68ms
step:874/1480 train_time:37317ms step_avg:42.70ms
step:875/1480 train_time:37371ms step_avg:42.71ms
step:876/1480 train_time:37431ms step_avg:42.73ms
step:877/1480 train_time:37485ms step_avg:42.74ms
step:878/1480 train_time:37546ms step_avg:42.76ms
step:879/1480 train_time:37600ms step_avg:42.78ms
step:880/1480 train_time:37659ms step_avg:42.79ms
step:881/1480 train_time:37714ms step_avg:42.81ms
step:882/1480 train_time:37773ms step_avg:42.83ms
step:883/1480 train_time:37826ms step_avg:42.84ms
step:884/1480 train_time:37886ms step_avg:42.86ms
step:885/1480 train_time:37940ms step_avg:42.87ms
step:886/1480 train_time:37999ms step_avg:42.89ms
step:887/1480 train_time:38053ms step_avg:42.90ms
step:888/1480 train_time:38112ms step_avg:42.92ms
step:889/1480 train_time:38166ms step_avg:42.93ms
step:890/1480 train_time:38225ms step_avg:42.95ms
step:891/1480 train_time:38279ms step_avg:42.96ms
step:892/1480 train_time:38338ms step_avg:42.98ms
step:893/1480 train_time:38392ms step_avg:42.99ms
step:894/1480 train_time:38452ms step_avg:43.01ms
step:895/1480 train_time:38506ms step_avg:43.02ms
step:896/1480 train_time:38565ms step_avg:43.04ms
step:897/1480 train_time:38620ms step_avg:43.05ms
step:898/1480 train_time:38679ms step_avg:43.07ms
step:899/1480 train_time:38733ms step_avg:43.08ms
step:900/1480 train_time:38792ms step_avg:43.10ms
step:901/1480 train_time:38846ms step_avg:43.11ms
step:902/1480 train_time:38905ms step_avg:43.13ms
step:903/1480 train_time:38960ms step_avg:43.14ms
step:904/1480 train_time:39018ms step_avg:43.16ms
step:905/1480 train_time:39072ms step_avg:43.17ms
step:906/1480 train_time:39131ms step_avg:43.19ms
step:907/1480 train_time:39185ms step_avg:43.20ms
step:908/1480 train_time:39244ms step_avg:43.22ms
step:909/1480 train_time:39297ms step_avg:43.23ms
step:910/1480 train_time:39356ms step_avg:43.25ms
step:911/1480 train_time:39410ms step_avg:43.26ms
step:912/1480 train_time:39470ms step_avg:43.28ms
step:913/1480 train_time:39524ms step_avg:43.29ms
step:914/1480 train_time:39583ms step_avg:43.31ms
step:915/1480 train_time:39636ms step_avg:43.32ms
step:916/1480 train_time:39696ms step_avg:43.34ms
step:917/1480 train_time:39750ms step_avg:43.35ms
step:918/1480 train_time:39809ms step_avg:43.37ms
step:919/1480 train_time:39864ms step_avg:43.38ms
step:920/1480 train_time:39923ms step_avg:43.39ms
step:921/1480 train_time:39977ms step_avg:43.41ms
step:922/1480 train_time:40036ms step_avg:43.42ms
step:923/1480 train_time:40090ms step_avg:43.43ms
step:924/1480 train_time:40149ms step_avg:43.45ms
step:925/1480 train_time:40203ms step_avg:43.46ms
step:926/1480 train_time:40262ms step_avg:43.48ms
step:927/1480 train_time:40316ms step_avg:43.49ms
step:928/1480 train_time:40375ms step_avg:43.51ms
step:929/1480 train_time:40428ms step_avg:43.52ms
step:930/1480 train_time:40489ms step_avg:43.54ms
step:931/1480 train_time:40543ms step_avg:43.55ms
step:932/1480 train_time:40602ms step_avg:43.56ms
step:933/1480 train_time:40656ms step_avg:43.58ms
step:934/1480 train_time:40715ms step_avg:43.59ms
step:935/1480 train_time:40769ms step_avg:43.60ms
step:936/1480 train_time:40830ms step_avg:43.62ms
step:937/1480 train_time:40884ms step_avg:43.63ms
step:938/1480 train_time:40943ms step_avg:43.65ms
step:939/1480 train_time:40997ms step_avg:43.66ms
step:940/1480 train_time:41056ms step_avg:43.68ms
step:941/1480 train_time:41110ms step_avg:43.69ms
step:942/1480 train_time:41170ms step_avg:43.70ms
step:943/1480 train_time:41224ms step_avg:43.72ms
step:944/1480 train_time:41282ms step_avg:43.73ms
step:945/1480 train_time:41335ms step_avg:43.74ms
step:946/1480 train_time:41395ms step_avg:43.76ms
step:947/1480 train_time:41449ms step_avg:43.77ms
step:948/1480 train_time:41508ms step_avg:43.79ms
step:949/1480 train_time:41563ms step_avg:43.80ms
step:950/1480 train_time:41622ms step_avg:43.81ms
step:951/1480 train_time:41677ms step_avg:43.82ms
step:952/1480 train_time:41735ms step_avg:43.84ms
step:953/1480 train_time:41789ms step_avg:43.85ms
step:954/1480 train_time:41850ms step_avg:43.87ms
step:955/1480 train_time:41903ms step_avg:43.88ms
step:956/1480 train_time:41962ms step_avg:43.89ms
step:957/1480 train_time:42015ms step_avg:43.90ms
step:958/1480 train_time:42074ms step_avg:43.92ms
step:959/1480 train_time:42128ms step_avg:43.93ms
step:960/1480 train_time:42188ms step_avg:43.95ms
step:961/1480 train_time:42243ms step_avg:43.96ms
step:962/1480 train_time:42331ms step_avg:44.00ms
step:963/1480 train_time:42412ms step_avg:44.04ms
step:964/1480 train_time:42498ms step_avg:44.08ms
step:965/1480 train_time:42578ms step_avg:44.12ms
step:966/1480 train_time:42662ms step_avg:44.16ms
step:967/1480 train_time:42740ms step_avg:44.20ms
step:968/1480 train_time:42828ms step_avg:44.24ms
step:969/1480 train_time:42909ms step_avg:44.28ms
step:970/1480 train_time:42994ms step_avg:44.32ms
step:971/1480 train_time:43074ms step_avg:44.36ms
step:972/1480 train_time:43158ms step_avg:44.40ms
step:973/1480 train_time:43238ms step_avg:44.44ms
step:974/1480 train_time:43324ms step_avg:44.48ms
step:975/1480 train_time:43404ms step_avg:44.52ms
step:976/1480 train_time:43490ms step_avg:44.56ms
step:977/1480 train_time:43571ms step_avg:44.60ms
step:978/1480 train_time:43656ms step_avg:44.64ms
step:979/1480 train_time:43736ms step_avg:44.67ms
step:980/1480 train_time:43821ms step_avg:44.72ms
step:981/1480 train_time:43900ms step_avg:44.75ms
step:982/1480 train_time:43986ms step_avg:44.79ms
step:983/1480 train_time:44067ms step_avg:44.83ms
step:984/1480 train_time:44151ms step_avg:44.87ms
step:985/1480 train_time:44231ms step_avg:44.90ms
step:986/1480 train_time:44317ms step_avg:44.95ms
step:987/1480 train_time:44396ms step_avg:44.98ms
step:988/1480 train_time:44481ms step_avg:45.02ms
step:989/1480 train_time:44560ms step_avg:45.06ms
step:990/1480 train_time:44646ms step_avg:45.10ms
step:991/1480 train_time:44726ms step_avg:45.13ms
step:992/1480 train_time:44811ms step_avg:45.17ms
step:993/1480 train_time:44891ms step_avg:45.21ms
step:994/1480 train_time:44976ms step_avg:45.25ms
step:995/1480 train_time:45056ms step_avg:45.28ms
step:996/1480 train_time:45142ms step_avg:45.32ms
step:997/1480 train_time:45222ms step_avg:45.36ms
step:998/1480 train_time:45306ms step_avg:45.40ms
step:999/1480 train_time:45387ms step_avg:45.43ms
step:1000/1480 train_time:45472ms step_avg:45.47ms
step:1000/1480 val_loss:3.5100 train_time:45562ms step_avg:45.56ms
step:1001/1480 train_time:45581ms step_avg:45.54ms
step:1002/1480 train_time:45642ms step_avg:45.55ms
step:1003/1480 train_time:45724ms step_avg:45.59ms
step:1004/1480 train_time:45810ms step_avg:45.63ms
step:1005/1480 train_time:45890ms step_avg:45.66ms
step:1006/1480 train_time:45975ms step_avg:45.70ms
step:1007/1480 train_time:46054ms step_avg:45.73ms
step:1008/1480 train_time:46139ms step_avg:45.77ms
step:1009/1480 train_time:46218ms step_avg:45.81ms
step:1010/1480 train_time:46302ms step_avg:45.84ms
step:1011/1480 train_time:46381ms step_avg:45.88ms
step:1012/1480 train_time:46465ms step_avg:45.91ms
step:1013/1480 train_time:46546ms step_avg:45.95ms
step:1014/1480 train_time:46633ms step_avg:45.99ms
step:1015/1480 train_time:46714ms step_avg:46.02ms
step:1016/1480 train_time:46802ms step_avg:46.06ms
step:1017/1480 train_time:46882ms step_avg:46.10ms
step:1018/1480 train_time:46966ms step_avg:46.14ms
step:1019/1480 train_time:47045ms step_avg:46.17ms
step:1020/1480 train_time:47130ms step_avg:46.21ms
step:1021/1480 train_time:47210ms step_avg:46.24ms
step:1022/1480 train_time:47295ms step_avg:46.28ms
step:1023/1480 train_time:47374ms step_avg:46.31ms
step:1024/1480 train_time:47461ms step_avg:46.35ms
step:1025/1480 train_time:47541ms step_avg:46.38ms
step:1026/1480 train_time:47627ms step_avg:46.42ms
step:1027/1480 train_time:47709ms step_avg:46.45ms
step:1028/1480 train_time:47796ms step_avg:46.49ms
step:1029/1480 train_time:47876ms step_avg:46.53ms
step:1030/1480 train_time:47960ms step_avg:46.56ms
step:1031/1480 train_time:48038ms step_avg:46.59ms
step:1032/1480 train_time:48125ms step_avg:46.63ms
step:1033/1480 train_time:48204ms step_avg:46.66ms
step:1034/1480 train_time:48289ms step_avg:46.70ms
step:1035/1480 train_time:48369ms step_avg:46.73ms
step:1036/1480 train_time:48455ms step_avg:46.77ms
step:1037/1480 train_time:48535ms step_avg:46.80ms
step:1038/1480 train_time:48621ms step_avg:46.84ms
step:1039/1480 train_time:48702ms step_avg:46.87ms
step:1040/1480 train_time:48788ms step_avg:46.91ms
step:1041/1480 train_time:48867ms step_avg:46.94ms
step:1042/1480 train_time:48952ms step_avg:46.98ms
step:1043/1480 train_time:49034ms step_avg:47.01ms
step:1044/1480 train_time:49120ms step_avg:47.05ms
step:1045/1480 train_time:49200ms step_avg:47.08ms
step:1046/1480 train_time:49284ms step_avg:47.12ms
step:1047/1480 train_time:49363ms step_avg:47.15ms
step:1048/1480 train_time:49448ms step_avg:47.18ms
step:1049/1480 train_time:49528ms step_avg:47.21ms
step:1050/1480 train_time:49614ms step_avg:47.25ms
step:1051/1480 train_time:49694ms step_avg:47.28ms
step:1052/1480 train_time:49780ms step_avg:47.32ms
step:1053/1480 train_time:49859ms step_avg:47.35ms
step:1054/1480 train_time:49943ms step_avg:47.38ms
step:1055/1480 train_time:50023ms step_avg:47.42ms
step:1056/1480 train_time:50109ms step_avg:47.45ms
step:1057/1480 train_time:50189ms step_avg:47.48ms
step:1058/1480 train_time:50273ms step_avg:47.52ms
step:1059/1480 train_time:50353ms step_avg:47.55ms
step:1060/1480 train_time:50439ms step_avg:47.58ms
step:1061/1480 train_time:50518ms step_avg:47.61ms
step:1062/1480 train_time:50604ms step_avg:47.65ms
step:1063/1480 train_time:50683ms step_avg:47.68ms
step:1064/1480 train_time:50768ms step_avg:47.71ms
step:1065/1480 train_time:50850ms step_avg:47.75ms
step:1066/1480 train_time:50936ms step_avg:47.78ms
step:1067/1480 train_time:51015ms step_avg:47.81ms
step:1068/1480 train_time:51101ms step_avg:47.85ms
step:1069/1480 train_time:51179ms step_avg:47.88ms
step:1070/1480 train_time:51263ms step_avg:47.91ms
step:1071/1480 train_time:51343ms step_avg:47.94ms
step:1072/1480 train_time:51429ms step_avg:47.98ms
step:1073/1480 train_time:51509ms step_avg:48.00ms
step:1074/1480 train_time:51595ms step_avg:48.04ms
step:1075/1480 train_time:51675ms step_avg:48.07ms
step:1076/1480 train_time:51759ms step_avg:48.10ms
step:1077/1480 train_time:51839ms step_avg:48.13ms
step:1078/1480 train_time:51925ms step_avg:48.17ms
step:1079/1480 train_time:52005ms step_avg:48.20ms
step:1080/1480 train_time:52091ms step_avg:48.23ms
step:1081/1480 train_time:52170ms step_avg:48.26ms
step:1082/1480 train_time:52256ms step_avg:48.30ms
step:1083/1480 train_time:52336ms step_avg:48.33ms
step:1084/1480 train_time:52422ms step_avg:48.36ms
step:1085/1480 train_time:52501ms step_avg:48.39ms
step:1086/1480 train_time:52586ms step_avg:48.42ms
step:1087/1480 train_time:52665ms step_avg:48.45ms
step:1088/1480 train_time:52750ms step_avg:48.48ms
step:1089/1480 train_time:52832ms step_avg:48.51ms
step:1090/1480 train_time:52918ms step_avg:48.55ms
step:1091/1480 train_time:52997ms step_avg:48.58ms
step:1092/1480 train_time:53081ms step_avg:48.61ms
step:1093/1480 train_time:53161ms step_avg:48.64ms
step:1094/1480 train_time:53247ms step_avg:48.67ms
step:1095/1480 train_time:53327ms step_avg:48.70ms
step:1096/1480 train_time:53412ms step_avg:48.73ms
step:1097/1480 train_time:53494ms step_avg:48.76ms
step:1098/1480 train_time:53579ms step_avg:48.80ms
step:1099/1480 train_time:53659ms step_avg:48.83ms
step:1100/1480 train_time:53745ms step_avg:48.86ms
step:1101/1480 train_time:53826ms step_avg:48.89ms
step:1102/1480 train_time:53910ms step_avg:48.92ms
step:1103/1480 train_time:53991ms step_avg:48.95ms
step:1104/1480 train_time:54076ms step_avg:48.98ms
step:1105/1480 train_time:54156ms step_avg:49.01ms
step:1106/1480 train_time:54242ms step_avg:49.04ms
step:1107/1480 train_time:54321ms step_avg:49.07ms
step:1108/1480 train_time:54407ms step_avg:49.10ms
step:1109/1480 train_time:54486ms step_avg:49.13ms
step:1110/1480 train_time:54572ms step_avg:49.16ms
step:1111/1480 train_time:54655ms step_avg:49.19ms
step:1112/1480 train_time:54740ms step_avg:49.23ms
step:1113/1480 train_time:54821ms step_avg:49.26ms
step:1114/1480 train_time:54907ms step_avg:49.29ms
step:1115/1480 train_time:54987ms step_avg:49.32ms
step:1116/1480 train_time:55071ms step_avg:49.35ms
step:1117/1480 train_time:55152ms step_avg:49.38ms
step:1118/1480 train_time:55238ms step_avg:49.41ms
step:1119/1480 train_time:55318ms step_avg:49.43ms
step:1120/1480 train_time:55403ms step_avg:49.47ms
step:1121/1480 train_time:55483ms step_avg:49.49ms
step:1122/1480 train_time:55567ms step_avg:49.53ms
step:1123/1480 train_time:55648ms step_avg:49.55ms
step:1124/1480 train_time:55734ms step_avg:49.59ms
step:1125/1480 train_time:55815ms step_avg:49.61ms
step:1126/1480 train_time:55902ms step_avg:49.65ms
step:1127/1480 train_time:55980ms step_avg:49.67ms
step:1128/1480 train_time:56066ms step_avg:49.70ms
step:1129/1480 train_time:56147ms step_avg:49.73ms
step:1130/1480 train_time:56233ms step_avg:49.76ms
step:1131/1480 train_time:56314ms step_avg:49.79ms
step:1132/1480 train_time:56400ms step_avg:49.82ms
step:1133/1480 train_time:56479ms step_avg:49.85ms
step:1134/1480 train_time:56564ms step_avg:49.88ms
step:1135/1480 train_time:56644ms step_avg:49.91ms
step:1136/1480 train_time:56730ms step_avg:49.94ms
step:1137/1480 train_time:56810ms step_avg:49.97ms
step:1138/1480 train_time:56897ms step_avg:50.00ms
step:1139/1480 train_time:56976ms step_avg:50.02ms
step:1140/1480 train_time:57061ms step_avg:50.05ms
step:1141/1480 train_time:57142ms step_avg:50.08ms
step:1142/1480 train_time:57227ms step_avg:50.11ms
step:1143/1480 train_time:57306ms step_avg:50.14ms
step:1144/1480 train_time:57392ms step_avg:50.17ms
step:1145/1480 train_time:57473ms step_avg:50.19ms
step:1146/1480 train_time:57560ms step_avg:50.23ms
step:1147/1480 train_time:57640ms step_avg:50.25ms
step:1148/1480 train_time:57724ms step_avg:50.28ms
step:1149/1480 train_time:57805ms step_avg:50.31ms
step:1150/1480 train_time:57892ms step_avg:50.34ms
step:1151/1480 train_time:57972ms step_avg:50.37ms
step:1152/1480 train_time:58057ms step_avg:50.40ms
step:1153/1480 train_time:58137ms step_avg:50.42ms
step:1154/1480 train_time:58223ms step_avg:50.45ms
step:1155/1480 train_time:58303ms step_avg:50.48ms
step:1156/1480 train_time:58389ms step_avg:50.51ms
step:1157/1480 train_time:58468ms step_avg:50.53ms
step:1158/1480 train_time:58555ms step_avg:50.57ms
step:1159/1480 train_time:58636ms step_avg:50.59ms
step:1160/1480 train_time:58722ms step_avg:50.62ms
step:1161/1480 train_time:58800ms step_avg:50.65ms
step:1162/1480 train_time:58886ms step_avg:50.68ms
step:1163/1480 train_time:58966ms step_avg:50.70ms
step:1164/1480 train_time:59051ms step_avg:50.73ms
step:1165/1480 train_time:59132ms step_avg:50.76ms
step:1166/1480 train_time:59217ms step_avg:50.79ms
step:1167/1480 train_time:59296ms step_avg:50.81ms
step:1168/1480 train_time:59382ms step_avg:50.84ms
step:1169/1480 train_time:59462ms step_avg:50.87ms
step:1170/1480 train_time:59548ms step_avg:50.90ms
step:1171/1480 train_time:59628ms step_avg:50.92ms
step:1172/1480 train_time:59714ms step_avg:50.95ms
step:1173/1480 train_time:59795ms step_avg:50.98ms
step:1174/1480 train_time:59880ms step_avg:51.01ms
step:1175/1480 train_time:59960ms step_avg:51.03ms
step:1176/1480 train_time:60044ms step_avg:51.06ms
step:1177/1480 train_time:60125ms step_avg:51.08ms
step:1178/1480 train_time:60211ms step_avg:51.11ms
step:1179/1480 train_time:60292ms step_avg:51.14ms
step:1180/1480 train_time:60376ms step_avg:51.17ms
step:1181/1480 train_time:60456ms step_avg:51.19ms
step:1182/1480 train_time:60541ms step_avg:51.22ms
step:1183/1480 train_time:60623ms step_avg:51.24ms
step:1184/1480 train_time:60708ms step_avg:51.27ms
step:1185/1480 train_time:60787ms step_avg:51.30ms
step:1186/1480 train_time:60871ms step_avg:51.32ms
step:1187/1480 train_time:60952ms step_avg:51.35ms
step:1188/1480 train_time:61038ms step_avg:51.38ms
step:1189/1480 train_time:61119ms step_avg:51.40ms
step:1190/1480 train_time:61203ms step_avg:51.43ms
step:1191/1480 train_time:61283ms step_avg:51.46ms
step:1192/1480 train_time:61369ms step_avg:51.48ms
step:1193/1480 train_time:61449ms step_avg:51.51ms
step:1194/1480 train_time:61535ms step_avg:51.54ms
step:1195/1480 train_time:61616ms step_avg:51.56ms
step:1196/1480 train_time:61701ms step_avg:51.59ms
step:1197/1480 train_time:61781ms step_avg:51.61ms
step:1198/1480 train_time:61865ms step_avg:51.64ms
step:1199/1480 train_time:61945ms step_avg:51.66ms
step:1200/1480 train_time:62031ms step_avg:51.69ms
step:1201/1480 train_time:62112ms step_avg:51.72ms
step:1202/1480 train_time:62198ms step_avg:51.75ms
step:1203/1480 train_time:62278ms step_avg:51.77ms
step:1204/1480 train_time:62363ms step_avg:51.80ms
step:1205/1480 train_time:62442ms step_avg:51.82ms
step:1206/1480 train_time:62527ms step_avg:51.85ms
step:1207/1480 train_time:62608ms step_avg:51.87ms
step:1208/1480 train_time:62694ms step_avg:51.90ms
step:1209/1480 train_time:62773ms step_avg:51.92ms
step:1210/1480 train_time:62858ms step_avg:51.95ms
step:1211/1480 train_time:62938ms step_avg:51.97ms
step:1212/1480 train_time:63024ms step_avg:52.00ms
step:1213/1480 train_time:63104ms step_avg:52.02ms
step:1214/1480 train_time:63189ms step_avg:52.05ms
step:1215/1480 train_time:63268ms step_avg:52.07ms
step:1216/1480 train_time:63355ms step_avg:52.10ms
step:1217/1480 train_time:63436ms step_avg:52.12ms
step:1218/1480 train_time:63521ms step_avg:52.15ms
step:1219/1480 train_time:63601ms step_avg:52.18ms
step:1220/1480 train_time:63686ms step_avg:52.20ms
step:1221/1480 train_time:63765ms step_avg:52.22ms
step:1222/1480 train_time:63851ms step_avg:52.25ms
step:1223/1480 train_time:63931ms step_avg:52.27ms
step:1224/1480 train_time:64017ms step_avg:52.30ms
step:1225/1480 train_time:64097ms step_avg:52.32ms
step:1226/1480 train_time:64183ms step_avg:52.35ms
step:1227/1480 train_time:64262ms step_avg:52.37ms
step:1228/1480 train_time:64348ms step_avg:52.40ms
step:1229/1480 train_time:64427ms step_avg:52.42ms
step:1230/1480 train_time:64513ms step_avg:52.45ms
step:1231/1480 train_time:64594ms step_avg:52.47ms
step:1232/1480 train_time:64678ms step_avg:52.50ms
step:1233/1480 train_time:64758ms step_avg:52.52ms
step:1234/1480 train_time:64844ms step_avg:52.55ms
step:1235/1480 train_time:64923ms step_avg:52.57ms
step:1236/1480 train_time:65009ms step_avg:52.60ms
step:1237/1480 train_time:65090ms step_avg:52.62ms
step:1238/1480 train_time:65175ms step_avg:52.65ms
step:1239/1480 train_time:65255ms step_avg:52.67ms
step:1240/1480 train_time:65340ms step_avg:52.69ms
step:1241/1480 train_time:65419ms step_avg:52.71ms
step:1242/1480 train_time:65505ms step_avg:52.74ms
step:1243/1480 train_time:65585ms step_avg:52.76ms
step:1244/1480 train_time:65669ms step_avg:52.79ms
step:1245/1480 train_time:65750ms step_avg:52.81ms
step:1246/1480 train_time:65836ms step_avg:52.84ms
step:1247/1480 train_time:65916ms step_avg:52.86ms
step:1248/1480 train_time:66002ms step_avg:52.89ms
step:1249/1480 train_time:66081ms step_avg:52.91ms
step:1250/1480 train_time:66166ms step_avg:52.93ms
step:1250/1480 val_loss:3.3675 train_time:66258ms step_avg:53.01ms
step:1251/1480 train_time:66274ms step_avg:52.98ms
step:1252/1480 train_time:66339ms step_avg:52.99ms
step:1253/1480 train_time:66422ms step_avg:53.01ms
step:1254/1480 train_time:66509ms step_avg:53.04ms
step:1255/1480 train_time:66587ms step_avg:53.06ms
step:1256/1480 train_time:66671ms step_avg:53.08ms
step:1257/1480 train_time:66750ms step_avg:53.10ms
step:1258/1480 train_time:66833ms step_avg:53.13ms
step:1259/1480 train_time:66913ms step_avg:53.15ms
step:1260/1480 train_time:66998ms step_avg:53.17ms
step:1261/1480 train_time:67076ms step_avg:53.19ms
step:1262/1480 train_time:67161ms step_avg:53.22ms
step:1263/1480 train_time:67242ms step_avg:53.24ms
step:1264/1480 train_time:67331ms step_avg:53.27ms
step:1265/1480 train_time:67414ms step_avg:53.29ms
step:1266/1480 train_time:67501ms step_avg:53.32ms
step:1267/1480 train_time:67581ms step_avg:53.34ms
step:1268/1480 train_time:67666ms step_avg:53.36ms
step:1269/1480 train_time:67745ms step_avg:53.38ms
step:1270/1480 train_time:67832ms step_avg:53.41ms
step:1271/1480 train_time:67911ms step_avg:53.43ms
step:1272/1480 train_time:67995ms step_avg:53.45ms
step:1273/1480 train_time:68074ms step_avg:53.47ms
step:1274/1480 train_time:68159ms step_avg:53.50ms
step:1275/1480 train_time:68239ms step_avg:53.52ms
step:1276/1480 train_time:68326ms step_avg:53.55ms
step:1277/1480 train_time:68407ms step_avg:53.57ms
step:1278/1480 train_time:68494ms step_avg:53.59ms
step:1279/1480 train_time:68576ms step_avg:53.62ms
step:1280/1480 train_time:68661ms step_avg:53.64ms
step:1281/1480 train_time:68741ms step_avg:53.66ms
step:1282/1480 train_time:68826ms step_avg:53.69ms
step:1283/1480 train_time:68906ms step_avg:53.71ms
step:1284/1480 train_time:68990ms step_avg:53.73ms
step:1285/1480 train_time:69069ms step_avg:53.75ms
step:1286/1480 train_time:69155ms step_avg:53.78ms
step:1287/1480 train_time:69237ms step_avg:53.80ms
step:1288/1480 train_time:69323ms step_avg:53.82ms
step:1289/1480 train_time:69403ms step_avg:53.84ms
step:1290/1480 train_time:69489ms step_avg:53.87ms
step:1291/1480 train_time:69570ms step_avg:53.89ms
step:1292/1480 train_time:69656ms step_avg:53.91ms
step:1293/1480 train_time:69736ms step_avg:53.93ms
step:1294/1480 train_time:69822ms step_avg:53.96ms
step:1295/1480 train_time:69901ms step_avg:53.98ms
step:1296/1480 train_time:69986ms step_avg:54.00ms
step:1297/1480 train_time:70065ms step_avg:54.02ms
step:1298/1480 train_time:70152ms step_avg:54.05ms
step:1299/1480 train_time:70232ms step_avg:54.07ms
step:1300/1480 train_time:70317ms step_avg:54.09ms
step:1301/1480 train_time:70397ms step_avg:54.11ms
step:1302/1480 train_time:70483ms step_avg:54.13ms
step:1303/1480 train_time:70563ms step_avg:54.15ms
step:1304/1480 train_time:70650ms step_avg:54.18ms
step:1305/1480 train_time:70730ms step_avg:54.20ms
step:1306/1480 train_time:70815ms step_avg:54.22ms
step:1307/1480 train_time:70895ms step_avg:54.24ms
step:1308/1480 train_time:70979ms step_avg:54.27ms
step:1309/1480 train_time:71059ms step_avg:54.28ms
step:1310/1480 train_time:71145ms step_avg:54.31ms
step:1311/1480 train_time:71224ms step_avg:54.33ms
step:1312/1480 train_time:71309ms step_avg:54.35ms
step:1313/1480 train_time:71389ms step_avg:54.37ms
step:1314/1480 train_time:71476ms step_avg:54.40ms
step:1315/1480 train_time:71557ms step_avg:54.42ms
step:1316/1480 train_time:71643ms step_avg:54.44ms
step:1317/1480 train_time:71723ms step_avg:54.46ms
step:1318/1480 train_time:71806ms step_avg:54.48ms
step:1319/1480 train_time:71886ms step_avg:54.50ms
step:1320/1480 train_time:71971ms step_avg:54.52ms
step:1321/1480 train_time:72052ms step_avg:54.54ms
step:1322/1480 train_time:72138ms step_avg:54.57ms
step:1323/1480 train_time:72217ms step_avg:54.59ms
step:1324/1480 train_time:72302ms step_avg:54.61ms
step:1325/1480 train_time:72381ms step_avg:54.63ms
step:1326/1480 train_time:72469ms step_avg:54.65ms
step:1327/1480 train_time:72550ms step_avg:54.67ms
step:1328/1480 train_time:72637ms step_avg:54.70ms
step:1329/1480 train_time:72717ms step_avg:54.72ms
step:1330/1480 train_time:72803ms step_avg:54.74ms
step:1331/1480 train_time:72882ms step_avg:54.76ms
step:1332/1480 train_time:72967ms step_avg:54.78ms
step:1333/1480 train_time:73047ms step_avg:54.80ms
step:1334/1480 train_time:73132ms step_avg:54.82ms
step:1335/1480 train_time:73212ms step_avg:54.84ms
step:1336/1480 train_time:73298ms step_avg:54.86ms
step:1337/1480 train_time:73377ms step_avg:54.88ms
step:1338/1480 train_time:73464ms step_avg:54.91ms
step:1339/1480 train_time:73543ms step_avg:54.92ms
step:1340/1480 train_time:73629ms step_avg:54.95ms
step:1341/1480 train_time:73709ms step_avg:54.97ms
step:1342/1480 train_time:73793ms step_avg:54.99ms
step:1343/1480 train_time:73874ms step_avg:55.01ms
step:1344/1480 train_time:73959ms step_avg:55.03ms
step:1345/1480 train_time:74039ms step_avg:55.05ms
step:1346/1480 train_time:74125ms step_avg:55.07ms
step:1347/1480 train_time:74204ms step_avg:55.09ms
step:1348/1480 train_time:74290ms step_avg:55.11ms
step:1349/1480 train_time:74370ms step_avg:55.13ms
step:1350/1480 train_time:74455ms step_avg:55.15ms
step:1351/1480 train_time:74535ms step_avg:55.17ms
step:1352/1480 train_time:74621ms step_avg:55.19ms
step:1353/1480 train_time:74701ms step_avg:55.21ms
step:1354/1480 train_time:74786ms step_avg:55.23ms
step:1355/1480 train_time:74866ms step_avg:55.25ms
step:1356/1480 train_time:74951ms step_avg:55.27ms
step:1357/1480 train_time:75032ms step_avg:55.29ms
step:1358/1480 train_time:75117ms step_avg:55.31ms
step:1359/1480 train_time:75196ms step_avg:55.33ms
step:1360/1480 train_time:75283ms step_avg:55.36ms
step:1361/1480 train_time:75363ms step_avg:55.37ms
step:1362/1480 train_time:75448ms step_avg:55.39ms
step:1363/1480 train_time:75527ms step_avg:55.41ms
step:1364/1480 train_time:75613ms step_avg:55.43ms
step:1365/1480 train_time:75693ms step_avg:55.45ms
step:1366/1480 train_time:75778ms step_avg:55.47ms
step:1367/1480 train_time:75858ms step_avg:55.49ms
step:1368/1480 train_time:75944ms step_avg:55.51ms
step:1369/1480 train_time:76025ms step_avg:55.53ms
step:1370/1480 train_time:76110ms step_avg:55.55ms
step:1371/1480 train_time:76189ms step_avg:55.57ms
step:1372/1480 train_time:76274ms step_avg:55.59ms
step:1373/1480 train_time:76356ms step_avg:55.61ms
step:1374/1480 train_time:76441ms step_avg:55.63ms
step:1375/1480 train_time:76521ms step_avg:55.65ms
step:1376/1480 train_time:76607ms step_avg:55.67ms
step:1377/1480 train_time:76686ms step_avg:55.69ms
step:1378/1480 train_time:76773ms step_avg:55.71ms
step:1379/1480 train_time:76853ms step_avg:55.73ms
step:1380/1480 train_time:76939ms step_avg:55.75ms
step:1381/1480 train_time:77020ms step_avg:55.77ms
step:1382/1480 train_time:77105ms step_avg:55.79ms
step:1383/1480 train_time:77183ms step_avg:55.81ms
step:1384/1480 train_time:77269ms step_avg:55.83ms
step:1385/1480 train_time:77349ms step_avg:55.85ms
step:1386/1480 train_time:77435ms step_avg:55.87ms
step:1387/1480 train_time:77515ms step_avg:55.89ms
step:1388/1480 train_time:77599ms step_avg:55.91ms
step:1389/1480 train_time:77679ms step_avg:55.92ms
step:1390/1480 train_time:77764ms step_avg:55.95ms
step:1391/1480 train_time:77845ms step_avg:55.96ms
step:1392/1480 train_time:77932ms step_avg:55.99ms
step:1393/1480 train_time:78012ms step_avg:56.00ms
step:1394/1480 train_time:78097ms step_avg:56.02ms
step:1395/1480 train_time:78177ms step_avg:56.04ms
step:1396/1480 train_time:78263ms step_avg:56.06ms
step:1397/1480 train_time:78342ms step_avg:56.08ms
step:1398/1480 train_time:78427ms step_avg:56.10ms
step:1399/1480 train_time:78508ms step_avg:56.12ms
step:1400/1480 train_time:78592ms step_avg:56.14ms
step:1401/1480 train_time:78673ms step_avg:56.16ms
step:1402/1480 train_time:78759ms step_avg:56.18ms
step:1403/1480 train_time:78839ms step_avg:56.19ms
step:1404/1480 train_time:78925ms step_avg:56.21ms
step:1405/1480 train_time:79004ms step_avg:56.23ms
step:1406/1480 train_time:79089ms step_avg:56.25ms
step:1407/1480 train_time:79170ms step_avg:56.27ms
step:1408/1480 train_time:79256ms step_avg:56.29ms
step:1409/1480 train_time:79336ms step_avg:56.31ms
step:1410/1480 train_time:79422ms step_avg:56.33ms
step:1411/1480 train_time:79500ms step_avg:56.34ms
step:1412/1480 train_time:79586ms step_avg:56.36ms
step:1413/1480 train_time:79667ms step_avg:56.38ms
step:1414/1480 train_time:79752ms step_avg:56.40ms
step:1415/1480 train_time:79834ms step_avg:56.42ms
step:1416/1480 train_time:79920ms step_avg:56.44ms
step:1417/1480 train_time:79999ms step_avg:56.46ms
step:1418/1480 train_time:80084ms step_avg:56.48ms
step:1419/1480 train_time:80164ms step_avg:56.49ms
step:1420/1480 train_time:80249ms step_avg:56.51ms
step:1421/1480 train_time:80330ms step_avg:56.53ms
step:1422/1480 train_time:80416ms step_avg:56.55ms
step:1423/1480 train_time:80496ms step_avg:56.57ms
step:1424/1480 train_time:80581ms step_avg:56.59ms
step:1425/1480 train_time:80662ms step_avg:56.60ms
step:1426/1480 train_time:80748ms step_avg:56.63ms
step:1427/1480 train_time:80829ms step_avg:56.64ms
step:1428/1480 train_time:80916ms step_avg:56.66ms
step:1429/1480 train_time:80995ms step_avg:56.68ms
step:1430/1480 train_time:81081ms step_avg:56.70ms
step:1431/1480 train_time:81161ms step_avg:56.72ms
step:1432/1480 train_time:81246ms step_avg:56.74ms
step:1433/1480 train_time:81326ms step_avg:56.75ms
step:1434/1480 train_time:81412ms step_avg:56.77ms
step:1435/1480 train_time:81492ms step_avg:56.79ms
step:1436/1480 train_time:81579ms step_avg:56.81ms
step:1437/1480 train_time:81659ms step_avg:56.83ms
step:1438/1480 train_time:81745ms step_avg:56.85ms
step:1439/1480 train_time:81825ms step_avg:56.86ms
step:1440/1480 train_time:81911ms step_avg:56.88ms
step:1441/1480 train_time:81993ms step_avg:56.90ms
step:1442/1480 train_time:82083ms step_avg:56.92ms
step:1443/1480 train_time:82164ms step_avg:56.94ms
step:1444/1480 train_time:82249ms step_avg:56.96ms
step:1445/1480 train_time:82329ms step_avg:56.98ms
step:1446/1480 train_time:82414ms step_avg:56.99ms
step:1447/1480 train_time:82494ms step_avg:57.01ms
step:1448/1480 train_time:82580ms step_avg:57.03ms
step:1449/1480 train_time:82660ms step_avg:57.05ms
step:1450/1480 train_time:82745ms step_avg:57.07ms
step:1451/1480 train_time:82827ms step_avg:57.08ms
step:1452/1480 train_time:82913ms step_avg:57.10ms
step:1453/1480 train_time:82993ms step_avg:57.12ms
step:1454/1480 train_time:83080ms step_avg:57.14ms
step:1455/1480 train_time:83161ms step_avg:57.16ms
step:1456/1480 train_time:83246ms step_avg:57.17ms
step:1457/1480 train_time:83326ms step_avg:57.19ms
step:1458/1480 train_time:83412ms step_avg:57.21ms
step:1459/1480 train_time:83493ms step_avg:57.23ms
step:1460/1480 train_time:83579ms step_avg:57.25ms
step:1461/1480 train_time:83660ms step_avg:57.26ms
step:1462/1480 train_time:83746ms step_avg:57.28ms
step:1463/1480 train_time:83825ms step_avg:57.30ms
step:1464/1480 train_time:83912ms step_avg:57.32ms
step:1465/1480 train_time:83991ms step_avg:57.33ms
step:1466/1480 train_time:84078ms step_avg:57.35ms
step:1467/1480 train_time:84159ms step_avg:57.37ms
step:1468/1480 train_time:84244ms step_avg:57.39ms
step:1469/1480 train_time:84323ms step_avg:57.40ms
step:1470/1480 train_time:84408ms step_avg:57.42ms
step:1471/1480 train_time:84487ms step_avg:57.44ms
step:1472/1480 train_time:84573ms step_avg:57.45ms
step:1473/1480 train_time:84655ms step_avg:57.47ms
step:1474/1480 train_time:84741ms step_avg:57.49ms
step:1475/1480 train_time:84821ms step_avg:57.51ms
step:1476/1480 train_time:84906ms step_avg:57.52ms
step:1477/1480 train_time:84985ms step_avg:57.54ms
step:1478/1480 train_time:85071ms step_avg:57.56ms
step:1479/1480 train_time:85152ms step_avg:57.57ms
step:1480/1480 train_time:85238ms step_avg:57.59ms
step:1480/1480 val_loss:3.2790 train_time:85329ms step_avg:57.65ms
peak memory allocated: 31317 MiB reserved: 46010 MiB
