W0420 01:35:26.117000 90479 torch/distributed/run.py:852] 
W0420 01:35:26.117000 90479 torch/distributed/run.py:852] *****************************************
W0420 01:35:26.117000 90479 torch/distributed/run.py:852] Setting OMP_NUM_THREADS environment variable for each process to be 1 in default, to avoid your system being overloaded, please further tune the variable for optimal performance in your application as needed. 
W0420 01:35:26.117000 90479 torch/distributed/run.py:852] *****************************************
[Gloo] Rank 0 is connected to 7 peer ranks. Expected number of connected peer ranks is : 7
[Gloo] Rank 1 is connected to 7 peer ranks. Expected number of connected peer ranks is : 7
[Gloo] Rank 2 is connected to 7 peer ranks. Expected number of connected peer ranks is : 7
[Gloo] Rank 3 is connected to 7 peer ranks. Expected number of connected peer ranks is : 7
[Gloo] Rank [Gloo] Rank [Gloo] Rank [Gloo] Rank 4576 is connected to  is connected to  is connected to  is connected to 7777 peer ranks.  peer ranks.  peer ranks.  peer ranks. Expected number of connected peer ranks is : Expected number of connected peer ranks is : Expected number of connected peer ranks is : Expected number of connected peer ranks is : 7777



Warning: You are sending unauthenticated requests to the HF Hub. Please set a HF_TOKEN to enable higher rate limits and faster downloads.
Warning: You are sending unauthenticated requests to the HF Hub. Please set a HF_TOKEN to enable higher rate limits and faster downloads.
Fetching 4 files:   0%|          | 0/4 [00:00<?, ?it/s]Fetching 4 files: 100%|██████████| 4/4 [00:00<00:00, 99864.38it/s]
Fetching 4 files:   0%|          | 0/4 [00:00<?, ?it/s]Fetching 4 files: 100%|██████████| 4/4 [00:00<00:00, 56299.38it/s]
Fetching 4 files:   0%|          | 0/4 [00:00<?, ?it/s]Fetching 4 files: 100%|██████████| 4/4 [00:00<00:00, 93206.76it/s]
Fetching 4 files:   0%|          | 0/4 [00:00<?, ?it/s]Fetching 4 files: 100%|██████████| 4/4 [00:00<00:00, 96420.78it/s]
Fetching 4 files:   0%|          | 0/4 [00:00<?, ?it/s]Fetching 4 files: 100%|██████████| 4/4 [00:00<00:00, 102927.71it/s]
Fetching 4 files:   0%|          | 0/4 [00:00<?, ?it/s]Fetching 4 files: 100%|██████████| 4/4 [00:00<00:00, 77672.30it/s]
Fetching 4 files:   0%|          | 0/4 [00:00<?, ?it/s]Fetching 4 files: 100%|██████████| 4/4 [00:00<00:00, 86928.58it/s]
logs/3a36d40b-06fd-4855-bfe0-db86b3b88423.txt
Fetching 4 files:   0%|          | 0/4 [00:00<?, ?it/s]Fetching 4 files: 100%|██████████| 4/4 [00:00<00:00, 92182.51it/s]
Compiling model and warming up kernels (~7 minutes on first execution)
Sampling steps [0, 1, 478, 479, 480, 481, 958, 959, 960, 961, 1438, 1439, 1440, 1441] for warmup
Resetting Model
step:0/1480 val_loss:10.8320 train_time:0ms step_avg:0.03ms
step:1/1480 train_time:63ms step_avg:63.19ms
step:2/1480 train_time:83ms step_avg:41.62ms
step:3/1480 train_time:100ms step_avg:33.29ms
step:4/1480 train_time:134ms step_avg:33.43ms
step:5/1480 train_time:161ms step_avg:32.23ms
step:6/1480 train_time:196ms step_avg:32.63ms
step:7/1480 train_time:223ms step_avg:31.86ms
step:8/1480 train_time:257ms step_avg:32.15ms
step:9/1480 train_time:285ms step_avg:31.64ms
step:10/1480 train_time:319ms step_avg:31.90ms
step:11/1480 train_time:347ms step_avg:31.52ms
step:12/1480 train_time:381ms step_avg:31.73ms
step:13/1480 train_time:409ms step_avg:31.43ms
step:14/1480 train_time:443ms step_avg:31.61ms
step:15/1480 train_time:470ms step_avg:31.37ms
step:16/1480 train_time:504ms step_avg:31.51ms
step:17/1480 train_time:532ms step_avg:31.31ms
step:18/1480 train_time:566ms step_avg:31.45ms
step:19/1480 train_time:594ms step_avg:31.28ms
step:20/1480 train_time:628ms step_avg:31.42ms
step:21/1480 train_time:657ms step_avg:31.27ms
step:22/1480 train_time:690ms step_avg:31.38ms
step:23/1480 train_time:719ms step_avg:31.25ms
step:24/1480 train_time:752ms step_avg:31.35ms
step:25/1480 train_time:780ms step_avg:31.22ms
step:26/1480 train_time:814ms step_avg:31.32ms
step:27/1480 train_time:842ms step_avg:31.20ms
step:28/1480 train_time:876ms step_avg:31.29ms
step:29/1480 train_time:904ms step_avg:31.18ms
step:30/1480 train_time:938ms step_avg:31.26ms
step:31/1480 train_time:967ms step_avg:31.18ms
step:32/1480 train_time:1001ms step_avg:31.28ms
step:33/1480 train_time:1029ms step_avg:31.19ms
step:34/1480 train_time:1065ms step_avg:31.32ms
step:35/1480 train_time:1092ms step_avg:31.20ms
step:36/1480 train_time:1127ms step_avg:31.29ms
step:37/1480 train_time:1155ms step_avg:31.22ms
step:38/1480 train_time:1189ms step_avg:31.29ms
step:39/1480 train_time:1217ms step_avg:31.22ms
step:40/1480 train_time:1251ms step_avg:31.28ms
step:41/1480 train_time:1280ms step_avg:31.21ms
step:42/1480 train_time:1313ms step_avg:31.27ms
step:43/1480 train_time:1342ms step_avg:31.20ms
step:44/1480 train_time:1375ms step_avg:31.25ms
step:45/1480 train_time:1404ms step_avg:31.19ms
step:46/1480 train_time:1437ms step_avg:31.25ms
step:47/1480 train_time:1465ms step_avg:31.18ms
step:48/1480 train_time:1500ms step_avg:31.25ms
step:49/1480 train_time:1528ms step_avg:31.18ms
step:50/1480 train_time:1562ms step_avg:31.24ms
step:51/1480 train_time:1590ms step_avg:31.17ms
step:52/1480 train_time:1624ms step_avg:31.23ms
step:53/1480 train_time:1652ms step_avg:31.16ms
step:54/1480 train_time:1686ms step_avg:31.21ms
step:55/1480 train_time:1714ms step_avg:31.16ms
step:56/1480 train_time:1748ms step_avg:31.21ms
step:57/1480 train_time:1776ms step_avg:31.15ms
step:58/1480 train_time:1809ms step_avg:31.20ms
step:59/1480 train_time:1838ms step_avg:31.15ms
step:60/1480 train_time:1872ms step_avg:31.20ms
step:61/1480 train_time:1900ms step_avg:31.15ms
step:62/1480 train_time:1934ms step_avg:31.20ms
step:63/1480 train_time:1963ms step_avg:31.15ms
step:64/1480 train_time:1997ms step_avg:31.20ms
step:65/1480 train_time:2025ms step_avg:31.15ms
step:66/1480 train_time:2059ms step_avg:31.19ms
step:67/1480 train_time:2087ms step_avg:31.14ms
step:68/1480 train_time:2121ms step_avg:31.19ms
step:69/1480 train_time:2149ms step_avg:31.15ms
step:70/1480 train_time:2183ms step_avg:31.18ms
step:71/1480 train_time:2211ms step_avg:31.14ms
step:72/1480 train_time:2245ms step_avg:31.17ms
step:73/1480 train_time:2273ms step_avg:31.13ms
step:74/1480 train_time:2307ms step_avg:31.17ms
step:75/1480 train_time:2335ms step_avg:31.14ms
step:76/1480 train_time:2369ms step_avg:31.18ms
step:77/1480 train_time:2398ms step_avg:31.14ms
step:78/1480 train_time:2432ms step_avg:31.18ms
step:79/1480 train_time:2460ms step_avg:31.14ms
step:80/1480 train_time:2494ms step_avg:31.18ms
step:81/1480 train_time:2523ms step_avg:31.14ms
step:82/1480 train_time:2556ms step_avg:31.17ms
step:83/1480 train_time:2584ms step_avg:31.13ms
step:84/1480 train_time:2618ms step_avg:31.17ms
step:85/1480 train_time:2646ms step_avg:31.13ms
step:86/1480 train_time:2681ms step_avg:31.17ms
step:87/1480 train_time:2709ms step_avg:31.14ms
step:88/1480 train_time:2743ms step_avg:31.17ms
step:89/1480 train_time:2770ms step_avg:31.13ms
step:90/1480 train_time:2805ms step_avg:31.17ms
step:91/1480 train_time:2833ms step_avg:31.13ms
step:92/1480 train_time:2867ms step_avg:31.16ms
step:93/1480 train_time:2895ms step_avg:31.13ms
step:94/1480 train_time:2929ms step_avg:31.16ms
step:95/1480 train_time:2958ms step_avg:31.14ms
step:96/1480 train_time:2992ms step_avg:31.16ms
step:97/1480 train_time:3020ms step_avg:31.14ms
step:98/1480 train_time:3054ms step_avg:31.16ms
step:99/1480 train_time:3082ms step_avg:31.13ms
step:100/1480 train_time:3117ms step_avg:31.17ms
step:101/1480 train_time:3144ms step_avg:31.13ms
step:102/1480 train_time:3179ms step_avg:31.16ms
step:103/1480 train_time:3207ms step_avg:31.13ms
step:104/1480 train_time:3241ms step_avg:31.16ms
step:105/1480 train_time:3269ms step_avg:31.13ms
step:106/1480 train_time:3303ms step_avg:31.16ms
step:107/1480 train_time:3331ms step_avg:31.13ms
step:108/1480 train_time:3364ms step_avg:31.15ms
step:109/1480 train_time:3392ms step_avg:31.12ms
step:110/1480 train_time:3426ms step_avg:31.15ms
step:111/1480 train_time:3455ms step_avg:31.12ms
step:112/1480 train_time:3488ms step_avg:31.15ms
step:113/1480 train_time:3517ms step_avg:31.12ms
step:114/1480 train_time:3550ms step_avg:31.14ms
step:115/1480 train_time:3579ms step_avg:31.12ms
step:116/1480 train_time:3612ms step_avg:31.14ms
step:117/1480 train_time:3640ms step_avg:31.11ms
step:118/1480 train_time:3674ms step_avg:31.14ms
step:119/1480 train_time:3702ms step_avg:31.11ms
step:120/1480 train_time:3736ms step_avg:31.13ms
step:121/1480 train_time:3764ms step_avg:31.11ms
step:122/1480 train_time:3798ms step_avg:31.14ms
step:123/1480 train_time:3826ms step_avg:31.11ms
step:124/1480 train_time:3860ms step_avg:31.13ms
step:125/1480 train_time:3888ms step_avg:31.10ms
step:126/1480 train_time:3922ms step_avg:31.13ms
step:127/1480 train_time:3950ms step_avg:31.10ms
step:128/1480 train_time:3984ms step_avg:31.12ms
step:129/1480 train_time:4012ms step_avg:31.10ms
step:130/1480 train_time:4046ms step_avg:31.12ms
step:131/1480 train_time:4074ms step_avg:31.10ms
step:132/1480 train_time:4108ms step_avg:31.12ms
step:133/1480 train_time:4136ms step_avg:31.10ms
step:134/1480 train_time:4170ms step_avg:31.12ms
step:135/1480 train_time:4199ms step_avg:31.10ms
step:136/1480 train_time:4232ms step_avg:31.12ms
step:137/1480 train_time:4261ms step_avg:31.10ms
step:138/1480 train_time:4294ms step_avg:31.12ms
step:139/1480 train_time:4323ms step_avg:31.10ms
step:140/1480 train_time:4356ms step_avg:31.12ms
step:141/1480 train_time:4384ms step_avg:31.10ms
step:142/1480 train_time:4418ms step_avg:31.12ms
step:143/1480 train_time:4446ms step_avg:31.09ms
step:144/1480 train_time:4481ms step_avg:31.12ms
step:145/1480 train_time:4509ms step_avg:31.10ms
step:146/1480 train_time:4543ms step_avg:31.12ms
step:147/1480 train_time:4571ms step_avg:31.09ms
step:148/1480 train_time:4605ms step_avg:31.11ms
step:149/1480 train_time:4633ms step_avg:31.09ms
step:150/1480 train_time:4667ms step_avg:31.11ms
step:151/1480 train_time:4695ms step_avg:31.09ms
step:152/1480 train_time:4729ms step_avg:31.11ms
step:153/1480 train_time:4758ms step_avg:31.10ms
step:154/1480 train_time:4791ms step_avg:31.11ms
step:155/1480 train_time:4820ms step_avg:31.10ms
step:156/1480 train_time:4853ms step_avg:31.11ms
step:157/1480 train_time:4881ms step_avg:31.09ms
step:158/1480 train_time:4915ms step_avg:31.11ms
step:159/1480 train_time:4943ms step_avg:31.09ms
step:160/1480 train_time:4977ms step_avg:31.11ms
step:161/1480 train_time:5005ms step_avg:31.09ms
step:162/1480 train_time:5039ms step_avg:31.10ms
step:163/1480 train_time:5067ms step_avg:31.08ms
step:164/1480 train_time:5101ms step_avg:31.10ms
step:165/1480 train_time:5129ms step_avg:31.08ms
step:166/1480 train_time:5163ms step_avg:31.10ms
step:167/1480 train_time:5191ms step_avg:31.08ms
step:168/1480 train_time:5225ms step_avg:31.10ms
step:169/1480 train_time:5253ms step_avg:31.08ms
step:170/1480 train_time:5287ms step_avg:31.10ms
step:171/1480 train_time:5315ms step_avg:31.08ms
step:172/1480 train_time:5349ms step_avg:31.10ms
step:173/1480 train_time:5378ms step_avg:31.09ms
step:174/1480 train_time:5411ms step_avg:31.10ms
step:175/1480 train_time:5440ms step_avg:31.08ms
step:176/1480 train_time:5473ms step_avg:31.10ms
step:177/1480 train_time:5501ms step_avg:31.08ms
step:178/1480 train_time:5535ms step_avg:31.10ms
step:179/1480 train_time:5563ms step_avg:31.08ms
step:180/1480 train_time:5597ms step_avg:31.10ms
step:181/1480 train_time:5625ms step_avg:31.08ms
step:182/1480 train_time:5660ms step_avg:31.10ms
step:183/1480 train_time:5688ms step_avg:31.08ms
step:184/1480 train_time:5722ms step_avg:31.10ms
step:185/1480 train_time:5750ms step_avg:31.08ms
step:186/1480 train_time:5783ms step_avg:31.09ms
step:187/1480 train_time:5811ms step_avg:31.08ms
step:188/1480 train_time:5845ms step_avg:31.09ms
step:189/1480 train_time:5873ms step_avg:31.08ms
step:190/1480 train_time:5907ms step_avg:31.09ms
step:191/1480 train_time:5936ms step_avg:31.08ms
step:192/1480 train_time:5969ms step_avg:31.09ms
step:193/1480 train_time:5998ms step_avg:31.08ms
step:194/1480 train_time:6031ms step_avg:31.09ms
step:195/1480 train_time:6060ms step_avg:31.08ms
step:196/1480 train_time:6093ms step_avg:31.09ms
step:197/1480 train_time:6122ms step_avg:31.08ms
step:198/1480 train_time:6156ms step_avg:31.09ms
step:199/1480 train_time:6183ms step_avg:31.07ms
step:200/1480 train_time:6218ms step_avg:31.09ms
step:201/1480 train_time:6245ms step_avg:31.07ms
step:202/1480 train_time:6279ms step_avg:31.08ms
step:203/1480 train_time:6307ms step_avg:31.07ms
step:204/1480 train_time:6341ms step_avg:31.08ms
step:205/1480 train_time:6369ms step_avg:31.07ms
step:206/1480 train_time:6403ms step_avg:31.08ms
step:207/1480 train_time:6431ms step_avg:31.07ms
step:208/1480 train_time:6464ms step_avg:31.08ms
step:209/1480 train_time:6493ms step_avg:31.07ms
step:210/1480 train_time:6527ms step_avg:31.08ms
step:211/1480 train_time:6555ms step_avg:31.07ms
step:212/1480 train_time:6589ms step_avg:31.08ms
step:213/1480 train_time:6618ms step_avg:31.07ms
step:214/1480 train_time:6651ms step_avg:31.08ms
step:215/1480 train_time:6680ms step_avg:31.07ms
step:216/1480 train_time:6713ms step_avg:31.08ms
step:217/1480 train_time:6741ms step_avg:31.07ms
step:218/1480 train_time:6775ms step_avg:31.08ms
step:219/1480 train_time:6803ms step_avg:31.06ms
step:220/1480 train_time:6837ms step_avg:31.08ms
step:221/1480 train_time:6865ms step_avg:31.06ms
step:222/1480 train_time:6899ms step_avg:31.08ms
step:223/1480 train_time:6927ms step_avg:31.06ms
step:224/1480 train_time:6961ms step_avg:31.08ms
step:225/1480 train_time:6989ms step_avg:31.06ms
step:226/1480 train_time:7023ms step_avg:31.08ms
step:227/1480 train_time:7051ms step_avg:31.06ms
step:228/1480 train_time:7085ms step_avg:31.07ms
step:229/1480 train_time:7113ms step_avg:31.06ms
step:230/1480 train_time:7147ms step_avg:31.07ms
step:231/1480 train_time:7175ms step_avg:31.06ms
step:232/1480 train_time:7208ms step_avg:31.07ms
step:233/1480 train_time:7237ms step_avg:31.06ms
step:234/1480 train_time:7270ms step_avg:31.07ms
step:235/1480 train_time:7298ms step_avg:31.06ms
step:236/1480 train_time:7332ms step_avg:31.07ms
step:237/1480 train_time:7360ms step_avg:31.06ms
step:238/1480 train_time:7394ms step_avg:31.07ms
step:239/1480 train_time:7422ms step_avg:31.05ms
step:240/1480 train_time:7455ms step_avg:31.06ms
step:241/1480 train_time:7483ms step_avg:31.05ms
step:242/1480 train_time:7517ms step_avg:31.06ms
step:243/1480 train_time:7545ms step_avg:31.05ms
step:244/1480 train_time:7579ms step_avg:31.06ms
step:245/1480 train_time:7607ms step_avg:31.05ms
step:246/1480 train_time:7641ms step_avg:31.06ms
step:247/1480 train_time:7669ms step_avg:31.05ms
step:248/1480 train_time:7703ms step_avg:31.06ms
step:249/1480 train_time:7731ms step_avg:31.05ms
step:250/1480 train_time:7765ms step_avg:31.06ms
step:250/1480 val_loss:4.5038 train_time:7803ms step_avg:31.21ms
step:251/1480 train_time:7817ms step_avg:31.14ms
step:252/1480 train_time:7833ms step_avg:31.08ms
step:253/1480 train_time:7857ms step_avg:31.06ms
step:254/1480 train_time:7892ms step_avg:31.07ms
step:255/1480 train_time:7922ms step_avg:31.07ms
step:256/1480 train_time:7956ms step_avg:31.08ms
step:257/1480 train_time:7985ms step_avg:31.07ms
step:258/1480 train_time:8019ms step_avg:31.08ms
step:259/1480 train_time:8047ms step_avg:31.07ms
step:260/1480 train_time:8081ms step_avg:31.08ms
step:261/1480 train_time:8110ms step_avg:31.07ms
step:262/1480 train_time:8143ms step_avg:31.08ms
step:263/1480 train_time:8172ms step_avg:31.07ms
step:264/1480 train_time:8205ms step_avg:31.08ms
step:265/1480 train_time:8233ms step_avg:31.07ms
step:266/1480 train_time:8267ms step_avg:31.08ms
step:267/1480 train_time:8295ms step_avg:31.07ms
step:268/1480 train_time:8329ms step_avg:31.08ms
step:269/1480 train_time:8356ms step_avg:31.06ms
step:270/1480 train_time:8390ms step_avg:31.07ms
step:271/1480 train_time:8418ms step_avg:31.06ms
step:272/1480 train_time:8452ms step_avg:31.07ms
step:273/1480 train_time:8480ms step_avg:31.06ms
step:274/1480 train_time:8513ms step_avg:31.07ms
step:275/1480 train_time:8541ms step_avg:31.06ms
step:276/1480 train_time:8575ms step_avg:31.07ms
step:277/1480 train_time:8603ms step_avg:31.06ms
step:278/1480 train_time:8637ms step_avg:31.07ms
step:279/1480 train_time:8665ms step_avg:31.06ms
step:280/1480 train_time:8699ms step_avg:31.07ms
step:281/1480 train_time:8727ms step_avg:31.06ms
step:282/1480 train_time:8760ms step_avg:31.06ms
step:283/1480 train_time:8788ms step_avg:31.05ms
step:284/1480 train_time:8822ms step_avg:31.06ms
step:285/1480 train_time:8850ms step_avg:31.05ms
step:286/1480 train_time:8884ms step_avg:31.06ms
step:287/1480 train_time:8913ms step_avg:31.06ms
step:288/1480 train_time:8947ms step_avg:31.07ms
step:289/1480 train_time:8976ms step_avg:31.06ms
step:290/1480 train_time:9010ms step_avg:31.07ms
step:291/1480 train_time:9038ms step_avg:31.06ms
step:292/1480 train_time:9072ms step_avg:31.07ms
step:293/1480 train_time:9100ms step_avg:31.06ms
step:294/1480 train_time:9134ms step_avg:31.07ms
step:295/1480 train_time:9163ms step_avg:31.06ms
step:296/1480 train_time:9196ms step_avg:31.07ms
step:297/1480 train_time:9225ms step_avg:31.06ms
step:298/1480 train_time:9258ms step_avg:31.07ms
step:299/1480 train_time:9286ms step_avg:31.06ms
step:300/1480 train_time:9320ms step_avg:31.07ms
step:301/1480 train_time:9349ms step_avg:31.06ms
step:302/1480 train_time:9382ms step_avg:31.07ms
step:303/1480 train_time:9410ms step_avg:31.06ms
step:304/1480 train_time:9444ms step_avg:31.07ms
step:305/1480 train_time:9472ms step_avg:31.05ms
step:306/1480 train_time:9505ms step_avg:31.06ms
step:307/1480 train_time:9533ms step_avg:31.05ms
step:308/1480 train_time:9567ms step_avg:31.06ms
step:309/1480 train_time:9595ms step_avg:31.05ms
step:310/1480 train_time:9629ms step_avg:31.06ms
step:311/1480 train_time:9657ms step_avg:31.05ms
step:312/1480 train_time:9691ms step_avg:31.06ms
step:313/1480 train_time:9719ms step_avg:31.05ms
step:314/1480 train_time:9752ms step_avg:31.06ms
step:315/1480 train_time:9780ms step_avg:31.05ms
step:316/1480 train_time:9814ms step_avg:31.06ms
step:317/1480 train_time:9843ms step_avg:31.05ms
step:318/1480 train_time:9876ms step_avg:31.06ms
step:319/1480 train_time:9905ms step_avg:31.05ms
step:320/1480 train_time:9939ms step_avg:31.06ms
step:321/1480 train_time:9967ms step_avg:31.05ms
step:322/1480 train_time:10001ms step_avg:31.06ms
step:323/1480 train_time:10029ms step_avg:31.05ms
step:324/1480 train_time:10063ms step_avg:31.06ms
step:325/1480 train_time:10091ms step_avg:31.05ms
step:326/1480 train_time:10125ms step_avg:31.06ms
step:327/1480 train_time:10153ms step_avg:31.05ms
step:328/1480 train_time:10187ms step_avg:31.06ms
step:329/1480 train_time:10215ms step_avg:31.05ms
step:330/1480 train_time:10249ms step_avg:31.06ms
step:331/1480 train_time:10277ms step_avg:31.05ms
step:332/1480 train_time:10311ms step_avg:31.06ms
step:333/1480 train_time:10339ms step_avg:31.05ms
step:334/1480 train_time:10373ms step_avg:31.06ms
step:335/1480 train_time:10401ms step_avg:31.05ms
step:336/1480 train_time:10435ms step_avg:31.06ms
step:337/1480 train_time:10463ms step_avg:31.05ms
step:338/1480 train_time:10497ms step_avg:31.06ms
step:339/1480 train_time:10525ms step_avg:31.05ms
step:340/1480 train_time:10559ms step_avg:31.06ms
step:341/1480 train_time:10587ms step_avg:31.05ms
step:342/1480 train_time:10621ms step_avg:31.06ms
step:343/1480 train_time:10649ms step_avg:31.05ms
step:344/1480 train_time:10683ms step_avg:31.06ms
step:345/1480 train_time:10711ms step_avg:31.05ms
step:346/1480 train_time:10745ms step_avg:31.05ms
step:347/1480 train_time:10772ms step_avg:31.04ms
step:348/1480 train_time:10806ms step_avg:31.05ms
step:349/1480 train_time:10834ms step_avg:31.04ms
step:350/1480 train_time:10869ms step_avg:31.05ms
step:351/1480 train_time:10897ms step_avg:31.05ms
step:352/1480 train_time:10931ms step_avg:31.05ms
step:353/1480 train_time:10959ms step_avg:31.05ms
step:354/1480 train_time:10993ms step_avg:31.05ms
step:355/1480 train_time:11020ms step_avg:31.04ms
step:356/1480 train_time:11054ms step_avg:31.05ms
step:357/1480 train_time:11083ms step_avg:31.04ms
step:358/1480 train_time:11117ms step_avg:31.05ms
step:359/1480 train_time:11145ms step_avg:31.05ms
step:360/1480 train_time:11179ms step_avg:31.05ms
step:361/1480 train_time:11207ms step_avg:31.05ms
step:362/1480 train_time:11241ms step_avg:31.05ms
step:363/1480 train_time:11269ms step_avg:31.05ms
step:364/1480 train_time:11303ms step_avg:31.05ms
step:365/1480 train_time:11331ms step_avg:31.04ms
step:366/1480 train_time:11365ms step_avg:31.05ms
step:367/1480 train_time:11393ms step_avg:31.04ms
step:368/1480 train_time:11427ms step_avg:31.05ms
step:369/1480 train_time:11455ms step_avg:31.04ms
step:370/1480 train_time:11489ms step_avg:31.05ms
step:371/1480 train_time:11517ms step_avg:31.04ms
step:372/1480 train_time:11551ms step_avg:31.05ms
step:373/1480 train_time:11579ms step_avg:31.04ms
step:374/1480 train_time:11613ms step_avg:31.05ms
step:375/1480 train_time:11640ms step_avg:31.04ms
step:376/1480 train_time:11674ms step_avg:31.05ms
step:377/1480 train_time:11703ms step_avg:31.04ms
step:378/1480 train_time:11736ms step_avg:31.05ms
step:379/1480 train_time:11765ms step_avg:31.04ms
step:380/1480 train_time:11799ms step_avg:31.05ms
step:381/1480 train_time:11827ms step_avg:31.04ms
step:382/1480 train_time:11861ms step_avg:31.05ms
step:383/1480 train_time:11889ms step_avg:31.04ms
step:384/1480 train_time:11922ms step_avg:31.05ms
step:385/1480 train_time:11950ms step_avg:31.04ms
step:386/1480 train_time:11984ms step_avg:31.05ms
step:387/1480 train_time:12012ms step_avg:31.04ms
step:388/1480 train_time:12046ms step_avg:31.05ms
step:389/1480 train_time:12074ms step_avg:31.04ms
step:390/1480 train_time:12108ms step_avg:31.05ms
step:391/1480 train_time:12136ms step_avg:31.04ms
step:392/1480 train_time:12170ms step_avg:31.05ms
step:393/1480 train_time:12198ms step_avg:31.04ms
step:394/1480 train_time:12232ms step_avg:31.05ms
step:395/1480 train_time:12260ms step_avg:31.04ms
step:396/1480 train_time:12294ms step_avg:31.05ms
step:397/1480 train_time:12322ms step_avg:31.04ms
step:398/1480 train_time:12356ms step_avg:31.05ms
step:399/1480 train_time:12384ms step_avg:31.04ms
step:400/1480 train_time:12418ms step_avg:31.04ms
step:401/1480 train_time:12446ms step_avg:31.04ms
step:402/1480 train_time:12480ms step_avg:31.04ms
step:403/1480 train_time:12508ms step_avg:31.04ms
step:404/1480 train_time:12542ms step_avg:31.04ms
step:405/1480 train_time:12570ms step_avg:31.04ms
step:406/1480 train_time:12604ms step_avg:31.04ms
step:407/1480 train_time:12632ms step_avg:31.04ms
step:408/1480 train_time:12665ms step_avg:31.04ms
step:409/1480 train_time:12693ms step_avg:31.03ms
step:410/1480 train_time:12727ms step_avg:31.04ms
step:411/1480 train_time:12755ms step_avg:31.03ms
step:412/1480 train_time:12789ms step_avg:31.04ms
step:413/1480 train_time:12817ms step_avg:31.03ms
step:414/1480 train_time:12851ms step_avg:31.04ms
step:415/1480 train_time:12879ms step_avg:31.03ms
step:416/1480 train_time:12913ms step_avg:31.04ms
step:417/1480 train_time:12941ms step_avg:31.03ms
step:418/1480 train_time:12975ms step_avg:31.04ms
step:419/1480 train_time:13004ms step_avg:31.03ms
step:420/1480 train_time:13037ms step_avg:31.04ms
step:421/1480 train_time:13065ms step_avg:31.03ms
step:422/1480 train_time:13099ms step_avg:31.04ms
step:423/1480 train_time:13127ms step_avg:31.03ms
step:424/1480 train_time:13161ms step_avg:31.04ms
step:425/1480 train_time:13189ms step_avg:31.03ms
step:426/1480 train_time:13223ms step_avg:31.04ms
step:427/1480 train_time:13251ms step_avg:31.03ms
step:428/1480 train_time:13285ms step_avg:31.04ms
step:429/1480 train_time:13313ms step_avg:31.03ms
step:430/1480 train_time:13347ms step_avg:31.04ms
step:431/1480 train_time:13375ms step_avg:31.03ms
step:432/1480 train_time:13409ms step_avg:31.04ms
step:433/1480 train_time:13437ms step_avg:31.03ms
step:434/1480 train_time:13471ms step_avg:31.04ms
step:435/1480 train_time:13499ms step_avg:31.03ms
step:436/1480 train_time:13532ms step_avg:31.04ms
step:437/1480 train_time:13560ms step_avg:31.03ms
step:438/1480 train_time:13594ms step_avg:31.04ms
step:439/1480 train_time:13622ms step_avg:31.03ms
step:440/1480 train_time:13656ms step_avg:31.04ms
step:441/1480 train_time:13684ms step_avg:31.03ms
step:442/1480 train_time:13718ms step_avg:31.04ms
step:443/1480 train_time:13746ms step_avg:31.03ms
step:444/1480 train_time:13780ms step_avg:31.04ms
step:445/1480 train_time:13808ms step_avg:31.03ms
step:446/1480 train_time:13842ms step_avg:31.03ms
step:447/1480 train_time:13870ms step_avg:31.03ms
step:448/1480 train_time:13904ms step_avg:31.04ms
step:449/1480 train_time:13932ms step_avg:31.03ms
step:450/1480 train_time:13966ms step_avg:31.04ms
step:451/1480 train_time:13994ms step_avg:31.03ms
step:452/1480 train_time:14027ms step_avg:31.03ms
step:453/1480 train_time:14055ms step_avg:31.03ms
step:454/1480 train_time:14089ms step_avg:31.03ms
step:455/1480 train_time:14117ms step_avg:31.03ms
step:456/1480 train_time:14151ms step_avg:31.03ms
step:457/1480 train_time:14179ms step_avg:31.03ms
step:458/1480 train_time:14213ms step_avg:31.03ms
step:459/1480 train_time:14241ms step_avg:31.03ms
step:460/1480 train_time:14275ms step_avg:31.03ms
step:461/1480 train_time:14304ms step_avg:31.03ms
step:462/1480 train_time:14338ms step_avg:31.03ms
step:463/1480 train_time:14366ms step_avg:31.03ms
step:464/1480 train_time:14400ms step_avg:31.03ms
step:465/1480 train_time:14428ms step_avg:31.03ms
step:466/1480 train_time:14461ms step_avg:31.03ms
step:467/1480 train_time:14489ms step_avg:31.03ms
step:468/1480 train_time:14523ms step_avg:31.03ms
step:469/1480 train_time:14551ms step_avg:31.03ms
step:470/1480 train_time:14585ms step_avg:31.03ms
step:471/1480 train_time:14613ms step_avg:31.02ms
step:472/1480 train_time:14647ms step_avg:31.03ms
step:473/1480 train_time:14675ms step_avg:31.02ms
step:474/1480 train_time:14709ms step_avg:31.03ms
step:475/1480 train_time:14737ms step_avg:31.02ms
step:476/1480 train_time:14771ms step_avg:31.03ms
step:477/1480 train_time:14799ms step_avg:31.02ms
step:478/1480 train_time:14833ms step_avg:31.03ms
step:479/1480 train_time:14861ms step_avg:31.02ms
step:480/1480 train_time:14894ms step_avg:31.03ms
step:481/1480 train_time:14924ms step_avg:31.03ms
step:482/1480 train_time:14985ms step_avg:31.09ms
step:483/1480 train_time:15039ms step_avg:31.14ms
step:484/1480 train_time:15098ms step_avg:31.19ms
step:485/1480 train_time:15151ms step_avg:31.24ms
step:486/1480 train_time:15209ms step_avg:31.30ms
step:487/1480 train_time:15262ms step_avg:31.34ms
step:488/1480 train_time:15321ms step_avg:31.40ms
step:489/1480 train_time:15375ms step_avg:31.44ms
step:490/1480 train_time:15434ms step_avg:31.50ms
step:491/1480 train_time:15488ms step_avg:31.54ms
step:492/1480 train_time:15547ms step_avg:31.60ms
step:493/1480 train_time:15601ms step_avg:31.64ms
step:494/1480 train_time:15660ms step_avg:31.70ms
step:495/1480 train_time:15714ms step_avg:31.75ms
step:496/1480 train_time:15772ms step_avg:31.80ms
step:497/1480 train_time:15825ms step_avg:31.84ms
step:498/1480 train_time:15884ms step_avg:31.89ms
step:499/1480 train_time:15937ms step_avg:31.94ms
step:500/1480 train_time:15996ms step_avg:31.99ms
step:500/1480 val_loss:4.2080 train_time:16058ms step_avg:32.12ms
step:501/1480 train_time:16073ms step_avg:32.08ms
step:502/1480 train_time:16109ms step_avg:32.09ms
step:503/1480 train_time:16165ms step_avg:32.14ms
step:504/1480 train_time:16225ms step_avg:32.19ms
step:505/1480 train_time:16278ms step_avg:32.23ms
step:506/1480 train_time:16338ms step_avg:32.29ms
step:507/1480 train_time:16390ms step_avg:32.33ms
step:508/1480 train_time:16449ms step_avg:32.38ms
step:509/1480 train_time:16502ms step_avg:32.42ms
step:510/1480 train_time:16561ms step_avg:32.47ms
step:511/1480 train_time:16614ms step_avg:32.51ms
step:512/1480 train_time:16672ms step_avg:32.56ms
step:513/1480 train_time:16725ms step_avg:32.60ms
step:514/1480 train_time:16783ms step_avg:32.65ms
step:515/1480 train_time:16837ms step_avg:32.69ms
step:516/1480 train_time:16896ms step_avg:32.75ms
step:517/1480 train_time:16950ms step_avg:32.79ms
step:518/1480 train_time:17008ms step_avg:32.83ms
step:519/1480 train_time:17063ms step_avg:32.88ms
step:520/1480 train_time:17123ms step_avg:32.93ms
step:521/1480 train_time:17177ms step_avg:32.97ms
step:522/1480 train_time:17237ms step_avg:33.02ms
step:523/1480 train_time:17290ms step_avg:33.06ms
step:524/1480 train_time:17350ms step_avg:33.11ms
step:525/1480 train_time:17403ms step_avg:33.15ms
step:526/1480 train_time:17462ms step_avg:33.20ms
step:527/1480 train_time:17515ms step_avg:33.23ms
step:528/1480 train_time:17574ms step_avg:33.28ms
step:529/1480 train_time:17626ms step_avg:33.32ms
step:530/1480 train_time:17684ms step_avg:33.37ms
step:531/1480 train_time:17738ms step_avg:33.40ms
step:532/1480 train_time:17796ms step_avg:33.45ms
step:533/1480 train_time:17850ms step_avg:33.49ms
step:534/1480 train_time:17908ms step_avg:33.54ms
step:535/1480 train_time:17962ms step_avg:33.57ms
step:536/1480 train_time:18021ms step_avg:33.62ms
step:537/1480 train_time:18076ms step_avg:33.66ms
step:538/1480 train_time:18136ms step_avg:33.71ms
step:539/1480 train_time:18190ms step_avg:33.75ms
step:540/1480 train_time:18249ms step_avg:33.79ms
step:541/1480 train_time:18303ms step_avg:33.83ms
step:542/1480 train_time:18362ms step_avg:33.88ms
step:543/1480 train_time:18415ms step_avg:33.91ms
step:544/1480 train_time:18474ms step_avg:33.96ms
step:545/1480 train_time:18527ms step_avg:34.00ms
step:546/1480 train_time:18586ms step_avg:34.04ms
step:547/1480 train_time:18639ms step_avg:34.08ms
step:548/1480 train_time:18698ms step_avg:34.12ms
step:549/1480 train_time:18751ms step_avg:34.15ms
step:550/1480 train_time:18810ms step_avg:34.20ms
step:551/1480 train_time:18863ms step_avg:34.23ms
step:552/1480 train_time:18922ms step_avg:34.28ms
step:553/1480 train_time:18975ms step_avg:34.31ms
step:554/1480 train_time:19034ms step_avg:34.36ms
step:555/1480 train_time:19087ms step_avg:34.39ms
step:556/1480 train_time:19145ms step_avg:34.43ms
step:557/1480 train_time:19199ms step_avg:34.47ms
step:558/1480 train_time:19259ms step_avg:34.51ms
step:559/1480 train_time:19312ms step_avg:34.55ms
step:560/1480 train_time:19372ms step_avg:34.59ms
step:561/1480 train_time:19425ms step_avg:34.63ms
step:562/1480 train_time:19484ms step_avg:34.67ms
step:563/1480 train_time:19538ms step_avg:34.70ms
step:564/1480 train_time:19597ms step_avg:34.75ms
step:565/1480 train_time:19650ms step_avg:34.78ms
step:566/1480 train_time:19709ms step_avg:34.82ms
step:567/1480 train_time:19762ms step_avg:34.85ms
step:568/1480 train_time:19821ms step_avg:34.90ms
step:569/1480 train_time:19874ms step_avg:34.93ms
step:570/1480 train_time:19934ms step_avg:34.97ms
step:571/1480 train_time:19987ms step_avg:35.00ms
step:572/1480 train_time:20046ms step_avg:35.05ms
step:573/1480 train_time:20099ms step_avg:35.08ms
step:574/1480 train_time:20158ms step_avg:35.12ms
step:575/1480 train_time:20212ms step_avg:35.15ms
step:576/1480 train_time:20271ms step_avg:35.19ms
step:577/1480 train_time:20325ms step_avg:35.22ms
step:578/1480 train_time:20384ms step_avg:35.27ms
step:579/1480 train_time:20438ms step_avg:35.30ms
step:580/1480 train_time:20496ms step_avg:35.34ms
step:581/1480 train_time:20550ms step_avg:35.37ms
step:582/1480 train_time:20610ms step_avg:35.41ms
step:583/1480 train_time:20663ms step_avg:35.44ms
step:584/1480 train_time:20721ms step_avg:35.48ms
step:585/1480 train_time:20775ms step_avg:35.51ms
step:586/1480 train_time:20834ms step_avg:35.55ms
step:587/1480 train_time:20888ms step_avg:35.58ms
step:588/1480 train_time:20947ms step_avg:35.62ms
step:589/1480 train_time:21001ms step_avg:35.65ms
step:590/1480 train_time:21060ms step_avg:35.69ms
step:591/1480 train_time:21113ms step_avg:35.72ms
step:592/1480 train_time:21172ms step_avg:35.76ms
step:593/1480 train_time:21225ms step_avg:35.79ms
step:594/1480 train_time:21284ms step_avg:35.83ms
step:595/1480 train_time:21338ms step_avg:35.86ms
step:596/1480 train_time:21397ms step_avg:35.90ms
step:597/1480 train_time:21450ms step_avg:35.93ms
step:598/1480 train_time:21509ms step_avg:35.97ms
step:599/1480 train_time:21563ms step_avg:36.00ms
step:600/1480 train_time:21621ms step_avg:36.04ms
step:601/1480 train_time:21674ms step_avg:36.06ms
step:602/1480 train_time:21734ms step_avg:36.10ms
step:603/1480 train_time:21787ms step_avg:36.13ms
step:604/1480 train_time:21847ms step_avg:36.17ms
step:605/1480 train_time:21899ms step_avg:36.20ms
step:606/1480 train_time:21958ms step_avg:36.23ms
step:607/1480 train_time:22012ms step_avg:36.26ms
step:608/1480 train_time:22071ms step_avg:36.30ms
step:609/1480 train_time:22124ms step_avg:36.33ms
step:610/1480 train_time:22183ms step_avg:36.37ms
step:611/1480 train_time:22238ms step_avg:36.40ms
step:612/1480 train_time:22296ms step_avg:36.43ms
step:613/1480 train_time:22350ms step_avg:36.46ms
step:614/1480 train_time:22408ms step_avg:36.50ms
step:615/1480 train_time:22463ms step_avg:36.52ms
step:616/1480 train_time:22522ms step_avg:36.56ms
step:617/1480 train_time:22575ms step_avg:36.59ms
step:618/1480 train_time:22635ms step_avg:36.63ms
step:619/1480 train_time:22688ms step_avg:36.65ms
step:620/1480 train_time:22747ms step_avg:36.69ms
step:621/1480 train_time:22800ms step_avg:36.72ms
step:622/1480 train_time:22860ms step_avg:36.75ms
step:623/1480 train_time:22914ms step_avg:36.78ms
step:624/1480 train_time:22973ms step_avg:36.82ms
step:625/1480 train_time:23026ms step_avg:36.84ms
step:626/1480 train_time:23084ms step_avg:36.88ms
step:627/1480 train_time:23138ms step_avg:36.90ms
step:628/1480 train_time:23197ms step_avg:36.94ms
step:629/1480 train_time:23250ms step_avg:36.96ms
step:630/1480 train_time:23309ms step_avg:37.00ms
step:631/1480 train_time:23362ms step_avg:37.02ms
step:632/1480 train_time:23421ms step_avg:37.06ms
step:633/1480 train_time:23474ms step_avg:37.08ms
step:634/1480 train_time:23535ms step_avg:37.12ms
step:635/1480 train_time:23589ms step_avg:37.15ms
step:636/1480 train_time:23648ms step_avg:37.18ms
step:637/1480 train_time:23702ms step_avg:37.21ms
step:638/1480 train_time:23761ms step_avg:37.24ms
step:639/1480 train_time:23814ms step_avg:37.27ms
step:640/1480 train_time:23874ms step_avg:37.30ms
step:641/1480 train_time:23927ms step_avg:37.33ms
step:642/1480 train_time:23985ms step_avg:37.36ms
step:643/1480 train_time:24039ms step_avg:37.39ms
step:644/1480 train_time:24097ms step_avg:37.42ms
step:645/1480 train_time:24150ms step_avg:37.44ms
step:646/1480 train_time:24209ms step_avg:37.48ms
step:647/1480 train_time:24262ms step_avg:37.50ms
step:648/1480 train_time:24321ms step_avg:37.53ms
step:649/1480 train_time:24375ms step_avg:37.56ms
step:650/1480 train_time:24435ms step_avg:37.59ms
step:651/1480 train_time:24489ms step_avg:37.62ms
step:652/1480 train_time:24548ms step_avg:37.65ms
step:653/1480 train_time:24601ms step_avg:37.67ms
step:654/1480 train_time:24659ms step_avg:37.71ms
step:655/1480 train_time:24713ms step_avg:37.73ms
step:656/1480 train_time:24772ms step_avg:37.76ms
step:657/1480 train_time:24825ms step_avg:37.79ms
step:658/1480 train_time:24884ms step_avg:37.82ms
step:659/1480 train_time:24938ms step_avg:37.84ms
step:660/1480 train_time:24996ms step_avg:37.87ms
step:661/1480 train_time:25050ms step_avg:37.90ms
step:662/1480 train_time:25109ms step_avg:37.93ms
step:663/1480 train_time:25162ms step_avg:37.95ms
step:664/1480 train_time:25221ms step_avg:37.98ms
step:665/1480 train_time:25274ms step_avg:38.01ms
step:666/1480 train_time:25333ms step_avg:38.04ms
step:667/1480 train_time:25386ms step_avg:38.06ms
step:668/1480 train_time:25444ms step_avg:38.09ms
step:669/1480 train_time:25498ms step_avg:38.11ms
step:670/1480 train_time:25558ms step_avg:38.15ms
step:671/1480 train_time:25611ms step_avg:38.17ms
step:672/1480 train_time:25671ms step_avg:38.20ms
step:673/1480 train_time:25724ms step_avg:38.22ms
step:674/1480 train_time:25782ms step_avg:38.25ms
step:675/1480 train_time:25837ms step_avg:38.28ms
step:676/1480 train_time:25896ms step_avg:38.31ms
step:677/1480 train_time:25949ms step_avg:38.33ms
step:678/1480 train_time:26007ms step_avg:38.36ms
step:679/1480 train_time:26061ms step_avg:38.38ms
step:680/1480 train_time:26119ms step_avg:38.41ms
step:681/1480 train_time:26174ms step_avg:38.43ms
step:682/1480 train_time:26233ms step_avg:38.46ms
step:683/1480 train_time:26286ms step_avg:38.49ms
step:684/1480 train_time:26345ms step_avg:38.52ms
step:685/1480 train_time:26398ms step_avg:38.54ms
step:686/1480 train_time:26457ms step_avg:38.57ms
step:687/1480 train_time:26510ms step_avg:38.59ms
step:688/1480 train_time:26569ms step_avg:38.62ms
step:689/1480 train_time:26621ms step_avg:38.64ms
step:690/1480 train_time:26681ms step_avg:38.67ms
step:691/1480 train_time:26735ms step_avg:38.69ms
step:692/1480 train_time:26794ms step_avg:38.72ms
step:693/1480 train_time:26848ms step_avg:38.74ms
step:694/1480 train_time:26906ms step_avg:38.77ms
step:695/1480 train_time:26959ms step_avg:38.79ms
step:696/1480 train_time:27018ms step_avg:38.82ms
step:697/1480 train_time:27071ms step_avg:38.84ms
step:698/1480 train_time:27132ms step_avg:38.87ms
step:699/1480 train_time:27185ms step_avg:38.89ms
step:700/1480 train_time:27244ms step_avg:38.92ms
step:701/1480 train_time:27297ms step_avg:38.94ms
step:702/1480 train_time:27356ms step_avg:38.97ms
step:703/1480 train_time:27410ms step_avg:38.99ms
step:704/1480 train_time:27469ms step_avg:39.02ms
step:705/1480 train_time:27522ms step_avg:39.04ms
step:706/1480 train_time:27581ms step_avg:39.07ms
step:707/1480 train_time:27635ms step_avg:39.09ms
step:708/1480 train_time:27693ms step_avg:39.12ms
step:709/1480 train_time:27747ms step_avg:39.14ms
step:710/1480 train_time:27805ms step_avg:39.16ms
step:711/1480 train_time:27860ms step_avg:39.18ms
step:712/1480 train_time:27918ms step_avg:39.21ms
step:713/1480 train_time:27972ms step_avg:39.23ms
step:714/1480 train_time:28031ms step_avg:39.26ms
step:715/1480 train_time:28084ms step_avg:39.28ms
step:716/1480 train_time:28143ms step_avg:39.31ms
step:717/1480 train_time:28197ms step_avg:39.33ms
step:718/1480 train_time:28256ms step_avg:39.35ms
step:719/1480 train_time:28309ms step_avg:39.37ms
step:720/1480 train_time:28368ms step_avg:39.40ms
step:721/1480 train_time:28421ms step_avg:39.42ms
step:722/1480 train_time:28479ms step_avg:39.45ms
step:723/1480 train_time:28533ms step_avg:39.46ms
step:724/1480 train_time:28592ms step_avg:39.49ms
step:725/1480 train_time:28646ms step_avg:39.51ms
step:726/1480 train_time:28704ms step_avg:39.54ms
step:727/1480 train_time:28759ms step_avg:39.56ms
step:728/1480 train_time:28818ms step_avg:39.59ms
step:729/1480 train_time:28871ms step_avg:39.60ms
step:730/1480 train_time:28931ms step_avg:39.63ms
step:731/1480 train_time:28984ms step_avg:39.65ms
step:732/1480 train_time:29043ms step_avg:39.68ms
step:733/1480 train_time:29096ms step_avg:39.69ms
step:734/1480 train_time:29156ms step_avg:39.72ms
step:735/1480 train_time:29209ms step_avg:39.74ms
step:736/1480 train_time:29268ms step_avg:39.77ms
step:737/1480 train_time:29320ms step_avg:39.78ms
step:738/1480 train_time:29379ms step_avg:39.81ms
step:739/1480 train_time:29434ms step_avg:39.83ms
step:740/1480 train_time:29493ms step_avg:39.85ms
step:741/1480 train_time:29546ms step_avg:39.87ms
step:742/1480 train_time:29604ms step_avg:39.90ms
step:743/1480 train_time:29659ms step_avg:39.92ms
step:744/1480 train_time:29717ms step_avg:39.94ms
step:745/1480 train_time:29770ms step_avg:39.96ms
step:746/1480 train_time:29830ms step_avg:39.99ms
step:747/1480 train_time:29883ms step_avg:40.00ms
step:748/1480 train_time:29942ms step_avg:40.03ms
step:749/1480 train_time:29996ms step_avg:40.05ms
step:750/1480 train_time:30055ms step_avg:40.07ms
step:750/1480 val_loss:3.7998 train_time:30118ms step_avg:40.16ms
step:751/1480 train_time:30135ms step_avg:40.13ms
step:752/1480 train_time:30171ms step_avg:40.12ms
step:753/1480 train_time:30227ms step_avg:40.14ms
step:754/1480 train_time:30288ms step_avg:40.17ms
step:755/1480 train_time:30342ms step_avg:40.19ms
step:756/1480 train_time:30400ms step_avg:40.21ms
step:757/1480 train_time:30453ms step_avg:40.23ms
step:758/1480 train_time:30511ms step_avg:40.25ms
step:759/1480 train_time:30565ms step_avg:40.27ms
step:760/1480 train_time:30623ms step_avg:40.29ms
step:761/1480 train_time:30676ms step_avg:40.31ms
step:762/1480 train_time:30734ms step_avg:40.33ms
step:763/1480 train_time:30787ms step_avg:40.35ms
step:764/1480 train_time:30845ms step_avg:40.37ms
step:765/1480 train_time:30898ms step_avg:40.39ms
step:766/1480 train_time:30956ms step_avg:40.41ms
step:767/1480 train_time:31010ms step_avg:40.43ms
step:768/1480 train_time:31071ms step_avg:40.46ms
step:769/1480 train_time:31125ms step_avg:40.47ms
step:770/1480 train_time:31185ms step_avg:40.50ms
step:771/1480 train_time:31241ms step_avg:40.52ms
step:772/1480 train_time:31300ms step_avg:40.54ms
step:773/1480 train_time:31354ms step_avg:40.56ms
step:774/1480 train_time:31412ms step_avg:40.58ms
step:775/1480 train_time:31465ms step_avg:40.60ms
step:776/1480 train_time:31524ms step_avg:40.62ms
step:777/1480 train_time:31577ms step_avg:40.64ms
step:778/1480 train_time:31635ms step_avg:40.66ms
step:779/1480 train_time:31688ms step_avg:40.68ms
step:780/1480 train_time:31747ms step_avg:40.70ms
step:781/1480 train_time:31800ms step_avg:40.72ms
step:782/1480 train_time:31857ms step_avg:40.74ms
step:783/1480 train_time:31910ms step_avg:40.75ms
step:784/1480 train_time:31970ms step_avg:40.78ms
step:785/1480 train_time:32023ms step_avg:40.79ms
step:786/1480 train_time:32083ms step_avg:40.82ms
step:787/1480 train_time:32136ms step_avg:40.83ms
step:788/1480 train_time:32196ms step_avg:40.86ms
step:789/1480 train_time:32251ms step_avg:40.88ms
step:790/1480 train_time:32311ms step_avg:40.90ms
step:791/1480 train_time:32366ms step_avg:40.92ms
step:792/1480 train_time:32425ms step_avg:40.94ms
step:793/1480 train_time:32479ms step_avg:40.96ms
step:794/1480 train_time:32537ms step_avg:40.98ms
step:795/1480 train_time:32590ms step_avg:40.99ms
step:796/1480 train_time:32649ms step_avg:41.02ms
step:797/1480 train_time:32701ms step_avg:41.03ms
step:798/1480 train_time:32760ms step_avg:41.05ms
step:799/1480 train_time:32812ms step_avg:41.07ms
step:800/1480 train_time:32871ms step_avg:41.09ms
step:801/1480 train_time:32924ms step_avg:41.10ms
step:802/1480 train_time:32983ms step_avg:41.13ms
step:803/1480 train_time:33036ms step_avg:41.14ms
step:804/1480 train_time:33096ms step_avg:41.16ms
step:805/1480 train_time:33149ms step_avg:41.18ms
step:806/1480 train_time:33210ms step_avg:41.20ms
step:807/1480 train_time:33264ms step_avg:41.22ms
step:808/1480 train_time:33323ms step_avg:41.24ms
step:809/1480 train_time:33376ms step_avg:41.26ms
step:810/1480 train_time:33435ms step_avg:41.28ms
step:811/1480 train_time:33489ms step_avg:41.29ms
step:812/1480 train_time:33548ms step_avg:41.32ms
step:813/1480 train_time:33601ms step_avg:41.33ms
step:814/1480 train_time:33660ms step_avg:41.35ms
step:815/1480 train_time:33713ms step_avg:41.37ms
step:816/1480 train_time:33772ms step_avg:41.39ms
step:817/1480 train_time:33825ms step_avg:41.40ms
step:818/1480 train_time:33883ms step_avg:41.42ms
step:819/1480 train_time:33937ms step_avg:41.44ms
step:820/1480 train_time:33995ms step_avg:41.46ms
step:821/1480 train_time:34048ms step_avg:41.47ms
step:822/1480 train_time:34108ms step_avg:41.49ms
step:823/1480 train_time:34161ms step_avg:41.51ms
step:824/1480 train_time:34220ms step_avg:41.53ms
step:825/1480 train_time:34274ms step_avg:41.54ms
step:826/1480 train_time:34333ms step_avg:41.57ms
step:827/1480 train_time:34387ms step_avg:41.58ms
step:828/1480 train_time:34446ms step_avg:41.60ms
step:829/1480 train_time:34500ms step_avg:41.62ms
step:830/1480 train_time:34559ms step_avg:41.64ms
step:831/1480 train_time:34612ms step_avg:41.65ms
step:832/1480 train_time:34672ms step_avg:41.67ms
step:833/1480 train_time:34725ms step_avg:41.69ms
step:834/1480 train_time:34783ms step_avg:41.71ms
step:835/1480 train_time:34835ms step_avg:41.72ms
step:836/1480 train_time:34895ms step_avg:41.74ms
step:837/1480 train_time:34948ms step_avg:41.75ms
step:838/1480 train_time:35006ms step_avg:41.77ms
step:839/1480 train_time:35061ms step_avg:41.79ms
step:840/1480 train_time:35120ms step_avg:41.81ms
step:841/1480 train_time:35173ms step_avg:41.82ms
step:842/1480 train_time:35231ms step_avg:41.84ms
step:843/1480 train_time:35285ms step_avg:41.86ms
step:844/1480 train_time:35345ms step_avg:41.88ms
step:845/1480 train_time:35399ms step_avg:41.89ms
step:846/1480 train_time:35457ms step_avg:41.91ms
step:847/1480 train_time:35511ms step_avg:41.93ms
step:848/1480 train_time:35571ms step_avg:41.95ms
step:849/1480 train_time:35624ms step_avg:41.96ms
step:850/1480 train_time:35683ms step_avg:41.98ms
step:851/1480 train_time:35736ms step_avg:41.99ms
step:852/1480 train_time:35795ms step_avg:42.01ms
step:853/1480 train_time:35848ms step_avg:42.03ms
step:854/1480 train_time:35907ms step_avg:42.05ms
step:855/1480 train_time:35960ms step_avg:42.06ms
step:856/1480 train_time:36018ms step_avg:42.08ms
step:857/1480 train_time:36072ms step_avg:42.09ms
step:858/1480 train_time:36131ms step_avg:42.11ms
step:859/1480 train_time:36184ms step_avg:42.12ms
step:860/1480 train_time:36243ms step_avg:42.14ms
step:861/1480 train_time:36297ms step_avg:42.16ms
step:862/1480 train_time:36355ms step_avg:42.18ms
step:863/1480 train_time:36409ms step_avg:42.19ms
step:864/1480 train_time:36469ms step_avg:42.21ms
step:865/1480 train_time:36522ms step_avg:42.22ms
step:866/1480 train_time:36581ms step_avg:42.24ms
step:867/1480 train_time:36635ms step_avg:42.25ms
step:868/1480 train_time:36694ms step_avg:42.27ms
step:869/1480 train_time:36747ms step_avg:42.29ms
step:870/1480 train_time:36806ms step_avg:42.31ms
step:871/1480 train_time:36859ms step_avg:42.32ms
step:872/1480 train_time:36917ms step_avg:42.34ms
step:873/1480 train_time:36971ms step_avg:42.35ms
step:874/1480 train_time:37030ms step_avg:42.37ms
step:875/1480 train_time:37083ms step_avg:42.38ms
step:876/1480 train_time:37142ms step_avg:42.40ms
step:877/1480 train_time:37196ms step_avg:42.41ms
step:878/1480 train_time:37255ms step_avg:42.43ms
step:879/1480 train_time:37309ms step_avg:42.44ms
step:880/1480 train_time:37368ms step_avg:42.46ms
step:881/1480 train_time:37422ms step_avg:42.48ms
step:882/1480 train_time:37480ms step_avg:42.49ms
step:883/1480 train_time:37533ms step_avg:42.51ms
step:884/1480 train_time:37592ms step_avg:42.53ms
step:885/1480 train_time:37645ms step_avg:42.54ms
step:886/1480 train_time:37704ms step_avg:42.56ms
step:887/1480 train_time:37758ms step_avg:42.57ms
step:888/1480 train_time:37816ms step_avg:42.59ms
step:889/1480 train_time:37870ms step_avg:42.60ms
step:890/1480 train_time:37929ms step_avg:42.62ms
step:891/1480 train_time:37982ms step_avg:42.63ms
step:892/1480 train_time:38041ms step_avg:42.65ms
step:893/1480 train_time:38094ms step_avg:42.66ms
step:894/1480 train_time:38152ms step_avg:42.68ms
step:895/1480 train_time:38206ms step_avg:42.69ms
step:896/1480 train_time:38266ms step_avg:42.71ms
step:897/1480 train_time:38319ms step_avg:42.72ms
step:898/1480 train_time:38377ms step_avg:42.74ms
step:899/1480 train_time:38431ms step_avg:42.75ms
step:900/1480 train_time:38491ms step_avg:42.77ms
step:901/1480 train_time:38544ms step_avg:42.78ms
step:902/1480 train_time:38603ms step_avg:42.80ms
step:903/1480 train_time:38656ms step_avg:42.81ms
step:904/1480 train_time:38714ms step_avg:42.83ms
step:905/1480 train_time:38769ms step_avg:42.84ms
step:906/1480 train_time:38828ms step_avg:42.86ms
step:907/1480 train_time:38881ms step_avg:42.87ms
step:908/1480 train_time:38940ms step_avg:42.89ms
step:909/1480 train_time:38994ms step_avg:42.90ms
step:910/1480 train_time:39053ms step_avg:42.92ms
step:911/1480 train_time:39106ms step_avg:42.93ms
step:912/1480 train_time:39166ms step_avg:42.94ms
step:913/1480 train_time:39219ms step_avg:42.96ms
step:914/1480 train_time:39278ms step_avg:42.97ms
step:915/1480 train_time:39332ms step_avg:42.99ms
step:916/1480 train_time:39390ms step_avg:43.00ms
step:917/1480 train_time:39444ms step_avg:43.01ms
step:918/1480 train_time:39502ms step_avg:43.03ms
step:919/1480 train_time:39555ms step_avg:43.04ms
step:920/1480 train_time:39614ms step_avg:43.06ms
step:921/1480 train_time:39669ms step_avg:43.07ms
step:922/1480 train_time:39728ms step_avg:43.09ms
step:923/1480 train_time:39782ms step_avg:43.10ms
step:924/1480 train_time:39841ms step_avg:43.12ms
step:925/1480 train_time:39894ms step_avg:43.13ms
step:926/1480 train_time:39952ms step_avg:43.14ms
step:927/1480 train_time:40006ms step_avg:43.16ms
step:928/1480 train_time:40065ms step_avg:43.17ms
step:929/1480 train_time:40118ms step_avg:43.18ms
step:930/1480 train_time:40177ms step_avg:43.20ms
step:931/1480 train_time:40231ms step_avg:43.21ms
step:932/1480 train_time:40290ms step_avg:43.23ms
step:933/1480 train_time:40343ms step_avg:43.24ms
step:934/1480 train_time:40403ms step_avg:43.26ms
step:935/1480 train_time:40456ms step_avg:43.27ms
step:936/1480 train_time:40515ms step_avg:43.28ms
step:937/1480 train_time:40569ms step_avg:43.30ms
step:938/1480 train_time:40628ms step_avg:43.31ms
step:939/1480 train_time:40681ms step_avg:43.32ms
step:940/1480 train_time:40740ms step_avg:43.34ms
step:941/1480 train_time:40794ms step_avg:43.35ms
step:942/1480 train_time:40852ms step_avg:43.37ms
step:943/1480 train_time:40906ms step_avg:43.38ms
step:944/1480 train_time:40966ms step_avg:43.40ms
step:945/1480 train_time:41020ms step_avg:43.41ms
step:946/1480 train_time:41078ms step_avg:43.42ms
step:947/1480 train_time:41133ms step_avg:43.43ms
step:948/1480 train_time:41191ms step_avg:43.45ms
step:949/1480 train_time:41245ms step_avg:43.46ms
step:950/1480 train_time:41304ms step_avg:43.48ms
step:951/1480 train_time:41357ms step_avg:43.49ms
step:952/1480 train_time:41416ms step_avg:43.50ms
step:953/1480 train_time:41470ms step_avg:43.52ms
step:954/1480 train_time:41530ms step_avg:43.53ms
step:955/1480 train_time:41583ms step_avg:43.54ms
step:956/1480 train_time:41642ms step_avg:43.56ms
step:957/1480 train_time:41695ms step_avg:43.57ms
step:958/1480 train_time:41754ms step_avg:43.58ms
step:959/1480 train_time:41808ms step_avg:43.60ms
step:960/1480 train_time:41867ms step_avg:43.61ms
step:961/1480 train_time:41921ms step_avg:43.62ms
step:962/1480 train_time:42009ms step_avg:43.67ms
step:963/1480 train_time:42089ms step_avg:43.71ms
step:964/1480 train_time:42175ms step_avg:43.75ms
step:965/1480 train_time:42252ms step_avg:43.78ms
step:966/1480 train_time:42338ms step_avg:43.83ms
step:967/1480 train_time:42417ms step_avg:43.86ms
step:968/1480 train_time:42502ms step_avg:43.91ms
step:969/1480 train_time:42581ms step_avg:43.94ms
step:970/1480 train_time:42666ms step_avg:43.99ms
step:971/1480 train_time:42746ms step_avg:44.02ms
step:972/1480 train_time:42831ms step_avg:44.07ms
step:973/1480 train_time:42911ms step_avg:44.10ms
step:974/1480 train_time:42996ms step_avg:44.14ms
step:975/1480 train_time:43075ms step_avg:44.18ms
step:976/1480 train_time:43159ms step_avg:44.22ms
step:977/1480 train_time:43239ms step_avg:44.26ms
step:978/1480 train_time:43324ms step_avg:44.30ms
step:979/1480 train_time:43404ms step_avg:44.33ms
step:980/1480 train_time:43488ms step_avg:44.38ms
step:981/1480 train_time:43567ms step_avg:44.41ms
step:982/1480 train_time:43651ms step_avg:44.45ms
step:983/1480 train_time:43730ms step_avg:44.49ms
step:984/1480 train_time:43816ms step_avg:44.53ms
step:985/1480 train_time:43896ms step_avg:44.56ms
step:986/1480 train_time:43979ms step_avg:44.60ms
step:987/1480 train_time:44058ms step_avg:44.64ms
step:988/1480 train_time:44145ms step_avg:44.68ms
step:989/1480 train_time:44225ms step_avg:44.72ms
step:990/1480 train_time:44309ms step_avg:44.76ms
step:991/1480 train_time:44389ms step_avg:44.79ms
step:992/1480 train_time:44473ms step_avg:44.83ms
step:993/1480 train_time:44552ms step_avg:44.87ms
step:994/1480 train_time:44637ms step_avg:44.91ms
step:995/1480 train_time:44716ms step_avg:44.94ms
step:996/1480 train_time:44801ms step_avg:44.98ms
step:997/1480 train_time:44880ms step_avg:45.02ms
step:998/1480 train_time:44964ms step_avg:45.05ms
step:999/1480 train_time:45044ms step_avg:45.09ms
step:1000/1480 train_time:45130ms step_avg:45.13ms
step:1000/1480 val_loss:3.5084 train_time:45220ms step_avg:45.22ms
step:1001/1480 train_time:45236ms step_avg:45.19ms
step:1002/1480 train_time:45299ms step_avg:45.21ms
step:1003/1480 train_time:45380ms step_avg:45.24ms
step:1004/1480 train_time:45466ms step_avg:45.29ms
step:1005/1480 train_time:45547ms step_avg:45.32ms
step:1006/1480 train_time:45632ms step_avg:45.36ms
step:1007/1480 train_time:45711ms step_avg:45.39ms
step:1008/1480 train_time:45794ms step_avg:45.43ms
step:1009/1480 train_time:45872ms step_avg:45.46ms
step:1010/1480 train_time:45957ms step_avg:45.50ms
step:1011/1480 train_time:46036ms step_avg:45.53ms
step:1012/1480 train_time:46120ms step_avg:45.57ms
step:1013/1480 train_time:46200ms step_avg:45.61ms
step:1014/1480 train_time:46286ms step_avg:45.65ms
step:1015/1480 train_time:46368ms step_avg:45.68ms
step:1016/1480 train_time:46455ms step_avg:45.72ms
step:1017/1480 train_time:46534ms step_avg:45.76ms
step:1018/1480 train_time:46620ms step_avg:45.80ms
step:1019/1480 train_time:46699ms step_avg:45.83ms
step:1020/1480 train_time:46785ms step_avg:45.87ms
step:1021/1480 train_time:46863ms step_avg:45.90ms
step:1022/1480 train_time:46947ms step_avg:45.94ms
step:1023/1480 train_time:47025ms step_avg:45.97ms
step:1024/1480 train_time:47110ms step_avg:46.01ms
step:1025/1480 train_time:47190ms step_avg:46.04ms
step:1026/1480 train_time:47275ms step_avg:46.08ms
step:1027/1480 train_time:47355ms step_avg:46.11ms
step:1028/1480 train_time:47441ms step_avg:46.15ms
step:1029/1480 train_time:47521ms step_avg:46.18ms
step:1030/1480 train_time:47605ms step_avg:46.22ms
step:1031/1480 train_time:47684ms step_avg:46.25ms
step:1032/1480 train_time:47769ms step_avg:46.29ms
step:1033/1480 train_time:47848ms step_avg:46.32ms
step:1034/1480 train_time:47932ms step_avg:46.36ms
step:1035/1480 train_time:48010ms step_avg:46.39ms
step:1036/1480 train_time:48094ms step_avg:46.42ms
step:1037/1480 train_time:48173ms step_avg:46.45ms
step:1038/1480 train_time:48259ms step_avg:46.49ms
step:1039/1480 train_time:48338ms step_avg:46.52ms
step:1040/1480 train_time:48424ms step_avg:46.56ms
step:1041/1480 train_time:48504ms step_avg:46.59ms
step:1042/1480 train_time:48587ms step_avg:46.63ms
step:1043/1480 train_time:48667ms step_avg:46.66ms
step:1044/1480 train_time:48751ms step_avg:46.70ms
step:1045/1480 train_time:48830ms step_avg:46.73ms
step:1046/1480 train_time:48916ms step_avg:46.77ms
step:1047/1480 train_time:48994ms step_avg:46.79ms
step:1048/1480 train_time:49078ms step_avg:46.83ms
step:1049/1480 train_time:49158ms step_avg:46.86ms
step:1050/1480 train_time:49242ms step_avg:46.90ms
step:1051/1480 train_time:49323ms step_avg:46.93ms
step:1052/1480 train_time:49408ms step_avg:46.97ms
step:1053/1480 train_time:49486ms step_avg:47.00ms
step:1054/1480 train_time:49570ms step_avg:47.03ms
step:1055/1480 train_time:49650ms step_avg:47.06ms
step:1056/1480 train_time:49734ms step_avg:47.10ms
step:1057/1480 train_time:49814ms step_avg:47.13ms
step:1058/1480 train_time:49898ms step_avg:47.16ms
step:1059/1480 train_time:49977ms step_avg:47.19ms
step:1060/1480 train_time:50062ms step_avg:47.23ms
step:1061/1480 train_time:50142ms step_avg:47.26ms
step:1062/1480 train_time:50227ms step_avg:47.29ms
step:1063/1480 train_time:50307ms step_avg:47.33ms
step:1064/1480 train_time:50392ms step_avg:47.36ms
step:1065/1480 train_time:50471ms step_avg:47.39ms
step:1066/1480 train_time:50556ms step_avg:47.43ms
step:1067/1480 train_time:50636ms step_avg:47.46ms
step:1068/1480 train_time:50720ms step_avg:47.49ms
step:1069/1480 train_time:50798ms step_avg:47.52ms
step:1070/1480 train_time:50882ms step_avg:47.55ms
step:1071/1480 train_time:50962ms step_avg:47.58ms
step:1072/1480 train_time:51047ms step_avg:47.62ms
step:1073/1480 train_time:51125ms step_avg:47.65ms
step:1074/1480 train_time:51210ms step_avg:47.68ms
step:1075/1480 train_time:51289ms step_avg:47.71ms
step:1076/1480 train_time:51373ms step_avg:47.74ms
step:1077/1480 train_time:51452ms step_avg:47.77ms
step:1078/1480 train_time:51538ms step_avg:47.81ms
step:1079/1480 train_time:51618ms step_avg:47.84ms
step:1080/1480 train_time:51703ms step_avg:47.87ms
step:1081/1480 train_time:51781ms step_avg:47.90ms
step:1082/1480 train_time:51866ms step_avg:47.94ms
step:1083/1480 train_time:51946ms step_avg:47.97ms
step:1084/1480 train_time:52031ms step_avg:48.00ms
step:1085/1480 train_time:52110ms step_avg:48.03ms
step:1086/1480 train_time:52194ms step_avg:48.06ms
step:1087/1480 train_time:52274ms step_avg:48.09ms
step:1088/1480 train_time:52359ms step_avg:48.12ms
step:1089/1480 train_time:52439ms step_avg:48.15ms
step:1090/1480 train_time:52524ms step_avg:48.19ms
step:1091/1480 train_time:52603ms step_avg:48.22ms
step:1092/1480 train_time:52688ms step_avg:48.25ms
step:1093/1480 train_time:52768ms step_avg:48.28ms
step:1094/1480 train_time:52853ms step_avg:48.31ms
step:1095/1480 train_time:52932ms step_avg:48.34ms
step:1096/1480 train_time:53018ms step_avg:48.37ms
step:1097/1480 train_time:53096ms step_avg:48.40ms
step:1098/1480 train_time:53180ms step_avg:48.43ms
step:1099/1480 train_time:53259ms step_avg:48.46ms
step:1100/1480 train_time:53344ms step_avg:48.49ms
step:1101/1480 train_time:53424ms step_avg:48.52ms
step:1102/1480 train_time:53510ms step_avg:48.56ms
step:1103/1480 train_time:53589ms step_avg:48.58ms
step:1104/1480 train_time:53674ms step_avg:48.62ms
step:1105/1480 train_time:53754ms step_avg:48.65ms
step:1106/1480 train_time:53839ms step_avg:48.68ms
step:1107/1480 train_time:53919ms step_avg:48.71ms
step:1108/1480 train_time:54003ms step_avg:48.74ms
step:1109/1480 train_time:54082ms step_avg:48.77ms
step:1110/1480 train_time:54168ms step_avg:48.80ms
step:1111/1480 train_time:54248ms step_avg:48.83ms
step:1112/1480 train_time:54333ms step_avg:48.86ms
step:1113/1480 train_time:54413ms step_avg:48.89ms
step:1114/1480 train_time:54498ms step_avg:48.92ms
step:1115/1480 train_time:54577ms step_avg:48.95ms
step:1116/1480 train_time:54662ms step_avg:48.98ms
step:1117/1480 train_time:54741ms step_avg:49.01ms
step:1118/1480 train_time:54827ms step_avg:49.04ms
step:1119/1480 train_time:54908ms step_avg:49.07ms
step:1120/1480 train_time:54992ms step_avg:49.10ms
step:1121/1480 train_time:55071ms step_avg:49.13ms
step:1122/1480 train_time:55155ms step_avg:49.16ms
step:1123/1480 train_time:55235ms step_avg:49.19ms
step:1124/1480 train_time:55320ms step_avg:49.22ms
step:1125/1480 train_time:55400ms step_avg:49.24ms
step:1126/1480 train_time:55484ms step_avg:49.28ms
step:1127/1480 train_time:55563ms step_avg:49.30ms
step:1128/1480 train_time:55649ms step_avg:49.33ms
step:1129/1480 train_time:55729ms step_avg:49.36ms
step:1130/1480 train_time:55813ms step_avg:49.39ms
step:1131/1480 train_time:55893ms step_avg:49.42ms
step:1132/1480 train_time:55977ms step_avg:49.45ms
step:1133/1480 train_time:56056ms step_avg:49.48ms
step:1134/1480 train_time:56140ms step_avg:49.51ms
step:1135/1480 train_time:56220ms step_avg:49.53ms
step:1136/1480 train_time:56304ms step_avg:49.56ms
step:1137/1480 train_time:56383ms step_avg:49.59ms
step:1138/1480 train_time:56469ms step_avg:49.62ms
step:1139/1480 train_time:56549ms step_avg:49.65ms
step:1140/1480 train_time:56633ms step_avg:49.68ms
step:1141/1480 train_time:56714ms step_avg:49.71ms
step:1142/1480 train_time:56799ms step_avg:49.74ms
step:1143/1480 train_time:56878ms step_avg:49.76ms
step:1144/1480 train_time:56962ms step_avg:49.79ms
step:1145/1480 train_time:57041ms step_avg:49.82ms
step:1146/1480 train_time:57127ms step_avg:49.85ms
step:1147/1480 train_time:57206ms step_avg:49.87ms
step:1148/1480 train_time:57289ms step_avg:49.90ms
step:1149/1480 train_time:57369ms step_avg:49.93ms
step:1150/1480 train_time:57453ms step_avg:49.96ms
step:1151/1480 train_time:57532ms step_avg:49.98ms
step:1152/1480 train_time:57618ms step_avg:50.02ms
step:1153/1480 train_time:57699ms step_avg:50.04ms
step:1154/1480 train_time:57783ms step_avg:50.07ms
step:1155/1480 train_time:57862ms step_avg:50.10ms
step:1156/1480 train_time:57947ms step_avg:50.13ms
step:1157/1480 train_time:58026ms step_avg:50.15ms
step:1158/1480 train_time:58111ms step_avg:50.18ms
step:1159/1480 train_time:58189ms step_avg:50.21ms
step:1160/1480 train_time:58274ms step_avg:50.24ms
step:1161/1480 train_time:58353ms step_avg:50.26ms
step:1162/1480 train_time:58438ms step_avg:50.29ms
step:1163/1480 train_time:58519ms step_avg:50.32ms
step:1164/1480 train_time:58603ms step_avg:50.35ms
step:1165/1480 train_time:58682ms step_avg:50.37ms
step:1166/1480 train_time:58768ms step_avg:50.40ms
step:1167/1480 train_time:58847ms step_avg:50.43ms
step:1168/1480 train_time:58931ms step_avg:50.45ms
step:1169/1480 train_time:59010ms step_avg:50.48ms
step:1170/1480 train_time:59095ms step_avg:50.51ms
step:1171/1480 train_time:59174ms step_avg:50.53ms
step:1172/1480 train_time:59259ms step_avg:50.56ms
step:1173/1480 train_time:59339ms step_avg:50.59ms
step:1174/1480 train_time:59424ms step_avg:50.62ms
step:1175/1480 train_time:59503ms step_avg:50.64ms
step:1176/1480 train_time:59587ms step_avg:50.67ms
step:1177/1480 train_time:59668ms step_avg:50.69ms
step:1178/1480 train_time:59752ms step_avg:50.72ms
step:1179/1480 train_time:59833ms step_avg:50.75ms
step:1180/1480 train_time:59919ms step_avg:50.78ms
step:1181/1480 train_time:59997ms step_avg:50.80ms
step:1182/1480 train_time:60080ms step_avg:50.83ms
step:1183/1480 train_time:60161ms step_avg:50.85ms
step:1184/1480 train_time:60245ms step_avg:50.88ms
step:1185/1480 train_time:60324ms step_avg:50.91ms
step:1186/1480 train_time:60410ms step_avg:50.94ms
step:1187/1480 train_time:60489ms step_avg:50.96ms
step:1188/1480 train_time:60574ms step_avg:50.99ms
step:1189/1480 train_time:60653ms step_avg:51.01ms
step:1190/1480 train_time:60737ms step_avg:51.04ms
step:1191/1480 train_time:60819ms step_avg:51.07ms
step:1192/1480 train_time:60904ms step_avg:51.09ms
step:1193/1480 train_time:60982ms step_avg:51.12ms
step:1194/1480 train_time:61066ms step_avg:51.14ms
step:1195/1480 train_time:61147ms step_avg:51.17ms
step:1196/1480 train_time:61230ms step_avg:51.20ms
step:1197/1480 train_time:61310ms step_avg:51.22ms
step:1198/1480 train_time:61396ms step_avg:51.25ms
step:1199/1480 train_time:61475ms step_avg:51.27ms
step:1200/1480 train_time:61560ms step_avg:51.30ms
step:1201/1480 train_time:61639ms step_avg:51.32ms
step:1202/1480 train_time:61723ms step_avg:51.35ms
step:1203/1480 train_time:61804ms step_avg:51.37ms
step:1204/1480 train_time:61888ms step_avg:51.40ms
step:1205/1480 train_time:61969ms step_avg:51.43ms
step:1206/1480 train_time:62054ms step_avg:51.45ms
step:1207/1480 train_time:62133ms step_avg:51.48ms
step:1208/1480 train_time:62219ms step_avg:51.51ms
step:1209/1480 train_time:62298ms step_avg:51.53ms
step:1210/1480 train_time:62382ms step_avg:51.56ms
step:1211/1480 train_time:62462ms step_avg:51.58ms
step:1212/1480 train_time:62547ms step_avg:51.61ms
step:1213/1480 train_time:62628ms step_avg:51.63ms
step:1214/1480 train_time:62713ms step_avg:51.66ms
step:1215/1480 train_time:62792ms step_avg:51.68ms
step:1216/1480 train_time:62876ms step_avg:51.71ms
step:1217/1480 train_time:62954ms step_avg:51.73ms
step:1218/1480 train_time:63038ms step_avg:51.76ms
step:1219/1480 train_time:63118ms step_avg:51.78ms
step:1220/1480 train_time:63203ms step_avg:51.81ms
step:1221/1480 train_time:63282ms step_avg:51.83ms
step:1222/1480 train_time:63368ms step_avg:51.86ms
step:1223/1480 train_time:63448ms step_avg:51.88ms
step:1224/1480 train_time:63533ms step_avg:51.91ms
step:1225/1480 train_time:63612ms step_avg:51.93ms
step:1226/1480 train_time:63696ms step_avg:51.95ms
step:1227/1480 train_time:63775ms step_avg:51.98ms
step:1228/1480 train_time:63861ms step_avg:52.00ms
step:1229/1480 train_time:63940ms step_avg:52.03ms
step:1230/1480 train_time:64025ms step_avg:52.05ms
step:1231/1480 train_time:64103ms step_avg:52.07ms
step:1232/1480 train_time:64187ms step_avg:52.10ms
step:1233/1480 train_time:64268ms step_avg:52.12ms
step:1234/1480 train_time:64353ms step_avg:52.15ms
step:1235/1480 train_time:64431ms step_avg:52.17ms
step:1236/1480 train_time:64516ms step_avg:52.20ms
step:1237/1480 train_time:64595ms step_avg:52.22ms
step:1238/1480 train_time:64679ms step_avg:52.25ms
step:1239/1480 train_time:64759ms step_avg:52.27ms
step:1240/1480 train_time:64844ms step_avg:52.29ms
step:1241/1480 train_time:64924ms step_avg:52.32ms
step:1242/1480 train_time:65010ms step_avg:52.34ms
step:1243/1480 train_time:65089ms step_avg:52.36ms
step:1244/1480 train_time:65175ms step_avg:52.39ms
step:1245/1480 train_time:65255ms step_avg:52.41ms
step:1246/1480 train_time:65340ms step_avg:52.44ms
step:1247/1480 train_time:65420ms step_avg:52.46ms
step:1248/1480 train_time:65503ms step_avg:52.49ms
step:1249/1480 train_time:65583ms step_avg:52.51ms
step:1250/1480 train_time:65668ms step_avg:52.53ms
step:1250/1480 val_loss:3.3666 train_time:65758ms step_avg:52.61ms
step:1251/1480 train_time:65774ms step_avg:52.58ms
step:1252/1480 train_time:65836ms step_avg:52.59ms
step:1253/1480 train_time:65918ms step_avg:52.61ms
step:1254/1480 train_time:66002ms step_avg:52.63ms
step:1255/1480 train_time:66080ms step_avg:52.65ms
step:1256/1480 train_time:66165ms step_avg:52.68ms
step:1257/1480 train_time:66244ms step_avg:52.70ms
step:1258/1480 train_time:66328ms step_avg:52.72ms
step:1259/1480 train_time:66407ms step_avg:52.75ms
step:1260/1480 train_time:66491ms step_avg:52.77ms
step:1261/1480 train_time:66569ms step_avg:52.79ms
step:1262/1480 train_time:66653ms step_avg:52.82ms
step:1263/1480 train_time:66734ms step_avg:52.84ms
step:1264/1480 train_time:66819ms step_avg:52.86ms
step:1265/1480 train_time:66900ms step_avg:52.89ms
step:1266/1480 train_time:66985ms step_avg:52.91ms
step:1267/1480 train_time:67065ms step_avg:52.93ms
step:1268/1480 train_time:67150ms step_avg:52.96ms
step:1269/1480 train_time:67229ms step_avg:52.98ms
step:1270/1480 train_time:67312ms step_avg:53.00ms
step:1271/1480 train_time:67391ms step_avg:53.02ms
step:1272/1480 train_time:67476ms step_avg:53.05ms
step:1273/1480 train_time:67555ms step_avg:53.07ms
step:1274/1480 train_time:67640ms step_avg:53.09ms
step:1275/1480 train_time:67720ms step_avg:53.11ms
step:1276/1480 train_time:67806ms step_avg:53.14ms
step:1277/1480 train_time:67887ms step_avg:53.16ms
step:1278/1480 train_time:67972ms step_avg:53.19ms
step:1279/1480 train_time:68052ms step_avg:53.21ms
step:1280/1480 train_time:68138ms step_avg:53.23ms
step:1281/1480 train_time:68217ms step_avg:53.25ms
step:1282/1480 train_time:68300ms step_avg:53.28ms
step:1283/1480 train_time:68379ms step_avg:53.30ms
step:1284/1480 train_time:68464ms step_avg:53.32ms
step:1285/1480 train_time:68543ms step_avg:53.34ms
step:1286/1480 train_time:68628ms step_avg:53.37ms
step:1287/1480 train_time:68706ms step_avg:53.38ms
step:1288/1480 train_time:68792ms step_avg:53.41ms
step:1289/1480 train_time:68872ms step_avg:53.43ms
step:1290/1480 train_time:68956ms step_avg:53.45ms
step:1291/1480 train_time:69036ms step_avg:53.47ms
step:1292/1480 train_time:69121ms step_avg:53.50ms
step:1293/1480 train_time:69199ms step_avg:53.52ms
step:1294/1480 train_time:69283ms step_avg:53.54ms
step:1295/1480 train_time:69363ms step_avg:53.56ms
step:1296/1480 train_time:69448ms step_avg:53.59ms
step:1297/1480 train_time:69527ms step_avg:53.61ms
step:1298/1480 train_time:69612ms step_avg:53.63ms
step:1299/1480 train_time:69690ms step_avg:53.65ms
step:1300/1480 train_time:69776ms step_avg:53.67ms
step:1301/1480 train_time:69856ms step_avg:53.69ms
step:1302/1480 train_time:69941ms step_avg:53.72ms
step:1303/1480 train_time:70021ms step_avg:53.74ms
step:1304/1480 train_time:70106ms step_avg:53.76ms
step:1305/1480 train_time:70184ms step_avg:53.78ms
step:1306/1480 train_time:70269ms step_avg:53.80ms
step:1307/1480 train_time:70348ms step_avg:53.82ms
step:1308/1480 train_time:70432ms step_avg:53.85ms
step:1309/1480 train_time:70510ms step_avg:53.87ms
step:1310/1480 train_time:70594ms step_avg:53.89ms
step:1311/1480 train_time:70674ms step_avg:53.91ms
step:1312/1480 train_time:70758ms step_avg:53.93ms
step:1313/1480 train_time:70839ms step_avg:53.95ms
step:1314/1480 train_time:70924ms step_avg:53.98ms
step:1315/1480 train_time:71002ms step_avg:53.99ms
step:1316/1480 train_time:71088ms step_avg:54.02ms
step:1317/1480 train_time:71167ms step_avg:54.04ms
step:1318/1480 train_time:71253ms step_avg:54.06ms
step:1319/1480 train_time:71333ms step_avg:54.08ms
step:1320/1480 train_time:71416ms step_avg:54.10ms
step:1321/1480 train_time:71494ms step_avg:54.12ms
step:1322/1480 train_time:71579ms step_avg:54.14ms
step:1323/1480 train_time:71659ms step_avg:54.16ms
step:1324/1480 train_time:71745ms step_avg:54.19ms
step:1325/1480 train_time:71824ms step_avg:54.21ms
step:1326/1480 train_time:71908ms step_avg:54.23ms
step:1327/1480 train_time:71988ms step_avg:54.25ms
step:1328/1480 train_time:72073ms step_avg:54.27ms
step:1329/1480 train_time:72153ms step_avg:54.29ms
step:1330/1480 train_time:72240ms step_avg:54.32ms
step:1331/1480 train_time:72318ms step_avg:54.33ms
step:1332/1480 train_time:72402ms step_avg:54.36ms
step:1333/1480 train_time:72482ms step_avg:54.37ms
step:1334/1480 train_time:72567ms step_avg:54.40ms
step:1335/1480 train_time:72647ms step_avg:54.42ms
step:1336/1480 train_time:72733ms step_avg:54.44ms
step:1337/1480 train_time:72811ms step_avg:54.46ms
step:1338/1480 train_time:72895ms step_avg:54.48ms
step:1339/1480 train_time:72975ms step_avg:54.50ms
step:1340/1480 train_time:73060ms step_avg:54.52ms
step:1341/1480 train_time:73140ms step_avg:54.54ms
step:1342/1480 train_time:73224ms step_avg:54.56ms
step:1343/1480 train_time:73304ms step_avg:54.58ms
step:1344/1480 train_time:73388ms step_avg:54.60ms
step:1345/1480 train_time:73468ms step_avg:54.62ms
step:1346/1480 train_time:73553ms step_avg:54.65ms
step:1347/1480 train_time:73631ms step_avg:54.66ms
step:1348/1480 train_time:73716ms step_avg:54.69ms
step:1349/1480 train_time:73795ms step_avg:54.70ms
step:1350/1480 train_time:73880ms step_avg:54.73ms
step:1351/1480 train_time:73960ms step_avg:54.74ms
step:1352/1480 train_time:74044ms step_avg:54.77ms
step:1353/1480 train_time:74124ms step_avg:54.78ms
step:1354/1480 train_time:74209ms step_avg:54.81ms
step:1355/1480 train_time:74288ms step_avg:54.83ms
step:1356/1480 train_time:74373ms step_avg:54.85ms
step:1357/1480 train_time:74453ms step_avg:54.87ms
step:1358/1480 train_time:74538ms step_avg:54.89ms
step:1359/1480 train_time:74616ms step_avg:54.91ms
step:1360/1480 train_time:74701ms step_avg:54.93ms
step:1361/1480 train_time:74780ms step_avg:54.95ms
step:1362/1480 train_time:74866ms step_avg:54.97ms
step:1363/1480 train_time:74945ms step_avg:54.99ms
step:1364/1480 train_time:75030ms step_avg:55.01ms
step:1365/1480 train_time:75109ms step_avg:55.02ms
step:1366/1480 train_time:75194ms step_avg:55.05ms
step:1367/1480 train_time:75275ms step_avg:55.07ms
step:1368/1480 train_time:75360ms step_avg:55.09ms
step:1369/1480 train_time:75439ms step_avg:55.11ms
step:1370/1480 train_time:75524ms step_avg:55.13ms
step:1371/1480 train_time:75602ms step_avg:55.14ms
step:1372/1480 train_time:75687ms step_avg:55.17ms
step:1373/1480 train_time:75767ms step_avg:55.18ms
step:1374/1480 train_time:75851ms step_avg:55.20ms
step:1375/1480 train_time:75930ms step_avg:55.22ms
step:1376/1480 train_time:76014ms step_avg:55.24ms
step:1377/1480 train_time:76093ms step_avg:55.26ms
step:1378/1480 train_time:76179ms step_avg:55.28ms
step:1379/1480 train_time:76258ms step_avg:55.30ms
step:1380/1480 train_time:76345ms step_avg:55.32ms
step:1381/1480 train_time:76424ms step_avg:55.34ms
step:1382/1480 train_time:76509ms step_avg:55.36ms
step:1383/1480 train_time:76588ms step_avg:55.38ms
step:1384/1480 train_time:76673ms step_avg:55.40ms
step:1385/1480 train_time:76753ms step_avg:55.42ms
step:1386/1480 train_time:76837ms step_avg:55.44ms
step:1387/1480 train_time:76916ms step_avg:55.45ms
step:1388/1480 train_time:77000ms step_avg:55.48ms
step:1389/1480 train_time:77079ms step_avg:55.49ms
step:1390/1480 train_time:77165ms step_avg:55.51ms
step:1391/1480 train_time:77245ms step_avg:55.53ms
step:1392/1480 train_time:77329ms step_avg:55.55ms
step:1393/1480 train_time:77409ms step_avg:55.57ms
step:1394/1480 train_time:77494ms step_avg:55.59ms
step:1395/1480 train_time:77573ms step_avg:55.61ms
step:1396/1480 train_time:77658ms step_avg:55.63ms
step:1397/1480 train_time:77738ms step_avg:55.65ms
step:1398/1480 train_time:77824ms step_avg:55.67ms
step:1399/1480 train_time:77902ms step_avg:55.68ms
step:1400/1480 train_time:77986ms step_avg:55.70ms
step:1401/1480 train_time:78064ms step_avg:55.72ms
step:1402/1480 train_time:78150ms step_avg:55.74ms
step:1403/1480 train_time:78231ms step_avg:55.76ms
step:1404/1480 train_time:78315ms step_avg:55.78ms
step:1405/1480 train_time:78393ms step_avg:55.80ms
step:1406/1480 train_time:78477ms step_avg:55.82ms
step:1407/1480 train_time:78558ms step_avg:55.83ms
step:1408/1480 train_time:78644ms step_avg:55.86ms
step:1409/1480 train_time:78724ms step_avg:55.87ms
step:1410/1480 train_time:78808ms step_avg:55.89ms
step:1411/1480 train_time:78888ms step_avg:55.91ms
step:1412/1480 train_time:78972ms step_avg:55.93ms
step:1413/1480 train_time:79052ms step_avg:55.95ms
step:1414/1480 train_time:79135ms step_avg:55.97ms
step:1415/1480 train_time:79213ms step_avg:55.98ms
step:1416/1480 train_time:79299ms step_avg:56.00ms
step:1417/1480 train_time:79378ms step_avg:56.02ms
step:1418/1480 train_time:79462ms step_avg:56.04ms
step:1419/1480 train_time:79542ms step_avg:56.05ms
step:1420/1480 train_time:79628ms step_avg:56.08ms
step:1421/1480 train_time:79709ms step_avg:56.09ms
step:1422/1480 train_time:79794ms step_avg:56.11ms
step:1423/1480 train_time:79874ms step_avg:56.13ms
step:1424/1480 train_time:79959ms step_avg:56.15ms
step:1425/1480 train_time:80039ms step_avg:56.17ms
step:1426/1480 train_time:80123ms step_avg:56.19ms
step:1427/1480 train_time:80201ms step_avg:56.20ms
step:1428/1480 train_time:80288ms step_avg:56.22ms
step:1429/1480 train_time:80367ms step_avg:56.24ms
step:1430/1480 train_time:80451ms step_avg:56.26ms
step:1431/1480 train_time:80531ms step_avg:56.28ms
step:1432/1480 train_time:80614ms step_avg:56.29ms
step:1433/1480 train_time:80694ms step_avg:56.31ms
step:1434/1480 train_time:80778ms step_avg:56.33ms
step:1435/1480 train_time:80858ms step_avg:56.35ms
step:1436/1480 train_time:80944ms step_avg:56.37ms
step:1437/1480 train_time:81024ms step_avg:56.38ms
step:1438/1480 train_time:81108ms step_avg:56.40ms
step:1439/1480 train_time:81188ms step_avg:56.42ms
step:1440/1480 train_time:81273ms step_avg:56.44ms
step:1441/1480 train_time:81352ms step_avg:56.46ms
step:1442/1480 train_time:81441ms step_avg:56.48ms
step:1443/1480 train_time:81520ms step_avg:56.49ms
step:1444/1480 train_time:81605ms step_avg:56.51ms
step:1445/1480 train_time:81686ms step_avg:56.53ms
step:1446/1480 train_time:81773ms step_avg:56.55ms
step:1447/1480 train_time:81853ms step_avg:56.57ms
step:1448/1480 train_time:81939ms step_avg:56.59ms
step:1449/1480 train_time:82018ms step_avg:56.60ms
step:1450/1480 train_time:82102ms step_avg:56.62ms
step:1451/1480 train_time:82182ms step_avg:56.64ms
step:1452/1480 train_time:82267ms step_avg:56.66ms
step:1453/1480 train_time:82349ms step_avg:56.67ms
step:1454/1480 train_time:82434ms step_avg:56.69ms
step:1455/1480 train_time:82513ms step_avg:56.71ms
step:1456/1480 train_time:82597ms step_avg:56.73ms
step:1457/1480 train_time:82678ms step_avg:56.75ms
step:1458/1480 train_time:82762ms step_avg:56.76ms
step:1459/1480 train_time:82842ms step_avg:56.78ms
step:1460/1480 train_time:82928ms step_avg:56.80ms
step:1461/1480 train_time:83008ms step_avg:56.82ms
step:1462/1480 train_time:83093ms step_avg:56.83ms
step:1463/1480 train_time:83172ms step_avg:56.85ms
step:1464/1480 train_time:83260ms step_avg:56.87ms
step:1465/1480 train_time:83340ms step_avg:56.89ms
step:1466/1480 train_time:83425ms step_avg:56.91ms
step:1467/1480 train_time:83504ms step_avg:56.92ms
step:1468/1480 train_time:83590ms step_avg:56.94ms
step:1469/1480 train_time:83669ms step_avg:56.96ms
step:1470/1480 train_time:83754ms step_avg:56.98ms
step:1471/1480 train_time:83834ms step_avg:56.99ms
step:1472/1480 train_time:83920ms step_avg:57.01ms
step:1473/1480 train_time:84000ms step_avg:57.03ms
step:1474/1480 train_time:84085ms step_avg:57.05ms
step:1475/1480 train_time:84165ms step_avg:57.06ms
step:1476/1480 train_time:84250ms step_avg:57.08ms
step:1477/1480 train_time:84331ms step_avg:57.10ms
step:1478/1480 train_time:84415ms step_avg:57.11ms
step:1479/1480 train_time:84493ms step_avg:57.13ms
step:1480/1480 train_time:84580ms step_avg:57.15ms
step:1480/1480 val_loss:3.2778 train_time:84670ms step_avg:57.21ms
peak memory allocated: 31351 MiB reserved: 45930 MiB
