W0420 01:18:50.582000 76216 torch/distributed/run.py:852] 
W0420 01:18:50.582000 76216 torch/distributed/run.py:852] *****************************************
W0420 01:18:50.582000 76216 torch/distributed/run.py:852] Setting OMP_NUM_THREADS environment variable for each process to be 1 in default, to avoid your system being overloaded, please further tune the variable for optimal performance in your application as needed. 
W0420 01:18:50.582000 76216 torch/distributed/run.py:852] *****************************************
[Gloo] Rank 0 is connected to 7 peer ranks. Expected number of connected peer ranks is : 7
[Gloo] Rank 1 is connected to 7 peer ranks. Expected number of connected peer ranks is : 7
[Gloo] Rank 2 is connected to 7 peer ranks. Expected number of connected peer ranks is : 7
[Gloo] Rank 3 is connected to 7 peer ranks. Expected number of connected peer ranks is : 7
[Gloo] Rank 4 is connected to 7 peer ranks. Expected number of connected peer ranks is : 7
[Gloo] Rank 5 is connected to 7 peer ranks. Expected number of connected peer ranks is : 7
[Gloo] Rank [Gloo] Rank 76 is connected to  is connected to 77 peer ranks.  peer ranks. Expected number of connected peer ranks is : Expected number of connected peer ranks is : 77

Warning: You are sending unauthenticated requests to the HF Hub. Please set a HF_TOKEN to enable higher rate limits and faster downloads.
Fetching 4 files:   0%|          | 0/4 [00:00<?, ?it/s]Fetching 4 files: 100%|██████████| 4/4 [00:00<00:00, 91180.52it/s]
Fetching 4 files:   0%|          | 0/4 [00:00<?, ?it/s]Fetching 4 files: 100%|██████████| 4/4 [00:00<00:00, 92182.51it/s]
Fetching 4 files:   0%|          | 0/4 [00:00<?, ?it/s]Fetching 4 files:   0%|          | 0/4 [00:00<?, ?it/s]Fetching 4 files: 100%|██████████| 4/4 [00:00<00:00, 90200.09it/s]
Fetching 4 files: 100%|██████████| 4/4 [00:00<00:00, 57260.12it/s]
Fetching 4 files:   0%|          | 0/4 [00:00<?, ?it/s]Fetching 4 files: 100%|██████████| 4/4 [00:00<00:00, 93727.46it/s]
Fetching 4 files:   0%|          | 0/4 [00:00<?, ?it/s]Fetching 4 files: 100%|██████████| 4/4 [00:00<00:00, 97541.95it/s]
Fetching 4 files:   0%|          | 0/4 [00:00<?, ?it/s]Fetching 4 files: 100%|██████████| 4/4 [00:00<00:00, 85598.04it/s]
Fetching 4 files:   0%|          | 0/4 [00:00<?, ?it/s]Fetching 4 files: 100%|██████████| 4/4 [00:00<00:00, 54827.50it/s]
logs/b949a8b8-fa67-4294-aaa5-d54ac8f2a7e9.txt
Compiling model and warming up kernels (~7 minutes on first execution)
Sampling steps [0, 1, 478, 479, 480, 481, 958, 959, 960, 961, 1438, 1439, 1440, 1441] for warmup
Resetting Model
step:0/1480 val_loss:10.8309 train_time:0ms step_avg:0.03ms
step:1/1480 train_time:72ms step_avg:72.37ms
step:2/1480 train_time:92ms step_avg:46.15ms
step:3/1480 train_time:109ms step_avg:36.35ms
step:4/1480 train_time:143ms step_avg:35.81ms
step:5/1480 train_time:171ms step_avg:34.14ms
step:6/1480 train_time:205ms step_avg:34.08ms
step:7/1480 train_time:232ms step_avg:33.13ms
step:8/1480 train_time:266ms step_avg:33.22ms
step:9/1480 train_time:294ms step_avg:32.61ms
step:10/1480 train_time:328ms step_avg:32.76ms
step:11/1480 train_time:355ms step_avg:32.30ms
step:12/1480 train_time:389ms step_avg:32.43ms
step:13/1480 train_time:417ms step_avg:32.11ms
step:14/1480 train_time:451ms step_avg:32.24ms
step:15/1480 train_time:479ms step_avg:31.96ms
step:16/1480 train_time:513ms step_avg:32.07ms
step:17/1480 train_time:541ms step_avg:31.85ms
step:18/1480 train_time:575ms step_avg:31.96ms
step:19/1480 train_time:604ms step_avg:31.77ms
step:20/1480 train_time:637ms step_avg:31.87ms
step:21/1480 train_time:665ms step_avg:31.69ms
step:22/1480 train_time:699ms step_avg:31.78ms
step:23/1480 train_time:727ms step_avg:31.63ms
step:24/1480 train_time:761ms step_avg:31.72ms
step:25/1480 train_time:789ms step_avg:31.57ms
step:26/1480 train_time:823ms step_avg:31.67ms
step:27/1480 train_time:851ms step_avg:31.52ms
step:28/1480 train_time:885ms step_avg:31.61ms
step:29/1480 train_time:913ms step_avg:31.48ms
step:30/1480 train_time:947ms step_avg:31.56ms
step:31/1480 train_time:975ms step_avg:31.44ms
step:32/1480 train_time:1009ms step_avg:31.53ms
step:33/1480 train_time:1037ms step_avg:31.44ms
step:34/1480 train_time:1072ms step_avg:31.53ms
step:35/1480 train_time:1101ms step_avg:31.45ms
step:36/1480 train_time:1135ms step_avg:31.52ms
step:37/1480 train_time:1163ms step_avg:31.43ms
step:38/1480 train_time:1197ms step_avg:31.49ms
step:39/1480 train_time:1225ms step_avg:31.41ms
step:40/1480 train_time:1259ms step_avg:31.47ms
step:41/1480 train_time:1287ms step_avg:31.38ms
step:42/1480 train_time:1321ms step_avg:31.45ms
step:43/1480 train_time:1349ms step_avg:31.36ms
step:44/1480 train_time:1382ms step_avg:31.42ms
step:45/1480 train_time:1410ms step_avg:31.34ms
step:46/1480 train_time:1445ms step_avg:31.41ms
step:47/1480 train_time:1473ms step_avg:31.34ms
step:48/1480 train_time:1507ms step_avg:31.39ms
step:49/1480 train_time:1535ms step_avg:31.33ms
step:50/1480 train_time:1569ms step_avg:31.38ms
step:51/1480 train_time:1597ms step_avg:31.31ms
step:52/1480 train_time:1631ms step_avg:31.36ms
step:53/1480 train_time:1659ms step_avg:31.30ms
step:54/1480 train_time:1693ms step_avg:31.35ms
step:55/1480 train_time:1721ms step_avg:31.30ms
step:56/1480 train_time:1755ms step_avg:31.34ms
step:57/1480 train_time:1783ms step_avg:31.28ms
step:58/1480 train_time:1817ms step_avg:31.33ms
step:59/1480 train_time:1845ms step_avg:31.27ms
step:60/1480 train_time:1879ms step_avg:31.32ms
step:61/1480 train_time:1907ms step_avg:31.26ms
step:62/1480 train_time:1941ms step_avg:31.31ms
step:63/1480 train_time:1969ms step_avg:31.25ms
step:64/1480 train_time:2003ms step_avg:31.29ms
step:65/1480 train_time:2031ms step_avg:31.24ms
step:66/1480 train_time:2065ms step_avg:31.28ms
step:67/1480 train_time:2093ms step_avg:31.24ms
step:68/1480 train_time:2127ms step_avg:31.27ms
step:69/1480 train_time:2155ms step_avg:31.23ms
step:70/1480 train_time:2189ms step_avg:31.27ms
step:71/1480 train_time:2218ms step_avg:31.24ms
step:72/1480 train_time:2252ms step_avg:31.27ms
step:73/1480 train_time:2280ms step_avg:31.23ms
step:74/1480 train_time:2314ms step_avg:31.27ms
step:75/1480 train_time:2343ms step_avg:31.24ms
step:76/1480 train_time:2376ms step_avg:31.27ms
step:77/1480 train_time:2405ms step_avg:31.23ms
step:78/1480 train_time:2439ms step_avg:31.27ms
step:79/1480 train_time:2467ms step_avg:31.23ms
step:80/1480 train_time:2501ms step_avg:31.26ms
step:81/1480 train_time:2529ms step_avg:31.22ms
step:82/1480 train_time:2563ms step_avg:31.25ms
step:83/1480 train_time:2590ms step_avg:31.21ms
step:84/1480 train_time:2624ms step_avg:31.24ms
step:85/1480 train_time:2652ms step_avg:31.21ms
step:86/1480 train_time:2686ms step_avg:31.24ms
step:87/1480 train_time:2714ms step_avg:31.20ms
step:88/1480 train_time:2749ms step_avg:31.23ms
step:89/1480 train_time:2777ms step_avg:31.20ms
step:90/1480 train_time:2811ms step_avg:31.23ms
step:91/1480 train_time:2839ms step_avg:31.19ms
step:92/1480 train_time:2872ms step_avg:31.22ms
step:93/1480 train_time:2901ms step_avg:31.19ms
step:94/1480 train_time:2935ms step_avg:31.22ms
step:95/1480 train_time:2963ms step_avg:31.19ms
step:96/1480 train_time:2997ms step_avg:31.22ms
step:97/1480 train_time:3025ms step_avg:31.19ms
step:98/1480 train_time:3059ms step_avg:31.22ms
step:99/1480 train_time:3087ms step_avg:31.18ms
step:100/1480 train_time:3120ms step_avg:31.20ms
step:101/1480 train_time:3148ms step_avg:31.17ms
step:102/1480 train_time:3182ms step_avg:31.20ms
step:103/1480 train_time:3210ms step_avg:31.16ms
step:104/1480 train_time:3244ms step_avg:31.19ms
step:105/1480 train_time:3272ms step_avg:31.16ms
step:106/1480 train_time:3306ms step_avg:31.19ms
step:107/1480 train_time:3334ms step_avg:31.16ms
step:108/1480 train_time:3368ms step_avg:31.19ms
step:109/1480 train_time:3396ms step_avg:31.16ms
step:110/1480 train_time:3430ms step_avg:31.18ms
step:111/1480 train_time:3458ms step_avg:31.15ms
step:112/1480 train_time:3492ms step_avg:31.18ms
step:113/1480 train_time:3520ms step_avg:31.15ms
step:114/1480 train_time:3554ms step_avg:31.17ms
step:115/1480 train_time:3582ms step_avg:31.15ms
step:116/1480 train_time:3616ms step_avg:31.17ms
step:117/1480 train_time:3644ms step_avg:31.14ms
step:118/1480 train_time:3678ms step_avg:31.17ms
step:119/1480 train_time:3706ms step_avg:31.14ms
step:120/1480 train_time:3740ms step_avg:31.16ms
step:121/1480 train_time:3768ms step_avg:31.14ms
step:122/1480 train_time:3802ms step_avg:31.16ms
step:123/1480 train_time:3830ms step_avg:31.14ms
step:124/1480 train_time:3864ms step_avg:31.16ms
step:125/1480 train_time:3892ms step_avg:31.14ms
step:126/1480 train_time:3927ms step_avg:31.16ms
step:127/1480 train_time:3955ms step_avg:31.14ms
step:128/1480 train_time:3988ms step_avg:31.16ms
step:129/1480 train_time:4017ms step_avg:31.14ms
step:130/1480 train_time:4050ms step_avg:31.16ms
step:131/1480 train_time:4079ms step_avg:31.14ms
step:132/1480 train_time:4113ms step_avg:31.16ms
step:133/1480 train_time:4141ms step_avg:31.13ms
step:134/1480 train_time:4174ms step_avg:31.15ms
step:135/1480 train_time:4203ms step_avg:31.13ms
step:136/1480 train_time:4237ms step_avg:31.16ms
step:137/1480 train_time:4265ms step_avg:31.13ms
step:138/1480 train_time:4299ms step_avg:31.15ms
step:139/1480 train_time:4327ms step_avg:31.13ms
step:140/1480 train_time:4362ms step_avg:31.15ms
step:141/1480 train_time:4389ms step_avg:31.13ms
step:142/1480 train_time:4423ms step_avg:31.15ms
step:143/1480 train_time:4451ms step_avg:31.13ms
step:144/1480 train_time:4485ms step_avg:31.15ms
step:145/1480 train_time:4513ms step_avg:31.13ms
step:146/1480 train_time:4547ms step_avg:31.15ms
step:147/1480 train_time:4575ms step_avg:31.13ms
step:148/1480 train_time:4609ms step_avg:31.14ms
step:149/1480 train_time:4638ms step_avg:31.12ms
step:150/1480 train_time:4671ms step_avg:31.14ms
step:151/1480 train_time:4700ms step_avg:31.12ms
step:152/1480 train_time:4734ms step_avg:31.14ms
step:153/1480 train_time:4762ms step_avg:31.12ms
step:154/1480 train_time:4796ms step_avg:31.14ms
step:155/1480 train_time:4824ms step_avg:31.12ms
step:156/1480 train_time:4858ms step_avg:31.14ms
step:157/1480 train_time:4886ms step_avg:31.12ms
step:158/1480 train_time:4919ms step_avg:31.14ms
step:159/1480 train_time:4947ms step_avg:31.12ms
step:160/1480 train_time:4981ms step_avg:31.13ms
step:161/1480 train_time:5009ms step_avg:31.11ms
step:162/1480 train_time:5043ms step_avg:31.13ms
step:163/1480 train_time:5072ms step_avg:31.11ms
step:164/1480 train_time:5105ms step_avg:31.13ms
step:165/1480 train_time:5134ms step_avg:31.11ms
step:166/1480 train_time:5168ms step_avg:31.13ms
step:167/1480 train_time:5196ms step_avg:31.11ms
step:168/1480 train_time:5229ms step_avg:31.13ms
step:169/1480 train_time:5258ms step_avg:31.11ms
step:170/1480 train_time:5292ms step_avg:31.13ms
step:171/1480 train_time:5320ms step_avg:31.11ms
step:172/1480 train_time:5353ms step_avg:31.12ms
step:173/1480 train_time:5382ms step_avg:31.11ms
step:174/1480 train_time:5415ms step_avg:31.12ms
step:175/1480 train_time:5444ms step_avg:31.11ms
step:176/1480 train_time:5477ms step_avg:31.12ms
step:177/1480 train_time:5506ms step_avg:31.10ms
step:178/1480 train_time:5539ms step_avg:31.12ms
step:179/1480 train_time:5567ms step_avg:31.10ms
step:180/1480 train_time:5601ms step_avg:31.12ms
step:181/1480 train_time:5629ms step_avg:31.10ms
step:182/1480 train_time:5663ms step_avg:31.11ms
step:183/1480 train_time:5691ms step_avg:31.10ms
step:184/1480 train_time:5725ms step_avg:31.11ms
step:185/1480 train_time:5753ms step_avg:31.09ms
step:186/1480 train_time:5787ms step_avg:31.11ms
step:187/1480 train_time:5815ms step_avg:31.09ms
step:188/1480 train_time:5849ms step_avg:31.11ms
step:189/1480 train_time:5877ms step_avg:31.09ms
step:190/1480 train_time:5911ms step_avg:31.11ms
step:191/1480 train_time:5939ms step_avg:31.10ms
step:192/1480 train_time:5973ms step_avg:31.11ms
step:193/1480 train_time:6001ms step_avg:31.09ms
step:194/1480 train_time:6035ms step_avg:31.11ms
step:195/1480 train_time:6063ms step_avg:31.09ms
step:196/1480 train_time:6097ms step_avg:31.11ms
step:197/1480 train_time:6125ms step_avg:31.09ms
step:198/1480 train_time:6159ms step_avg:31.10ms
step:199/1480 train_time:6187ms step_avg:31.09ms
step:200/1480 train_time:6220ms step_avg:31.10ms
step:201/1480 train_time:6250ms step_avg:31.09ms
step:202/1480 train_time:6283ms step_avg:31.11ms
step:203/1480 train_time:6310ms step_avg:31.09ms
step:204/1480 train_time:6345ms step_avg:31.10ms
step:205/1480 train_time:6373ms step_avg:31.09ms
step:206/1480 train_time:6407ms step_avg:31.10ms
step:207/1480 train_time:6434ms step_avg:31.08ms
step:208/1480 train_time:6468ms step_avg:31.10ms
step:209/1480 train_time:6496ms step_avg:31.08ms
step:210/1480 train_time:6530ms step_avg:31.10ms
step:211/1480 train_time:6558ms step_avg:31.08ms
step:212/1480 train_time:6592ms step_avg:31.09ms
step:213/1480 train_time:6620ms step_avg:31.08ms
step:214/1480 train_time:6654ms step_avg:31.09ms
step:215/1480 train_time:6682ms step_avg:31.08ms
step:216/1480 train_time:6716ms step_avg:31.09ms
step:217/1480 train_time:6744ms step_avg:31.08ms
step:218/1480 train_time:6777ms step_avg:31.09ms
step:219/1480 train_time:6805ms step_avg:31.07ms
step:220/1480 train_time:6839ms step_avg:31.09ms
step:221/1480 train_time:6867ms step_avg:31.07ms
step:222/1480 train_time:6900ms step_avg:31.08ms
step:223/1480 train_time:6928ms step_avg:31.07ms
step:224/1480 train_time:6962ms step_avg:31.08ms
step:225/1480 train_time:6991ms step_avg:31.07ms
step:226/1480 train_time:7024ms step_avg:31.08ms
step:227/1480 train_time:7053ms step_avg:31.07ms
step:228/1480 train_time:7086ms step_avg:31.08ms
step:229/1480 train_time:7114ms step_avg:31.07ms
step:230/1480 train_time:7148ms step_avg:31.08ms
step:231/1480 train_time:7176ms step_avg:31.06ms
step:232/1480 train_time:7210ms step_avg:31.08ms
step:233/1480 train_time:7238ms step_avg:31.06ms
step:234/1480 train_time:7272ms step_avg:31.08ms
step:235/1480 train_time:7301ms step_avg:31.07ms
step:236/1480 train_time:7334ms step_avg:31.08ms
step:237/1480 train_time:7362ms step_avg:31.06ms
step:238/1480 train_time:7396ms step_avg:31.08ms
step:239/1480 train_time:7424ms step_avg:31.06ms
step:240/1480 train_time:7458ms step_avg:31.07ms
step:241/1480 train_time:7486ms step_avg:31.06ms
step:242/1480 train_time:7520ms step_avg:31.07ms
step:243/1480 train_time:7548ms step_avg:31.06ms
step:244/1480 train_time:7581ms step_avg:31.07ms
step:245/1480 train_time:7609ms step_avg:31.06ms
step:246/1480 train_time:7644ms step_avg:31.07ms
step:247/1480 train_time:7672ms step_avg:31.06ms
step:248/1480 train_time:7706ms step_avg:31.07ms
step:249/1480 train_time:7734ms step_avg:31.06ms
step:250/1480 train_time:7767ms step_avg:31.07ms
step:250/1480 val_loss:4.4891 train_time:7805ms step_avg:31.22ms
step:251/1480 train_time:7819ms step_avg:31.15ms
step:252/1480 train_time:7835ms step_avg:31.09ms
step:253/1480 train_time:7861ms step_avg:31.07ms
step:254/1480 train_time:7896ms step_avg:31.09ms
step:255/1480 train_time:7924ms step_avg:31.08ms
step:256/1480 train_time:7958ms step_avg:31.09ms
step:257/1480 train_time:7986ms step_avg:31.07ms
step:258/1480 train_time:8020ms step_avg:31.08ms
step:259/1480 train_time:8048ms step_avg:31.07ms
step:260/1480 train_time:8082ms step_avg:31.08ms
step:261/1480 train_time:8110ms step_avg:31.07ms
step:262/1480 train_time:8144ms step_avg:31.08ms
step:263/1480 train_time:8172ms step_avg:31.07ms
step:264/1480 train_time:8205ms step_avg:31.08ms
step:265/1480 train_time:8233ms step_avg:31.07ms
step:266/1480 train_time:8267ms step_avg:31.08ms
step:267/1480 train_time:8295ms step_avg:31.07ms
step:268/1480 train_time:8329ms step_avg:31.08ms
step:269/1480 train_time:8357ms step_avg:31.07ms
step:270/1480 train_time:8390ms step_avg:31.07ms
step:271/1480 train_time:8418ms step_avg:31.06ms
step:272/1480 train_time:8452ms step_avg:31.07ms
step:273/1480 train_time:8480ms step_avg:31.06ms
step:274/1480 train_time:8513ms step_avg:31.07ms
step:275/1480 train_time:8541ms step_avg:31.06ms
step:276/1480 train_time:8575ms step_avg:31.07ms
step:277/1480 train_time:8603ms step_avg:31.06ms
step:278/1480 train_time:8637ms step_avg:31.07ms
step:279/1480 train_time:8664ms step_avg:31.06ms
step:280/1480 train_time:8698ms step_avg:31.06ms
step:281/1480 train_time:8726ms step_avg:31.05ms
step:282/1480 train_time:8759ms step_avg:31.06ms
step:283/1480 train_time:8787ms step_avg:31.05ms
step:284/1480 train_time:8821ms step_avg:31.06ms
step:285/1480 train_time:8849ms step_avg:31.05ms
step:286/1480 train_time:8883ms step_avg:31.06ms
step:287/1480 train_time:8912ms step_avg:31.05ms
step:288/1480 train_time:8946ms step_avg:31.06ms
step:289/1480 train_time:8974ms step_avg:31.05ms
step:290/1480 train_time:9008ms step_avg:31.06ms
step:291/1480 train_time:9036ms step_avg:31.05ms
step:292/1480 train_time:9069ms step_avg:31.06ms
step:293/1480 train_time:9097ms step_avg:31.05ms
step:294/1480 train_time:9132ms step_avg:31.06ms
step:295/1480 train_time:9160ms step_avg:31.05ms
step:296/1480 train_time:9193ms step_avg:31.06ms
step:297/1480 train_time:9221ms step_avg:31.05ms
step:298/1480 train_time:9255ms step_avg:31.06ms
step:299/1480 train_time:9283ms step_avg:31.05ms
step:300/1480 train_time:9317ms step_avg:31.06ms
step:301/1480 train_time:9345ms step_avg:31.05ms
step:302/1480 train_time:9379ms step_avg:31.06ms
step:303/1480 train_time:9407ms step_avg:31.05ms
step:304/1480 train_time:9441ms step_avg:31.06ms
step:305/1480 train_time:9469ms step_avg:31.05ms
step:306/1480 train_time:9502ms step_avg:31.05ms
step:307/1480 train_time:9531ms step_avg:31.04ms
step:308/1480 train_time:9564ms step_avg:31.05ms
step:309/1480 train_time:9593ms step_avg:31.04ms
step:310/1480 train_time:9626ms step_avg:31.05ms
step:311/1480 train_time:9655ms step_avg:31.04ms
step:312/1480 train_time:9688ms step_avg:31.05ms
step:313/1480 train_time:9716ms step_avg:31.04ms
step:314/1480 train_time:9750ms step_avg:31.05ms
step:315/1480 train_time:9778ms step_avg:31.04ms
step:316/1480 train_time:9812ms step_avg:31.05ms
step:317/1480 train_time:9840ms step_avg:31.04ms
step:318/1480 train_time:9873ms step_avg:31.05ms
step:319/1480 train_time:9901ms step_avg:31.04ms
step:320/1480 train_time:9935ms step_avg:31.05ms
step:321/1480 train_time:9963ms step_avg:31.04ms
step:322/1480 train_time:9997ms step_avg:31.05ms
step:323/1480 train_time:10025ms step_avg:31.04ms
step:324/1480 train_time:10059ms step_avg:31.05ms
step:325/1480 train_time:10087ms step_avg:31.04ms
step:326/1480 train_time:10121ms step_avg:31.05ms
step:327/1480 train_time:10149ms step_avg:31.04ms
step:328/1480 train_time:10183ms step_avg:31.04ms
step:329/1480 train_time:10211ms step_avg:31.04ms
step:330/1480 train_time:10245ms step_avg:31.04ms
step:331/1480 train_time:10273ms step_avg:31.04ms
step:332/1480 train_time:10306ms step_avg:31.04ms
step:333/1480 train_time:10334ms step_avg:31.03ms
step:334/1480 train_time:10368ms step_avg:31.04ms
step:335/1480 train_time:10396ms step_avg:31.03ms
step:336/1480 train_time:10430ms step_avg:31.04ms
step:337/1480 train_time:10457ms step_avg:31.03ms
step:338/1480 train_time:10491ms step_avg:31.04ms
step:339/1480 train_time:10519ms step_avg:31.03ms
step:340/1480 train_time:10553ms step_avg:31.04ms
step:341/1480 train_time:10581ms step_avg:31.03ms
step:342/1480 train_time:10614ms step_avg:31.04ms
step:343/1480 train_time:10642ms step_avg:31.03ms
step:344/1480 train_time:10676ms step_avg:31.04ms
step:345/1480 train_time:10704ms step_avg:31.03ms
step:346/1480 train_time:10738ms step_avg:31.03ms
step:347/1480 train_time:10765ms step_avg:31.02ms
step:348/1480 train_time:10799ms step_avg:31.03ms
step:349/1480 train_time:10827ms step_avg:31.02ms
step:350/1480 train_time:10861ms step_avg:31.03ms
step:351/1480 train_time:10890ms step_avg:31.02ms
step:352/1480 train_time:10923ms step_avg:31.03ms
step:353/1480 train_time:10952ms step_avg:31.02ms
step:354/1480 train_time:10985ms step_avg:31.03ms
step:355/1480 train_time:11013ms step_avg:31.02ms
step:356/1480 train_time:11047ms step_avg:31.03ms
step:357/1480 train_time:11075ms step_avg:31.02ms
step:358/1480 train_time:11109ms step_avg:31.03ms
step:359/1480 train_time:11137ms step_avg:31.02ms
step:360/1480 train_time:11171ms step_avg:31.03ms
step:361/1480 train_time:11199ms step_avg:31.02ms
step:362/1480 train_time:11232ms step_avg:31.03ms
step:363/1480 train_time:11260ms step_avg:31.02ms
step:364/1480 train_time:11294ms step_avg:31.03ms
step:365/1480 train_time:11322ms step_avg:31.02ms
step:366/1480 train_time:11356ms step_avg:31.03ms
step:367/1480 train_time:11384ms step_avg:31.02ms
step:368/1480 train_time:11418ms step_avg:31.03ms
step:369/1480 train_time:11446ms step_avg:31.02ms
step:370/1480 train_time:11480ms step_avg:31.03ms
step:371/1480 train_time:11508ms step_avg:31.02ms
step:372/1480 train_time:11543ms step_avg:31.03ms
step:373/1480 train_time:11569ms step_avg:31.02ms
step:374/1480 train_time:11603ms step_avg:31.02ms
step:375/1480 train_time:11631ms step_avg:31.02ms
step:376/1480 train_time:11665ms step_avg:31.02ms
step:377/1480 train_time:11693ms step_avg:31.02ms
step:378/1480 train_time:11727ms step_avg:31.02ms
step:379/1480 train_time:11755ms step_avg:31.02ms
step:380/1480 train_time:11788ms step_avg:31.02ms
step:381/1480 train_time:11817ms step_avg:31.01ms
step:382/1480 train_time:11850ms step_avg:31.02ms
step:383/1480 train_time:11878ms step_avg:31.01ms
step:384/1480 train_time:11912ms step_avg:31.02ms
step:385/1480 train_time:11940ms step_avg:31.01ms
step:386/1480 train_time:11975ms step_avg:31.02ms
step:387/1480 train_time:12002ms step_avg:31.01ms
step:388/1480 train_time:12036ms step_avg:31.02ms
step:389/1480 train_time:12063ms step_avg:31.01ms
step:390/1480 train_time:12097ms step_avg:31.02ms
step:391/1480 train_time:12125ms step_avg:31.01ms
step:392/1480 train_time:12159ms step_avg:31.02ms
step:393/1480 train_time:12187ms step_avg:31.01ms
step:394/1480 train_time:12221ms step_avg:31.02ms
step:395/1480 train_time:12249ms step_avg:31.01ms
step:396/1480 train_time:12283ms step_avg:31.02ms
step:397/1480 train_time:12311ms step_avg:31.01ms
step:398/1480 train_time:12345ms step_avg:31.02ms
step:399/1480 train_time:12373ms step_avg:31.01ms
step:400/1480 train_time:12407ms step_avg:31.02ms
step:401/1480 train_time:12434ms step_avg:31.01ms
step:402/1480 train_time:12468ms step_avg:31.01ms
step:403/1480 train_time:12496ms step_avg:31.01ms
step:404/1480 train_time:12529ms step_avg:31.01ms
step:405/1480 train_time:12558ms step_avg:31.01ms
step:406/1480 train_time:12591ms step_avg:31.01ms
step:407/1480 train_time:12620ms step_avg:31.01ms
step:408/1480 train_time:12653ms step_avg:31.01ms
step:409/1480 train_time:12681ms step_avg:31.00ms
step:410/1480 train_time:12715ms step_avg:31.01ms
step:411/1480 train_time:12743ms step_avg:31.01ms
step:412/1480 train_time:12777ms step_avg:31.01ms
step:413/1480 train_time:12805ms step_avg:31.00ms
step:414/1480 train_time:12838ms step_avg:31.01ms
step:415/1480 train_time:12866ms step_avg:31.00ms
step:416/1480 train_time:12900ms step_avg:31.01ms
step:417/1480 train_time:12928ms step_avg:31.00ms
step:418/1480 train_time:12962ms step_avg:31.01ms
step:419/1480 train_time:12991ms step_avg:31.00ms
step:420/1480 train_time:13024ms step_avg:31.01ms
step:421/1480 train_time:13052ms step_avg:31.00ms
step:422/1480 train_time:13086ms step_avg:31.01ms
step:423/1480 train_time:13114ms step_avg:31.00ms
step:424/1480 train_time:13148ms step_avg:31.01ms
step:425/1480 train_time:13176ms step_avg:31.00ms
step:426/1480 train_time:13210ms step_avg:31.01ms
step:427/1480 train_time:13238ms step_avg:31.00ms
step:428/1480 train_time:13271ms step_avg:31.01ms
step:429/1480 train_time:13300ms step_avg:31.00ms
step:430/1480 train_time:13334ms step_avg:31.01ms
step:431/1480 train_time:13362ms step_avg:31.00ms
step:432/1480 train_time:13396ms step_avg:31.01ms
step:433/1480 train_time:13424ms step_avg:31.00ms
step:434/1480 train_time:13458ms step_avg:31.01ms
step:435/1480 train_time:13486ms step_avg:31.00ms
step:436/1480 train_time:13520ms step_avg:31.01ms
step:437/1480 train_time:13547ms step_avg:31.00ms
step:438/1480 train_time:13581ms step_avg:31.01ms
step:439/1480 train_time:13609ms step_avg:31.00ms
step:440/1480 train_time:13643ms step_avg:31.01ms
step:441/1480 train_time:13671ms step_avg:31.00ms
step:442/1480 train_time:13704ms step_avg:31.01ms
step:443/1480 train_time:13733ms step_avg:31.00ms
step:444/1480 train_time:13766ms step_avg:31.01ms
step:445/1480 train_time:13794ms step_avg:31.00ms
step:446/1480 train_time:13828ms step_avg:31.01ms
step:447/1480 train_time:13856ms step_avg:31.00ms
step:448/1480 train_time:13890ms step_avg:31.00ms
step:449/1480 train_time:13918ms step_avg:31.00ms
step:450/1480 train_time:13952ms step_avg:31.00ms
step:451/1480 train_time:13980ms step_avg:31.00ms
step:452/1480 train_time:14014ms step_avg:31.00ms
step:453/1480 train_time:14042ms step_avg:31.00ms
step:454/1480 train_time:14076ms step_avg:31.00ms
step:455/1480 train_time:14104ms step_avg:31.00ms
step:456/1480 train_time:14138ms step_avg:31.00ms
step:457/1480 train_time:14166ms step_avg:31.00ms
step:458/1480 train_time:14200ms step_avg:31.00ms
step:459/1480 train_time:14228ms step_avg:31.00ms
step:460/1480 train_time:14261ms step_avg:31.00ms
step:461/1480 train_time:14289ms step_avg:31.00ms
step:462/1480 train_time:14323ms step_avg:31.00ms
step:463/1480 train_time:14352ms step_avg:31.00ms
step:464/1480 train_time:14386ms step_avg:31.00ms
step:465/1480 train_time:14414ms step_avg:31.00ms
step:466/1480 train_time:14448ms step_avg:31.00ms
step:467/1480 train_time:14476ms step_avg:31.00ms
step:468/1480 train_time:14509ms step_avg:31.00ms
step:469/1480 train_time:14537ms step_avg:31.00ms
step:470/1480 train_time:14571ms step_avg:31.00ms
step:471/1480 train_time:14599ms step_avg:31.00ms
step:472/1480 train_time:14632ms step_avg:31.00ms
step:473/1480 train_time:14661ms step_avg:30.99ms
step:474/1480 train_time:14694ms step_avg:31.00ms
step:475/1480 train_time:14722ms step_avg:30.99ms
step:476/1480 train_time:14757ms step_avg:31.00ms
step:477/1480 train_time:14784ms step_avg:30.99ms
step:478/1480 train_time:14818ms step_avg:31.00ms
step:479/1480 train_time:14846ms step_avg:30.99ms
step:480/1480 train_time:14880ms step_avg:31.00ms
step:481/1480 train_time:14909ms step_avg:31.00ms
step:482/1480 train_time:14971ms step_avg:31.06ms
step:483/1480 train_time:15024ms step_avg:31.10ms
step:484/1480 train_time:15084ms step_avg:31.16ms
step:485/1480 train_time:15137ms step_avg:31.21ms
step:486/1480 train_time:15196ms step_avg:31.27ms
step:487/1480 train_time:15250ms step_avg:31.31ms
step:488/1480 train_time:15308ms step_avg:31.37ms
step:489/1480 train_time:15363ms step_avg:31.42ms
step:490/1480 train_time:15423ms step_avg:31.47ms
step:491/1480 train_time:15476ms step_avg:31.52ms
step:492/1480 train_time:15535ms step_avg:31.57ms
step:493/1480 train_time:15588ms step_avg:31.62ms
step:494/1480 train_time:15646ms step_avg:31.67ms
step:495/1480 train_time:15700ms step_avg:31.72ms
step:496/1480 train_time:15759ms step_avg:31.77ms
step:497/1480 train_time:15812ms step_avg:31.82ms
step:498/1480 train_time:15871ms step_avg:31.87ms
step:499/1480 train_time:15923ms step_avg:31.91ms
step:500/1480 train_time:15982ms step_avg:31.96ms
step:500/1480 val_loss:4.2218 train_time:16044ms step_avg:32.09ms
step:501/1480 train_time:16061ms step_avg:32.06ms
step:502/1480 train_time:16097ms step_avg:32.07ms
step:503/1480 train_time:16152ms step_avg:32.11ms
step:504/1480 train_time:16213ms step_avg:32.17ms
step:505/1480 train_time:16266ms step_avg:32.21ms
step:506/1480 train_time:16326ms step_avg:32.26ms
step:507/1480 train_time:16379ms step_avg:32.31ms
step:508/1480 train_time:16438ms step_avg:32.36ms
step:509/1480 train_time:16490ms step_avg:32.40ms
step:510/1480 train_time:16550ms step_avg:32.45ms
step:511/1480 train_time:16603ms step_avg:32.49ms
step:512/1480 train_time:16662ms step_avg:32.54ms
step:513/1480 train_time:16715ms step_avg:32.58ms
step:514/1480 train_time:16772ms step_avg:32.63ms
step:515/1480 train_time:16825ms step_avg:32.67ms
step:516/1480 train_time:16884ms step_avg:32.72ms
step:517/1480 train_time:16937ms step_avg:32.76ms
step:518/1480 train_time:16997ms step_avg:32.81ms
step:519/1480 train_time:17051ms step_avg:32.85ms
step:520/1480 train_time:17111ms step_avg:32.91ms
step:521/1480 train_time:17166ms step_avg:32.95ms
step:522/1480 train_time:17225ms step_avg:33.00ms
step:523/1480 train_time:17278ms step_avg:33.04ms
step:524/1480 train_time:17337ms step_avg:33.09ms
step:525/1480 train_time:17390ms step_avg:33.12ms
step:526/1480 train_time:17449ms step_avg:33.17ms
step:527/1480 train_time:17503ms step_avg:33.21ms
step:528/1480 train_time:17561ms step_avg:33.26ms
step:529/1480 train_time:17614ms step_avg:33.30ms
step:530/1480 train_time:17672ms step_avg:33.34ms
step:531/1480 train_time:17726ms step_avg:33.38ms
step:532/1480 train_time:17784ms step_avg:33.43ms
step:533/1480 train_time:17838ms step_avg:33.47ms
step:534/1480 train_time:17896ms step_avg:33.51ms
step:535/1480 train_time:17949ms step_avg:33.55ms
step:536/1480 train_time:18009ms step_avg:33.60ms
step:537/1480 train_time:18062ms step_avg:33.64ms
step:538/1480 train_time:18122ms step_avg:33.68ms
step:539/1480 train_time:18176ms step_avg:33.72ms
step:540/1480 train_time:18235ms step_avg:33.77ms
step:541/1480 train_time:18290ms step_avg:33.81ms
step:542/1480 train_time:18349ms step_avg:33.85ms
step:543/1480 train_time:18402ms step_avg:33.89ms
step:544/1480 train_time:18460ms step_avg:33.93ms
step:545/1480 train_time:18514ms step_avg:33.97ms
step:546/1480 train_time:18572ms step_avg:34.02ms
step:547/1480 train_time:18625ms step_avg:34.05ms
step:548/1480 train_time:18684ms step_avg:34.09ms
step:549/1480 train_time:18737ms step_avg:34.13ms
step:550/1480 train_time:18795ms step_avg:34.17ms
step:551/1480 train_time:18849ms step_avg:34.21ms
step:552/1480 train_time:18908ms step_avg:34.25ms
step:553/1480 train_time:18961ms step_avg:34.29ms
step:554/1480 train_time:19020ms step_avg:34.33ms
step:555/1480 train_time:19072ms step_avg:34.36ms
step:556/1480 train_time:19132ms step_avg:34.41ms
step:557/1480 train_time:19186ms step_avg:34.45ms
step:558/1480 train_time:19246ms step_avg:34.49ms
step:559/1480 train_time:19300ms step_avg:34.53ms
step:560/1480 train_time:19359ms step_avg:34.57ms
step:561/1480 train_time:19412ms step_avg:34.60ms
step:562/1480 train_time:19471ms step_avg:34.65ms
step:563/1480 train_time:19525ms step_avg:34.68ms
step:564/1480 train_time:19584ms step_avg:34.72ms
step:565/1480 train_time:19638ms step_avg:34.76ms
step:566/1480 train_time:19696ms step_avg:34.80ms
step:567/1480 train_time:19749ms step_avg:34.83ms
step:568/1480 train_time:19807ms step_avg:34.87ms
step:569/1480 train_time:19861ms step_avg:34.90ms
step:570/1480 train_time:19919ms step_avg:34.95ms
step:571/1480 train_time:19972ms step_avg:34.98ms
step:572/1480 train_time:20031ms step_avg:35.02ms
step:573/1480 train_time:20085ms step_avg:35.05ms
step:574/1480 train_time:20145ms step_avg:35.10ms
step:575/1480 train_time:20199ms step_avg:35.13ms
step:576/1480 train_time:20257ms step_avg:35.17ms
step:577/1480 train_time:20312ms step_avg:35.20ms
step:578/1480 train_time:20370ms step_avg:35.24ms
step:579/1480 train_time:20424ms step_avg:35.27ms
step:580/1480 train_time:20483ms step_avg:35.32ms
step:581/1480 train_time:20538ms step_avg:35.35ms
step:582/1480 train_time:20597ms step_avg:35.39ms
step:583/1480 train_time:20650ms step_avg:35.42ms
step:584/1480 train_time:20708ms step_avg:35.46ms
step:585/1480 train_time:20761ms step_avg:35.49ms
step:586/1480 train_time:20820ms step_avg:35.53ms
step:587/1480 train_time:20872ms step_avg:35.56ms
step:588/1480 train_time:20932ms step_avg:35.60ms
step:589/1480 train_time:20985ms step_avg:35.63ms
step:590/1480 train_time:21044ms step_avg:35.67ms
step:591/1480 train_time:21098ms step_avg:35.70ms
step:592/1480 train_time:21156ms step_avg:35.74ms
step:593/1480 train_time:21210ms step_avg:35.77ms
step:594/1480 train_time:21270ms step_avg:35.81ms
step:595/1480 train_time:21324ms step_avg:35.84ms
step:596/1480 train_time:21383ms step_avg:35.88ms
step:597/1480 train_time:21436ms step_avg:35.91ms
step:598/1480 train_time:21495ms step_avg:35.95ms
step:599/1480 train_time:21548ms step_avg:35.97ms
step:600/1480 train_time:21608ms step_avg:36.01ms
step:601/1480 train_time:21661ms step_avg:36.04ms
step:602/1480 train_time:21720ms step_avg:36.08ms
step:603/1480 train_time:21773ms step_avg:36.11ms
step:604/1480 train_time:21832ms step_avg:36.15ms
step:605/1480 train_time:21886ms step_avg:36.18ms
step:606/1480 train_time:21944ms step_avg:36.21ms
step:607/1480 train_time:21998ms step_avg:36.24ms
step:608/1480 train_time:22057ms step_avg:36.28ms
step:609/1480 train_time:22110ms step_avg:36.31ms
step:610/1480 train_time:22170ms step_avg:36.34ms
step:611/1480 train_time:22223ms step_avg:36.37ms
step:612/1480 train_time:22282ms step_avg:36.41ms
step:613/1480 train_time:22336ms step_avg:36.44ms
step:614/1480 train_time:22395ms step_avg:36.47ms
step:615/1480 train_time:22449ms step_avg:36.50ms
step:616/1480 train_time:22507ms step_avg:36.54ms
step:617/1480 train_time:22562ms step_avg:36.57ms
step:618/1480 train_time:22621ms step_avg:36.60ms
step:619/1480 train_time:22675ms step_avg:36.63ms
step:620/1480 train_time:22733ms step_avg:36.67ms
step:621/1480 train_time:22786ms step_avg:36.69ms
step:622/1480 train_time:22845ms step_avg:36.73ms
step:623/1480 train_time:22897ms step_avg:36.75ms
step:624/1480 train_time:22956ms step_avg:36.79ms
step:625/1480 train_time:23010ms step_avg:36.82ms
step:626/1480 train_time:23069ms step_avg:36.85ms
step:627/1480 train_time:23123ms step_avg:36.88ms
step:628/1480 train_time:23183ms step_avg:36.92ms
step:629/1480 train_time:23235ms step_avg:36.94ms
step:630/1480 train_time:23295ms step_avg:36.98ms
step:631/1480 train_time:23349ms step_avg:37.00ms
step:632/1480 train_time:23408ms step_avg:37.04ms
step:633/1480 train_time:23461ms step_avg:37.06ms
step:634/1480 train_time:23520ms step_avg:37.10ms
step:635/1480 train_time:23573ms step_avg:37.12ms
step:636/1480 train_time:23632ms step_avg:37.16ms
step:637/1480 train_time:23687ms step_avg:37.18ms
step:638/1480 train_time:23746ms step_avg:37.22ms
step:639/1480 train_time:23799ms step_avg:37.24ms
step:640/1480 train_time:23858ms step_avg:37.28ms
step:641/1480 train_time:23911ms step_avg:37.30ms
step:642/1480 train_time:23970ms step_avg:37.34ms
step:643/1480 train_time:24024ms step_avg:37.36ms
step:644/1480 train_time:24084ms step_avg:37.40ms
step:645/1480 train_time:24137ms step_avg:37.42ms
step:646/1480 train_time:24196ms step_avg:37.45ms
step:647/1480 train_time:24249ms step_avg:37.48ms
step:648/1480 train_time:24308ms step_avg:37.51ms
step:649/1480 train_time:24361ms step_avg:37.54ms
step:650/1480 train_time:24421ms step_avg:37.57ms
step:651/1480 train_time:24473ms step_avg:37.59ms
step:652/1480 train_time:24533ms step_avg:37.63ms
step:653/1480 train_time:24587ms step_avg:37.65ms
step:654/1480 train_time:24646ms step_avg:37.68ms
step:655/1480 train_time:24699ms step_avg:37.71ms
step:656/1480 train_time:24757ms step_avg:37.74ms
step:657/1480 train_time:24811ms step_avg:37.76ms
step:658/1480 train_time:24871ms step_avg:37.80ms
step:659/1480 train_time:24924ms step_avg:37.82ms
step:660/1480 train_time:24984ms step_avg:37.86ms
step:661/1480 train_time:25037ms step_avg:37.88ms
step:662/1480 train_time:25096ms step_avg:37.91ms
step:663/1480 train_time:25149ms step_avg:37.93ms
step:664/1480 train_time:25209ms step_avg:37.97ms
step:665/1480 train_time:25262ms step_avg:37.99ms
step:666/1480 train_time:25322ms step_avg:38.02ms
step:667/1480 train_time:25375ms step_avg:38.04ms
step:668/1480 train_time:25434ms step_avg:38.07ms
step:669/1480 train_time:25487ms step_avg:38.10ms
step:670/1480 train_time:25546ms step_avg:38.13ms
step:671/1480 train_time:25599ms step_avg:38.15ms
step:672/1480 train_time:25658ms step_avg:38.18ms
step:673/1480 train_time:25712ms step_avg:38.20ms
step:674/1480 train_time:25771ms step_avg:38.24ms
step:675/1480 train_time:25825ms step_avg:38.26ms
step:676/1480 train_time:25884ms step_avg:38.29ms
step:677/1480 train_time:25937ms step_avg:38.31ms
step:678/1480 train_time:25996ms step_avg:38.34ms
step:679/1480 train_time:26051ms step_avg:38.37ms
step:680/1480 train_time:26110ms step_avg:38.40ms
step:681/1480 train_time:26163ms step_avg:38.42ms
step:682/1480 train_time:26222ms step_avg:38.45ms
step:683/1480 train_time:26275ms step_avg:38.47ms
step:684/1480 train_time:26334ms step_avg:38.50ms
step:685/1480 train_time:26388ms step_avg:38.52ms
step:686/1480 train_time:26447ms step_avg:38.55ms
step:687/1480 train_time:26500ms step_avg:38.57ms
step:688/1480 train_time:26559ms step_avg:38.60ms
step:689/1480 train_time:26611ms step_avg:38.62ms
step:690/1480 train_time:26671ms step_avg:38.65ms
step:691/1480 train_time:26724ms step_avg:38.67ms
step:692/1480 train_time:26784ms step_avg:38.70ms
step:693/1480 train_time:26836ms step_avg:38.72ms
step:694/1480 train_time:26896ms step_avg:38.75ms
step:695/1480 train_time:26949ms step_avg:38.78ms
step:696/1480 train_time:27009ms step_avg:38.81ms
step:697/1480 train_time:27062ms step_avg:38.83ms
step:698/1480 train_time:27122ms step_avg:38.86ms
step:699/1480 train_time:27175ms step_avg:38.88ms
step:700/1480 train_time:27233ms step_avg:38.90ms
step:701/1480 train_time:27288ms step_avg:38.93ms
step:702/1480 train_time:27346ms step_avg:38.95ms
step:703/1480 train_time:27399ms step_avg:38.97ms
step:704/1480 train_time:27458ms step_avg:39.00ms
step:705/1480 train_time:27511ms step_avg:39.02ms
step:706/1480 train_time:27570ms step_avg:39.05ms
step:707/1480 train_time:27624ms step_avg:39.07ms
step:708/1480 train_time:27684ms step_avg:39.10ms
step:709/1480 train_time:27737ms step_avg:39.12ms
step:710/1480 train_time:27796ms step_avg:39.15ms
step:711/1480 train_time:27849ms step_avg:39.17ms
step:712/1480 train_time:27908ms step_avg:39.20ms
step:713/1480 train_time:27962ms step_avg:39.22ms
step:714/1480 train_time:28021ms step_avg:39.25ms
step:715/1480 train_time:28075ms step_avg:39.27ms
step:716/1480 train_time:28133ms step_avg:39.29ms
step:717/1480 train_time:28187ms step_avg:39.31ms
step:718/1480 train_time:28246ms step_avg:39.34ms
step:719/1480 train_time:28300ms step_avg:39.36ms
step:720/1480 train_time:28359ms step_avg:39.39ms
step:721/1480 train_time:28412ms step_avg:39.41ms
step:722/1480 train_time:28472ms step_avg:39.43ms
step:723/1480 train_time:28526ms step_avg:39.45ms
step:724/1480 train_time:28586ms step_avg:39.48ms
step:725/1480 train_time:28640ms step_avg:39.50ms
step:726/1480 train_time:28698ms step_avg:39.53ms
step:727/1480 train_time:28752ms step_avg:39.55ms
step:728/1480 train_time:28811ms step_avg:39.58ms
step:729/1480 train_time:28864ms step_avg:39.59ms
step:730/1480 train_time:28924ms step_avg:39.62ms
step:731/1480 train_time:28978ms step_avg:39.64ms
step:732/1480 train_time:29037ms step_avg:39.67ms
step:733/1480 train_time:29090ms step_avg:39.69ms
step:734/1480 train_time:29149ms step_avg:39.71ms
step:735/1480 train_time:29202ms step_avg:39.73ms
step:736/1480 train_time:29261ms step_avg:39.76ms
step:737/1480 train_time:29314ms step_avg:39.77ms
step:738/1480 train_time:29373ms step_avg:39.80ms
step:739/1480 train_time:29428ms step_avg:39.82ms
step:740/1480 train_time:29487ms step_avg:39.85ms
step:741/1480 train_time:29539ms step_avg:39.86ms
step:742/1480 train_time:29599ms step_avg:39.89ms
step:743/1480 train_time:29653ms step_avg:39.91ms
step:744/1480 train_time:29712ms step_avg:39.93ms
step:745/1480 train_time:29764ms step_avg:39.95ms
step:746/1480 train_time:29824ms step_avg:39.98ms
step:747/1480 train_time:29877ms step_avg:40.00ms
step:748/1480 train_time:29936ms step_avg:40.02ms
step:749/1480 train_time:29989ms step_avg:40.04ms
step:750/1480 train_time:30048ms step_avg:40.06ms
step:750/1480 val_loss:3.7975 train_time:30111ms step_avg:40.15ms
step:751/1480 train_time:30126ms step_avg:40.11ms
step:752/1480 train_time:30163ms step_avg:40.11ms
step:753/1480 train_time:30217ms step_avg:40.13ms
step:754/1480 train_time:30278ms step_avg:40.16ms
step:755/1480 train_time:30332ms step_avg:40.18ms
step:756/1480 train_time:30391ms step_avg:40.20ms
step:757/1480 train_time:30445ms step_avg:40.22ms
step:758/1480 train_time:30503ms step_avg:40.24ms
step:759/1480 train_time:30557ms step_avg:40.26ms
step:760/1480 train_time:30615ms step_avg:40.28ms
step:761/1480 train_time:30669ms step_avg:40.30ms
step:762/1480 train_time:30727ms step_avg:40.32ms
step:763/1480 train_time:30779ms step_avg:40.34ms
step:764/1480 train_time:30838ms step_avg:40.36ms
step:765/1480 train_time:30891ms step_avg:40.38ms
step:766/1480 train_time:30949ms step_avg:40.40ms
step:767/1480 train_time:31001ms step_avg:40.42ms
step:768/1480 train_time:31061ms step_avg:40.44ms
step:769/1480 train_time:31115ms step_avg:40.46ms
step:770/1480 train_time:31174ms step_avg:40.49ms
step:771/1480 train_time:31228ms step_avg:40.50ms
step:772/1480 train_time:31288ms step_avg:40.53ms
step:773/1480 train_time:31343ms step_avg:40.55ms
step:774/1480 train_time:31403ms step_avg:40.57ms
step:775/1480 train_time:31456ms step_avg:40.59ms
step:776/1480 train_time:31515ms step_avg:40.61ms
step:777/1480 train_time:31568ms step_avg:40.63ms
step:778/1480 train_time:31626ms step_avg:40.65ms
step:779/1480 train_time:31679ms step_avg:40.67ms
step:780/1480 train_time:31738ms step_avg:40.69ms
step:781/1480 train_time:31791ms step_avg:40.71ms
step:782/1480 train_time:31849ms step_avg:40.73ms
step:783/1480 train_time:31902ms step_avg:40.74ms
step:784/1480 train_time:31960ms step_avg:40.77ms
step:785/1480 train_time:32014ms step_avg:40.78ms
step:786/1480 train_time:32072ms step_avg:40.80ms
step:787/1480 train_time:32126ms step_avg:40.82ms
step:788/1480 train_time:32186ms step_avg:40.84ms
step:789/1480 train_time:32240ms step_avg:40.86ms
step:790/1480 train_time:32299ms step_avg:40.89ms
step:791/1480 train_time:32354ms step_avg:40.90ms
step:792/1480 train_time:32412ms step_avg:40.92ms
step:793/1480 train_time:32465ms step_avg:40.94ms
step:794/1480 train_time:32524ms step_avg:40.96ms
step:795/1480 train_time:32577ms step_avg:40.98ms
step:796/1480 train_time:32636ms step_avg:41.00ms
step:797/1480 train_time:32689ms step_avg:41.01ms
step:798/1480 train_time:32748ms step_avg:41.04ms
step:799/1480 train_time:32801ms step_avg:41.05ms
step:800/1480 train_time:32860ms step_avg:41.07ms
step:801/1480 train_time:32912ms step_avg:41.09ms
step:802/1480 train_time:32971ms step_avg:41.11ms
step:803/1480 train_time:33024ms step_avg:41.13ms
step:804/1480 train_time:33083ms step_avg:41.15ms
step:805/1480 train_time:33137ms step_avg:41.16ms
step:806/1480 train_time:33196ms step_avg:41.19ms
step:807/1480 train_time:33251ms step_avg:41.20ms
step:808/1480 train_time:33309ms step_avg:41.22ms
step:809/1480 train_time:33363ms step_avg:41.24ms
step:810/1480 train_time:33423ms step_avg:41.26ms
step:811/1480 train_time:33477ms step_avg:41.28ms
step:812/1480 train_time:33536ms step_avg:41.30ms
step:813/1480 train_time:33588ms step_avg:41.31ms
step:814/1480 train_time:33647ms step_avg:41.34ms
step:815/1480 train_time:33700ms step_avg:41.35ms
step:816/1480 train_time:33759ms step_avg:41.37ms
step:817/1480 train_time:33813ms step_avg:41.39ms
step:818/1480 train_time:33871ms step_avg:41.41ms
step:819/1480 train_time:33924ms step_avg:41.42ms
step:820/1480 train_time:33983ms step_avg:41.44ms
step:821/1480 train_time:34036ms step_avg:41.46ms
step:822/1480 train_time:34095ms step_avg:41.48ms
step:823/1480 train_time:34149ms step_avg:41.49ms
step:824/1480 train_time:34207ms step_avg:41.51ms
step:825/1480 train_time:34262ms step_avg:41.53ms
step:826/1480 train_time:34322ms step_avg:41.55ms
step:827/1480 train_time:34375ms step_avg:41.57ms
step:828/1480 train_time:34434ms step_avg:41.59ms
step:829/1480 train_time:34487ms step_avg:41.60ms
step:830/1480 train_time:34545ms step_avg:41.62ms
step:831/1480 train_time:34600ms step_avg:41.64ms
step:832/1480 train_time:34658ms step_avg:41.66ms
step:833/1480 train_time:34711ms step_avg:41.67ms
step:834/1480 train_time:34769ms step_avg:41.69ms
step:835/1480 train_time:34823ms step_avg:41.70ms
step:836/1480 train_time:34882ms step_avg:41.72ms
step:837/1480 train_time:34935ms step_avg:41.74ms
step:838/1480 train_time:34994ms step_avg:41.76ms
step:839/1480 train_time:35047ms step_avg:41.77ms
step:840/1480 train_time:35106ms step_avg:41.79ms
step:841/1480 train_time:35160ms step_avg:41.81ms
step:842/1480 train_time:35219ms step_avg:41.83ms
step:843/1480 train_time:35273ms step_avg:41.84ms
step:844/1480 train_time:35333ms step_avg:41.86ms
step:845/1480 train_time:35386ms step_avg:41.88ms
step:846/1480 train_time:35445ms step_avg:41.90ms
step:847/1480 train_time:35498ms step_avg:41.91ms
step:848/1480 train_time:35558ms step_avg:41.93ms
step:849/1480 train_time:35611ms step_avg:41.94ms
step:850/1480 train_time:35669ms step_avg:41.96ms
step:851/1480 train_time:35723ms step_avg:41.98ms
step:852/1480 train_time:35781ms step_avg:42.00ms
step:853/1480 train_time:35835ms step_avg:42.01ms
step:854/1480 train_time:35894ms step_avg:42.03ms
step:855/1480 train_time:35946ms step_avg:42.04ms
step:856/1480 train_time:36005ms step_avg:42.06ms
step:857/1480 train_time:36058ms step_avg:42.07ms
step:858/1480 train_time:36118ms step_avg:42.09ms
step:859/1480 train_time:36171ms step_avg:42.11ms
step:860/1480 train_time:36230ms step_avg:42.13ms
step:861/1480 train_time:36284ms step_avg:42.14ms
step:862/1480 train_time:36343ms step_avg:42.16ms
step:863/1480 train_time:36396ms step_avg:42.17ms
step:864/1480 train_time:36455ms step_avg:42.19ms
step:865/1480 train_time:36509ms step_avg:42.21ms
step:866/1480 train_time:36567ms step_avg:42.23ms
step:867/1480 train_time:36621ms step_avg:42.24ms
step:868/1480 train_time:36680ms step_avg:42.26ms
step:869/1480 train_time:36734ms step_avg:42.27ms
step:870/1480 train_time:36792ms step_avg:42.29ms
step:871/1480 train_time:36845ms step_avg:42.30ms
step:872/1480 train_time:36904ms step_avg:42.32ms
step:873/1480 train_time:36957ms step_avg:42.33ms
step:874/1480 train_time:37016ms step_avg:42.35ms
step:875/1480 train_time:37069ms step_avg:42.36ms
step:876/1480 train_time:37128ms step_avg:42.38ms
step:877/1480 train_time:37183ms step_avg:42.40ms
step:878/1480 train_time:37242ms step_avg:42.42ms
step:879/1480 train_time:37296ms step_avg:42.43ms
step:880/1480 train_time:37354ms step_avg:42.45ms
step:881/1480 train_time:37407ms step_avg:42.46ms
step:882/1480 train_time:37466ms step_avg:42.48ms
step:883/1480 train_time:37520ms step_avg:42.49ms
step:884/1480 train_time:37579ms step_avg:42.51ms
step:885/1480 train_time:37633ms step_avg:42.52ms
step:886/1480 train_time:37692ms step_avg:42.54ms
step:887/1480 train_time:37745ms step_avg:42.55ms
step:888/1480 train_time:37803ms step_avg:42.57ms
step:889/1480 train_time:37857ms step_avg:42.58ms
step:890/1480 train_time:37916ms step_avg:42.60ms
step:891/1480 train_time:37969ms step_avg:42.61ms
step:892/1480 train_time:38028ms step_avg:42.63ms
step:893/1480 train_time:38081ms step_avg:42.64ms
step:894/1480 train_time:38140ms step_avg:42.66ms
step:895/1480 train_time:38194ms step_avg:42.67ms
step:896/1480 train_time:38253ms step_avg:42.69ms
step:897/1480 train_time:38306ms step_avg:42.70ms
step:898/1480 train_time:38364ms step_avg:42.72ms
step:899/1480 train_time:38419ms step_avg:42.74ms
step:900/1480 train_time:38478ms step_avg:42.75ms
step:901/1480 train_time:38532ms step_avg:42.77ms
step:902/1480 train_time:38590ms step_avg:42.78ms
step:903/1480 train_time:38644ms step_avg:42.79ms
step:904/1480 train_time:38702ms step_avg:42.81ms
step:905/1480 train_time:38756ms step_avg:42.82ms
step:906/1480 train_time:38815ms step_avg:42.84ms
step:907/1480 train_time:38868ms step_avg:42.85ms
step:908/1480 train_time:38927ms step_avg:42.87ms
step:909/1480 train_time:38980ms step_avg:42.88ms
step:910/1480 train_time:39040ms step_avg:42.90ms
step:911/1480 train_time:39094ms step_avg:42.91ms
step:912/1480 train_time:39152ms step_avg:42.93ms
step:913/1480 train_time:39205ms step_avg:42.94ms
step:914/1480 train_time:39264ms step_avg:42.96ms
step:915/1480 train_time:39317ms step_avg:42.97ms
step:916/1480 train_time:39376ms step_avg:42.99ms
step:917/1480 train_time:39430ms step_avg:43.00ms
step:918/1480 train_time:39489ms step_avg:43.02ms
step:919/1480 train_time:39543ms step_avg:43.03ms
step:920/1480 train_time:39601ms step_avg:43.04ms
step:921/1480 train_time:39655ms step_avg:43.06ms
step:922/1480 train_time:39713ms step_avg:43.07ms
step:923/1480 train_time:39767ms step_avg:43.08ms
step:924/1480 train_time:39826ms step_avg:43.10ms
step:925/1480 train_time:39880ms step_avg:43.11ms
step:926/1480 train_time:39939ms step_avg:43.13ms
step:927/1480 train_time:39993ms step_avg:43.14ms
step:928/1480 train_time:40052ms step_avg:43.16ms
step:929/1480 train_time:40105ms step_avg:43.17ms
step:930/1480 train_time:40164ms step_avg:43.19ms
step:931/1480 train_time:40217ms step_avg:43.20ms
step:932/1480 train_time:40277ms step_avg:43.22ms
step:933/1480 train_time:40331ms step_avg:43.23ms
step:934/1480 train_time:40389ms step_avg:43.24ms
step:935/1480 train_time:40442ms step_avg:43.25ms
step:936/1480 train_time:40502ms step_avg:43.27ms
step:937/1480 train_time:40556ms step_avg:43.28ms
step:938/1480 train_time:40614ms step_avg:43.30ms
step:939/1480 train_time:40668ms step_avg:43.31ms
step:940/1480 train_time:40727ms step_avg:43.33ms
step:941/1480 train_time:40780ms step_avg:43.34ms
step:942/1480 train_time:40840ms step_avg:43.35ms
step:943/1480 train_time:40893ms step_avg:43.36ms
step:944/1480 train_time:40951ms step_avg:43.38ms
step:945/1480 train_time:41003ms step_avg:43.39ms
step:946/1480 train_time:41062ms step_avg:43.41ms
step:947/1480 train_time:41116ms step_avg:43.42ms
step:948/1480 train_time:41175ms step_avg:43.43ms
step:949/1480 train_time:41229ms step_avg:43.44ms
step:950/1480 train_time:41287ms step_avg:43.46ms
step:951/1480 train_time:41342ms step_avg:43.47ms
step:952/1480 train_time:41401ms step_avg:43.49ms
step:953/1480 train_time:41455ms step_avg:43.50ms
step:954/1480 train_time:41514ms step_avg:43.52ms
step:955/1480 train_time:41567ms step_avg:43.53ms
step:956/1480 train_time:41626ms step_avg:43.54ms
step:957/1480 train_time:41679ms step_avg:43.55ms
step:958/1480 train_time:41738ms step_avg:43.57ms
step:959/1480 train_time:41792ms step_avg:43.58ms
step:960/1480 train_time:41851ms step_avg:43.59ms
step:961/1480 train_time:41905ms step_avg:43.61ms
step:962/1480 train_time:41993ms step_avg:43.65ms
step:963/1480 train_time:42070ms step_avg:43.69ms
step:964/1480 train_time:42156ms step_avg:43.73ms
step:965/1480 train_time:42235ms step_avg:43.77ms
step:966/1480 train_time:42319ms step_avg:43.81ms
step:967/1480 train_time:42398ms step_avg:43.84ms
step:968/1480 train_time:42483ms step_avg:43.89ms
step:969/1480 train_time:42562ms step_avg:43.92ms
step:970/1480 train_time:42646ms step_avg:43.97ms
step:971/1480 train_time:42725ms step_avg:44.00ms
step:972/1480 train_time:42810ms step_avg:44.04ms
step:973/1480 train_time:42891ms step_avg:44.08ms
step:974/1480 train_time:42977ms step_avg:44.12ms
step:975/1480 train_time:43056ms step_avg:44.16ms
step:976/1480 train_time:43140ms step_avg:44.20ms
step:977/1480 train_time:43218ms step_avg:44.24ms
step:978/1480 train_time:43302ms step_avg:44.28ms
step:979/1480 train_time:43381ms step_avg:44.31ms
step:980/1480 train_time:43466ms step_avg:44.35ms
step:981/1480 train_time:43545ms step_avg:44.39ms
step:982/1480 train_time:43629ms step_avg:44.43ms
step:983/1480 train_time:43708ms step_avg:44.46ms
step:984/1480 train_time:43793ms step_avg:44.50ms
step:985/1480 train_time:43872ms step_avg:44.54ms
step:986/1480 train_time:43958ms step_avg:44.58ms
step:987/1480 train_time:44038ms step_avg:44.62ms
step:988/1480 train_time:44123ms step_avg:44.66ms
step:989/1480 train_time:44202ms step_avg:44.69ms
step:990/1480 train_time:44287ms step_avg:44.73ms
step:991/1480 train_time:44367ms step_avg:44.77ms
step:992/1480 train_time:44451ms step_avg:44.81ms
step:993/1480 train_time:44530ms step_avg:44.84ms
step:994/1480 train_time:44612ms step_avg:44.88ms
step:995/1480 train_time:44692ms step_avg:44.92ms
step:996/1480 train_time:44776ms step_avg:44.96ms
step:997/1480 train_time:44855ms step_avg:44.99ms
step:998/1480 train_time:44940ms step_avg:45.03ms
step:999/1480 train_time:45019ms step_avg:45.06ms
step:1000/1480 train_time:45104ms step_avg:45.10ms
step:1000/1480 val_loss:3.5106 train_time:45193ms step_avg:45.19ms
step:1001/1480 train_time:45208ms step_avg:45.16ms
step:1002/1480 train_time:45272ms step_avg:45.18ms
step:1003/1480 train_time:45353ms step_avg:45.22ms
step:1004/1480 train_time:45441ms step_avg:45.26ms
step:1005/1480 train_time:45521ms step_avg:45.29ms
step:1006/1480 train_time:45604ms step_avg:45.33ms
step:1007/1480 train_time:45683ms step_avg:45.37ms
step:1008/1480 train_time:45767ms step_avg:45.40ms
step:1009/1480 train_time:45844ms step_avg:45.43ms
step:1010/1480 train_time:45928ms step_avg:45.47ms
step:1011/1480 train_time:46006ms step_avg:45.51ms
step:1012/1480 train_time:46089ms step_avg:45.54ms
step:1013/1480 train_time:46169ms step_avg:45.58ms
step:1014/1480 train_time:46256ms step_avg:45.62ms
step:1015/1480 train_time:46336ms step_avg:45.65ms
step:1016/1480 train_time:46424ms step_avg:45.69ms
step:1017/1480 train_time:46503ms step_avg:45.73ms
step:1018/1480 train_time:46587ms step_avg:45.76ms
step:1019/1480 train_time:46666ms step_avg:45.80ms
step:1020/1480 train_time:46750ms step_avg:45.83ms
step:1021/1480 train_time:46829ms step_avg:45.87ms
step:1022/1480 train_time:46913ms step_avg:45.90ms
step:1023/1480 train_time:46992ms step_avg:45.94ms
step:1024/1480 train_time:47076ms step_avg:45.97ms
step:1025/1480 train_time:47154ms step_avg:46.00ms
step:1026/1480 train_time:47240ms step_avg:46.04ms
step:1027/1480 train_time:47320ms step_avg:46.08ms
step:1028/1480 train_time:47406ms step_avg:46.12ms
step:1029/1480 train_time:47485ms step_avg:46.15ms
step:1030/1480 train_time:47571ms step_avg:46.19ms
step:1031/1480 train_time:47649ms step_avg:46.22ms
step:1032/1480 train_time:47734ms step_avg:46.25ms
step:1033/1480 train_time:47814ms step_avg:46.29ms
step:1034/1480 train_time:47898ms step_avg:46.32ms
step:1035/1480 train_time:47977ms step_avg:46.35ms
step:1036/1480 train_time:48062ms step_avg:46.39ms
step:1037/1480 train_time:48141ms step_avg:46.42ms
step:1038/1480 train_time:48226ms step_avg:46.46ms
step:1039/1480 train_time:48305ms step_avg:46.49ms
step:1040/1480 train_time:48389ms step_avg:46.53ms
step:1041/1480 train_time:48470ms step_avg:46.56ms
step:1042/1480 train_time:48555ms step_avg:46.60ms
step:1043/1480 train_time:48634ms step_avg:46.63ms
step:1044/1480 train_time:48718ms step_avg:46.66ms
step:1045/1480 train_time:48797ms step_avg:46.70ms
step:1046/1480 train_time:48883ms step_avg:46.73ms
step:1047/1480 train_time:48961ms step_avg:46.76ms
step:1048/1480 train_time:49045ms step_avg:46.80ms
step:1049/1480 train_time:49123ms step_avg:46.83ms
step:1050/1480 train_time:49208ms step_avg:46.86ms
step:1051/1480 train_time:49288ms step_avg:46.90ms
step:1052/1480 train_time:49373ms step_avg:46.93ms
step:1053/1480 train_time:49452ms step_avg:46.96ms
step:1054/1480 train_time:49536ms step_avg:47.00ms
step:1055/1480 train_time:49616ms step_avg:47.03ms
step:1056/1480 train_time:49701ms step_avg:47.07ms
step:1057/1480 train_time:49779ms step_avg:47.09ms
step:1058/1480 train_time:49864ms step_avg:47.13ms
step:1059/1480 train_time:49944ms step_avg:47.16ms
step:1060/1480 train_time:50028ms step_avg:47.20ms
step:1061/1480 train_time:50107ms step_avg:47.23ms
step:1062/1480 train_time:50192ms step_avg:47.26ms
step:1063/1480 train_time:50272ms step_avg:47.29ms
step:1064/1480 train_time:50356ms step_avg:47.33ms
step:1065/1480 train_time:50435ms step_avg:47.36ms
step:1066/1480 train_time:50520ms step_avg:47.39ms
step:1067/1480 train_time:50599ms step_avg:47.42ms
step:1068/1480 train_time:50684ms step_avg:47.46ms
step:1069/1480 train_time:50763ms step_avg:47.49ms
step:1070/1480 train_time:50847ms step_avg:47.52ms
step:1071/1480 train_time:50925ms step_avg:47.55ms
step:1072/1480 train_time:51010ms step_avg:47.58ms
step:1073/1480 train_time:51088ms step_avg:47.61ms
step:1074/1480 train_time:51174ms step_avg:47.65ms
step:1075/1480 train_time:51254ms step_avg:47.68ms
step:1076/1480 train_time:51337ms step_avg:47.71ms
step:1077/1480 train_time:51417ms step_avg:47.74ms
step:1078/1480 train_time:51502ms step_avg:47.78ms
step:1079/1480 train_time:51582ms step_avg:47.80ms
step:1080/1480 train_time:51667ms step_avg:47.84ms
step:1081/1480 train_time:51746ms step_avg:47.87ms
step:1082/1480 train_time:51831ms step_avg:47.90ms
step:1083/1480 train_time:51910ms step_avg:47.93ms
step:1084/1480 train_time:51994ms step_avg:47.97ms
step:1085/1480 train_time:52073ms step_avg:47.99ms
step:1086/1480 train_time:52157ms step_avg:48.03ms
step:1087/1480 train_time:52236ms step_avg:48.06ms
step:1088/1480 train_time:52321ms step_avg:48.09ms
step:1089/1480 train_time:52401ms step_avg:48.12ms
step:1090/1480 train_time:52486ms step_avg:48.15ms
step:1091/1480 train_time:52566ms step_avg:48.18ms
step:1092/1480 train_time:52650ms step_avg:48.21ms
step:1093/1480 train_time:52728ms step_avg:48.24ms
step:1094/1480 train_time:52814ms step_avg:48.28ms
step:1095/1480 train_time:52892ms step_avg:48.30ms
step:1096/1480 train_time:52978ms step_avg:48.34ms
step:1097/1480 train_time:53057ms step_avg:48.37ms
step:1098/1480 train_time:53141ms step_avg:48.40ms
step:1099/1480 train_time:53222ms step_avg:48.43ms
step:1100/1480 train_time:53305ms step_avg:48.46ms
step:1101/1480 train_time:53384ms step_avg:48.49ms
step:1102/1480 train_time:53469ms step_avg:48.52ms
step:1103/1480 train_time:53548ms step_avg:48.55ms
step:1104/1480 train_time:53633ms step_avg:48.58ms
step:1105/1480 train_time:53712ms step_avg:48.61ms
step:1106/1480 train_time:53798ms step_avg:48.64ms
step:1107/1480 train_time:53876ms step_avg:48.67ms
step:1108/1480 train_time:53961ms step_avg:48.70ms
step:1109/1480 train_time:54039ms step_avg:48.73ms
step:1110/1480 train_time:54124ms step_avg:48.76ms
step:1111/1480 train_time:54204ms step_avg:48.79ms
step:1112/1480 train_time:54287ms step_avg:48.82ms
step:1113/1480 train_time:54368ms step_avg:48.85ms
step:1114/1480 train_time:54453ms step_avg:48.88ms
step:1115/1480 train_time:54532ms step_avg:48.91ms
step:1116/1480 train_time:54617ms step_avg:48.94ms
step:1117/1480 train_time:54697ms step_avg:48.97ms
step:1118/1480 train_time:54783ms step_avg:49.00ms
step:1119/1480 train_time:54862ms step_avg:49.03ms
step:1120/1480 train_time:54946ms step_avg:49.06ms
step:1121/1480 train_time:55025ms step_avg:49.09ms
step:1122/1480 train_time:55108ms step_avg:49.12ms
step:1123/1480 train_time:55189ms step_avg:49.14ms
step:1124/1480 train_time:55275ms step_avg:49.18ms
step:1125/1480 train_time:55353ms step_avg:49.20ms
step:1126/1480 train_time:55436ms step_avg:49.23ms
step:1127/1480 train_time:55515ms step_avg:49.26ms
step:1128/1480 train_time:55600ms step_avg:49.29ms
step:1129/1480 train_time:55680ms step_avg:49.32ms
step:1130/1480 train_time:55765ms step_avg:49.35ms
step:1131/1480 train_time:55845ms step_avg:49.38ms
step:1132/1480 train_time:55929ms step_avg:49.41ms
step:1133/1480 train_time:56007ms step_avg:49.43ms
step:1134/1480 train_time:56092ms step_avg:49.46ms
step:1135/1480 train_time:56172ms step_avg:49.49ms
step:1136/1480 train_time:56257ms step_avg:49.52ms
step:1137/1480 train_time:56335ms step_avg:49.55ms
step:1138/1480 train_time:56421ms step_avg:49.58ms
step:1139/1480 train_time:56501ms step_avg:49.61ms
step:1140/1480 train_time:56586ms step_avg:49.64ms
step:1141/1480 train_time:56665ms step_avg:49.66ms
step:1142/1480 train_time:56749ms step_avg:49.69ms
step:1143/1480 train_time:56828ms step_avg:49.72ms
step:1144/1480 train_time:56912ms step_avg:49.75ms
step:1145/1480 train_time:56991ms step_avg:49.77ms
step:1146/1480 train_time:57076ms step_avg:49.80ms
step:1147/1480 train_time:57155ms step_avg:49.83ms
step:1148/1480 train_time:57239ms step_avg:49.86ms
step:1149/1480 train_time:57319ms step_avg:49.89ms
step:1150/1480 train_time:57403ms step_avg:49.92ms
step:1151/1480 train_time:57484ms step_avg:49.94ms
step:1152/1480 train_time:57569ms step_avg:49.97ms
step:1153/1480 train_time:57647ms step_avg:50.00ms
step:1154/1480 train_time:57731ms step_avg:50.03ms
step:1155/1480 train_time:57811ms step_avg:50.05ms
step:1156/1480 train_time:57895ms step_avg:50.08ms
step:1157/1480 train_time:57974ms step_avg:50.11ms
step:1158/1480 train_time:58059ms step_avg:50.14ms
step:1159/1480 train_time:58137ms step_avg:50.16ms
step:1160/1480 train_time:58223ms step_avg:50.19ms
step:1161/1480 train_time:58303ms step_avg:50.22ms
step:1162/1480 train_time:58388ms step_avg:50.25ms
step:1163/1480 train_time:58469ms step_avg:50.27ms
step:1164/1480 train_time:58553ms step_avg:50.30ms
step:1165/1480 train_time:58633ms step_avg:50.33ms
step:1166/1480 train_time:58717ms step_avg:50.36ms
step:1167/1480 train_time:58796ms step_avg:50.38ms
step:1168/1480 train_time:58882ms step_avg:50.41ms
step:1169/1480 train_time:58959ms step_avg:50.44ms
step:1170/1480 train_time:59045ms step_avg:50.47ms
step:1171/1480 train_time:59124ms step_avg:50.49ms
step:1172/1480 train_time:59209ms step_avg:50.52ms
step:1173/1480 train_time:59288ms step_avg:50.54ms
step:1174/1480 train_time:59375ms step_avg:50.57ms
step:1175/1480 train_time:59454ms step_avg:50.60ms
step:1176/1480 train_time:59537ms step_avg:50.63ms
step:1177/1480 train_time:59617ms step_avg:50.65ms
step:1178/1480 train_time:59702ms step_avg:50.68ms
step:1179/1480 train_time:59782ms step_avg:50.71ms
step:1180/1480 train_time:59866ms step_avg:50.73ms
step:1181/1480 train_time:59945ms step_avg:50.76ms
step:1182/1480 train_time:60028ms step_avg:50.78ms
step:1183/1480 train_time:60108ms step_avg:50.81ms
step:1184/1480 train_time:60193ms step_avg:50.84ms
step:1185/1480 train_time:60273ms step_avg:50.86ms
step:1186/1480 train_time:60358ms step_avg:50.89ms
step:1187/1480 train_time:60437ms step_avg:50.92ms
step:1188/1480 train_time:60522ms step_avg:50.94ms
step:1189/1480 train_time:60602ms step_avg:50.97ms
step:1190/1480 train_time:60686ms step_avg:51.00ms
step:1191/1480 train_time:60765ms step_avg:51.02ms
step:1192/1480 train_time:60849ms step_avg:51.05ms
step:1193/1480 train_time:60929ms step_avg:51.07ms
step:1194/1480 train_time:61014ms step_avg:51.10ms
step:1195/1480 train_time:61093ms step_avg:51.12ms
step:1196/1480 train_time:61177ms step_avg:51.15ms
step:1197/1480 train_time:61256ms step_avg:51.17ms
step:1198/1480 train_time:61340ms step_avg:51.20ms
step:1199/1480 train_time:61420ms step_avg:51.23ms
step:1200/1480 train_time:61505ms step_avg:51.25ms
step:1201/1480 train_time:61584ms step_avg:51.28ms
step:1202/1480 train_time:61669ms step_avg:51.31ms
step:1203/1480 train_time:61748ms step_avg:51.33ms
step:1204/1480 train_time:61831ms step_avg:51.35ms
step:1205/1480 train_time:61910ms step_avg:51.38ms
step:1206/1480 train_time:61996ms step_avg:51.41ms
step:1207/1480 train_time:62076ms step_avg:51.43ms
step:1208/1480 train_time:62160ms step_avg:51.46ms
step:1209/1480 train_time:62239ms step_avg:51.48ms
step:1210/1480 train_time:62323ms step_avg:51.51ms
step:1211/1480 train_time:62401ms step_avg:51.53ms
step:1212/1480 train_time:62485ms step_avg:51.56ms
step:1213/1480 train_time:62566ms step_avg:51.58ms
step:1214/1480 train_time:62650ms step_avg:51.61ms
step:1215/1480 train_time:62729ms step_avg:51.63ms
step:1216/1480 train_time:62814ms step_avg:51.66ms
step:1217/1480 train_time:62893ms step_avg:51.68ms
step:1218/1480 train_time:62977ms step_avg:51.71ms
step:1219/1480 train_time:63056ms step_avg:51.73ms
step:1220/1480 train_time:63140ms step_avg:51.75ms
step:1221/1480 train_time:63222ms step_avg:51.78ms
step:1222/1480 train_time:63306ms step_avg:51.81ms
step:1223/1480 train_time:63385ms step_avg:51.83ms
step:1224/1480 train_time:63471ms step_avg:51.86ms
step:1225/1480 train_time:63549ms step_avg:51.88ms
step:1226/1480 train_time:63634ms step_avg:51.90ms
step:1227/1480 train_time:63713ms step_avg:51.93ms
step:1228/1480 train_time:63799ms step_avg:51.95ms
step:1229/1480 train_time:63877ms step_avg:51.98ms
step:1230/1480 train_time:63962ms step_avg:52.00ms
step:1231/1480 train_time:64040ms step_avg:52.02ms
step:1232/1480 train_time:64124ms step_avg:52.05ms
step:1233/1480 train_time:64205ms step_avg:52.07ms
step:1234/1480 train_time:64290ms step_avg:52.10ms
step:1235/1480 train_time:64369ms step_avg:52.12ms
step:1236/1480 train_time:64453ms step_avg:52.15ms
step:1237/1480 train_time:64532ms step_avg:52.17ms
step:1238/1480 train_time:64618ms step_avg:52.20ms
step:1239/1480 train_time:64696ms step_avg:52.22ms
step:1240/1480 train_time:64781ms step_avg:52.24ms
step:1241/1480 train_time:64861ms step_avg:52.27ms
step:1242/1480 train_time:64944ms step_avg:52.29ms
step:1243/1480 train_time:65023ms step_avg:52.31ms
step:1244/1480 train_time:65108ms step_avg:52.34ms
step:1245/1480 train_time:65187ms step_avg:52.36ms
step:1246/1480 train_time:65272ms step_avg:52.39ms
step:1247/1480 train_time:65350ms step_avg:52.41ms
step:1248/1480 train_time:65435ms step_avg:52.43ms
step:1249/1480 train_time:65514ms step_avg:52.45ms
step:1250/1480 train_time:65600ms step_avg:52.48ms
step:1250/1480 val_loss:3.3676 train_time:65690ms step_avg:52.55ms
step:1251/1480 train_time:65707ms step_avg:52.52ms
step:1252/1480 train_time:65768ms step_avg:52.53ms
step:1253/1480 train_time:65852ms step_avg:52.56ms
step:1254/1480 train_time:65938ms step_avg:52.58ms
step:1255/1480 train_time:66018ms step_avg:52.60ms
step:1256/1480 train_time:66101ms step_avg:52.63ms
step:1257/1480 train_time:66179ms step_avg:52.65ms
step:1258/1480 train_time:66262ms step_avg:52.67ms
step:1259/1480 train_time:66341ms step_avg:52.69ms
step:1260/1480 train_time:66423ms step_avg:52.72ms
step:1261/1480 train_time:66501ms step_avg:52.74ms
step:1262/1480 train_time:66585ms step_avg:52.76ms
step:1263/1480 train_time:66663ms step_avg:52.78ms
step:1264/1480 train_time:66751ms step_avg:52.81ms
step:1265/1480 train_time:66834ms step_avg:52.83ms
step:1266/1480 train_time:66920ms step_avg:52.86ms
step:1267/1480 train_time:67000ms step_avg:52.88ms
step:1268/1480 train_time:67084ms step_avg:52.91ms
step:1269/1480 train_time:67163ms step_avg:52.93ms
step:1270/1480 train_time:67246ms step_avg:52.95ms
step:1271/1480 train_time:67326ms step_avg:52.97ms
step:1272/1480 train_time:67409ms step_avg:52.99ms
step:1273/1480 train_time:67488ms step_avg:53.01ms
step:1274/1480 train_time:67571ms step_avg:53.04ms
step:1275/1480 train_time:67650ms step_avg:53.06ms
step:1276/1480 train_time:67737ms step_avg:53.09ms
step:1277/1480 train_time:67819ms step_avg:53.11ms
step:1278/1480 train_time:67904ms step_avg:53.13ms
step:1279/1480 train_time:67983ms step_avg:53.15ms
step:1280/1480 train_time:68067ms step_avg:53.18ms
step:1281/1480 train_time:68148ms step_avg:53.20ms
step:1282/1480 train_time:68232ms step_avg:53.22ms
step:1283/1480 train_time:68311ms step_avg:53.24ms
step:1284/1480 train_time:68395ms step_avg:53.27ms
step:1285/1480 train_time:68474ms step_avg:53.29ms
step:1286/1480 train_time:68558ms step_avg:53.31ms
step:1287/1480 train_time:68637ms step_avg:53.33ms
step:1288/1480 train_time:68722ms step_avg:53.36ms
step:1289/1480 train_time:68801ms step_avg:53.38ms
step:1290/1480 train_time:68887ms step_avg:53.40ms
step:1291/1480 train_time:68967ms step_avg:53.42ms
step:1292/1480 train_time:69051ms step_avg:53.44ms
step:1293/1480 train_time:69130ms step_avg:53.46ms
step:1294/1480 train_time:69215ms step_avg:53.49ms
step:1295/1480 train_time:69296ms step_avg:53.51ms
step:1296/1480 train_time:69378ms step_avg:53.53ms
step:1297/1480 train_time:69456ms step_avg:53.55ms
step:1298/1480 train_time:69541ms step_avg:53.58ms
step:1299/1480 train_time:69619ms step_avg:53.59ms
step:1300/1480 train_time:69705ms step_avg:53.62ms
step:1301/1480 train_time:69784ms step_avg:53.64ms
step:1302/1480 train_time:69869ms step_avg:53.66ms
step:1303/1480 train_time:69949ms step_avg:53.68ms
step:1304/1480 train_time:70035ms step_avg:53.71ms
step:1305/1480 train_time:70114ms step_avg:53.73ms
step:1306/1480 train_time:70199ms step_avg:53.75ms
step:1307/1480 train_time:70278ms step_avg:53.77ms
step:1308/1480 train_time:70361ms step_avg:53.79ms
step:1309/1480 train_time:70440ms step_avg:53.81ms
step:1310/1480 train_time:70525ms step_avg:53.84ms
step:1311/1480 train_time:70604ms step_avg:53.86ms
step:1312/1480 train_time:70689ms step_avg:53.88ms
step:1313/1480 train_time:70768ms step_avg:53.90ms
step:1314/1480 train_time:70852ms step_avg:53.92ms
step:1315/1480 train_time:70932ms step_avg:53.94ms
step:1316/1480 train_time:71017ms step_avg:53.96ms
step:1317/1480 train_time:71097ms step_avg:53.98ms
step:1318/1480 train_time:71181ms step_avg:54.01ms
step:1319/1480 train_time:71260ms step_avg:54.03ms
step:1320/1480 train_time:71344ms step_avg:54.05ms
step:1321/1480 train_time:71423ms step_avg:54.07ms
step:1322/1480 train_time:71507ms step_avg:54.09ms
step:1323/1480 train_time:71587ms step_avg:54.11ms
step:1324/1480 train_time:71671ms step_avg:54.13ms
step:1325/1480 train_time:71750ms step_avg:54.15ms
step:1326/1480 train_time:71834ms step_avg:54.17ms
step:1327/1480 train_time:71913ms step_avg:54.19ms
step:1328/1480 train_time:71998ms step_avg:54.22ms
step:1329/1480 train_time:72077ms step_avg:54.23ms
step:1330/1480 train_time:72161ms step_avg:54.26ms
step:1331/1480 train_time:72240ms step_avg:54.28ms
step:1332/1480 train_time:72326ms step_avg:54.30ms
step:1333/1480 train_time:72405ms step_avg:54.32ms
step:1334/1480 train_time:72489ms step_avg:54.34ms
step:1335/1480 train_time:72568ms step_avg:54.36ms
step:1336/1480 train_time:72652ms step_avg:54.38ms
step:1337/1480 train_time:72732ms step_avg:54.40ms
step:1338/1480 train_time:72818ms step_avg:54.42ms
step:1339/1480 train_time:72898ms step_avg:54.44ms
step:1340/1480 train_time:72982ms step_avg:54.46ms
step:1341/1480 train_time:73061ms step_avg:54.48ms
step:1342/1480 train_time:73147ms step_avg:54.51ms
step:1343/1480 train_time:73226ms step_avg:54.52ms
step:1344/1480 train_time:73310ms step_avg:54.55ms
step:1345/1480 train_time:73390ms step_avg:54.56ms
step:1346/1480 train_time:73473ms step_avg:54.59ms
step:1347/1480 train_time:73552ms step_avg:54.60ms
step:1348/1480 train_time:73637ms step_avg:54.63ms
step:1349/1480 train_time:73715ms step_avg:54.64ms
step:1350/1480 train_time:73801ms step_avg:54.67ms
step:1351/1480 train_time:73880ms step_avg:54.69ms
step:1352/1480 train_time:73965ms step_avg:54.71ms
step:1353/1480 train_time:74045ms step_avg:54.73ms
step:1354/1480 train_time:74130ms step_avg:54.75ms
step:1355/1480 train_time:74210ms step_avg:54.77ms
step:1356/1480 train_time:74295ms step_avg:54.79ms
step:1357/1480 train_time:74374ms step_avg:54.81ms
step:1358/1480 train_time:74458ms step_avg:54.83ms
step:1359/1480 train_time:74537ms step_avg:54.85ms
step:1360/1480 train_time:74621ms step_avg:54.87ms
step:1361/1480 train_time:74701ms step_avg:54.89ms
step:1362/1480 train_time:74785ms step_avg:54.91ms
step:1363/1480 train_time:74864ms step_avg:54.93ms
step:1364/1480 train_time:74949ms step_avg:54.95ms
step:1365/1480 train_time:75027ms step_avg:54.97ms
step:1366/1480 train_time:75112ms step_avg:54.99ms
step:1367/1480 train_time:75192ms step_avg:55.01ms
step:1368/1480 train_time:75276ms step_avg:55.03ms
step:1369/1480 train_time:75356ms step_avg:55.04ms
step:1370/1480 train_time:75441ms step_avg:55.07ms
step:1371/1480 train_time:75521ms step_avg:55.08ms
step:1372/1480 train_time:75606ms step_avg:55.11ms
step:1373/1480 train_time:75686ms step_avg:55.12ms
step:1374/1480 train_time:75770ms step_avg:55.15ms
step:1375/1480 train_time:75848ms step_avg:55.16ms
step:1376/1480 train_time:75932ms step_avg:55.18ms
step:1377/1480 train_time:76012ms step_avg:55.20ms
step:1378/1480 train_time:76098ms step_avg:55.22ms
step:1379/1480 train_time:76178ms step_avg:55.24ms
step:1380/1480 train_time:76262ms step_avg:55.26ms
step:1381/1480 train_time:76341ms step_avg:55.28ms
step:1382/1480 train_time:76426ms step_avg:55.30ms
step:1383/1480 train_time:76506ms step_avg:55.32ms
step:1384/1480 train_time:76591ms step_avg:55.34ms
step:1385/1480 train_time:76670ms step_avg:55.36ms
step:1386/1480 train_time:76753ms step_avg:55.38ms
step:1387/1480 train_time:76833ms step_avg:55.39ms
step:1388/1480 train_time:76918ms step_avg:55.42ms
step:1389/1480 train_time:76999ms step_avg:55.43ms
step:1390/1480 train_time:77083ms step_avg:55.46ms
step:1391/1480 train_time:77162ms step_avg:55.47ms
step:1392/1480 train_time:77247ms step_avg:55.49ms
step:1393/1480 train_time:77327ms step_avg:55.51ms
step:1394/1480 train_time:77411ms step_avg:55.53ms
step:1395/1480 train_time:77490ms step_avg:55.55ms
step:1396/1480 train_time:77574ms step_avg:55.57ms
step:1397/1480 train_time:77653ms step_avg:55.59ms
step:1398/1480 train_time:77738ms step_avg:55.61ms
step:1399/1480 train_time:77817ms step_avg:55.62ms
step:1400/1480 train_time:77901ms step_avg:55.64ms
step:1401/1480 train_time:77980ms step_avg:55.66ms
step:1402/1480 train_time:78066ms step_avg:55.68ms
step:1403/1480 train_time:78143ms step_avg:55.70ms
step:1404/1480 train_time:78228ms step_avg:55.72ms
step:1405/1480 train_time:78308ms step_avg:55.74ms
step:1406/1480 train_time:78392ms step_avg:55.76ms
step:1407/1480 train_time:78471ms step_avg:55.77ms
step:1408/1480 train_time:78555ms step_avg:55.79ms
step:1409/1480 train_time:78637ms step_avg:55.81ms
step:1410/1480 train_time:78722ms step_avg:55.83ms
step:1411/1480 train_time:78801ms step_avg:55.85ms
step:1412/1480 train_time:78884ms step_avg:55.87ms
step:1413/1480 train_time:78963ms step_avg:55.88ms
step:1414/1480 train_time:79048ms step_avg:55.90ms
step:1415/1480 train_time:79128ms step_avg:55.92ms
step:1416/1480 train_time:79213ms step_avg:55.94ms
step:1417/1480 train_time:79292ms step_avg:55.96ms
step:1418/1480 train_time:79376ms step_avg:55.98ms
step:1419/1480 train_time:79455ms step_avg:55.99ms
step:1420/1480 train_time:79541ms step_avg:56.01ms
step:1421/1480 train_time:79620ms step_avg:56.03ms
step:1422/1480 train_time:79704ms step_avg:56.05ms
step:1423/1480 train_time:79784ms step_avg:56.07ms
step:1424/1480 train_time:79868ms step_avg:56.09ms
step:1425/1480 train_time:79948ms step_avg:56.10ms
step:1426/1480 train_time:80032ms step_avg:56.12ms
step:1427/1480 train_time:80111ms step_avg:56.14ms
step:1428/1480 train_time:80197ms step_avg:56.16ms
step:1429/1480 train_time:80276ms step_avg:56.18ms
step:1430/1480 train_time:80360ms step_avg:56.20ms
step:1431/1480 train_time:80440ms step_avg:56.21ms
step:1432/1480 train_time:80525ms step_avg:56.23ms
step:1433/1480 train_time:80605ms step_avg:56.25ms
step:1434/1480 train_time:80689ms step_avg:56.27ms
step:1435/1480 train_time:80769ms step_avg:56.28ms
step:1436/1480 train_time:80852ms step_avg:56.30ms
step:1437/1480 train_time:80931ms step_avg:56.32ms
step:1438/1480 train_time:81016ms step_avg:56.34ms
step:1439/1480 train_time:81096ms step_avg:56.36ms
step:1440/1480 train_time:81180ms step_avg:56.38ms
step:1441/1480 train_time:81261ms step_avg:56.39ms
step:1442/1480 train_time:81349ms step_avg:56.41ms
step:1443/1480 train_time:81430ms step_avg:56.43ms
step:1444/1480 train_time:81515ms step_avg:56.45ms
step:1445/1480 train_time:81595ms step_avg:56.47ms
step:1446/1480 train_time:81678ms step_avg:56.49ms
step:1447/1480 train_time:81758ms step_avg:56.50ms
step:1448/1480 train_time:81844ms step_avg:56.52ms
step:1449/1480 train_time:81923ms step_avg:56.54ms
step:1450/1480 train_time:82007ms step_avg:56.56ms
step:1451/1480 train_time:82087ms step_avg:56.57ms
step:1452/1480 train_time:82172ms step_avg:56.59ms
step:1453/1480 train_time:82253ms step_avg:56.61ms
step:1454/1480 train_time:82339ms step_avg:56.63ms
step:1455/1480 train_time:82418ms step_avg:56.64ms
step:1456/1480 train_time:82503ms step_avg:56.66ms
step:1457/1480 train_time:82582ms step_avg:56.68ms
step:1458/1480 train_time:82666ms step_avg:56.70ms
step:1459/1480 train_time:82747ms step_avg:56.71ms
step:1460/1480 train_time:82833ms step_avg:56.73ms
step:1461/1480 train_time:82912ms step_avg:56.75ms
step:1462/1480 train_time:82999ms step_avg:56.77ms
step:1463/1480 train_time:83078ms step_avg:56.79ms
step:1464/1480 train_time:83163ms step_avg:56.81ms
step:1465/1480 train_time:83243ms step_avg:56.82ms
step:1466/1480 train_time:83329ms step_avg:56.84ms
step:1467/1480 train_time:83409ms step_avg:56.86ms
step:1468/1480 train_time:83495ms step_avg:56.88ms
step:1469/1480 train_time:83573ms step_avg:56.89ms
step:1470/1480 train_time:83658ms step_avg:56.91ms
step:1471/1480 train_time:83737ms step_avg:56.93ms
step:1472/1480 train_time:83822ms step_avg:56.94ms
step:1473/1480 train_time:83901ms step_avg:56.96ms
step:1474/1480 train_time:83987ms step_avg:56.98ms
step:1475/1480 train_time:84067ms step_avg:56.99ms
step:1476/1480 train_time:84152ms step_avg:57.01ms
step:1477/1480 train_time:84232ms step_avg:57.03ms
step:1478/1480 train_time:84318ms step_avg:57.05ms
step:1479/1480 train_time:84398ms step_avg:57.06ms
step:1480/1480 train_time:84482ms step_avg:57.08ms
step:1480/1480 val_loss:3.2784 train_time:84571ms step_avg:57.14ms
peak memory allocated: 31347 MiB reserved: 45748 MiB
