W0420 01:21:45.571000 78965 torch/distributed/run.py:852] 
W0420 01:21:45.571000 78965 torch/distributed/run.py:852] *****************************************
W0420 01:21:45.571000 78965 torch/distributed/run.py:852] Setting OMP_NUM_THREADS environment variable for each process to be 1 in default, to avoid your system being overloaded, please further tune the variable for optimal performance in your application as needed. 
W0420 01:21:45.571000 78965 torch/distributed/run.py:852] *****************************************
[Gloo] Rank 4 is connected to 7 peer ranks. Expected number of connected peer ranks is : 7
[Gloo] Rank 0 is connected to 7 peer ranks. Expected number of connected peer ranks is : 7
[Gloo] Rank 1 is connected to 7 peer ranks. Expected number of connected peer ranks is : 7
[Gloo] Rank 2 is connected to 7 peer ranks. Expected number of connected peer ranks is : 7
[Gloo] Rank [Gloo] Rank 65 is connected to  is connected to 77 peer ranks. [Gloo] Rank  peer ranks. Expected number of connected peer ranks is : 3Expected number of connected peer ranks is : 7 is connected to 7
7
 peer ranks. [Gloo] Rank Expected number of connected peer ranks is : 77 is connected to 
7 peer ranks. Expected number of connected peer ranks is : 7
Warning: You are sending unauthenticated requests to the HF Hub. Please set a HF_TOKEN to enable higher rate limits and faster downloads.
Fetching 4 files:   0%|          | 0/4 [00:00<?, ?it/s]Fetching 4 files: 100%|██████████| 4/4 [00:00<00:00, 93206.76it/s]
Fetching 4 files:   0%|          | 0/4 [00:00<?, ?it/s]Fetching 4 files: 100%|██████████| 4/4 [00:00<00:00, 58052.65it/s]
Fetching 4 files:   0%|          | 0/4 [00:00<?, ?it/s]Fetching 4 files: 100%|██████████| 4/4 [00:00<00:00, 96420.78it/s]
Fetching 4 files:   0%|          | 0/4 [00:00<?, ?it/s]Fetching 4 files: 100%|██████████| 4/4 [00:00<00:00, 88301.14it/s]
Fetching 4 files:   0%|          | 0/4 [00:00<?, ?it/s]Fetching 4 files: 100%|██████████| 4/4 [00:00<00:00, 95325.09it/s]
Fetching 4 files:   0%|          | 0/4 [00:00<?, ?it/s]Fetching 4 files: 100%|██████████| 4/4 [00:00<00:00, 91180.52it/s]
Fetching 4 files:   0%|          | 0/4 [00:00<?, ?it/s]Fetching 4 files: 100%|██████████| 4/4 [00:00<00:00, 95325.09it/s]
Fetching 4 files:   0%|          | 0/4 [00:00<?, ?it/s]Fetching 4 files: 100%|██████████| 4/4 [00:00<00:00, 99273.47it/s]
logs/48465ac4-56fd-443d-a1b4-b560fcd084ba.txt
Compiling model and warming up kernels (~7 minutes on first execution)
Sampling steps [0, 1, 478, 479, 480, 481, 958, 959, 960, 961, 1438, 1439, 1440, 1441] for warmup
Resetting Model
step:0/1480 val_loss:10.8305 train_time:0ms step_avg:0.03ms
step:1/1480 train_time:71ms step_avg:70.54ms
step:2/1480 train_time:91ms step_avg:45.49ms
step:3/1480 train_time:109ms step_avg:36.42ms
step:4/1480 train_time:144ms step_avg:35.89ms
step:5/1480 train_time:170ms step_avg:34.08ms
step:6/1480 train_time:205ms step_avg:34.10ms
step:7/1480 train_time:232ms step_avg:33.15ms
step:8/1480 train_time:266ms step_avg:33.28ms
step:9/1480 train_time:294ms step_avg:32.63ms
step:10/1480 train_time:328ms step_avg:32.80ms
step:11/1480 train_time:355ms step_avg:32.31ms
step:12/1480 train_time:389ms step_avg:32.46ms
step:13/1480 train_time:417ms step_avg:32.09ms
step:14/1480 train_time:451ms step_avg:32.23ms
step:15/1480 train_time:479ms step_avg:31.92ms
step:16/1480 train_time:513ms step_avg:32.04ms
step:17/1480 train_time:540ms step_avg:31.79ms
step:18/1480 train_time:574ms step_avg:31.91ms
step:19/1480 train_time:602ms step_avg:31.69ms
step:20/1480 train_time:636ms step_avg:31.81ms
step:21/1480 train_time:664ms step_avg:31.62ms
step:22/1480 train_time:698ms step_avg:31.73ms
step:23/1480 train_time:726ms step_avg:31.57ms
step:24/1480 train_time:760ms step_avg:31.67ms
step:25/1480 train_time:788ms step_avg:31.52ms
step:26/1480 train_time:822ms step_avg:31.61ms
step:27/1480 train_time:850ms step_avg:31.49ms
step:28/1480 train_time:884ms step_avg:31.56ms
step:29/1480 train_time:912ms step_avg:31.43ms
step:30/1480 train_time:946ms step_avg:31.52ms
step:31/1480 train_time:973ms step_avg:31.40ms
step:32/1480 train_time:1008ms step_avg:31.49ms
step:33/1480 train_time:1036ms step_avg:31.39ms
step:34/1480 train_time:1070ms step_avg:31.48ms
step:35/1480 train_time:1098ms step_avg:31.38ms
step:36/1480 train_time:1132ms step_avg:31.45ms
step:37/1480 train_time:1160ms step_avg:31.35ms
step:38/1480 train_time:1194ms step_avg:31.42ms
step:39/1480 train_time:1222ms step_avg:31.34ms
step:40/1480 train_time:1256ms step_avg:31.41ms
step:41/1480 train_time:1285ms step_avg:31.33ms
step:42/1480 train_time:1319ms step_avg:31.40ms
step:43/1480 train_time:1347ms step_avg:31.33ms
step:44/1480 train_time:1381ms step_avg:31.38ms
step:45/1480 train_time:1409ms step_avg:31.30ms
step:46/1480 train_time:1442ms step_avg:31.35ms
step:47/1480 train_time:1470ms step_avg:31.28ms
step:48/1480 train_time:1504ms step_avg:31.33ms
step:49/1480 train_time:1532ms step_avg:31.26ms
step:50/1480 train_time:1566ms step_avg:31.31ms
step:51/1480 train_time:1593ms step_avg:31.24ms
step:52/1480 train_time:1627ms step_avg:31.29ms
step:53/1480 train_time:1655ms step_avg:31.23ms
step:54/1480 train_time:1690ms step_avg:31.29ms
step:55/1480 train_time:1718ms step_avg:31.23ms
step:56/1480 train_time:1752ms step_avg:31.28ms
step:57/1480 train_time:1780ms step_avg:31.22ms
step:58/1480 train_time:1814ms step_avg:31.27ms
step:59/1480 train_time:1841ms step_avg:31.21ms
step:60/1480 train_time:1875ms step_avg:31.25ms
step:61/1480 train_time:1903ms step_avg:31.20ms
step:62/1480 train_time:1937ms step_avg:31.24ms
step:63/1480 train_time:1965ms step_avg:31.20ms
step:64/1480 train_time:2000ms step_avg:31.24ms
step:65/1480 train_time:2027ms step_avg:31.19ms
step:66/1480 train_time:2061ms step_avg:31.23ms
step:67/1480 train_time:2090ms step_avg:31.19ms
step:68/1480 train_time:2123ms step_avg:31.22ms
step:69/1480 train_time:2151ms step_avg:31.18ms
step:70/1480 train_time:2185ms step_avg:31.22ms
step:71/1480 train_time:2213ms step_avg:31.17ms
step:72/1480 train_time:2247ms step_avg:31.21ms
step:73/1480 train_time:2275ms step_avg:31.16ms
step:74/1480 train_time:2309ms step_avg:31.21ms
step:75/1480 train_time:2337ms step_avg:31.16ms
step:76/1480 train_time:2371ms step_avg:31.20ms
step:77/1480 train_time:2399ms step_avg:31.15ms
step:78/1480 train_time:2433ms step_avg:31.19ms
step:79/1480 train_time:2461ms step_avg:31.15ms
step:80/1480 train_time:2495ms step_avg:31.18ms
step:81/1480 train_time:2523ms step_avg:31.15ms
step:82/1480 train_time:2557ms step_avg:31.18ms
step:83/1480 train_time:2585ms step_avg:31.15ms
step:84/1480 train_time:2619ms step_avg:31.18ms
step:85/1480 train_time:2647ms step_avg:31.14ms
step:86/1480 train_time:2681ms step_avg:31.17ms
step:87/1480 train_time:2709ms step_avg:31.13ms
step:88/1480 train_time:2742ms step_avg:31.16ms
step:89/1480 train_time:2770ms step_avg:31.12ms
step:90/1480 train_time:2804ms step_avg:31.16ms
step:91/1480 train_time:2832ms step_avg:31.12ms
step:92/1480 train_time:2865ms step_avg:31.14ms
step:93/1480 train_time:2893ms step_avg:31.11ms
step:94/1480 train_time:2927ms step_avg:31.14ms
step:95/1480 train_time:2955ms step_avg:31.11ms
step:96/1480 train_time:2989ms step_avg:31.14ms
step:97/1480 train_time:3017ms step_avg:31.10ms
step:98/1480 train_time:3051ms step_avg:31.14ms
step:99/1480 train_time:3079ms step_avg:31.10ms
step:100/1480 train_time:3113ms step_avg:31.13ms
step:101/1480 train_time:3141ms step_avg:31.10ms
step:102/1480 train_time:3174ms step_avg:31.12ms
step:103/1480 train_time:3203ms step_avg:31.10ms
step:104/1480 train_time:3237ms step_avg:31.12ms
step:105/1480 train_time:3265ms step_avg:31.10ms
step:106/1480 train_time:3299ms step_avg:31.12ms
step:107/1480 train_time:3327ms step_avg:31.09ms
step:108/1480 train_time:3361ms step_avg:31.12ms
step:109/1480 train_time:3389ms step_avg:31.09ms
step:110/1480 train_time:3422ms step_avg:31.11ms
step:111/1480 train_time:3450ms step_avg:31.08ms
step:112/1480 train_time:3484ms step_avg:31.11ms
step:113/1480 train_time:3512ms step_avg:31.08ms
step:114/1480 train_time:3546ms step_avg:31.11ms
step:115/1480 train_time:3574ms step_avg:31.08ms
step:116/1480 train_time:3608ms step_avg:31.10ms
step:117/1480 train_time:3636ms step_avg:31.08ms
step:118/1480 train_time:3670ms step_avg:31.10ms
step:119/1480 train_time:3698ms step_avg:31.08ms
step:120/1480 train_time:3732ms step_avg:31.10ms
step:121/1480 train_time:3760ms step_avg:31.07ms
step:122/1480 train_time:3794ms step_avg:31.10ms
step:123/1480 train_time:3822ms step_avg:31.07ms
step:124/1480 train_time:3856ms step_avg:31.10ms
step:125/1480 train_time:3884ms step_avg:31.07ms
step:126/1480 train_time:3918ms step_avg:31.09ms
step:127/1480 train_time:3946ms step_avg:31.07ms
step:128/1480 train_time:3980ms step_avg:31.09ms
step:129/1480 train_time:4008ms step_avg:31.07ms
step:130/1480 train_time:4041ms step_avg:31.09ms
step:131/1480 train_time:4069ms step_avg:31.06ms
step:132/1480 train_time:4103ms step_avg:31.08ms
step:133/1480 train_time:4131ms step_avg:31.06ms
step:134/1480 train_time:4165ms step_avg:31.08ms
step:135/1480 train_time:4193ms step_avg:31.06ms
step:136/1480 train_time:4227ms step_avg:31.08ms
step:137/1480 train_time:4254ms step_avg:31.05ms
step:138/1480 train_time:4288ms step_avg:31.08ms
step:139/1480 train_time:4316ms step_avg:31.05ms
step:140/1480 train_time:4350ms step_avg:31.07ms
step:141/1480 train_time:4378ms step_avg:31.05ms
step:142/1480 train_time:4412ms step_avg:31.07ms
step:143/1480 train_time:4440ms step_avg:31.05ms
step:144/1480 train_time:4473ms step_avg:31.06ms
step:145/1480 train_time:4501ms step_avg:31.04ms
step:146/1480 train_time:4535ms step_avg:31.06ms
step:147/1480 train_time:4563ms step_avg:31.04ms
step:148/1480 train_time:4597ms step_avg:31.06ms
step:149/1480 train_time:4625ms step_avg:31.04ms
step:150/1480 train_time:4659ms step_avg:31.06ms
step:151/1480 train_time:4687ms step_avg:31.04ms
step:152/1480 train_time:4721ms step_avg:31.06ms
step:153/1480 train_time:4748ms step_avg:31.04ms
step:154/1480 train_time:4782ms step_avg:31.05ms
step:155/1480 train_time:4810ms step_avg:31.03ms
step:156/1480 train_time:4844ms step_avg:31.05ms
step:157/1480 train_time:4872ms step_avg:31.03ms
step:158/1480 train_time:4906ms step_avg:31.05ms
step:159/1480 train_time:4934ms step_avg:31.03ms
step:160/1480 train_time:4968ms step_avg:31.05ms
step:161/1480 train_time:4996ms step_avg:31.03ms
step:162/1480 train_time:5030ms step_avg:31.05ms
step:163/1480 train_time:5058ms step_avg:31.03ms
step:164/1480 train_time:5092ms step_avg:31.05ms
step:165/1480 train_time:5119ms step_avg:31.03ms
step:166/1480 train_time:5154ms step_avg:31.05ms
step:167/1480 train_time:5181ms step_avg:31.02ms
step:168/1480 train_time:5215ms step_avg:31.04ms
step:169/1480 train_time:5242ms step_avg:31.02ms
step:170/1480 train_time:5276ms step_avg:31.04ms
step:171/1480 train_time:5304ms step_avg:31.02ms
step:172/1480 train_time:5338ms step_avg:31.03ms
step:173/1480 train_time:5366ms step_avg:31.02ms
step:174/1480 train_time:5399ms step_avg:31.03ms
step:175/1480 train_time:5427ms step_avg:31.01ms
step:176/1480 train_time:5462ms step_avg:31.03ms
step:177/1480 train_time:5489ms step_avg:31.01ms
step:178/1480 train_time:5524ms step_avg:31.03ms
step:179/1480 train_time:5551ms step_avg:31.01ms
step:180/1480 train_time:5586ms step_avg:31.03ms
step:181/1480 train_time:5612ms step_avg:31.01ms
step:182/1480 train_time:5648ms step_avg:31.03ms
step:183/1480 train_time:5674ms step_avg:31.01ms
step:184/1480 train_time:5709ms step_avg:31.03ms
step:185/1480 train_time:5736ms step_avg:31.01ms
step:186/1480 train_time:5771ms step_avg:31.03ms
step:187/1480 train_time:5798ms step_avg:31.01ms
step:188/1480 train_time:5832ms step_avg:31.02ms
step:189/1480 train_time:5859ms step_avg:31.00ms
step:190/1480 train_time:5894ms step_avg:31.02ms
step:191/1480 train_time:5922ms step_avg:31.00ms
step:192/1480 train_time:5956ms step_avg:31.02ms
step:193/1480 train_time:5984ms step_avg:31.00ms
step:194/1480 train_time:6018ms step_avg:31.02ms
step:195/1480 train_time:6046ms step_avg:31.00ms
step:196/1480 train_time:6080ms step_avg:31.02ms
step:197/1480 train_time:6108ms step_avg:31.00ms
step:198/1480 train_time:6142ms step_avg:31.02ms
step:199/1480 train_time:6169ms step_avg:31.00ms
step:200/1480 train_time:6203ms step_avg:31.02ms
step:201/1480 train_time:6231ms step_avg:31.00ms
step:202/1480 train_time:6265ms step_avg:31.01ms
step:203/1480 train_time:6293ms step_avg:31.00ms
step:204/1480 train_time:6327ms step_avg:31.02ms
step:205/1480 train_time:6355ms step_avg:31.00ms
step:206/1480 train_time:6389ms step_avg:31.02ms
step:207/1480 train_time:6418ms step_avg:31.00ms
step:208/1480 train_time:6452ms step_avg:31.02ms
step:209/1480 train_time:6479ms step_avg:31.00ms
step:210/1480 train_time:6513ms step_avg:31.01ms
step:211/1480 train_time:6541ms step_avg:31.00ms
step:212/1480 train_time:6577ms step_avg:31.02ms
step:213/1480 train_time:6602ms step_avg:31.00ms
step:214/1480 train_time:6636ms step_avg:31.01ms
step:215/1480 train_time:6664ms step_avg:31.00ms
step:216/1480 train_time:6698ms step_avg:31.01ms
step:217/1480 train_time:6726ms step_avg:31.00ms
step:218/1480 train_time:6760ms step_avg:31.01ms
step:219/1480 train_time:6788ms step_avg:31.00ms
step:220/1480 train_time:6822ms step_avg:31.01ms
step:221/1480 train_time:6849ms step_avg:30.99ms
step:222/1480 train_time:6883ms step_avg:31.01ms
step:223/1480 train_time:6911ms step_avg:30.99ms
step:224/1480 train_time:6945ms step_avg:31.01ms
step:225/1480 train_time:6973ms step_avg:30.99ms
step:226/1480 train_time:7007ms step_avg:31.00ms
step:227/1480 train_time:7034ms step_avg:30.99ms
step:228/1480 train_time:7069ms step_avg:31.00ms
step:229/1480 train_time:7096ms step_avg:30.99ms
step:230/1480 train_time:7130ms step_avg:31.00ms
step:231/1480 train_time:7158ms step_avg:30.99ms
step:232/1480 train_time:7192ms step_avg:31.00ms
step:233/1480 train_time:7220ms step_avg:30.99ms
step:234/1480 train_time:7254ms step_avg:31.00ms
step:235/1480 train_time:7281ms step_avg:30.98ms
step:236/1480 train_time:7315ms step_avg:31.00ms
step:237/1480 train_time:7343ms step_avg:30.98ms
step:238/1480 train_time:7377ms step_avg:30.99ms
step:239/1480 train_time:7404ms step_avg:30.98ms
step:240/1480 train_time:7439ms step_avg:31.00ms
step:241/1480 train_time:7466ms step_avg:30.98ms
step:242/1480 train_time:7500ms step_avg:30.99ms
step:243/1480 train_time:7528ms step_avg:30.98ms
step:244/1480 train_time:7562ms step_avg:30.99ms
step:245/1480 train_time:7590ms step_avg:30.98ms
step:246/1480 train_time:7624ms step_avg:30.99ms
step:247/1480 train_time:7652ms step_avg:30.98ms
step:248/1480 train_time:7686ms step_avg:30.99ms
step:249/1480 train_time:7713ms step_avg:30.98ms
step:250/1480 train_time:7748ms step_avg:30.99ms
step:250/1480 val_loss:4.4846 train_time:7784ms step_avg:31.14ms
step:251/1480 train_time:7805ms step_avg:31.10ms
step:252/1480 train_time:7823ms step_avg:31.04ms
step:253/1480 train_time:7840ms step_avg:30.99ms
step:254/1480 train_time:7875ms step_avg:31.00ms
step:255/1480 train_time:7904ms step_avg:31.00ms
step:256/1480 train_time:7939ms step_avg:31.01ms
step:257/1480 train_time:7967ms step_avg:31.00ms
step:258/1480 train_time:8001ms step_avg:31.01ms
step:259/1480 train_time:8029ms step_avg:31.00ms
step:260/1480 train_time:8064ms step_avg:31.01ms
step:261/1480 train_time:8092ms step_avg:31.00ms
step:262/1480 train_time:8126ms step_avg:31.02ms
step:263/1480 train_time:8154ms step_avg:31.00ms
step:264/1480 train_time:8187ms step_avg:31.01ms
step:265/1480 train_time:8215ms step_avg:31.00ms
step:266/1480 train_time:8249ms step_avg:31.01ms
step:267/1480 train_time:8277ms step_avg:31.00ms
step:268/1480 train_time:8311ms step_avg:31.01ms
step:269/1480 train_time:8339ms step_avg:31.00ms
step:270/1480 train_time:8372ms step_avg:31.01ms
step:271/1480 train_time:8400ms step_avg:31.00ms
step:272/1480 train_time:8434ms step_avg:31.01ms
step:273/1480 train_time:8462ms step_avg:31.00ms
step:274/1480 train_time:8495ms step_avg:31.00ms
step:275/1480 train_time:8523ms step_avg:30.99ms
step:276/1480 train_time:8557ms step_avg:31.00ms
step:277/1480 train_time:8584ms step_avg:30.99ms
step:278/1480 train_time:8618ms step_avg:31.00ms
step:279/1480 train_time:8646ms step_avg:30.99ms
step:280/1480 train_time:8679ms step_avg:31.00ms
step:281/1480 train_time:8707ms step_avg:30.99ms
step:282/1480 train_time:8741ms step_avg:31.00ms
step:283/1480 train_time:8768ms step_avg:30.98ms
step:284/1480 train_time:8803ms step_avg:31.00ms
step:285/1480 train_time:8830ms step_avg:30.98ms
step:286/1480 train_time:8865ms step_avg:30.99ms
step:287/1480 train_time:8892ms step_avg:30.98ms
step:288/1480 train_time:8926ms step_avg:30.99ms
step:289/1480 train_time:8954ms step_avg:30.98ms
step:290/1480 train_time:8988ms step_avg:30.99ms
step:291/1480 train_time:9016ms step_avg:30.98ms
step:292/1480 train_time:9050ms step_avg:30.99ms
step:293/1480 train_time:9078ms step_avg:30.98ms
step:294/1480 train_time:9112ms step_avg:30.99ms
step:295/1480 train_time:9140ms step_avg:30.98ms
step:296/1480 train_time:9174ms step_avg:30.99ms
step:297/1480 train_time:9202ms step_avg:30.98ms
step:298/1480 train_time:9236ms step_avg:30.99ms
step:299/1480 train_time:9264ms step_avg:30.98ms
step:300/1480 train_time:9297ms step_avg:30.99ms
step:301/1480 train_time:9325ms step_avg:30.98ms
step:302/1480 train_time:9359ms step_avg:30.99ms
step:303/1480 train_time:9387ms step_avg:30.98ms
step:304/1480 train_time:9421ms step_avg:30.99ms
step:305/1480 train_time:9449ms step_avg:30.98ms
step:306/1480 train_time:9483ms step_avg:30.99ms
step:307/1480 train_time:9510ms step_avg:30.98ms
step:308/1480 train_time:9545ms step_avg:30.99ms
step:309/1480 train_time:9573ms step_avg:30.98ms
step:310/1480 train_time:9606ms step_avg:30.99ms
step:311/1480 train_time:9634ms step_avg:30.98ms
step:312/1480 train_time:9668ms step_avg:30.99ms
step:313/1480 train_time:9696ms step_avg:30.98ms
step:314/1480 train_time:9729ms step_avg:30.98ms
step:315/1480 train_time:9757ms step_avg:30.97ms
step:316/1480 train_time:9791ms step_avg:30.98ms
step:317/1480 train_time:9819ms step_avg:30.98ms
step:318/1480 train_time:9853ms step_avg:30.98ms
step:319/1480 train_time:9881ms step_avg:30.97ms
step:320/1480 train_time:9915ms step_avg:30.98ms
step:321/1480 train_time:9943ms step_avg:30.97ms
step:322/1480 train_time:9976ms step_avg:30.98ms
step:323/1480 train_time:10004ms step_avg:30.97ms
step:324/1480 train_time:10038ms step_avg:30.98ms
step:325/1480 train_time:10066ms step_avg:30.97ms
step:326/1480 train_time:10100ms step_avg:30.98ms
step:327/1480 train_time:10128ms step_avg:30.97ms
step:328/1480 train_time:10162ms step_avg:30.98ms
step:329/1480 train_time:10189ms step_avg:30.97ms
step:330/1480 train_time:10223ms step_avg:30.98ms
step:331/1480 train_time:10251ms step_avg:30.97ms
step:332/1480 train_time:10285ms step_avg:30.98ms
step:333/1480 train_time:10313ms step_avg:30.97ms
step:334/1480 train_time:10347ms step_avg:30.98ms
step:335/1480 train_time:10375ms step_avg:30.97ms
step:336/1480 train_time:10409ms step_avg:30.98ms
step:337/1480 train_time:10437ms step_avg:30.97ms
step:338/1480 train_time:10471ms step_avg:30.98ms
step:339/1480 train_time:10499ms step_avg:30.97ms
step:340/1480 train_time:10532ms step_avg:30.98ms
step:341/1480 train_time:10560ms step_avg:30.97ms
step:342/1480 train_time:10594ms step_avg:30.98ms
step:343/1480 train_time:10622ms step_avg:30.97ms
step:344/1480 train_time:10655ms step_avg:30.97ms
step:345/1480 train_time:10683ms step_avg:30.97ms
step:346/1480 train_time:10717ms step_avg:30.97ms
step:347/1480 train_time:10745ms step_avg:30.97ms
step:348/1480 train_time:10779ms step_avg:30.97ms
step:349/1480 train_time:10806ms step_avg:30.96ms
step:350/1480 train_time:10840ms step_avg:30.97ms
step:351/1480 train_time:10868ms step_avg:30.96ms
step:352/1480 train_time:10902ms step_avg:30.97ms
step:353/1480 train_time:10930ms step_avg:30.96ms
step:354/1480 train_time:10964ms step_avg:30.97ms
step:355/1480 train_time:10991ms step_avg:30.96ms
step:356/1480 train_time:11025ms step_avg:30.97ms
step:357/1480 train_time:11053ms step_avg:30.96ms
step:358/1480 train_time:11087ms step_avg:30.97ms
step:359/1480 train_time:11115ms step_avg:30.96ms
step:360/1480 train_time:11149ms step_avg:30.97ms
step:361/1480 train_time:11176ms step_avg:30.96ms
step:362/1480 train_time:11210ms step_avg:30.97ms
step:363/1480 train_time:11239ms step_avg:30.96ms
step:364/1480 train_time:11272ms step_avg:30.97ms
step:365/1480 train_time:11300ms step_avg:30.96ms
step:366/1480 train_time:11334ms step_avg:30.97ms
step:367/1480 train_time:11362ms step_avg:30.96ms
step:368/1480 train_time:11395ms step_avg:30.97ms
step:369/1480 train_time:11423ms step_avg:30.96ms
step:370/1480 train_time:11457ms step_avg:30.96ms
step:371/1480 train_time:11485ms step_avg:30.96ms
step:372/1480 train_time:11519ms step_avg:30.96ms
step:373/1480 train_time:11547ms step_avg:30.96ms
step:374/1480 train_time:11581ms step_avg:30.97ms
step:375/1480 train_time:11609ms step_avg:30.96ms
step:376/1480 train_time:11643ms step_avg:30.97ms
step:377/1480 train_time:11671ms step_avg:30.96ms
step:378/1480 train_time:11705ms step_avg:30.97ms
step:379/1480 train_time:11733ms step_avg:30.96ms
step:380/1480 train_time:11766ms step_avg:30.96ms
step:381/1480 train_time:11794ms step_avg:30.96ms
step:382/1480 train_time:11828ms step_avg:30.96ms
step:383/1480 train_time:11856ms step_avg:30.95ms
step:384/1480 train_time:11889ms step_avg:30.96ms
step:385/1480 train_time:11918ms step_avg:30.95ms
step:386/1480 train_time:11952ms step_avg:30.96ms
step:387/1480 train_time:11980ms step_avg:30.96ms
step:388/1480 train_time:12013ms step_avg:30.96ms
step:389/1480 train_time:12041ms step_avg:30.95ms
step:390/1480 train_time:12075ms step_avg:30.96ms
step:391/1480 train_time:12103ms step_avg:30.95ms
step:392/1480 train_time:12137ms step_avg:30.96ms
step:393/1480 train_time:12164ms step_avg:30.95ms
step:394/1480 train_time:12198ms step_avg:30.96ms
step:395/1480 train_time:12226ms step_avg:30.95ms
step:396/1480 train_time:12260ms step_avg:30.96ms
step:397/1480 train_time:12287ms step_avg:30.95ms
step:398/1480 train_time:12322ms step_avg:30.96ms
step:399/1480 train_time:12349ms step_avg:30.95ms
step:400/1480 train_time:12384ms step_avg:30.96ms
step:401/1480 train_time:12411ms step_avg:30.95ms
step:402/1480 train_time:12445ms step_avg:30.96ms
step:403/1480 train_time:12473ms step_avg:30.95ms
step:404/1480 train_time:12507ms step_avg:30.96ms
step:405/1480 train_time:12535ms step_avg:30.95ms
step:406/1480 train_time:12569ms step_avg:30.96ms
step:407/1480 train_time:12597ms step_avg:30.95ms
step:408/1480 train_time:12631ms step_avg:30.96ms
step:409/1480 train_time:12659ms step_avg:30.95ms
step:410/1480 train_time:12693ms step_avg:30.96ms
step:411/1480 train_time:12721ms step_avg:30.95ms
step:412/1480 train_time:12755ms step_avg:30.96ms
step:413/1480 train_time:12783ms step_avg:30.95ms
step:414/1480 train_time:12816ms step_avg:30.96ms
step:415/1480 train_time:12844ms step_avg:30.95ms
step:416/1480 train_time:12878ms step_avg:30.96ms
step:417/1480 train_time:12906ms step_avg:30.95ms
step:418/1480 train_time:12940ms step_avg:30.96ms
step:419/1480 train_time:12967ms step_avg:30.95ms
step:420/1480 train_time:13002ms step_avg:30.96ms
step:421/1480 train_time:13029ms step_avg:30.95ms
step:422/1480 train_time:13064ms step_avg:30.96ms
step:423/1480 train_time:13091ms step_avg:30.95ms
step:424/1480 train_time:13125ms step_avg:30.96ms
step:425/1480 train_time:13153ms step_avg:30.95ms
step:426/1480 train_time:13187ms step_avg:30.96ms
step:427/1480 train_time:13215ms step_avg:30.95ms
step:428/1480 train_time:13249ms step_avg:30.96ms
step:429/1480 train_time:13277ms step_avg:30.95ms
step:430/1480 train_time:13311ms step_avg:30.96ms
step:431/1480 train_time:13339ms step_avg:30.95ms
step:432/1480 train_time:13373ms step_avg:30.96ms
step:433/1480 train_time:13401ms step_avg:30.95ms
step:434/1480 train_time:13434ms step_avg:30.95ms
step:435/1480 train_time:13462ms step_avg:30.95ms
step:436/1480 train_time:13496ms step_avg:30.95ms
step:437/1480 train_time:13523ms step_avg:30.95ms
step:438/1480 train_time:13557ms step_avg:30.95ms
step:439/1480 train_time:13585ms step_avg:30.95ms
step:440/1480 train_time:13619ms step_avg:30.95ms
step:441/1480 train_time:13647ms step_avg:30.95ms
step:442/1480 train_time:13681ms step_avg:30.95ms
step:443/1480 train_time:13709ms step_avg:30.95ms
step:444/1480 train_time:13743ms step_avg:30.95ms
step:445/1480 train_time:13771ms step_avg:30.95ms
step:446/1480 train_time:13805ms step_avg:30.95ms
step:447/1480 train_time:13833ms step_avg:30.95ms
step:448/1480 train_time:13866ms step_avg:30.95ms
step:449/1480 train_time:13894ms step_avg:30.94ms
step:450/1480 train_time:13928ms step_avg:30.95ms
step:451/1480 train_time:13956ms step_avg:30.94ms
step:452/1480 train_time:13990ms step_avg:30.95ms
step:453/1480 train_time:14018ms step_avg:30.95ms
step:454/1480 train_time:14052ms step_avg:30.95ms
step:455/1480 train_time:14080ms step_avg:30.95ms
step:456/1480 train_time:14114ms step_avg:30.95ms
step:457/1480 train_time:14142ms step_avg:30.95ms
step:458/1480 train_time:14176ms step_avg:30.95ms
step:459/1480 train_time:14203ms step_avg:30.94ms
step:460/1480 train_time:14237ms step_avg:30.95ms
step:461/1480 train_time:14265ms step_avg:30.94ms
step:462/1480 train_time:14299ms step_avg:30.95ms
step:463/1480 train_time:14327ms step_avg:30.94ms
step:464/1480 train_time:14361ms step_avg:30.95ms
step:465/1480 train_time:14389ms step_avg:30.94ms
step:466/1480 train_time:14423ms step_avg:30.95ms
step:467/1480 train_time:14451ms step_avg:30.94ms
step:468/1480 train_time:14485ms step_avg:30.95ms
step:469/1480 train_time:14512ms step_avg:30.94ms
step:470/1480 train_time:14546ms step_avg:30.95ms
step:471/1480 train_time:14574ms step_avg:30.94ms
step:472/1480 train_time:14608ms step_avg:30.95ms
step:473/1480 train_time:14635ms step_avg:30.94ms
step:474/1480 train_time:14669ms step_avg:30.95ms
step:475/1480 train_time:14697ms step_avg:30.94ms
step:476/1480 train_time:14731ms step_avg:30.95ms
step:477/1480 train_time:14758ms step_avg:30.94ms
step:478/1480 train_time:14792ms step_avg:30.95ms
step:479/1480 train_time:14820ms step_avg:30.94ms
step:480/1480 train_time:14854ms step_avg:30.95ms
step:481/1480 train_time:14884ms step_avg:30.94ms
step:482/1480 train_time:14944ms step_avg:31.00ms
step:483/1480 train_time:14998ms step_avg:31.05ms
step:484/1480 train_time:15056ms step_avg:31.11ms
step:485/1480 train_time:15110ms step_avg:31.15ms
step:486/1480 train_time:15169ms step_avg:31.21ms
step:487/1480 train_time:15223ms step_avg:31.26ms
step:488/1480 train_time:15281ms step_avg:31.31ms
step:489/1480 train_time:15335ms step_avg:31.36ms
step:490/1480 train_time:15394ms step_avg:31.42ms
step:491/1480 train_time:15448ms step_avg:31.46ms
step:492/1480 train_time:15507ms step_avg:31.52ms
step:493/1480 train_time:15560ms step_avg:31.56ms
step:494/1480 train_time:15618ms step_avg:31.62ms
step:495/1480 train_time:15672ms step_avg:31.66ms
step:496/1480 train_time:15731ms step_avg:31.72ms
step:497/1480 train_time:15784ms step_avg:31.76ms
step:498/1480 train_time:15842ms step_avg:31.81ms
step:499/1480 train_time:15896ms step_avg:31.86ms
step:500/1480 train_time:15955ms step_avg:31.91ms
step:500/1480 val_loss:4.2099 train_time:16017ms step_avg:32.03ms
step:501/1480 train_time:16033ms step_avg:32.00ms
step:502/1480 train_time:16069ms step_avg:32.01ms
step:503/1480 train_time:16125ms step_avg:32.06ms
step:504/1480 train_time:16186ms step_avg:32.12ms
step:505/1480 train_time:16241ms step_avg:32.16ms
step:506/1480 train_time:16300ms step_avg:32.21ms
step:507/1480 train_time:16353ms step_avg:32.25ms
step:508/1480 train_time:16411ms step_avg:32.31ms
step:509/1480 train_time:16464ms step_avg:32.35ms
step:510/1480 train_time:16522ms step_avg:32.40ms
step:511/1480 train_time:16575ms step_avg:32.44ms
step:512/1480 train_time:16633ms step_avg:32.49ms
step:513/1480 train_time:16686ms step_avg:32.53ms
step:514/1480 train_time:16745ms step_avg:32.58ms
step:515/1480 train_time:16798ms step_avg:32.62ms
step:516/1480 train_time:16856ms step_avg:32.67ms
step:517/1480 train_time:16909ms step_avg:32.71ms
step:518/1480 train_time:16968ms step_avg:32.76ms
step:519/1480 train_time:17022ms step_avg:32.80ms
step:520/1480 train_time:17080ms step_avg:32.85ms
step:521/1480 train_time:17136ms step_avg:32.89ms
step:522/1480 train_time:17196ms step_avg:32.94ms
step:523/1480 train_time:17250ms step_avg:32.98ms
step:524/1480 train_time:17310ms step_avg:33.03ms
step:525/1480 train_time:17362ms step_avg:33.07ms
step:526/1480 train_time:17421ms step_avg:33.12ms
step:527/1480 train_time:17473ms step_avg:33.16ms
step:528/1480 train_time:17532ms step_avg:33.20ms
step:529/1480 train_time:17585ms step_avg:33.24ms
step:530/1480 train_time:17643ms step_avg:33.29ms
step:531/1480 train_time:17696ms step_avg:33.33ms
step:532/1480 train_time:17754ms step_avg:33.37ms
step:533/1480 train_time:17808ms step_avg:33.41ms
step:534/1480 train_time:17866ms step_avg:33.46ms
step:535/1480 train_time:17919ms step_avg:33.49ms
step:536/1480 train_time:17977ms step_avg:33.54ms
step:537/1480 train_time:18032ms step_avg:33.58ms
step:538/1480 train_time:18092ms step_avg:33.63ms
step:539/1480 train_time:18146ms step_avg:33.67ms
step:540/1480 train_time:18206ms step_avg:33.71ms
step:541/1480 train_time:18260ms step_avg:33.75ms
step:542/1480 train_time:18319ms step_avg:33.80ms
step:543/1480 train_time:18373ms step_avg:33.84ms
step:544/1480 train_time:18431ms step_avg:33.88ms
step:545/1480 train_time:18484ms step_avg:33.92ms
step:546/1480 train_time:18543ms step_avg:33.96ms
step:547/1480 train_time:18595ms step_avg:33.99ms
step:548/1480 train_time:18654ms step_avg:34.04ms
step:549/1480 train_time:18706ms step_avg:34.07ms
step:550/1480 train_time:18766ms step_avg:34.12ms
step:551/1480 train_time:18819ms step_avg:34.15ms
step:552/1480 train_time:18877ms step_avg:34.20ms
step:553/1480 train_time:18931ms step_avg:34.23ms
step:554/1480 train_time:18990ms step_avg:34.28ms
step:555/1480 train_time:19043ms step_avg:34.31ms
step:556/1480 train_time:19102ms step_avg:34.36ms
step:557/1480 train_time:19155ms step_avg:34.39ms
step:558/1480 train_time:19215ms step_avg:34.44ms
step:559/1480 train_time:19268ms step_avg:34.47ms
step:560/1480 train_time:19327ms step_avg:34.51ms
step:561/1480 train_time:19381ms step_avg:34.55ms
step:562/1480 train_time:19439ms step_avg:34.59ms
step:563/1480 train_time:19493ms step_avg:34.62ms
step:564/1480 train_time:19552ms step_avg:34.67ms
step:565/1480 train_time:19605ms step_avg:34.70ms
step:566/1480 train_time:19663ms step_avg:34.74ms
step:567/1480 train_time:19716ms step_avg:34.77ms
step:568/1480 train_time:19774ms step_avg:34.81ms
step:569/1480 train_time:19828ms step_avg:34.85ms
step:570/1480 train_time:19887ms step_avg:34.89ms
step:571/1480 train_time:19940ms step_avg:34.92ms
step:572/1480 train_time:19998ms step_avg:34.96ms
step:573/1480 train_time:20053ms step_avg:35.00ms
step:574/1480 train_time:20112ms step_avg:35.04ms
step:575/1480 train_time:20165ms step_avg:35.07ms
step:576/1480 train_time:20224ms step_avg:35.11ms
step:577/1480 train_time:20278ms step_avg:35.14ms
step:578/1480 train_time:20337ms step_avg:35.19ms
step:579/1480 train_time:20391ms step_avg:35.22ms
step:580/1480 train_time:20450ms step_avg:35.26ms
step:581/1480 train_time:20505ms step_avg:35.29ms
step:582/1480 train_time:20563ms step_avg:35.33ms
step:583/1480 train_time:20617ms step_avg:35.36ms
step:584/1480 train_time:20675ms step_avg:35.40ms
step:585/1480 train_time:20728ms step_avg:35.43ms
step:586/1480 train_time:20786ms step_avg:35.47ms
step:587/1480 train_time:20839ms step_avg:35.50ms
step:588/1480 train_time:20898ms step_avg:35.54ms
step:589/1480 train_time:20950ms step_avg:35.57ms
step:590/1480 train_time:21010ms step_avg:35.61ms
step:591/1480 train_time:21063ms step_avg:35.64ms
step:592/1480 train_time:21122ms step_avg:35.68ms
step:593/1480 train_time:21176ms step_avg:35.71ms
step:594/1480 train_time:21236ms step_avg:35.75ms
step:595/1480 train_time:21289ms step_avg:35.78ms
step:596/1480 train_time:21349ms step_avg:35.82ms
step:597/1480 train_time:21403ms step_avg:35.85ms
step:598/1480 train_time:21461ms step_avg:35.89ms
step:599/1480 train_time:21514ms step_avg:35.92ms
step:600/1480 train_time:21573ms step_avg:35.95ms
step:601/1480 train_time:21627ms step_avg:35.98ms
step:602/1480 train_time:21686ms step_avg:36.02ms
step:603/1480 train_time:21738ms step_avg:36.05ms
step:604/1480 train_time:21797ms step_avg:36.09ms
step:605/1480 train_time:21850ms step_avg:36.12ms
step:606/1480 train_time:21909ms step_avg:36.15ms
step:607/1480 train_time:21962ms step_avg:36.18ms
step:608/1480 train_time:22021ms step_avg:36.22ms
step:609/1480 train_time:22074ms step_avg:36.25ms
step:610/1480 train_time:22134ms step_avg:36.28ms
step:611/1480 train_time:22187ms step_avg:36.31ms
step:612/1480 train_time:22246ms step_avg:36.35ms
step:613/1480 train_time:22300ms step_avg:36.38ms
step:614/1480 train_time:22358ms step_avg:36.41ms
step:615/1480 train_time:22412ms step_avg:36.44ms
step:616/1480 train_time:22471ms step_avg:36.48ms
step:617/1480 train_time:22525ms step_avg:36.51ms
step:618/1480 train_time:22584ms step_avg:36.54ms
step:619/1480 train_time:22637ms step_avg:36.57ms
step:620/1480 train_time:22695ms step_avg:36.60ms
step:621/1480 train_time:22749ms step_avg:36.63ms
step:622/1480 train_time:22808ms step_avg:36.67ms
step:623/1480 train_time:22860ms step_avg:36.69ms
step:624/1480 train_time:22919ms step_avg:36.73ms
step:625/1480 train_time:22972ms step_avg:36.76ms
step:626/1480 train_time:23032ms step_avg:36.79ms
step:627/1480 train_time:23085ms step_avg:36.82ms
step:628/1480 train_time:23144ms step_avg:36.85ms
step:629/1480 train_time:23197ms step_avg:36.88ms
step:630/1480 train_time:23256ms step_avg:36.91ms
step:631/1480 train_time:23309ms step_avg:36.94ms
step:632/1480 train_time:23368ms step_avg:36.98ms
step:633/1480 train_time:23422ms step_avg:37.00ms
step:634/1480 train_time:23480ms step_avg:37.03ms
step:635/1480 train_time:23533ms step_avg:37.06ms
step:636/1480 train_time:23592ms step_avg:37.09ms
step:637/1480 train_time:23646ms step_avg:37.12ms
step:638/1480 train_time:23704ms step_avg:37.15ms
step:639/1480 train_time:23758ms step_avg:37.18ms
step:640/1480 train_time:23816ms step_avg:37.21ms
step:641/1480 train_time:23869ms step_avg:37.24ms
step:642/1480 train_time:23928ms step_avg:37.27ms
step:643/1480 train_time:23981ms step_avg:37.30ms
step:644/1480 train_time:24040ms step_avg:37.33ms
step:645/1480 train_time:24094ms step_avg:37.35ms
step:646/1480 train_time:24152ms step_avg:37.39ms
step:647/1480 train_time:24206ms step_avg:37.41ms
step:648/1480 train_time:24265ms step_avg:37.45ms
step:649/1480 train_time:24318ms step_avg:37.47ms
step:650/1480 train_time:24377ms step_avg:37.50ms
step:651/1480 train_time:24431ms step_avg:37.53ms
step:652/1480 train_time:24491ms step_avg:37.56ms
step:653/1480 train_time:24544ms step_avg:37.59ms
step:654/1480 train_time:24602ms step_avg:37.62ms
step:655/1480 train_time:24656ms step_avg:37.64ms
step:656/1480 train_time:24715ms step_avg:37.68ms
step:657/1480 train_time:24769ms step_avg:37.70ms
step:658/1480 train_time:24828ms step_avg:37.73ms
step:659/1480 train_time:24882ms step_avg:37.76ms
step:660/1480 train_time:24940ms step_avg:37.79ms
step:661/1480 train_time:24993ms step_avg:37.81ms
step:662/1480 train_time:25052ms step_avg:37.84ms
step:663/1480 train_time:25106ms step_avg:37.87ms
step:664/1480 train_time:25165ms step_avg:37.90ms
step:665/1480 train_time:25218ms step_avg:37.92ms
step:666/1480 train_time:25277ms step_avg:37.95ms
step:667/1480 train_time:25331ms step_avg:37.98ms
step:668/1480 train_time:25390ms step_avg:38.01ms
step:669/1480 train_time:25443ms step_avg:38.03ms
step:670/1480 train_time:25502ms step_avg:38.06ms
step:671/1480 train_time:25555ms step_avg:38.08ms
step:672/1480 train_time:25614ms step_avg:38.12ms
step:673/1480 train_time:25668ms step_avg:38.14ms
step:674/1480 train_time:25728ms step_avg:38.17ms
step:675/1480 train_time:25782ms step_avg:38.19ms
step:676/1480 train_time:25840ms step_avg:38.23ms
step:677/1480 train_time:25893ms step_avg:38.25ms
step:678/1480 train_time:25952ms step_avg:38.28ms
step:679/1480 train_time:26006ms step_avg:38.30ms
step:680/1480 train_time:26065ms step_avg:38.33ms
step:681/1480 train_time:26119ms step_avg:38.35ms
step:682/1480 train_time:26178ms step_avg:38.38ms
step:683/1480 train_time:26233ms step_avg:38.41ms
step:684/1480 train_time:26291ms step_avg:38.44ms
step:685/1480 train_time:26344ms step_avg:38.46ms
step:686/1480 train_time:26403ms step_avg:38.49ms
step:687/1480 train_time:26456ms step_avg:38.51ms
step:688/1480 train_time:26516ms step_avg:38.54ms
step:689/1480 train_time:26568ms step_avg:38.56ms
step:690/1480 train_time:26628ms step_avg:38.59ms
step:691/1480 train_time:26680ms step_avg:38.61ms
step:692/1480 train_time:26739ms step_avg:38.64ms
step:693/1480 train_time:26793ms step_avg:38.66ms
step:694/1480 train_time:26851ms step_avg:38.69ms
step:695/1480 train_time:26905ms step_avg:38.71ms
step:696/1480 train_time:26963ms step_avg:38.74ms
step:697/1480 train_time:27017ms step_avg:38.76ms
step:698/1480 train_time:27076ms step_avg:38.79ms
step:699/1480 train_time:27130ms step_avg:38.81ms
step:700/1480 train_time:27189ms step_avg:38.84ms
step:701/1480 train_time:27243ms step_avg:38.86ms
step:702/1480 train_time:27300ms step_avg:38.89ms
step:703/1480 train_time:27354ms step_avg:38.91ms
step:704/1480 train_time:27414ms step_avg:38.94ms
step:705/1480 train_time:27467ms step_avg:38.96ms
step:706/1480 train_time:27526ms step_avg:38.99ms
step:707/1480 train_time:27580ms step_avg:39.01ms
step:708/1480 train_time:27638ms step_avg:39.04ms
step:709/1480 train_time:27692ms step_avg:39.06ms
step:710/1480 train_time:27751ms step_avg:39.09ms
step:711/1480 train_time:27804ms step_avg:39.11ms
step:712/1480 train_time:27862ms step_avg:39.13ms
step:713/1480 train_time:27916ms step_avg:39.15ms
step:714/1480 train_time:27974ms step_avg:39.18ms
step:715/1480 train_time:28028ms step_avg:39.20ms
step:716/1480 train_time:28088ms step_avg:39.23ms
step:717/1480 train_time:28141ms step_avg:39.25ms
step:718/1480 train_time:28199ms step_avg:39.27ms
step:719/1480 train_time:28253ms step_avg:39.29ms
step:720/1480 train_time:28312ms step_avg:39.32ms
step:721/1480 train_time:28366ms step_avg:39.34ms
step:722/1480 train_time:28424ms step_avg:39.37ms
step:723/1480 train_time:28477ms step_avg:39.39ms
step:724/1480 train_time:28536ms step_avg:39.41ms
step:725/1480 train_time:28589ms step_avg:39.43ms
step:726/1480 train_time:28648ms step_avg:39.46ms
step:727/1480 train_time:28701ms step_avg:39.48ms
step:728/1480 train_time:28760ms step_avg:39.51ms
step:729/1480 train_time:28814ms step_avg:39.53ms
step:730/1480 train_time:28873ms step_avg:39.55ms
step:731/1480 train_time:28927ms step_avg:39.57ms
step:732/1480 train_time:28986ms step_avg:39.60ms
step:733/1480 train_time:29040ms step_avg:39.62ms
step:734/1480 train_time:29098ms step_avg:39.64ms
step:735/1480 train_time:29152ms step_avg:39.66ms
step:736/1480 train_time:29211ms step_avg:39.69ms
step:737/1480 train_time:29265ms step_avg:39.71ms
step:738/1480 train_time:29324ms step_avg:39.73ms
step:739/1480 train_time:29377ms step_avg:39.75ms
step:740/1480 train_time:29436ms step_avg:39.78ms
step:741/1480 train_time:29489ms step_avg:39.80ms
step:742/1480 train_time:29549ms step_avg:39.82ms
step:743/1480 train_time:29603ms step_avg:39.84ms
step:744/1480 train_time:29661ms step_avg:39.87ms
step:745/1480 train_time:29714ms step_avg:39.88ms
step:746/1480 train_time:29773ms step_avg:39.91ms
step:747/1480 train_time:29827ms step_avg:39.93ms
step:748/1480 train_time:29886ms step_avg:39.95ms
step:749/1480 train_time:29939ms step_avg:39.97ms
step:750/1480 train_time:29998ms step_avg:40.00ms
step:750/1480 val_loss:3.8012 train_time:30061ms step_avg:40.08ms
step:751/1480 train_time:30077ms step_avg:40.05ms
step:752/1480 train_time:30112ms step_avg:40.04ms
step:753/1480 train_time:30168ms step_avg:40.06ms
step:754/1480 train_time:30231ms step_avg:40.09ms
step:755/1480 train_time:30285ms step_avg:40.11ms
step:756/1480 train_time:30344ms step_avg:40.14ms
step:757/1480 train_time:30397ms step_avg:40.16ms
step:758/1480 train_time:30456ms step_avg:40.18ms
step:759/1480 train_time:30508ms step_avg:40.19ms
step:760/1480 train_time:30567ms step_avg:40.22ms
step:761/1480 train_time:30620ms step_avg:40.24ms
step:762/1480 train_time:30678ms step_avg:40.26ms
step:763/1480 train_time:30730ms step_avg:40.28ms
step:764/1480 train_time:30788ms step_avg:40.30ms
step:765/1480 train_time:30841ms step_avg:40.32ms
step:766/1480 train_time:30900ms step_avg:40.34ms
step:767/1480 train_time:30953ms step_avg:40.36ms
step:768/1480 train_time:31011ms step_avg:40.38ms
step:769/1480 train_time:31066ms step_avg:40.40ms
step:770/1480 train_time:31126ms step_avg:40.42ms
step:771/1480 train_time:31181ms step_avg:40.44ms
step:772/1480 train_time:31242ms step_avg:40.47ms
step:773/1480 train_time:31296ms step_avg:40.49ms
step:774/1480 train_time:31355ms step_avg:40.51ms
step:775/1480 train_time:31408ms step_avg:40.53ms
step:776/1480 train_time:31467ms step_avg:40.55ms
step:777/1480 train_time:31521ms step_avg:40.57ms
step:778/1480 train_time:31579ms step_avg:40.59ms
step:779/1480 train_time:31631ms step_avg:40.60ms
step:780/1480 train_time:31690ms step_avg:40.63ms
step:781/1480 train_time:31743ms step_avg:40.64ms
step:782/1480 train_time:31801ms step_avg:40.67ms
step:783/1480 train_time:31855ms step_avg:40.68ms
step:784/1480 train_time:31913ms step_avg:40.71ms
step:785/1480 train_time:31966ms step_avg:40.72ms
step:786/1480 train_time:32025ms step_avg:40.74ms
step:787/1480 train_time:32079ms step_avg:40.76ms
step:788/1480 train_time:32139ms step_avg:40.79ms
step:789/1480 train_time:32193ms step_avg:40.80ms
step:790/1480 train_time:32252ms step_avg:40.83ms
step:791/1480 train_time:32306ms step_avg:40.84ms
step:792/1480 train_time:32365ms step_avg:40.87ms
step:793/1480 train_time:32418ms step_avg:40.88ms
step:794/1480 train_time:32477ms step_avg:40.90ms
step:795/1480 train_time:32531ms step_avg:40.92ms
step:796/1480 train_time:32589ms step_avg:40.94ms
step:797/1480 train_time:32643ms step_avg:40.96ms
step:798/1480 train_time:32701ms step_avg:40.98ms
step:799/1480 train_time:32754ms step_avg:40.99ms
step:800/1480 train_time:32812ms step_avg:41.01ms
step:801/1480 train_time:32866ms step_avg:41.03ms
step:802/1480 train_time:32924ms step_avg:41.05ms
step:803/1480 train_time:32978ms step_avg:41.07ms
step:804/1480 train_time:33037ms step_avg:41.09ms
step:805/1480 train_time:33090ms step_avg:41.11ms
step:806/1480 train_time:33150ms step_avg:41.13ms
step:807/1480 train_time:33203ms step_avg:41.14ms
step:808/1480 train_time:33263ms step_avg:41.17ms
step:809/1480 train_time:33317ms step_avg:41.18ms
step:810/1480 train_time:33376ms step_avg:41.20ms
step:811/1480 train_time:33428ms step_avg:41.22ms
step:812/1480 train_time:33488ms step_avg:41.24ms
step:813/1480 train_time:33541ms step_avg:41.26ms
step:814/1480 train_time:33600ms step_avg:41.28ms
step:815/1480 train_time:33653ms step_avg:41.29ms
step:816/1480 train_time:33711ms step_avg:41.31ms
step:817/1480 train_time:33764ms step_avg:41.33ms
step:818/1480 train_time:33823ms step_avg:41.35ms
step:819/1480 train_time:33876ms step_avg:41.36ms
step:820/1480 train_time:33934ms step_avg:41.38ms
step:821/1480 train_time:33987ms step_avg:41.40ms
step:822/1480 train_time:34047ms step_avg:41.42ms
step:823/1480 train_time:34101ms step_avg:41.44ms
step:824/1480 train_time:34160ms step_avg:41.46ms
step:825/1480 train_time:34213ms step_avg:41.47ms
step:826/1480 train_time:34273ms step_avg:41.49ms
step:827/1480 train_time:34327ms step_avg:41.51ms
step:828/1480 train_time:34386ms step_avg:41.53ms
step:829/1480 train_time:34440ms step_avg:41.54ms
step:830/1480 train_time:34498ms step_avg:41.56ms
step:831/1480 train_time:34551ms step_avg:41.58ms
step:832/1480 train_time:34610ms step_avg:41.60ms
step:833/1480 train_time:34663ms step_avg:41.61ms
step:834/1480 train_time:34722ms step_avg:41.63ms
step:835/1480 train_time:34775ms step_avg:41.65ms
step:836/1480 train_time:34833ms step_avg:41.67ms
step:837/1480 train_time:34886ms step_avg:41.68ms
step:838/1480 train_time:34946ms step_avg:41.70ms
step:839/1480 train_time:34999ms step_avg:41.72ms
step:840/1480 train_time:35059ms step_avg:41.74ms
step:841/1480 train_time:35112ms step_avg:41.75ms
step:842/1480 train_time:35171ms step_avg:41.77ms
step:843/1480 train_time:35225ms step_avg:41.79ms
step:844/1480 train_time:35285ms step_avg:41.81ms
step:845/1480 train_time:35338ms step_avg:41.82ms
step:846/1480 train_time:35397ms step_avg:41.84ms
step:847/1480 train_time:35451ms step_avg:41.85ms
step:848/1480 train_time:35509ms step_avg:41.87ms
step:849/1480 train_time:35563ms step_avg:41.89ms
step:850/1480 train_time:35621ms step_avg:41.91ms
step:851/1480 train_time:35675ms step_avg:41.92ms
step:852/1480 train_time:35733ms step_avg:41.94ms
step:853/1480 train_time:35786ms step_avg:41.95ms
step:854/1480 train_time:35844ms step_avg:41.97ms
step:855/1480 train_time:35897ms step_avg:41.99ms
step:856/1480 train_time:35956ms step_avg:42.00ms
step:857/1480 train_time:36009ms step_avg:42.02ms
step:858/1480 train_time:36068ms step_avg:42.04ms
step:859/1480 train_time:36121ms step_avg:42.05ms
step:860/1480 train_time:36181ms step_avg:42.07ms
step:861/1480 train_time:36234ms step_avg:42.08ms
step:862/1480 train_time:36293ms step_avg:42.10ms
step:863/1480 train_time:36347ms step_avg:42.12ms
step:864/1480 train_time:36405ms step_avg:42.14ms
step:865/1480 train_time:36459ms step_avg:42.15ms
step:866/1480 train_time:36518ms step_avg:42.17ms
step:867/1480 train_time:36571ms step_avg:42.18ms
step:868/1480 train_time:36630ms step_avg:42.20ms
step:869/1480 train_time:36683ms step_avg:42.21ms
step:870/1480 train_time:36742ms step_avg:42.23ms
step:871/1480 train_time:36796ms step_avg:42.25ms
step:872/1480 train_time:36854ms step_avg:42.26ms
step:873/1480 train_time:36907ms step_avg:42.28ms
step:874/1480 train_time:36966ms step_avg:42.30ms
step:875/1480 train_time:37019ms step_avg:42.31ms
step:876/1480 train_time:37078ms step_avg:42.33ms
step:877/1480 train_time:37132ms step_avg:42.34ms
step:878/1480 train_time:37190ms step_avg:42.36ms
step:879/1480 train_time:37244ms step_avg:42.37ms
step:880/1480 train_time:37303ms step_avg:42.39ms
step:881/1480 train_time:37356ms step_avg:42.40ms
step:882/1480 train_time:37415ms step_avg:42.42ms
step:883/1480 train_time:37467ms step_avg:42.43ms
step:884/1480 train_time:37526ms step_avg:42.45ms
step:885/1480 train_time:37579ms step_avg:42.46ms
step:886/1480 train_time:37639ms step_avg:42.48ms
step:887/1480 train_time:37692ms step_avg:42.49ms
step:888/1480 train_time:37751ms step_avg:42.51ms
step:889/1480 train_time:37804ms step_avg:42.52ms
step:890/1480 train_time:37863ms step_avg:42.54ms
step:891/1480 train_time:37917ms step_avg:42.56ms
step:892/1480 train_time:37975ms step_avg:42.57ms
step:893/1480 train_time:38028ms step_avg:42.58ms
step:894/1480 train_time:38087ms step_avg:42.60ms
step:895/1480 train_time:38142ms step_avg:42.62ms
step:896/1480 train_time:38201ms step_avg:42.63ms
step:897/1480 train_time:38253ms step_avg:42.65ms
step:898/1480 train_time:38312ms step_avg:42.66ms
step:899/1480 train_time:38367ms step_avg:42.68ms
step:900/1480 train_time:38425ms step_avg:42.69ms
step:901/1480 train_time:38479ms step_avg:42.71ms
step:902/1480 train_time:38538ms step_avg:42.73ms
step:903/1480 train_time:38591ms step_avg:42.74ms
step:904/1480 train_time:38650ms step_avg:42.75ms
step:905/1480 train_time:38703ms step_avg:42.77ms
step:906/1480 train_time:38762ms step_avg:42.78ms
step:907/1480 train_time:38816ms step_avg:42.80ms
step:908/1480 train_time:38874ms step_avg:42.81ms
step:909/1480 train_time:38927ms step_avg:42.82ms
step:910/1480 train_time:38986ms step_avg:42.84ms
step:911/1480 train_time:39039ms step_avg:42.85ms
step:912/1480 train_time:39099ms step_avg:42.87ms
step:913/1480 train_time:39153ms step_avg:42.88ms
step:914/1480 train_time:39211ms step_avg:42.90ms
step:915/1480 train_time:39265ms step_avg:42.91ms
step:916/1480 train_time:39324ms step_avg:42.93ms
step:917/1480 train_time:39378ms step_avg:42.94ms
step:918/1480 train_time:39437ms step_avg:42.96ms
step:919/1480 train_time:39489ms step_avg:42.97ms
step:920/1480 train_time:39549ms step_avg:42.99ms
step:921/1480 train_time:39603ms step_avg:43.00ms
step:922/1480 train_time:39661ms step_avg:43.02ms
step:923/1480 train_time:39715ms step_avg:43.03ms
step:924/1480 train_time:39774ms step_avg:43.04ms
step:925/1480 train_time:39827ms step_avg:43.06ms
step:926/1480 train_time:39885ms step_avg:43.07ms
step:927/1480 train_time:39939ms step_avg:43.08ms
step:928/1480 train_time:39997ms step_avg:43.10ms
step:929/1480 train_time:40051ms step_avg:43.11ms
step:930/1480 train_time:40110ms step_avg:43.13ms
step:931/1480 train_time:40164ms step_avg:43.14ms
step:932/1480 train_time:40223ms step_avg:43.16ms
step:933/1480 train_time:40277ms step_avg:43.17ms
step:934/1480 train_time:40336ms step_avg:43.19ms
step:935/1480 train_time:40388ms step_avg:43.20ms
step:936/1480 train_time:40449ms step_avg:43.21ms
step:937/1480 train_time:40502ms step_avg:43.23ms
step:938/1480 train_time:40561ms step_avg:43.24ms
step:939/1480 train_time:40614ms step_avg:43.25ms
step:940/1480 train_time:40673ms step_avg:43.27ms
step:941/1480 train_time:40726ms step_avg:43.28ms
step:942/1480 train_time:40784ms step_avg:43.30ms
step:943/1480 train_time:40838ms step_avg:43.31ms
step:944/1480 train_time:40897ms step_avg:43.32ms
step:945/1480 train_time:40950ms step_avg:43.33ms
step:946/1480 train_time:41009ms step_avg:43.35ms
step:947/1480 train_time:41063ms step_avg:43.36ms
step:948/1480 train_time:41122ms step_avg:43.38ms
step:949/1480 train_time:41176ms step_avg:43.39ms
step:950/1480 train_time:41235ms step_avg:43.41ms
step:951/1480 train_time:41288ms step_avg:43.42ms
step:952/1480 train_time:41347ms step_avg:43.43ms
step:953/1480 train_time:41401ms step_avg:43.44ms
step:954/1480 train_time:41460ms step_avg:43.46ms
step:955/1480 train_time:41513ms step_avg:43.47ms
step:956/1480 train_time:41572ms step_avg:43.49ms
step:957/1480 train_time:41626ms step_avg:43.50ms
step:958/1480 train_time:41685ms step_avg:43.51ms
step:959/1480 train_time:41738ms step_avg:43.52ms
step:960/1480 train_time:41796ms step_avg:43.54ms
step:961/1480 train_time:41851ms step_avg:43.55ms
step:962/1480 train_time:41939ms step_avg:43.60ms
step:963/1480 train_time:42018ms step_avg:43.63ms
step:964/1480 train_time:42103ms step_avg:43.67ms
step:965/1480 train_time:42183ms step_avg:43.71ms
step:966/1480 train_time:42268ms step_avg:43.76ms
step:967/1480 train_time:42347ms step_avg:43.79ms
step:968/1480 train_time:42432ms step_avg:43.83ms
step:969/1480 train_time:42510ms step_avg:43.87ms
step:970/1480 train_time:42593ms step_avg:43.91ms
step:971/1480 train_time:42674ms step_avg:43.95ms
step:972/1480 train_time:42758ms step_avg:43.99ms
step:973/1480 train_time:42838ms step_avg:44.03ms
step:974/1480 train_time:42922ms step_avg:44.07ms
step:975/1480 train_time:43002ms step_avg:44.10ms
step:976/1480 train_time:43087ms step_avg:44.15ms
step:977/1480 train_time:43167ms step_avg:44.18ms
step:978/1480 train_time:43251ms step_avg:44.22ms
step:979/1480 train_time:43332ms step_avg:44.26ms
step:980/1480 train_time:43417ms step_avg:44.30ms
step:981/1480 train_time:43494ms step_avg:44.34ms
step:982/1480 train_time:43580ms step_avg:44.38ms
step:983/1480 train_time:43659ms step_avg:44.41ms
step:984/1480 train_time:43743ms step_avg:44.45ms
step:985/1480 train_time:43823ms step_avg:44.49ms
step:986/1480 train_time:43908ms step_avg:44.53ms
step:987/1480 train_time:43986ms step_avg:44.57ms
step:988/1480 train_time:44072ms step_avg:44.61ms
step:989/1480 train_time:44150ms step_avg:44.64ms
step:990/1480 train_time:44234ms step_avg:44.68ms
step:991/1480 train_time:44314ms step_avg:44.72ms
step:992/1480 train_time:44399ms step_avg:44.76ms
step:993/1480 train_time:44479ms step_avg:44.79ms
step:994/1480 train_time:44563ms step_avg:44.83ms
step:995/1480 train_time:44641ms step_avg:44.87ms
step:996/1480 train_time:44725ms step_avg:44.90ms
step:997/1480 train_time:44805ms step_avg:44.94ms
step:998/1480 train_time:44889ms step_avg:44.98ms
step:999/1480 train_time:44968ms step_avg:45.01ms
step:1000/1480 train_time:45053ms step_avg:45.05ms
step:1000/1480 val_loss:3.5111 train_time:45142ms step_avg:45.14ms
step:1001/1480 train_time:45159ms step_avg:45.11ms
step:1002/1480 train_time:45220ms step_avg:45.13ms
step:1003/1480 train_time:45301ms step_avg:45.17ms
step:1004/1480 train_time:45387ms step_avg:45.21ms
step:1005/1480 train_time:45466ms step_avg:45.24ms
step:1006/1480 train_time:45550ms step_avg:45.28ms
step:1007/1480 train_time:45629ms step_avg:45.31ms
step:1008/1480 train_time:45712ms step_avg:45.35ms
step:1009/1480 train_time:45790ms step_avg:45.38ms
step:1010/1480 train_time:45874ms step_avg:45.42ms
step:1011/1480 train_time:45952ms step_avg:45.45ms
step:1012/1480 train_time:46037ms step_avg:45.49ms
step:1013/1480 train_time:46116ms step_avg:45.52ms
step:1014/1480 train_time:46202ms step_avg:45.56ms
step:1015/1480 train_time:46283ms step_avg:45.60ms
step:1016/1480 train_time:46369ms step_avg:45.64ms
step:1017/1480 train_time:46448ms step_avg:45.67ms
step:1018/1480 train_time:46533ms step_avg:45.71ms
step:1019/1480 train_time:46613ms step_avg:45.74ms
step:1020/1480 train_time:46696ms step_avg:45.78ms
step:1021/1480 train_time:46775ms step_avg:45.81ms
step:1022/1480 train_time:46859ms step_avg:45.85ms
step:1023/1480 train_time:46938ms step_avg:45.88ms
step:1024/1480 train_time:47022ms step_avg:45.92ms
step:1025/1480 train_time:47102ms step_avg:45.95ms
step:1026/1480 train_time:47187ms step_avg:45.99ms
step:1027/1480 train_time:47267ms step_avg:46.02ms
step:1028/1480 train_time:47352ms step_avg:46.06ms
step:1029/1480 train_time:47431ms step_avg:46.09ms
step:1030/1480 train_time:47516ms step_avg:46.13ms
step:1031/1480 train_time:47595ms step_avg:46.16ms
step:1032/1480 train_time:47680ms step_avg:46.20ms
step:1033/1480 train_time:47758ms step_avg:46.23ms
step:1034/1480 train_time:47842ms step_avg:46.27ms
step:1035/1480 train_time:47921ms step_avg:46.30ms
step:1036/1480 train_time:48006ms step_avg:46.34ms
step:1037/1480 train_time:48087ms step_avg:46.37ms
step:1038/1480 train_time:48170ms step_avg:46.41ms
step:1039/1480 train_time:48250ms step_avg:46.44ms
step:1040/1480 train_time:48334ms step_avg:46.48ms
step:1041/1480 train_time:48414ms step_avg:46.51ms
step:1042/1480 train_time:48499ms step_avg:46.54ms
step:1043/1480 train_time:48578ms step_avg:46.57ms
step:1044/1480 train_time:48662ms step_avg:46.61ms
step:1045/1480 train_time:48741ms step_avg:46.64ms
step:1046/1480 train_time:48824ms step_avg:46.68ms
step:1047/1480 train_time:48902ms step_avg:46.71ms
step:1048/1480 train_time:48987ms step_avg:46.74ms
step:1049/1480 train_time:49065ms step_avg:46.77ms
step:1050/1480 train_time:49150ms step_avg:46.81ms
step:1051/1480 train_time:49229ms step_avg:46.84ms
step:1052/1480 train_time:49313ms step_avg:46.88ms
step:1053/1480 train_time:49393ms step_avg:46.91ms
step:1054/1480 train_time:49480ms step_avg:46.94ms
step:1055/1480 train_time:49558ms step_avg:46.97ms
step:1056/1480 train_time:49643ms step_avg:47.01ms
step:1057/1480 train_time:49723ms step_avg:47.04ms
step:1058/1480 train_time:49807ms step_avg:47.08ms
step:1059/1480 train_time:49886ms step_avg:47.11ms
step:1060/1480 train_time:49970ms step_avg:47.14ms
step:1061/1480 train_time:50049ms step_avg:47.17ms
step:1062/1480 train_time:50134ms step_avg:47.21ms
step:1063/1480 train_time:50213ms step_avg:47.24ms
step:1064/1480 train_time:50296ms step_avg:47.27ms
step:1065/1480 train_time:50378ms step_avg:47.30ms
step:1066/1480 train_time:50462ms step_avg:47.34ms
step:1067/1480 train_time:50542ms step_avg:47.37ms
step:1068/1480 train_time:50625ms step_avg:47.40ms
step:1069/1480 train_time:50703ms step_avg:47.43ms
step:1070/1480 train_time:50788ms step_avg:47.47ms
step:1071/1480 train_time:50867ms step_avg:47.49ms
step:1072/1480 train_time:50951ms step_avg:47.53ms
step:1073/1480 train_time:51031ms step_avg:47.56ms
step:1074/1480 train_time:51115ms step_avg:47.59ms
step:1075/1480 train_time:51195ms step_avg:47.62ms
step:1076/1480 train_time:51280ms step_avg:47.66ms
step:1077/1480 train_time:51360ms step_avg:47.69ms
step:1078/1480 train_time:51445ms step_avg:47.72ms
step:1079/1480 train_time:51524ms step_avg:47.75ms
step:1080/1480 train_time:51609ms step_avg:47.79ms
step:1081/1480 train_time:51689ms step_avg:47.82ms
step:1082/1480 train_time:51773ms step_avg:47.85ms
step:1083/1480 train_time:51852ms step_avg:47.88ms
step:1084/1480 train_time:51937ms step_avg:47.91ms
step:1085/1480 train_time:52017ms step_avg:47.94ms
step:1086/1480 train_time:52102ms step_avg:47.98ms
step:1087/1480 train_time:52181ms step_avg:48.00ms
step:1088/1480 train_time:52265ms step_avg:48.04ms
step:1089/1480 train_time:52345ms step_avg:48.07ms
step:1090/1480 train_time:52429ms step_avg:48.10ms
step:1091/1480 train_time:52508ms step_avg:48.13ms
step:1092/1480 train_time:52594ms step_avg:48.16ms
step:1093/1480 train_time:52673ms step_avg:48.19ms
step:1094/1480 train_time:52758ms step_avg:48.22ms
step:1095/1480 train_time:52837ms step_avg:48.25ms
step:1096/1480 train_time:52923ms step_avg:48.29ms
step:1097/1480 train_time:53003ms step_avg:48.32ms
step:1098/1480 train_time:53087ms step_avg:48.35ms
step:1099/1480 train_time:53166ms step_avg:48.38ms
step:1100/1480 train_time:53251ms step_avg:48.41ms
step:1101/1480 train_time:53329ms step_avg:48.44ms
step:1102/1480 train_time:53415ms step_avg:48.47ms
step:1103/1480 train_time:53495ms step_avg:48.50ms
step:1104/1480 train_time:53581ms step_avg:48.53ms
step:1105/1480 train_time:53659ms step_avg:48.56ms
step:1106/1480 train_time:53744ms step_avg:48.59ms
step:1107/1480 train_time:53823ms step_avg:48.62ms
step:1108/1480 train_time:53908ms step_avg:48.65ms
step:1109/1480 train_time:53987ms step_avg:48.68ms
step:1110/1480 train_time:54070ms step_avg:48.71ms
step:1111/1480 train_time:54149ms step_avg:48.74ms
step:1112/1480 train_time:54234ms step_avg:48.77ms
step:1113/1480 train_time:54314ms step_avg:48.80ms
step:1114/1480 train_time:54400ms step_avg:48.83ms
step:1115/1480 train_time:54479ms step_avg:48.86ms
step:1116/1480 train_time:54563ms step_avg:48.89ms
step:1117/1480 train_time:54643ms step_avg:48.92ms
step:1118/1480 train_time:54726ms step_avg:48.95ms
step:1119/1480 train_time:54806ms step_avg:48.98ms
step:1120/1480 train_time:54892ms step_avg:49.01ms
step:1121/1480 train_time:54970ms step_avg:49.04ms
step:1122/1480 train_time:55054ms step_avg:49.07ms
step:1123/1480 train_time:55135ms step_avg:49.10ms
step:1124/1480 train_time:55219ms step_avg:49.13ms
step:1125/1480 train_time:55298ms step_avg:49.15ms
step:1126/1480 train_time:55383ms step_avg:49.19ms
step:1127/1480 train_time:55461ms step_avg:49.21ms
step:1128/1480 train_time:55546ms step_avg:49.24ms
step:1129/1480 train_time:55625ms step_avg:49.27ms
step:1130/1480 train_time:55708ms step_avg:49.30ms
step:1131/1480 train_time:55787ms step_avg:49.33ms
step:1132/1480 train_time:55871ms step_avg:49.36ms
step:1133/1480 train_time:55950ms step_avg:49.38ms
step:1134/1480 train_time:56034ms step_avg:49.41ms
step:1135/1480 train_time:56114ms step_avg:49.44ms
step:1136/1480 train_time:56199ms step_avg:49.47ms
step:1137/1480 train_time:56279ms step_avg:49.50ms
step:1138/1480 train_time:56363ms step_avg:49.53ms
step:1139/1480 train_time:56443ms step_avg:49.55ms
step:1140/1480 train_time:56527ms step_avg:49.58ms
step:1141/1480 train_time:56607ms step_avg:49.61ms
step:1142/1480 train_time:56692ms step_avg:49.64ms
step:1143/1480 train_time:56771ms step_avg:49.67ms
step:1144/1480 train_time:56855ms step_avg:49.70ms
step:1145/1480 train_time:56933ms step_avg:49.72ms
step:1146/1480 train_time:57018ms step_avg:49.75ms
step:1147/1480 train_time:57099ms step_avg:49.78ms
step:1148/1480 train_time:57184ms step_avg:49.81ms
step:1149/1480 train_time:57264ms step_avg:49.84ms
step:1150/1480 train_time:57349ms step_avg:49.87ms
step:1151/1480 train_time:57428ms step_avg:49.89ms
step:1152/1480 train_time:57512ms step_avg:49.92ms
step:1153/1480 train_time:57593ms step_avg:49.95ms
step:1154/1480 train_time:57677ms step_avg:49.98ms
step:1155/1480 train_time:57756ms step_avg:50.00ms
step:1156/1480 train_time:57841ms step_avg:50.04ms
step:1157/1480 train_time:57919ms step_avg:50.06ms
step:1158/1480 train_time:58003ms step_avg:50.09ms
step:1159/1480 train_time:58083ms step_avg:50.11ms
step:1160/1480 train_time:58168ms step_avg:50.14ms
step:1161/1480 train_time:58246ms step_avg:50.17ms
step:1162/1480 train_time:58330ms step_avg:50.20ms
step:1163/1480 train_time:58410ms step_avg:50.22ms
step:1164/1480 train_time:58495ms step_avg:50.25ms
step:1165/1480 train_time:58575ms step_avg:50.28ms
step:1166/1480 train_time:58658ms step_avg:50.31ms
step:1167/1480 train_time:58737ms step_avg:50.33ms
step:1168/1480 train_time:58822ms step_avg:50.36ms
step:1169/1480 train_time:58901ms step_avg:50.39ms
step:1170/1480 train_time:58985ms step_avg:50.41ms
step:1171/1480 train_time:59064ms step_avg:50.44ms
step:1172/1480 train_time:59148ms step_avg:50.47ms
step:1173/1480 train_time:59227ms step_avg:50.49ms
step:1174/1480 train_time:59310ms step_avg:50.52ms
step:1175/1480 train_time:59391ms step_avg:50.55ms
step:1176/1480 train_time:59475ms step_avg:50.57ms
step:1177/1480 train_time:59554ms step_avg:50.60ms
step:1178/1480 train_time:59639ms step_avg:50.63ms
step:1179/1480 train_time:59718ms step_avg:50.65ms
step:1180/1480 train_time:59804ms step_avg:50.68ms
step:1181/1480 train_time:59885ms step_avg:50.71ms
step:1182/1480 train_time:59969ms step_avg:50.73ms
step:1183/1480 train_time:60049ms step_avg:50.76ms
step:1184/1480 train_time:60132ms step_avg:50.79ms
step:1185/1480 train_time:60211ms step_avg:50.81ms
step:1186/1480 train_time:60296ms step_avg:50.84ms
step:1187/1480 train_time:60375ms step_avg:50.86ms
step:1188/1480 train_time:60459ms step_avg:50.89ms
step:1189/1480 train_time:60539ms step_avg:50.92ms
step:1190/1480 train_time:60623ms step_avg:50.94ms
step:1191/1480 train_time:60703ms step_avg:50.97ms
step:1192/1480 train_time:60787ms step_avg:51.00ms
step:1193/1480 train_time:60865ms step_avg:51.02ms
step:1194/1480 train_time:60950ms step_avg:51.05ms
step:1195/1480 train_time:61029ms step_avg:51.07ms
step:1196/1480 train_time:61114ms step_avg:51.10ms
step:1197/1480 train_time:61194ms step_avg:51.12ms
step:1198/1480 train_time:61278ms step_avg:51.15ms
step:1199/1480 train_time:61358ms step_avg:51.17ms
step:1200/1480 train_time:61443ms step_avg:51.20ms
step:1201/1480 train_time:61521ms step_avg:51.23ms
step:1202/1480 train_time:61607ms step_avg:51.25ms
step:1203/1480 train_time:61687ms step_avg:51.28ms
step:1204/1480 train_time:61771ms step_avg:51.31ms
step:1205/1480 train_time:61850ms step_avg:51.33ms
step:1206/1480 train_time:61933ms step_avg:51.35ms
step:1207/1480 train_time:62013ms step_avg:51.38ms
step:1208/1480 train_time:62100ms step_avg:51.41ms
step:1209/1480 train_time:62178ms step_avg:51.43ms
step:1210/1480 train_time:62262ms step_avg:51.46ms
step:1211/1480 train_time:62343ms step_avg:51.48ms
step:1212/1480 train_time:62427ms step_avg:51.51ms
step:1213/1480 train_time:62507ms step_avg:51.53ms
step:1214/1480 train_time:62591ms step_avg:51.56ms
step:1215/1480 train_time:62670ms step_avg:51.58ms
step:1216/1480 train_time:62754ms step_avg:51.61ms
step:1217/1480 train_time:62834ms step_avg:51.63ms
step:1218/1480 train_time:62918ms step_avg:51.66ms
step:1219/1480 train_time:62997ms step_avg:51.68ms
step:1220/1480 train_time:63082ms step_avg:51.71ms
step:1221/1480 train_time:63160ms step_avg:51.73ms
step:1222/1480 train_time:63245ms step_avg:51.76ms
step:1223/1480 train_time:63326ms step_avg:51.78ms
step:1224/1480 train_time:63410ms step_avg:51.81ms
step:1225/1480 train_time:63488ms step_avg:51.83ms
step:1226/1480 train_time:63573ms step_avg:51.85ms
step:1227/1480 train_time:63652ms step_avg:51.88ms
step:1228/1480 train_time:63738ms step_avg:51.90ms
step:1229/1480 train_time:63815ms step_avg:51.92ms
step:1230/1480 train_time:63900ms step_avg:51.95ms
step:1231/1480 train_time:63979ms step_avg:51.97ms
step:1232/1480 train_time:64062ms step_avg:52.00ms
step:1233/1480 train_time:64142ms step_avg:52.02ms
step:1234/1480 train_time:64226ms step_avg:52.05ms
step:1235/1480 train_time:64306ms step_avg:52.07ms
step:1236/1480 train_time:64391ms step_avg:52.10ms
step:1237/1480 train_time:64470ms step_avg:52.12ms
step:1238/1480 train_time:64554ms step_avg:52.14ms
step:1239/1480 train_time:64632ms step_avg:52.16ms
step:1240/1480 train_time:64716ms step_avg:52.19ms
step:1241/1480 train_time:64795ms step_avg:52.21ms
step:1242/1480 train_time:64881ms step_avg:52.24ms
step:1243/1480 train_time:64961ms step_avg:52.26ms
step:1244/1480 train_time:65045ms step_avg:52.29ms
step:1245/1480 train_time:65124ms step_avg:52.31ms
step:1246/1480 train_time:65208ms step_avg:52.33ms
step:1247/1480 train_time:65288ms step_avg:52.36ms
step:1248/1480 train_time:65372ms step_avg:52.38ms
step:1249/1480 train_time:65451ms step_avg:52.40ms
step:1250/1480 train_time:65535ms step_avg:52.43ms
step:1250/1480 val_loss:3.3688 train_time:65626ms step_avg:52.50ms
step:1251/1480 train_time:65643ms step_avg:52.47ms
step:1252/1480 train_time:65705ms step_avg:52.48ms
step:1253/1480 train_time:65790ms step_avg:52.51ms
step:1254/1480 train_time:65877ms step_avg:52.53ms
step:1255/1480 train_time:65956ms step_avg:52.55ms
step:1256/1480 train_time:66040ms step_avg:52.58ms
step:1257/1480 train_time:66119ms step_avg:52.60ms
step:1258/1480 train_time:66201ms step_avg:52.62ms
step:1259/1480 train_time:66279ms step_avg:52.64ms
step:1260/1480 train_time:66362ms step_avg:52.67ms
step:1261/1480 train_time:66440ms step_avg:52.69ms
step:1262/1480 train_time:66524ms step_avg:52.71ms
step:1263/1480 train_time:66602ms step_avg:52.73ms
step:1264/1480 train_time:66688ms step_avg:52.76ms
step:1265/1480 train_time:66771ms step_avg:52.78ms
step:1266/1480 train_time:66858ms step_avg:52.81ms
step:1267/1480 train_time:66938ms step_avg:52.83ms
step:1268/1480 train_time:67023ms step_avg:52.86ms
step:1269/1480 train_time:67102ms step_avg:52.88ms
step:1270/1480 train_time:67185ms step_avg:52.90ms
step:1271/1480 train_time:67265ms step_avg:52.92ms
step:1272/1480 train_time:67348ms step_avg:52.95ms
step:1273/1480 train_time:67427ms step_avg:52.97ms
step:1274/1480 train_time:67512ms step_avg:52.99ms
step:1275/1480 train_time:67589ms step_avg:53.01ms
step:1276/1480 train_time:67674ms step_avg:53.04ms
step:1277/1480 train_time:67755ms step_avg:53.06ms
step:1278/1480 train_time:67840ms step_avg:53.08ms
step:1279/1480 train_time:67921ms step_avg:53.10ms
step:1280/1480 train_time:68006ms step_avg:53.13ms
step:1281/1480 train_time:68086ms step_avg:53.15ms
step:1282/1480 train_time:68171ms step_avg:53.18ms
step:1283/1480 train_time:68251ms step_avg:53.20ms
step:1284/1480 train_time:68335ms step_avg:53.22ms
step:1285/1480 train_time:68414ms step_avg:53.24ms
step:1286/1480 train_time:68499ms step_avg:53.27ms
step:1287/1480 train_time:68579ms step_avg:53.29ms
step:1288/1480 train_time:68663ms step_avg:53.31ms
step:1289/1480 train_time:68742ms step_avg:53.33ms
step:1290/1480 train_time:68828ms step_avg:53.36ms
step:1291/1480 train_time:68908ms step_avg:53.38ms
step:1292/1480 train_time:68993ms step_avg:53.40ms
step:1293/1480 train_time:69071ms step_avg:53.42ms
step:1294/1480 train_time:69155ms step_avg:53.44ms
step:1295/1480 train_time:69235ms step_avg:53.46ms
step:1296/1480 train_time:69319ms step_avg:53.49ms
step:1297/1480 train_time:69399ms step_avg:53.51ms
step:1298/1480 train_time:69485ms step_avg:53.53ms
step:1299/1480 train_time:69564ms step_avg:53.55ms
step:1300/1480 train_time:69648ms step_avg:53.58ms
step:1301/1480 train_time:69729ms step_avg:53.60ms
step:1302/1480 train_time:69813ms step_avg:53.62ms
step:1303/1480 train_time:69892ms step_avg:53.64ms
step:1304/1480 train_time:69978ms step_avg:53.66ms
step:1305/1480 train_time:70055ms step_avg:53.68ms
step:1306/1480 train_time:70140ms step_avg:53.71ms
step:1307/1480 train_time:70221ms step_avg:53.73ms
step:1308/1480 train_time:70305ms step_avg:53.75ms
step:1309/1480 train_time:70383ms step_avg:53.77ms
step:1310/1480 train_time:70469ms step_avg:53.79ms
step:1311/1480 train_time:70548ms step_avg:53.81ms
step:1312/1480 train_time:70632ms step_avg:53.84ms
step:1313/1480 train_time:70712ms step_avg:53.86ms
step:1314/1480 train_time:70796ms step_avg:53.88ms
step:1315/1480 train_time:70875ms step_avg:53.90ms
step:1316/1480 train_time:70961ms step_avg:53.92ms
step:1317/1480 train_time:71039ms step_avg:53.94ms
step:1318/1480 train_time:71124ms step_avg:53.96ms
step:1319/1480 train_time:71202ms step_avg:53.98ms
step:1320/1480 train_time:71286ms step_avg:54.00ms
step:1321/1480 train_time:71366ms step_avg:54.02ms
step:1322/1480 train_time:71450ms step_avg:54.05ms
step:1323/1480 train_time:71529ms step_avg:54.07ms
step:1324/1480 train_time:71613ms step_avg:54.09ms
step:1325/1480 train_time:71692ms step_avg:54.11ms
step:1326/1480 train_time:71777ms step_avg:54.13ms
step:1327/1480 train_time:71858ms step_avg:54.15ms
step:1328/1480 train_time:71942ms step_avg:54.17ms
step:1329/1480 train_time:72021ms step_avg:54.19ms
step:1330/1480 train_time:72106ms step_avg:54.21ms
step:1331/1480 train_time:72185ms step_avg:54.23ms
step:1332/1480 train_time:72269ms step_avg:54.26ms
step:1333/1480 train_time:72349ms step_avg:54.28ms
step:1334/1480 train_time:72432ms step_avg:54.30ms
step:1335/1480 train_time:72512ms step_avg:54.32ms
step:1336/1480 train_time:72597ms step_avg:54.34ms
step:1337/1480 train_time:72676ms step_avg:54.36ms
step:1338/1480 train_time:72760ms step_avg:54.38ms
step:1339/1480 train_time:72840ms step_avg:54.40ms
step:1340/1480 train_time:72925ms step_avg:54.42ms
step:1341/1480 train_time:73003ms step_avg:54.44ms
step:1342/1480 train_time:73088ms step_avg:54.46ms
step:1343/1480 train_time:73168ms step_avg:54.48ms
step:1344/1480 train_time:73252ms step_avg:54.50ms
step:1345/1480 train_time:73333ms step_avg:54.52ms
step:1346/1480 train_time:73417ms step_avg:54.54ms
step:1347/1480 train_time:73496ms step_avg:54.56ms
step:1348/1480 train_time:73581ms step_avg:54.59ms
step:1349/1480 train_time:73661ms step_avg:54.60ms
step:1350/1480 train_time:73746ms step_avg:54.63ms
step:1351/1480 train_time:73826ms step_avg:54.65ms
step:1352/1480 train_time:73911ms step_avg:54.67ms
step:1353/1480 train_time:73990ms step_avg:54.69ms
step:1354/1480 train_time:74073ms step_avg:54.71ms
step:1355/1480 train_time:74153ms step_avg:54.73ms
step:1356/1480 train_time:74237ms step_avg:54.75ms
step:1357/1480 train_time:74318ms step_avg:54.77ms
step:1358/1480 train_time:74403ms step_avg:54.79ms
step:1359/1480 train_time:74481ms step_avg:54.81ms
step:1360/1480 train_time:74566ms step_avg:54.83ms
step:1361/1480 train_time:74646ms step_avg:54.85ms
step:1362/1480 train_time:74731ms step_avg:54.87ms
step:1363/1480 train_time:74810ms step_avg:54.89ms
step:1364/1480 train_time:74895ms step_avg:54.91ms
step:1365/1480 train_time:74973ms step_avg:54.93ms
step:1366/1480 train_time:75059ms step_avg:54.95ms
step:1367/1480 train_time:75137ms step_avg:54.97ms
step:1368/1480 train_time:75222ms step_avg:54.99ms
step:1369/1480 train_time:75302ms step_avg:55.00ms
step:1370/1480 train_time:75386ms step_avg:55.03ms
step:1371/1480 train_time:75466ms step_avg:55.04ms
step:1372/1480 train_time:75550ms step_avg:55.07ms
step:1373/1480 train_time:75629ms step_avg:55.08ms
step:1374/1480 train_time:75713ms step_avg:55.10ms
step:1375/1480 train_time:75792ms step_avg:55.12ms
step:1376/1480 train_time:75876ms step_avg:55.14ms
step:1377/1480 train_time:75956ms step_avg:55.16ms
step:1378/1480 train_time:76040ms step_avg:55.18ms
step:1379/1480 train_time:76120ms step_avg:55.20ms
step:1380/1480 train_time:76205ms step_avg:55.22ms
step:1381/1480 train_time:76284ms step_avg:55.24ms
step:1382/1480 train_time:76369ms step_avg:55.26ms
step:1383/1480 train_time:76449ms step_avg:55.28ms
step:1384/1480 train_time:76533ms step_avg:55.30ms
step:1385/1480 train_time:76613ms step_avg:55.32ms
step:1386/1480 train_time:76697ms step_avg:55.34ms
step:1387/1480 train_time:76776ms step_avg:55.35ms
step:1388/1480 train_time:76859ms step_avg:55.37ms
step:1389/1480 train_time:76939ms step_avg:55.39ms
step:1390/1480 train_time:77026ms step_avg:55.41ms
step:1391/1480 train_time:77105ms step_avg:55.43ms
step:1392/1480 train_time:77189ms step_avg:55.45ms
step:1393/1480 train_time:77268ms step_avg:55.47ms
step:1394/1480 train_time:77353ms step_avg:55.49ms
step:1395/1480 train_time:77432ms step_avg:55.51ms
step:1396/1480 train_time:77518ms step_avg:55.53ms
step:1397/1480 train_time:77598ms step_avg:55.55ms
step:1398/1480 train_time:77682ms step_avg:55.57ms
step:1399/1480 train_time:77762ms step_avg:55.58ms
step:1400/1480 train_time:77846ms step_avg:55.60ms
step:1401/1480 train_time:77926ms step_avg:55.62ms
step:1402/1480 train_time:78012ms step_avg:55.64ms
step:1403/1480 train_time:78091ms step_avg:55.66ms
step:1404/1480 train_time:78175ms step_avg:55.68ms
step:1405/1480 train_time:78253ms step_avg:55.70ms
step:1406/1480 train_time:78338ms step_avg:55.72ms
step:1407/1480 train_time:78419ms step_avg:55.73ms
step:1408/1480 train_time:78503ms step_avg:55.76ms
step:1409/1480 train_time:78581ms step_avg:55.77ms
step:1410/1480 train_time:78666ms step_avg:55.79ms
step:1411/1480 train_time:78746ms step_avg:55.81ms
step:1412/1480 train_time:78829ms step_avg:55.83ms
step:1413/1480 train_time:78909ms step_avg:55.85ms
step:1414/1480 train_time:78993ms step_avg:55.87ms
step:1415/1480 train_time:79073ms step_avg:55.88ms
step:1416/1480 train_time:79158ms step_avg:55.90ms
step:1417/1480 train_time:79237ms step_avg:55.92ms
step:1418/1480 train_time:79321ms step_avg:55.94ms
step:1419/1480 train_time:79400ms step_avg:55.95ms
step:1420/1480 train_time:79485ms step_avg:55.98ms
step:1421/1480 train_time:79564ms step_avg:55.99ms
step:1422/1480 train_time:79650ms step_avg:56.01ms
step:1423/1480 train_time:79730ms step_avg:56.03ms
step:1424/1480 train_time:79814ms step_avg:56.05ms
step:1425/1480 train_time:79893ms step_avg:56.07ms
step:1426/1480 train_time:79977ms step_avg:56.08ms
step:1427/1480 train_time:80056ms step_avg:56.10ms
step:1428/1480 train_time:80142ms step_avg:56.12ms
step:1429/1480 train_time:80222ms step_avg:56.14ms
step:1430/1480 train_time:80306ms step_avg:56.16ms
step:1431/1480 train_time:80385ms step_avg:56.17ms
step:1432/1480 train_time:80469ms step_avg:56.19ms
step:1433/1480 train_time:80549ms step_avg:56.21ms
step:1434/1480 train_time:80633ms step_avg:56.23ms
step:1435/1480 train_time:80713ms step_avg:56.25ms
step:1436/1480 train_time:80798ms step_avg:56.27ms
step:1437/1480 train_time:80877ms step_avg:56.28ms
step:1438/1480 train_time:80962ms step_avg:56.30ms
step:1439/1480 train_time:81042ms step_avg:56.32ms
step:1440/1480 train_time:81125ms step_avg:56.34ms
step:1441/1480 train_time:81207ms step_avg:56.35ms
step:1442/1480 train_time:81296ms step_avg:56.38ms
step:1443/1480 train_time:81376ms step_avg:56.39ms
step:1444/1480 train_time:81460ms step_avg:56.41ms
step:1445/1480 train_time:81540ms step_avg:56.43ms
step:1446/1480 train_time:81625ms step_avg:56.45ms
step:1447/1480 train_time:81703ms step_avg:56.46ms
step:1448/1480 train_time:81789ms step_avg:56.48ms
step:1449/1480 train_time:81869ms step_avg:56.50ms
step:1450/1480 train_time:81954ms step_avg:56.52ms
step:1451/1480 train_time:82034ms step_avg:56.54ms
step:1452/1480 train_time:82119ms step_avg:56.56ms
step:1453/1480 train_time:82197ms step_avg:56.57ms
step:1454/1480 train_time:82282ms step_avg:56.59ms
step:1455/1480 train_time:82361ms step_avg:56.61ms
step:1456/1480 train_time:82447ms step_avg:56.63ms
step:1457/1480 train_time:82527ms step_avg:56.64ms
step:1458/1480 train_time:82612ms step_avg:56.66ms
step:1459/1480 train_time:82690ms step_avg:56.68ms
step:1460/1480 train_time:82776ms step_avg:56.70ms
step:1461/1480 train_time:82855ms step_avg:56.71ms
step:1462/1480 train_time:82941ms step_avg:56.73ms
step:1463/1480 train_time:83020ms step_avg:56.75ms
step:1464/1480 train_time:83105ms step_avg:56.77ms
step:1465/1480 train_time:83185ms step_avg:56.78ms
step:1466/1480 train_time:83270ms step_avg:56.80ms
step:1467/1480 train_time:83348ms step_avg:56.82ms
step:1468/1480 train_time:83433ms step_avg:56.83ms
step:1469/1480 train_time:83513ms step_avg:56.85ms
step:1470/1480 train_time:83598ms step_avg:56.87ms
step:1471/1480 train_time:83678ms step_avg:56.88ms
step:1472/1480 train_time:83761ms step_avg:56.90ms
step:1473/1480 train_time:83841ms step_avg:56.92ms
step:1474/1480 train_time:83928ms step_avg:56.94ms
step:1475/1480 train_time:84008ms step_avg:56.95ms
step:1476/1480 train_time:84092ms step_avg:56.97ms
step:1477/1480 train_time:84172ms step_avg:56.99ms
step:1478/1480 train_time:84259ms step_avg:57.01ms
step:1479/1480 train_time:84337ms step_avg:57.02ms
step:1480/1480 train_time:84423ms step_avg:57.04ms
step:1480/1480 val_loss:3.2798 train_time:84513ms step_avg:57.10ms
peak memory allocated: 31310 MiB reserved: 44388 MiB
