W0420 01:13:27.999000 71072 torch/distributed/run.py:852] 
W0420 01:13:27.999000 71072 torch/distributed/run.py:852] *****************************************
W0420 01:13:27.999000 71072 torch/distributed/run.py:852] Setting OMP_NUM_THREADS environment variable for each process to be 1 in default, to avoid your system being overloaded, please further tune the variable for optimal performance in your application as needed. 
W0420 01:13:27.999000 71072 torch/distributed/run.py:852] *****************************************
[Gloo] Rank 0 is connected to 7 peer ranks. Expected number of connected peer ranks is : 7
[Gloo] Rank 1 is connected to 7 peer ranks. Expected number of connected peer ranks is : 7
[Gloo] Rank 4 is connected to 7 peer ranks. Expected number of connected peer ranks is : 7
[Gloo] Rank 2 is connected to 7 peer ranks. Expected number of connected peer ranks is : 7
[Gloo] Rank 3 is connected to 7 peer ranks. Expected number of connected peer ranks is : 7
[Gloo] Rank [Gloo] Rank 65 is connected to  is connected to [Gloo] Rank 777 peer ranks.  peer ranks.  is connected to Expected number of connected peer ranks is : Expected number of connected peer ranks is : 777 peer ranks. 

Expected number of connected peer ranks is : 7
Warning: You are sending unauthenticated requests to the HF Hub. Please set a HF_TOKEN to enable higher rate limits and faster downloads.
Warning: You are sending unauthenticated requests to the HF Hub. Please set a HF_TOKEN to enable higher rate limits and faster downloads.
Warning: You are sending unauthenticated requests to the HF Hub. Please set a HF_TOKEN to enable higher rate limits and faster downloads.
Fetching 4 files:   0%|          | 0/4 [00:00<?, ?it/s]Fetching 4 files: 100%|██████████| 4/4 [00:00<00:00, 92691.80it/s]
Fetching 4 files:   0%|          | 0/4 [00:00<?, ?it/s]Fetching 4 files: 100%|██████████| 4/4 [00:00<00:00, 91180.52it/s]
Fetching 4 files:   0%|          | 0/4 [00:00<?, ?it/s]Fetching 4 files: 100%|██████████| 4/4 [00:00<00:00, 91678.78it/s]
Fetching 4 files:   0%|          | 0/4 [00:00<?, ?it/s]Fetching 4 files: 100%|██████████| 4/4 [00:00<00:00, 96978.13it/s]
Fetching 4 files:   0%|          | 0/4 [00:00<?, ?it/s]Fetching 4 files: 100%|██████████| 4/4 [00:00<00:00, 92182.51it/s]
Fetching 4 files:   0%|          | 0/4 [00:00<?, ?it/s]Fetching 4 files: 100%|██████████| 4/4 [00:00<00:00, 56679.78it/s]
Fetching 4 files:   0%|          | 0/4 [00:00<?, ?it/s]Fetching 4 files: 100%|██████████| 4/4 [00:00<00:00, 101067.57it/s]
logs/9c444c3e-8004-44e7-8df8-71923f047e0e.txt
Fetching 4 files:   0%|          | 0/4 [00:00<?, ?it/s]Fetching 4 files: 100%|██████████| 4/4 [00:00<00:00, 53430.62it/s]
Compiling model and warming up kernels (~7 minutes on first execution)
Sampling steps [0, 1, 478, 479, 480, 481, 958, 959, 960, 961, 1438, 1439, 1440, 1441] for warmup
Resetting Model
step:0/1480 val_loss:10.8320 train_time:0ms step_avg:0.03ms
step:1/1480 train_time:71ms step_avg:71.38ms
step:2/1480 train_time:91ms step_avg:45.49ms
step:3/1480 train_time:107ms step_avg:35.81ms
step:4/1480 train_time:142ms step_avg:35.43ms
step:5/1480 train_time:169ms step_avg:33.77ms
step:6/1480 train_time:203ms step_avg:33.86ms
step:7/1480 train_time:231ms step_avg:32.93ms
step:8/1480 train_time:265ms step_avg:33.09ms
step:9/1480 train_time:292ms step_avg:32.49ms
step:10/1480 train_time:326ms step_avg:32.63ms
step:11/1480 train_time:354ms step_avg:32.20ms
step:12/1480 train_time:388ms step_avg:32.33ms
step:13/1480 train_time:416ms step_avg:31.98ms
step:14/1480 train_time:450ms step_avg:32.11ms
step:15/1480 train_time:478ms step_avg:31.84ms
step:16/1480 train_time:511ms step_avg:31.97ms
step:17/1480 train_time:539ms step_avg:31.71ms
step:18/1480 train_time:573ms step_avg:31.85ms
step:19/1480 train_time:601ms step_avg:31.62ms
step:20/1480 train_time:635ms step_avg:31.73ms
step:21/1480 train_time:662ms step_avg:31.53ms
step:22/1480 train_time:697ms step_avg:31.66ms
step:23/1480 train_time:724ms step_avg:31.48ms
step:24/1480 train_time:759ms step_avg:31.61ms
step:25/1480 train_time:786ms step_avg:31.45ms
step:26/1480 train_time:820ms step_avg:31.55ms
step:27/1480 train_time:848ms step_avg:31.40ms
step:28/1480 train_time:882ms step_avg:31.49ms
step:29/1480 train_time:909ms step_avg:31.36ms
step:30/1480 train_time:944ms step_avg:31.45ms
step:31/1480 train_time:972ms step_avg:31.34ms
step:32/1480 train_time:1006ms step_avg:31.42ms
step:33/1480 train_time:1034ms step_avg:31.33ms
step:34/1480 train_time:1068ms step_avg:31.43ms
step:35/1480 train_time:1097ms step_avg:31.34ms
step:36/1480 train_time:1132ms step_avg:31.43ms
step:37/1480 train_time:1159ms step_avg:31.32ms
step:38/1480 train_time:1193ms step_avg:31.41ms
step:39/1480 train_time:1221ms step_avg:31.30ms
step:40/1480 train_time:1255ms step_avg:31.37ms
step:41/1480 train_time:1283ms step_avg:31.29ms
step:42/1480 train_time:1317ms step_avg:31.37ms
step:43/1480 train_time:1345ms step_avg:31.28ms
step:44/1480 train_time:1379ms step_avg:31.35ms
step:45/1480 train_time:1407ms step_avg:31.26ms
step:46/1480 train_time:1441ms step_avg:31.32ms
step:47/1480 train_time:1469ms step_avg:31.25ms
step:48/1480 train_time:1502ms step_avg:31.30ms
step:49/1480 train_time:1531ms step_avg:31.24ms
step:50/1480 train_time:1565ms step_avg:31.30ms
step:51/1480 train_time:1593ms step_avg:31.24ms
step:52/1480 train_time:1627ms step_avg:31.29ms
step:53/1480 train_time:1655ms step_avg:31.23ms
step:54/1480 train_time:1689ms step_avg:31.28ms
step:55/1480 train_time:1717ms step_avg:31.21ms
step:56/1480 train_time:1751ms step_avg:31.26ms
step:57/1480 train_time:1779ms step_avg:31.20ms
step:58/1480 train_time:1812ms step_avg:31.25ms
step:59/1480 train_time:1840ms step_avg:31.19ms
step:60/1480 train_time:1874ms step_avg:31.24ms
step:61/1480 train_time:1902ms step_avg:31.18ms
step:62/1480 train_time:1936ms step_avg:31.23ms
step:63/1480 train_time:1964ms step_avg:31.17ms
step:64/1480 train_time:1998ms step_avg:31.23ms
step:65/1480 train_time:2026ms step_avg:31.17ms
step:66/1480 train_time:2060ms step_avg:31.22ms
step:67/1480 train_time:2088ms step_avg:31.16ms
step:68/1480 train_time:2122ms step_avg:31.21ms
step:69/1480 train_time:2150ms step_avg:31.16ms
step:70/1480 train_time:2184ms step_avg:31.20ms
step:71/1480 train_time:2212ms step_avg:31.16ms
step:72/1480 train_time:2246ms step_avg:31.20ms
step:73/1480 train_time:2274ms step_avg:31.16ms
step:74/1480 train_time:2308ms step_avg:31.19ms
step:75/1480 train_time:2336ms step_avg:31.15ms
step:76/1480 train_time:2370ms step_avg:31.18ms
step:77/1480 train_time:2398ms step_avg:31.14ms
step:78/1480 train_time:2432ms step_avg:31.17ms
step:79/1480 train_time:2459ms step_avg:31.13ms
step:80/1480 train_time:2493ms step_avg:31.17ms
step:81/1480 train_time:2521ms step_avg:31.12ms
step:82/1480 train_time:2555ms step_avg:31.16ms
step:83/1480 train_time:2584ms step_avg:31.13ms
step:84/1480 train_time:2618ms step_avg:31.17ms
step:85/1480 train_time:2646ms step_avg:31.13ms
step:86/1480 train_time:2680ms step_avg:31.16ms
step:87/1480 train_time:2707ms step_avg:31.12ms
step:88/1480 train_time:2741ms step_avg:31.15ms
step:89/1480 train_time:2769ms step_avg:31.11ms
step:90/1480 train_time:2803ms step_avg:31.14ms
step:91/1480 train_time:2831ms step_avg:31.11ms
step:92/1480 train_time:2865ms step_avg:31.14ms
step:93/1480 train_time:2893ms step_avg:31.11ms
step:94/1480 train_time:2927ms step_avg:31.14ms
step:95/1480 train_time:2955ms step_avg:31.11ms
step:96/1480 train_time:2989ms step_avg:31.14ms
step:97/1480 train_time:3017ms step_avg:31.10ms
step:98/1480 train_time:3051ms step_avg:31.13ms
step:99/1480 train_time:3079ms step_avg:31.10ms
step:100/1480 train_time:3113ms step_avg:31.13ms
step:101/1480 train_time:3140ms step_avg:31.09ms
step:102/1480 train_time:3174ms step_avg:31.12ms
step:103/1480 train_time:3203ms step_avg:31.10ms
step:104/1480 train_time:3237ms step_avg:31.13ms
step:105/1480 train_time:3264ms step_avg:31.09ms
step:106/1480 train_time:3299ms step_avg:31.12ms
step:107/1480 train_time:3326ms step_avg:31.08ms
step:108/1480 train_time:3360ms step_avg:31.11ms
step:109/1480 train_time:3387ms step_avg:31.08ms
step:110/1480 train_time:3422ms step_avg:31.11ms
step:111/1480 train_time:3449ms step_avg:31.07ms
step:112/1480 train_time:3484ms step_avg:31.11ms
step:113/1480 train_time:3511ms step_avg:31.07ms
step:114/1480 train_time:3545ms step_avg:31.10ms
step:115/1480 train_time:3573ms step_avg:31.07ms
step:116/1480 train_time:3607ms step_avg:31.09ms
step:117/1480 train_time:3634ms step_avg:31.06ms
step:118/1480 train_time:3668ms step_avg:31.09ms
step:119/1480 train_time:3696ms step_avg:31.06ms
step:120/1480 train_time:3730ms step_avg:31.08ms
step:121/1480 train_time:3758ms step_avg:31.06ms
step:122/1480 train_time:3792ms step_avg:31.08ms
step:123/1480 train_time:3819ms step_avg:31.05ms
step:124/1480 train_time:3854ms step_avg:31.08ms
step:125/1480 train_time:3881ms step_avg:31.05ms
step:126/1480 train_time:3915ms step_avg:31.08ms
step:127/1480 train_time:3943ms step_avg:31.05ms
step:128/1480 train_time:3977ms step_avg:31.07ms
step:129/1480 train_time:4005ms step_avg:31.05ms
step:130/1480 train_time:4039ms step_avg:31.07ms
step:131/1480 train_time:4067ms step_avg:31.04ms
step:132/1480 train_time:4101ms step_avg:31.07ms
step:133/1480 train_time:4128ms step_avg:31.04ms
step:134/1480 train_time:4163ms step_avg:31.06ms
step:135/1480 train_time:4191ms step_avg:31.04ms
step:136/1480 train_time:4225ms step_avg:31.07ms
step:137/1480 train_time:4253ms step_avg:31.05ms
step:138/1480 train_time:4287ms step_avg:31.07ms
step:139/1480 train_time:4315ms step_avg:31.04ms
step:140/1480 train_time:4349ms step_avg:31.06ms
step:141/1480 train_time:4376ms step_avg:31.04ms
step:142/1480 train_time:4410ms step_avg:31.06ms
step:143/1480 train_time:4438ms step_avg:31.04ms
step:144/1480 train_time:4472ms step_avg:31.05ms
step:145/1480 train_time:4500ms step_avg:31.03ms
step:146/1480 train_time:4533ms step_avg:31.05ms
step:147/1480 train_time:4561ms step_avg:31.03ms
step:148/1480 train_time:4595ms step_avg:31.05ms
step:149/1480 train_time:4623ms step_avg:31.03ms
step:150/1480 train_time:4657ms step_avg:31.05ms
step:151/1480 train_time:4685ms step_avg:31.03ms
step:152/1480 train_time:4719ms step_avg:31.05ms
step:153/1480 train_time:4747ms step_avg:31.03ms
step:154/1480 train_time:4781ms step_avg:31.04ms
step:155/1480 train_time:4808ms step_avg:31.02ms
step:156/1480 train_time:4842ms step_avg:31.04ms
step:157/1480 train_time:4870ms step_avg:31.02ms
step:158/1480 train_time:4904ms step_avg:31.04ms
step:159/1480 train_time:4932ms step_avg:31.02ms
step:160/1480 train_time:4966ms step_avg:31.04ms
step:161/1480 train_time:4994ms step_avg:31.02ms
step:162/1480 train_time:5028ms step_avg:31.04ms
step:163/1480 train_time:5056ms step_avg:31.02ms
step:164/1480 train_time:5090ms step_avg:31.03ms
step:165/1480 train_time:5117ms step_avg:31.01ms
step:166/1480 train_time:5152ms step_avg:31.03ms
step:167/1480 train_time:5180ms step_avg:31.02ms
step:168/1480 train_time:5213ms step_avg:31.03ms
step:169/1480 train_time:5241ms step_avg:31.01ms
step:170/1480 train_time:5275ms step_avg:31.03ms
step:171/1480 train_time:5303ms step_avg:31.01ms
step:172/1480 train_time:5337ms step_avg:31.03ms
step:173/1480 train_time:5365ms step_avg:31.01ms
step:174/1480 train_time:5399ms step_avg:31.03ms
step:175/1480 train_time:5427ms step_avg:31.01ms
step:176/1480 train_time:5460ms step_avg:31.03ms
step:177/1480 train_time:5488ms step_avg:31.01ms
step:178/1480 train_time:5522ms step_avg:31.02ms
step:179/1480 train_time:5550ms step_avg:31.01ms
step:180/1480 train_time:5584ms step_avg:31.02ms
step:181/1480 train_time:5612ms step_avg:31.00ms
step:182/1480 train_time:5646ms step_avg:31.02ms
step:183/1480 train_time:5673ms step_avg:31.00ms
step:184/1480 train_time:5707ms step_avg:31.02ms
step:185/1480 train_time:5735ms step_avg:31.00ms
step:186/1480 train_time:5769ms step_avg:31.01ms
step:187/1480 train_time:5797ms step_avg:31.00ms
step:188/1480 train_time:5830ms step_avg:31.01ms
step:189/1480 train_time:5858ms step_avg:31.00ms
step:190/1480 train_time:5893ms step_avg:31.01ms
step:191/1480 train_time:5920ms step_avg:30.99ms
step:192/1480 train_time:5954ms step_avg:31.01ms
step:193/1480 train_time:5981ms step_avg:30.99ms
step:194/1480 train_time:6016ms step_avg:31.01ms
step:195/1480 train_time:6043ms step_avg:30.99ms
step:196/1480 train_time:6077ms step_avg:31.01ms
step:197/1480 train_time:6105ms step_avg:30.99ms
step:198/1480 train_time:6139ms step_avg:31.00ms
step:199/1480 train_time:6167ms step_avg:30.99ms
step:200/1480 train_time:6201ms step_avg:31.00ms
step:201/1480 train_time:6228ms step_avg:30.99ms
step:202/1480 train_time:6262ms step_avg:31.00ms
step:203/1480 train_time:6290ms step_avg:30.99ms
step:204/1480 train_time:6324ms step_avg:31.00ms
step:205/1480 train_time:6352ms step_avg:30.99ms
step:206/1480 train_time:6386ms step_avg:31.00ms
step:207/1480 train_time:6414ms step_avg:30.99ms
step:208/1480 train_time:6448ms step_avg:31.00ms
step:209/1480 train_time:6476ms step_avg:30.98ms
step:210/1480 train_time:6510ms step_avg:31.00ms
step:211/1480 train_time:6538ms step_avg:30.98ms
step:212/1480 train_time:6572ms step_avg:31.00ms
step:213/1480 train_time:6599ms step_avg:30.98ms
step:214/1480 train_time:6633ms step_avg:31.00ms
step:215/1480 train_time:6661ms step_avg:30.98ms
step:216/1480 train_time:6695ms step_avg:31.00ms
step:217/1480 train_time:6723ms step_avg:30.98ms
step:218/1480 train_time:6757ms step_avg:31.00ms
step:219/1480 train_time:6785ms step_avg:30.98ms
step:220/1480 train_time:6819ms step_avg:31.00ms
step:221/1480 train_time:6846ms step_avg:30.98ms
step:222/1480 train_time:6880ms step_avg:30.99ms
step:223/1480 train_time:6908ms step_avg:30.98ms
step:224/1480 train_time:6941ms step_avg:30.99ms
step:225/1480 train_time:6970ms step_avg:30.98ms
step:226/1480 train_time:7004ms step_avg:30.99ms
step:227/1480 train_time:7032ms step_avg:30.98ms
step:228/1480 train_time:7066ms step_avg:30.99ms
step:229/1480 train_time:7093ms step_avg:30.98ms
step:230/1480 train_time:7127ms step_avg:30.99ms
step:231/1480 train_time:7156ms step_avg:30.98ms
step:232/1480 train_time:7189ms step_avg:30.99ms
step:233/1480 train_time:7217ms step_avg:30.97ms
step:234/1480 train_time:7251ms step_avg:30.99ms
step:235/1480 train_time:7278ms step_avg:30.97ms
step:236/1480 train_time:7312ms step_avg:30.98ms
step:237/1480 train_time:7340ms step_avg:30.97ms
step:238/1480 train_time:7374ms step_avg:30.98ms
step:239/1480 train_time:7402ms step_avg:30.97ms
step:240/1480 train_time:7436ms step_avg:30.98ms
step:241/1480 train_time:7464ms step_avg:30.97ms
step:242/1480 train_time:7499ms step_avg:30.99ms
step:243/1480 train_time:7526ms step_avg:30.97ms
step:244/1480 train_time:7560ms step_avg:30.98ms
step:245/1480 train_time:7587ms step_avg:30.97ms
step:246/1480 train_time:7621ms step_avg:30.98ms
step:247/1480 train_time:7649ms step_avg:30.97ms
step:248/1480 train_time:7683ms step_avg:30.98ms
step:249/1480 train_time:7711ms step_avg:30.97ms
step:250/1480 train_time:7745ms step_avg:30.98ms
step:250/1480 val_loss:4.4800 train_time:7782ms step_avg:31.13ms
step:251/1480 train_time:7802ms step_avg:31.08ms
step:252/1480 train_time:7820ms step_avg:31.03ms
step:253/1480 train_time:7838ms step_avg:30.98ms
step:254/1480 train_time:7873ms step_avg:31.00ms
step:255/1480 train_time:7902ms step_avg:30.99ms
step:256/1480 train_time:7937ms step_avg:31.00ms
step:257/1480 train_time:7966ms step_avg:31.00ms
step:258/1480 train_time:8000ms step_avg:31.01ms
step:259/1480 train_time:8028ms step_avg:31.00ms
step:260/1480 train_time:8062ms step_avg:31.01ms
step:261/1480 train_time:8090ms step_avg:31.00ms
step:262/1480 train_time:8124ms step_avg:31.01ms
step:263/1480 train_time:8152ms step_avg:30.99ms
step:264/1480 train_time:8185ms step_avg:31.00ms
step:265/1480 train_time:8213ms step_avg:30.99ms
step:266/1480 train_time:8247ms step_avg:31.00ms
step:267/1480 train_time:8275ms step_avg:30.99ms
step:268/1480 train_time:8309ms step_avg:31.00ms
step:269/1480 train_time:8336ms step_avg:30.99ms
step:270/1480 train_time:8370ms step_avg:31.00ms
step:271/1480 train_time:8398ms step_avg:30.99ms
step:272/1480 train_time:8432ms step_avg:31.00ms
step:273/1480 train_time:8459ms step_avg:30.98ms
step:274/1480 train_time:8493ms step_avg:30.99ms
step:275/1480 train_time:8520ms step_avg:30.98ms
step:276/1480 train_time:8554ms step_avg:30.99ms
step:277/1480 train_time:8582ms step_avg:30.98ms
step:278/1480 train_time:8616ms step_avg:30.99ms
step:279/1480 train_time:8643ms step_avg:30.98ms
step:280/1480 train_time:8677ms step_avg:30.99ms
step:281/1480 train_time:8705ms step_avg:30.98ms
step:282/1480 train_time:8739ms step_avg:30.99ms
step:283/1480 train_time:8766ms step_avg:30.98ms
step:284/1480 train_time:8800ms step_avg:30.99ms
step:285/1480 train_time:8828ms step_avg:30.98ms
step:286/1480 train_time:8862ms step_avg:30.99ms
step:287/1480 train_time:8890ms step_avg:30.97ms
step:288/1480 train_time:8924ms step_avg:30.99ms
step:289/1480 train_time:8952ms step_avg:30.98ms
step:290/1480 train_time:8987ms step_avg:30.99ms
step:291/1480 train_time:9014ms step_avg:30.98ms
step:292/1480 train_time:9049ms step_avg:30.99ms
step:293/1480 train_time:9076ms step_avg:30.98ms
step:294/1480 train_time:9111ms step_avg:30.99ms
step:295/1480 train_time:9138ms step_avg:30.98ms
step:296/1480 train_time:9172ms step_avg:30.99ms
step:297/1480 train_time:9200ms step_avg:30.97ms
step:298/1480 train_time:9234ms step_avg:30.99ms
step:299/1480 train_time:9262ms step_avg:30.98ms
step:300/1480 train_time:9296ms step_avg:30.99ms
step:301/1480 train_time:9324ms step_avg:30.98ms
step:302/1480 train_time:9358ms step_avg:30.99ms
step:303/1480 train_time:9385ms step_avg:30.97ms
step:304/1480 train_time:9419ms step_avg:30.98ms
step:305/1480 train_time:9447ms step_avg:30.97ms
step:306/1480 train_time:9481ms step_avg:30.98ms
step:307/1480 train_time:9509ms step_avg:30.97ms
step:308/1480 train_time:9542ms step_avg:30.98ms
step:309/1480 train_time:9570ms step_avg:30.97ms
step:310/1480 train_time:9604ms step_avg:30.98ms
step:311/1480 train_time:9632ms step_avg:30.97ms
step:312/1480 train_time:9666ms step_avg:30.98ms
step:313/1480 train_time:9693ms step_avg:30.97ms
step:314/1480 train_time:9727ms step_avg:30.98ms
step:315/1480 train_time:9755ms step_avg:30.97ms
step:316/1480 train_time:9789ms step_avg:30.98ms
step:317/1480 train_time:9816ms step_avg:30.97ms
step:318/1480 train_time:9850ms step_avg:30.98ms
step:319/1480 train_time:9878ms step_avg:30.97ms
step:320/1480 train_time:9912ms step_avg:30.98ms
step:321/1480 train_time:9940ms step_avg:30.96ms
step:322/1480 train_time:9974ms step_avg:30.97ms
step:323/1480 train_time:10002ms step_avg:30.97ms
step:324/1480 train_time:10036ms step_avg:30.98ms
step:325/1480 train_time:10064ms step_avg:30.97ms
step:326/1480 train_time:10097ms step_avg:30.97ms
step:327/1480 train_time:10125ms step_avg:30.96ms
step:328/1480 train_time:10160ms step_avg:30.97ms
step:329/1480 train_time:10187ms step_avg:30.96ms
step:330/1480 train_time:10221ms step_avg:30.97ms
step:331/1480 train_time:10249ms step_avg:30.96ms
step:332/1480 train_time:10283ms step_avg:30.97ms
step:333/1480 train_time:10311ms step_avg:30.96ms
step:334/1480 train_time:10345ms step_avg:30.97ms
step:335/1480 train_time:10372ms step_avg:30.96ms
step:336/1480 train_time:10407ms step_avg:30.97ms
step:337/1480 train_time:10434ms step_avg:30.96ms
step:338/1480 train_time:10468ms step_avg:30.97ms
step:339/1480 train_time:10496ms step_avg:30.96ms
step:340/1480 train_time:10530ms step_avg:30.97ms
step:341/1480 train_time:10557ms step_avg:30.96ms
step:342/1480 train_time:10591ms step_avg:30.97ms
step:343/1480 train_time:10619ms step_avg:30.96ms
step:344/1480 train_time:10653ms step_avg:30.97ms
step:345/1480 train_time:10681ms step_avg:30.96ms
step:346/1480 train_time:10715ms step_avg:30.97ms
step:347/1480 train_time:10743ms step_avg:30.96ms
step:348/1480 train_time:10777ms step_avg:30.97ms
step:349/1480 train_time:10805ms step_avg:30.96ms
step:350/1480 train_time:10839ms step_avg:30.97ms
step:351/1480 train_time:10866ms step_avg:30.96ms
step:352/1480 train_time:10900ms step_avg:30.97ms
step:353/1480 train_time:10927ms step_avg:30.96ms
step:354/1480 train_time:10962ms step_avg:30.97ms
step:355/1480 train_time:10989ms step_avg:30.96ms
step:356/1480 train_time:11024ms step_avg:30.96ms
step:357/1480 train_time:11051ms step_avg:30.96ms
step:358/1480 train_time:11085ms step_avg:30.96ms
step:359/1480 train_time:11113ms step_avg:30.96ms
step:360/1480 train_time:11147ms step_avg:30.97ms
step:361/1480 train_time:11175ms step_avg:30.96ms
step:362/1480 train_time:11209ms step_avg:30.97ms
step:363/1480 train_time:11237ms step_avg:30.96ms
step:364/1480 train_time:11271ms step_avg:30.96ms
step:365/1480 train_time:11298ms step_avg:30.95ms
step:366/1480 train_time:11332ms step_avg:30.96ms
step:367/1480 train_time:11360ms step_avg:30.95ms
step:368/1480 train_time:11394ms step_avg:30.96ms
step:369/1480 train_time:11422ms step_avg:30.95ms
step:370/1480 train_time:11456ms step_avg:30.96ms
step:371/1480 train_time:11484ms step_avg:30.95ms
step:372/1480 train_time:11517ms step_avg:30.96ms
step:373/1480 train_time:11545ms step_avg:30.95ms
step:374/1480 train_time:11579ms step_avg:30.96ms
step:375/1480 train_time:11607ms step_avg:30.95ms
step:376/1480 train_time:11640ms step_avg:30.96ms
step:377/1480 train_time:11668ms step_avg:30.95ms
step:378/1480 train_time:11702ms step_avg:30.96ms
step:379/1480 train_time:11730ms step_avg:30.95ms
step:380/1480 train_time:11764ms step_avg:30.96ms
step:381/1480 train_time:11792ms step_avg:30.95ms
step:382/1480 train_time:11826ms step_avg:30.96ms
step:383/1480 train_time:11853ms step_avg:30.95ms
step:384/1480 train_time:11887ms step_avg:30.96ms
step:385/1480 train_time:11915ms step_avg:30.95ms
step:386/1480 train_time:11949ms step_avg:30.96ms
step:387/1480 train_time:11977ms step_avg:30.95ms
step:388/1480 train_time:12011ms step_avg:30.96ms
step:389/1480 train_time:12038ms step_avg:30.95ms
step:390/1480 train_time:12072ms step_avg:30.96ms
step:391/1480 train_time:12100ms step_avg:30.95ms
step:392/1480 train_time:12134ms step_avg:30.95ms
step:393/1480 train_time:12163ms step_avg:30.95ms
step:394/1480 train_time:12197ms step_avg:30.96ms
step:395/1480 train_time:12224ms step_avg:30.95ms
step:396/1480 train_time:12258ms step_avg:30.95ms
step:397/1480 train_time:12286ms step_avg:30.95ms
step:398/1480 train_time:12320ms step_avg:30.95ms
step:399/1480 train_time:12348ms step_avg:30.95ms
step:400/1480 train_time:12382ms step_avg:30.95ms
step:401/1480 train_time:12410ms step_avg:30.95ms
step:402/1480 train_time:12444ms step_avg:30.95ms
step:403/1480 train_time:12471ms step_avg:30.95ms
step:404/1480 train_time:12505ms step_avg:30.95ms
step:405/1480 train_time:12533ms step_avg:30.94ms
step:406/1480 train_time:12567ms step_avg:30.95ms
step:407/1480 train_time:12594ms step_avg:30.94ms
step:408/1480 train_time:12628ms step_avg:30.95ms
step:409/1480 train_time:12656ms step_avg:30.94ms
step:410/1480 train_time:12690ms step_avg:30.95ms
step:411/1480 train_time:12717ms step_avg:30.94ms
step:412/1480 train_time:12751ms step_avg:30.95ms
step:413/1480 train_time:12779ms step_avg:30.94ms
step:414/1480 train_time:12813ms step_avg:30.95ms
step:415/1480 train_time:12841ms step_avg:30.94ms
step:416/1480 train_time:12875ms step_avg:30.95ms
step:417/1480 train_time:12903ms step_avg:30.94ms
step:418/1480 train_time:12937ms step_avg:30.95ms
step:419/1480 train_time:12964ms step_avg:30.94ms
step:420/1480 train_time:12998ms step_avg:30.95ms
step:421/1480 train_time:13026ms step_avg:30.94ms
step:422/1480 train_time:13060ms step_avg:30.95ms
step:423/1480 train_time:13088ms step_avg:30.94ms
step:424/1480 train_time:13121ms step_avg:30.95ms
step:425/1480 train_time:13149ms step_avg:30.94ms
step:426/1480 train_time:13183ms step_avg:30.95ms
step:427/1480 train_time:13211ms step_avg:30.94ms
step:428/1480 train_time:13245ms step_avg:30.95ms
step:429/1480 train_time:13273ms step_avg:30.94ms
step:430/1480 train_time:13307ms step_avg:30.95ms
step:431/1480 train_time:13335ms step_avg:30.94ms
step:432/1480 train_time:13369ms step_avg:30.95ms
step:433/1480 train_time:13397ms step_avg:30.94ms
step:434/1480 train_time:13432ms step_avg:30.95ms
step:435/1480 train_time:13458ms step_avg:30.94ms
step:436/1480 train_time:13492ms step_avg:30.95ms
step:437/1480 train_time:13520ms step_avg:30.94ms
step:438/1480 train_time:13554ms step_avg:30.95ms
step:439/1480 train_time:13582ms step_avg:30.94ms
step:440/1480 train_time:13616ms step_avg:30.95ms
step:441/1480 train_time:13644ms step_avg:30.94ms
step:442/1480 train_time:13678ms step_avg:30.95ms
step:443/1480 train_time:13705ms step_avg:30.94ms
step:444/1480 train_time:13740ms step_avg:30.95ms
step:445/1480 train_time:13767ms step_avg:30.94ms
step:446/1480 train_time:13801ms step_avg:30.94ms
step:447/1480 train_time:13829ms step_avg:30.94ms
step:448/1480 train_time:13863ms step_avg:30.94ms
step:449/1480 train_time:13890ms step_avg:30.94ms
step:450/1480 train_time:13924ms step_avg:30.94ms
step:451/1480 train_time:13952ms step_avg:30.94ms
step:452/1480 train_time:13986ms step_avg:30.94ms
step:453/1480 train_time:14014ms step_avg:30.94ms
step:454/1480 train_time:14048ms step_avg:30.94ms
step:455/1480 train_time:14076ms step_avg:30.94ms
step:456/1480 train_time:14110ms step_avg:30.94ms
step:457/1480 train_time:14137ms step_avg:30.93ms
step:458/1480 train_time:14171ms step_avg:30.94ms
step:459/1480 train_time:14199ms step_avg:30.93ms
step:460/1480 train_time:14233ms step_avg:30.94ms
step:461/1480 train_time:14260ms step_avg:30.93ms
step:462/1480 train_time:14294ms step_avg:30.94ms
step:463/1480 train_time:14322ms step_avg:30.93ms
step:464/1480 train_time:14356ms step_avg:30.94ms
step:465/1480 train_time:14384ms step_avg:30.93ms
step:466/1480 train_time:14418ms step_avg:30.94ms
step:467/1480 train_time:14446ms step_avg:30.93ms
step:468/1480 train_time:14480ms step_avg:30.94ms
step:469/1480 train_time:14507ms step_avg:30.93ms
step:470/1480 train_time:14541ms step_avg:30.94ms
step:471/1480 train_time:14568ms step_avg:30.93ms
step:472/1480 train_time:14602ms step_avg:30.94ms
step:473/1480 train_time:14630ms step_avg:30.93ms
step:474/1480 train_time:14664ms step_avg:30.94ms
step:475/1480 train_time:14692ms step_avg:30.93ms
step:476/1480 train_time:14726ms step_avg:30.94ms
step:477/1480 train_time:14754ms step_avg:30.93ms
step:478/1480 train_time:14788ms step_avg:30.94ms
step:479/1480 train_time:14816ms step_avg:30.93ms
step:480/1480 train_time:14850ms step_avg:30.94ms
step:481/1480 train_time:14880ms step_avg:30.94ms
step:482/1480 train_time:14941ms step_avg:31.00ms
step:483/1480 train_time:14993ms step_avg:31.04ms
step:484/1480 train_time:15052ms step_avg:31.10ms
step:485/1480 train_time:15106ms step_avg:31.15ms
step:486/1480 train_time:15165ms step_avg:31.20ms
step:487/1480 train_time:15218ms step_avg:31.25ms
step:488/1480 train_time:15277ms step_avg:31.30ms
step:489/1480 train_time:15331ms step_avg:31.35ms
step:490/1480 train_time:15390ms step_avg:31.41ms
step:491/1480 train_time:15443ms step_avg:31.45ms
step:492/1480 train_time:15501ms step_avg:31.51ms
step:493/1480 train_time:15555ms step_avg:31.55ms
step:494/1480 train_time:15614ms step_avg:31.61ms
step:495/1480 train_time:15668ms step_avg:31.65ms
step:496/1480 train_time:15726ms step_avg:31.71ms
step:497/1480 train_time:15780ms step_avg:31.75ms
step:498/1480 train_time:15839ms step_avg:31.80ms
step:499/1480 train_time:15892ms step_avg:31.85ms
step:500/1480 train_time:15950ms step_avg:31.90ms
step:500/1480 val_loss:4.2218 train_time:16013ms step_avg:32.03ms
step:501/1480 train_time:16029ms step_avg:31.99ms
step:502/1480 train_time:16066ms step_avg:32.00ms
step:503/1480 train_time:16123ms step_avg:32.05ms
step:504/1480 train_time:16183ms step_avg:32.11ms
step:505/1480 train_time:16236ms step_avg:32.15ms
step:506/1480 train_time:16294ms step_avg:32.20ms
step:507/1480 train_time:16348ms step_avg:32.24ms
step:508/1480 train_time:16406ms step_avg:32.30ms
step:509/1480 train_time:16460ms step_avg:32.34ms
step:510/1480 train_time:16518ms step_avg:32.39ms
step:511/1480 train_time:16570ms step_avg:32.43ms
step:512/1480 train_time:16628ms step_avg:32.48ms
step:513/1480 train_time:16681ms step_avg:32.52ms
step:514/1480 train_time:16739ms step_avg:32.57ms
step:515/1480 train_time:16792ms step_avg:32.61ms
step:516/1480 train_time:16850ms step_avg:32.66ms
step:517/1480 train_time:16903ms step_avg:32.70ms
step:518/1480 train_time:16963ms step_avg:32.75ms
step:519/1480 train_time:17018ms step_avg:32.79ms
step:520/1480 train_time:17077ms step_avg:32.84ms
step:521/1480 train_time:17131ms step_avg:32.88ms
step:522/1480 train_time:17192ms step_avg:32.93ms
step:523/1480 train_time:17246ms step_avg:32.98ms
step:524/1480 train_time:17305ms step_avg:33.02ms
step:525/1480 train_time:17358ms step_avg:33.06ms
step:526/1480 train_time:17416ms step_avg:33.11ms
step:527/1480 train_time:17469ms step_avg:33.15ms
step:528/1480 train_time:17528ms step_avg:33.20ms
step:529/1480 train_time:17580ms step_avg:33.23ms
step:530/1480 train_time:17639ms step_avg:33.28ms
step:531/1480 train_time:17691ms step_avg:33.32ms
step:532/1480 train_time:17749ms step_avg:33.36ms
step:533/1480 train_time:17802ms step_avg:33.40ms
step:534/1480 train_time:17861ms step_avg:33.45ms
step:535/1480 train_time:17915ms step_avg:33.49ms
step:536/1480 train_time:17975ms step_avg:33.54ms
step:537/1480 train_time:18029ms step_avg:33.57ms
step:538/1480 train_time:18088ms step_avg:33.62ms
step:539/1480 train_time:18141ms step_avg:33.66ms
step:540/1480 train_time:18201ms step_avg:33.71ms
step:541/1480 train_time:18254ms step_avg:33.74ms
step:542/1480 train_time:18313ms step_avg:33.79ms
step:543/1480 train_time:18367ms step_avg:33.82ms
step:544/1480 train_time:18425ms step_avg:33.87ms
step:545/1480 train_time:18479ms step_avg:33.91ms
step:546/1480 train_time:18537ms step_avg:33.95ms
step:547/1480 train_time:18590ms step_avg:33.99ms
step:548/1480 train_time:18648ms step_avg:34.03ms
step:549/1480 train_time:18701ms step_avg:34.06ms
step:550/1480 train_time:18759ms step_avg:34.11ms
step:551/1480 train_time:18813ms step_avg:34.14ms
step:552/1480 train_time:18872ms step_avg:34.19ms
step:553/1480 train_time:18925ms step_avg:34.22ms
step:554/1480 train_time:18985ms step_avg:34.27ms
step:555/1480 train_time:19038ms step_avg:34.30ms
step:556/1480 train_time:19097ms step_avg:34.35ms
step:557/1480 train_time:19150ms step_avg:34.38ms
step:558/1480 train_time:19209ms step_avg:34.42ms
step:559/1480 train_time:19262ms step_avg:34.46ms
step:560/1480 train_time:19322ms step_avg:34.50ms
step:561/1480 train_time:19376ms step_avg:34.54ms
step:562/1480 train_time:19434ms step_avg:34.58ms
step:563/1480 train_time:19488ms step_avg:34.61ms
step:564/1480 train_time:19547ms step_avg:34.66ms
step:565/1480 train_time:19600ms step_avg:34.69ms
step:566/1480 train_time:19659ms step_avg:34.73ms
step:567/1480 train_time:19712ms step_avg:34.76ms
step:568/1480 train_time:19771ms step_avg:34.81ms
step:569/1480 train_time:19824ms step_avg:34.84ms
step:570/1480 train_time:19882ms step_avg:34.88ms
step:571/1480 train_time:19936ms step_avg:34.91ms
step:572/1480 train_time:19994ms step_avg:34.95ms
step:573/1480 train_time:20048ms step_avg:34.99ms
step:574/1480 train_time:20107ms step_avg:35.03ms
step:575/1480 train_time:20161ms step_avg:35.06ms
step:576/1480 train_time:20219ms step_avg:35.10ms
step:577/1480 train_time:20273ms step_avg:35.14ms
step:578/1480 train_time:20332ms step_avg:35.18ms
step:579/1480 train_time:20386ms step_avg:35.21ms
step:580/1480 train_time:20444ms step_avg:35.25ms
step:581/1480 train_time:20497ms step_avg:35.28ms
step:582/1480 train_time:20556ms step_avg:35.32ms
step:583/1480 train_time:20609ms step_avg:35.35ms
step:584/1480 train_time:20668ms step_avg:35.39ms
step:585/1480 train_time:20721ms step_avg:35.42ms
step:586/1480 train_time:20779ms step_avg:35.46ms
step:587/1480 train_time:20832ms step_avg:35.49ms
step:588/1480 train_time:20891ms step_avg:35.53ms
step:589/1480 train_time:20944ms step_avg:35.56ms
step:590/1480 train_time:21003ms step_avg:35.60ms
step:591/1480 train_time:21056ms step_avg:35.63ms
step:592/1480 train_time:21115ms step_avg:35.67ms
step:593/1480 train_time:21168ms step_avg:35.70ms
step:594/1480 train_time:21227ms step_avg:35.74ms
step:595/1480 train_time:21281ms step_avg:35.77ms
step:596/1480 train_time:21340ms step_avg:35.81ms
step:597/1480 train_time:21393ms step_avg:35.83ms
step:598/1480 train_time:21452ms step_avg:35.87ms
step:599/1480 train_time:21506ms step_avg:35.90ms
step:600/1480 train_time:21566ms step_avg:35.94ms
step:601/1480 train_time:21619ms step_avg:35.97ms
step:602/1480 train_time:21678ms step_avg:36.01ms
step:603/1480 train_time:21730ms step_avg:36.04ms
step:604/1480 train_time:21789ms step_avg:36.07ms
step:605/1480 train_time:21841ms step_avg:36.10ms
step:606/1480 train_time:21901ms step_avg:36.14ms
step:607/1480 train_time:21955ms step_avg:36.17ms
step:608/1480 train_time:22014ms step_avg:36.21ms
step:609/1480 train_time:22068ms step_avg:36.24ms
step:610/1480 train_time:22127ms step_avg:36.27ms
step:611/1480 train_time:22180ms step_avg:36.30ms
step:612/1480 train_time:22239ms step_avg:36.34ms
step:613/1480 train_time:22292ms step_avg:36.37ms
step:614/1480 train_time:22351ms step_avg:36.40ms
step:615/1480 train_time:22405ms step_avg:36.43ms
step:616/1480 train_time:22464ms step_avg:36.47ms
step:617/1480 train_time:22517ms step_avg:36.49ms
step:618/1480 train_time:22576ms step_avg:36.53ms
step:619/1480 train_time:22629ms step_avg:36.56ms
step:620/1480 train_time:22688ms step_avg:36.59ms
step:621/1480 train_time:22741ms step_avg:36.62ms
step:622/1480 train_time:22799ms step_avg:36.66ms
step:623/1480 train_time:22852ms step_avg:36.68ms
step:624/1480 train_time:22911ms step_avg:36.72ms
step:625/1480 train_time:22964ms step_avg:36.74ms
step:626/1480 train_time:23024ms step_avg:36.78ms
step:627/1480 train_time:23078ms step_avg:36.81ms
step:628/1480 train_time:23136ms step_avg:36.84ms
step:629/1480 train_time:23190ms step_avg:36.87ms
step:630/1480 train_time:23248ms step_avg:36.90ms
step:631/1480 train_time:23302ms step_avg:36.93ms
step:632/1480 train_time:23360ms step_avg:36.96ms
step:633/1480 train_time:23413ms step_avg:36.99ms
step:634/1480 train_time:23472ms step_avg:37.02ms
step:635/1480 train_time:23527ms step_avg:37.05ms
step:636/1480 train_time:23585ms step_avg:37.08ms
step:637/1480 train_time:23639ms step_avg:37.11ms
step:638/1480 train_time:23696ms step_avg:37.14ms
step:639/1480 train_time:23749ms step_avg:37.17ms
step:640/1480 train_time:23808ms step_avg:37.20ms
step:641/1480 train_time:23862ms step_avg:37.23ms
step:642/1480 train_time:23921ms step_avg:37.26ms
step:643/1480 train_time:23974ms step_avg:37.28ms
step:644/1480 train_time:24033ms step_avg:37.32ms
step:645/1480 train_time:24087ms step_avg:37.34ms
step:646/1480 train_time:24146ms step_avg:37.38ms
step:647/1480 train_time:24199ms step_avg:37.40ms
step:648/1480 train_time:24258ms step_avg:37.44ms
step:649/1480 train_time:24311ms step_avg:37.46ms
step:650/1480 train_time:24370ms step_avg:37.49ms
step:651/1480 train_time:24424ms step_avg:37.52ms
step:652/1480 train_time:24483ms step_avg:37.55ms
step:653/1480 train_time:24536ms step_avg:37.57ms
step:654/1480 train_time:24594ms step_avg:37.61ms
step:655/1480 train_time:24647ms step_avg:37.63ms
step:656/1480 train_time:24706ms step_avg:37.66ms
step:657/1480 train_time:24760ms step_avg:37.69ms
step:658/1480 train_time:24819ms step_avg:37.72ms
step:659/1480 train_time:24872ms step_avg:37.74ms
step:660/1480 train_time:24931ms step_avg:37.77ms
step:661/1480 train_time:24984ms step_avg:37.80ms
step:662/1480 train_time:25044ms step_avg:37.83ms
step:663/1480 train_time:25097ms step_avg:37.85ms
step:664/1480 train_time:25155ms step_avg:37.88ms
step:665/1480 train_time:25208ms step_avg:37.91ms
step:666/1480 train_time:25268ms step_avg:37.94ms
step:667/1480 train_time:25321ms step_avg:37.96ms
step:668/1480 train_time:25379ms step_avg:37.99ms
step:669/1480 train_time:25433ms step_avg:38.02ms
step:670/1480 train_time:25491ms step_avg:38.05ms
step:671/1480 train_time:25545ms step_avg:38.07ms
step:672/1480 train_time:25604ms step_avg:38.10ms
step:673/1480 train_time:25658ms step_avg:38.12ms
step:674/1480 train_time:25716ms step_avg:38.15ms
step:675/1480 train_time:25769ms step_avg:38.18ms
step:676/1480 train_time:25828ms step_avg:38.21ms
step:677/1480 train_time:25881ms step_avg:38.23ms
step:678/1480 train_time:25940ms step_avg:38.26ms
step:679/1480 train_time:25994ms step_avg:38.28ms
step:680/1480 train_time:26053ms step_avg:38.31ms
step:681/1480 train_time:26106ms step_avg:38.33ms
step:682/1480 train_time:26166ms step_avg:38.37ms
step:683/1480 train_time:26220ms step_avg:38.39ms
step:684/1480 train_time:26278ms step_avg:38.42ms
step:685/1480 train_time:26332ms step_avg:38.44ms
step:686/1480 train_time:26391ms step_avg:38.47ms
step:687/1480 train_time:26444ms step_avg:38.49ms
step:688/1480 train_time:26503ms step_avg:38.52ms
step:689/1480 train_time:26555ms step_avg:38.54ms
step:690/1480 train_time:26615ms step_avg:38.57ms
step:691/1480 train_time:26668ms step_avg:38.59ms
step:692/1480 train_time:26727ms step_avg:38.62ms
step:693/1480 train_time:26780ms step_avg:38.64ms
step:694/1480 train_time:26839ms step_avg:38.67ms
step:695/1480 train_time:26891ms step_avg:38.69ms
step:696/1480 train_time:26950ms step_avg:38.72ms
step:697/1480 train_time:27002ms step_avg:38.74ms
step:698/1480 train_time:27063ms step_avg:38.77ms
step:699/1480 train_time:27117ms step_avg:38.79ms
step:700/1480 train_time:27175ms step_avg:38.82ms
step:701/1480 train_time:27229ms step_avg:38.84ms
step:702/1480 train_time:27288ms step_avg:38.87ms
step:703/1480 train_time:27341ms step_avg:38.89ms
step:704/1480 train_time:27401ms step_avg:38.92ms
step:705/1480 train_time:27454ms step_avg:38.94ms
step:706/1480 train_time:27512ms step_avg:38.97ms
step:707/1480 train_time:27566ms step_avg:38.99ms
step:708/1480 train_time:27625ms step_avg:39.02ms
step:709/1480 train_time:27679ms step_avg:39.04ms
step:710/1480 train_time:27736ms step_avg:39.07ms
step:711/1480 train_time:27791ms step_avg:39.09ms
step:712/1480 train_time:27849ms step_avg:39.11ms
step:713/1480 train_time:27902ms step_avg:39.13ms
step:714/1480 train_time:27962ms step_avg:39.16ms
step:715/1480 train_time:28015ms step_avg:39.18ms
step:716/1480 train_time:28073ms step_avg:39.21ms
step:717/1480 train_time:28127ms step_avg:39.23ms
step:718/1480 train_time:28186ms step_avg:39.26ms
step:719/1480 train_time:28239ms step_avg:39.28ms
step:720/1480 train_time:28298ms step_avg:39.30ms
step:721/1480 train_time:28350ms step_avg:39.32ms
step:722/1480 train_time:28409ms step_avg:39.35ms
step:723/1480 train_time:28462ms step_avg:39.37ms
step:724/1480 train_time:28521ms step_avg:39.39ms
step:725/1480 train_time:28575ms step_avg:39.41ms
step:726/1480 train_time:28634ms step_avg:39.44ms
step:727/1480 train_time:28688ms step_avg:39.46ms
step:728/1480 train_time:28747ms step_avg:39.49ms
step:729/1480 train_time:28800ms step_avg:39.51ms
step:730/1480 train_time:28858ms step_avg:39.53ms
step:731/1480 train_time:28911ms step_avg:39.55ms
step:732/1480 train_time:28971ms step_avg:39.58ms
step:733/1480 train_time:29024ms step_avg:39.60ms
step:734/1480 train_time:29083ms step_avg:39.62ms
step:735/1480 train_time:29137ms step_avg:39.64ms
step:736/1480 train_time:29195ms step_avg:39.67ms
step:737/1480 train_time:29247ms step_avg:39.68ms
step:738/1480 train_time:29307ms step_avg:39.71ms
step:739/1480 train_time:29360ms step_avg:39.73ms
step:740/1480 train_time:29419ms step_avg:39.76ms
step:741/1480 train_time:29473ms step_avg:39.77ms
step:742/1480 train_time:29531ms step_avg:39.80ms
step:743/1480 train_time:29586ms step_avg:39.82ms
step:744/1480 train_time:29645ms step_avg:39.85ms
step:745/1480 train_time:29698ms step_avg:39.86ms
step:746/1480 train_time:29756ms step_avg:39.89ms
step:747/1480 train_time:29811ms step_avg:39.91ms
step:748/1480 train_time:29870ms step_avg:39.93ms
step:749/1480 train_time:29923ms step_avg:39.95ms
step:750/1480 train_time:29981ms step_avg:39.98ms
step:750/1480 val_loss:3.7902 train_time:30045ms step_avg:40.06ms
step:751/1480 train_time:30061ms step_avg:40.03ms
step:752/1480 train_time:30097ms step_avg:40.02ms
step:753/1480 train_time:30154ms step_avg:40.05ms
step:754/1480 train_time:30216ms step_avg:40.07ms
step:755/1480 train_time:30269ms step_avg:40.09ms
step:756/1480 train_time:30327ms step_avg:40.12ms
step:757/1480 train_time:30381ms step_avg:40.13ms
step:758/1480 train_time:30440ms step_avg:40.16ms
step:759/1480 train_time:30492ms step_avg:40.17ms
step:760/1480 train_time:30551ms step_avg:40.20ms
step:761/1480 train_time:30603ms step_avg:40.21ms
step:762/1480 train_time:30661ms step_avg:40.24ms
step:763/1480 train_time:30713ms step_avg:40.25ms
step:764/1480 train_time:30771ms step_avg:40.28ms
step:765/1480 train_time:30824ms step_avg:40.29ms
step:766/1480 train_time:30882ms step_avg:40.32ms
step:767/1480 train_time:30934ms step_avg:40.33ms
step:768/1480 train_time:30993ms step_avg:40.36ms
step:769/1480 train_time:31048ms step_avg:40.37ms
step:770/1480 train_time:31108ms step_avg:40.40ms
step:771/1480 train_time:31163ms step_avg:40.42ms
step:772/1480 train_time:31224ms step_avg:40.45ms
step:773/1480 train_time:31278ms step_avg:40.46ms
step:774/1480 train_time:31338ms step_avg:40.49ms
step:775/1480 train_time:31390ms step_avg:40.50ms
step:776/1480 train_time:31448ms step_avg:40.53ms
step:777/1480 train_time:31501ms step_avg:40.54ms
step:778/1480 train_time:31560ms step_avg:40.57ms
step:779/1480 train_time:31613ms step_avg:40.58ms
step:780/1480 train_time:31671ms step_avg:40.60ms
step:781/1480 train_time:31724ms step_avg:40.62ms
step:782/1480 train_time:31782ms step_avg:40.64ms
step:783/1480 train_time:31835ms step_avg:40.66ms
step:784/1480 train_time:31893ms step_avg:40.68ms
step:785/1480 train_time:31946ms step_avg:40.70ms
step:786/1480 train_time:32005ms step_avg:40.72ms
step:787/1480 train_time:32059ms step_avg:40.74ms
step:788/1480 train_time:32119ms step_avg:40.76ms
step:789/1480 train_time:32174ms step_avg:40.78ms
step:790/1480 train_time:32233ms step_avg:40.80ms
step:791/1480 train_time:32287ms step_avg:40.82ms
step:792/1480 train_time:32346ms step_avg:40.84ms
step:793/1480 train_time:32400ms step_avg:40.86ms
step:794/1480 train_time:32458ms step_avg:40.88ms
step:795/1480 train_time:32512ms step_avg:40.90ms
step:796/1480 train_time:32570ms step_avg:40.92ms
step:797/1480 train_time:32623ms step_avg:40.93ms
step:798/1480 train_time:32682ms step_avg:40.95ms
step:799/1480 train_time:32734ms step_avg:40.97ms
step:800/1480 train_time:32793ms step_avg:40.99ms
step:801/1480 train_time:32846ms step_avg:41.01ms
step:802/1480 train_time:32904ms step_avg:41.03ms
step:803/1480 train_time:32958ms step_avg:41.04ms
step:804/1480 train_time:33016ms step_avg:41.07ms
step:805/1480 train_time:33070ms step_avg:41.08ms
step:806/1480 train_time:33129ms step_avg:41.10ms
step:807/1480 train_time:33182ms step_avg:41.12ms
step:808/1480 train_time:33242ms step_avg:41.14ms
step:809/1480 train_time:33297ms step_avg:41.16ms
step:810/1480 train_time:33356ms step_avg:41.18ms
step:811/1480 train_time:33409ms step_avg:41.20ms
step:812/1480 train_time:33468ms step_avg:41.22ms
step:813/1480 train_time:33521ms step_avg:41.23ms
step:814/1480 train_time:33580ms step_avg:41.25ms
step:815/1480 train_time:33632ms step_avg:41.27ms
step:816/1480 train_time:33691ms step_avg:41.29ms
step:817/1480 train_time:33743ms step_avg:41.30ms
step:818/1480 train_time:33802ms step_avg:41.32ms
step:819/1480 train_time:33855ms step_avg:41.34ms
step:820/1480 train_time:33914ms step_avg:41.36ms
step:821/1480 train_time:33967ms step_avg:41.37ms
step:822/1480 train_time:34026ms step_avg:41.39ms
step:823/1480 train_time:34080ms step_avg:41.41ms
step:824/1480 train_time:34138ms step_avg:41.43ms
step:825/1480 train_time:34193ms step_avg:41.45ms
step:826/1480 train_time:34252ms step_avg:41.47ms
step:827/1480 train_time:34306ms step_avg:41.48ms
step:828/1480 train_time:34365ms step_avg:41.50ms
step:829/1480 train_time:34420ms step_avg:41.52ms
step:830/1480 train_time:34478ms step_avg:41.54ms
step:831/1480 train_time:34532ms step_avg:41.55ms
step:832/1480 train_time:34590ms step_avg:41.57ms
step:833/1480 train_time:34642ms step_avg:41.59ms
step:834/1480 train_time:34702ms step_avg:41.61ms
step:835/1480 train_time:34755ms step_avg:41.62ms
step:836/1480 train_time:34813ms step_avg:41.64ms
step:837/1480 train_time:34866ms step_avg:41.66ms
step:838/1480 train_time:34925ms step_avg:41.68ms
step:839/1480 train_time:34978ms step_avg:41.69ms
step:840/1480 train_time:35038ms step_avg:41.71ms
step:841/1480 train_time:35091ms step_avg:41.72ms
step:842/1480 train_time:35149ms step_avg:41.74ms
step:843/1480 train_time:35203ms step_avg:41.76ms
step:844/1480 train_time:35262ms step_avg:41.78ms
step:845/1480 train_time:35316ms step_avg:41.79ms
step:846/1480 train_time:35375ms step_avg:41.81ms
step:847/1480 train_time:35429ms step_avg:41.83ms
step:848/1480 train_time:35487ms step_avg:41.85ms
step:849/1480 train_time:35541ms step_avg:41.86ms
step:850/1480 train_time:35600ms step_avg:41.88ms
step:851/1480 train_time:35654ms step_avg:41.90ms
step:852/1480 train_time:35713ms step_avg:41.92ms
step:853/1480 train_time:35766ms step_avg:41.93ms
step:854/1480 train_time:35824ms step_avg:41.95ms
step:855/1480 train_time:35877ms step_avg:41.96ms
step:856/1480 train_time:35935ms step_avg:41.98ms
step:857/1480 train_time:35989ms step_avg:41.99ms
step:858/1480 train_time:36047ms step_avg:42.01ms
step:859/1480 train_time:36101ms step_avg:42.03ms
step:860/1480 train_time:36160ms step_avg:42.05ms
step:861/1480 train_time:36213ms step_avg:42.06ms
step:862/1480 train_time:36272ms step_avg:42.08ms
step:863/1480 train_time:36326ms step_avg:42.09ms
step:864/1480 train_time:36384ms step_avg:42.11ms
step:865/1480 train_time:36438ms step_avg:42.12ms
step:866/1480 train_time:36498ms step_avg:42.15ms
step:867/1480 train_time:36551ms step_avg:42.16ms
step:868/1480 train_time:36609ms step_avg:42.18ms
step:869/1480 train_time:36663ms step_avg:42.19ms
step:870/1480 train_time:36722ms step_avg:42.21ms
step:871/1480 train_time:36775ms step_avg:42.22ms
step:872/1480 train_time:36833ms step_avg:42.24ms
step:873/1480 train_time:36886ms step_avg:42.25ms
step:874/1480 train_time:36944ms step_avg:42.27ms
step:875/1480 train_time:36999ms step_avg:42.28ms
step:876/1480 train_time:37057ms step_avg:42.30ms
step:877/1480 train_time:37111ms step_avg:42.32ms
step:878/1480 train_time:37170ms step_avg:42.33ms
step:879/1480 train_time:37223ms step_avg:42.35ms
step:880/1480 train_time:37282ms step_avg:42.37ms
step:881/1480 train_time:37335ms step_avg:42.38ms
step:882/1480 train_time:37395ms step_avg:42.40ms
step:883/1480 train_time:37449ms step_avg:42.41ms
step:884/1480 train_time:37507ms step_avg:42.43ms
step:885/1480 train_time:37560ms step_avg:42.44ms
step:886/1480 train_time:37619ms step_avg:42.46ms
step:887/1480 train_time:37672ms step_avg:42.47ms
step:888/1480 train_time:37731ms step_avg:42.49ms
step:889/1480 train_time:37783ms step_avg:42.50ms
step:890/1480 train_time:37842ms step_avg:42.52ms
step:891/1480 train_time:37896ms step_avg:42.53ms
step:892/1480 train_time:37956ms step_avg:42.55ms
step:893/1480 train_time:38009ms step_avg:42.56ms
step:894/1480 train_time:38066ms step_avg:42.58ms
step:895/1480 train_time:38121ms step_avg:42.59ms
step:896/1480 train_time:38179ms step_avg:42.61ms
step:897/1480 train_time:38233ms step_avg:42.62ms
step:898/1480 train_time:38292ms step_avg:42.64ms
step:899/1480 train_time:38345ms step_avg:42.65ms
step:900/1480 train_time:38404ms step_avg:42.67ms
step:901/1480 train_time:38458ms step_avg:42.68ms
step:902/1480 train_time:38518ms step_avg:42.70ms
step:903/1480 train_time:38571ms step_avg:42.71ms
step:904/1480 train_time:38629ms step_avg:42.73ms
step:905/1480 train_time:38682ms step_avg:42.74ms
step:906/1480 train_time:38741ms step_avg:42.76ms
step:907/1480 train_time:38795ms step_avg:42.77ms
step:908/1480 train_time:38853ms step_avg:42.79ms
step:909/1480 train_time:38907ms step_avg:42.80ms
step:910/1480 train_time:38965ms step_avg:42.82ms
step:911/1480 train_time:39020ms step_avg:42.83ms
step:912/1480 train_time:39079ms step_avg:42.85ms
step:913/1480 train_time:39132ms step_avg:42.86ms
step:914/1480 train_time:39190ms step_avg:42.88ms
step:915/1480 train_time:39243ms step_avg:42.89ms
step:916/1480 train_time:39302ms step_avg:42.91ms
step:917/1480 train_time:39355ms step_avg:42.92ms
step:918/1480 train_time:39415ms step_avg:42.94ms
step:919/1480 train_time:39468ms step_avg:42.95ms
step:920/1480 train_time:39527ms step_avg:42.96ms
step:921/1480 train_time:39580ms step_avg:42.97ms
step:922/1480 train_time:39639ms step_avg:42.99ms
step:923/1480 train_time:39693ms step_avg:43.00ms
step:924/1480 train_time:39752ms step_avg:43.02ms
step:925/1480 train_time:39805ms step_avg:43.03ms
step:926/1480 train_time:39863ms step_avg:43.05ms
step:927/1480 train_time:39918ms step_avg:43.06ms
step:928/1480 train_time:39976ms step_avg:43.08ms
step:929/1480 train_time:40029ms step_avg:43.09ms
step:930/1480 train_time:40087ms step_avg:43.10ms
step:931/1480 train_time:40141ms step_avg:43.12ms
step:932/1480 train_time:40200ms step_avg:43.13ms
step:933/1480 train_time:40254ms step_avg:43.15ms
step:934/1480 train_time:40313ms step_avg:43.16ms
step:935/1480 train_time:40366ms step_avg:43.17ms
step:936/1480 train_time:40425ms step_avg:43.19ms
step:937/1480 train_time:40478ms step_avg:43.20ms
step:938/1480 train_time:40538ms step_avg:43.22ms
step:939/1480 train_time:40590ms step_avg:43.23ms
step:940/1480 train_time:40648ms step_avg:43.24ms
step:941/1480 train_time:40702ms step_avg:43.25ms
step:942/1480 train_time:40761ms step_avg:43.27ms
step:943/1480 train_time:40815ms step_avg:43.28ms
step:944/1480 train_time:40874ms step_avg:43.30ms
step:945/1480 train_time:40928ms step_avg:43.31ms
step:946/1480 train_time:40986ms step_avg:43.33ms
step:947/1480 train_time:41040ms step_avg:43.34ms
step:948/1480 train_time:41099ms step_avg:43.35ms
step:949/1480 train_time:41151ms step_avg:43.36ms
step:950/1480 train_time:41210ms step_avg:43.38ms
step:951/1480 train_time:41263ms step_avg:43.39ms
step:952/1480 train_time:41321ms step_avg:43.40ms
step:953/1480 train_time:41375ms step_avg:43.42ms
step:954/1480 train_time:41435ms step_avg:43.43ms
step:955/1480 train_time:41488ms step_avg:43.44ms
step:956/1480 train_time:41546ms step_avg:43.46ms
step:957/1480 train_time:41600ms step_avg:43.47ms
step:958/1480 train_time:41659ms step_avg:43.49ms
step:959/1480 train_time:41712ms step_avg:43.50ms
step:960/1480 train_time:41771ms step_avg:43.51ms
step:961/1480 train_time:41826ms step_avg:43.52ms
step:962/1480 train_time:41914ms step_avg:43.57ms
step:963/1480 train_time:41992ms step_avg:43.61ms
step:964/1480 train_time:42078ms step_avg:43.65ms
step:965/1480 train_time:42156ms step_avg:43.69ms
step:966/1480 train_time:42242ms step_avg:43.73ms
step:967/1480 train_time:42321ms step_avg:43.76ms
step:968/1480 train_time:42406ms step_avg:43.81ms
step:969/1480 train_time:42485ms step_avg:43.84ms
step:970/1480 train_time:42569ms step_avg:43.89ms
step:971/1480 train_time:42648ms step_avg:43.92ms
step:972/1480 train_time:42733ms step_avg:43.96ms
step:973/1480 train_time:42811ms step_avg:44.00ms
step:974/1480 train_time:42895ms step_avg:44.04ms
step:975/1480 train_time:42975ms step_avg:44.08ms
step:976/1480 train_time:43060ms step_avg:44.12ms
step:977/1480 train_time:43139ms step_avg:44.15ms
step:978/1480 train_time:43224ms step_avg:44.20ms
step:979/1480 train_time:43303ms step_avg:44.23ms
step:980/1480 train_time:43387ms step_avg:44.27ms
step:981/1480 train_time:43466ms step_avg:44.31ms
step:982/1480 train_time:43551ms step_avg:44.35ms
step:983/1480 train_time:43630ms step_avg:44.38ms
step:984/1480 train_time:43715ms step_avg:44.43ms
step:985/1480 train_time:43794ms step_avg:44.46ms
step:986/1480 train_time:43878ms step_avg:44.50ms
step:987/1480 train_time:43957ms step_avg:44.54ms
step:988/1480 train_time:44042ms step_avg:44.58ms
step:989/1480 train_time:44121ms step_avg:44.61ms
step:990/1480 train_time:44206ms step_avg:44.65ms
step:991/1480 train_time:44285ms step_avg:44.69ms
step:992/1480 train_time:44369ms step_avg:44.73ms
step:993/1480 train_time:44449ms step_avg:44.76ms
step:994/1480 train_time:44533ms step_avg:44.80ms
step:995/1480 train_time:44613ms step_avg:44.84ms
step:996/1480 train_time:44696ms step_avg:44.88ms
step:997/1480 train_time:44776ms step_avg:44.91ms
step:998/1480 train_time:44860ms step_avg:44.95ms
step:999/1480 train_time:44939ms step_avg:44.98ms
step:1000/1480 train_time:45025ms step_avg:45.03ms
step:1000/1480 val_loss:3.5068 train_time:45114ms step_avg:45.11ms
step:1001/1480 train_time:45131ms step_avg:45.09ms
step:1002/1480 train_time:45192ms step_avg:45.10ms
step:1003/1480 train_time:45275ms step_avg:45.14ms
step:1004/1480 train_time:45361ms step_avg:45.18ms
step:1005/1480 train_time:45441ms step_avg:45.21ms
step:1006/1480 train_time:45524ms step_avg:45.25ms
step:1007/1480 train_time:45603ms step_avg:45.29ms
step:1008/1480 train_time:45686ms step_avg:45.32ms
step:1009/1480 train_time:45766ms step_avg:45.36ms
step:1010/1480 train_time:45851ms step_avg:45.40ms
step:1011/1480 train_time:45928ms step_avg:45.43ms
step:1012/1480 train_time:46012ms step_avg:45.47ms
step:1013/1480 train_time:46092ms step_avg:45.50ms
step:1014/1480 train_time:46178ms step_avg:45.54ms
step:1015/1480 train_time:46259ms step_avg:45.57ms
step:1016/1480 train_time:46345ms step_avg:45.61ms
step:1017/1480 train_time:46423ms step_avg:45.65ms
step:1018/1480 train_time:46507ms step_avg:45.68ms
step:1019/1480 train_time:46586ms step_avg:45.72ms
step:1020/1480 train_time:46670ms step_avg:45.76ms
step:1021/1480 train_time:46749ms step_avg:45.79ms
step:1022/1480 train_time:46833ms step_avg:45.82ms
step:1023/1480 train_time:46910ms step_avg:45.86ms
step:1024/1480 train_time:46995ms step_avg:45.89ms
step:1025/1480 train_time:47075ms step_avg:45.93ms
step:1026/1480 train_time:47159ms step_avg:45.96ms
step:1027/1480 train_time:47240ms step_avg:46.00ms
step:1028/1480 train_time:47324ms step_avg:46.04ms
step:1029/1480 train_time:47403ms step_avg:46.07ms
step:1030/1480 train_time:47487ms step_avg:46.10ms
step:1031/1480 train_time:47567ms step_avg:46.14ms
step:1032/1480 train_time:47652ms step_avg:46.17ms
step:1033/1480 train_time:47730ms step_avg:46.21ms
step:1034/1480 train_time:47814ms step_avg:46.24ms
step:1035/1480 train_time:47893ms step_avg:46.27ms
step:1036/1480 train_time:47977ms step_avg:46.31ms
step:1037/1480 train_time:48058ms step_avg:46.34ms
step:1038/1480 train_time:48143ms step_avg:46.38ms
step:1039/1480 train_time:48221ms step_avg:46.41ms
step:1040/1480 train_time:48307ms step_avg:46.45ms
step:1041/1480 train_time:48386ms step_avg:46.48ms
step:1042/1480 train_time:48471ms step_avg:46.52ms
step:1043/1480 train_time:48550ms step_avg:46.55ms
step:1044/1480 train_time:48635ms step_avg:46.58ms
step:1045/1480 train_time:48713ms step_avg:46.62ms
step:1046/1480 train_time:48797ms step_avg:46.65ms
step:1047/1480 train_time:48876ms step_avg:46.68ms
step:1048/1480 train_time:48960ms step_avg:46.72ms
step:1049/1480 train_time:49040ms step_avg:46.75ms
step:1050/1480 train_time:49125ms step_avg:46.79ms
step:1051/1480 train_time:49204ms step_avg:46.82ms
step:1052/1480 train_time:49290ms step_avg:46.85ms
step:1053/1480 train_time:49368ms step_avg:46.88ms
step:1054/1480 train_time:49452ms step_avg:46.92ms
step:1055/1480 train_time:49532ms step_avg:46.95ms
step:1056/1480 train_time:49617ms step_avg:46.99ms
step:1057/1480 train_time:49696ms step_avg:47.02ms
step:1058/1480 train_time:49782ms step_avg:47.05ms
step:1059/1480 train_time:49861ms step_avg:47.08ms
step:1060/1480 train_time:49946ms step_avg:47.12ms
step:1061/1480 train_time:50025ms step_avg:47.15ms
step:1062/1480 train_time:50109ms step_avg:47.18ms
step:1063/1480 train_time:50188ms step_avg:47.21ms
step:1064/1480 train_time:50272ms step_avg:47.25ms
step:1065/1480 train_time:50352ms step_avg:47.28ms
step:1066/1480 train_time:50436ms step_avg:47.31ms
step:1067/1480 train_time:50515ms step_avg:47.34ms
step:1068/1480 train_time:50599ms step_avg:47.38ms
step:1069/1480 train_time:50678ms step_avg:47.41ms
step:1070/1480 train_time:50762ms step_avg:47.44ms
step:1071/1480 train_time:50841ms step_avg:47.47ms
step:1072/1480 train_time:50926ms step_avg:47.51ms
step:1073/1480 train_time:51004ms step_avg:47.53ms
step:1074/1480 train_time:51089ms step_avg:47.57ms
step:1075/1480 train_time:51169ms step_avg:47.60ms
step:1076/1480 train_time:51253ms step_avg:47.63ms
step:1077/1480 train_time:51332ms step_avg:47.66ms
step:1078/1480 train_time:51417ms step_avg:47.70ms
step:1079/1480 train_time:51498ms step_avg:47.73ms
step:1080/1480 train_time:51581ms step_avg:47.76ms
step:1081/1480 train_time:51662ms step_avg:47.79ms
step:1082/1480 train_time:51747ms step_avg:47.83ms
step:1083/1480 train_time:51826ms step_avg:47.85ms
step:1084/1480 train_time:51909ms step_avg:47.89ms
step:1085/1480 train_time:51989ms step_avg:47.92ms
step:1086/1480 train_time:52073ms step_avg:47.95ms
step:1087/1480 train_time:52152ms step_avg:47.98ms
step:1088/1480 train_time:52237ms step_avg:48.01ms
step:1089/1480 train_time:52318ms step_avg:48.04ms
step:1090/1480 train_time:52403ms step_avg:48.08ms
step:1091/1480 train_time:52482ms step_avg:48.10ms
step:1092/1480 train_time:52566ms step_avg:48.14ms
step:1093/1480 train_time:52646ms step_avg:48.17ms
step:1094/1480 train_time:52730ms step_avg:48.20ms
step:1095/1480 train_time:52809ms step_avg:48.23ms
step:1096/1480 train_time:52893ms step_avg:48.26ms
step:1097/1480 train_time:52973ms step_avg:48.29ms
step:1098/1480 train_time:53058ms step_avg:48.32ms
step:1099/1480 train_time:53137ms step_avg:48.35ms
step:1100/1480 train_time:53220ms step_avg:48.38ms
step:1101/1480 train_time:53299ms step_avg:48.41ms
step:1102/1480 train_time:53385ms step_avg:48.44ms
step:1103/1480 train_time:53464ms step_avg:48.47ms
step:1104/1480 train_time:53550ms step_avg:48.51ms
step:1105/1480 train_time:53628ms step_avg:48.53ms
step:1106/1480 train_time:53713ms step_avg:48.57ms
step:1107/1480 train_time:53792ms step_avg:48.59ms
step:1108/1480 train_time:53877ms step_avg:48.63ms
step:1109/1480 train_time:53956ms step_avg:48.65ms
step:1110/1480 train_time:54041ms step_avg:48.69ms
step:1111/1480 train_time:54119ms step_avg:48.71ms
step:1112/1480 train_time:54203ms step_avg:48.74ms
step:1113/1480 train_time:54282ms step_avg:48.77ms
step:1114/1480 train_time:54368ms step_avg:48.80ms
step:1115/1480 train_time:54448ms step_avg:48.83ms
step:1116/1480 train_time:54532ms step_avg:48.86ms
step:1117/1480 train_time:54611ms step_avg:48.89ms
step:1118/1480 train_time:54697ms step_avg:48.92ms
step:1119/1480 train_time:54776ms step_avg:48.95ms
step:1120/1480 train_time:54861ms step_avg:48.98ms
step:1121/1480 train_time:54940ms step_avg:49.01ms
step:1122/1480 train_time:55024ms step_avg:49.04ms
step:1123/1480 train_time:55103ms step_avg:49.07ms
step:1124/1480 train_time:55186ms step_avg:49.10ms
step:1125/1480 train_time:55265ms step_avg:49.12ms
step:1126/1480 train_time:55351ms step_avg:49.16ms
step:1127/1480 train_time:55430ms step_avg:49.18ms
step:1128/1480 train_time:55514ms step_avg:49.21ms
step:1129/1480 train_time:55594ms step_avg:49.24ms
step:1130/1480 train_time:55678ms step_avg:49.27ms
step:1131/1480 train_time:55758ms step_avg:49.30ms
step:1132/1480 train_time:55843ms step_avg:49.33ms
step:1133/1480 train_time:55921ms step_avg:49.36ms
step:1134/1480 train_time:56005ms step_avg:49.39ms
step:1135/1480 train_time:56085ms step_avg:49.41ms
step:1136/1480 train_time:56169ms step_avg:49.44ms
step:1137/1480 train_time:56248ms step_avg:49.47ms
step:1138/1480 train_time:56331ms step_avg:49.50ms
step:1139/1480 train_time:56411ms step_avg:49.53ms
step:1140/1480 train_time:56496ms step_avg:49.56ms
step:1141/1480 train_time:56575ms step_avg:49.58ms
step:1142/1480 train_time:56659ms step_avg:49.61ms
step:1143/1480 train_time:56738ms step_avg:49.64ms
step:1144/1480 train_time:56823ms step_avg:49.67ms
step:1145/1480 train_time:56902ms step_avg:49.70ms
step:1146/1480 train_time:56988ms step_avg:49.73ms
step:1147/1480 train_time:57067ms step_avg:49.75ms
step:1148/1480 train_time:57151ms step_avg:49.78ms
step:1149/1480 train_time:57229ms step_avg:49.81ms
step:1150/1480 train_time:57314ms step_avg:49.84ms
step:1151/1480 train_time:57394ms step_avg:49.86ms
step:1152/1480 train_time:57478ms step_avg:49.89ms
step:1153/1480 train_time:57559ms step_avg:49.92ms
step:1154/1480 train_time:57643ms step_avg:49.95ms
step:1155/1480 train_time:57722ms step_avg:49.98ms
step:1156/1480 train_time:57808ms step_avg:50.01ms
step:1157/1480 train_time:57887ms step_avg:50.03ms
step:1158/1480 train_time:57971ms step_avg:50.06ms
step:1159/1480 train_time:58051ms step_avg:50.09ms
step:1160/1480 train_time:58137ms step_avg:50.12ms
step:1161/1480 train_time:58217ms step_avg:50.14ms
step:1162/1480 train_time:58301ms step_avg:50.17ms
step:1163/1480 train_time:58379ms step_avg:50.20ms
step:1164/1480 train_time:58465ms step_avg:50.23ms
step:1165/1480 train_time:58545ms step_avg:50.25ms
step:1166/1480 train_time:58628ms step_avg:50.28ms
step:1167/1480 train_time:58707ms step_avg:50.31ms
step:1168/1480 train_time:58792ms step_avg:50.34ms
step:1169/1480 train_time:58872ms step_avg:50.36ms
step:1170/1480 train_time:58958ms step_avg:50.39ms
step:1171/1480 train_time:59037ms step_avg:50.42ms
step:1172/1480 train_time:59121ms step_avg:50.44ms
step:1173/1480 train_time:59202ms step_avg:50.47ms
step:1174/1480 train_time:59287ms step_avg:50.50ms
step:1175/1480 train_time:59366ms step_avg:50.52ms
step:1176/1480 train_time:59450ms step_avg:50.55ms
step:1177/1480 train_time:59529ms step_avg:50.58ms
step:1178/1480 train_time:59613ms step_avg:50.61ms
step:1179/1480 train_time:59693ms step_avg:50.63ms
step:1180/1480 train_time:59777ms step_avg:50.66ms
step:1181/1480 train_time:59857ms step_avg:50.68ms
step:1182/1480 train_time:59943ms step_avg:50.71ms
step:1183/1480 train_time:60023ms step_avg:50.74ms
step:1184/1480 train_time:60107ms step_avg:50.77ms
step:1185/1480 train_time:60185ms step_avg:50.79ms
step:1186/1480 train_time:60270ms step_avg:50.82ms
step:1187/1480 train_time:60350ms step_avg:50.84ms
step:1188/1480 train_time:60435ms step_avg:50.87ms
step:1189/1480 train_time:60513ms step_avg:50.89ms
step:1190/1480 train_time:60597ms step_avg:50.92ms
step:1191/1480 train_time:60678ms step_avg:50.95ms
step:1192/1480 train_time:60763ms step_avg:50.98ms
step:1193/1480 train_time:60842ms step_avg:51.00ms
step:1194/1480 train_time:60927ms step_avg:51.03ms
step:1195/1480 train_time:61007ms step_avg:51.05ms
step:1196/1480 train_time:61091ms step_avg:51.08ms
step:1197/1480 train_time:61171ms step_avg:51.10ms
step:1198/1480 train_time:61255ms step_avg:51.13ms
step:1199/1480 train_time:61334ms step_avg:51.15ms
step:1200/1480 train_time:61417ms step_avg:51.18ms
step:1201/1480 train_time:61496ms step_avg:51.20ms
step:1202/1480 train_time:61581ms step_avg:51.23ms
step:1203/1480 train_time:61661ms step_avg:51.26ms
step:1204/1480 train_time:61748ms step_avg:51.29ms
step:1205/1480 train_time:61827ms step_avg:51.31ms
step:1206/1480 train_time:61910ms step_avg:51.33ms
step:1207/1480 train_time:61990ms step_avg:51.36ms
step:1208/1480 train_time:62074ms step_avg:51.39ms
step:1209/1480 train_time:62152ms step_avg:51.41ms
step:1210/1480 train_time:62237ms step_avg:51.44ms
step:1211/1480 train_time:62317ms step_avg:51.46ms
step:1212/1480 train_time:62402ms step_avg:51.49ms
step:1213/1480 train_time:62481ms step_avg:51.51ms
step:1214/1480 train_time:62564ms step_avg:51.54ms
step:1215/1480 train_time:62643ms step_avg:51.56ms
step:1216/1480 train_time:62728ms step_avg:51.59ms
step:1217/1480 train_time:62807ms step_avg:51.61ms
step:1218/1480 train_time:62892ms step_avg:51.64ms
step:1219/1480 train_time:62971ms step_avg:51.66ms
step:1220/1480 train_time:63055ms step_avg:51.68ms
step:1221/1480 train_time:63135ms step_avg:51.71ms
step:1222/1480 train_time:63219ms step_avg:51.73ms
step:1223/1480 train_time:63298ms step_avg:51.76ms
step:1224/1480 train_time:63383ms step_avg:51.78ms
step:1225/1480 train_time:63461ms step_avg:51.80ms
step:1226/1480 train_time:63546ms step_avg:51.83ms
step:1227/1480 train_time:63625ms step_avg:51.85ms
step:1228/1480 train_time:63710ms step_avg:51.88ms
step:1229/1480 train_time:63789ms step_avg:51.90ms
step:1230/1480 train_time:63874ms step_avg:51.93ms
step:1231/1480 train_time:63953ms step_avg:51.95ms
step:1232/1480 train_time:64038ms step_avg:51.98ms
step:1233/1480 train_time:64118ms step_avg:52.00ms
step:1234/1480 train_time:64202ms step_avg:52.03ms
step:1235/1480 train_time:64281ms step_avg:52.05ms
step:1236/1480 train_time:64365ms step_avg:52.08ms
step:1237/1480 train_time:64444ms step_avg:52.10ms
step:1238/1480 train_time:64528ms step_avg:52.12ms
step:1239/1480 train_time:64607ms step_avg:52.14ms
step:1240/1480 train_time:64692ms step_avg:52.17ms
step:1241/1480 train_time:64772ms step_avg:52.19ms
step:1242/1480 train_time:64857ms step_avg:52.22ms
step:1243/1480 train_time:64936ms step_avg:52.24ms
step:1244/1480 train_time:65021ms step_avg:52.27ms
step:1245/1480 train_time:65100ms step_avg:52.29ms
step:1246/1480 train_time:65184ms step_avg:52.31ms
step:1247/1480 train_time:65262ms step_avg:52.34ms
step:1248/1480 train_time:65348ms step_avg:52.36ms
step:1249/1480 train_time:65426ms step_avg:52.38ms
step:1250/1480 train_time:65511ms step_avg:52.41ms
step:1250/1480 val_loss:3.3651 train_time:65601ms step_avg:52.48ms
step:1251/1480 train_time:65618ms step_avg:52.45ms
step:1252/1480 train_time:65681ms step_avg:52.46ms
step:1253/1480 train_time:65764ms step_avg:52.49ms
step:1254/1480 train_time:65848ms step_avg:52.51ms
step:1255/1480 train_time:65927ms step_avg:52.53ms
step:1256/1480 train_time:66011ms step_avg:52.56ms
step:1257/1480 train_time:66089ms step_avg:52.58ms
step:1258/1480 train_time:66172ms step_avg:52.60ms
step:1259/1480 train_time:66250ms step_avg:52.62ms
step:1260/1480 train_time:66333ms step_avg:52.65ms
step:1261/1480 train_time:66411ms step_avg:52.67ms
step:1262/1480 train_time:66495ms step_avg:52.69ms
step:1263/1480 train_time:66574ms step_avg:52.71ms
step:1264/1480 train_time:66660ms step_avg:52.74ms
step:1265/1480 train_time:66741ms step_avg:52.76ms
step:1266/1480 train_time:66828ms step_avg:52.79ms
step:1267/1480 train_time:66908ms step_avg:52.81ms
step:1268/1480 train_time:66992ms step_avg:52.83ms
step:1269/1480 train_time:67071ms step_avg:52.85ms
step:1270/1480 train_time:67155ms step_avg:52.88ms
step:1271/1480 train_time:67232ms step_avg:52.90ms
step:1272/1480 train_time:67316ms step_avg:52.92ms
step:1273/1480 train_time:67394ms step_avg:52.94ms
step:1274/1480 train_time:67478ms step_avg:52.97ms
step:1275/1480 train_time:67557ms step_avg:52.99ms
step:1276/1480 train_time:67641ms step_avg:53.01ms
step:1277/1480 train_time:67721ms step_avg:53.03ms
step:1278/1480 train_time:67807ms step_avg:53.06ms
step:1279/1480 train_time:67888ms step_avg:53.08ms
step:1280/1480 train_time:67972ms step_avg:53.10ms
step:1281/1480 train_time:68050ms step_avg:53.12ms
step:1282/1480 train_time:68134ms step_avg:53.15ms
step:1283/1480 train_time:68213ms step_avg:53.17ms
step:1284/1480 train_time:68298ms step_avg:53.19ms
step:1285/1480 train_time:68377ms step_avg:53.21ms
step:1286/1480 train_time:68461ms step_avg:53.24ms
step:1287/1480 train_time:68540ms step_avg:53.26ms
step:1288/1480 train_time:68624ms step_avg:53.28ms
step:1289/1480 train_time:68702ms step_avg:53.30ms
step:1290/1480 train_time:68789ms step_avg:53.33ms
step:1291/1480 train_time:68871ms step_avg:53.35ms
step:1292/1480 train_time:68955ms step_avg:53.37ms
step:1293/1480 train_time:69033ms step_avg:53.39ms
step:1294/1480 train_time:69118ms step_avg:53.41ms
step:1295/1480 train_time:69198ms step_avg:53.44ms
step:1296/1480 train_time:69282ms step_avg:53.46ms
step:1297/1480 train_time:69361ms step_avg:53.48ms
step:1298/1480 train_time:69444ms step_avg:53.50ms
step:1299/1480 train_time:69523ms step_avg:53.52ms
step:1300/1480 train_time:69609ms step_avg:53.55ms
step:1301/1480 train_time:69687ms step_avg:53.56ms
step:1302/1480 train_time:69773ms step_avg:53.59ms
step:1303/1480 train_time:69852ms step_avg:53.61ms
step:1304/1480 train_time:69936ms step_avg:53.63ms
step:1305/1480 train_time:70016ms step_avg:53.65ms
step:1306/1480 train_time:70100ms step_avg:53.68ms
step:1307/1480 train_time:70180ms step_avg:53.70ms
step:1308/1480 train_time:70265ms step_avg:53.72ms
step:1309/1480 train_time:70343ms step_avg:53.74ms
step:1310/1480 train_time:70428ms step_avg:53.76ms
step:1311/1480 train_time:70508ms step_avg:53.78ms
step:1312/1480 train_time:70592ms step_avg:53.80ms
step:1313/1480 train_time:70672ms step_avg:53.82ms
step:1314/1480 train_time:70757ms step_avg:53.85ms
step:1315/1480 train_time:70837ms step_avg:53.87ms
step:1316/1480 train_time:70920ms step_avg:53.89ms
step:1317/1480 train_time:71000ms step_avg:53.91ms
step:1318/1480 train_time:71085ms step_avg:53.93ms
step:1319/1480 train_time:71165ms step_avg:53.95ms
step:1320/1480 train_time:71250ms step_avg:53.98ms
step:1321/1480 train_time:71329ms step_avg:54.00ms
step:1322/1480 train_time:71413ms step_avg:54.02ms
step:1323/1480 train_time:71490ms step_avg:54.04ms
step:1324/1480 train_time:71576ms step_avg:54.06ms
step:1325/1480 train_time:71655ms step_avg:54.08ms
step:1326/1480 train_time:71740ms step_avg:54.10ms
step:1327/1480 train_time:71820ms step_avg:54.12ms
step:1328/1480 train_time:71904ms step_avg:54.14ms
step:1329/1480 train_time:71983ms step_avg:54.16ms
step:1330/1480 train_time:72069ms step_avg:54.19ms
step:1331/1480 train_time:72148ms step_avg:54.21ms
step:1332/1480 train_time:72231ms step_avg:54.23ms
step:1333/1480 train_time:72312ms step_avg:54.25ms
step:1334/1480 train_time:72395ms step_avg:54.27ms
step:1335/1480 train_time:72474ms step_avg:54.29ms
step:1336/1480 train_time:72558ms step_avg:54.31ms
step:1337/1480 train_time:72637ms step_avg:54.33ms
step:1338/1480 train_time:72720ms step_avg:54.35ms
step:1339/1480 train_time:72799ms step_avg:54.37ms
step:1340/1480 train_time:72883ms step_avg:54.39ms
step:1341/1480 train_time:72963ms step_avg:54.41ms
step:1342/1480 train_time:73048ms step_avg:54.43ms
step:1343/1480 train_time:73128ms step_avg:54.45ms
step:1344/1480 train_time:73211ms step_avg:54.47ms
step:1345/1480 train_time:73291ms step_avg:54.49ms
step:1346/1480 train_time:73377ms step_avg:54.51ms
step:1347/1480 train_time:73455ms step_avg:54.53ms
step:1348/1480 train_time:73539ms step_avg:54.55ms
step:1349/1480 train_time:73618ms step_avg:54.57ms
step:1350/1480 train_time:73702ms step_avg:54.59ms
step:1351/1480 train_time:73782ms step_avg:54.61ms
step:1352/1480 train_time:73867ms step_avg:54.64ms
step:1353/1480 train_time:73947ms step_avg:54.65ms
step:1354/1480 train_time:74030ms step_avg:54.68ms
step:1355/1480 train_time:74111ms step_avg:54.69ms
step:1356/1480 train_time:74195ms step_avg:54.72ms
step:1357/1480 train_time:74274ms step_avg:54.73ms
step:1358/1480 train_time:74359ms step_avg:54.76ms
step:1359/1480 train_time:74438ms step_avg:54.77ms
step:1360/1480 train_time:74523ms step_avg:54.80ms
step:1361/1480 train_time:74601ms step_avg:54.81ms
step:1362/1480 train_time:74685ms step_avg:54.83ms
step:1363/1480 train_time:74764ms step_avg:54.85ms
step:1364/1480 train_time:74848ms step_avg:54.87ms
step:1365/1480 train_time:74928ms step_avg:54.89ms
step:1366/1480 train_time:75012ms step_avg:54.91ms
step:1367/1480 train_time:75093ms step_avg:54.93ms
step:1368/1480 train_time:75177ms step_avg:54.95ms
step:1369/1480 train_time:75257ms step_avg:54.97ms
step:1370/1480 train_time:75341ms step_avg:54.99ms
step:1371/1480 train_time:75421ms step_avg:55.01ms
step:1372/1480 train_time:75506ms step_avg:55.03ms
step:1373/1480 train_time:75585ms step_avg:55.05ms
step:1374/1480 train_time:75670ms step_avg:55.07ms
step:1375/1480 train_time:75748ms step_avg:55.09ms
step:1376/1480 train_time:75831ms step_avg:55.11ms
step:1377/1480 train_time:75911ms step_avg:55.13ms
step:1378/1480 train_time:75994ms step_avg:55.15ms
step:1379/1480 train_time:76074ms step_avg:55.17ms
step:1380/1480 train_time:76159ms step_avg:55.19ms
step:1381/1480 train_time:76239ms step_avg:55.21ms
step:1382/1480 train_time:76324ms step_avg:55.23ms
step:1383/1480 train_time:76403ms step_avg:55.24ms
step:1384/1480 train_time:76488ms step_avg:55.27ms
step:1385/1480 train_time:76569ms step_avg:55.28ms
step:1386/1480 train_time:76653ms step_avg:55.30ms
step:1387/1480 train_time:76732ms step_avg:55.32ms
step:1388/1480 train_time:76817ms step_avg:55.34ms
step:1389/1480 train_time:76897ms step_avg:55.36ms
step:1390/1480 train_time:76980ms step_avg:55.38ms
step:1391/1480 train_time:77060ms step_avg:55.40ms
step:1392/1480 train_time:77144ms step_avg:55.42ms
step:1393/1480 train_time:77223ms step_avg:55.44ms
step:1394/1480 train_time:77309ms step_avg:55.46ms
step:1395/1480 train_time:77388ms step_avg:55.48ms
step:1396/1480 train_time:77474ms step_avg:55.50ms
step:1397/1480 train_time:77552ms step_avg:55.51ms
step:1398/1480 train_time:77636ms step_avg:55.53ms
step:1399/1480 train_time:77714ms step_avg:55.55ms
step:1400/1480 train_time:77799ms step_avg:55.57ms
step:1401/1480 train_time:77879ms step_avg:55.59ms
step:1402/1480 train_time:77965ms step_avg:55.61ms
step:1403/1480 train_time:78043ms step_avg:55.63ms
step:1404/1480 train_time:78127ms step_avg:55.65ms
step:1405/1480 train_time:78207ms step_avg:55.66ms
step:1406/1480 train_time:78292ms step_avg:55.68ms
step:1407/1480 train_time:78372ms step_avg:55.70ms
step:1408/1480 train_time:78456ms step_avg:55.72ms
step:1409/1480 train_time:78535ms step_avg:55.74ms
step:1410/1480 train_time:78619ms step_avg:55.76ms
step:1411/1480 train_time:78698ms step_avg:55.77ms
step:1412/1480 train_time:78782ms step_avg:55.79ms
step:1413/1480 train_time:78862ms step_avg:55.81ms
step:1414/1480 train_time:78946ms step_avg:55.83ms
step:1415/1480 train_time:79025ms step_avg:55.85ms
step:1416/1480 train_time:79109ms step_avg:55.87ms
step:1417/1480 train_time:79188ms step_avg:55.88ms
step:1418/1480 train_time:79273ms step_avg:55.91ms
step:1419/1480 train_time:79352ms step_avg:55.92ms
step:1420/1480 train_time:79436ms step_avg:55.94ms
step:1421/1480 train_time:79517ms step_avg:55.96ms
step:1422/1480 train_time:79601ms step_avg:55.98ms
step:1423/1480 train_time:79680ms step_avg:55.99ms
step:1424/1480 train_time:79764ms step_avg:56.01ms
step:1425/1480 train_time:79842ms step_avg:56.03ms
step:1426/1480 train_time:79927ms step_avg:56.05ms
step:1427/1480 train_time:80005ms step_avg:56.06ms
step:1428/1480 train_time:80091ms step_avg:56.09ms
step:1429/1480 train_time:80172ms step_avg:56.10ms
step:1430/1480 train_time:80256ms step_avg:56.12ms
step:1431/1480 train_time:80335ms step_avg:56.14ms
step:1432/1480 train_time:80419ms step_avg:56.16ms
step:1433/1480 train_time:80499ms step_avg:56.18ms
step:1434/1480 train_time:80583ms step_avg:56.19ms
step:1435/1480 train_time:80663ms step_avg:56.21ms
step:1436/1480 train_time:80747ms step_avg:56.23ms
step:1437/1480 train_time:80825ms step_avg:56.25ms
step:1438/1480 train_time:80910ms step_avg:56.27ms
step:1439/1480 train_time:80990ms step_avg:56.28ms
step:1440/1480 train_time:81075ms step_avg:56.30ms
step:1441/1480 train_time:81154ms step_avg:56.32ms
step:1442/1480 train_time:81243ms step_avg:56.34ms
step:1443/1480 train_time:81325ms step_avg:56.36ms
step:1444/1480 train_time:81409ms step_avg:56.38ms
step:1445/1480 train_time:81489ms step_avg:56.39ms
step:1446/1480 train_time:81574ms step_avg:56.41ms
step:1447/1480 train_time:81653ms step_avg:56.43ms
step:1448/1480 train_time:81737ms step_avg:56.45ms
step:1449/1480 train_time:81817ms step_avg:56.46ms
step:1450/1480 train_time:81901ms step_avg:56.48ms
step:1451/1480 train_time:81981ms step_avg:56.50ms
step:1452/1480 train_time:82066ms step_avg:56.52ms
step:1453/1480 train_time:82146ms step_avg:56.54ms
step:1454/1480 train_time:82231ms step_avg:56.56ms
step:1455/1480 train_time:82311ms step_avg:56.57ms
step:1456/1480 train_time:82396ms step_avg:56.59ms
step:1457/1480 train_time:82477ms step_avg:56.61ms
step:1458/1480 train_time:82562ms step_avg:56.63ms
step:1459/1480 train_time:82640ms step_avg:56.64ms
step:1460/1480 train_time:82725ms step_avg:56.66ms
step:1461/1480 train_time:82804ms step_avg:56.68ms
step:1462/1480 train_time:82890ms step_avg:56.70ms
step:1463/1480 train_time:82971ms step_avg:56.71ms
step:1464/1480 train_time:83056ms step_avg:56.73ms
step:1465/1480 train_time:83135ms step_avg:56.75ms
step:1466/1480 train_time:83220ms step_avg:56.77ms
step:1467/1480 train_time:83299ms step_avg:56.78ms
step:1468/1480 train_time:83384ms step_avg:56.80ms
step:1469/1480 train_time:83463ms step_avg:56.82ms
step:1470/1480 train_time:83548ms step_avg:56.84ms
step:1471/1480 train_time:83625ms step_avg:56.85ms
step:1472/1480 train_time:83711ms step_avg:56.87ms
step:1473/1480 train_time:83791ms step_avg:56.88ms
step:1474/1480 train_time:83876ms step_avg:56.90ms
step:1475/1480 train_time:83956ms step_avg:56.92ms
step:1476/1480 train_time:84041ms step_avg:56.94ms
step:1477/1480 train_time:84122ms step_avg:56.95ms
step:1478/1480 train_time:84206ms step_avg:56.97ms
step:1479/1480 train_time:84285ms step_avg:56.99ms
step:1480/1480 train_time:84371ms step_avg:57.01ms
step:1480/1480 val_loss:3.2758 train_time:84461ms step_avg:57.07ms
peak memory allocated: 31347 MiB reserved: 46068 MiB
