W0420 01:30:03.502000 86192 torch/distributed/run.py:852] 
W0420 01:30:03.502000 86192 torch/distributed/run.py:852] *****************************************
W0420 01:30:03.502000 86192 torch/distributed/run.py:852] Setting OMP_NUM_THREADS environment variable for each process to be 1 in default, to avoid your system being overloaded, please further tune the variable for optimal performance in your application as needed. 
W0420 01:30:03.502000 86192 torch/distributed/run.py:852] *****************************************
[Gloo] Rank 0 is connected to 7 peer ranks. Expected number of connected peer ranks is : 7
[Gloo] Rank [Gloo] Rank [Gloo] Rank [Gloo] Rank 5713 is connected to  is connected to  is connected to  is connected to [Gloo] Rank 7 peer ranks. 7774Expected number of connected peer ranks is :  peer ranks.  peer ranks.  peer ranks.  is connected to 7[Gloo] Rank Expected number of connected peer ranks is : Expected number of connected peer ranks is : Expected number of connected peer ranks is : 7
2777 peer ranks.  is connected to 
[Gloo] Rank 

Expected number of connected peer ranks is : 767 peer ranks.  is connected to 
Expected number of connected peer ranks is : 77 peer ranks. 
Expected number of connected peer ranks is : 7
Warning: You are sending unauthenticated requests to the HF Hub. Please set a HF_TOKEN to enable higher rate limits and faster downloads.
Warning: You are sending unauthenticated requests to the HF Hub. Please set a HF_TOKEN to enable higher rate limits and faster downloads.
Warning: You are sending unauthenticated requests to the HF Hub. Please set a HF_TOKEN to enable higher rate limits and faster downloads.
Warning: You are sending unauthenticated requests to the HF Hub. Please set a HF_TOKEN to enable higher rate limits and faster downloads.
Fetching 4 files:   0%|          | 0/4 [00:00<?, ?it/s]Fetching 4 files: 100%|██████████| 4/4 [00:00<00:00, 100462.37it/s]
Fetching 4 files:   0%|          | 0/4 [00:00<?, ?it/s]Fetching 4 files: 100%|██████████| 4/4 [00:00<00:00, 89717.73it/s]
Fetching 4 files:   0%|          | 0/4 [00:00<?, ?it/s]Fetching 4 files: 100%|██████████| 4/4 [00:00<00:00, 98112.37it/s]
Fetching 4 files:   0%|          | 0/4 [00:00<?, ?it/s]Fetching 4 files: 100%|██████████| 4/4 [00:00<00:00, 95325.09it/s]
Fetching 4 files:   0%|          | 0/4 [00:00<?, ?it/s]Fetching 4 files: 100%|██████████| 4/4 [00:00<00:00, 98689.51it/s]
Fetching 4 files:   0%|          | 0/4 [00:00<?, ?it/s]Fetching 4 files: 100%|██████████| 4/4 [00:00<00:00, 86928.58it/s]
Fetching 4 files:   0%|          | 0/4 [00:00<?, ?it/s]Fetching 4 files: 100%|██████████| 4/4 [00:00<00:00, 101067.57it/s]
Fetching 4 files:   0%|          | 0/4 [00:00<?, ?it/s]Fetching 4 files: 100%|██████████| 4/4 [00:00<00:00, 56488.94it/s]
logs/deda44f4-0cd9-4c61-9170-0889ea06c0c7.txt
Compiling model and warming up kernels (~7 minutes on first execution)
Sampling steps [0, 1, 478, 479, 480, 481, 958, 959, 960, 961, 1438, 1439, 1440, 1441] for warmup
Resetting Model
step:0/1480 val_loss:10.8304 train_time:0ms step_avg:0.03ms
step:1/1480 train_time:65ms step_avg:64.56ms
step:2/1480 train_time:85ms step_avg:42.38ms
step:3/1480 train_time:103ms step_avg:34.38ms
step:4/1480 train_time:138ms step_avg:34.38ms
step:5/1480 train_time:165ms step_avg:32.93ms
step:6/1480 train_time:199ms step_avg:33.15ms
step:7/1480 train_time:227ms step_avg:32.37ms
step:8/1480 train_time:261ms step_avg:32.60ms
step:9/1480 train_time:288ms step_avg:32.06ms
step:10/1480 train_time:322ms step_avg:32.24ms
step:11/1480 train_time:350ms step_avg:31.83ms
step:12/1480 train_time:384ms step_avg:32.01ms
step:13/1480 train_time:412ms step_avg:31.69ms
step:14/1480 train_time:446ms step_avg:31.88ms
step:15/1480 train_time:474ms step_avg:31.61ms
step:16/1480 train_time:508ms step_avg:31.77ms
step:17/1480 train_time:536ms step_avg:31.54ms
step:18/1480 train_time:570ms step_avg:31.69ms
step:19/1480 train_time:598ms step_avg:31.49ms
step:20/1480 train_time:633ms step_avg:31.63ms
step:21/1480 train_time:660ms step_avg:31.44ms
step:22/1480 train_time:694ms step_avg:31.55ms
step:23/1480 train_time:722ms step_avg:31.39ms
step:24/1480 train_time:756ms step_avg:31.49ms
step:25/1480 train_time:784ms step_avg:31.35ms
step:26/1480 train_time:818ms step_avg:31.45ms
step:27/1480 train_time:846ms step_avg:31.34ms
step:28/1480 train_time:880ms step_avg:31.43ms
step:29/1480 train_time:908ms step_avg:31.32ms
step:30/1480 train_time:942ms step_avg:31.40ms
step:31/1480 train_time:970ms step_avg:31.29ms
step:32/1480 train_time:1004ms step_avg:31.39ms
step:33/1480 train_time:1033ms step_avg:31.29ms
step:34/1480 train_time:1067ms step_avg:31.39ms
step:35/1480 train_time:1095ms step_avg:31.29ms
step:36/1480 train_time:1130ms step_avg:31.38ms
step:37/1480 train_time:1157ms step_avg:31.28ms
step:38/1480 train_time:1192ms step_avg:31.37ms
step:39/1480 train_time:1220ms step_avg:31.27ms
step:40/1480 train_time:1254ms step_avg:31.34ms
step:41/1480 train_time:1282ms step_avg:31.26ms
step:42/1480 train_time:1316ms step_avg:31.33ms
step:43/1480 train_time:1344ms step_avg:31.26ms
step:44/1480 train_time:1378ms step_avg:31.33ms
step:45/1480 train_time:1407ms step_avg:31.26ms
step:46/1480 train_time:1441ms step_avg:31.32ms
step:47/1480 train_time:1469ms step_avg:31.25ms
step:48/1480 train_time:1503ms step_avg:31.30ms
step:49/1480 train_time:1531ms step_avg:31.24ms
step:50/1480 train_time:1565ms step_avg:31.29ms
step:51/1480 train_time:1593ms step_avg:31.23ms
step:52/1480 train_time:1627ms step_avg:31.28ms
step:53/1480 train_time:1654ms step_avg:31.22ms
step:54/1480 train_time:1689ms step_avg:31.27ms
step:55/1480 train_time:1716ms step_avg:31.21ms
step:56/1480 train_time:1751ms step_avg:31.26ms
step:57/1480 train_time:1778ms step_avg:31.20ms
step:58/1480 train_time:1812ms step_avg:31.25ms
step:59/1480 train_time:1840ms step_avg:31.19ms
step:60/1480 train_time:1874ms step_avg:31.24ms
step:61/1480 train_time:1902ms step_avg:31.19ms
step:62/1480 train_time:1936ms step_avg:31.23ms
step:63/1480 train_time:1965ms step_avg:31.19ms
step:64/1480 train_time:1998ms step_avg:31.23ms
step:65/1480 train_time:2027ms step_avg:31.18ms
step:66/1480 train_time:2060ms step_avg:31.22ms
step:67/1480 train_time:2089ms step_avg:31.18ms
step:68/1480 train_time:2123ms step_avg:31.22ms
step:69/1480 train_time:2151ms step_avg:31.17ms
step:70/1480 train_time:2185ms step_avg:31.21ms
step:71/1480 train_time:2213ms step_avg:31.17ms
step:72/1480 train_time:2247ms step_avg:31.21ms
step:73/1480 train_time:2275ms step_avg:31.16ms
step:74/1480 train_time:2309ms step_avg:31.20ms
step:75/1480 train_time:2337ms step_avg:31.16ms
step:76/1480 train_time:2371ms step_avg:31.20ms
step:77/1480 train_time:2399ms step_avg:31.15ms
step:78/1480 train_time:2433ms step_avg:31.19ms
step:79/1480 train_time:2461ms step_avg:31.15ms
step:80/1480 train_time:2495ms step_avg:31.18ms
step:81/1480 train_time:2523ms step_avg:31.14ms
step:82/1480 train_time:2557ms step_avg:31.18ms
step:83/1480 train_time:2585ms step_avg:31.14ms
step:84/1480 train_time:2619ms step_avg:31.18ms
step:85/1480 train_time:2647ms step_avg:31.15ms
step:86/1480 train_time:2681ms step_avg:31.18ms
step:87/1480 train_time:2709ms step_avg:31.14ms
step:88/1480 train_time:2744ms step_avg:31.18ms
step:89/1480 train_time:2772ms step_avg:31.14ms
step:90/1480 train_time:2806ms step_avg:31.17ms
step:91/1480 train_time:2833ms step_avg:31.14ms
step:92/1480 train_time:2867ms step_avg:31.17ms
step:93/1480 train_time:2895ms step_avg:31.13ms
step:94/1480 train_time:2929ms step_avg:31.16ms
step:95/1480 train_time:2957ms step_avg:31.12ms
step:96/1480 train_time:2991ms step_avg:31.16ms
step:97/1480 train_time:3019ms step_avg:31.12ms
step:98/1480 train_time:3053ms step_avg:31.15ms
step:99/1480 train_time:3080ms step_avg:31.12ms
step:100/1480 train_time:3114ms step_avg:31.14ms
step:101/1480 train_time:3142ms step_avg:31.11ms
step:102/1480 train_time:3176ms step_avg:31.14ms
step:103/1480 train_time:3205ms step_avg:31.11ms
step:104/1480 train_time:3238ms step_avg:31.14ms
step:105/1480 train_time:3267ms step_avg:31.11ms
step:106/1480 train_time:3300ms step_avg:31.13ms
step:107/1480 train_time:3329ms step_avg:31.11ms
step:108/1480 train_time:3362ms step_avg:31.13ms
step:109/1480 train_time:3390ms step_avg:31.10ms
step:110/1480 train_time:3424ms step_avg:31.13ms
step:111/1480 train_time:3452ms step_avg:31.10ms
step:112/1480 train_time:3486ms step_avg:31.12ms
step:113/1480 train_time:3514ms step_avg:31.09ms
step:114/1480 train_time:3548ms step_avg:31.12ms
step:115/1480 train_time:3575ms step_avg:31.09ms
step:116/1480 train_time:3610ms step_avg:31.12ms
step:117/1480 train_time:3638ms step_avg:31.09ms
step:118/1480 train_time:3672ms step_avg:31.12ms
step:119/1480 train_time:3700ms step_avg:31.09ms
step:120/1480 train_time:3733ms step_avg:31.11ms
step:121/1480 train_time:3761ms step_avg:31.09ms
step:122/1480 train_time:3795ms step_avg:31.11ms
step:123/1480 train_time:3823ms step_avg:31.08ms
step:124/1480 train_time:3857ms step_avg:31.11ms
step:125/1480 train_time:3885ms step_avg:31.08ms
step:126/1480 train_time:3919ms step_avg:31.10ms
step:127/1480 train_time:3948ms step_avg:31.08ms
step:128/1480 train_time:3981ms step_avg:31.10ms
step:129/1480 train_time:4010ms step_avg:31.08ms
step:130/1480 train_time:4044ms step_avg:31.10ms
step:131/1480 train_time:4071ms step_avg:31.08ms
step:132/1480 train_time:4105ms step_avg:31.10ms
step:133/1480 train_time:4133ms step_avg:31.08ms
step:134/1480 train_time:4167ms step_avg:31.10ms
step:135/1480 train_time:4195ms step_avg:31.08ms
step:136/1480 train_time:4230ms step_avg:31.10ms
step:137/1480 train_time:4258ms step_avg:31.08ms
step:138/1480 train_time:4292ms step_avg:31.10ms
step:139/1480 train_time:4319ms step_avg:31.08ms
step:140/1480 train_time:4354ms step_avg:31.10ms
step:141/1480 train_time:4381ms step_avg:31.07ms
step:142/1480 train_time:4416ms step_avg:31.10ms
step:143/1480 train_time:4444ms step_avg:31.08ms
step:144/1480 train_time:4478ms step_avg:31.10ms
step:145/1480 train_time:4507ms step_avg:31.08ms
step:146/1480 train_time:4540ms step_avg:31.10ms
step:147/1480 train_time:4569ms step_avg:31.08ms
step:148/1480 train_time:4603ms step_avg:31.10ms
step:149/1480 train_time:4631ms step_avg:31.08ms
step:150/1480 train_time:4664ms step_avg:31.10ms
step:151/1480 train_time:4692ms step_avg:31.07ms
step:152/1480 train_time:4726ms step_avg:31.09ms
step:153/1480 train_time:4754ms step_avg:31.07ms
step:154/1480 train_time:4788ms step_avg:31.09ms
step:155/1480 train_time:4816ms step_avg:31.07ms
step:156/1480 train_time:4850ms step_avg:31.09ms
step:157/1480 train_time:4878ms step_avg:31.07ms
step:158/1480 train_time:4912ms step_avg:31.09ms
step:159/1480 train_time:4940ms step_avg:31.07ms
step:160/1480 train_time:4974ms step_avg:31.09ms
step:161/1480 train_time:5001ms step_avg:31.06ms
step:162/1480 train_time:5036ms step_avg:31.08ms
step:163/1480 train_time:5064ms step_avg:31.07ms
step:164/1480 train_time:5097ms step_avg:31.08ms
step:165/1480 train_time:5126ms step_avg:31.06ms
step:166/1480 train_time:5159ms step_avg:31.08ms
step:167/1480 train_time:5187ms step_avg:31.06ms
step:168/1480 train_time:5221ms step_avg:31.08ms
step:169/1480 train_time:5250ms step_avg:31.06ms
step:170/1480 train_time:5283ms step_avg:31.08ms
step:171/1480 train_time:5312ms step_avg:31.06ms
step:172/1480 train_time:5345ms step_avg:31.08ms
step:173/1480 train_time:5373ms step_avg:31.06ms
step:174/1480 train_time:5407ms step_avg:31.08ms
step:175/1480 train_time:5435ms step_avg:31.06ms
step:176/1480 train_time:5470ms step_avg:31.08ms
step:177/1480 train_time:5498ms step_avg:31.06ms
step:178/1480 train_time:5532ms step_avg:31.08ms
step:179/1480 train_time:5560ms step_avg:31.06ms
step:180/1480 train_time:5593ms step_avg:31.07ms
step:181/1480 train_time:5621ms step_avg:31.06ms
step:182/1480 train_time:5655ms step_avg:31.07ms
step:183/1480 train_time:5684ms step_avg:31.06ms
step:184/1480 train_time:5717ms step_avg:31.07ms
step:185/1480 train_time:5746ms step_avg:31.06ms
step:186/1480 train_time:5780ms step_avg:31.07ms
step:187/1480 train_time:5808ms step_avg:31.06ms
step:188/1480 train_time:5842ms step_avg:31.07ms
step:189/1480 train_time:5870ms step_avg:31.06ms
step:190/1480 train_time:5904ms step_avg:31.07ms
step:191/1480 train_time:5932ms step_avg:31.06ms
step:192/1480 train_time:5966ms step_avg:31.07ms
step:193/1480 train_time:5993ms step_avg:31.05ms
step:194/1480 train_time:6028ms step_avg:31.07ms
step:195/1480 train_time:6055ms step_avg:31.05ms
step:196/1480 train_time:6090ms step_avg:31.07ms
step:197/1480 train_time:6117ms step_avg:31.05ms
step:198/1480 train_time:6152ms step_avg:31.07ms
step:199/1480 train_time:6179ms step_avg:31.05ms
step:200/1480 train_time:6213ms step_avg:31.06ms
step:201/1480 train_time:6241ms step_avg:31.05ms
step:202/1480 train_time:6275ms step_avg:31.06ms
step:203/1480 train_time:6303ms step_avg:31.05ms
step:204/1480 train_time:6337ms step_avg:31.06ms
step:205/1480 train_time:6365ms step_avg:31.05ms
step:206/1480 train_time:6399ms step_avg:31.06ms
step:207/1480 train_time:6427ms step_avg:31.05ms
step:208/1480 train_time:6461ms step_avg:31.06ms
step:209/1480 train_time:6489ms step_avg:31.05ms
step:210/1480 train_time:6523ms step_avg:31.06ms
step:211/1480 train_time:6551ms step_avg:31.05ms
step:212/1480 train_time:6585ms step_avg:31.06ms
step:213/1480 train_time:6613ms step_avg:31.05ms
step:214/1480 train_time:6647ms step_avg:31.06ms
step:215/1480 train_time:6675ms step_avg:31.05ms
step:216/1480 train_time:6710ms step_avg:31.06ms
step:217/1480 train_time:6738ms step_avg:31.05ms
step:218/1480 train_time:6772ms step_avg:31.06ms
step:219/1480 train_time:6800ms step_avg:31.05ms
step:220/1480 train_time:6834ms step_avg:31.06ms
step:221/1480 train_time:6861ms step_avg:31.05ms
step:222/1480 train_time:6895ms step_avg:31.06ms
step:223/1480 train_time:6923ms step_avg:31.05ms
step:224/1480 train_time:6957ms step_avg:31.06ms
step:225/1480 train_time:6985ms step_avg:31.04ms
step:226/1480 train_time:7019ms step_avg:31.06ms
step:227/1480 train_time:7047ms step_avg:31.04ms
step:228/1480 train_time:7081ms step_avg:31.06ms
step:229/1480 train_time:7109ms step_avg:31.04ms
step:230/1480 train_time:7142ms step_avg:31.05ms
step:231/1480 train_time:7170ms step_avg:31.04ms
step:232/1480 train_time:7204ms step_avg:31.05ms
step:233/1480 train_time:7232ms step_avg:31.04ms
step:234/1480 train_time:7266ms step_avg:31.05ms
step:235/1480 train_time:7294ms step_avg:31.04ms
step:236/1480 train_time:7328ms step_avg:31.05ms
step:237/1480 train_time:7356ms step_avg:31.04ms
step:238/1480 train_time:7390ms step_avg:31.05ms
step:239/1480 train_time:7418ms step_avg:31.04ms
step:240/1480 train_time:7452ms step_avg:31.05ms
step:241/1480 train_time:7479ms step_avg:31.03ms
step:242/1480 train_time:7513ms step_avg:31.05ms
step:243/1480 train_time:7541ms step_avg:31.03ms
step:244/1480 train_time:7575ms step_avg:31.05ms
step:245/1480 train_time:7603ms step_avg:31.03ms
step:246/1480 train_time:7637ms step_avg:31.04ms
step:247/1480 train_time:7665ms step_avg:31.03ms
step:248/1480 train_time:7699ms step_avg:31.04ms
step:249/1480 train_time:7728ms step_avg:31.03ms
step:250/1480 train_time:7762ms step_avg:31.05ms
step:250/1480 val_loss:4.4942 train_time:7799ms step_avg:31.20ms
step:251/1480 train_time:7814ms step_avg:31.13ms
step:252/1480 train_time:7831ms step_avg:31.07ms
step:253/1480 train_time:7855ms step_avg:31.05ms
step:254/1480 train_time:7889ms step_avg:31.06ms
step:255/1480 train_time:7919ms step_avg:31.06ms
step:256/1480 train_time:7953ms step_avg:31.07ms
step:257/1480 train_time:7981ms step_avg:31.06ms
step:258/1480 train_time:8015ms step_avg:31.07ms
step:259/1480 train_time:8043ms step_avg:31.05ms
step:260/1480 train_time:8077ms step_avg:31.07ms
step:261/1480 train_time:8105ms step_avg:31.05ms
step:262/1480 train_time:8139ms step_avg:31.07ms
step:263/1480 train_time:8167ms step_avg:31.05ms
step:264/1480 train_time:8201ms step_avg:31.06ms
step:265/1480 train_time:8228ms step_avg:31.05ms
step:266/1480 train_time:8262ms step_avg:31.06ms
step:267/1480 train_time:8290ms step_avg:31.05ms
step:268/1480 train_time:8324ms step_avg:31.06ms
step:269/1480 train_time:8352ms step_avg:31.05ms
step:270/1480 train_time:8386ms step_avg:31.06ms
step:271/1480 train_time:8413ms step_avg:31.05ms
step:272/1480 train_time:8447ms step_avg:31.06ms
step:273/1480 train_time:8475ms step_avg:31.04ms
step:274/1480 train_time:8509ms step_avg:31.05ms
step:275/1480 train_time:8537ms step_avg:31.04ms
step:276/1480 train_time:8570ms step_avg:31.05ms
step:277/1480 train_time:8598ms step_avg:31.04ms
step:278/1480 train_time:8632ms step_avg:31.05ms
step:279/1480 train_time:8660ms step_avg:31.04ms
step:280/1480 train_time:8694ms step_avg:31.05ms
step:281/1480 train_time:8722ms step_avg:31.04ms
step:282/1480 train_time:8756ms step_avg:31.05ms
step:283/1480 train_time:8784ms step_avg:31.04ms
step:284/1480 train_time:8818ms step_avg:31.05ms
step:285/1480 train_time:8846ms step_avg:31.04ms
step:286/1480 train_time:8880ms step_avg:31.05ms
step:287/1480 train_time:8908ms step_avg:31.04ms
step:288/1480 train_time:8942ms step_avg:31.05ms
step:289/1480 train_time:8970ms step_avg:31.04ms
step:290/1480 train_time:9004ms step_avg:31.05ms
step:291/1480 train_time:9033ms step_avg:31.04ms
step:292/1480 train_time:9067ms step_avg:31.05ms
step:293/1480 train_time:9095ms step_avg:31.04ms
step:294/1480 train_time:9129ms step_avg:31.05ms
step:295/1480 train_time:9158ms step_avg:31.04ms
step:296/1480 train_time:9191ms step_avg:31.05ms
step:297/1480 train_time:9219ms step_avg:31.04ms
step:298/1480 train_time:9253ms step_avg:31.05ms
step:299/1480 train_time:9281ms step_avg:31.04ms
step:300/1480 train_time:9315ms step_avg:31.05ms
step:301/1480 train_time:9343ms step_avg:31.04ms
step:302/1480 train_time:9377ms step_avg:31.05ms
step:303/1480 train_time:9404ms step_avg:31.04ms
step:304/1480 train_time:9438ms step_avg:31.05ms
step:305/1480 train_time:9466ms step_avg:31.04ms
step:306/1480 train_time:9500ms step_avg:31.05ms
step:307/1480 train_time:9527ms step_avg:31.03ms
step:308/1480 train_time:9561ms step_avg:31.04ms
step:309/1480 train_time:9589ms step_avg:31.03ms
step:310/1480 train_time:9623ms step_avg:31.04ms
step:311/1480 train_time:9652ms step_avg:31.03ms
step:312/1480 train_time:9685ms step_avg:31.04ms
step:313/1480 train_time:9714ms step_avg:31.03ms
step:314/1480 train_time:9747ms step_avg:31.04ms
step:315/1480 train_time:9775ms step_avg:31.03ms
step:316/1480 train_time:9809ms step_avg:31.04ms
step:317/1480 train_time:9837ms step_avg:31.03ms
step:318/1480 train_time:9871ms step_avg:31.04ms
step:319/1480 train_time:9899ms step_avg:31.03ms
step:320/1480 train_time:9933ms step_avg:31.04ms
step:321/1480 train_time:9961ms step_avg:31.03ms
step:322/1480 train_time:9995ms step_avg:31.04ms
step:323/1480 train_time:10023ms step_avg:31.03ms
step:324/1480 train_time:10057ms step_avg:31.04ms
step:325/1480 train_time:10085ms step_avg:31.03ms
step:326/1480 train_time:10120ms step_avg:31.04ms
step:327/1480 train_time:10147ms step_avg:31.03ms
step:328/1480 train_time:10181ms step_avg:31.04ms
step:329/1480 train_time:10209ms step_avg:31.03ms
step:330/1480 train_time:10243ms step_avg:31.04ms
step:331/1480 train_time:10271ms step_avg:31.03ms
step:332/1480 train_time:10305ms step_avg:31.04ms
step:333/1480 train_time:10333ms step_avg:31.03ms
step:334/1480 train_time:10367ms step_avg:31.04ms
step:335/1480 train_time:10395ms step_avg:31.03ms
step:336/1480 train_time:10429ms step_avg:31.04ms
step:337/1480 train_time:10457ms step_avg:31.03ms
step:338/1480 train_time:10491ms step_avg:31.04ms
step:339/1480 train_time:10518ms step_avg:31.03ms
step:340/1480 train_time:10552ms step_avg:31.04ms
step:341/1480 train_time:10580ms step_avg:31.03ms
step:342/1480 train_time:10614ms step_avg:31.04ms
step:343/1480 train_time:10642ms step_avg:31.03ms
step:344/1480 train_time:10676ms step_avg:31.03ms
step:345/1480 train_time:10703ms step_avg:31.02ms
step:346/1480 train_time:10737ms step_avg:31.03ms
step:347/1480 train_time:10765ms step_avg:31.02ms
step:348/1480 train_time:10799ms step_avg:31.03ms
step:349/1480 train_time:10827ms step_avg:31.02ms
step:350/1480 train_time:10861ms step_avg:31.03ms
step:351/1480 train_time:10889ms step_avg:31.02ms
step:352/1480 train_time:10923ms step_avg:31.03ms
step:353/1480 train_time:10951ms step_avg:31.02ms
step:354/1480 train_time:10985ms step_avg:31.03ms
step:355/1480 train_time:11013ms step_avg:31.02ms
step:356/1480 train_time:11047ms step_avg:31.03ms
step:357/1480 train_time:11075ms step_avg:31.02ms
step:358/1480 train_time:11108ms step_avg:31.03ms
step:359/1480 train_time:11136ms step_avg:31.02ms
step:360/1480 train_time:11170ms step_avg:31.03ms
step:361/1480 train_time:11198ms step_avg:31.02ms
step:362/1480 train_time:11232ms step_avg:31.03ms
step:363/1480 train_time:11260ms step_avg:31.02ms
step:364/1480 train_time:11294ms step_avg:31.03ms
step:365/1480 train_time:11322ms step_avg:31.02ms
step:366/1480 train_time:11356ms step_avg:31.03ms
step:367/1480 train_time:11384ms step_avg:31.02ms
step:368/1480 train_time:11419ms step_avg:31.03ms
step:369/1480 train_time:11446ms step_avg:31.02ms
step:370/1480 train_time:11480ms step_avg:31.03ms
step:371/1480 train_time:11508ms step_avg:31.02ms
step:372/1480 train_time:11542ms step_avg:31.03ms
step:373/1480 train_time:11569ms step_avg:31.02ms
step:374/1480 train_time:11603ms step_avg:31.03ms
step:375/1480 train_time:11632ms step_avg:31.02ms
step:376/1480 train_time:11665ms step_avg:31.02ms
step:377/1480 train_time:11693ms step_avg:31.02ms
step:378/1480 train_time:11727ms step_avg:31.02ms
step:379/1480 train_time:11756ms step_avg:31.02ms
step:380/1480 train_time:11789ms step_avg:31.02ms
step:381/1480 train_time:11818ms step_avg:31.02ms
step:382/1480 train_time:11852ms step_avg:31.02ms
step:383/1480 train_time:11879ms step_avg:31.02ms
step:384/1480 train_time:11913ms step_avg:31.02ms
step:385/1480 train_time:11941ms step_avg:31.02ms
step:386/1480 train_time:11975ms step_avg:31.02ms
step:387/1480 train_time:12003ms step_avg:31.02ms
step:388/1480 train_time:12037ms step_avg:31.02ms
step:389/1480 train_time:12065ms step_avg:31.02ms
step:390/1480 train_time:12099ms step_avg:31.02ms
step:391/1480 train_time:12127ms step_avg:31.01ms
step:392/1480 train_time:12161ms step_avg:31.02ms
step:393/1480 train_time:12189ms step_avg:31.01ms
step:394/1480 train_time:12223ms step_avg:31.02ms
step:395/1480 train_time:12252ms step_avg:31.02ms
step:396/1480 train_time:12286ms step_avg:31.02ms
step:397/1480 train_time:12314ms step_avg:31.02ms
step:398/1480 train_time:12347ms step_avg:31.02ms
step:399/1480 train_time:12375ms step_avg:31.02ms
step:400/1480 train_time:12409ms step_avg:31.02ms
step:401/1480 train_time:12437ms step_avg:31.02ms
step:402/1480 train_time:12471ms step_avg:31.02ms
step:403/1480 train_time:12499ms step_avg:31.01ms
step:404/1480 train_time:12533ms step_avg:31.02ms
step:405/1480 train_time:12560ms step_avg:31.01ms
step:406/1480 train_time:12594ms step_avg:31.02ms
step:407/1480 train_time:12622ms step_avg:31.01ms
step:408/1480 train_time:12657ms step_avg:31.02ms
step:409/1480 train_time:12684ms step_avg:31.01ms
step:410/1480 train_time:12719ms step_avg:31.02ms
step:411/1480 train_time:12747ms step_avg:31.01ms
step:412/1480 train_time:12781ms step_avg:31.02ms
step:413/1480 train_time:12808ms step_avg:31.01ms
step:414/1480 train_time:12842ms step_avg:31.02ms
step:415/1480 train_time:12870ms step_avg:31.01ms
step:416/1480 train_time:12904ms step_avg:31.02ms
step:417/1480 train_time:12932ms step_avg:31.01ms
step:418/1480 train_time:12966ms step_avg:31.02ms
step:419/1480 train_time:12994ms step_avg:31.01ms
step:420/1480 train_time:13028ms step_avg:31.02ms
step:421/1480 train_time:13056ms step_avg:31.01ms
step:422/1480 train_time:13090ms step_avg:31.02ms
step:423/1480 train_time:13118ms step_avg:31.01ms
step:424/1480 train_time:13152ms step_avg:31.02ms
step:425/1480 train_time:13180ms step_avg:31.01ms
step:426/1480 train_time:13214ms step_avg:31.02ms
step:427/1480 train_time:13242ms step_avg:31.01ms
step:428/1480 train_time:13276ms step_avg:31.02ms
step:429/1480 train_time:13304ms step_avg:31.01ms
step:430/1480 train_time:13338ms step_avg:31.02ms
step:431/1480 train_time:13366ms step_avg:31.01ms
step:432/1480 train_time:13399ms step_avg:31.02ms
step:433/1480 train_time:13427ms step_avg:31.01ms
step:434/1480 train_time:13461ms step_avg:31.02ms
step:435/1480 train_time:13489ms step_avg:31.01ms
step:436/1480 train_time:13524ms step_avg:31.02ms
step:437/1480 train_time:13551ms step_avg:31.01ms
step:438/1480 train_time:13585ms step_avg:31.02ms
step:439/1480 train_time:13613ms step_avg:31.01ms
step:440/1480 train_time:13647ms step_avg:31.02ms
step:441/1480 train_time:13675ms step_avg:31.01ms
step:442/1480 train_time:13709ms step_avg:31.02ms
step:443/1480 train_time:13737ms step_avg:31.01ms
step:444/1480 train_time:13771ms step_avg:31.02ms
step:445/1480 train_time:13799ms step_avg:31.01ms
step:446/1480 train_time:13833ms step_avg:31.02ms
step:447/1480 train_time:13861ms step_avg:31.01ms
step:448/1480 train_time:13895ms step_avg:31.01ms
step:449/1480 train_time:13923ms step_avg:31.01ms
step:450/1480 train_time:13957ms step_avg:31.01ms
step:451/1480 train_time:13984ms step_avg:31.01ms
step:452/1480 train_time:14019ms step_avg:31.01ms
step:453/1480 train_time:14046ms step_avg:31.01ms
step:454/1480 train_time:14080ms step_avg:31.01ms
step:455/1480 train_time:14108ms step_avg:31.01ms
step:456/1480 train_time:14142ms step_avg:31.01ms
step:457/1480 train_time:14170ms step_avg:31.01ms
step:458/1480 train_time:14204ms step_avg:31.01ms
step:459/1480 train_time:14232ms step_avg:31.01ms
step:460/1480 train_time:14266ms step_avg:31.01ms
step:461/1480 train_time:14294ms step_avg:31.01ms
step:462/1480 train_time:14328ms step_avg:31.01ms
step:463/1480 train_time:14356ms step_avg:31.01ms
step:464/1480 train_time:14390ms step_avg:31.01ms
step:465/1480 train_time:14418ms step_avg:31.01ms
step:466/1480 train_time:14452ms step_avg:31.01ms
step:467/1480 train_time:14480ms step_avg:31.01ms
step:468/1480 train_time:14514ms step_avg:31.01ms
step:469/1480 train_time:14542ms step_avg:31.01ms
step:470/1480 train_time:14576ms step_avg:31.01ms
step:471/1480 train_time:14604ms step_avg:31.01ms
step:472/1480 train_time:14638ms step_avg:31.01ms
step:473/1480 train_time:14666ms step_avg:31.01ms
step:474/1480 train_time:14700ms step_avg:31.01ms
step:475/1480 train_time:14728ms step_avg:31.01ms
step:476/1480 train_time:14762ms step_avg:31.01ms
step:477/1480 train_time:14790ms step_avg:31.01ms
step:478/1480 train_time:14824ms step_avg:31.01ms
step:479/1480 train_time:14853ms step_avg:31.01ms
step:480/1480 train_time:14886ms step_avg:31.01ms
step:481/1480 train_time:14916ms step_avg:31.01ms
step:482/1480 train_time:14978ms step_avg:31.07ms
step:483/1480 train_time:15031ms step_avg:31.12ms
step:484/1480 train_time:15089ms step_avg:31.18ms
step:485/1480 train_time:15143ms step_avg:31.22ms
step:486/1480 train_time:15202ms step_avg:31.28ms
step:487/1480 train_time:15255ms step_avg:31.33ms
step:488/1480 train_time:15314ms step_avg:31.38ms
step:489/1480 train_time:15368ms step_avg:31.43ms
step:490/1480 train_time:15427ms step_avg:31.48ms
step:491/1480 train_time:15480ms step_avg:31.53ms
step:492/1480 train_time:15539ms step_avg:31.58ms
step:493/1480 train_time:15592ms step_avg:31.63ms
step:494/1480 train_time:15651ms step_avg:31.68ms
step:495/1480 train_time:15705ms step_avg:31.73ms
step:496/1480 train_time:15764ms step_avg:31.78ms
step:497/1480 train_time:15818ms step_avg:31.83ms
step:498/1480 train_time:15877ms step_avg:31.88ms
step:499/1480 train_time:15930ms step_avg:31.92ms
step:500/1480 train_time:15989ms step_avg:31.98ms
step:500/1480 val_loss:4.2103 train_time:16052ms step_avg:32.10ms
step:501/1480 train_time:16067ms step_avg:32.07ms
step:502/1480 train_time:16103ms step_avg:32.08ms
step:503/1480 train_time:16159ms step_avg:32.13ms
step:504/1480 train_time:16221ms step_avg:32.18ms
step:505/1480 train_time:16275ms step_avg:32.23ms
step:506/1480 train_time:16334ms step_avg:32.28ms
step:507/1480 train_time:16387ms step_avg:32.32ms
step:508/1480 train_time:16445ms step_avg:32.37ms
step:509/1480 train_time:16498ms step_avg:32.41ms
step:510/1480 train_time:16556ms step_avg:32.46ms
step:511/1480 train_time:16608ms step_avg:32.50ms
step:512/1480 train_time:16667ms step_avg:32.55ms
step:513/1480 train_time:16720ms step_avg:32.59ms
step:514/1480 train_time:16779ms step_avg:32.64ms
step:515/1480 train_time:16831ms step_avg:32.68ms
step:516/1480 train_time:16890ms step_avg:32.73ms
step:517/1480 train_time:16943ms step_avg:32.77ms
step:518/1480 train_time:17002ms step_avg:32.82ms
step:519/1480 train_time:17056ms step_avg:32.86ms
step:520/1480 train_time:17116ms step_avg:32.92ms
step:521/1480 train_time:17170ms step_avg:32.96ms
step:522/1480 train_time:17230ms step_avg:33.01ms
step:523/1480 train_time:17284ms step_avg:33.05ms
step:524/1480 train_time:17344ms step_avg:33.10ms
step:525/1480 train_time:17397ms step_avg:33.14ms
step:526/1480 train_time:17455ms step_avg:33.18ms
step:527/1480 train_time:17509ms step_avg:33.22ms
step:528/1480 train_time:17567ms step_avg:33.27ms
step:529/1480 train_time:17620ms step_avg:33.31ms
step:530/1480 train_time:17678ms step_avg:33.36ms
step:531/1480 train_time:17731ms step_avg:33.39ms
step:532/1480 train_time:17790ms step_avg:33.44ms
step:533/1480 train_time:17843ms step_avg:33.48ms
step:534/1480 train_time:17902ms step_avg:33.52ms
step:535/1480 train_time:17955ms step_avg:33.56ms
step:536/1480 train_time:18014ms step_avg:33.61ms
step:537/1480 train_time:18068ms step_avg:33.65ms
step:538/1480 train_time:18127ms step_avg:33.69ms
step:539/1480 train_time:18182ms step_avg:33.73ms
step:540/1480 train_time:18241ms step_avg:33.78ms
step:541/1480 train_time:18295ms step_avg:33.82ms
step:542/1480 train_time:18354ms step_avg:33.86ms
step:543/1480 train_time:18408ms step_avg:33.90ms
step:544/1480 train_time:18467ms step_avg:33.95ms
step:545/1480 train_time:18520ms step_avg:33.98ms
step:546/1480 train_time:18581ms step_avg:34.03ms
step:547/1480 train_time:18633ms step_avg:34.06ms
step:548/1480 train_time:18691ms step_avg:34.11ms
step:549/1480 train_time:18744ms step_avg:34.14ms
step:550/1480 train_time:18803ms step_avg:34.19ms
step:551/1480 train_time:18856ms step_avg:34.22ms
step:552/1480 train_time:18914ms step_avg:34.26ms
step:553/1480 train_time:18967ms step_avg:34.30ms
step:554/1480 train_time:19026ms step_avg:34.34ms
step:555/1480 train_time:19080ms step_avg:34.38ms
step:556/1480 train_time:19140ms step_avg:34.42ms
step:557/1480 train_time:19194ms step_avg:34.46ms
step:558/1480 train_time:19253ms step_avg:34.50ms
step:559/1480 train_time:19307ms step_avg:34.54ms
step:560/1480 train_time:19367ms step_avg:34.58ms
step:561/1480 train_time:19421ms step_avg:34.62ms
step:562/1480 train_time:19480ms step_avg:34.66ms
step:563/1480 train_time:19534ms step_avg:34.70ms
step:564/1480 train_time:19593ms step_avg:34.74ms
step:565/1480 train_time:19646ms step_avg:34.77ms
step:566/1480 train_time:19704ms step_avg:34.81ms
step:567/1480 train_time:19758ms step_avg:34.85ms
step:568/1480 train_time:19816ms step_avg:34.89ms
step:569/1480 train_time:19869ms step_avg:34.92ms
step:570/1480 train_time:19928ms step_avg:34.96ms
step:571/1480 train_time:19982ms step_avg:35.00ms
step:572/1480 train_time:20040ms step_avg:35.03ms
step:573/1480 train_time:20093ms step_avg:35.07ms
step:574/1480 train_time:20153ms step_avg:35.11ms
step:575/1480 train_time:20208ms step_avg:35.14ms
step:576/1480 train_time:20266ms step_avg:35.18ms
step:577/1480 train_time:20321ms step_avg:35.22ms
step:578/1480 train_time:20381ms step_avg:35.26ms
step:579/1480 train_time:20434ms step_avg:35.29ms
step:580/1480 train_time:20492ms step_avg:35.33ms
step:581/1480 train_time:20546ms step_avg:35.36ms
step:582/1480 train_time:20605ms step_avg:35.40ms
step:583/1480 train_time:20658ms step_avg:35.43ms
step:584/1480 train_time:20717ms step_avg:35.47ms
step:585/1480 train_time:20770ms step_avg:35.50ms
step:586/1480 train_time:20829ms step_avg:35.54ms
step:587/1480 train_time:20882ms step_avg:35.57ms
step:588/1480 train_time:20941ms step_avg:35.61ms
step:589/1480 train_time:20994ms step_avg:35.64ms
step:590/1480 train_time:21053ms step_avg:35.68ms
step:591/1480 train_time:21108ms step_avg:35.72ms
step:592/1480 train_time:21167ms step_avg:35.75ms
step:593/1480 train_time:21221ms step_avg:35.79ms
step:594/1480 train_time:21280ms step_avg:35.83ms
step:595/1480 train_time:21334ms step_avg:35.86ms
step:596/1480 train_time:21393ms step_avg:35.89ms
step:597/1480 train_time:21446ms step_avg:35.92ms
step:598/1480 train_time:21506ms step_avg:35.96ms
step:599/1480 train_time:21558ms step_avg:35.99ms
step:600/1480 train_time:21617ms step_avg:36.03ms
step:601/1480 train_time:21670ms step_avg:36.06ms
step:602/1480 train_time:21729ms step_avg:36.09ms
step:603/1480 train_time:21782ms step_avg:36.12ms
step:604/1480 train_time:21841ms step_avg:36.16ms
step:605/1480 train_time:21894ms step_avg:36.19ms
step:606/1480 train_time:21952ms step_avg:36.23ms
step:607/1480 train_time:22007ms step_avg:36.26ms
step:608/1480 train_time:22066ms step_avg:36.29ms
step:609/1480 train_time:22119ms step_avg:36.32ms
step:610/1480 train_time:22179ms step_avg:36.36ms
step:611/1480 train_time:22232ms step_avg:36.39ms
step:612/1480 train_time:22292ms step_avg:36.42ms
step:613/1480 train_time:22345ms step_avg:36.45ms
step:614/1480 train_time:22406ms step_avg:36.49ms
step:615/1480 train_time:22459ms step_avg:36.52ms
step:616/1480 train_time:22518ms step_avg:36.55ms
step:617/1480 train_time:22571ms step_avg:36.58ms
step:618/1480 train_time:22630ms step_avg:36.62ms
step:619/1480 train_time:22684ms step_avg:36.65ms
step:620/1480 train_time:22743ms step_avg:36.68ms
step:621/1480 train_time:22796ms step_avg:36.71ms
step:622/1480 train_time:22854ms step_avg:36.74ms
step:623/1480 train_time:22908ms step_avg:36.77ms
step:624/1480 train_time:22967ms step_avg:36.81ms
step:625/1480 train_time:23020ms step_avg:36.83ms
step:626/1480 train_time:23080ms step_avg:36.87ms
step:627/1480 train_time:23133ms step_avg:36.89ms
step:628/1480 train_time:23192ms step_avg:36.93ms
step:629/1480 train_time:23246ms step_avg:36.96ms
step:630/1480 train_time:23304ms step_avg:36.99ms
step:631/1480 train_time:23358ms step_avg:37.02ms
step:632/1480 train_time:23416ms step_avg:37.05ms
step:633/1480 train_time:23469ms step_avg:37.08ms
step:634/1480 train_time:23529ms step_avg:37.11ms
step:635/1480 train_time:23583ms step_avg:37.14ms
step:636/1480 train_time:23642ms step_avg:37.17ms
step:637/1480 train_time:23695ms step_avg:37.20ms
step:638/1480 train_time:23753ms step_avg:37.23ms
step:639/1480 train_time:23808ms step_avg:37.26ms
step:640/1480 train_time:23867ms step_avg:37.29ms
step:641/1480 train_time:23921ms step_avg:37.32ms
step:642/1480 train_time:23980ms step_avg:37.35ms
step:643/1480 train_time:24033ms step_avg:37.38ms
step:644/1480 train_time:24092ms step_avg:37.41ms
step:645/1480 train_time:24145ms step_avg:37.43ms
step:646/1480 train_time:24204ms step_avg:37.47ms
step:647/1480 train_time:24257ms step_avg:37.49ms
step:648/1480 train_time:24316ms step_avg:37.52ms
step:649/1480 train_time:24368ms step_avg:37.55ms
step:650/1480 train_time:24427ms step_avg:37.58ms
step:651/1480 train_time:24481ms step_avg:37.61ms
step:652/1480 train_time:24541ms step_avg:37.64ms
step:653/1480 train_time:24594ms step_avg:37.66ms
step:654/1480 train_time:24652ms step_avg:37.69ms
step:655/1480 train_time:24707ms step_avg:37.72ms
step:656/1480 train_time:24765ms step_avg:37.75ms
step:657/1480 train_time:24818ms step_avg:37.78ms
step:658/1480 train_time:24878ms step_avg:37.81ms
step:659/1480 train_time:24931ms step_avg:37.83ms
step:660/1480 train_time:24990ms step_avg:37.86ms
step:661/1480 train_time:25043ms step_avg:37.89ms
step:662/1480 train_time:25103ms step_avg:37.92ms
step:663/1480 train_time:25156ms step_avg:37.94ms
step:664/1480 train_time:25215ms step_avg:37.97ms
step:665/1480 train_time:25268ms step_avg:38.00ms
step:666/1480 train_time:25327ms step_avg:38.03ms
step:667/1480 train_time:25381ms step_avg:38.05ms
step:668/1480 train_time:25439ms step_avg:38.08ms
step:669/1480 train_time:25492ms step_avg:38.10ms
step:670/1480 train_time:25550ms step_avg:38.14ms
step:671/1480 train_time:25605ms step_avg:38.16ms
step:672/1480 train_time:25664ms step_avg:38.19ms
step:673/1480 train_time:25717ms step_avg:38.21ms
step:674/1480 train_time:25776ms step_avg:38.24ms
step:675/1480 train_time:25828ms step_avg:38.26ms
step:676/1480 train_time:25888ms step_avg:38.30ms
step:677/1480 train_time:25941ms step_avg:38.32ms
step:678/1480 train_time:26001ms step_avg:38.35ms
step:679/1480 train_time:26054ms step_avg:38.37ms
step:680/1480 train_time:26112ms step_avg:38.40ms
step:681/1480 train_time:26166ms step_avg:38.42ms
step:682/1480 train_time:26225ms step_avg:38.45ms
step:683/1480 train_time:26279ms step_avg:38.48ms
step:684/1480 train_time:26337ms step_avg:38.50ms
step:685/1480 train_time:26390ms step_avg:38.53ms
step:686/1480 train_time:26449ms step_avg:38.56ms
step:687/1480 train_time:26503ms step_avg:38.58ms
step:688/1480 train_time:26562ms step_avg:38.61ms
step:689/1480 train_time:26616ms step_avg:38.63ms
step:690/1480 train_time:26675ms step_avg:38.66ms
step:691/1480 train_time:26728ms step_avg:38.68ms
step:692/1480 train_time:26787ms step_avg:38.71ms
step:693/1480 train_time:26841ms step_avg:38.73ms
step:694/1480 train_time:26900ms step_avg:38.76ms
step:695/1480 train_time:26953ms step_avg:38.78ms
step:696/1480 train_time:27012ms step_avg:38.81ms
step:697/1480 train_time:27065ms step_avg:38.83ms
step:698/1480 train_time:27124ms step_avg:38.86ms
step:699/1480 train_time:27177ms step_avg:38.88ms
step:700/1480 train_time:27236ms step_avg:38.91ms
step:701/1480 train_time:27289ms step_avg:38.93ms
step:702/1480 train_time:27348ms step_avg:38.96ms
step:703/1480 train_time:27402ms step_avg:38.98ms
step:704/1480 train_time:27461ms step_avg:39.01ms
step:705/1480 train_time:27515ms step_avg:39.03ms
step:706/1480 train_time:27573ms step_avg:39.06ms
step:707/1480 train_time:27627ms step_avg:39.08ms
step:708/1480 train_time:27686ms step_avg:39.10ms
step:709/1480 train_time:27739ms step_avg:39.12ms
step:710/1480 train_time:27799ms step_avg:39.15ms
step:711/1480 train_time:27853ms step_avg:39.17ms
step:712/1480 train_time:27912ms step_avg:39.20ms
step:713/1480 train_time:27965ms step_avg:39.22ms
step:714/1480 train_time:28024ms step_avg:39.25ms
step:715/1480 train_time:28077ms step_avg:39.27ms
step:716/1480 train_time:28135ms step_avg:39.30ms
step:717/1480 train_time:28188ms step_avg:39.31ms
step:718/1480 train_time:28248ms step_avg:39.34ms
step:719/1480 train_time:28301ms step_avg:39.36ms
step:720/1480 train_time:28360ms step_avg:39.39ms
step:721/1480 train_time:28413ms step_avg:39.41ms
step:722/1480 train_time:28472ms step_avg:39.44ms
step:723/1480 train_time:28525ms step_avg:39.45ms
step:724/1480 train_time:28585ms step_avg:39.48ms
step:725/1480 train_time:28638ms step_avg:39.50ms
step:726/1480 train_time:28697ms step_avg:39.53ms
step:727/1480 train_time:28750ms step_avg:39.55ms
step:728/1480 train_time:28809ms step_avg:39.57ms
step:729/1480 train_time:28862ms step_avg:39.59ms
step:730/1480 train_time:28922ms step_avg:39.62ms
step:731/1480 train_time:28975ms step_avg:39.64ms
step:732/1480 train_time:29033ms step_avg:39.66ms
step:733/1480 train_time:29087ms step_avg:39.68ms
step:734/1480 train_time:29146ms step_avg:39.71ms
step:735/1480 train_time:29199ms step_avg:39.73ms
step:736/1480 train_time:29258ms step_avg:39.75ms
step:737/1480 train_time:29311ms step_avg:39.77ms
step:738/1480 train_time:29370ms step_avg:39.80ms
step:739/1480 train_time:29424ms step_avg:39.82ms
step:740/1480 train_time:29484ms step_avg:39.84ms
step:741/1480 train_time:29537ms step_avg:39.86ms
step:742/1480 train_time:29595ms step_avg:39.89ms
step:743/1480 train_time:29649ms step_avg:39.90ms
step:744/1480 train_time:29708ms step_avg:39.93ms
step:745/1480 train_time:29761ms step_avg:39.95ms
step:746/1480 train_time:29821ms step_avg:39.97ms
step:747/1480 train_time:29874ms step_avg:39.99ms
step:748/1480 train_time:29933ms step_avg:40.02ms
step:749/1480 train_time:29986ms step_avg:40.04ms
step:750/1480 train_time:30044ms step_avg:40.06ms
step:750/1480 val_loss:3.8013 train_time:30107ms step_avg:40.14ms
step:751/1480 train_time:30123ms step_avg:40.11ms
step:752/1480 train_time:30159ms step_avg:40.10ms
step:753/1480 train_time:30214ms step_avg:40.13ms
step:754/1480 train_time:30276ms step_avg:40.15ms
step:755/1480 train_time:30329ms step_avg:40.17ms
step:756/1480 train_time:30388ms step_avg:40.20ms
step:757/1480 train_time:30442ms step_avg:40.21ms
step:758/1480 train_time:30501ms step_avg:40.24ms
step:759/1480 train_time:30553ms step_avg:40.25ms
step:760/1480 train_time:30612ms step_avg:40.28ms
step:761/1480 train_time:30665ms step_avg:40.30ms
step:762/1480 train_time:30724ms step_avg:40.32ms
step:763/1480 train_time:30777ms step_avg:40.34ms
step:764/1480 train_time:30835ms step_avg:40.36ms
step:765/1480 train_time:30887ms step_avg:40.38ms
step:766/1480 train_time:30945ms step_avg:40.40ms
step:767/1480 train_time:30998ms step_avg:40.41ms
step:768/1480 train_time:31057ms step_avg:40.44ms
step:769/1480 train_time:31111ms step_avg:40.46ms
step:770/1480 train_time:31170ms step_avg:40.48ms
step:771/1480 train_time:31224ms step_avg:40.50ms
step:772/1480 train_time:31285ms step_avg:40.52ms
step:773/1480 train_time:31339ms step_avg:40.54ms
step:774/1480 train_time:31399ms step_avg:40.57ms
step:775/1480 train_time:31452ms step_avg:40.58ms
step:776/1480 train_time:31511ms step_avg:40.61ms
step:777/1480 train_time:31563ms step_avg:40.62ms
step:778/1480 train_time:31623ms step_avg:40.65ms
step:779/1480 train_time:31676ms step_avg:40.66ms
step:780/1480 train_time:31735ms step_avg:40.69ms
step:781/1480 train_time:31788ms step_avg:40.70ms
step:782/1480 train_time:31846ms step_avg:40.72ms
step:783/1480 train_time:31899ms step_avg:40.74ms
step:784/1480 train_time:31957ms step_avg:40.76ms
step:785/1480 train_time:32010ms step_avg:40.78ms
step:786/1480 train_time:32068ms step_avg:40.80ms
step:787/1480 train_time:32122ms step_avg:40.82ms
step:788/1480 train_time:32181ms step_avg:40.84ms
step:789/1480 train_time:32236ms step_avg:40.86ms
step:790/1480 train_time:32295ms step_avg:40.88ms
step:791/1480 train_time:32350ms step_avg:40.90ms
step:792/1480 train_time:32409ms step_avg:40.92ms
step:793/1480 train_time:32463ms step_avg:40.94ms
step:794/1480 train_time:32522ms step_avg:40.96ms
step:795/1480 train_time:32574ms step_avg:40.97ms
step:796/1480 train_time:32634ms step_avg:41.00ms
step:797/1480 train_time:32687ms step_avg:41.01ms
step:798/1480 train_time:32746ms step_avg:41.04ms
step:799/1480 train_time:32799ms step_avg:41.05ms
step:800/1480 train_time:32858ms step_avg:41.07ms
step:801/1480 train_time:32911ms step_avg:41.09ms
step:802/1480 train_time:32969ms step_avg:41.11ms
step:803/1480 train_time:33022ms step_avg:41.12ms
step:804/1480 train_time:33082ms step_avg:41.15ms
step:805/1480 train_time:33135ms step_avg:41.16ms
step:806/1480 train_time:33194ms step_avg:41.18ms
step:807/1480 train_time:33247ms step_avg:41.20ms
step:808/1480 train_time:33307ms step_avg:41.22ms
step:809/1480 train_time:33360ms step_avg:41.24ms
step:810/1480 train_time:33420ms step_avg:41.26ms
step:811/1480 train_time:33474ms step_avg:41.27ms
step:812/1480 train_time:33533ms step_avg:41.30ms
step:813/1480 train_time:33586ms step_avg:41.31ms
step:814/1480 train_time:33646ms step_avg:41.33ms
step:815/1480 train_time:33699ms step_avg:41.35ms
step:816/1480 train_time:33758ms step_avg:41.37ms
step:817/1480 train_time:33811ms step_avg:41.38ms
step:818/1480 train_time:33869ms step_avg:41.40ms
step:819/1480 train_time:33922ms step_avg:41.42ms
step:820/1480 train_time:33981ms step_avg:41.44ms
step:821/1480 train_time:34034ms step_avg:41.45ms
step:822/1480 train_time:34093ms step_avg:41.48ms
step:823/1480 train_time:34147ms step_avg:41.49ms
step:824/1480 train_time:34205ms step_avg:41.51ms
step:825/1480 train_time:34258ms step_avg:41.53ms
step:826/1480 train_time:34318ms step_avg:41.55ms
step:827/1480 train_time:34371ms step_avg:41.56ms
step:828/1480 train_time:34430ms step_avg:41.58ms
step:829/1480 train_time:34483ms step_avg:41.60ms
step:830/1480 train_time:34543ms step_avg:41.62ms
step:831/1480 train_time:34596ms step_avg:41.63ms
step:832/1480 train_time:34656ms step_avg:41.65ms
step:833/1480 train_time:34709ms step_avg:41.67ms
step:834/1480 train_time:34768ms step_avg:41.69ms
step:835/1480 train_time:34821ms step_avg:41.70ms
step:836/1480 train_time:34879ms step_avg:41.72ms
step:837/1480 train_time:34932ms step_avg:41.74ms
step:838/1480 train_time:34991ms step_avg:41.76ms
step:839/1480 train_time:35044ms step_avg:41.77ms
step:840/1480 train_time:35104ms step_avg:41.79ms
step:841/1480 train_time:35157ms step_avg:41.80ms
step:842/1480 train_time:35217ms step_avg:41.83ms
step:843/1480 train_time:35270ms step_avg:41.84ms
step:844/1480 train_time:35329ms step_avg:41.86ms
step:845/1480 train_time:35383ms step_avg:41.87ms
step:846/1480 train_time:35442ms step_avg:41.89ms
step:847/1480 train_time:35495ms step_avg:41.91ms
step:848/1480 train_time:35554ms step_avg:41.93ms
step:849/1480 train_time:35607ms step_avg:41.94ms
step:850/1480 train_time:35665ms step_avg:41.96ms
step:851/1480 train_time:35719ms step_avg:41.97ms
step:852/1480 train_time:35778ms step_avg:41.99ms
step:853/1480 train_time:35832ms step_avg:42.01ms
step:854/1480 train_time:35890ms step_avg:42.03ms
step:855/1480 train_time:35943ms step_avg:42.04ms
step:856/1480 train_time:36002ms step_avg:42.06ms
step:857/1480 train_time:36056ms step_avg:42.07ms
step:858/1480 train_time:36115ms step_avg:42.09ms
step:859/1480 train_time:36168ms step_avg:42.11ms
step:860/1480 train_time:36227ms step_avg:42.12ms
step:861/1480 train_time:36281ms step_avg:42.14ms
step:862/1480 train_time:36340ms step_avg:42.16ms
step:863/1480 train_time:36393ms step_avg:42.17ms
step:864/1480 train_time:36453ms step_avg:42.19ms
step:865/1480 train_time:36507ms step_avg:42.20ms
step:866/1480 train_time:36565ms step_avg:42.22ms
step:867/1480 train_time:36619ms step_avg:42.24ms
step:868/1480 train_time:36678ms step_avg:42.26ms
step:869/1480 train_time:36731ms step_avg:42.27ms
step:870/1480 train_time:36789ms step_avg:42.29ms
step:871/1480 train_time:36842ms step_avg:42.30ms
step:872/1480 train_time:36901ms step_avg:42.32ms
step:873/1480 train_time:36955ms step_avg:42.33ms
step:874/1480 train_time:37013ms step_avg:42.35ms
step:875/1480 train_time:37066ms step_avg:42.36ms
step:876/1480 train_time:37125ms step_avg:42.38ms
step:877/1480 train_time:37180ms step_avg:42.39ms
step:878/1480 train_time:37238ms step_avg:42.41ms
step:879/1480 train_time:37292ms step_avg:42.43ms
step:880/1480 train_time:37351ms step_avg:42.44ms
step:881/1480 train_time:37403ms step_avg:42.46ms
step:882/1480 train_time:37462ms step_avg:42.47ms
step:883/1480 train_time:37516ms step_avg:42.49ms
step:884/1480 train_time:37575ms step_avg:42.51ms
step:885/1480 train_time:37628ms step_avg:42.52ms
step:886/1480 train_time:37687ms step_avg:42.54ms
step:887/1480 train_time:37741ms step_avg:42.55ms
step:888/1480 train_time:37800ms step_avg:42.57ms
step:889/1480 train_time:37853ms step_avg:42.58ms
step:890/1480 train_time:37912ms step_avg:42.60ms
step:891/1480 train_time:37966ms step_avg:42.61ms
step:892/1480 train_time:38025ms step_avg:42.63ms
step:893/1480 train_time:38079ms step_avg:42.64ms
step:894/1480 train_time:38137ms step_avg:42.66ms
step:895/1480 train_time:38190ms step_avg:42.67ms
step:896/1480 train_time:38249ms step_avg:42.69ms
step:897/1480 train_time:38303ms step_avg:42.70ms
step:898/1480 train_time:38361ms step_avg:42.72ms
step:899/1480 train_time:38416ms step_avg:42.73ms
step:900/1480 train_time:38475ms step_avg:42.75ms
step:901/1480 train_time:38528ms step_avg:42.76ms
step:902/1480 train_time:38586ms step_avg:42.78ms
step:903/1480 train_time:38640ms step_avg:42.79ms
step:904/1480 train_time:38699ms step_avg:42.81ms
step:905/1480 train_time:38753ms step_avg:42.82ms
step:906/1480 train_time:38812ms step_avg:42.84ms
step:907/1480 train_time:38865ms step_avg:42.85ms
step:908/1480 train_time:38924ms step_avg:42.87ms
step:909/1480 train_time:38979ms step_avg:42.88ms
step:910/1480 train_time:39038ms step_avg:42.90ms
step:911/1480 train_time:39092ms step_avg:42.91ms
step:912/1480 train_time:39151ms step_avg:42.93ms
step:913/1480 train_time:39204ms step_avg:42.94ms
step:914/1480 train_time:39262ms step_avg:42.96ms
step:915/1480 train_time:39316ms step_avg:42.97ms
step:916/1480 train_time:39375ms step_avg:42.99ms
step:917/1480 train_time:39428ms step_avg:43.00ms
step:918/1480 train_time:39487ms step_avg:43.01ms
step:919/1480 train_time:39541ms step_avg:43.03ms
step:920/1480 train_time:39600ms step_avg:43.04ms
step:921/1480 train_time:39652ms step_avg:43.05ms
step:922/1480 train_time:39712ms step_avg:43.07ms
step:923/1480 train_time:39765ms step_avg:43.08ms
step:924/1480 train_time:39825ms step_avg:43.10ms
step:925/1480 train_time:39878ms step_avg:43.11ms
step:926/1480 train_time:39937ms step_avg:43.13ms
step:927/1480 train_time:39990ms step_avg:43.14ms
step:928/1480 train_time:40049ms step_avg:43.16ms
step:929/1480 train_time:40102ms step_avg:43.17ms
step:930/1480 train_time:40162ms step_avg:43.18ms
step:931/1480 train_time:40216ms step_avg:43.20ms
step:932/1480 train_time:40275ms step_avg:43.21ms
step:933/1480 train_time:40328ms step_avg:43.22ms
step:934/1480 train_time:40387ms step_avg:43.24ms
step:935/1480 train_time:40441ms step_avg:43.25ms
step:936/1480 train_time:40500ms step_avg:43.27ms
step:937/1480 train_time:40553ms step_avg:43.28ms
step:938/1480 train_time:40612ms step_avg:43.30ms
step:939/1480 train_time:40665ms step_avg:43.31ms
step:940/1480 train_time:40724ms step_avg:43.32ms
step:941/1480 train_time:40778ms step_avg:43.33ms
step:942/1480 train_time:40837ms step_avg:43.35ms
step:943/1480 train_time:40890ms step_avg:43.36ms
step:944/1480 train_time:40950ms step_avg:43.38ms
step:945/1480 train_time:41002ms step_avg:43.39ms
step:946/1480 train_time:41061ms step_avg:43.40ms
step:947/1480 train_time:41115ms step_avg:43.42ms
step:948/1480 train_time:41174ms step_avg:43.43ms
step:949/1480 train_time:41227ms step_avg:43.44ms
step:950/1480 train_time:41286ms step_avg:43.46ms
step:951/1480 train_time:41340ms step_avg:43.47ms
step:952/1480 train_time:41399ms step_avg:43.49ms
step:953/1480 train_time:41452ms step_avg:43.50ms
step:954/1480 train_time:41513ms step_avg:43.51ms
step:955/1480 train_time:41566ms step_avg:43.52ms
step:956/1480 train_time:41624ms step_avg:43.54ms
step:957/1480 train_time:41678ms step_avg:43.55ms
step:958/1480 train_time:41737ms step_avg:43.57ms
step:959/1480 train_time:41790ms step_avg:43.58ms
step:960/1480 train_time:41848ms step_avg:43.59ms
step:961/1480 train_time:41903ms step_avg:43.60ms
step:962/1480 train_time:41991ms step_avg:43.65ms
step:963/1480 train_time:42070ms step_avg:43.69ms
step:964/1480 train_time:42155ms step_avg:43.73ms
step:965/1480 train_time:42234ms step_avg:43.77ms
step:966/1480 train_time:42318ms step_avg:43.81ms
step:967/1480 train_time:42397ms step_avg:43.84ms
step:968/1480 train_time:42483ms step_avg:43.89ms
step:969/1480 train_time:42563ms step_avg:43.92ms
step:970/1480 train_time:42647ms step_avg:43.97ms
step:971/1480 train_time:42727ms step_avg:44.00ms
step:972/1480 train_time:42811ms step_avg:44.04ms
step:973/1480 train_time:42893ms step_avg:44.08ms
step:974/1480 train_time:42977ms step_avg:44.12ms
step:975/1480 train_time:43056ms step_avg:44.16ms
step:976/1480 train_time:43140ms step_avg:44.20ms
step:977/1480 train_time:43220ms step_avg:44.24ms
step:978/1480 train_time:43305ms step_avg:44.28ms
step:979/1480 train_time:43385ms step_avg:44.32ms
step:980/1480 train_time:43470ms step_avg:44.36ms
step:981/1480 train_time:43549ms step_avg:44.39ms
step:982/1480 train_time:43634ms step_avg:44.43ms
step:983/1480 train_time:43712ms step_avg:44.47ms
step:984/1480 train_time:43796ms step_avg:44.51ms
step:985/1480 train_time:43876ms step_avg:44.54ms
step:986/1480 train_time:43961ms step_avg:44.59ms
step:987/1480 train_time:44041ms step_avg:44.62ms
step:988/1480 train_time:44125ms step_avg:44.66ms
step:989/1480 train_time:44204ms step_avg:44.70ms
step:990/1480 train_time:44288ms step_avg:44.74ms
step:991/1480 train_time:44366ms step_avg:44.77ms
step:992/1480 train_time:44452ms step_avg:44.81ms
step:993/1480 train_time:44534ms step_avg:44.85ms
step:994/1480 train_time:44618ms step_avg:44.89ms
step:995/1480 train_time:44696ms step_avg:44.92ms
step:996/1480 train_time:44782ms step_avg:44.96ms
step:997/1480 train_time:44862ms step_avg:45.00ms
step:998/1480 train_time:44945ms step_avg:45.04ms
step:999/1480 train_time:45024ms step_avg:45.07ms
step:1000/1480 train_time:45109ms step_avg:45.11ms
step:1000/1480 val_loss:3.5100 train_time:45198ms step_avg:45.20ms
step:1001/1480 train_time:45214ms step_avg:45.17ms
step:1002/1480 train_time:45278ms step_avg:45.19ms
step:1003/1480 train_time:45361ms step_avg:45.23ms
step:1004/1480 train_time:45447ms step_avg:45.27ms
step:1005/1480 train_time:45526ms step_avg:45.30ms
step:1006/1480 train_time:45609ms step_avg:45.34ms
step:1007/1480 train_time:45688ms step_avg:45.37ms
step:1008/1480 train_time:45771ms step_avg:45.41ms
step:1009/1480 train_time:45849ms step_avg:45.44ms
step:1010/1480 train_time:45934ms step_avg:45.48ms
step:1011/1480 train_time:46012ms step_avg:45.51ms
step:1012/1480 train_time:46096ms step_avg:45.55ms
step:1013/1480 train_time:46175ms step_avg:45.58ms
step:1014/1480 train_time:46264ms step_avg:45.62ms
step:1015/1480 train_time:46344ms step_avg:45.66ms
step:1016/1480 train_time:46429ms step_avg:45.70ms
step:1017/1480 train_time:46509ms step_avg:45.73ms
step:1018/1480 train_time:46592ms step_avg:45.77ms
step:1019/1480 train_time:46672ms step_avg:45.80ms
step:1020/1480 train_time:46758ms step_avg:45.84ms
step:1021/1480 train_time:46836ms step_avg:45.87ms
step:1022/1480 train_time:46920ms step_avg:45.91ms
step:1023/1480 train_time:46999ms step_avg:45.94ms
step:1024/1480 train_time:47083ms step_avg:45.98ms
step:1025/1480 train_time:47163ms step_avg:46.01ms
step:1026/1480 train_time:47249ms step_avg:46.05ms
step:1027/1480 train_time:47329ms step_avg:46.08ms
step:1028/1480 train_time:47413ms step_avg:46.12ms
step:1029/1480 train_time:47493ms step_avg:46.15ms
step:1030/1480 train_time:47579ms step_avg:46.19ms
step:1031/1480 train_time:47659ms step_avg:46.23ms
step:1032/1480 train_time:47743ms step_avg:46.26ms
step:1033/1480 train_time:47822ms step_avg:46.29ms
step:1034/1480 train_time:47906ms step_avg:46.33ms
step:1035/1480 train_time:47985ms step_avg:46.36ms
step:1036/1480 train_time:48071ms step_avg:46.40ms
step:1037/1480 train_time:48149ms step_avg:46.43ms
step:1038/1480 train_time:48233ms step_avg:46.47ms
step:1039/1480 train_time:48314ms step_avg:46.50ms
step:1040/1480 train_time:48400ms step_avg:46.54ms
step:1041/1480 train_time:48481ms step_avg:46.57ms
step:1042/1480 train_time:48567ms step_avg:46.61ms
step:1043/1480 train_time:48647ms step_avg:46.64ms
step:1044/1480 train_time:48730ms step_avg:46.68ms
step:1045/1480 train_time:48808ms step_avg:46.71ms
step:1046/1480 train_time:48892ms step_avg:46.74ms
step:1047/1480 train_time:48972ms step_avg:46.77ms
step:1048/1480 train_time:49056ms step_avg:46.81ms
step:1049/1480 train_time:49135ms step_avg:46.84ms
step:1050/1480 train_time:49220ms step_avg:46.88ms
step:1051/1480 train_time:49300ms step_avg:46.91ms
step:1052/1480 train_time:49385ms step_avg:46.94ms
step:1053/1480 train_time:49464ms step_avg:46.97ms
step:1054/1480 train_time:49549ms step_avg:47.01ms
step:1055/1480 train_time:49628ms step_avg:47.04ms
step:1056/1480 train_time:49715ms step_avg:47.08ms
step:1057/1480 train_time:49794ms step_avg:47.11ms
step:1058/1480 train_time:49878ms step_avg:47.14ms
step:1059/1480 train_time:49958ms step_avg:47.17ms
step:1060/1480 train_time:50040ms step_avg:47.21ms
step:1061/1480 train_time:50120ms step_avg:47.24ms
step:1062/1480 train_time:50205ms step_avg:47.27ms
step:1063/1480 train_time:50285ms step_avg:47.30ms
step:1064/1480 train_time:50370ms step_avg:47.34ms
step:1065/1480 train_time:50450ms step_avg:47.37ms
step:1066/1480 train_time:50534ms step_avg:47.41ms
step:1067/1480 train_time:50615ms step_avg:47.44ms
step:1068/1480 train_time:50700ms step_avg:47.47ms
step:1069/1480 train_time:50778ms step_avg:47.50ms
step:1070/1480 train_time:50862ms step_avg:47.53ms
step:1071/1480 train_time:50940ms step_avg:47.56ms
step:1072/1480 train_time:51025ms step_avg:47.60ms
step:1073/1480 train_time:51103ms step_avg:47.63ms
step:1074/1480 train_time:51188ms step_avg:47.66ms
step:1075/1480 train_time:51269ms step_avg:47.69ms
step:1076/1480 train_time:51352ms step_avg:47.73ms
step:1077/1480 train_time:51432ms step_avg:47.75ms
step:1078/1480 train_time:51517ms step_avg:47.79ms
step:1079/1480 train_time:51599ms step_avg:47.82ms
step:1080/1480 train_time:51683ms step_avg:47.85ms
step:1081/1480 train_time:51762ms step_avg:47.88ms
step:1082/1480 train_time:51847ms step_avg:47.92ms
step:1083/1480 train_time:51927ms step_avg:47.95ms
step:1084/1480 train_time:52012ms step_avg:47.98ms
step:1085/1480 train_time:52092ms step_avg:48.01ms
step:1086/1480 train_time:52177ms step_avg:48.05ms
step:1087/1480 train_time:52257ms step_avg:48.07ms
step:1088/1480 train_time:52342ms step_avg:48.11ms
step:1089/1480 train_time:52421ms step_avg:48.14ms
step:1090/1480 train_time:52506ms step_avg:48.17ms
step:1091/1480 train_time:52586ms step_avg:48.20ms
step:1092/1480 train_time:52671ms step_avg:48.23ms
step:1093/1480 train_time:52749ms step_avg:48.26ms
step:1094/1480 train_time:52834ms step_avg:48.29ms
step:1095/1480 train_time:52915ms step_avg:48.32ms
step:1096/1480 train_time:52999ms step_avg:48.36ms
step:1097/1480 train_time:53078ms step_avg:48.39ms
step:1098/1480 train_time:53164ms step_avg:48.42ms
step:1099/1480 train_time:53242ms step_avg:48.45ms
step:1100/1480 train_time:53327ms step_avg:48.48ms
step:1101/1480 train_time:53406ms step_avg:48.51ms
step:1102/1480 train_time:53491ms step_avg:48.54ms
step:1103/1480 train_time:53572ms step_avg:48.57ms
step:1104/1480 train_time:53658ms step_avg:48.60ms
step:1105/1480 train_time:53736ms step_avg:48.63ms
step:1106/1480 train_time:53822ms step_avg:48.66ms
step:1107/1480 train_time:53900ms step_avg:48.69ms
step:1108/1480 train_time:53985ms step_avg:48.72ms
step:1109/1480 train_time:54065ms step_avg:48.75ms
step:1110/1480 train_time:54149ms step_avg:48.78ms
step:1111/1480 train_time:54229ms step_avg:48.81ms
step:1112/1480 train_time:54315ms step_avg:48.84ms
step:1113/1480 train_time:54394ms step_avg:48.87ms
step:1114/1480 train_time:54478ms step_avg:48.90ms
step:1115/1480 train_time:54558ms step_avg:48.93ms
step:1116/1480 train_time:54642ms step_avg:48.96ms
step:1117/1480 train_time:54721ms step_avg:48.99ms
step:1118/1480 train_time:54806ms step_avg:49.02ms
step:1119/1480 train_time:54885ms step_avg:49.05ms
step:1120/1480 train_time:54970ms step_avg:49.08ms
step:1121/1480 train_time:55049ms step_avg:49.11ms
step:1122/1480 train_time:55133ms step_avg:49.14ms
step:1123/1480 train_time:55214ms step_avg:49.17ms
step:1124/1480 train_time:55299ms step_avg:49.20ms
step:1125/1480 train_time:55378ms step_avg:49.22ms
step:1126/1480 train_time:55463ms step_avg:49.26ms
step:1127/1480 train_time:55543ms step_avg:49.28ms
step:1128/1480 train_time:55629ms step_avg:49.32ms
step:1129/1480 train_time:55709ms step_avg:49.34ms
step:1130/1480 train_time:55793ms step_avg:49.37ms
step:1131/1480 train_time:55873ms step_avg:49.40ms
step:1132/1480 train_time:55957ms step_avg:49.43ms
step:1133/1480 train_time:56037ms step_avg:49.46ms
step:1134/1480 train_time:56120ms step_avg:49.49ms
step:1135/1480 train_time:56200ms step_avg:49.52ms
step:1136/1480 train_time:56284ms step_avg:49.55ms
step:1137/1480 train_time:56364ms step_avg:49.57ms
step:1138/1480 train_time:56449ms step_avg:49.60ms
step:1139/1480 train_time:56528ms step_avg:49.63ms
step:1140/1480 train_time:56613ms step_avg:49.66ms
step:1141/1480 train_time:56691ms step_avg:49.69ms
step:1142/1480 train_time:56776ms step_avg:49.72ms
step:1143/1480 train_time:56856ms step_avg:49.74ms
step:1144/1480 train_time:56940ms step_avg:49.77ms
step:1145/1480 train_time:57019ms step_avg:49.80ms
step:1146/1480 train_time:57105ms step_avg:49.83ms
step:1147/1480 train_time:57184ms step_avg:49.86ms
step:1148/1480 train_time:57269ms step_avg:49.89ms
step:1149/1480 train_time:57347ms step_avg:49.91ms
step:1150/1480 train_time:57431ms step_avg:49.94ms
step:1151/1480 train_time:57511ms step_avg:49.97ms
step:1152/1480 train_time:57596ms step_avg:50.00ms
step:1153/1480 train_time:57676ms step_avg:50.02ms
step:1154/1480 train_time:57761ms step_avg:50.05ms
step:1155/1480 train_time:57841ms step_avg:50.08ms
step:1156/1480 train_time:57925ms step_avg:50.11ms
step:1157/1480 train_time:58003ms step_avg:50.13ms
step:1158/1480 train_time:58090ms step_avg:50.16ms
step:1159/1480 train_time:58169ms step_avg:50.19ms
step:1160/1480 train_time:58254ms step_avg:50.22ms
step:1161/1480 train_time:58332ms step_avg:50.24ms
step:1162/1480 train_time:58418ms step_avg:50.27ms
step:1163/1480 train_time:58498ms step_avg:50.30ms
step:1164/1480 train_time:58583ms step_avg:50.33ms
step:1165/1480 train_time:58662ms step_avg:50.35ms
step:1166/1480 train_time:58747ms step_avg:50.38ms
step:1167/1480 train_time:58827ms step_avg:50.41ms
step:1168/1480 train_time:58912ms step_avg:50.44ms
step:1169/1480 train_time:58991ms step_avg:50.46ms
step:1170/1480 train_time:59077ms step_avg:50.49ms
step:1171/1480 train_time:59157ms step_avg:50.52ms
step:1172/1480 train_time:59240ms step_avg:50.55ms
step:1173/1480 train_time:59319ms step_avg:50.57ms
step:1174/1480 train_time:59404ms step_avg:50.60ms
step:1175/1480 train_time:59483ms step_avg:50.62ms
step:1176/1480 train_time:59569ms step_avg:50.65ms
step:1177/1480 train_time:59648ms step_avg:50.68ms
step:1178/1480 train_time:59732ms step_avg:50.71ms
step:1179/1480 train_time:59812ms step_avg:50.73ms
step:1180/1480 train_time:59896ms step_avg:50.76ms
step:1181/1480 train_time:59976ms step_avg:50.78ms
step:1182/1480 train_time:60062ms step_avg:50.81ms
step:1183/1480 train_time:60142ms step_avg:50.84ms
step:1184/1480 train_time:60226ms step_avg:50.87ms
step:1185/1480 train_time:60306ms step_avg:50.89ms
step:1186/1480 train_time:60391ms step_avg:50.92ms
step:1187/1480 train_time:60470ms step_avg:50.94ms
step:1188/1480 train_time:60554ms step_avg:50.97ms
step:1189/1480 train_time:60633ms step_avg:51.00ms
step:1190/1480 train_time:60718ms step_avg:51.02ms
step:1191/1480 train_time:60798ms step_avg:51.05ms
step:1192/1480 train_time:60883ms step_avg:51.08ms
step:1193/1480 train_time:60962ms step_avg:51.10ms
step:1194/1480 train_time:61047ms step_avg:51.13ms
step:1195/1480 train_time:61126ms step_avg:51.15ms
step:1196/1480 train_time:61211ms step_avg:51.18ms
step:1197/1480 train_time:61291ms step_avg:51.20ms
step:1198/1480 train_time:61375ms step_avg:51.23ms
step:1199/1480 train_time:61454ms step_avg:51.25ms
step:1200/1480 train_time:61538ms step_avg:51.28ms
step:1201/1480 train_time:61617ms step_avg:51.31ms
step:1202/1480 train_time:61702ms step_avg:51.33ms
step:1203/1480 train_time:61782ms step_avg:51.36ms
step:1204/1480 train_time:61867ms step_avg:51.38ms
step:1205/1480 train_time:61945ms step_avg:51.41ms
step:1206/1480 train_time:62029ms step_avg:51.43ms
step:1207/1480 train_time:62109ms step_avg:51.46ms
step:1208/1480 train_time:62194ms step_avg:51.49ms
step:1209/1480 train_time:62274ms step_avg:51.51ms
step:1210/1480 train_time:62359ms step_avg:51.54ms
step:1211/1480 train_time:62439ms step_avg:51.56ms
step:1212/1480 train_time:62523ms step_avg:51.59ms
step:1213/1480 train_time:62603ms step_avg:51.61ms
step:1214/1480 train_time:62689ms step_avg:51.64ms
step:1215/1480 train_time:62769ms step_avg:51.66ms
step:1216/1480 train_time:62853ms step_avg:51.69ms
step:1217/1480 train_time:62931ms step_avg:51.71ms
step:1218/1480 train_time:63016ms step_avg:51.74ms
step:1219/1480 train_time:63097ms step_avg:51.76ms
step:1220/1480 train_time:63182ms step_avg:51.79ms
step:1221/1480 train_time:63262ms step_avg:51.81ms
step:1222/1480 train_time:63346ms step_avg:51.84ms
step:1223/1480 train_time:63425ms step_avg:51.86ms
step:1224/1480 train_time:63510ms step_avg:51.89ms
step:1225/1480 train_time:63588ms step_avg:51.91ms
step:1226/1480 train_time:63673ms step_avg:51.94ms
step:1227/1480 train_time:63752ms step_avg:51.96ms
step:1228/1480 train_time:63836ms step_avg:51.98ms
step:1229/1480 train_time:63917ms step_avg:52.01ms
step:1230/1480 train_time:64001ms step_avg:52.03ms
step:1231/1480 train_time:64080ms step_avg:52.06ms
step:1232/1480 train_time:64164ms step_avg:52.08ms
step:1233/1480 train_time:64243ms step_avg:52.10ms
step:1234/1480 train_time:64329ms step_avg:52.13ms
step:1235/1480 train_time:64408ms step_avg:52.15ms
step:1236/1480 train_time:64491ms step_avg:52.18ms
step:1237/1480 train_time:64572ms step_avg:52.20ms
step:1238/1480 train_time:64658ms step_avg:52.23ms
step:1239/1480 train_time:64737ms step_avg:52.25ms
step:1240/1480 train_time:64821ms step_avg:52.27ms
step:1241/1480 train_time:64899ms step_avg:52.30ms
step:1242/1480 train_time:64984ms step_avg:52.32ms
step:1243/1480 train_time:65063ms step_avg:52.34ms
step:1244/1480 train_time:65148ms step_avg:52.37ms
step:1245/1480 train_time:65229ms step_avg:52.39ms
step:1246/1480 train_time:65313ms step_avg:52.42ms
step:1247/1480 train_time:65393ms step_avg:52.44ms
step:1248/1480 train_time:65478ms step_avg:52.47ms
step:1249/1480 train_time:65558ms step_avg:52.49ms
step:1250/1480 train_time:65641ms step_avg:52.51ms
step:1250/1480 val_loss:3.3687 train_time:65732ms step_avg:52.59ms
step:1251/1480 train_time:65748ms step_avg:52.56ms
step:1252/1480 train_time:65812ms step_avg:52.57ms
step:1253/1480 train_time:65894ms step_avg:52.59ms
step:1254/1480 train_time:65979ms step_avg:52.62ms
step:1255/1480 train_time:66059ms step_avg:52.64ms
step:1256/1480 train_time:66143ms step_avg:52.66ms
step:1257/1480 train_time:66221ms step_avg:52.68ms
step:1258/1480 train_time:66305ms step_avg:52.71ms
step:1259/1480 train_time:66384ms step_avg:52.73ms
step:1260/1480 train_time:66468ms step_avg:52.75ms
step:1261/1480 train_time:66546ms step_avg:52.77ms
step:1262/1480 train_time:66631ms step_avg:52.80ms
step:1263/1480 train_time:66711ms step_avg:52.82ms
step:1264/1480 train_time:66797ms step_avg:52.85ms
step:1265/1480 train_time:66878ms step_avg:52.87ms
step:1266/1480 train_time:66964ms step_avg:52.89ms
step:1267/1480 train_time:67044ms step_avg:52.92ms
step:1268/1480 train_time:67129ms step_avg:52.94ms
step:1269/1480 train_time:67208ms step_avg:52.96ms
step:1270/1480 train_time:67293ms step_avg:52.99ms
step:1271/1480 train_time:67371ms step_avg:53.01ms
step:1272/1480 train_time:67455ms step_avg:53.03ms
step:1273/1480 train_time:67535ms step_avg:53.05ms
step:1274/1480 train_time:67620ms step_avg:53.08ms
step:1275/1480 train_time:67699ms step_avg:53.10ms
step:1276/1480 train_time:67785ms step_avg:53.12ms
step:1277/1480 train_time:67864ms step_avg:53.14ms
step:1278/1480 train_time:67950ms step_avg:53.17ms
step:1279/1480 train_time:68031ms step_avg:53.19ms
step:1280/1480 train_time:68115ms step_avg:53.21ms
step:1281/1480 train_time:68195ms step_avg:53.24ms
step:1282/1480 train_time:68280ms step_avg:53.26ms
step:1283/1480 train_time:68359ms step_avg:53.28ms
step:1284/1480 train_time:68443ms step_avg:53.30ms
step:1285/1480 train_time:68522ms step_avg:53.32ms
step:1286/1480 train_time:68606ms step_avg:53.35ms
step:1287/1480 train_time:68685ms step_avg:53.37ms
step:1288/1480 train_time:68771ms step_avg:53.39ms
step:1289/1480 train_time:68850ms step_avg:53.41ms
step:1290/1480 train_time:68935ms step_avg:53.44ms
step:1291/1480 train_time:69014ms step_avg:53.46ms
step:1292/1480 train_time:69099ms step_avg:53.48ms
step:1293/1480 train_time:69179ms step_avg:53.50ms
step:1294/1480 train_time:69263ms step_avg:53.53ms
step:1295/1480 train_time:69343ms step_avg:53.55ms
step:1296/1480 train_time:69427ms step_avg:53.57ms
step:1297/1480 train_time:69507ms step_avg:53.59ms
step:1298/1480 train_time:69592ms step_avg:53.61ms
step:1299/1480 train_time:69670ms step_avg:53.63ms
step:1300/1480 train_time:69754ms step_avg:53.66ms
step:1301/1480 train_time:69835ms step_avg:53.68ms
step:1302/1480 train_time:69920ms step_avg:53.70ms
step:1303/1480 train_time:70000ms step_avg:53.72ms
step:1304/1480 train_time:70088ms step_avg:53.75ms
step:1305/1480 train_time:70167ms step_avg:53.77ms
step:1306/1480 train_time:70251ms step_avg:53.79ms
step:1307/1480 train_time:70331ms step_avg:53.81ms
step:1308/1480 train_time:70416ms step_avg:53.83ms
step:1309/1480 train_time:70494ms step_avg:53.85ms
step:1310/1480 train_time:70580ms step_avg:53.88ms
step:1311/1480 train_time:70659ms step_avg:53.90ms
step:1312/1480 train_time:70744ms step_avg:53.92ms
step:1313/1480 train_time:70822ms step_avg:53.94ms
step:1314/1480 train_time:70910ms step_avg:53.96ms
step:1315/1480 train_time:70990ms step_avg:53.98ms
step:1316/1480 train_time:71075ms step_avg:54.01ms
step:1317/1480 train_time:71153ms step_avg:54.03ms
step:1318/1480 train_time:71238ms step_avg:54.05ms
step:1319/1480 train_time:71318ms step_avg:54.07ms
step:1320/1480 train_time:71403ms step_avg:54.09ms
step:1321/1480 train_time:71482ms step_avg:54.11ms
step:1322/1480 train_time:71565ms step_avg:54.13ms
step:1323/1480 train_time:71644ms step_avg:54.15ms
step:1324/1480 train_time:71729ms step_avg:54.18ms
step:1325/1480 train_time:71808ms step_avg:54.19ms
step:1326/1480 train_time:71895ms step_avg:54.22ms
step:1327/1480 train_time:71974ms step_avg:54.24ms
step:1328/1480 train_time:72060ms step_avg:54.26ms
step:1329/1480 train_time:72139ms step_avg:54.28ms
step:1330/1480 train_time:72224ms step_avg:54.30ms
step:1331/1480 train_time:72303ms step_avg:54.32ms
step:1332/1480 train_time:72388ms step_avg:54.35ms
step:1333/1480 train_time:72467ms step_avg:54.36ms
step:1334/1480 train_time:72551ms step_avg:54.39ms
step:1335/1480 train_time:72631ms step_avg:54.41ms
step:1336/1480 train_time:72715ms step_avg:54.43ms
step:1337/1480 train_time:72794ms step_avg:54.45ms
step:1338/1480 train_time:72880ms step_avg:54.47ms
step:1339/1480 train_time:72960ms step_avg:54.49ms
step:1340/1480 train_time:73044ms step_avg:54.51ms
step:1341/1480 train_time:73124ms step_avg:54.53ms
step:1342/1480 train_time:73208ms step_avg:54.55ms
step:1343/1480 train_time:73287ms step_avg:54.57ms
step:1344/1480 train_time:73371ms step_avg:54.59ms
step:1345/1480 train_time:73450ms step_avg:54.61ms
step:1346/1480 train_time:73535ms step_avg:54.63ms
step:1347/1480 train_time:73615ms step_avg:54.65ms
step:1348/1480 train_time:73699ms step_avg:54.67ms
step:1349/1480 train_time:73778ms step_avg:54.69ms
step:1350/1480 train_time:73863ms step_avg:54.71ms
step:1351/1480 train_time:73943ms step_avg:54.73ms
step:1352/1480 train_time:74029ms step_avg:54.76ms
step:1353/1480 train_time:74110ms step_avg:54.77ms
step:1354/1480 train_time:74194ms step_avg:54.80ms
step:1355/1480 train_time:74273ms step_avg:54.81ms
step:1356/1480 train_time:74357ms step_avg:54.84ms
step:1357/1480 train_time:74439ms step_avg:54.86ms
step:1358/1480 train_time:74524ms step_avg:54.88ms
step:1359/1480 train_time:74603ms step_avg:54.90ms
step:1360/1480 train_time:74688ms step_avg:54.92ms
step:1361/1480 train_time:74766ms step_avg:54.93ms
step:1362/1480 train_time:74851ms step_avg:54.96ms
step:1363/1480 train_time:74931ms step_avg:54.98ms
step:1364/1480 train_time:75015ms step_avg:55.00ms
step:1365/1480 train_time:75094ms step_avg:55.01ms
step:1366/1480 train_time:75180ms step_avg:55.04ms
step:1367/1480 train_time:75260ms step_avg:55.06ms
step:1368/1480 train_time:75344ms step_avg:55.08ms
step:1369/1480 train_time:75424ms step_avg:55.09ms
step:1370/1480 train_time:75509ms step_avg:55.12ms
step:1371/1480 train_time:75588ms step_avg:55.13ms
step:1372/1480 train_time:75672ms step_avg:55.15ms
step:1373/1480 train_time:75751ms step_avg:55.17ms
step:1374/1480 train_time:75836ms step_avg:55.19ms
step:1375/1480 train_time:75917ms step_avg:55.21ms
step:1376/1480 train_time:76002ms step_avg:55.23ms
step:1377/1480 train_time:76082ms step_avg:55.25ms
step:1378/1480 train_time:76165ms step_avg:55.27ms
step:1379/1480 train_time:76244ms step_avg:55.29ms
step:1380/1480 train_time:76331ms step_avg:55.31ms
step:1381/1480 train_time:76410ms step_avg:55.33ms
step:1382/1480 train_time:76495ms step_avg:55.35ms
step:1383/1480 train_time:76574ms step_avg:55.37ms
step:1384/1480 train_time:76659ms step_avg:55.39ms
step:1385/1480 train_time:76740ms step_avg:55.41ms
step:1386/1480 train_time:76825ms step_avg:55.43ms
step:1387/1480 train_time:76905ms step_avg:55.45ms
step:1388/1480 train_time:76990ms step_avg:55.47ms
step:1389/1480 train_time:77069ms step_avg:55.49ms
step:1390/1480 train_time:77153ms step_avg:55.51ms
step:1391/1480 train_time:77232ms step_avg:55.52ms
step:1392/1480 train_time:77318ms step_avg:55.54ms
step:1393/1480 train_time:77397ms step_avg:55.56ms
step:1394/1480 train_time:77481ms step_avg:55.58ms
step:1395/1480 train_time:77560ms step_avg:55.60ms
step:1396/1480 train_time:77645ms step_avg:55.62ms
step:1397/1480 train_time:77725ms step_avg:55.64ms
step:1398/1480 train_time:77810ms step_avg:55.66ms
step:1399/1480 train_time:77890ms step_avg:55.68ms
step:1400/1480 train_time:77974ms step_avg:55.70ms
step:1401/1480 train_time:78053ms step_avg:55.71ms
step:1402/1480 train_time:78137ms step_avg:55.73ms
step:1403/1480 train_time:78217ms step_avg:55.75ms
step:1404/1480 train_time:78300ms step_avg:55.77ms
step:1405/1480 train_time:78380ms step_avg:55.79ms
step:1406/1480 train_time:78464ms step_avg:55.81ms
step:1407/1480 train_time:78544ms step_avg:55.82ms
step:1408/1480 train_time:78629ms step_avg:55.84ms
step:1409/1480 train_time:78709ms step_avg:55.86ms
step:1410/1480 train_time:78795ms step_avg:55.88ms
step:1411/1480 train_time:78873ms step_avg:55.90ms
step:1412/1480 train_time:78958ms step_avg:55.92ms
step:1413/1480 train_time:79039ms step_avg:55.94ms
step:1414/1480 train_time:79123ms step_avg:55.96ms
step:1415/1480 train_time:79204ms step_avg:55.97ms
step:1416/1480 train_time:79290ms step_avg:56.00ms
step:1417/1480 train_time:79369ms step_avg:56.01ms
step:1418/1480 train_time:79453ms step_avg:56.03ms
step:1419/1480 train_time:79532ms step_avg:56.05ms
step:1420/1480 train_time:79617ms step_avg:56.07ms
step:1421/1480 train_time:79698ms step_avg:56.09ms
step:1422/1480 train_time:79783ms step_avg:56.11ms
step:1423/1480 train_time:79861ms step_avg:56.12ms
step:1424/1480 train_time:79945ms step_avg:56.14ms
step:1425/1480 train_time:80024ms step_avg:56.16ms
step:1426/1480 train_time:80110ms step_avg:56.18ms
step:1427/1480 train_time:80190ms step_avg:56.19ms
step:1428/1480 train_time:80275ms step_avg:56.21ms
step:1429/1480 train_time:80352ms step_avg:56.23ms
step:1430/1480 train_time:80437ms step_avg:56.25ms
step:1431/1480 train_time:80516ms step_avg:56.27ms
step:1432/1480 train_time:80601ms step_avg:56.29ms
step:1433/1480 train_time:80682ms step_avg:56.30ms
step:1434/1480 train_time:80766ms step_avg:56.32ms
step:1435/1480 train_time:80846ms step_avg:56.34ms
step:1436/1480 train_time:80931ms step_avg:56.36ms
step:1437/1480 train_time:81010ms step_avg:56.37ms
step:1438/1480 train_time:81095ms step_avg:56.39ms
step:1439/1480 train_time:81175ms step_avg:56.41ms
step:1440/1480 train_time:81259ms step_avg:56.43ms
step:1441/1480 train_time:81340ms step_avg:56.45ms
step:1442/1480 train_time:81430ms step_avg:56.47ms
step:1443/1480 train_time:81509ms step_avg:56.49ms
step:1444/1480 train_time:81595ms step_avg:56.51ms
step:1445/1480 train_time:81674ms step_avg:56.52ms
step:1446/1480 train_time:81758ms step_avg:56.54ms
step:1447/1480 train_time:81839ms step_avg:56.56ms
step:1448/1480 train_time:81924ms step_avg:56.58ms
step:1449/1480 train_time:82005ms step_avg:56.59ms
step:1450/1480 train_time:82089ms step_avg:56.61ms
step:1451/1480 train_time:82169ms step_avg:56.63ms
step:1452/1480 train_time:82254ms step_avg:56.65ms
step:1453/1480 train_time:82335ms step_avg:56.67ms
step:1454/1480 train_time:82421ms step_avg:56.69ms
step:1455/1480 train_time:82500ms step_avg:56.70ms
step:1456/1480 train_time:82586ms step_avg:56.72ms
step:1457/1480 train_time:82665ms step_avg:56.74ms
step:1458/1480 train_time:82748ms step_avg:56.75ms
step:1459/1480 train_time:82828ms step_avg:56.77ms
step:1460/1480 train_time:82914ms step_avg:56.79ms
step:1461/1480 train_time:82994ms step_avg:56.81ms
step:1462/1480 train_time:83079ms step_avg:56.83ms
step:1463/1480 train_time:83158ms step_avg:56.84ms
step:1464/1480 train_time:83242ms step_avg:56.86ms
step:1465/1480 train_time:83323ms step_avg:56.88ms
step:1466/1480 train_time:83408ms step_avg:56.90ms
step:1467/1480 train_time:83488ms step_avg:56.91ms
step:1468/1480 train_time:83572ms step_avg:56.93ms
step:1469/1480 train_time:83650ms step_avg:56.94ms
step:1470/1480 train_time:83737ms step_avg:56.96ms
step:1471/1480 train_time:83817ms step_avg:56.98ms
step:1472/1480 train_time:83903ms step_avg:57.00ms
step:1473/1480 train_time:83983ms step_avg:57.02ms
step:1474/1480 train_time:84067ms step_avg:57.03ms
step:1475/1480 train_time:84146ms step_avg:57.05ms
step:1476/1480 train_time:84232ms step_avg:57.07ms
step:1477/1480 train_time:84312ms step_avg:57.08ms
step:1478/1480 train_time:84398ms step_avg:57.10ms
step:1479/1480 train_time:84478ms step_avg:57.12ms
step:1480/1480 train_time:84564ms step_avg:57.14ms
step:1480/1480 val_loss:3.2800 train_time:84653ms step_avg:57.20ms
peak memory allocated: 31351 MiB reserved: 45970 MiB
