W0420 01:27:08.617000 83181 torch/distributed/run.py:852] 
W0420 01:27:08.617000 83181 torch/distributed/run.py:852] *****************************************
W0420 01:27:08.617000 83181 torch/distributed/run.py:852] Setting OMP_NUM_THREADS environment variable for each process to be 1 in default, to avoid your system being overloaded, please further tune the variable for optimal performance in your application as needed. 
W0420 01:27:08.617000 83181 torch/distributed/run.py:852] *****************************************
[Gloo] Rank 0 is connected to 7 peer ranks. Expected number of connected peer ranks is : 7
[Gloo] Rank 1 is connected to 7 peer ranks. Expected number of connected peer ranks is : 7
[Gloo] Rank 5 is connected to 7 peer ranks. Expected number of connected peer ranks is : 7
[Gloo] Rank 3 is connected to 7 peer ranks. [Gloo] Rank Expected number of connected peer ranks is : 67 is connected to 
7 peer ranks. [Gloo] Rank Expected number of connected peer ranks is : 47 is connected to [Gloo] Rank 
27 is connected to  peer ranks. 7Expected number of connected peer ranks is :  peer ranks. 7Expected number of connected peer ranks is : 
7
[Gloo] Rank 7 is connected to 7 peer ranks. Expected number of connected peer ranks is : 7
Warning: You are sending unauthenticated requests to the HF Hub. Please set a HF_TOKEN to enable higher rate limits and faster downloads.
Warning: You are sending unauthenticated requests to the HF Hub. Please set a HF_TOKEN to enable higher rate limits and faster downloads.
Fetching 4 files:   0%|          | 0/4 [00:00<?, ?it/s]Fetching 4 files: 100%|██████████| 4/4 [00:00<00:00, 93727.46it/s]
Fetching 4 files:   0%|          | 0/4 [00:00<?, ?it/s]Fetching 4 files: 100%|██████████| 4/4 [00:00<00:00, 90687.65it/s]
Fetching 4 files:   0%|          | 0/4 [00:00<?, ?it/s]Fetching 4 files: 100%|██████████| 4/4 [00:00<00:00, 101067.57it/s]
Fetching 4 files:   0%|          | 0/4 [00:00<?, ?it/s]Fetching 4 files: 100%|██████████| 4/4 [00:00<00:00, 93206.76it/s]
Fetching 4 files:   0%|          | 0/4 [00:00<?, ?it/s]Fetching 4 files: 100%|██████████| 4/4 [00:00<00:00, 90687.65it/s]
Fetching 4 files:   0%|          | 0/4 [00:00<?, ?it/s]Fetching 4 files: 100%|██████████| 4/4 [00:00<00:00, 87381.33it/s]
Fetching 4 files:   0%|          | 0/4 [00:00<?, ?it/s]Fetching 4 files: 100%|██████████| 4/4 [00:00<00:00, 83886.08it/s]
Fetching 4 files:   0%|          | 0/4 [00:00<?, ?it/s]Fetching 4 files: 100%|██████████| 4/4 [00:00<00:00, 89240.51it/s]
logs/5f55e453-9460-4a7a-a5f3-93f46256ccac.txt
Compiling model and warming up kernels (~7 minutes on first execution)
Sampling steps [0, 1, 478, 479, 480, 481, 958, 959, 960, 961, 1438, 1439, 1440, 1441] for warmup
Resetting Model
step:0/1480 val_loss:10.8279 train_time:0ms step_avg:0.03ms
step:1/1480 train_time:77ms step_avg:76.67ms
step:2/1480 train_time:96ms step_avg:47.99ms
step:3/1480 train_time:112ms step_avg:37.48ms
step:4/1480 train_time:146ms step_avg:36.57ms
step:5/1480 train_time:174ms step_avg:34.76ms
step:6/1480 train_time:207ms step_avg:34.58ms
step:7/1480 train_time:235ms step_avg:33.62ms
step:8/1480 train_time:269ms step_avg:33.64ms
step:9/1480 train_time:297ms step_avg:33.02ms
step:10/1480 train_time:331ms step_avg:33.11ms
step:11/1480 train_time:359ms step_avg:32.67ms
step:12/1480 train_time:393ms step_avg:32.74ms
step:13/1480 train_time:421ms step_avg:32.39ms
step:14/1480 train_time:455ms step_avg:32.48ms
step:15/1480 train_time:483ms step_avg:32.19ms
step:16/1480 train_time:516ms step_avg:32.28ms
step:17/1480 train_time:545ms step_avg:32.03ms
step:18/1480 train_time:578ms step_avg:32.13ms
step:19/1480 train_time:606ms step_avg:31.92ms
step:20/1480 train_time:640ms step_avg:32.02ms
step:21/1480 train_time:668ms step_avg:31.82ms
step:22/1480 train_time:702ms step_avg:31.93ms
step:23/1480 train_time:730ms step_avg:31.75ms
step:24/1480 train_time:764ms step_avg:31.84ms
step:25/1480 train_time:792ms step_avg:31.68ms
step:26/1480 train_time:826ms step_avg:31.76ms
step:27/1480 train_time:854ms step_avg:31.62ms
step:28/1480 train_time:887ms step_avg:31.69ms
step:29/1480 train_time:915ms step_avg:31.56ms
step:30/1480 train_time:949ms step_avg:31.62ms
step:31/1480 train_time:978ms step_avg:31.53ms
step:32/1480 train_time:1012ms step_avg:31.61ms
step:33/1480 train_time:1040ms step_avg:31.53ms
step:34/1480 train_time:1075ms step_avg:31.61ms
step:35/1480 train_time:1103ms step_avg:31.52ms
step:36/1480 train_time:1138ms step_avg:31.60ms
step:37/1480 train_time:1166ms step_avg:31.52ms
step:38/1480 train_time:1200ms step_avg:31.59ms
step:39/1480 train_time:1228ms step_avg:31.50ms
step:40/1480 train_time:1262ms step_avg:31.56ms
step:41/1480 train_time:1290ms step_avg:31.47ms
step:42/1480 train_time:1324ms step_avg:31.53ms
step:43/1480 train_time:1352ms step_avg:31.45ms
step:44/1480 train_time:1386ms step_avg:31.50ms
step:45/1480 train_time:1415ms step_avg:31.44ms
step:46/1480 train_time:1448ms step_avg:31.48ms
step:47/1480 train_time:1477ms step_avg:31.42ms
step:48/1480 train_time:1511ms step_avg:31.47ms
step:49/1480 train_time:1539ms step_avg:31.41ms
step:50/1480 train_time:1573ms step_avg:31.46ms
step:51/1480 train_time:1601ms step_avg:31.39ms
step:52/1480 train_time:1635ms step_avg:31.44ms
step:53/1480 train_time:1663ms step_avg:31.37ms
step:54/1480 train_time:1696ms step_avg:31.42ms
step:55/1480 train_time:1725ms step_avg:31.35ms
step:56/1480 train_time:1758ms step_avg:31.40ms
step:57/1480 train_time:1786ms step_avg:31.34ms
step:58/1480 train_time:1820ms step_avg:31.39ms
step:59/1480 train_time:1848ms step_avg:31.33ms
step:60/1480 train_time:1882ms step_avg:31.36ms
step:61/1480 train_time:1910ms step_avg:31.31ms
step:62/1480 train_time:1943ms step_avg:31.35ms
step:63/1480 train_time:1972ms step_avg:31.30ms
step:64/1480 train_time:2006ms step_avg:31.34ms
step:65/1480 train_time:2034ms step_avg:31.29ms
step:66/1480 train_time:2068ms step_avg:31.33ms
step:67/1480 train_time:2097ms step_avg:31.30ms
step:68/1480 train_time:2130ms step_avg:31.33ms
step:69/1480 train_time:2159ms step_avg:31.29ms
step:70/1480 train_time:2192ms step_avg:31.32ms
step:71/1480 train_time:2221ms step_avg:31.28ms
step:72/1480 train_time:2254ms step_avg:31.31ms
step:73/1480 train_time:2282ms step_avg:31.27ms
step:74/1480 train_time:2316ms step_avg:31.30ms
step:75/1480 train_time:2344ms step_avg:31.25ms
step:76/1480 train_time:2378ms step_avg:31.28ms
step:77/1480 train_time:2406ms step_avg:31.24ms
step:78/1480 train_time:2439ms step_avg:31.28ms
step:79/1480 train_time:2468ms step_avg:31.24ms
step:80/1480 train_time:2502ms step_avg:31.27ms
step:81/1480 train_time:2530ms step_avg:31.23ms
step:82/1480 train_time:2564ms step_avg:31.27ms
step:83/1480 train_time:2593ms step_avg:31.24ms
step:84/1480 train_time:2626ms step_avg:31.26ms
step:85/1480 train_time:2655ms step_avg:31.23ms
step:86/1480 train_time:2688ms step_avg:31.26ms
step:87/1480 train_time:2717ms step_avg:31.22ms
step:88/1480 train_time:2750ms step_avg:31.25ms
step:89/1480 train_time:2778ms step_avg:31.22ms
step:90/1480 train_time:2812ms step_avg:31.24ms
step:91/1480 train_time:2840ms step_avg:31.21ms
step:92/1480 train_time:2873ms step_avg:31.23ms
step:93/1480 train_time:2902ms step_avg:31.20ms
step:94/1480 train_time:2935ms step_avg:31.23ms
step:95/1480 train_time:2963ms step_avg:31.19ms
step:96/1480 train_time:2997ms step_avg:31.22ms
step:97/1480 train_time:3025ms step_avg:31.19ms
step:98/1480 train_time:3059ms step_avg:31.22ms
step:99/1480 train_time:3087ms step_avg:31.19ms
step:100/1480 train_time:3122ms step_avg:31.22ms
step:101/1480 train_time:3150ms step_avg:31.18ms
step:102/1480 train_time:3184ms step_avg:31.21ms
step:103/1480 train_time:3212ms step_avg:31.18ms
step:104/1480 train_time:3245ms step_avg:31.20ms
step:105/1480 train_time:3274ms step_avg:31.18ms
step:106/1480 train_time:3308ms step_avg:31.21ms
step:107/1480 train_time:3336ms step_avg:31.18ms
step:108/1480 train_time:3370ms step_avg:31.20ms
step:109/1480 train_time:3398ms step_avg:31.18ms
step:110/1480 train_time:3432ms step_avg:31.20ms
step:111/1480 train_time:3460ms step_avg:31.17ms
step:112/1480 train_time:3494ms step_avg:31.19ms
step:113/1480 train_time:3522ms step_avg:31.17ms
step:114/1480 train_time:3556ms step_avg:31.19ms
step:115/1480 train_time:3583ms step_avg:31.16ms
step:116/1480 train_time:3617ms step_avg:31.18ms
step:117/1480 train_time:3645ms step_avg:31.16ms
step:118/1480 train_time:3680ms step_avg:31.18ms
step:119/1480 train_time:3707ms step_avg:31.16ms
step:120/1480 train_time:3742ms step_avg:31.18ms
step:121/1480 train_time:3769ms step_avg:31.15ms
step:122/1480 train_time:3803ms step_avg:31.17ms
step:123/1480 train_time:3832ms step_avg:31.15ms
step:124/1480 train_time:3866ms step_avg:31.17ms
step:125/1480 train_time:3894ms step_avg:31.15ms
step:126/1480 train_time:3928ms step_avg:31.17ms
step:127/1480 train_time:3956ms step_avg:31.15ms
step:128/1480 train_time:3990ms step_avg:31.17ms
step:129/1480 train_time:4018ms step_avg:31.15ms
step:130/1480 train_time:4052ms step_avg:31.17ms
step:131/1480 train_time:4080ms step_avg:31.14ms
step:132/1480 train_time:4114ms step_avg:31.16ms
step:133/1480 train_time:4142ms step_avg:31.14ms
step:134/1480 train_time:4175ms step_avg:31.16ms
step:135/1480 train_time:4203ms step_avg:31.14ms
step:136/1480 train_time:4237ms step_avg:31.15ms
step:137/1480 train_time:4265ms step_avg:31.13ms
step:138/1480 train_time:4299ms step_avg:31.15ms
step:139/1480 train_time:4327ms step_avg:31.13ms
step:140/1480 train_time:4361ms step_avg:31.15ms
step:141/1480 train_time:4389ms step_avg:31.13ms
step:142/1480 train_time:4423ms step_avg:31.15ms
step:143/1480 train_time:4451ms step_avg:31.13ms
step:144/1480 train_time:4485ms step_avg:31.14ms
step:145/1480 train_time:4513ms step_avg:31.12ms
step:146/1480 train_time:4546ms step_avg:31.14ms
step:147/1480 train_time:4575ms step_avg:31.12ms
step:148/1480 train_time:4608ms step_avg:31.14ms
step:149/1480 train_time:4636ms step_avg:31.12ms
step:150/1480 train_time:4670ms step_avg:31.13ms
step:151/1480 train_time:4699ms step_avg:31.12ms
step:152/1480 train_time:4732ms step_avg:31.13ms
step:153/1480 train_time:4761ms step_avg:31.12ms
step:154/1480 train_time:4794ms step_avg:31.13ms
step:155/1480 train_time:4822ms step_avg:31.11ms
step:156/1480 train_time:4856ms step_avg:31.13ms
step:157/1480 train_time:4884ms step_avg:31.11ms
step:158/1480 train_time:4918ms step_avg:31.13ms
step:159/1480 train_time:4946ms step_avg:31.11ms
step:160/1480 train_time:4980ms step_avg:31.12ms
step:161/1480 train_time:5008ms step_avg:31.10ms
step:162/1480 train_time:5042ms step_avg:31.12ms
step:163/1480 train_time:5070ms step_avg:31.10ms
step:164/1480 train_time:5103ms step_avg:31.12ms
step:165/1480 train_time:5131ms step_avg:31.10ms
step:166/1480 train_time:5165ms step_avg:31.12ms
step:167/1480 train_time:5194ms step_avg:31.10ms
step:168/1480 train_time:5227ms step_avg:31.11ms
step:169/1480 train_time:5256ms step_avg:31.10ms
step:170/1480 train_time:5289ms step_avg:31.11ms
step:171/1480 train_time:5318ms step_avg:31.10ms
step:172/1480 train_time:5351ms step_avg:31.11ms
step:173/1480 train_time:5379ms step_avg:31.10ms
step:174/1480 train_time:5413ms step_avg:31.11ms
step:175/1480 train_time:5441ms step_avg:31.09ms
step:176/1480 train_time:5475ms step_avg:31.11ms
step:177/1480 train_time:5503ms step_avg:31.09ms
step:178/1480 train_time:5536ms step_avg:31.10ms
step:179/1480 train_time:5564ms step_avg:31.09ms
step:180/1480 train_time:5598ms step_avg:31.10ms
step:181/1480 train_time:5626ms step_avg:31.08ms
step:182/1480 train_time:5660ms step_avg:31.10ms
step:183/1480 train_time:5688ms step_avg:31.08ms
step:184/1480 train_time:5722ms step_avg:31.10ms
step:185/1480 train_time:5750ms step_avg:31.08ms
step:186/1480 train_time:5784ms step_avg:31.09ms
step:187/1480 train_time:5812ms step_avg:31.08ms
step:188/1480 train_time:5845ms step_avg:31.09ms
step:189/1480 train_time:5874ms step_avg:31.08ms
step:190/1480 train_time:5908ms step_avg:31.09ms
step:191/1480 train_time:5936ms step_avg:31.08ms
step:192/1480 train_time:5970ms step_avg:31.09ms
step:193/1480 train_time:5998ms step_avg:31.08ms
step:194/1480 train_time:6032ms step_avg:31.09ms
step:195/1480 train_time:6060ms step_avg:31.08ms
step:196/1480 train_time:6093ms step_avg:31.09ms
step:197/1480 train_time:6121ms step_avg:31.07ms
step:198/1480 train_time:6155ms step_avg:31.09ms
step:199/1480 train_time:6183ms step_avg:31.07ms
step:200/1480 train_time:6217ms step_avg:31.08ms
step:201/1480 train_time:6245ms step_avg:31.07ms
step:202/1480 train_time:6278ms step_avg:31.08ms
step:203/1480 train_time:6306ms step_avg:31.07ms
step:204/1480 train_time:6341ms step_avg:31.08ms
step:205/1480 train_time:6369ms step_avg:31.07ms
step:206/1480 train_time:6402ms step_avg:31.08ms
step:207/1480 train_time:6430ms step_avg:31.06ms
step:208/1480 train_time:6464ms step_avg:31.08ms
step:209/1480 train_time:6492ms step_avg:31.06ms
step:210/1480 train_time:6526ms step_avg:31.08ms
step:211/1480 train_time:6554ms step_avg:31.06ms
step:212/1480 train_time:6588ms step_avg:31.07ms
step:213/1480 train_time:6616ms step_avg:31.06ms
step:214/1480 train_time:6649ms step_avg:31.07ms
step:215/1480 train_time:6678ms step_avg:31.06ms
step:216/1480 train_time:6711ms step_avg:31.07ms
step:217/1480 train_time:6740ms step_avg:31.06ms
step:218/1480 train_time:6773ms step_avg:31.07ms
step:219/1480 train_time:6801ms step_avg:31.06ms
step:220/1480 train_time:6835ms step_avg:31.07ms
step:221/1480 train_time:6863ms step_avg:31.05ms
step:222/1480 train_time:6897ms step_avg:31.07ms
step:223/1480 train_time:6925ms step_avg:31.05ms
step:224/1480 train_time:6959ms step_avg:31.07ms
step:225/1480 train_time:6986ms step_avg:31.05ms
step:226/1480 train_time:7020ms step_avg:31.06ms
step:227/1480 train_time:7048ms step_avg:31.05ms
step:228/1480 train_time:7082ms step_avg:31.06ms
step:229/1480 train_time:7110ms step_avg:31.05ms
step:230/1480 train_time:7144ms step_avg:31.06ms
step:231/1480 train_time:7172ms step_avg:31.05ms
step:232/1480 train_time:7206ms step_avg:31.06ms
step:233/1480 train_time:7234ms step_avg:31.05ms
step:234/1480 train_time:7268ms step_avg:31.06ms
step:235/1480 train_time:7297ms step_avg:31.05ms
step:236/1480 train_time:7330ms step_avg:31.06ms
step:237/1480 train_time:7358ms step_avg:31.05ms
step:238/1480 train_time:7392ms step_avg:31.06ms
step:239/1480 train_time:7420ms step_avg:31.05ms
step:240/1480 train_time:7454ms step_avg:31.06ms
step:241/1480 train_time:7482ms step_avg:31.05ms
step:242/1480 train_time:7516ms step_avg:31.06ms
step:243/1480 train_time:7544ms step_avg:31.05ms
step:244/1480 train_time:7577ms step_avg:31.06ms
step:245/1480 train_time:7605ms step_avg:31.04ms
step:246/1480 train_time:7639ms step_avg:31.05ms
step:247/1480 train_time:7667ms step_avg:31.04ms
step:248/1480 train_time:7701ms step_avg:31.05ms
step:249/1480 train_time:7729ms step_avg:31.04ms
step:250/1480 train_time:7763ms step_avg:31.05ms
step:250/1480 val_loss:4.5047 train_time:7800ms step_avg:31.20ms
step:251/1480 train_time:7814ms step_avg:31.13ms
step:252/1480 train_time:7830ms step_avg:31.07ms
step:253/1480 train_time:7855ms step_avg:31.05ms
step:254/1480 train_time:7892ms step_avg:31.07ms
step:255/1480 train_time:7920ms step_avg:31.06ms
step:256/1480 train_time:7956ms step_avg:31.08ms
step:257/1480 train_time:7985ms step_avg:31.07ms
step:258/1480 train_time:8019ms step_avg:31.08ms
step:259/1480 train_time:8048ms step_avg:31.07ms
step:260/1480 train_time:8081ms step_avg:31.08ms
step:261/1480 train_time:8110ms step_avg:31.07ms
step:262/1480 train_time:8144ms step_avg:31.08ms
step:263/1480 train_time:8172ms step_avg:31.07ms
step:264/1480 train_time:8205ms step_avg:31.08ms
step:265/1480 train_time:8233ms step_avg:31.07ms
step:266/1480 train_time:8267ms step_avg:31.08ms
step:267/1480 train_time:8295ms step_avg:31.07ms
step:268/1480 train_time:8328ms step_avg:31.07ms
step:269/1480 train_time:8356ms step_avg:31.06ms
step:270/1480 train_time:8389ms step_avg:31.07ms
step:271/1480 train_time:8417ms step_avg:31.06ms
step:272/1480 train_time:8451ms step_avg:31.07ms
step:273/1480 train_time:8479ms step_avg:31.06ms
step:274/1480 train_time:8513ms step_avg:31.07ms
step:275/1480 train_time:8540ms step_avg:31.06ms
step:276/1480 train_time:8574ms step_avg:31.07ms
step:277/1480 train_time:8602ms step_avg:31.05ms
step:278/1480 train_time:8635ms step_avg:31.06ms
step:279/1480 train_time:8663ms step_avg:31.05ms
step:280/1480 train_time:8697ms step_avg:31.06ms
step:281/1480 train_time:8725ms step_avg:31.05ms
step:282/1480 train_time:8758ms step_avg:31.06ms
step:283/1480 train_time:8787ms step_avg:31.05ms
step:284/1480 train_time:8821ms step_avg:31.06ms
step:285/1480 train_time:8849ms step_avg:31.05ms
step:286/1480 train_time:8883ms step_avg:31.06ms
step:287/1480 train_time:8912ms step_avg:31.05ms
step:288/1480 train_time:8945ms step_avg:31.06ms
step:289/1480 train_time:8973ms step_avg:31.05ms
step:290/1480 train_time:9007ms step_avg:31.06ms
step:291/1480 train_time:9035ms step_avg:31.05ms
step:292/1480 train_time:9070ms step_avg:31.06ms
step:293/1480 train_time:9098ms step_avg:31.05ms
step:294/1480 train_time:9131ms step_avg:31.06ms
step:295/1480 train_time:9159ms step_avg:31.05ms
step:296/1480 train_time:9193ms step_avg:31.06ms
step:297/1480 train_time:9221ms step_avg:31.05ms
step:298/1480 train_time:9255ms step_avg:31.06ms
step:299/1480 train_time:9283ms step_avg:31.05ms
step:300/1480 train_time:9317ms step_avg:31.06ms
step:301/1480 train_time:9346ms step_avg:31.05ms
step:302/1480 train_time:9379ms step_avg:31.06ms
step:303/1480 train_time:9407ms step_avg:31.05ms
step:304/1480 train_time:9441ms step_avg:31.06ms
step:305/1480 train_time:9469ms step_avg:31.05ms
step:306/1480 train_time:9503ms step_avg:31.05ms
step:307/1480 train_time:9531ms step_avg:31.04ms
step:308/1480 train_time:9564ms step_avg:31.05ms
step:309/1480 train_time:9592ms step_avg:31.04ms
step:310/1480 train_time:9626ms step_avg:31.05ms
step:311/1480 train_time:9654ms step_avg:31.04ms
step:312/1480 train_time:9687ms step_avg:31.05ms
step:313/1480 train_time:9715ms step_avg:31.04ms
step:314/1480 train_time:9749ms step_avg:31.05ms
step:315/1480 train_time:9777ms step_avg:31.04ms
step:316/1480 train_time:9811ms step_avg:31.05ms
step:317/1480 train_time:9839ms step_avg:31.04ms
step:318/1480 train_time:9873ms step_avg:31.05ms
step:319/1480 train_time:9901ms step_avg:31.04ms
step:320/1480 train_time:9934ms step_avg:31.04ms
step:321/1480 train_time:9962ms step_avg:31.03ms
step:322/1480 train_time:9996ms step_avg:31.04ms
step:323/1480 train_time:10024ms step_avg:31.04ms
step:324/1480 train_time:10058ms step_avg:31.04ms
step:325/1480 train_time:10087ms step_avg:31.04ms
step:326/1480 train_time:10120ms step_avg:31.04ms
step:327/1480 train_time:10149ms step_avg:31.04ms
step:328/1480 train_time:10182ms step_avg:31.04ms
step:329/1480 train_time:10211ms step_avg:31.04ms
step:330/1480 train_time:10245ms step_avg:31.04ms
step:331/1480 train_time:10273ms step_avg:31.04ms
step:332/1480 train_time:10307ms step_avg:31.04ms
step:333/1480 train_time:10335ms step_avg:31.04ms
step:334/1480 train_time:10368ms step_avg:31.04ms
step:335/1480 train_time:10396ms step_avg:31.03ms
step:336/1480 train_time:10430ms step_avg:31.04ms
step:337/1480 train_time:10458ms step_avg:31.03ms
step:338/1480 train_time:10492ms step_avg:31.04ms
step:339/1480 train_time:10520ms step_avg:31.03ms
step:340/1480 train_time:10554ms step_avg:31.04ms
step:341/1480 train_time:10582ms step_avg:31.03ms
step:342/1480 train_time:10616ms step_avg:31.04ms
step:343/1480 train_time:10644ms step_avg:31.03ms
step:344/1480 train_time:10678ms step_avg:31.04ms
step:345/1480 train_time:10706ms step_avg:31.03ms
step:346/1480 train_time:10739ms step_avg:31.04ms
step:347/1480 train_time:10767ms step_avg:31.03ms
step:348/1480 train_time:10801ms step_avg:31.04ms
step:349/1480 train_time:10829ms step_avg:31.03ms
step:350/1480 train_time:10862ms step_avg:31.04ms
step:351/1480 train_time:10891ms step_avg:31.03ms
step:352/1480 train_time:10924ms step_avg:31.03ms
step:353/1480 train_time:10952ms step_avg:31.03ms
step:354/1480 train_time:10986ms step_avg:31.03ms
step:355/1480 train_time:11014ms step_avg:31.03ms
step:356/1480 train_time:11048ms step_avg:31.03ms
step:357/1480 train_time:11076ms step_avg:31.03ms
step:358/1480 train_time:11111ms step_avg:31.04ms
step:359/1480 train_time:11139ms step_avg:31.03ms
step:360/1480 train_time:11172ms step_avg:31.03ms
step:361/1480 train_time:11200ms step_avg:31.03ms
step:362/1480 train_time:11234ms step_avg:31.03ms
step:363/1480 train_time:11262ms step_avg:31.02ms
step:364/1480 train_time:11296ms step_avg:31.03ms
step:365/1480 train_time:11324ms step_avg:31.02ms
step:366/1480 train_time:11357ms step_avg:31.03ms
step:367/1480 train_time:11386ms step_avg:31.02ms
step:368/1480 train_time:11419ms step_avg:31.03ms
step:369/1480 train_time:11447ms step_avg:31.02ms
step:370/1480 train_time:11481ms step_avg:31.03ms
step:371/1480 train_time:11510ms step_avg:31.02ms
step:372/1480 train_time:11543ms step_avg:31.03ms
step:373/1480 train_time:11571ms step_avg:31.02ms
step:374/1480 train_time:11605ms step_avg:31.03ms
step:375/1480 train_time:11633ms step_avg:31.02ms
step:376/1480 train_time:11666ms step_avg:31.03ms
step:377/1480 train_time:11695ms step_avg:31.02ms
step:378/1480 train_time:11728ms step_avg:31.03ms
step:379/1480 train_time:11756ms step_avg:31.02ms
step:380/1480 train_time:11790ms step_avg:31.03ms
step:381/1480 train_time:11818ms step_avg:31.02ms
step:382/1480 train_time:11852ms step_avg:31.03ms
step:383/1480 train_time:11880ms step_avg:31.02ms
step:384/1480 train_time:11914ms step_avg:31.03ms
step:385/1480 train_time:11941ms step_avg:31.02ms
step:386/1480 train_time:11975ms step_avg:31.02ms
step:387/1480 train_time:12004ms step_avg:31.02ms
step:388/1480 train_time:12038ms step_avg:31.02ms
step:389/1480 train_time:12066ms step_avg:31.02ms
step:390/1480 train_time:12100ms step_avg:31.02ms
step:391/1480 train_time:12128ms step_avg:31.02ms
step:392/1480 train_time:12161ms step_avg:31.02ms
step:393/1480 train_time:12189ms step_avg:31.02ms
step:394/1480 train_time:12223ms step_avg:31.02ms
step:395/1480 train_time:12251ms step_avg:31.02ms
step:396/1480 train_time:12285ms step_avg:31.02ms
step:397/1480 train_time:12313ms step_avg:31.02ms
step:398/1480 train_time:12347ms step_avg:31.02ms
step:399/1480 train_time:12375ms step_avg:31.01ms
step:400/1480 train_time:12409ms step_avg:31.02ms
step:401/1480 train_time:12437ms step_avg:31.01ms
step:402/1480 train_time:12470ms step_avg:31.02ms
step:403/1480 train_time:12498ms step_avg:31.01ms
step:404/1480 train_time:12532ms step_avg:31.02ms
step:405/1480 train_time:12560ms step_avg:31.01ms
step:406/1480 train_time:12594ms step_avg:31.02ms
step:407/1480 train_time:12622ms step_avg:31.01ms
step:408/1480 train_time:12655ms step_avg:31.02ms
step:409/1480 train_time:12684ms step_avg:31.01ms
step:410/1480 train_time:12717ms step_avg:31.02ms
step:411/1480 train_time:12746ms step_avg:31.01ms
step:412/1480 train_time:12780ms step_avg:31.02ms
step:413/1480 train_time:12808ms step_avg:31.01ms
step:414/1480 train_time:12842ms step_avg:31.02ms
step:415/1480 train_time:12870ms step_avg:31.01ms
step:416/1480 train_time:12903ms step_avg:31.02ms
step:417/1480 train_time:12931ms step_avg:31.01ms
step:418/1480 train_time:12965ms step_avg:31.02ms
step:419/1480 train_time:12993ms step_avg:31.01ms
step:420/1480 train_time:13027ms step_avg:31.02ms
step:421/1480 train_time:13055ms step_avg:31.01ms
step:422/1480 train_time:13089ms step_avg:31.02ms
step:423/1480 train_time:13117ms step_avg:31.01ms
step:424/1480 train_time:13151ms step_avg:31.02ms
step:425/1480 train_time:13179ms step_avg:31.01ms
step:426/1480 train_time:13213ms step_avg:31.02ms
step:427/1480 train_time:13241ms step_avg:31.01ms
step:428/1480 train_time:13274ms step_avg:31.01ms
step:429/1480 train_time:13302ms step_avg:31.01ms
step:430/1480 train_time:13336ms step_avg:31.01ms
step:431/1480 train_time:13364ms step_avg:31.01ms
step:432/1480 train_time:13398ms step_avg:31.01ms
step:433/1480 train_time:13426ms step_avg:31.01ms
step:434/1480 train_time:13460ms step_avg:31.01ms
step:435/1480 train_time:13488ms step_avg:31.01ms
step:436/1480 train_time:13522ms step_avg:31.01ms
step:437/1480 train_time:13550ms step_avg:31.01ms
step:438/1480 train_time:13584ms step_avg:31.01ms
step:439/1480 train_time:13612ms step_avg:31.01ms
step:440/1480 train_time:13645ms step_avg:31.01ms
step:441/1480 train_time:13673ms step_avg:31.00ms
step:442/1480 train_time:13707ms step_avg:31.01ms
step:443/1480 train_time:13735ms step_avg:31.00ms
step:444/1480 train_time:13769ms step_avg:31.01ms
step:445/1480 train_time:13797ms step_avg:31.00ms
step:446/1480 train_time:13831ms step_avg:31.01ms
step:447/1480 train_time:13859ms step_avg:31.00ms
step:448/1480 train_time:13893ms step_avg:31.01ms
step:449/1480 train_time:13921ms step_avg:31.00ms
step:450/1480 train_time:13954ms step_avg:31.01ms
step:451/1480 train_time:13982ms step_avg:31.00ms
step:452/1480 train_time:14016ms step_avg:31.01ms
step:453/1480 train_time:14045ms step_avg:31.00ms
step:454/1480 train_time:14078ms step_avg:31.01ms
step:455/1480 train_time:14107ms step_avg:31.00ms
step:456/1480 train_time:14140ms step_avg:31.01ms
step:457/1480 train_time:14169ms step_avg:31.00ms
step:458/1480 train_time:14202ms step_avg:31.01ms
step:459/1480 train_time:14230ms step_avg:31.00ms
step:460/1480 train_time:14264ms step_avg:31.01ms
step:461/1480 train_time:14292ms step_avg:31.00ms
step:462/1480 train_time:14326ms step_avg:31.01ms
step:463/1480 train_time:14354ms step_avg:31.00ms
step:464/1480 train_time:14387ms step_avg:31.01ms
step:465/1480 train_time:14415ms step_avg:31.00ms
step:466/1480 train_time:14449ms step_avg:31.01ms
step:467/1480 train_time:14477ms step_avg:31.00ms
step:468/1480 train_time:14511ms step_avg:31.01ms
step:469/1480 train_time:14539ms step_avg:31.00ms
step:470/1480 train_time:14573ms step_avg:31.01ms
step:471/1480 train_time:14601ms step_avg:31.00ms
step:472/1480 train_time:14634ms step_avg:31.01ms
step:473/1480 train_time:14662ms step_avg:31.00ms
step:474/1480 train_time:14696ms step_avg:31.00ms
step:475/1480 train_time:14725ms step_avg:31.00ms
step:476/1480 train_time:14758ms step_avg:31.00ms
step:477/1480 train_time:14787ms step_avg:31.00ms
step:478/1480 train_time:14820ms step_avg:31.00ms
step:479/1480 train_time:14849ms step_avg:31.00ms
step:480/1480 train_time:14882ms step_avg:31.00ms
step:481/1480 train_time:14912ms step_avg:31.00ms
step:482/1480 train_time:14973ms step_avg:31.06ms
step:483/1480 train_time:15026ms step_avg:31.11ms
step:484/1480 train_time:15086ms step_avg:31.17ms
step:485/1480 train_time:15140ms step_avg:31.22ms
step:486/1480 train_time:15198ms step_avg:31.27ms
step:487/1480 train_time:15251ms step_avg:31.32ms
step:488/1480 train_time:15309ms step_avg:31.37ms
step:489/1480 train_time:15364ms step_avg:31.42ms
step:490/1480 train_time:15423ms step_avg:31.48ms
step:491/1480 train_time:15476ms step_avg:31.52ms
step:492/1480 train_time:15536ms step_avg:31.58ms
step:493/1480 train_time:15589ms step_avg:31.62ms
step:494/1480 train_time:15647ms step_avg:31.67ms
step:495/1480 train_time:15701ms step_avg:31.72ms
step:496/1480 train_time:15760ms step_avg:31.77ms
step:497/1480 train_time:15813ms step_avg:31.82ms
step:498/1480 train_time:15872ms step_avg:31.87ms
step:499/1480 train_time:15925ms step_avg:31.91ms
step:500/1480 train_time:15984ms step_avg:31.97ms
step:500/1480 val_loss:4.2140 train_time:16046ms step_avg:32.09ms
step:501/1480 train_time:16061ms step_avg:32.06ms
step:502/1480 train_time:16098ms step_avg:32.07ms
step:503/1480 train_time:16155ms step_avg:32.12ms
step:504/1480 train_time:16216ms step_avg:32.17ms
step:505/1480 train_time:16270ms step_avg:32.22ms
step:506/1480 train_time:16330ms step_avg:32.27ms
step:507/1480 train_time:16383ms step_avg:32.31ms
step:508/1480 train_time:16441ms step_avg:32.36ms
step:509/1480 train_time:16494ms step_avg:32.41ms
step:510/1480 train_time:16552ms step_avg:32.46ms
step:511/1480 train_time:16605ms step_avg:32.49ms
step:512/1480 train_time:16663ms step_avg:32.54ms
step:513/1480 train_time:16716ms step_avg:32.58ms
step:514/1480 train_time:16774ms step_avg:32.63ms
step:515/1480 train_time:16827ms step_avg:32.67ms
step:516/1480 train_time:16885ms step_avg:32.72ms
step:517/1480 train_time:16938ms step_avg:32.76ms
step:518/1480 train_time:16997ms step_avg:32.81ms
step:519/1480 train_time:17052ms step_avg:32.86ms
step:520/1480 train_time:17112ms step_avg:32.91ms
step:521/1480 train_time:17165ms step_avg:32.95ms
step:522/1480 train_time:17225ms step_avg:33.00ms
step:523/1480 train_time:17280ms step_avg:33.04ms
step:524/1480 train_time:17339ms step_avg:33.09ms
step:525/1480 train_time:17392ms step_avg:33.13ms
step:526/1480 train_time:17451ms step_avg:33.18ms
step:527/1480 train_time:17503ms step_avg:33.21ms
step:528/1480 train_time:17561ms step_avg:33.26ms
step:529/1480 train_time:17614ms step_avg:33.30ms
step:530/1480 train_time:17672ms step_avg:33.34ms
step:531/1480 train_time:17725ms step_avg:33.38ms
step:532/1480 train_time:17783ms step_avg:33.43ms
step:533/1480 train_time:17836ms step_avg:33.46ms
step:534/1480 train_time:17895ms step_avg:33.51ms
step:535/1480 train_time:17948ms step_avg:33.55ms
step:536/1480 train_time:18007ms step_avg:33.60ms
step:537/1480 train_time:18061ms step_avg:33.63ms
step:538/1480 train_time:18121ms step_avg:33.68ms
step:539/1480 train_time:18176ms step_avg:33.72ms
step:540/1480 train_time:18236ms step_avg:33.77ms
step:541/1480 train_time:18289ms step_avg:33.81ms
step:542/1480 train_time:18347ms step_avg:33.85ms
step:543/1480 train_time:18401ms step_avg:33.89ms
step:544/1480 train_time:18460ms step_avg:33.93ms
step:545/1480 train_time:18513ms step_avg:33.97ms
step:546/1480 train_time:18572ms step_avg:34.01ms
step:547/1480 train_time:18624ms step_avg:34.05ms
step:548/1480 train_time:18682ms step_avg:34.09ms
step:549/1480 train_time:18736ms step_avg:34.13ms
step:550/1480 train_time:18794ms step_avg:34.17ms
step:551/1480 train_time:18848ms step_avg:34.21ms
step:552/1480 train_time:18906ms step_avg:34.25ms
step:553/1480 train_time:18959ms step_avg:34.28ms
step:554/1480 train_time:19018ms step_avg:34.33ms
step:555/1480 train_time:19072ms step_avg:34.36ms
step:556/1480 train_time:19130ms step_avg:34.41ms
step:557/1480 train_time:19183ms step_avg:34.44ms
step:558/1480 train_time:19243ms step_avg:34.49ms
step:559/1480 train_time:19297ms step_avg:34.52ms
step:560/1480 train_time:19356ms step_avg:34.56ms
step:561/1480 train_time:19409ms step_avg:34.60ms
step:562/1480 train_time:19467ms step_avg:34.64ms
step:563/1480 train_time:19521ms step_avg:34.67ms
step:564/1480 train_time:19579ms step_avg:34.72ms
step:565/1480 train_time:19633ms step_avg:34.75ms
step:566/1480 train_time:19692ms step_avg:34.79ms
step:567/1480 train_time:19744ms step_avg:34.82ms
step:568/1480 train_time:19803ms step_avg:34.86ms
step:569/1480 train_time:19856ms step_avg:34.90ms
step:570/1480 train_time:19915ms step_avg:34.94ms
step:571/1480 train_time:19969ms step_avg:34.97ms
step:572/1480 train_time:20027ms step_avg:35.01ms
step:573/1480 train_time:20081ms step_avg:35.05ms
step:574/1480 train_time:20139ms step_avg:35.09ms
step:575/1480 train_time:20193ms step_avg:35.12ms
step:576/1480 train_time:20252ms step_avg:35.16ms
step:577/1480 train_time:20306ms step_avg:35.19ms
step:578/1480 train_time:20364ms step_avg:35.23ms
step:579/1480 train_time:20419ms step_avg:35.27ms
step:580/1480 train_time:20478ms step_avg:35.31ms
step:581/1480 train_time:20531ms step_avg:35.34ms
step:582/1480 train_time:20589ms step_avg:35.38ms
step:583/1480 train_time:20642ms step_avg:35.41ms
step:584/1480 train_time:20701ms step_avg:35.45ms
step:585/1480 train_time:20754ms step_avg:35.48ms
step:586/1480 train_time:20813ms step_avg:35.52ms
step:587/1480 train_time:20866ms step_avg:35.55ms
step:588/1480 train_time:20924ms step_avg:35.59ms
step:589/1480 train_time:20979ms step_avg:35.62ms
step:590/1480 train_time:21038ms step_avg:35.66ms
step:591/1480 train_time:21091ms step_avg:35.69ms
step:592/1480 train_time:21150ms step_avg:35.73ms
step:593/1480 train_time:21203ms step_avg:35.76ms
step:594/1480 train_time:21263ms step_avg:35.80ms
step:595/1480 train_time:21317ms step_avg:35.83ms
step:596/1480 train_time:21377ms step_avg:35.87ms
step:597/1480 train_time:21430ms step_avg:35.90ms
step:598/1480 train_time:21488ms step_avg:35.93ms
step:599/1480 train_time:21541ms step_avg:35.96ms
step:600/1480 train_time:21600ms step_avg:36.00ms
step:601/1480 train_time:21653ms step_avg:36.03ms
step:602/1480 train_time:21712ms step_avg:36.07ms
step:603/1480 train_time:21764ms step_avg:36.09ms
step:604/1480 train_time:21823ms step_avg:36.13ms
step:605/1480 train_time:21876ms step_avg:36.16ms
step:606/1480 train_time:21935ms step_avg:36.20ms
step:607/1480 train_time:21988ms step_avg:36.22ms
step:608/1480 train_time:22047ms step_avg:36.26ms
step:609/1480 train_time:22100ms step_avg:36.29ms
step:610/1480 train_time:22159ms step_avg:36.33ms
step:611/1480 train_time:22213ms step_avg:36.35ms
step:612/1480 train_time:22272ms step_avg:36.39ms
step:613/1480 train_time:22325ms step_avg:36.42ms
step:614/1480 train_time:22384ms step_avg:36.46ms
step:615/1480 train_time:22437ms step_avg:36.48ms
step:616/1480 train_time:22496ms step_avg:36.52ms
step:617/1480 train_time:22550ms step_avg:36.55ms
step:618/1480 train_time:22608ms step_avg:36.58ms
step:619/1480 train_time:22661ms step_avg:36.61ms
step:620/1480 train_time:22720ms step_avg:36.64ms
step:621/1480 train_time:22773ms step_avg:36.67ms
step:622/1480 train_time:22832ms step_avg:36.71ms
step:623/1480 train_time:22884ms step_avg:36.73ms
step:624/1480 train_time:22944ms step_avg:36.77ms
step:625/1480 train_time:22998ms step_avg:36.80ms
step:626/1480 train_time:23057ms step_avg:36.83ms
step:627/1480 train_time:23109ms step_avg:36.86ms
step:628/1480 train_time:23168ms step_avg:36.89ms
step:629/1480 train_time:23221ms step_avg:36.92ms
step:630/1480 train_time:23280ms step_avg:36.95ms
step:631/1480 train_time:23334ms step_avg:36.98ms
step:632/1480 train_time:23393ms step_avg:37.01ms
step:633/1480 train_time:23446ms step_avg:37.04ms
step:634/1480 train_time:23505ms step_avg:37.07ms
step:635/1480 train_time:23558ms step_avg:37.10ms
step:636/1480 train_time:23617ms step_avg:37.13ms
step:637/1480 train_time:23671ms step_avg:37.16ms
step:638/1480 train_time:23729ms step_avg:37.19ms
step:639/1480 train_time:23782ms step_avg:37.22ms
step:640/1480 train_time:23841ms step_avg:37.25ms
step:641/1480 train_time:23894ms step_avg:37.28ms
step:642/1480 train_time:23952ms step_avg:37.31ms
step:643/1480 train_time:24006ms step_avg:37.33ms
step:644/1480 train_time:24064ms step_avg:37.37ms
step:645/1480 train_time:24118ms step_avg:37.39ms
step:646/1480 train_time:24177ms step_avg:37.43ms
step:647/1480 train_time:24230ms step_avg:37.45ms
step:648/1480 train_time:24289ms step_avg:37.48ms
step:649/1480 train_time:24342ms step_avg:37.51ms
step:650/1480 train_time:24401ms step_avg:37.54ms
step:651/1480 train_time:24455ms step_avg:37.57ms
step:652/1480 train_time:24514ms step_avg:37.60ms
step:653/1480 train_time:24568ms step_avg:37.62ms
step:654/1480 train_time:24626ms step_avg:37.65ms
step:655/1480 train_time:24679ms step_avg:37.68ms
step:656/1480 train_time:24737ms step_avg:37.71ms
step:657/1480 train_time:24790ms step_avg:37.73ms
step:658/1480 train_time:24850ms step_avg:37.77ms
step:659/1480 train_time:24903ms step_avg:37.79ms
step:660/1480 train_time:24962ms step_avg:37.82ms
step:661/1480 train_time:25016ms step_avg:37.85ms
step:662/1480 train_time:25074ms step_avg:37.88ms
step:663/1480 train_time:25127ms step_avg:37.90ms
step:664/1480 train_time:25186ms step_avg:37.93ms
step:665/1480 train_time:25239ms step_avg:37.95ms
step:666/1480 train_time:25298ms step_avg:37.99ms
step:667/1480 train_time:25352ms step_avg:38.01ms
step:668/1480 train_time:25411ms step_avg:38.04ms
step:669/1480 train_time:25464ms step_avg:38.06ms
step:670/1480 train_time:25522ms step_avg:38.09ms
step:671/1480 train_time:25576ms step_avg:38.12ms
step:672/1480 train_time:25635ms step_avg:38.15ms
step:673/1480 train_time:25688ms step_avg:38.17ms
step:674/1480 train_time:25746ms step_avg:38.20ms
step:675/1480 train_time:25800ms step_avg:38.22ms
step:676/1480 train_time:25859ms step_avg:38.25ms
step:677/1480 train_time:25912ms step_avg:38.27ms
step:678/1480 train_time:25971ms step_avg:38.31ms
step:679/1480 train_time:26024ms step_avg:38.33ms
step:680/1480 train_time:26083ms step_avg:38.36ms
step:681/1480 train_time:26137ms step_avg:38.38ms
step:682/1480 train_time:26196ms step_avg:38.41ms
step:683/1480 train_time:26249ms step_avg:38.43ms
step:684/1480 train_time:26307ms step_avg:38.46ms
step:685/1480 train_time:26360ms step_avg:38.48ms
step:686/1480 train_time:26419ms step_avg:38.51ms
step:687/1480 train_time:26473ms step_avg:38.53ms
step:688/1480 train_time:26532ms step_avg:38.56ms
step:689/1480 train_time:26585ms step_avg:38.58ms
step:690/1480 train_time:26643ms step_avg:38.61ms
step:691/1480 train_time:26696ms step_avg:38.63ms
step:692/1480 train_time:26755ms step_avg:38.66ms
step:693/1480 train_time:26808ms step_avg:38.68ms
step:694/1480 train_time:26867ms step_avg:38.71ms
step:695/1480 train_time:26920ms step_avg:38.73ms
step:696/1480 train_time:26979ms step_avg:38.76ms
step:697/1480 train_time:27032ms step_avg:38.78ms
step:698/1480 train_time:27091ms step_avg:38.81ms
step:699/1480 train_time:27144ms step_avg:38.83ms
step:700/1480 train_time:27203ms step_avg:38.86ms
step:701/1480 train_time:27256ms step_avg:38.88ms
step:702/1480 train_time:27315ms step_avg:38.91ms
step:703/1480 train_time:27368ms step_avg:38.93ms
step:704/1480 train_time:27427ms step_avg:38.96ms
step:705/1480 train_time:27480ms step_avg:38.98ms
step:706/1480 train_time:27539ms step_avg:39.01ms
step:707/1480 train_time:27593ms step_avg:39.03ms
step:708/1480 train_time:27652ms step_avg:39.06ms
step:709/1480 train_time:27705ms step_avg:39.08ms
step:710/1480 train_time:27764ms step_avg:39.10ms
step:711/1480 train_time:27817ms step_avg:39.12ms
step:712/1480 train_time:27877ms step_avg:39.15ms
step:713/1480 train_time:27930ms step_avg:39.17ms
step:714/1480 train_time:27988ms step_avg:39.20ms
step:715/1480 train_time:28041ms step_avg:39.22ms
step:716/1480 train_time:28100ms step_avg:39.25ms
step:717/1480 train_time:28153ms step_avg:39.26ms
step:718/1480 train_time:28212ms step_avg:39.29ms
step:719/1480 train_time:28265ms step_avg:39.31ms
step:720/1480 train_time:28323ms step_avg:39.34ms
step:721/1480 train_time:28377ms step_avg:39.36ms
step:722/1480 train_time:28436ms step_avg:39.39ms
step:723/1480 train_time:28489ms step_avg:39.40ms
step:724/1480 train_time:28547ms step_avg:39.43ms
step:725/1480 train_time:28601ms step_avg:39.45ms
step:726/1480 train_time:28660ms step_avg:39.48ms
step:727/1480 train_time:28714ms step_avg:39.50ms
step:728/1480 train_time:28773ms step_avg:39.52ms
step:729/1480 train_time:28826ms step_avg:39.54ms
step:730/1480 train_time:28885ms step_avg:39.57ms
step:731/1480 train_time:28939ms step_avg:39.59ms
step:732/1480 train_time:28997ms step_avg:39.61ms
step:733/1480 train_time:29051ms step_avg:39.63ms
step:734/1480 train_time:29110ms step_avg:39.66ms
step:735/1480 train_time:29162ms step_avg:39.68ms
step:736/1480 train_time:29221ms step_avg:39.70ms
step:737/1480 train_time:29274ms step_avg:39.72ms
step:738/1480 train_time:29333ms step_avg:39.75ms
step:739/1480 train_time:29386ms step_avg:39.76ms
step:740/1480 train_time:29445ms step_avg:39.79ms
step:741/1480 train_time:29499ms step_avg:39.81ms
step:742/1480 train_time:29558ms step_avg:39.84ms
step:743/1480 train_time:29612ms step_avg:39.85ms
step:744/1480 train_time:29671ms step_avg:39.88ms
step:745/1480 train_time:29723ms step_avg:39.90ms
step:746/1480 train_time:29784ms step_avg:39.92ms
step:747/1480 train_time:29838ms step_avg:39.94ms
step:748/1480 train_time:29896ms step_avg:39.97ms
step:749/1480 train_time:29949ms step_avg:39.99ms
step:750/1480 train_time:30008ms step_avg:40.01ms
step:750/1480 val_loss:3.8014 train_time:30071ms step_avg:40.09ms
step:751/1480 train_time:30085ms step_avg:40.06ms
step:752/1480 train_time:30124ms step_avg:40.06ms
step:753/1480 train_time:30178ms step_avg:40.08ms
step:754/1480 train_time:30240ms step_avg:40.11ms
step:755/1480 train_time:30294ms step_avg:40.12ms
step:756/1480 train_time:30352ms step_avg:40.15ms
step:757/1480 train_time:30407ms step_avg:40.17ms
step:758/1480 train_time:30466ms step_avg:40.19ms
step:759/1480 train_time:30519ms step_avg:40.21ms
step:760/1480 train_time:30578ms step_avg:40.23ms
step:761/1480 train_time:30631ms step_avg:40.25ms
step:762/1480 train_time:30690ms step_avg:40.28ms
step:763/1480 train_time:30743ms step_avg:40.29ms
step:764/1480 train_time:30801ms step_avg:40.32ms
step:765/1480 train_time:30854ms step_avg:40.33ms
step:766/1480 train_time:30912ms step_avg:40.36ms
step:767/1480 train_time:30965ms step_avg:40.37ms
step:768/1480 train_time:31023ms step_avg:40.40ms
step:769/1480 train_time:31077ms step_avg:40.41ms
step:770/1480 train_time:31137ms step_avg:40.44ms
step:771/1480 train_time:31192ms step_avg:40.46ms
step:772/1480 train_time:31251ms step_avg:40.48ms
step:773/1480 train_time:31305ms step_avg:40.50ms
step:774/1480 train_time:31364ms step_avg:40.52ms
step:775/1480 train_time:31418ms step_avg:40.54ms
step:776/1480 train_time:31477ms step_avg:40.56ms
step:777/1480 train_time:31530ms step_avg:40.58ms
step:778/1480 train_time:31589ms step_avg:40.60ms
step:779/1480 train_time:31642ms step_avg:40.62ms
step:780/1480 train_time:31700ms step_avg:40.64ms
step:781/1480 train_time:31753ms step_avg:40.66ms
step:782/1480 train_time:31813ms step_avg:40.68ms
step:783/1480 train_time:31866ms step_avg:40.70ms
step:784/1480 train_time:31924ms step_avg:40.72ms
step:785/1480 train_time:31977ms step_avg:40.74ms
step:786/1480 train_time:32036ms step_avg:40.76ms
step:787/1480 train_time:32089ms step_avg:40.77ms
step:788/1480 train_time:32148ms step_avg:40.80ms
step:789/1480 train_time:32203ms step_avg:40.81ms
step:790/1480 train_time:32261ms step_avg:40.84ms
step:791/1480 train_time:32315ms step_avg:40.85ms
step:792/1480 train_time:32374ms step_avg:40.88ms
step:793/1480 train_time:32428ms step_avg:40.89ms
step:794/1480 train_time:32486ms step_avg:40.91ms
step:795/1480 train_time:32539ms step_avg:40.93ms
step:796/1480 train_time:32598ms step_avg:40.95ms
step:797/1480 train_time:32651ms step_avg:40.97ms
step:798/1480 train_time:32711ms step_avg:40.99ms
step:799/1480 train_time:32764ms step_avg:41.01ms
step:800/1480 train_time:32823ms step_avg:41.03ms
step:801/1480 train_time:32876ms step_avg:41.04ms
step:802/1480 train_time:32936ms step_avg:41.07ms
step:803/1480 train_time:32988ms step_avg:41.08ms
step:804/1480 train_time:33047ms step_avg:41.10ms
step:805/1480 train_time:33101ms step_avg:41.12ms
step:806/1480 train_time:33160ms step_avg:41.14ms
step:807/1480 train_time:33214ms step_avg:41.16ms
step:808/1480 train_time:33273ms step_avg:41.18ms
step:809/1480 train_time:33326ms step_avg:41.19ms
step:810/1480 train_time:33386ms step_avg:41.22ms
step:811/1480 train_time:33439ms step_avg:41.23ms
step:812/1480 train_time:33498ms step_avg:41.25ms
step:813/1480 train_time:33552ms step_avg:41.27ms
step:814/1480 train_time:33610ms step_avg:41.29ms
step:815/1480 train_time:33664ms step_avg:41.31ms
step:816/1480 train_time:33722ms step_avg:41.33ms
step:817/1480 train_time:33776ms step_avg:41.34ms
step:818/1480 train_time:33834ms step_avg:41.36ms
step:819/1480 train_time:33887ms step_avg:41.38ms
step:820/1480 train_time:33945ms step_avg:41.40ms
step:821/1480 train_time:33998ms step_avg:41.41ms
step:822/1480 train_time:34057ms step_avg:41.43ms
step:823/1480 train_time:34111ms step_avg:41.45ms
step:824/1480 train_time:34170ms step_avg:41.47ms
step:825/1480 train_time:34223ms step_avg:41.48ms
step:826/1480 train_time:34282ms step_avg:41.50ms
step:827/1480 train_time:34336ms step_avg:41.52ms
step:828/1480 train_time:34395ms step_avg:41.54ms
step:829/1480 train_time:34450ms step_avg:41.56ms
step:830/1480 train_time:34509ms step_avg:41.58ms
step:831/1480 train_time:34562ms step_avg:41.59ms
step:832/1480 train_time:34621ms step_avg:41.61ms
step:833/1480 train_time:34675ms step_avg:41.63ms
step:834/1480 train_time:34733ms step_avg:41.65ms
step:835/1480 train_time:34786ms step_avg:41.66ms
step:836/1480 train_time:34845ms step_avg:41.68ms
step:837/1480 train_time:34897ms step_avg:41.69ms
step:838/1480 train_time:34956ms step_avg:41.71ms
step:839/1480 train_time:35010ms step_avg:41.73ms
step:840/1480 train_time:35069ms step_avg:41.75ms
step:841/1480 train_time:35122ms step_avg:41.76ms
step:842/1480 train_time:35181ms step_avg:41.78ms
step:843/1480 train_time:35235ms step_avg:41.80ms
step:844/1480 train_time:35293ms step_avg:41.82ms
step:845/1480 train_time:35347ms step_avg:41.83ms
step:846/1480 train_time:35406ms step_avg:41.85ms
step:847/1480 train_time:35459ms step_avg:41.86ms
step:848/1480 train_time:35518ms step_avg:41.88ms
step:849/1480 train_time:35572ms step_avg:41.90ms
step:850/1480 train_time:35631ms step_avg:41.92ms
step:851/1480 train_time:35684ms step_avg:41.93ms
step:852/1480 train_time:35743ms step_avg:41.95ms
step:853/1480 train_time:35796ms step_avg:41.97ms
step:854/1480 train_time:35855ms step_avg:41.98ms
step:855/1480 train_time:35909ms step_avg:42.00ms
step:856/1480 train_time:35968ms step_avg:42.02ms
step:857/1480 train_time:36021ms step_avg:42.03ms
step:858/1480 train_time:36079ms step_avg:42.05ms
step:859/1480 train_time:36134ms step_avg:42.07ms
step:860/1480 train_time:36193ms step_avg:42.08ms
step:861/1480 train_time:36246ms step_avg:42.10ms
step:862/1480 train_time:36305ms step_avg:42.12ms
step:863/1480 train_time:36358ms step_avg:42.13ms
step:864/1480 train_time:36418ms step_avg:42.15ms
step:865/1480 train_time:36471ms step_avg:42.16ms
step:866/1480 train_time:36530ms step_avg:42.18ms
step:867/1480 train_time:36582ms step_avg:42.19ms
step:868/1480 train_time:36642ms step_avg:42.21ms
step:869/1480 train_time:36695ms step_avg:42.23ms
step:870/1480 train_time:36753ms step_avg:42.25ms
step:871/1480 train_time:36807ms step_avg:42.26ms
step:872/1480 train_time:36866ms step_avg:42.28ms
step:873/1480 train_time:36919ms step_avg:42.29ms
step:874/1480 train_time:36977ms step_avg:42.31ms
step:875/1480 train_time:37031ms step_avg:42.32ms
step:876/1480 train_time:37090ms step_avg:42.34ms
step:877/1480 train_time:37143ms step_avg:42.35ms
step:878/1480 train_time:37202ms step_avg:42.37ms
step:879/1480 train_time:37255ms step_avg:42.38ms
step:880/1480 train_time:37314ms step_avg:42.40ms
step:881/1480 train_time:37368ms step_avg:42.41ms
step:882/1480 train_time:37427ms step_avg:42.43ms
step:883/1480 train_time:37480ms step_avg:42.45ms
step:884/1480 train_time:37538ms step_avg:42.46ms
step:885/1480 train_time:37592ms step_avg:42.48ms
step:886/1480 train_time:37651ms step_avg:42.50ms
step:887/1480 train_time:37704ms step_avg:42.51ms
step:888/1480 train_time:37763ms step_avg:42.53ms
step:889/1480 train_time:37816ms step_avg:42.54ms
step:890/1480 train_time:37874ms step_avg:42.56ms
step:891/1480 train_time:37928ms step_avg:42.57ms
step:892/1480 train_time:37987ms step_avg:42.59ms
step:893/1480 train_time:38040ms step_avg:42.60ms
step:894/1480 train_time:38098ms step_avg:42.62ms
step:895/1480 train_time:38153ms step_avg:42.63ms
step:896/1480 train_time:38212ms step_avg:42.65ms
step:897/1480 train_time:38265ms step_avg:42.66ms
step:898/1480 train_time:38323ms step_avg:42.68ms
step:899/1480 train_time:38377ms step_avg:42.69ms
step:900/1480 train_time:38436ms step_avg:42.71ms
step:901/1480 train_time:38490ms step_avg:42.72ms
step:902/1480 train_time:38549ms step_avg:42.74ms
step:903/1480 train_time:38602ms step_avg:42.75ms
step:904/1480 train_time:38660ms step_avg:42.77ms
step:905/1480 train_time:38714ms step_avg:42.78ms
step:906/1480 train_time:38773ms step_avg:42.80ms
step:907/1480 train_time:38827ms step_avg:42.81ms
step:908/1480 train_time:38885ms step_avg:42.82ms
step:909/1480 train_time:38938ms step_avg:42.84ms
step:910/1480 train_time:38998ms step_avg:42.85ms
step:911/1480 train_time:39052ms step_avg:42.87ms
step:912/1480 train_time:39111ms step_avg:42.89ms
step:913/1480 train_time:39164ms step_avg:42.90ms
step:914/1480 train_time:39223ms step_avg:42.91ms
step:915/1480 train_time:39276ms step_avg:42.92ms
step:916/1480 train_time:39335ms step_avg:42.94ms
step:917/1480 train_time:39389ms step_avg:42.95ms
step:918/1480 train_time:39449ms step_avg:42.97ms
step:919/1480 train_time:39502ms step_avg:42.98ms
step:920/1480 train_time:39560ms step_avg:43.00ms
step:921/1480 train_time:39614ms step_avg:43.01ms
step:922/1480 train_time:39673ms step_avg:43.03ms
step:923/1480 train_time:39726ms step_avg:43.04ms
step:924/1480 train_time:39784ms step_avg:43.06ms
step:925/1480 train_time:39837ms step_avg:43.07ms
step:926/1480 train_time:39896ms step_avg:43.08ms
step:927/1480 train_time:39949ms step_avg:43.10ms
step:928/1480 train_time:40009ms step_avg:43.11ms
step:929/1480 train_time:40062ms step_avg:43.12ms
step:930/1480 train_time:40121ms step_avg:43.14ms
step:931/1480 train_time:40174ms step_avg:43.15ms
step:932/1480 train_time:40233ms step_avg:43.17ms
step:933/1480 train_time:40287ms step_avg:43.18ms
step:934/1480 train_time:40347ms step_avg:43.20ms
step:935/1480 train_time:40400ms step_avg:43.21ms
step:936/1480 train_time:40458ms step_avg:43.22ms
step:937/1480 train_time:40512ms step_avg:43.24ms
step:938/1480 train_time:40571ms step_avg:43.25ms
step:939/1480 train_time:40625ms step_avg:43.26ms
step:940/1480 train_time:40684ms step_avg:43.28ms
step:941/1480 train_time:40737ms step_avg:43.29ms
step:942/1480 train_time:40796ms step_avg:43.31ms
step:943/1480 train_time:40849ms step_avg:43.32ms
step:944/1480 train_time:40909ms step_avg:43.34ms
step:945/1480 train_time:40962ms step_avg:43.35ms
step:946/1480 train_time:41020ms step_avg:43.36ms
step:947/1480 train_time:41074ms step_avg:43.37ms
step:948/1480 train_time:41133ms step_avg:43.39ms
step:949/1480 train_time:41186ms step_avg:43.40ms
step:950/1480 train_time:41245ms step_avg:43.42ms
step:951/1480 train_time:41298ms step_avg:43.43ms
step:952/1480 train_time:41357ms step_avg:43.44ms
step:953/1480 train_time:41411ms step_avg:43.45ms
step:954/1480 train_time:41470ms step_avg:43.47ms
step:955/1480 train_time:41524ms step_avg:43.48ms
step:956/1480 train_time:41582ms step_avg:43.50ms
step:957/1480 train_time:41635ms step_avg:43.51ms
step:958/1480 train_time:41694ms step_avg:43.52ms
step:959/1480 train_time:41747ms step_avg:43.53ms
step:960/1480 train_time:41807ms step_avg:43.55ms
step:961/1480 train_time:41861ms step_avg:43.56ms
step:962/1480 train_time:41949ms step_avg:43.61ms
step:963/1480 train_time:42029ms step_avg:43.64ms
step:964/1480 train_time:42113ms step_avg:43.69ms
step:965/1480 train_time:42192ms step_avg:43.72ms
step:966/1480 train_time:42278ms step_avg:43.77ms
step:967/1480 train_time:42356ms step_avg:43.80ms
step:968/1480 train_time:42440ms step_avg:43.84ms
step:969/1480 train_time:42520ms step_avg:43.88ms
step:970/1480 train_time:42605ms step_avg:43.92ms
step:971/1480 train_time:42684ms step_avg:43.96ms
step:972/1480 train_time:42768ms step_avg:44.00ms
step:973/1480 train_time:42847ms step_avg:44.04ms
step:974/1480 train_time:42931ms step_avg:44.08ms
step:975/1480 train_time:43009ms step_avg:44.11ms
step:976/1480 train_time:43095ms step_avg:44.15ms
step:977/1480 train_time:43174ms step_avg:44.19ms
step:978/1480 train_time:43260ms step_avg:44.23ms
step:979/1480 train_time:43340ms step_avg:44.27ms
step:980/1480 train_time:43423ms step_avg:44.31ms
step:981/1480 train_time:43501ms step_avg:44.34ms
step:982/1480 train_time:43587ms step_avg:44.39ms
step:983/1480 train_time:43667ms step_avg:44.42ms
step:984/1480 train_time:43750ms step_avg:44.46ms
step:985/1480 train_time:43829ms step_avg:44.50ms
step:986/1480 train_time:43914ms step_avg:44.54ms
step:987/1480 train_time:43992ms step_avg:44.57ms
step:988/1480 train_time:44078ms step_avg:44.61ms
step:989/1480 train_time:44157ms step_avg:44.65ms
step:990/1480 train_time:44241ms step_avg:44.69ms
step:991/1480 train_time:44319ms step_avg:44.72ms
step:992/1480 train_time:44406ms step_avg:44.76ms
step:993/1480 train_time:44485ms step_avg:44.80ms
step:994/1480 train_time:44569ms step_avg:44.84ms
step:995/1480 train_time:44648ms step_avg:44.87ms
step:996/1480 train_time:44732ms step_avg:44.91ms
step:997/1480 train_time:44810ms step_avg:44.95ms
step:998/1480 train_time:44895ms step_avg:44.98ms
step:999/1480 train_time:44973ms step_avg:45.02ms
step:1000/1480 train_time:45057ms step_avg:45.06ms
step:1000/1480 val_loss:3.5107 train_time:45147ms step_avg:45.15ms
step:1001/1480 train_time:45162ms step_avg:45.12ms
step:1002/1480 train_time:45223ms step_avg:45.13ms
step:1003/1480 train_time:45307ms step_avg:45.17ms
step:1004/1480 train_time:45395ms step_avg:45.21ms
step:1005/1480 train_time:45476ms step_avg:45.25ms
step:1006/1480 train_time:45561ms step_avg:45.29ms
step:1007/1480 train_time:45639ms step_avg:45.32ms
step:1008/1480 train_time:45721ms step_avg:45.36ms
step:1009/1480 train_time:45800ms step_avg:45.39ms
step:1010/1480 train_time:45884ms step_avg:45.43ms
step:1011/1480 train_time:45962ms step_avg:45.46ms
step:1012/1480 train_time:46045ms step_avg:45.50ms
step:1013/1480 train_time:46123ms step_avg:45.53ms
step:1014/1480 train_time:46211ms step_avg:45.57ms
step:1015/1480 train_time:46292ms step_avg:45.61ms
step:1016/1480 train_time:46380ms step_avg:45.65ms
step:1017/1480 train_time:46461ms step_avg:45.68ms
step:1018/1480 train_time:46545ms step_avg:45.72ms
step:1019/1480 train_time:46624ms step_avg:45.75ms
step:1020/1480 train_time:46708ms step_avg:45.79ms
step:1021/1480 train_time:46787ms step_avg:45.82ms
step:1022/1480 train_time:46871ms step_avg:45.86ms
step:1023/1480 train_time:46950ms step_avg:45.89ms
step:1024/1480 train_time:47034ms step_avg:45.93ms
step:1025/1480 train_time:47112ms step_avg:45.96ms
step:1026/1480 train_time:47198ms step_avg:46.00ms
step:1027/1480 train_time:47278ms step_avg:46.03ms
step:1028/1480 train_time:47364ms step_avg:46.07ms
step:1029/1480 train_time:47444ms step_avg:46.11ms
step:1030/1480 train_time:47527ms step_avg:46.14ms
step:1031/1480 train_time:47607ms step_avg:46.18ms
step:1032/1480 train_time:47691ms step_avg:46.21ms
step:1033/1480 train_time:47771ms step_avg:46.24ms
step:1034/1480 train_time:47856ms step_avg:46.28ms
step:1035/1480 train_time:47935ms step_avg:46.31ms
step:1036/1480 train_time:48019ms step_avg:46.35ms
step:1037/1480 train_time:48099ms step_avg:46.38ms
step:1038/1480 train_time:48184ms step_avg:46.42ms
step:1039/1480 train_time:48264ms step_avg:46.45ms
step:1040/1480 train_time:48348ms step_avg:46.49ms
step:1041/1480 train_time:48429ms step_avg:46.52ms
step:1042/1480 train_time:48513ms step_avg:46.56ms
step:1043/1480 train_time:48594ms step_avg:46.59ms
step:1044/1480 train_time:48677ms step_avg:46.63ms
step:1045/1480 train_time:48756ms step_avg:46.66ms
step:1046/1480 train_time:48841ms step_avg:46.69ms
step:1047/1480 train_time:48920ms step_avg:46.72ms
step:1048/1480 train_time:49005ms step_avg:46.76ms
step:1049/1480 train_time:49083ms step_avg:46.79ms
step:1050/1480 train_time:49169ms step_avg:46.83ms
step:1051/1480 train_time:49248ms step_avg:46.86ms
step:1052/1480 train_time:49332ms step_avg:46.89ms
step:1053/1480 train_time:49410ms step_avg:46.92ms
step:1054/1480 train_time:49495ms step_avg:46.96ms
step:1055/1480 train_time:49575ms step_avg:46.99ms
step:1056/1480 train_time:49662ms step_avg:47.03ms
step:1057/1480 train_time:49740ms step_avg:47.06ms
step:1058/1480 train_time:49824ms step_avg:47.09ms
step:1059/1480 train_time:49903ms step_avg:47.12ms
step:1060/1480 train_time:49988ms step_avg:47.16ms
step:1061/1480 train_time:50067ms step_avg:47.19ms
step:1062/1480 train_time:50151ms step_avg:47.22ms
step:1063/1480 train_time:50230ms step_avg:47.25ms
step:1064/1480 train_time:50314ms step_avg:47.29ms
step:1065/1480 train_time:50395ms step_avg:47.32ms
step:1066/1480 train_time:50479ms step_avg:47.35ms
step:1067/1480 train_time:50557ms step_avg:47.38ms
step:1068/1480 train_time:50642ms step_avg:47.42ms
step:1069/1480 train_time:50720ms step_avg:47.45ms
step:1070/1480 train_time:50805ms step_avg:47.48ms
step:1071/1480 train_time:50885ms step_avg:47.51ms
step:1072/1480 train_time:50969ms step_avg:47.55ms
step:1073/1480 train_time:51049ms step_avg:47.58ms
step:1074/1480 train_time:51133ms step_avg:47.61ms
step:1075/1480 train_time:51212ms step_avg:47.64ms
step:1076/1480 train_time:51297ms step_avg:47.67ms
step:1077/1480 train_time:51377ms step_avg:47.70ms
step:1078/1480 train_time:51462ms step_avg:47.74ms
step:1079/1480 train_time:51541ms step_avg:47.77ms
step:1080/1480 train_time:51624ms step_avg:47.80ms
step:1081/1480 train_time:51704ms step_avg:47.83ms
step:1082/1480 train_time:51789ms step_avg:47.86ms
step:1083/1480 train_time:51870ms step_avg:47.89ms
step:1084/1480 train_time:51955ms step_avg:47.93ms
step:1085/1480 train_time:52033ms step_avg:47.96ms
step:1086/1480 train_time:52117ms step_avg:47.99ms
step:1087/1480 train_time:52196ms step_avg:48.02ms
step:1088/1480 train_time:52281ms step_avg:48.05ms
step:1089/1480 train_time:52361ms step_avg:48.08ms
step:1090/1480 train_time:52445ms step_avg:48.11ms
step:1091/1480 train_time:52523ms step_avg:48.14ms
step:1092/1480 train_time:52607ms step_avg:48.18ms
step:1093/1480 train_time:52687ms step_avg:48.20ms
step:1094/1480 train_time:52771ms step_avg:48.24ms
step:1095/1480 train_time:52851ms step_avg:48.27ms
step:1096/1480 train_time:52936ms step_avg:48.30ms
step:1097/1480 train_time:53015ms step_avg:48.33ms
step:1098/1480 train_time:53099ms step_avg:48.36ms
step:1099/1480 train_time:53179ms step_avg:48.39ms
step:1100/1480 train_time:53263ms step_avg:48.42ms
step:1101/1480 train_time:53343ms step_avg:48.45ms
step:1102/1480 train_time:53428ms step_avg:48.48ms
step:1103/1480 train_time:53507ms step_avg:48.51ms
step:1104/1480 train_time:53592ms step_avg:48.54ms
step:1105/1480 train_time:53672ms step_avg:48.57ms
step:1106/1480 train_time:53758ms step_avg:48.61ms
step:1107/1480 train_time:53837ms step_avg:48.63ms
step:1108/1480 train_time:53921ms step_avg:48.67ms
step:1109/1480 train_time:54000ms step_avg:48.69ms
step:1110/1480 train_time:54085ms step_avg:48.73ms
step:1111/1480 train_time:54165ms step_avg:48.75ms
step:1112/1480 train_time:54250ms step_avg:48.79ms
step:1113/1480 train_time:54328ms step_avg:48.81ms
step:1114/1480 train_time:54413ms step_avg:48.84ms
step:1115/1480 train_time:54492ms step_avg:48.87ms
step:1116/1480 train_time:54577ms step_avg:48.90ms
step:1117/1480 train_time:54656ms step_avg:48.93ms
step:1118/1480 train_time:54740ms step_avg:48.96ms
step:1119/1480 train_time:54819ms step_avg:48.99ms
step:1120/1480 train_time:54904ms step_avg:49.02ms
step:1121/1480 train_time:54983ms step_avg:49.05ms
step:1122/1480 train_time:55069ms step_avg:49.08ms
step:1123/1480 train_time:55148ms step_avg:49.11ms
step:1124/1480 train_time:55233ms step_avg:49.14ms
step:1125/1480 train_time:55312ms step_avg:49.17ms
step:1126/1480 train_time:55397ms step_avg:49.20ms
step:1127/1480 train_time:55475ms step_avg:49.22ms
step:1128/1480 train_time:55561ms step_avg:49.26ms
step:1129/1480 train_time:55641ms step_avg:49.28ms
step:1130/1480 train_time:55724ms step_avg:49.31ms
step:1131/1480 train_time:55804ms step_avg:49.34ms
step:1132/1480 train_time:55889ms step_avg:49.37ms
step:1133/1480 train_time:55969ms step_avg:49.40ms
step:1134/1480 train_time:56054ms step_avg:49.43ms
step:1135/1480 train_time:56132ms step_avg:49.46ms
step:1136/1480 train_time:56217ms step_avg:49.49ms
step:1137/1480 train_time:56296ms step_avg:49.51ms
step:1138/1480 train_time:56381ms step_avg:49.54ms
step:1139/1480 train_time:56461ms step_avg:49.57ms
step:1140/1480 train_time:56545ms step_avg:49.60ms
step:1141/1480 train_time:56624ms step_avg:49.63ms
step:1142/1480 train_time:56709ms step_avg:49.66ms
step:1143/1480 train_time:56788ms step_avg:49.68ms
step:1144/1480 train_time:56872ms step_avg:49.71ms
step:1145/1480 train_time:56951ms step_avg:49.74ms
step:1146/1480 train_time:57037ms step_avg:49.77ms
step:1147/1480 train_time:57115ms step_avg:49.80ms
step:1148/1480 train_time:57201ms step_avg:49.83ms
step:1149/1480 train_time:57279ms step_avg:49.85ms
step:1150/1480 train_time:57364ms step_avg:49.88ms
step:1151/1480 train_time:57442ms step_avg:49.91ms
step:1152/1480 train_time:57528ms step_avg:49.94ms
step:1153/1480 train_time:57608ms step_avg:49.96ms
step:1154/1480 train_time:57693ms step_avg:49.99ms
step:1155/1480 train_time:57772ms step_avg:50.02ms
step:1156/1480 train_time:57858ms step_avg:50.05ms
step:1157/1480 train_time:57936ms step_avg:50.07ms
step:1158/1480 train_time:58021ms step_avg:50.10ms
step:1159/1480 train_time:58099ms step_avg:50.13ms
step:1160/1480 train_time:58184ms step_avg:50.16ms
step:1161/1480 train_time:58262ms step_avg:50.18ms
step:1162/1480 train_time:58347ms step_avg:50.21ms
step:1163/1480 train_time:58426ms step_avg:50.24ms
step:1164/1480 train_time:58511ms step_avg:50.27ms
step:1165/1480 train_time:58592ms step_avg:50.29ms
step:1166/1480 train_time:58678ms step_avg:50.32ms
step:1167/1480 train_time:58757ms step_avg:50.35ms
step:1168/1480 train_time:58843ms step_avg:50.38ms
step:1169/1480 train_time:58921ms step_avg:50.40ms
step:1170/1480 train_time:59007ms step_avg:50.43ms
step:1171/1480 train_time:59085ms step_avg:50.46ms
step:1172/1480 train_time:59171ms step_avg:50.49ms
step:1173/1480 train_time:59250ms step_avg:50.51ms
step:1174/1480 train_time:59334ms step_avg:50.54ms
step:1175/1480 train_time:59412ms step_avg:50.56ms
step:1176/1480 train_time:59498ms step_avg:50.59ms
step:1177/1480 train_time:59578ms step_avg:50.62ms
step:1178/1480 train_time:59662ms step_avg:50.65ms
step:1179/1480 train_time:59741ms step_avg:50.67ms
step:1180/1480 train_time:59825ms step_avg:50.70ms
step:1181/1480 train_time:59905ms step_avg:50.72ms
step:1182/1480 train_time:59990ms step_avg:50.75ms
step:1183/1480 train_time:60070ms step_avg:50.78ms
step:1184/1480 train_time:60154ms step_avg:50.81ms
step:1185/1480 train_time:60232ms step_avg:50.83ms
step:1186/1480 train_time:60316ms step_avg:50.86ms
step:1187/1480 train_time:60396ms step_avg:50.88ms
step:1188/1480 train_time:60481ms step_avg:50.91ms
step:1189/1480 train_time:60562ms step_avg:50.93ms
step:1190/1480 train_time:60646ms step_avg:50.96ms
step:1191/1480 train_time:60724ms step_avg:50.99ms
step:1192/1480 train_time:60810ms step_avg:51.01ms
step:1193/1480 train_time:60888ms step_avg:51.04ms
step:1194/1480 train_time:60973ms step_avg:51.07ms
step:1195/1480 train_time:61053ms step_avg:51.09ms
step:1196/1480 train_time:61138ms step_avg:51.12ms
step:1197/1480 train_time:61218ms step_avg:51.14ms
step:1198/1480 train_time:61300ms step_avg:51.17ms
step:1199/1480 train_time:61379ms step_avg:51.19ms
step:1200/1480 train_time:61464ms step_avg:51.22ms
step:1201/1480 train_time:61544ms step_avg:51.24ms
step:1202/1480 train_time:61629ms step_avg:51.27ms
step:1203/1480 train_time:61710ms step_avg:51.30ms
step:1204/1480 train_time:61794ms step_avg:51.32ms
step:1205/1480 train_time:61873ms step_avg:51.35ms
step:1206/1480 train_time:61959ms step_avg:51.38ms
step:1207/1480 train_time:62038ms step_avg:51.40ms
step:1208/1480 train_time:62122ms step_avg:51.43ms
step:1209/1480 train_time:62201ms step_avg:51.45ms
step:1210/1480 train_time:62285ms step_avg:51.48ms
step:1211/1480 train_time:62364ms step_avg:51.50ms
step:1212/1480 train_time:62449ms step_avg:51.53ms
step:1213/1480 train_time:62529ms step_avg:51.55ms
step:1214/1480 train_time:62613ms step_avg:51.58ms
step:1215/1480 train_time:62693ms step_avg:51.60ms
step:1216/1480 train_time:62778ms step_avg:51.63ms
step:1217/1480 train_time:62856ms step_avg:51.65ms
step:1218/1480 train_time:62941ms step_avg:51.68ms
step:1219/1480 train_time:63021ms step_avg:51.70ms
step:1220/1480 train_time:63107ms step_avg:51.73ms
step:1221/1480 train_time:63186ms step_avg:51.75ms
step:1222/1480 train_time:63269ms step_avg:51.78ms
step:1223/1480 train_time:63348ms step_avg:51.80ms
step:1224/1480 train_time:63431ms step_avg:51.82ms
step:1225/1480 train_time:63510ms step_avg:51.85ms
step:1226/1480 train_time:63595ms step_avg:51.87ms
step:1227/1480 train_time:63673ms step_avg:51.89ms
step:1228/1480 train_time:63760ms step_avg:51.92ms
step:1229/1480 train_time:63839ms step_avg:51.94ms
step:1230/1480 train_time:63922ms step_avg:51.97ms
step:1231/1480 train_time:64002ms step_avg:51.99ms
step:1232/1480 train_time:64087ms step_avg:52.02ms
step:1233/1480 train_time:64168ms step_avg:52.04ms
step:1234/1480 train_time:64252ms step_avg:52.07ms
step:1235/1480 train_time:64330ms step_avg:52.09ms
step:1236/1480 train_time:64415ms step_avg:52.12ms
step:1237/1480 train_time:64494ms step_avg:52.14ms
step:1238/1480 train_time:64578ms step_avg:52.16ms
step:1239/1480 train_time:64658ms step_avg:52.19ms
step:1240/1480 train_time:64742ms step_avg:52.21ms
step:1241/1480 train_time:64820ms step_avg:52.23ms
step:1242/1480 train_time:64906ms step_avg:52.26ms
step:1243/1480 train_time:64986ms step_avg:52.28ms
step:1244/1480 train_time:65071ms step_avg:52.31ms
step:1245/1480 train_time:65152ms step_avg:52.33ms
step:1246/1480 train_time:65236ms step_avg:52.36ms
step:1247/1480 train_time:65314ms step_avg:52.38ms
step:1248/1480 train_time:65399ms step_avg:52.40ms
step:1249/1480 train_time:65477ms step_avg:52.42ms
step:1250/1480 train_time:65562ms step_avg:52.45ms
step:1250/1480 val_loss:3.3680 train_time:65652ms step_avg:52.52ms
step:1251/1480 train_time:65667ms step_avg:52.49ms
step:1252/1480 train_time:65730ms step_avg:52.50ms
step:1253/1480 train_time:65814ms step_avg:52.53ms
step:1254/1480 train_time:65901ms step_avg:52.55ms
step:1255/1480 train_time:65980ms step_avg:52.57ms
step:1256/1480 train_time:66063ms step_avg:52.60ms
step:1257/1480 train_time:66142ms step_avg:52.62ms
step:1258/1480 train_time:66226ms step_avg:52.64ms
step:1259/1480 train_time:66306ms step_avg:52.67ms
step:1260/1480 train_time:66390ms step_avg:52.69ms
step:1261/1480 train_time:66467ms step_avg:52.71ms
step:1262/1480 train_time:66550ms step_avg:52.73ms
step:1263/1480 train_time:66630ms step_avg:52.76ms
step:1264/1480 train_time:66716ms step_avg:52.78ms
step:1265/1480 train_time:66799ms step_avg:52.81ms
step:1266/1480 train_time:66884ms step_avg:52.83ms
step:1267/1480 train_time:66964ms step_avg:52.85ms
step:1268/1480 train_time:67048ms step_avg:52.88ms
step:1269/1480 train_time:67128ms step_avg:52.90ms
step:1270/1480 train_time:67212ms step_avg:52.92ms
step:1271/1480 train_time:67292ms step_avg:52.94ms
step:1272/1480 train_time:67375ms step_avg:52.97ms
step:1273/1480 train_time:67453ms step_avg:52.99ms
step:1274/1480 train_time:67537ms step_avg:53.01ms
step:1275/1480 train_time:67615ms step_avg:53.03ms
step:1276/1480 train_time:67703ms step_avg:53.06ms
step:1277/1480 train_time:67785ms step_avg:53.08ms
step:1278/1480 train_time:67869ms step_avg:53.11ms
step:1279/1480 train_time:67949ms step_avg:53.13ms
step:1280/1480 train_time:68034ms step_avg:53.15ms
step:1281/1480 train_time:68113ms step_avg:53.17ms
step:1282/1480 train_time:68196ms step_avg:53.20ms
step:1283/1480 train_time:68275ms step_avg:53.22ms
step:1284/1480 train_time:68359ms step_avg:53.24ms
step:1285/1480 train_time:68438ms step_avg:53.26ms
step:1286/1480 train_time:68521ms step_avg:53.28ms
step:1287/1480 train_time:68602ms step_avg:53.30ms
step:1288/1480 train_time:68688ms step_avg:53.33ms
step:1289/1480 train_time:68767ms step_avg:53.35ms
step:1290/1480 train_time:68855ms step_avg:53.38ms
step:1291/1480 train_time:68935ms step_avg:53.40ms
step:1292/1480 train_time:69020ms step_avg:53.42ms
step:1293/1480 train_time:69098ms step_avg:53.44ms
step:1294/1480 train_time:69182ms step_avg:53.46ms
step:1295/1480 train_time:69262ms step_avg:53.48ms
step:1296/1480 train_time:69346ms step_avg:53.51ms
step:1297/1480 train_time:69427ms step_avg:53.53ms
step:1298/1480 train_time:69511ms step_avg:53.55ms
step:1299/1480 train_time:69589ms step_avg:53.57ms
step:1300/1480 train_time:69673ms step_avg:53.59ms
step:1301/1480 train_time:69753ms step_avg:53.61ms
step:1302/1480 train_time:69837ms step_avg:53.64ms
step:1303/1480 train_time:69918ms step_avg:53.66ms
step:1304/1480 train_time:70003ms step_avg:53.68ms
step:1305/1480 train_time:70082ms step_avg:53.70ms
step:1306/1480 train_time:70166ms step_avg:53.73ms
step:1307/1480 train_time:70244ms step_avg:53.74ms
step:1308/1480 train_time:70330ms step_avg:53.77ms
step:1309/1480 train_time:70409ms step_avg:53.79ms
step:1310/1480 train_time:70494ms step_avg:53.81ms
step:1311/1480 train_time:70574ms step_avg:53.83ms
step:1312/1480 train_time:70657ms step_avg:53.85ms
step:1313/1480 train_time:70735ms step_avg:53.87ms
step:1314/1480 train_time:70822ms step_avg:53.90ms
step:1315/1480 train_time:70902ms step_avg:53.92ms
step:1316/1480 train_time:70987ms step_avg:53.94ms
step:1317/1480 train_time:71065ms step_avg:53.96ms
step:1318/1480 train_time:71149ms step_avg:53.98ms
step:1319/1480 train_time:71229ms step_avg:54.00ms
step:1320/1480 train_time:71313ms step_avg:54.02ms
step:1321/1480 train_time:71392ms step_avg:54.04ms
step:1322/1480 train_time:71476ms step_avg:54.07ms
step:1323/1480 train_time:71554ms step_avg:54.08ms
step:1324/1480 train_time:71639ms step_avg:54.11ms
step:1325/1480 train_time:71718ms step_avg:54.13ms
step:1326/1480 train_time:71804ms step_avg:54.15ms
step:1327/1480 train_time:71884ms step_avg:54.17ms
step:1328/1480 train_time:71969ms step_avg:54.19ms
step:1329/1480 train_time:72047ms step_avg:54.21ms
step:1330/1480 train_time:72131ms step_avg:54.23ms
step:1331/1480 train_time:72212ms step_avg:54.25ms
step:1332/1480 train_time:72299ms step_avg:54.28ms
step:1333/1480 train_time:72380ms step_avg:54.30ms
step:1334/1480 train_time:72463ms step_avg:54.32ms
step:1335/1480 train_time:72543ms step_avg:54.34ms
step:1336/1480 train_time:72628ms step_avg:54.36ms
step:1337/1480 train_time:72707ms step_avg:54.38ms
step:1338/1480 train_time:72792ms step_avg:54.40ms
step:1339/1480 train_time:72872ms step_avg:54.42ms
step:1340/1480 train_time:72957ms step_avg:54.45ms
step:1341/1480 train_time:73036ms step_avg:54.46ms
step:1342/1480 train_time:73120ms step_avg:54.49ms
step:1343/1480 train_time:73200ms step_avg:54.50ms
step:1344/1480 train_time:73285ms step_avg:54.53ms
step:1345/1480 train_time:73364ms step_avg:54.55ms
step:1346/1480 train_time:73448ms step_avg:54.57ms
step:1347/1480 train_time:73527ms step_avg:54.59ms
step:1348/1480 train_time:73611ms step_avg:54.61ms
step:1349/1480 train_time:73690ms step_avg:54.63ms
step:1350/1480 train_time:73776ms step_avg:54.65ms
step:1351/1480 train_time:73855ms step_avg:54.67ms
step:1352/1480 train_time:73939ms step_avg:54.69ms
step:1353/1480 train_time:74019ms step_avg:54.71ms
step:1354/1480 train_time:74104ms step_avg:54.73ms
step:1355/1480 train_time:74183ms step_avg:54.75ms
step:1356/1480 train_time:74266ms step_avg:54.77ms
step:1357/1480 train_time:74345ms step_avg:54.79ms
step:1358/1480 train_time:74431ms step_avg:54.81ms
step:1359/1480 train_time:74511ms step_avg:54.83ms
step:1360/1480 train_time:74596ms step_avg:54.85ms
step:1361/1480 train_time:74675ms step_avg:54.87ms
step:1362/1480 train_time:74760ms step_avg:54.89ms
step:1363/1480 train_time:74838ms step_avg:54.91ms
step:1364/1480 train_time:74923ms step_avg:54.93ms
step:1365/1480 train_time:75003ms step_avg:54.95ms
step:1366/1480 train_time:75088ms step_avg:54.97ms
step:1367/1480 train_time:75168ms step_avg:54.99ms
step:1368/1480 train_time:75252ms step_avg:55.01ms
step:1369/1480 train_time:75332ms step_avg:55.03ms
step:1370/1480 train_time:75417ms step_avg:55.05ms
step:1371/1480 train_time:75496ms step_avg:55.07ms
step:1372/1480 train_time:75582ms step_avg:55.09ms
step:1373/1480 train_time:75661ms step_avg:55.11ms
step:1374/1480 train_time:75745ms step_avg:55.13ms
step:1375/1480 train_time:75825ms step_avg:55.15ms
step:1376/1480 train_time:75910ms step_avg:55.17ms
step:1377/1480 train_time:75990ms step_avg:55.18ms
step:1378/1480 train_time:76074ms step_avg:55.21ms
step:1379/1480 train_time:76153ms step_avg:55.22ms
step:1380/1480 train_time:76238ms step_avg:55.24ms
step:1381/1480 train_time:76317ms step_avg:55.26ms
step:1382/1480 train_time:76401ms step_avg:55.28ms
step:1383/1480 train_time:76480ms step_avg:55.30ms
step:1384/1480 train_time:76565ms step_avg:55.32ms
step:1385/1480 train_time:76644ms step_avg:55.34ms
step:1386/1480 train_time:76729ms step_avg:55.36ms
step:1387/1480 train_time:76809ms step_avg:55.38ms
step:1388/1480 train_time:76893ms step_avg:55.40ms
step:1389/1480 train_time:76972ms step_avg:55.42ms
step:1390/1480 train_time:77057ms step_avg:55.44ms
step:1391/1480 train_time:77137ms step_avg:55.45ms
step:1392/1480 train_time:77222ms step_avg:55.48ms
step:1393/1480 train_time:77300ms step_avg:55.49ms
step:1394/1480 train_time:77385ms step_avg:55.51ms
step:1395/1480 train_time:77464ms step_avg:55.53ms
step:1396/1480 train_time:77549ms step_avg:55.55ms
step:1397/1480 train_time:77629ms step_avg:55.57ms
step:1398/1480 train_time:77714ms step_avg:55.59ms
step:1399/1480 train_time:77793ms step_avg:55.61ms
step:1400/1480 train_time:77877ms step_avg:55.63ms
step:1401/1480 train_time:77955ms step_avg:55.64ms
step:1402/1480 train_time:78040ms step_avg:55.66ms
step:1403/1480 train_time:78119ms step_avg:55.68ms
step:1404/1480 train_time:78204ms step_avg:55.70ms
step:1405/1480 train_time:78284ms step_avg:55.72ms
step:1406/1480 train_time:78368ms step_avg:55.74ms
step:1407/1480 train_time:78447ms step_avg:55.75ms
step:1408/1480 train_time:78531ms step_avg:55.78ms
step:1409/1480 train_time:78611ms step_avg:55.79ms
step:1410/1480 train_time:78695ms step_avg:55.81ms
step:1411/1480 train_time:78774ms step_avg:55.83ms
step:1412/1480 train_time:78858ms step_avg:55.85ms
step:1413/1480 train_time:78936ms step_avg:55.86ms
step:1414/1480 train_time:79021ms step_avg:55.88ms
step:1415/1480 train_time:79101ms step_avg:55.90ms
step:1416/1480 train_time:79186ms step_avg:55.92ms
step:1417/1480 train_time:79265ms step_avg:55.94ms
step:1418/1480 train_time:79349ms step_avg:55.96ms
step:1419/1480 train_time:79431ms step_avg:55.98ms
step:1420/1480 train_time:79515ms step_avg:56.00ms
step:1421/1480 train_time:79595ms step_avg:56.01ms
step:1422/1480 train_time:79680ms step_avg:56.03ms
step:1423/1480 train_time:79760ms step_avg:56.05ms
step:1424/1480 train_time:79842ms step_avg:56.07ms
step:1425/1480 train_time:79922ms step_avg:56.09ms
step:1426/1480 train_time:80006ms step_avg:56.11ms
step:1427/1480 train_time:80086ms step_avg:56.12ms
step:1428/1480 train_time:80173ms step_avg:56.14ms
step:1429/1480 train_time:80252ms step_avg:56.16ms
step:1430/1480 train_time:80335ms step_avg:56.18ms
step:1431/1480 train_time:80415ms step_avg:56.20ms
step:1432/1480 train_time:80499ms step_avg:56.21ms
step:1433/1480 train_time:80580ms step_avg:56.23ms
step:1434/1480 train_time:80664ms step_avg:56.25ms
step:1435/1480 train_time:80742ms step_avg:56.27ms
step:1436/1480 train_time:80826ms step_avg:56.29ms
step:1437/1480 train_time:80905ms step_avg:56.30ms
step:1438/1480 train_time:80989ms step_avg:56.32ms
step:1439/1480 train_time:81070ms step_avg:56.34ms
step:1440/1480 train_time:81153ms step_avg:56.36ms
step:1441/1480 train_time:81233ms step_avg:56.37ms
step:1442/1480 train_time:81323ms step_avg:56.40ms
step:1443/1480 train_time:81403ms step_avg:56.41ms
step:1444/1480 train_time:81487ms step_avg:56.43ms
step:1445/1480 train_time:81567ms step_avg:56.45ms
step:1446/1480 train_time:81651ms step_avg:56.47ms
step:1447/1480 train_time:81731ms step_avg:56.48ms
step:1448/1480 train_time:81817ms step_avg:56.50ms
step:1449/1480 train_time:81897ms step_avg:56.52ms
step:1450/1480 train_time:81981ms step_avg:56.54ms
step:1451/1480 train_time:82060ms step_avg:56.55ms
step:1452/1480 train_time:82145ms step_avg:56.57ms
step:1453/1480 train_time:82225ms step_avg:56.59ms
step:1454/1480 train_time:82310ms step_avg:56.61ms
step:1455/1480 train_time:82390ms step_avg:56.63ms
step:1456/1480 train_time:82474ms step_avg:56.64ms
step:1457/1480 train_time:82555ms step_avg:56.66ms
step:1458/1480 train_time:82639ms step_avg:56.68ms
step:1459/1480 train_time:82718ms step_avg:56.69ms
step:1460/1480 train_time:82803ms step_avg:56.71ms
step:1461/1480 train_time:82884ms step_avg:56.73ms
step:1462/1480 train_time:82970ms step_avg:56.75ms
step:1463/1480 train_time:83048ms step_avg:56.77ms
step:1464/1480 train_time:83132ms step_avg:56.78ms
step:1465/1480 train_time:83213ms step_avg:56.80ms
step:1466/1480 train_time:83299ms step_avg:56.82ms
step:1467/1480 train_time:83378ms step_avg:56.84ms
step:1468/1480 train_time:83463ms step_avg:56.85ms
step:1469/1480 train_time:83542ms step_avg:56.87ms
step:1470/1480 train_time:83628ms step_avg:56.89ms
step:1471/1480 train_time:83707ms step_avg:56.90ms
step:1472/1480 train_time:83792ms step_avg:56.92ms
step:1473/1480 train_time:83872ms step_avg:56.94ms
step:1474/1480 train_time:83956ms step_avg:56.96ms
step:1475/1480 train_time:84036ms step_avg:56.97ms
step:1476/1480 train_time:84120ms step_avg:56.99ms
step:1477/1480 train_time:84201ms step_avg:57.01ms
step:1478/1480 train_time:84287ms step_avg:57.03ms
step:1479/1480 train_time:84365ms step_avg:57.04ms
step:1480/1480 train_time:84450ms step_avg:57.06ms
step:1480/1480 val_loss:3.2791 train_time:84540ms step_avg:57.12ms
peak memory allocated: 31348 MiB reserved: 45748 MiB
