W0420 01:49:31.808000 103466 torch/distributed/run.py:852] 
W0420 01:49:31.808000 103466 torch/distributed/run.py:852] *****************************************
W0420 01:49:31.808000 103466 torch/distributed/run.py:852] Setting OMP_NUM_THREADS environment variable for each process to be 1 in default, to avoid your system being overloaded, please further tune the variable for optimal performance in your application as needed. 
W0420 01:49:31.808000 103466 torch/distributed/run.py:852] *****************************************
[Gloo] Rank 0 is connected to 7 peer ranks. Expected number of connected peer ranks is : 7
[Gloo] Rank 1 is connected to 7 peer ranks. Expected number of connected peer ranks is : 7
[Gloo] Rank 2 is connected to 7 peer ranks. Expected number of connected peer ranks is : 7
[Gloo] Rank 3 is connected to 7 peer ranks. Expected number of connected peer ranks is : 7
[Gloo] Rank 4 is connected to 7 peer ranks. Expected number of connected peer ranks is : 7
[Gloo] Rank 5 is connected to 7 peer ranks. Expected number of connected peer ranks is : 7
[Gloo] Rank [Gloo] Rank 76 is connected to  is connected to 77 peer ranks.  peer ranks. Expected number of connected peer ranks is : Expected number of connected peer ranks is : 77

Warning: You are sending unauthenticated requests to the HF Hub. Please set a HF_TOKEN to enable higher rate limits and faster downloads.
Warning: You are sending unauthenticated requests to the HF Hub. Please set a HF_TOKEN to enable higher rate limits and faster downloads.
Warning: You are sending unauthenticated requests to the HF Hub. Please set a HF_TOKEN to enable higher rate limits and faster downloads.
Fetching 4 files:   0%|          | 0/4 [00:00<?, ?it/s]Fetching 4 files: 100%|██████████| 4/4 [00:00<00:00, 98112.37it/s]
Fetching 4 files:   0%|          | 0/4 [00:00<?, ?it/s]Fetching 4 files: 100%|██████████| 4/4 [00:00<00:00, 95869.81it/s]
Fetching 4 files:   0%|          | 0/4 [00:00<?, ?it/s]Fetching 4 files: 100%|██████████| 4/4 [00:00<00:00, 97541.95it/s]
Fetching 4 files:   0%|          | 0/4 [00:00<?, ?it/s]Fetching 4 files: 100%|██████████| 4/4 [00:00<00:00, 94254.02it/s]
Fetching 4 files:   0%|          | 0/4 [00:00<?, ?it/s]Fetching 4 files: 100%|██████████| 4/4 [00:00<00:00, 56299.38it/s]
Fetching 4 files:   0%|          | 0/4 [00:00<?, ?it/s]Fetching 4 files: 100%|██████████| 4/4 [00:00<00:00, 83886.08it/s]
Fetching 4 files:   0%|          | 0/4 [00:00<?, ?it/s]Fetching 4 files: 100%|██████████| 4/4 [00:00<00:00, 99273.47it/s]
Fetching 4 files:   0%|          | 0/4 [00:00<?, ?it/s]Fetching 4 files: 100%|██████████| 4/4 [00:00<00:00, 57852.47it/s]
logs/019ba401-9826-4452-939d-abd07a9c6197.txt
Compiling model and warming up kernels (~7 minutes on first execution)
Sampling steps [0, 1, 478, 479, 480, 481, 958, 959, 960, 961, 1438, 1439, 1440, 1441] for warmup
Resetting Model
step:0/1480 val_loss:10.8297 train_time:0ms step_avg:0.03ms
step:1/1480 train_time:70ms step_avg:69.81ms
step:2/1480 train_time:89ms step_avg:44.72ms
step:3/1480 train_time:106ms step_avg:35.22ms
step:4/1480 train_time:140ms step_avg:35.01ms
step:5/1480 train_time:167ms step_avg:33.47ms
step:6/1480 train_time:202ms step_avg:33.60ms
step:7/1480 train_time:229ms step_avg:32.76ms
step:8/1480 train_time:264ms step_avg:33.00ms
step:9/1480 train_time:291ms step_avg:32.38ms
step:10/1480 train_time:326ms step_avg:32.59ms
step:11/1480 train_time:354ms step_avg:32.15ms
step:12/1480 train_time:388ms step_avg:32.33ms
step:13/1480 train_time:416ms step_avg:31.98ms
step:14/1480 train_time:450ms step_avg:32.15ms
step:15/1480 train_time:478ms step_avg:31.86ms
step:16/1480 train_time:512ms step_avg:32.01ms
step:17/1480 train_time:540ms step_avg:31.77ms
step:18/1480 train_time:574ms step_avg:31.90ms
step:19/1480 train_time:602ms step_avg:31.69ms
step:20/1480 train_time:636ms step_avg:31.81ms
step:21/1480 train_time:664ms step_avg:31.63ms
step:22/1480 train_time:698ms step_avg:31.74ms
step:23/1480 train_time:726ms step_avg:31.58ms
step:24/1480 train_time:761ms step_avg:31.69ms
step:25/1480 train_time:789ms step_avg:31.54ms
step:26/1480 train_time:823ms step_avg:31.65ms
step:27/1480 train_time:851ms step_avg:31.52ms
step:28/1480 train_time:886ms step_avg:31.63ms
step:29/1480 train_time:913ms step_avg:31.50ms
step:30/1480 train_time:948ms step_avg:31.59ms
step:31/1480 train_time:976ms step_avg:31.48ms
step:32/1480 train_time:1011ms step_avg:31.60ms
step:33/1480 train_time:1039ms step_avg:31.49ms
step:34/1480 train_time:1074ms step_avg:31.59ms
step:35/1480 train_time:1102ms step_avg:31.50ms
step:36/1480 train_time:1137ms step_avg:31.57ms
step:37/1480 train_time:1165ms step_avg:31.49ms
step:38/1480 train_time:1199ms step_avg:31.56ms
step:39/1480 train_time:1228ms step_avg:31.48ms
step:40/1480 train_time:1262ms step_avg:31.56ms
step:41/1480 train_time:1290ms step_avg:31.47ms
step:42/1480 train_time:1324ms step_avg:31.54ms
step:43/1480 train_time:1352ms step_avg:31.45ms
step:44/1480 train_time:1386ms step_avg:31.51ms
step:45/1480 train_time:1414ms step_avg:31.43ms
step:46/1480 train_time:1449ms step_avg:31.50ms
step:47/1480 train_time:1477ms step_avg:31.43ms
step:48/1480 train_time:1511ms step_avg:31.49ms
step:49/1480 train_time:1540ms step_avg:31.43ms
step:50/1480 train_time:1574ms step_avg:31.49ms
step:51/1480 train_time:1602ms step_avg:31.42ms
step:52/1480 train_time:1637ms step_avg:31.47ms
step:53/1480 train_time:1665ms step_avg:31.41ms
step:54/1480 train_time:1699ms step_avg:31.46ms
step:55/1480 train_time:1727ms step_avg:31.40ms
step:56/1480 train_time:1761ms step_avg:31.44ms
step:57/1480 train_time:1789ms step_avg:31.38ms
step:58/1480 train_time:1823ms step_avg:31.43ms
step:59/1480 train_time:1851ms step_avg:31.37ms
step:60/1480 train_time:1885ms step_avg:31.42ms
step:61/1480 train_time:1913ms step_avg:31.36ms
step:62/1480 train_time:1947ms step_avg:31.41ms
step:63/1480 train_time:1975ms step_avg:31.35ms
step:64/1480 train_time:2010ms step_avg:31.40ms
step:65/1480 train_time:2038ms step_avg:31.35ms
step:66/1480 train_time:2072ms step_avg:31.40ms
step:67/1480 train_time:2100ms step_avg:31.35ms
step:68/1480 train_time:2134ms step_avg:31.39ms
step:69/1480 train_time:2163ms step_avg:31.35ms
step:70/1480 train_time:2197ms step_avg:31.39ms
step:71/1480 train_time:2226ms step_avg:31.35ms
step:72/1480 train_time:2260ms step_avg:31.39ms
step:73/1480 train_time:2288ms step_avg:31.35ms
step:74/1480 train_time:2322ms step_avg:31.38ms
step:75/1480 train_time:2350ms step_avg:31.34ms
step:76/1480 train_time:2385ms step_avg:31.38ms
step:77/1480 train_time:2413ms step_avg:31.34ms
step:78/1480 train_time:2447ms step_avg:31.38ms
step:79/1480 train_time:2475ms step_avg:31.33ms
step:80/1480 train_time:2509ms step_avg:31.37ms
step:81/1480 train_time:2538ms step_avg:31.33ms
step:82/1480 train_time:2572ms step_avg:31.36ms
step:83/1480 train_time:2600ms step_avg:31.33ms
step:84/1480 train_time:2635ms step_avg:31.36ms
step:85/1480 train_time:2663ms step_avg:31.32ms
step:86/1480 train_time:2697ms step_avg:31.36ms
step:87/1480 train_time:2725ms step_avg:31.32ms
step:88/1480 train_time:2759ms step_avg:31.35ms
step:89/1480 train_time:2787ms step_avg:31.32ms
step:90/1480 train_time:2821ms step_avg:31.35ms
step:91/1480 train_time:2849ms step_avg:31.31ms
step:92/1480 train_time:2884ms step_avg:31.34ms
step:93/1480 train_time:2911ms step_avg:31.31ms
step:94/1480 train_time:2946ms step_avg:31.34ms
step:95/1480 train_time:2974ms step_avg:31.30ms
step:96/1480 train_time:3009ms step_avg:31.34ms
step:97/1480 train_time:3037ms step_avg:31.31ms
step:98/1480 train_time:3071ms step_avg:31.34ms
step:99/1480 train_time:3099ms step_avg:31.30ms
step:100/1480 train_time:3134ms step_avg:31.34ms
step:101/1480 train_time:3162ms step_avg:31.30ms
step:102/1480 train_time:3196ms step_avg:31.33ms
step:103/1480 train_time:3224ms step_avg:31.30ms
step:104/1480 train_time:3258ms step_avg:31.33ms
step:105/1480 train_time:3286ms step_avg:31.30ms
step:106/1480 train_time:3320ms step_avg:31.32ms
step:107/1480 train_time:3348ms step_avg:31.29ms
step:108/1480 train_time:3382ms step_avg:31.32ms
step:109/1480 train_time:3410ms step_avg:31.29ms
step:110/1480 train_time:3445ms step_avg:31.32ms
step:111/1480 train_time:3473ms step_avg:31.29ms
step:112/1480 train_time:3508ms step_avg:31.32ms
step:113/1480 train_time:3536ms step_avg:31.29ms
step:114/1480 train_time:3570ms step_avg:31.32ms
step:115/1480 train_time:3598ms step_avg:31.29ms
step:116/1480 train_time:3633ms step_avg:31.32ms
step:117/1480 train_time:3661ms step_avg:31.29ms
step:118/1480 train_time:3695ms step_avg:31.31ms
step:119/1480 train_time:3724ms step_avg:31.29ms
step:120/1480 train_time:3758ms step_avg:31.31ms
step:121/1480 train_time:3786ms step_avg:31.29ms
step:122/1480 train_time:3820ms step_avg:31.31ms
step:123/1480 train_time:3848ms step_avg:31.28ms
step:124/1480 train_time:3882ms step_avg:31.31ms
step:125/1480 train_time:3910ms step_avg:31.28ms
step:126/1480 train_time:3945ms step_avg:31.31ms
step:127/1480 train_time:3973ms step_avg:31.28ms
step:128/1480 train_time:4007ms step_avg:31.31ms
step:129/1480 train_time:4035ms step_avg:31.28ms
step:130/1480 train_time:4069ms step_avg:31.30ms
step:131/1480 train_time:4098ms step_avg:31.28ms
step:132/1480 train_time:4132ms step_avg:31.30ms
step:133/1480 train_time:4160ms step_avg:31.28ms
step:134/1480 train_time:4195ms step_avg:31.30ms
step:135/1480 train_time:4223ms step_avg:31.28ms
step:136/1480 train_time:4257ms step_avg:31.30ms
step:137/1480 train_time:4285ms step_avg:31.28ms
step:138/1480 train_time:4319ms step_avg:31.30ms
step:139/1480 train_time:4347ms step_avg:31.27ms
step:140/1480 train_time:4382ms step_avg:31.30ms
step:141/1480 train_time:4409ms step_avg:31.27ms
step:142/1480 train_time:4444ms step_avg:31.29ms
step:143/1480 train_time:4472ms step_avg:31.27ms
step:144/1480 train_time:4506ms step_avg:31.29ms
step:145/1480 train_time:4534ms step_avg:31.27ms
step:146/1480 train_time:4568ms step_avg:31.29ms
step:147/1480 train_time:4596ms step_avg:31.26ms
step:148/1480 train_time:4630ms step_avg:31.29ms
step:149/1480 train_time:4658ms step_avg:31.26ms
step:150/1480 train_time:4693ms step_avg:31.28ms
step:151/1480 train_time:4721ms step_avg:31.26ms
step:152/1480 train_time:4755ms step_avg:31.28ms
step:153/1480 train_time:4783ms step_avg:31.26ms
step:154/1480 train_time:4817ms step_avg:31.28ms
step:155/1480 train_time:4845ms step_avg:31.26ms
step:156/1480 train_time:4879ms step_avg:31.28ms
step:157/1480 train_time:4907ms step_avg:31.26ms
step:158/1480 train_time:4942ms step_avg:31.28ms
step:159/1480 train_time:4970ms step_avg:31.25ms
step:160/1480 train_time:5004ms step_avg:31.27ms
step:161/1480 train_time:5032ms step_avg:31.25ms
step:162/1480 train_time:5066ms step_avg:31.27ms
step:163/1480 train_time:5094ms step_avg:31.25ms
step:164/1480 train_time:5129ms step_avg:31.27ms
step:165/1480 train_time:5157ms step_avg:31.25ms
step:166/1480 train_time:5191ms step_avg:31.27ms
step:167/1480 train_time:5219ms step_avg:31.25ms
step:168/1480 train_time:5254ms step_avg:31.27ms
step:169/1480 train_time:5282ms step_avg:31.25ms
step:170/1480 train_time:5316ms step_avg:31.27ms
step:171/1480 train_time:5344ms step_avg:31.25ms
step:172/1480 train_time:5378ms step_avg:31.27ms
step:173/1480 train_time:5406ms step_avg:31.25ms
step:174/1480 train_time:5440ms step_avg:31.26ms
step:175/1480 train_time:5468ms step_avg:31.25ms
step:176/1480 train_time:5502ms step_avg:31.26ms
step:177/1480 train_time:5530ms step_avg:31.25ms
step:178/1480 train_time:5565ms step_avg:31.26ms
step:179/1480 train_time:5593ms step_avg:31.25ms
step:180/1480 train_time:5628ms step_avg:31.27ms
step:181/1480 train_time:5656ms step_avg:31.25ms
step:182/1480 train_time:5690ms step_avg:31.26ms
step:183/1480 train_time:5718ms step_avg:31.24ms
step:184/1480 train_time:5752ms step_avg:31.26ms
step:185/1480 train_time:5780ms step_avg:31.24ms
step:186/1480 train_time:5814ms step_avg:31.26ms
step:187/1480 train_time:5842ms step_avg:31.24ms
step:188/1480 train_time:5876ms step_avg:31.26ms
step:189/1480 train_time:5904ms step_avg:31.24ms
step:190/1480 train_time:5938ms step_avg:31.26ms
step:191/1480 train_time:5967ms step_avg:31.24ms
step:192/1480 train_time:6001ms step_avg:31.25ms
step:193/1480 train_time:6029ms step_avg:31.24ms
step:194/1480 train_time:6063ms step_avg:31.25ms
step:195/1480 train_time:6091ms step_avg:31.24ms
step:196/1480 train_time:6125ms step_avg:31.25ms
step:197/1480 train_time:6153ms step_avg:31.23ms
step:198/1480 train_time:6188ms step_avg:31.25ms
step:199/1480 train_time:6215ms step_avg:31.23ms
step:200/1480 train_time:6250ms step_avg:31.25ms
step:201/1480 train_time:6277ms step_avg:31.23ms
step:202/1480 train_time:6311ms step_avg:31.24ms
step:203/1480 train_time:6340ms step_avg:31.23ms
step:204/1480 train_time:6374ms step_avg:31.24ms
step:205/1480 train_time:6402ms step_avg:31.23ms
step:206/1480 train_time:6437ms step_avg:31.25ms
step:207/1480 train_time:6465ms step_avg:31.23ms
step:208/1480 train_time:6499ms step_avg:31.25ms
step:209/1480 train_time:6527ms step_avg:31.23ms
step:210/1480 train_time:6561ms step_avg:31.24ms
step:211/1480 train_time:6589ms step_avg:31.23ms
step:212/1480 train_time:6624ms step_avg:31.24ms
step:213/1480 train_time:6652ms step_avg:31.23ms
step:214/1480 train_time:6686ms step_avg:31.24ms
step:215/1480 train_time:6714ms step_avg:31.23ms
step:216/1480 train_time:6748ms step_avg:31.24ms
step:217/1480 train_time:6776ms step_avg:31.23ms
step:218/1480 train_time:6810ms step_avg:31.24ms
step:219/1480 train_time:6838ms step_avg:31.22ms
step:220/1480 train_time:6872ms step_avg:31.24ms
step:221/1480 train_time:6901ms step_avg:31.23ms
step:222/1480 train_time:6935ms step_avg:31.24ms
step:223/1480 train_time:6963ms step_avg:31.23ms
step:224/1480 train_time:6997ms step_avg:31.24ms
step:225/1480 train_time:7026ms step_avg:31.23ms
step:226/1480 train_time:7060ms step_avg:31.24ms
step:227/1480 train_time:7088ms step_avg:31.22ms
step:228/1480 train_time:7122ms step_avg:31.24ms
step:229/1480 train_time:7150ms step_avg:31.22ms
step:230/1480 train_time:7184ms step_avg:31.24ms
step:231/1480 train_time:7212ms step_avg:31.22ms
step:232/1480 train_time:7247ms step_avg:31.23ms
step:233/1480 train_time:7274ms step_avg:31.22ms
step:234/1480 train_time:7308ms step_avg:31.23ms
step:235/1480 train_time:7336ms step_avg:31.22ms
step:236/1480 train_time:7371ms step_avg:31.23ms
step:237/1480 train_time:7399ms step_avg:31.22ms
step:238/1480 train_time:7433ms step_avg:31.23ms
step:239/1480 train_time:7462ms step_avg:31.22ms
step:240/1480 train_time:7496ms step_avg:31.23ms
step:241/1480 train_time:7524ms step_avg:31.22ms
step:242/1480 train_time:7558ms step_avg:31.23ms
step:243/1480 train_time:7586ms step_avg:31.22ms
step:244/1480 train_time:7620ms step_avg:31.23ms
step:245/1480 train_time:7648ms step_avg:31.22ms
step:246/1480 train_time:7682ms step_avg:31.23ms
step:247/1480 train_time:7710ms step_avg:31.21ms
step:248/1480 train_time:7744ms step_avg:31.22ms
step:249/1480 train_time:7772ms step_avg:31.21ms
step:250/1480 train_time:7806ms step_avg:31.23ms
step:250/1480 val_loss:4.5186 train_time:7844ms step_avg:31.37ms
step:251/1480 train_time:7859ms step_avg:31.31ms
step:252/1480 train_time:7875ms step_avg:31.25ms
step:253/1480 train_time:7900ms step_avg:31.22ms
step:254/1480 train_time:7935ms step_avg:31.24ms
step:255/1480 train_time:7963ms step_avg:31.23ms
step:256/1480 train_time:7998ms step_avg:31.24ms
step:257/1480 train_time:8027ms step_avg:31.23ms
step:258/1480 train_time:8061ms step_avg:31.24ms
step:259/1480 train_time:8088ms step_avg:31.23ms
step:260/1480 train_time:8123ms step_avg:31.24ms
step:261/1480 train_time:8151ms step_avg:31.23ms
step:262/1480 train_time:8185ms step_avg:31.24ms
step:263/1480 train_time:8213ms step_avg:31.23ms
step:264/1480 train_time:8247ms step_avg:31.24ms
step:265/1480 train_time:8275ms step_avg:31.23ms
step:266/1480 train_time:8309ms step_avg:31.24ms
step:267/1480 train_time:8337ms step_avg:31.22ms
step:268/1480 train_time:8371ms step_avg:31.23ms
step:269/1480 train_time:8399ms step_avg:31.22ms
step:270/1480 train_time:8432ms step_avg:31.23ms
step:271/1480 train_time:8460ms step_avg:31.22ms
step:272/1480 train_time:8494ms step_avg:31.23ms
step:273/1480 train_time:8522ms step_avg:31.22ms
step:274/1480 train_time:8556ms step_avg:31.23ms
step:275/1480 train_time:8584ms step_avg:31.21ms
step:276/1480 train_time:8618ms step_avg:31.22ms
step:277/1480 train_time:8646ms step_avg:31.21ms
step:278/1480 train_time:8680ms step_avg:31.22ms
step:279/1480 train_time:8708ms step_avg:31.21ms
step:280/1480 train_time:8742ms step_avg:31.22ms
step:281/1480 train_time:8769ms step_avg:31.21ms
step:282/1480 train_time:8803ms step_avg:31.22ms
step:283/1480 train_time:8831ms step_avg:31.21ms
step:284/1480 train_time:8866ms step_avg:31.22ms
step:285/1480 train_time:8894ms step_avg:31.21ms
step:286/1480 train_time:8928ms step_avg:31.22ms
step:287/1480 train_time:8956ms step_avg:31.21ms
step:288/1480 train_time:8990ms step_avg:31.22ms
step:289/1480 train_time:9018ms step_avg:31.21ms
step:290/1480 train_time:9052ms step_avg:31.22ms
step:291/1480 train_time:9080ms step_avg:31.20ms
step:292/1480 train_time:9115ms step_avg:31.22ms
step:293/1480 train_time:9143ms step_avg:31.20ms
step:294/1480 train_time:9178ms step_avg:31.22ms
step:295/1480 train_time:9205ms step_avg:31.20ms
step:296/1480 train_time:9240ms step_avg:31.22ms
step:297/1480 train_time:9267ms step_avg:31.20ms
step:298/1480 train_time:9302ms step_avg:31.21ms
step:299/1480 train_time:9330ms step_avg:31.20ms
step:300/1480 train_time:9364ms step_avg:31.21ms
step:301/1480 train_time:9392ms step_avg:31.20ms
step:302/1480 train_time:9426ms step_avg:31.21ms
step:303/1480 train_time:9454ms step_avg:31.20ms
step:304/1480 train_time:9488ms step_avg:31.21ms
step:305/1480 train_time:9517ms step_avg:31.20ms
step:306/1480 train_time:9551ms step_avg:31.21ms
step:307/1480 train_time:9578ms step_avg:31.20ms
step:308/1480 train_time:9613ms step_avg:31.21ms
step:309/1480 train_time:9641ms step_avg:31.20ms
step:310/1480 train_time:9675ms step_avg:31.21ms
step:311/1480 train_time:9702ms step_avg:31.20ms
step:312/1480 train_time:9737ms step_avg:31.21ms
step:313/1480 train_time:9765ms step_avg:31.20ms
step:314/1480 train_time:9799ms step_avg:31.21ms
step:315/1480 train_time:9827ms step_avg:31.20ms
step:316/1480 train_time:9861ms step_avg:31.21ms
step:317/1480 train_time:9889ms step_avg:31.20ms
step:318/1480 train_time:9923ms step_avg:31.20ms
step:319/1480 train_time:9951ms step_avg:31.20ms
step:320/1480 train_time:9985ms step_avg:31.20ms
step:321/1480 train_time:10014ms step_avg:31.20ms
step:322/1480 train_time:10048ms step_avg:31.20ms
step:323/1480 train_time:10076ms step_avg:31.19ms
step:324/1480 train_time:10110ms step_avg:31.20ms
step:325/1480 train_time:10138ms step_avg:31.19ms
step:326/1480 train_time:10172ms step_avg:31.20ms
step:327/1480 train_time:10200ms step_avg:31.19ms
step:328/1480 train_time:10234ms step_avg:31.20ms
step:329/1480 train_time:10262ms step_avg:31.19ms
step:330/1480 train_time:10296ms step_avg:31.20ms
step:331/1480 train_time:10324ms step_avg:31.19ms
step:332/1480 train_time:10359ms step_avg:31.20ms
step:333/1480 train_time:10386ms step_avg:31.19ms
step:334/1480 train_time:10421ms step_avg:31.20ms
step:335/1480 train_time:10448ms step_avg:31.19ms
step:336/1480 train_time:10483ms step_avg:31.20ms
step:337/1480 train_time:10511ms step_avg:31.19ms
step:338/1480 train_time:10545ms step_avg:31.20ms
step:339/1480 train_time:10573ms step_avg:31.19ms
step:340/1480 train_time:10607ms step_avg:31.20ms
step:341/1480 train_time:10635ms step_avg:31.19ms
step:342/1480 train_time:10669ms step_avg:31.20ms
step:343/1480 train_time:10697ms step_avg:31.19ms
step:344/1480 train_time:10731ms step_avg:31.19ms
step:345/1480 train_time:10759ms step_avg:31.18ms
step:346/1480 train_time:10793ms step_avg:31.19ms
step:347/1480 train_time:10821ms step_avg:31.18ms
step:348/1480 train_time:10855ms step_avg:31.19ms
step:349/1480 train_time:10883ms step_avg:31.18ms
step:350/1480 train_time:10917ms step_avg:31.19ms
step:351/1480 train_time:10945ms step_avg:31.18ms
step:352/1480 train_time:10980ms step_avg:31.19ms
step:353/1480 train_time:11008ms step_avg:31.18ms
step:354/1480 train_time:11042ms step_avg:31.19ms
step:355/1480 train_time:11070ms step_avg:31.18ms
step:356/1480 train_time:11104ms step_avg:31.19ms
step:357/1480 train_time:11132ms step_avg:31.18ms
step:358/1480 train_time:11166ms step_avg:31.19ms
step:359/1480 train_time:11194ms step_avg:31.18ms
step:360/1480 train_time:11228ms step_avg:31.19ms
step:361/1480 train_time:11256ms step_avg:31.18ms
step:362/1480 train_time:11290ms step_avg:31.19ms
step:363/1480 train_time:11318ms step_avg:31.18ms
step:364/1480 train_time:11352ms step_avg:31.19ms
step:365/1480 train_time:11380ms step_avg:31.18ms
step:366/1480 train_time:11414ms step_avg:31.19ms
step:367/1480 train_time:11442ms step_avg:31.18ms
step:368/1480 train_time:11477ms step_avg:31.19ms
step:369/1480 train_time:11505ms step_avg:31.18ms
step:370/1480 train_time:11539ms step_avg:31.19ms
step:371/1480 train_time:11567ms step_avg:31.18ms
step:372/1480 train_time:11601ms step_avg:31.19ms
step:373/1480 train_time:11629ms step_avg:31.18ms
step:374/1480 train_time:11663ms step_avg:31.18ms
step:375/1480 train_time:11691ms step_avg:31.18ms
step:376/1480 train_time:11725ms step_avg:31.18ms
step:377/1480 train_time:11753ms step_avg:31.18ms
step:378/1480 train_time:11787ms step_avg:31.18ms
step:379/1480 train_time:11815ms step_avg:31.18ms
step:380/1480 train_time:11849ms step_avg:31.18ms
step:381/1480 train_time:11878ms step_avg:31.18ms
step:382/1480 train_time:11912ms step_avg:31.18ms
step:383/1480 train_time:11940ms step_avg:31.17ms
step:384/1480 train_time:11974ms step_avg:31.18ms
step:385/1480 train_time:12002ms step_avg:31.17ms
step:386/1480 train_time:12036ms step_avg:31.18ms
step:387/1480 train_time:12064ms step_avg:31.17ms
step:388/1480 train_time:12099ms step_avg:31.18ms
step:389/1480 train_time:12126ms step_avg:31.17ms
step:390/1480 train_time:12161ms step_avg:31.18ms
step:391/1480 train_time:12188ms step_avg:31.17ms
step:392/1480 train_time:12223ms step_avg:31.18ms
step:393/1480 train_time:12251ms step_avg:31.17ms
step:394/1480 train_time:12285ms step_avg:31.18ms
step:395/1480 train_time:12313ms step_avg:31.17ms
step:396/1480 train_time:12347ms step_avg:31.18ms
step:397/1480 train_time:12376ms step_avg:31.17ms
step:398/1480 train_time:12409ms step_avg:31.18ms
step:399/1480 train_time:12438ms step_avg:31.17ms
step:400/1480 train_time:12472ms step_avg:31.18ms
step:401/1480 train_time:12500ms step_avg:31.17ms
step:402/1480 train_time:12533ms step_avg:31.18ms
step:403/1480 train_time:12561ms step_avg:31.17ms
step:404/1480 train_time:12596ms step_avg:31.18ms
step:405/1480 train_time:12624ms step_avg:31.17ms
step:406/1480 train_time:12658ms step_avg:31.18ms
step:407/1480 train_time:12686ms step_avg:31.17ms
step:408/1480 train_time:12720ms step_avg:31.18ms
step:409/1480 train_time:12748ms step_avg:31.17ms
step:410/1480 train_time:12782ms step_avg:31.18ms
step:411/1480 train_time:12810ms step_avg:31.17ms
step:412/1480 train_time:12844ms step_avg:31.17ms
step:413/1480 train_time:12872ms step_avg:31.17ms
step:414/1480 train_time:12906ms step_avg:31.17ms
step:415/1480 train_time:12934ms step_avg:31.17ms
step:416/1480 train_time:12968ms step_avg:31.17ms
step:417/1480 train_time:12996ms step_avg:31.16ms
step:418/1480 train_time:13030ms step_avg:31.17ms
step:419/1480 train_time:13058ms step_avg:31.17ms
step:420/1480 train_time:13092ms step_avg:31.17ms
step:421/1480 train_time:13120ms step_avg:31.16ms
step:422/1480 train_time:13155ms step_avg:31.17ms
step:423/1480 train_time:13183ms step_avg:31.16ms
step:424/1480 train_time:13218ms step_avg:31.17ms
step:425/1480 train_time:13245ms step_avg:31.16ms
step:426/1480 train_time:13279ms step_avg:31.17ms
step:427/1480 train_time:13307ms step_avg:31.16ms
step:428/1480 train_time:13341ms step_avg:31.17ms
step:429/1480 train_time:13369ms step_avg:31.16ms
step:430/1480 train_time:13403ms step_avg:31.17ms
step:431/1480 train_time:13431ms step_avg:31.16ms
step:432/1480 train_time:13465ms step_avg:31.17ms
step:433/1480 train_time:13493ms step_avg:31.16ms
step:434/1480 train_time:13528ms step_avg:31.17ms
step:435/1480 train_time:13556ms step_avg:31.16ms
step:436/1480 train_time:13590ms step_avg:31.17ms
step:437/1480 train_time:13618ms step_avg:31.16ms
step:438/1480 train_time:13652ms step_avg:31.17ms
step:439/1480 train_time:13680ms step_avg:31.16ms
step:440/1480 train_time:13714ms step_avg:31.17ms
step:441/1480 train_time:13742ms step_avg:31.16ms
step:442/1480 train_time:13777ms step_avg:31.17ms
step:443/1480 train_time:13804ms step_avg:31.16ms
step:444/1480 train_time:13838ms step_avg:31.17ms
step:445/1480 train_time:13866ms step_avg:31.16ms
step:446/1480 train_time:13900ms step_avg:31.17ms
step:447/1480 train_time:13928ms step_avg:31.16ms
step:448/1480 train_time:13962ms step_avg:31.17ms
step:449/1480 train_time:13990ms step_avg:31.16ms
step:450/1480 train_time:14024ms step_avg:31.16ms
step:451/1480 train_time:14052ms step_avg:31.16ms
step:452/1480 train_time:14086ms step_avg:31.16ms
step:453/1480 train_time:14114ms step_avg:31.16ms
step:454/1480 train_time:14148ms step_avg:31.16ms
step:455/1480 train_time:14176ms step_avg:31.16ms
step:456/1480 train_time:14210ms step_avg:31.16ms
step:457/1480 train_time:14238ms step_avg:31.16ms
step:458/1480 train_time:14272ms step_avg:31.16ms
step:459/1480 train_time:14300ms step_avg:31.16ms
step:460/1480 train_time:14334ms step_avg:31.16ms
step:461/1480 train_time:14362ms step_avg:31.15ms
step:462/1480 train_time:14397ms step_avg:31.16ms
step:463/1480 train_time:14425ms step_avg:31.15ms
step:464/1480 train_time:14459ms step_avg:31.16ms
step:465/1480 train_time:14487ms step_avg:31.15ms
step:466/1480 train_time:14521ms step_avg:31.16ms
step:467/1480 train_time:14549ms step_avg:31.15ms
step:468/1480 train_time:14583ms step_avg:31.16ms
step:469/1480 train_time:14612ms step_avg:31.16ms
step:470/1480 train_time:14646ms step_avg:31.16ms
step:471/1480 train_time:14674ms step_avg:31.15ms
step:472/1480 train_time:14708ms step_avg:31.16ms
step:473/1480 train_time:14736ms step_avg:31.15ms
step:474/1480 train_time:14770ms step_avg:31.16ms
step:475/1480 train_time:14798ms step_avg:31.15ms
step:476/1480 train_time:14832ms step_avg:31.16ms
step:477/1480 train_time:14860ms step_avg:31.15ms
step:478/1480 train_time:14894ms step_avg:31.16ms
step:479/1480 train_time:14922ms step_avg:31.15ms
step:480/1480 train_time:14956ms step_avg:31.16ms
step:481/1480 train_time:14986ms step_avg:31.16ms
step:482/1480 train_time:15047ms step_avg:31.22ms
step:483/1480 train_time:15100ms step_avg:31.26ms
step:484/1480 train_time:15158ms step_avg:31.32ms
step:485/1480 train_time:15212ms step_avg:31.36ms
step:486/1480 train_time:15271ms step_avg:31.42ms
step:487/1480 train_time:15325ms step_avg:31.47ms
step:488/1480 train_time:15384ms step_avg:31.53ms
step:489/1480 train_time:15438ms step_avg:31.57ms
step:490/1480 train_time:15497ms step_avg:31.63ms
step:491/1480 train_time:15550ms step_avg:31.67ms
step:492/1480 train_time:15610ms step_avg:31.73ms
step:493/1480 train_time:15663ms step_avg:31.77ms
step:494/1480 train_time:15723ms step_avg:31.83ms
step:495/1480 train_time:15776ms step_avg:31.87ms
step:496/1480 train_time:15835ms step_avg:31.93ms
step:497/1480 train_time:15889ms step_avg:31.97ms
step:498/1480 train_time:15949ms step_avg:32.03ms
step:499/1480 train_time:16002ms step_avg:32.07ms
step:500/1480 train_time:16061ms step_avg:32.12ms
step:500/1480 val_loss:4.2187 train_time:16125ms step_avg:32.25ms
step:501/1480 train_time:16140ms step_avg:32.22ms
step:502/1480 train_time:16176ms step_avg:32.22ms
step:503/1480 train_time:16230ms step_avg:32.27ms
step:504/1480 train_time:16292ms step_avg:32.33ms
step:505/1480 train_time:16350ms step_avg:32.38ms
step:506/1480 train_time:16408ms step_avg:32.43ms
step:507/1480 train_time:16461ms step_avg:32.47ms
step:508/1480 train_time:16520ms step_avg:32.52ms
step:509/1480 train_time:16573ms step_avg:32.56ms
step:510/1480 train_time:16632ms step_avg:32.61ms
step:511/1480 train_time:16685ms step_avg:32.65ms
step:512/1480 train_time:16744ms step_avg:32.70ms
step:513/1480 train_time:16797ms step_avg:32.74ms
step:514/1480 train_time:16855ms step_avg:32.79ms
step:515/1480 train_time:16908ms step_avg:32.83ms
step:516/1480 train_time:16967ms step_avg:32.88ms
step:517/1480 train_time:17020ms step_avg:32.92ms
step:518/1480 train_time:17079ms step_avg:32.97ms
step:519/1480 train_time:17133ms step_avg:33.01ms
step:520/1480 train_time:17192ms step_avg:33.06ms
step:521/1480 train_time:17249ms step_avg:33.11ms
step:522/1480 train_time:17308ms step_avg:33.16ms
step:523/1480 train_time:17362ms step_avg:33.20ms
step:524/1480 train_time:17422ms step_avg:33.25ms
step:525/1480 train_time:17477ms step_avg:33.29ms
step:526/1480 train_time:17535ms step_avg:33.34ms
step:527/1480 train_time:17588ms step_avg:33.37ms
step:528/1480 train_time:17647ms step_avg:33.42ms
step:529/1480 train_time:17701ms step_avg:33.46ms
step:530/1480 train_time:17759ms step_avg:33.51ms
step:531/1480 train_time:17812ms step_avg:33.54ms
step:532/1480 train_time:17872ms step_avg:33.59ms
step:533/1480 train_time:17925ms step_avg:33.63ms
step:534/1480 train_time:17983ms step_avg:33.68ms
step:535/1480 train_time:18037ms step_avg:33.71ms
step:536/1480 train_time:18095ms step_avg:33.76ms
step:537/1480 train_time:18149ms step_avg:33.80ms
step:538/1480 train_time:18209ms step_avg:33.85ms
step:539/1480 train_time:18263ms step_avg:33.88ms
step:540/1480 train_time:18323ms step_avg:33.93ms
step:541/1480 train_time:18377ms step_avg:33.97ms
step:542/1480 train_time:18436ms step_avg:34.01ms
step:543/1480 train_time:18490ms step_avg:34.05ms
step:544/1480 train_time:18549ms step_avg:34.10ms
step:545/1480 train_time:18603ms step_avg:34.13ms
step:546/1480 train_time:18662ms step_avg:34.18ms
step:547/1480 train_time:18715ms step_avg:34.21ms
step:548/1480 train_time:18773ms step_avg:34.26ms
step:549/1480 train_time:18826ms step_avg:34.29ms
step:550/1480 train_time:18885ms step_avg:34.34ms
step:551/1480 train_time:18938ms step_avg:34.37ms
step:552/1480 train_time:18996ms step_avg:34.41ms
step:553/1480 train_time:19049ms step_avg:34.45ms
step:554/1480 train_time:19109ms step_avg:34.49ms
step:555/1480 train_time:19162ms step_avg:34.53ms
step:556/1480 train_time:19222ms step_avg:34.57ms
step:557/1480 train_time:19275ms step_avg:34.60ms
step:558/1480 train_time:19334ms step_avg:34.65ms
step:559/1480 train_time:19389ms step_avg:34.68ms
step:560/1480 train_time:19448ms step_avg:34.73ms
step:561/1480 train_time:19502ms step_avg:34.76ms
step:562/1480 train_time:19561ms step_avg:34.81ms
step:563/1480 train_time:19614ms step_avg:34.84ms
step:564/1480 train_time:19674ms step_avg:34.88ms
step:565/1480 train_time:19727ms step_avg:34.91ms
step:566/1480 train_time:19786ms step_avg:34.96ms
step:567/1480 train_time:19839ms step_avg:34.99ms
step:568/1480 train_time:19897ms step_avg:35.03ms
step:569/1480 train_time:19950ms step_avg:35.06ms
step:570/1480 train_time:20009ms step_avg:35.10ms
step:571/1480 train_time:20063ms step_avg:35.14ms
step:572/1480 train_time:20122ms step_avg:35.18ms
step:573/1480 train_time:20175ms step_avg:35.21ms
step:574/1480 train_time:20234ms step_avg:35.25ms
step:575/1480 train_time:20287ms step_avg:35.28ms
step:576/1480 train_time:20348ms step_avg:35.33ms
step:577/1480 train_time:20401ms step_avg:35.36ms
step:578/1480 train_time:20461ms step_avg:35.40ms
step:579/1480 train_time:20515ms step_avg:35.43ms
step:580/1480 train_time:20573ms step_avg:35.47ms
step:581/1480 train_time:20627ms step_avg:35.50ms
step:582/1480 train_time:20686ms step_avg:35.54ms
step:583/1480 train_time:20739ms step_avg:35.57ms
step:584/1480 train_time:20798ms step_avg:35.61ms
step:585/1480 train_time:20851ms step_avg:35.64ms
step:586/1480 train_time:20910ms step_avg:35.68ms
step:587/1480 train_time:20963ms step_avg:35.71ms
step:588/1480 train_time:21023ms step_avg:35.75ms
step:589/1480 train_time:21076ms step_avg:35.78ms
step:590/1480 train_time:21134ms step_avg:35.82ms
step:591/1480 train_time:21188ms step_avg:35.85ms
step:592/1480 train_time:21248ms step_avg:35.89ms
step:593/1480 train_time:21301ms step_avg:35.92ms
step:594/1480 train_time:21360ms step_avg:35.96ms
step:595/1480 train_time:21415ms step_avg:35.99ms
step:596/1480 train_time:21474ms step_avg:36.03ms
step:597/1480 train_time:21528ms step_avg:36.06ms
step:598/1480 train_time:21587ms step_avg:36.10ms
step:599/1480 train_time:21641ms step_avg:36.13ms
step:600/1480 train_time:21699ms step_avg:36.17ms
step:601/1480 train_time:21753ms step_avg:36.19ms
step:602/1480 train_time:21812ms step_avg:36.23ms
step:603/1480 train_time:21866ms step_avg:36.26ms
step:604/1480 train_time:21924ms step_avg:36.30ms
step:605/1480 train_time:21978ms step_avg:36.33ms
step:606/1480 train_time:22037ms step_avg:36.36ms
step:607/1480 train_time:22091ms step_avg:36.39ms
step:608/1480 train_time:22150ms step_avg:36.43ms
step:609/1480 train_time:22203ms step_avg:36.46ms
step:610/1480 train_time:22262ms step_avg:36.50ms
step:611/1480 train_time:22315ms step_avg:36.52ms
step:612/1480 train_time:22374ms step_avg:36.56ms
step:613/1480 train_time:22427ms step_avg:36.59ms
step:614/1480 train_time:22486ms step_avg:36.62ms
step:615/1480 train_time:22540ms step_avg:36.65ms
step:616/1480 train_time:22599ms step_avg:36.69ms
step:617/1480 train_time:22652ms step_avg:36.71ms
step:618/1480 train_time:22712ms step_avg:36.75ms
step:619/1480 train_time:22766ms step_avg:36.78ms
step:620/1480 train_time:22825ms step_avg:36.81ms
step:621/1480 train_time:22878ms step_avg:36.84ms
step:622/1480 train_time:22937ms step_avg:36.88ms
step:623/1480 train_time:22990ms step_avg:36.90ms
step:624/1480 train_time:23050ms step_avg:36.94ms
step:625/1480 train_time:23104ms step_avg:36.97ms
step:626/1480 train_time:23163ms step_avg:37.00ms
step:627/1480 train_time:23216ms step_avg:37.03ms
step:628/1480 train_time:23276ms step_avg:37.06ms
step:629/1480 train_time:23329ms step_avg:37.09ms
step:630/1480 train_time:23388ms step_avg:37.12ms
step:631/1480 train_time:23441ms step_avg:37.15ms
step:632/1480 train_time:23500ms step_avg:37.18ms
step:633/1480 train_time:23554ms step_avg:37.21ms
step:634/1480 train_time:23612ms step_avg:37.24ms
step:635/1480 train_time:23667ms step_avg:37.27ms
step:636/1480 train_time:23725ms step_avg:37.30ms
step:637/1480 train_time:23779ms step_avg:37.33ms
step:638/1480 train_time:23838ms step_avg:37.36ms
step:639/1480 train_time:23891ms step_avg:37.39ms
step:640/1480 train_time:23950ms step_avg:37.42ms
step:641/1480 train_time:24004ms step_avg:37.45ms
step:642/1480 train_time:24063ms step_avg:37.48ms
step:643/1480 train_time:24117ms step_avg:37.51ms
step:644/1480 train_time:24175ms step_avg:37.54ms
step:645/1480 train_time:24228ms step_avg:37.56ms
step:646/1480 train_time:24287ms step_avg:37.60ms
step:647/1480 train_time:24341ms step_avg:37.62ms
step:648/1480 train_time:24400ms step_avg:37.65ms
step:649/1480 train_time:24453ms step_avg:37.68ms
step:650/1480 train_time:24512ms step_avg:37.71ms
step:651/1480 train_time:24565ms step_avg:37.73ms
step:652/1480 train_time:24624ms step_avg:37.77ms
step:653/1480 train_time:24678ms step_avg:37.79ms
step:654/1480 train_time:24737ms step_avg:37.82ms
step:655/1480 train_time:24791ms step_avg:37.85ms
step:656/1480 train_time:24850ms step_avg:37.88ms
step:657/1480 train_time:24903ms step_avg:37.90ms
step:658/1480 train_time:24962ms step_avg:37.94ms
step:659/1480 train_time:25016ms step_avg:37.96ms
step:660/1480 train_time:25075ms step_avg:37.99ms
step:661/1480 train_time:25128ms step_avg:38.02ms
step:662/1480 train_time:25187ms step_avg:38.05ms
step:663/1480 train_time:25240ms step_avg:38.07ms
step:664/1480 train_time:25299ms step_avg:38.10ms
step:665/1480 train_time:25352ms step_avg:38.12ms
step:666/1480 train_time:25412ms step_avg:38.16ms
step:667/1480 train_time:25466ms step_avg:38.18ms
step:668/1480 train_time:25524ms step_avg:38.21ms
step:669/1480 train_time:25578ms step_avg:38.23ms
step:670/1480 train_time:25637ms step_avg:38.26ms
step:671/1480 train_time:25690ms step_avg:38.29ms
step:672/1480 train_time:25750ms step_avg:38.32ms
step:673/1480 train_time:25804ms step_avg:38.34ms
step:674/1480 train_time:25863ms step_avg:38.37ms
step:675/1480 train_time:25916ms step_avg:38.39ms
step:676/1480 train_time:25976ms step_avg:38.43ms
step:677/1480 train_time:26030ms step_avg:38.45ms
step:678/1480 train_time:26089ms step_avg:38.48ms
step:679/1480 train_time:26142ms step_avg:38.50ms
step:680/1480 train_time:26200ms step_avg:38.53ms
step:681/1480 train_time:26254ms step_avg:38.55ms
step:682/1480 train_time:26313ms step_avg:38.58ms
step:683/1480 train_time:26367ms step_avg:38.60ms
step:684/1480 train_time:26425ms step_avg:38.63ms
step:685/1480 train_time:26478ms step_avg:38.65ms
step:686/1480 train_time:26537ms step_avg:38.68ms
step:687/1480 train_time:26591ms step_avg:38.71ms
step:688/1480 train_time:26650ms step_avg:38.74ms
step:689/1480 train_time:26704ms step_avg:38.76ms
step:690/1480 train_time:26763ms step_avg:38.79ms
step:691/1480 train_time:26817ms step_avg:38.81ms
step:692/1480 train_time:26875ms step_avg:38.84ms
step:693/1480 train_time:26929ms step_avg:38.86ms
step:694/1480 train_time:26988ms step_avg:38.89ms
step:695/1480 train_time:27041ms step_avg:38.91ms
step:696/1480 train_time:27101ms step_avg:38.94ms
step:697/1480 train_time:27154ms step_avg:38.96ms
step:698/1480 train_time:27213ms step_avg:38.99ms
step:699/1480 train_time:27267ms step_avg:39.01ms
step:700/1480 train_time:27325ms step_avg:39.04ms
step:701/1480 train_time:27379ms step_avg:39.06ms
step:702/1480 train_time:27438ms step_avg:39.09ms
step:703/1480 train_time:27491ms step_avg:39.11ms
step:704/1480 train_time:27551ms step_avg:39.13ms
step:705/1480 train_time:27605ms step_avg:39.16ms
step:706/1480 train_time:27664ms step_avg:39.18ms
step:707/1480 train_time:27717ms step_avg:39.20ms
step:708/1480 train_time:27778ms step_avg:39.23ms
step:709/1480 train_time:27831ms step_avg:39.25ms
step:710/1480 train_time:27890ms step_avg:39.28ms
step:711/1480 train_time:27944ms step_avg:39.30ms
step:712/1480 train_time:28003ms step_avg:39.33ms
step:713/1480 train_time:28057ms step_avg:39.35ms
step:714/1480 train_time:28116ms step_avg:39.38ms
step:715/1480 train_time:28170ms step_avg:39.40ms
step:716/1480 train_time:28228ms step_avg:39.42ms
step:717/1480 train_time:28281ms step_avg:39.44ms
step:718/1480 train_time:28341ms step_avg:39.47ms
step:719/1480 train_time:28395ms step_avg:39.49ms
step:720/1480 train_time:28454ms step_avg:39.52ms
step:721/1480 train_time:28508ms step_avg:39.54ms
step:722/1480 train_time:28567ms step_avg:39.57ms
step:723/1480 train_time:28620ms step_avg:39.59ms
step:724/1480 train_time:28679ms step_avg:39.61ms
step:725/1480 train_time:28733ms step_avg:39.63ms
step:726/1480 train_time:28792ms step_avg:39.66ms
step:727/1480 train_time:28847ms step_avg:39.68ms
step:728/1480 train_time:28906ms step_avg:39.71ms
step:729/1480 train_time:28959ms step_avg:39.72ms
step:730/1480 train_time:29017ms step_avg:39.75ms
step:731/1480 train_time:29072ms step_avg:39.77ms
step:732/1480 train_time:29130ms step_avg:39.80ms
step:733/1480 train_time:29184ms step_avg:39.81ms
step:734/1480 train_time:29243ms step_avg:39.84ms
step:735/1480 train_time:29296ms step_avg:39.86ms
step:736/1480 train_time:29355ms step_avg:39.88ms
step:737/1480 train_time:29409ms step_avg:39.90ms
step:738/1480 train_time:29468ms step_avg:39.93ms
step:739/1480 train_time:29522ms step_avg:39.95ms
step:740/1480 train_time:29581ms step_avg:39.97ms
step:741/1480 train_time:29635ms step_avg:39.99ms
step:742/1480 train_time:29693ms step_avg:40.02ms
step:743/1480 train_time:29747ms step_avg:40.04ms
step:744/1480 train_time:29806ms step_avg:40.06ms
step:745/1480 train_time:29859ms step_avg:40.08ms
step:746/1480 train_time:29919ms step_avg:40.11ms
step:747/1480 train_time:29972ms step_avg:40.12ms
step:748/1480 train_time:30031ms step_avg:40.15ms
step:749/1480 train_time:30085ms step_avg:40.17ms
step:750/1480 train_time:30144ms step_avg:40.19ms
step:750/1480 val_loss:3.7952 train_time:30207ms step_avg:40.28ms
step:751/1480 train_time:30223ms step_avg:40.24ms
step:752/1480 train_time:30259ms step_avg:40.24ms
step:753/1480 train_time:30317ms step_avg:40.26ms
step:754/1480 train_time:30377ms step_avg:40.29ms
step:755/1480 train_time:30431ms step_avg:40.31ms
step:756/1480 train_time:30490ms step_avg:40.33ms
step:757/1480 train_time:30544ms step_avg:40.35ms
step:758/1480 train_time:30603ms step_avg:40.37ms
step:759/1480 train_time:30656ms step_avg:40.39ms
step:760/1480 train_time:30715ms step_avg:40.41ms
step:761/1480 train_time:30767ms step_avg:40.43ms
step:762/1480 train_time:30825ms step_avg:40.45ms
step:763/1480 train_time:30878ms step_avg:40.47ms
step:764/1480 train_time:30936ms step_avg:40.49ms
step:765/1480 train_time:30989ms step_avg:40.51ms
step:766/1480 train_time:31047ms step_avg:40.53ms
step:767/1480 train_time:31101ms step_avg:40.55ms
step:768/1480 train_time:31160ms step_avg:40.57ms
step:769/1480 train_time:31215ms step_avg:40.59ms
step:770/1480 train_time:31275ms step_avg:40.62ms
step:771/1480 train_time:31329ms step_avg:40.63ms
step:772/1480 train_time:31390ms step_avg:40.66ms
step:773/1480 train_time:31445ms step_avg:40.68ms
step:774/1480 train_time:31503ms step_avg:40.70ms
step:775/1480 train_time:31557ms step_avg:40.72ms
step:776/1480 train_time:31616ms step_avg:40.74ms
step:777/1480 train_time:31669ms step_avg:40.76ms
step:778/1480 train_time:31728ms step_avg:40.78ms
step:779/1480 train_time:31782ms step_avg:40.80ms
step:780/1480 train_time:31841ms step_avg:40.82ms
step:781/1480 train_time:31894ms step_avg:40.84ms
step:782/1480 train_time:31952ms step_avg:40.86ms
step:783/1480 train_time:32006ms step_avg:40.88ms
step:784/1480 train_time:32064ms step_avg:40.90ms
step:785/1480 train_time:32116ms step_avg:40.91ms
step:786/1480 train_time:32177ms step_avg:40.94ms
step:787/1480 train_time:32231ms step_avg:40.95ms
step:788/1480 train_time:32290ms step_avg:40.98ms
step:789/1480 train_time:32345ms step_avg:40.99ms
step:790/1480 train_time:32405ms step_avg:41.02ms
step:791/1480 train_time:32459ms step_avg:41.04ms
step:792/1480 train_time:32518ms step_avg:41.06ms
step:793/1480 train_time:32571ms step_avg:41.07ms
step:794/1480 train_time:32630ms step_avg:41.10ms
step:795/1480 train_time:32684ms step_avg:41.11ms
step:796/1480 train_time:32743ms step_avg:41.13ms
step:797/1480 train_time:32796ms step_avg:41.15ms
step:798/1480 train_time:32855ms step_avg:41.17ms
step:799/1480 train_time:32907ms step_avg:41.19ms
step:800/1480 train_time:32966ms step_avg:41.21ms
step:801/1480 train_time:33020ms step_avg:41.22ms
step:802/1480 train_time:33078ms step_avg:41.24ms
step:803/1480 train_time:33132ms step_avg:41.26ms
step:804/1480 train_time:33191ms step_avg:41.28ms
step:805/1480 train_time:33245ms step_avg:41.30ms
step:806/1480 train_time:33304ms step_avg:41.32ms
step:807/1480 train_time:33359ms step_avg:41.34ms
step:808/1480 train_time:33419ms step_avg:41.36ms
step:809/1480 train_time:33472ms step_avg:41.37ms
step:810/1480 train_time:33531ms step_avg:41.40ms
step:811/1480 train_time:33585ms step_avg:41.41ms
step:812/1480 train_time:33643ms step_avg:41.43ms
step:813/1480 train_time:33696ms step_avg:41.45ms
step:814/1480 train_time:33756ms step_avg:41.47ms
step:815/1480 train_time:33809ms step_avg:41.48ms
step:816/1480 train_time:33868ms step_avg:41.50ms
step:817/1480 train_time:33922ms step_avg:41.52ms
step:818/1480 train_time:33982ms step_avg:41.54ms
step:819/1480 train_time:34035ms step_avg:41.56ms
step:820/1480 train_time:34094ms step_avg:41.58ms
step:821/1480 train_time:34147ms step_avg:41.59ms
step:822/1480 train_time:34207ms step_avg:41.61ms
step:823/1480 train_time:34261ms step_avg:41.63ms
step:824/1480 train_time:34320ms step_avg:41.65ms
step:825/1480 train_time:34374ms step_avg:41.66ms
step:826/1480 train_time:34433ms step_avg:41.69ms
step:827/1480 train_time:34486ms step_avg:41.70ms
step:828/1480 train_time:34545ms step_avg:41.72ms
step:829/1480 train_time:34599ms step_avg:41.74ms
step:830/1480 train_time:34658ms step_avg:41.76ms
step:831/1480 train_time:34712ms step_avg:41.77ms
step:832/1480 train_time:34770ms step_avg:41.79ms
step:833/1480 train_time:34824ms step_avg:41.81ms
step:834/1480 train_time:34883ms step_avg:41.83ms
step:835/1480 train_time:34936ms step_avg:41.84ms
step:836/1480 train_time:34995ms step_avg:41.86ms
step:837/1480 train_time:35048ms step_avg:41.87ms
step:838/1480 train_time:35107ms step_avg:41.89ms
step:839/1480 train_time:35161ms step_avg:41.91ms
step:840/1480 train_time:35220ms step_avg:41.93ms
step:841/1480 train_time:35274ms step_avg:41.94ms
step:842/1480 train_time:35333ms step_avg:41.96ms
step:843/1480 train_time:35387ms step_avg:41.98ms
step:844/1480 train_time:35446ms step_avg:42.00ms
step:845/1480 train_time:35499ms step_avg:42.01ms
step:846/1480 train_time:35558ms step_avg:42.03ms
step:847/1480 train_time:35612ms step_avg:42.04ms
step:848/1480 train_time:35670ms step_avg:42.06ms
step:849/1480 train_time:35724ms step_avg:42.08ms
step:850/1480 train_time:35783ms step_avg:42.10ms
step:851/1480 train_time:35836ms step_avg:42.11ms
step:852/1480 train_time:35895ms step_avg:42.13ms
step:853/1480 train_time:35949ms step_avg:42.14ms
step:854/1480 train_time:36008ms step_avg:42.16ms
step:855/1480 train_time:36061ms step_avg:42.18ms
step:856/1480 train_time:36121ms step_avg:42.20ms
step:857/1480 train_time:36174ms step_avg:42.21ms
step:858/1480 train_time:36233ms step_avg:42.23ms
step:859/1480 train_time:36287ms step_avg:42.24ms
step:860/1480 train_time:36346ms step_avg:42.26ms
step:861/1480 train_time:36400ms step_avg:42.28ms
step:862/1480 train_time:36459ms step_avg:42.30ms
step:863/1480 train_time:36513ms step_avg:42.31ms
step:864/1480 train_time:36572ms step_avg:42.33ms
step:865/1480 train_time:36625ms step_avg:42.34ms
step:866/1480 train_time:36685ms step_avg:42.36ms
step:867/1480 train_time:36738ms step_avg:42.37ms
step:868/1480 train_time:36798ms step_avg:42.39ms
step:869/1480 train_time:36851ms step_avg:42.41ms
step:870/1480 train_time:36909ms step_avg:42.42ms
step:871/1480 train_time:36963ms step_avg:42.44ms
step:872/1480 train_time:37022ms step_avg:42.46ms
step:873/1480 train_time:37076ms step_avg:42.47ms
step:874/1480 train_time:37135ms step_avg:42.49ms
step:875/1480 train_time:37189ms step_avg:42.50ms
step:876/1480 train_time:37247ms step_avg:42.52ms
step:877/1480 train_time:37301ms step_avg:42.53ms
step:878/1480 train_time:37360ms step_avg:42.55ms
step:879/1480 train_time:37414ms step_avg:42.56ms
step:880/1480 train_time:37473ms step_avg:42.58ms
step:881/1480 train_time:37526ms step_avg:42.60ms
step:882/1480 train_time:37586ms step_avg:42.61ms
step:883/1480 train_time:37639ms step_avg:42.63ms
step:884/1480 train_time:37698ms step_avg:42.65ms
step:885/1480 train_time:37753ms step_avg:42.66ms
step:886/1480 train_time:37811ms step_avg:42.68ms
step:887/1480 train_time:37865ms step_avg:42.69ms
step:888/1480 train_time:37924ms step_avg:42.71ms
step:889/1480 train_time:37978ms step_avg:42.72ms
step:890/1480 train_time:38037ms step_avg:42.74ms
step:891/1480 train_time:38091ms step_avg:42.75ms
step:892/1480 train_time:38151ms step_avg:42.77ms
step:893/1480 train_time:38204ms step_avg:42.78ms
step:894/1480 train_time:38263ms step_avg:42.80ms
step:895/1480 train_time:38316ms step_avg:42.81ms
step:896/1480 train_time:38376ms step_avg:42.83ms
step:897/1480 train_time:38430ms step_avg:42.84ms
step:898/1480 train_time:38489ms step_avg:42.86ms
step:899/1480 train_time:38543ms step_avg:42.87ms
step:900/1480 train_time:38602ms step_avg:42.89ms
step:901/1480 train_time:38656ms step_avg:42.90ms
step:902/1480 train_time:38715ms step_avg:42.92ms
step:903/1480 train_time:38769ms step_avg:42.93ms
step:904/1480 train_time:38827ms step_avg:42.95ms
step:905/1480 train_time:38881ms step_avg:42.96ms
step:906/1480 train_time:38939ms step_avg:42.98ms
step:907/1480 train_time:38992ms step_avg:42.99ms
step:908/1480 train_time:39051ms step_avg:43.01ms
step:909/1480 train_time:39106ms step_avg:43.02ms
step:910/1480 train_time:39165ms step_avg:43.04ms
step:911/1480 train_time:39219ms step_avg:43.05ms
step:912/1480 train_time:39279ms step_avg:43.07ms
step:913/1480 train_time:39332ms step_avg:43.08ms
step:914/1480 train_time:39391ms step_avg:43.10ms
step:915/1480 train_time:39445ms step_avg:43.11ms
step:916/1480 train_time:39504ms step_avg:43.13ms
step:917/1480 train_time:39557ms step_avg:43.14ms
step:918/1480 train_time:39617ms step_avg:43.16ms
step:919/1480 train_time:39671ms step_avg:43.17ms
step:920/1480 train_time:39730ms step_avg:43.18ms
step:921/1480 train_time:39785ms step_avg:43.20ms
step:922/1480 train_time:39843ms step_avg:43.21ms
step:923/1480 train_time:39897ms step_avg:43.23ms
step:924/1480 train_time:39956ms step_avg:43.24ms
step:925/1480 train_time:40009ms step_avg:43.25ms
step:926/1480 train_time:40068ms step_avg:43.27ms
step:927/1480 train_time:40122ms step_avg:43.28ms
step:928/1480 train_time:40181ms step_avg:43.30ms
step:929/1480 train_time:40235ms step_avg:43.31ms
step:930/1480 train_time:40294ms step_avg:43.33ms
step:931/1480 train_time:40348ms step_avg:43.34ms
step:932/1480 train_time:40408ms step_avg:43.36ms
step:933/1480 train_time:40461ms step_avg:43.37ms
step:934/1480 train_time:40520ms step_avg:43.38ms
step:935/1480 train_time:40573ms step_avg:43.39ms
step:936/1480 train_time:40632ms step_avg:43.41ms
step:937/1480 train_time:40686ms step_avg:43.42ms
step:938/1480 train_time:40745ms step_avg:43.44ms
step:939/1480 train_time:40798ms step_avg:43.45ms
step:940/1480 train_time:40858ms step_avg:43.47ms
step:941/1480 train_time:40911ms step_avg:43.48ms
step:942/1480 train_time:40970ms step_avg:43.49ms
step:943/1480 train_time:41023ms step_avg:43.50ms
step:944/1480 train_time:41083ms step_avg:43.52ms
step:945/1480 train_time:41136ms step_avg:43.53ms
step:946/1480 train_time:41195ms step_avg:43.55ms
step:947/1480 train_time:41250ms step_avg:43.56ms
step:948/1480 train_time:41308ms step_avg:43.57ms
step:949/1480 train_time:41362ms step_avg:43.59ms
step:950/1480 train_time:41422ms step_avg:43.60ms
step:951/1480 train_time:41476ms step_avg:43.61ms
step:952/1480 train_time:41535ms step_avg:43.63ms
step:953/1480 train_time:41588ms step_avg:43.64ms
step:954/1480 train_time:41647ms step_avg:43.65ms
step:955/1480 train_time:41700ms step_avg:43.67ms
step:956/1480 train_time:41760ms step_avg:43.68ms
step:957/1480 train_time:41814ms step_avg:43.69ms
step:958/1480 train_time:41873ms step_avg:43.71ms
step:959/1480 train_time:41926ms step_avg:43.72ms
step:960/1480 train_time:41985ms step_avg:43.73ms
step:961/1480 train_time:42040ms step_avg:43.75ms
step:962/1480 train_time:42128ms step_avg:43.79ms
step:963/1480 train_time:42206ms step_avg:43.83ms
step:964/1480 train_time:42291ms step_avg:43.87ms
step:965/1480 train_time:42371ms step_avg:43.91ms
step:966/1480 train_time:42457ms step_avg:43.95ms
step:967/1480 train_time:42537ms step_avg:43.99ms
step:968/1480 train_time:42622ms step_avg:44.03ms
step:969/1480 train_time:42700ms step_avg:44.07ms
step:970/1480 train_time:42784ms step_avg:44.11ms
step:971/1480 train_time:42863ms step_avg:44.14ms
step:972/1480 train_time:42948ms step_avg:44.19ms
step:973/1480 train_time:43027ms step_avg:44.22ms
step:974/1480 train_time:43112ms step_avg:44.26ms
step:975/1480 train_time:43192ms step_avg:44.30ms
step:976/1480 train_time:43277ms step_avg:44.34ms
step:977/1480 train_time:43357ms step_avg:44.38ms
step:978/1480 train_time:43442ms step_avg:44.42ms
step:979/1480 train_time:43521ms step_avg:44.45ms
step:980/1480 train_time:43606ms step_avg:44.50ms
step:981/1480 train_time:43685ms step_avg:44.53ms
step:982/1480 train_time:43770ms step_avg:44.57ms
step:983/1480 train_time:43850ms step_avg:44.61ms
step:984/1480 train_time:43935ms step_avg:44.65ms
step:985/1480 train_time:44014ms step_avg:44.68ms
step:986/1480 train_time:44099ms step_avg:44.73ms
step:987/1480 train_time:44177ms step_avg:44.76ms
step:988/1480 train_time:44262ms step_avg:44.80ms
step:989/1480 train_time:44342ms step_avg:44.84ms
step:990/1480 train_time:44427ms step_avg:44.88ms
step:991/1480 train_time:44507ms step_avg:44.91ms
step:992/1480 train_time:44591ms step_avg:44.95ms
step:993/1480 train_time:44670ms step_avg:44.99ms
step:994/1480 train_time:44756ms step_avg:45.03ms
step:995/1480 train_time:44835ms step_avg:45.06ms
step:996/1480 train_time:44921ms step_avg:45.10ms
step:997/1480 train_time:45001ms step_avg:45.14ms
step:998/1480 train_time:45086ms step_avg:45.18ms
step:999/1480 train_time:45164ms step_avg:45.21ms
step:1000/1480 train_time:45250ms step_avg:45.25ms
step:1000/1480 val_loss:3.5101 train_time:45340ms step_avg:45.34ms
step:1001/1480 train_time:45357ms step_avg:45.31ms
step:1002/1480 train_time:45420ms step_avg:45.33ms
step:1003/1480 train_time:45504ms step_avg:45.37ms
step:1004/1480 train_time:45589ms step_avg:45.41ms
step:1005/1480 train_time:45668ms step_avg:45.44ms
step:1006/1480 train_time:45751ms step_avg:45.48ms
step:1007/1480 train_time:45831ms step_avg:45.51ms
step:1008/1480 train_time:45914ms step_avg:45.55ms
step:1009/1480 train_time:45993ms step_avg:45.58ms
step:1010/1480 train_time:46077ms step_avg:45.62ms
step:1011/1480 train_time:46156ms step_avg:45.65ms
step:1012/1480 train_time:46239ms step_avg:45.69ms
step:1013/1480 train_time:46320ms step_avg:45.73ms
step:1014/1480 train_time:46407ms step_avg:45.77ms
step:1015/1480 train_time:46489ms step_avg:45.80ms
step:1016/1480 train_time:46577ms step_avg:45.84ms
step:1017/1480 train_time:46657ms step_avg:45.88ms
step:1018/1480 train_time:46742ms step_avg:45.92ms
step:1019/1480 train_time:46821ms step_avg:45.95ms
step:1020/1480 train_time:46904ms step_avg:45.98ms
step:1021/1480 train_time:46983ms step_avg:46.02ms
step:1022/1480 train_time:47068ms step_avg:46.05ms
step:1023/1480 train_time:47146ms step_avg:46.09ms
step:1024/1480 train_time:47231ms step_avg:46.12ms
step:1025/1480 train_time:47310ms step_avg:46.16ms
step:1026/1480 train_time:47396ms step_avg:46.19ms
step:1027/1480 train_time:47478ms step_avg:46.23ms
step:1028/1480 train_time:47564ms step_avg:46.27ms
step:1029/1480 train_time:47643ms step_avg:46.30ms
step:1030/1480 train_time:47729ms step_avg:46.34ms
step:1031/1480 train_time:47806ms step_avg:46.37ms
step:1032/1480 train_time:47891ms step_avg:46.41ms
step:1033/1480 train_time:47970ms step_avg:46.44ms
step:1034/1480 train_time:48056ms step_avg:46.48ms
step:1035/1480 train_time:48136ms step_avg:46.51ms
step:1036/1480 train_time:48220ms step_avg:46.54ms
step:1037/1480 train_time:48299ms step_avg:46.58ms
step:1038/1480 train_time:48384ms step_avg:46.61ms
step:1039/1480 train_time:48464ms step_avg:46.64ms
step:1040/1480 train_time:48548ms step_avg:46.68ms
step:1041/1480 train_time:48630ms step_avg:46.71ms
step:1042/1480 train_time:48714ms step_avg:46.75ms
step:1043/1480 train_time:48793ms step_avg:46.78ms
step:1044/1480 train_time:48878ms step_avg:46.82ms
step:1045/1480 train_time:48957ms step_avg:46.85ms
step:1046/1480 train_time:49042ms step_avg:46.89ms
step:1047/1480 train_time:49121ms step_avg:46.92ms
step:1048/1480 train_time:49205ms step_avg:46.95ms
step:1049/1480 train_time:49284ms step_avg:46.98ms
step:1050/1480 train_time:49370ms step_avg:47.02ms
step:1051/1480 train_time:49449ms step_avg:47.05ms
step:1052/1480 train_time:49535ms step_avg:47.09ms
step:1053/1480 train_time:49615ms step_avg:47.12ms
step:1054/1480 train_time:49699ms step_avg:47.15ms
step:1055/1480 train_time:49779ms step_avg:47.18ms
step:1056/1480 train_time:49865ms step_avg:47.22ms
step:1057/1480 train_time:49945ms step_avg:47.25ms
step:1058/1480 train_time:50030ms step_avg:47.29ms
step:1059/1480 train_time:50108ms step_avg:47.32ms
step:1060/1480 train_time:50192ms step_avg:47.35ms
step:1061/1480 train_time:50272ms step_avg:47.38ms
step:1062/1480 train_time:50356ms step_avg:47.42ms
step:1063/1480 train_time:50436ms step_avg:47.45ms
step:1064/1480 train_time:50522ms step_avg:47.48ms
step:1065/1480 train_time:50602ms step_avg:47.51ms
step:1066/1480 train_time:50687ms step_avg:47.55ms
step:1067/1480 train_time:50767ms step_avg:47.58ms
step:1068/1480 train_time:50851ms step_avg:47.61ms
step:1069/1480 train_time:50930ms step_avg:47.64ms
step:1070/1480 train_time:51016ms step_avg:47.68ms
step:1071/1480 train_time:51095ms step_avg:47.71ms
step:1072/1480 train_time:51181ms step_avg:47.74ms
step:1073/1480 train_time:51260ms step_avg:47.77ms
step:1074/1480 train_time:51345ms step_avg:47.81ms
step:1075/1480 train_time:51424ms step_avg:47.84ms
step:1076/1480 train_time:51509ms step_avg:47.87ms
step:1077/1480 train_time:51589ms step_avg:47.90ms
step:1078/1480 train_time:51673ms step_avg:47.93ms
step:1079/1480 train_time:51752ms step_avg:47.96ms
step:1080/1480 train_time:51836ms step_avg:48.00ms
step:1081/1480 train_time:51917ms step_avg:48.03ms
step:1082/1480 train_time:52002ms step_avg:48.06ms
step:1083/1480 train_time:52082ms step_avg:48.09ms
step:1084/1480 train_time:52167ms step_avg:48.12ms
step:1085/1480 train_time:52245ms step_avg:48.15ms
step:1086/1480 train_time:52330ms step_avg:48.19ms
step:1087/1480 train_time:52409ms step_avg:48.21ms
step:1088/1480 train_time:52493ms step_avg:48.25ms
step:1089/1480 train_time:52572ms step_avg:48.28ms
step:1090/1480 train_time:52658ms step_avg:48.31ms
step:1091/1480 train_time:52738ms step_avg:48.34ms
step:1092/1480 train_time:52823ms step_avg:48.37ms
step:1093/1480 train_time:52902ms step_avg:48.40ms
step:1094/1480 train_time:52986ms step_avg:48.43ms
step:1095/1480 train_time:53066ms step_avg:48.46ms
step:1096/1480 train_time:53151ms step_avg:48.50ms
step:1097/1480 train_time:53231ms step_avg:48.52ms
step:1098/1480 train_time:53316ms step_avg:48.56ms
step:1099/1480 train_time:53394ms step_avg:48.58ms
step:1100/1480 train_time:53478ms step_avg:48.62ms
step:1101/1480 train_time:53558ms step_avg:48.64ms
step:1102/1480 train_time:53642ms step_avg:48.68ms
step:1103/1480 train_time:53721ms step_avg:48.70ms
step:1104/1480 train_time:53806ms step_avg:48.74ms
step:1105/1480 train_time:53887ms step_avg:48.77ms
step:1106/1480 train_time:53972ms step_avg:48.80ms
step:1107/1480 train_time:54051ms step_avg:48.83ms
step:1108/1480 train_time:54137ms step_avg:48.86ms
step:1109/1480 train_time:54217ms step_avg:48.89ms
step:1110/1480 train_time:54300ms step_avg:48.92ms
step:1111/1480 train_time:54380ms step_avg:48.95ms
step:1112/1480 train_time:54466ms step_avg:48.98ms
step:1113/1480 train_time:54545ms step_avg:49.01ms
step:1114/1480 train_time:54630ms step_avg:49.04ms
step:1115/1480 train_time:54709ms step_avg:49.07ms
step:1116/1480 train_time:54793ms step_avg:49.10ms
step:1117/1480 train_time:54875ms step_avg:49.13ms
step:1118/1480 train_time:54959ms step_avg:49.16ms
step:1119/1480 train_time:55040ms step_avg:49.19ms
step:1120/1480 train_time:55125ms step_avg:49.22ms
step:1121/1480 train_time:55203ms step_avg:49.24ms
step:1122/1480 train_time:55287ms step_avg:49.28ms
step:1123/1480 train_time:55368ms step_avg:49.30ms
step:1124/1480 train_time:55453ms step_avg:49.34ms
step:1125/1480 train_time:55531ms step_avg:49.36ms
step:1126/1480 train_time:55616ms step_avg:49.39ms
step:1127/1480 train_time:55694ms step_avg:49.42ms
step:1128/1480 train_time:55780ms step_avg:49.45ms
step:1129/1480 train_time:55860ms step_avg:49.48ms
step:1130/1480 train_time:55945ms step_avg:49.51ms
step:1131/1480 train_time:56027ms step_avg:49.54ms
step:1132/1480 train_time:56111ms step_avg:49.57ms
step:1133/1480 train_time:56191ms step_avg:49.59ms
step:1134/1480 train_time:56275ms step_avg:49.63ms
step:1135/1480 train_time:56354ms step_avg:49.65ms
step:1136/1480 train_time:56438ms step_avg:49.68ms
step:1137/1480 train_time:56518ms step_avg:49.71ms
step:1138/1480 train_time:56603ms step_avg:49.74ms
step:1139/1480 train_time:56683ms step_avg:49.77ms
step:1140/1480 train_time:56769ms step_avg:49.80ms
step:1141/1480 train_time:56849ms step_avg:49.82ms
step:1142/1480 train_time:56934ms step_avg:49.85ms
step:1143/1480 train_time:57013ms step_avg:49.88ms
step:1144/1480 train_time:57097ms step_avg:49.91ms
step:1145/1480 train_time:57176ms step_avg:49.94ms
step:1146/1480 train_time:57262ms step_avg:49.97ms
step:1147/1480 train_time:57341ms step_avg:49.99ms
step:1148/1480 train_time:57425ms step_avg:50.02ms
step:1149/1480 train_time:57504ms step_avg:50.05ms
step:1150/1480 train_time:57588ms step_avg:50.08ms
step:1151/1480 train_time:57669ms step_avg:50.10ms
step:1152/1480 train_time:57754ms step_avg:50.13ms
step:1153/1480 train_time:57835ms step_avg:50.16ms
step:1154/1480 train_time:57921ms step_avg:50.19ms
step:1155/1480 train_time:58001ms step_avg:50.22ms
step:1156/1480 train_time:58085ms step_avg:50.25ms
step:1157/1480 train_time:58163ms step_avg:50.27ms
step:1158/1480 train_time:58249ms step_avg:50.30ms
step:1159/1480 train_time:58328ms step_avg:50.33ms
step:1160/1480 train_time:58413ms step_avg:50.36ms
step:1161/1480 train_time:58491ms step_avg:50.38ms
step:1162/1480 train_time:58578ms step_avg:50.41ms
step:1163/1480 train_time:58658ms step_avg:50.44ms
step:1164/1480 train_time:58743ms step_avg:50.47ms
step:1165/1480 train_time:58824ms step_avg:50.49ms
step:1166/1480 train_time:58909ms step_avg:50.52ms
step:1167/1480 train_time:58988ms step_avg:50.55ms
step:1168/1480 train_time:59073ms step_avg:50.58ms
step:1169/1480 train_time:59152ms step_avg:50.60ms
step:1170/1480 train_time:59238ms step_avg:50.63ms
step:1171/1480 train_time:59318ms step_avg:50.66ms
step:1172/1480 train_time:59402ms step_avg:50.68ms
step:1173/1480 train_time:59482ms step_avg:50.71ms
step:1174/1480 train_time:59566ms step_avg:50.74ms
step:1175/1480 train_time:59646ms step_avg:50.76ms
step:1176/1480 train_time:59732ms step_avg:50.79ms
step:1177/1480 train_time:59811ms step_avg:50.82ms
step:1178/1480 train_time:59894ms step_avg:50.84ms
step:1179/1480 train_time:59974ms step_avg:50.87ms
step:1180/1480 train_time:60059ms step_avg:50.90ms
step:1181/1480 train_time:60139ms step_avg:50.92ms
step:1182/1480 train_time:60226ms step_avg:50.95ms
step:1183/1480 train_time:60306ms step_avg:50.98ms
step:1184/1480 train_time:60390ms step_avg:51.01ms
step:1185/1480 train_time:60469ms step_avg:51.03ms
step:1186/1480 train_time:60555ms step_avg:51.06ms
step:1187/1480 train_time:60635ms step_avg:51.08ms
step:1188/1480 train_time:60720ms step_avg:51.11ms
step:1189/1480 train_time:60799ms step_avg:51.13ms
step:1190/1480 train_time:60884ms step_avg:51.16ms
step:1191/1480 train_time:60963ms step_avg:51.19ms
step:1192/1480 train_time:61048ms step_avg:51.21ms
step:1193/1480 train_time:61128ms step_avg:51.24ms
step:1194/1480 train_time:61214ms step_avg:51.27ms
step:1195/1480 train_time:61293ms step_avg:51.29ms
step:1196/1480 train_time:61378ms step_avg:51.32ms
step:1197/1480 train_time:61459ms step_avg:51.34ms
step:1198/1480 train_time:61544ms step_avg:51.37ms
step:1199/1480 train_time:61624ms step_avg:51.40ms
step:1200/1480 train_time:61708ms step_avg:51.42ms
step:1201/1480 train_time:61788ms step_avg:51.45ms
step:1202/1480 train_time:61873ms step_avg:51.47ms
step:1203/1480 train_time:61952ms step_avg:51.50ms
step:1204/1480 train_time:62037ms step_avg:51.53ms
step:1205/1480 train_time:62118ms step_avg:51.55ms
step:1206/1480 train_time:62202ms step_avg:51.58ms
step:1207/1480 train_time:62281ms step_avg:51.60ms
step:1208/1480 train_time:62368ms step_avg:51.63ms
step:1209/1480 train_time:62447ms step_avg:51.65ms
step:1210/1480 train_time:62532ms step_avg:51.68ms
step:1211/1480 train_time:62611ms step_avg:51.70ms
step:1212/1480 train_time:62695ms step_avg:51.73ms
step:1213/1480 train_time:62777ms step_avg:51.75ms
step:1214/1480 train_time:62862ms step_avg:51.78ms
step:1215/1480 train_time:62940ms step_avg:51.80ms
step:1216/1480 train_time:63025ms step_avg:51.83ms
step:1217/1480 train_time:63104ms step_avg:51.85ms
step:1218/1480 train_time:63189ms step_avg:51.88ms
step:1219/1480 train_time:63269ms step_avg:51.90ms
step:1220/1480 train_time:63354ms step_avg:51.93ms
step:1221/1480 train_time:63434ms step_avg:51.95ms
step:1222/1480 train_time:63519ms step_avg:51.98ms
step:1223/1480 train_time:63597ms step_avg:52.00ms
step:1224/1480 train_time:63683ms step_avg:52.03ms
step:1225/1480 train_time:63763ms step_avg:52.05ms
step:1226/1480 train_time:63847ms step_avg:52.08ms
step:1227/1480 train_time:63926ms step_avg:52.10ms
step:1228/1480 train_time:64012ms step_avg:52.13ms
step:1229/1480 train_time:64090ms step_avg:52.15ms
step:1230/1480 train_time:64175ms step_avg:52.18ms
step:1231/1480 train_time:64255ms step_avg:52.20ms
step:1232/1480 train_time:64340ms step_avg:52.22ms
step:1233/1480 train_time:64421ms step_avg:52.25ms
step:1234/1480 train_time:64506ms step_avg:52.27ms
step:1235/1480 train_time:64584ms step_avg:52.29ms
step:1236/1480 train_time:64669ms step_avg:52.32ms
step:1237/1480 train_time:64748ms step_avg:52.34ms
step:1238/1480 train_time:64834ms step_avg:52.37ms
step:1239/1480 train_time:64913ms step_avg:52.39ms
step:1240/1480 train_time:64997ms step_avg:52.42ms
step:1241/1480 train_time:65078ms step_avg:52.44ms
step:1242/1480 train_time:65162ms step_avg:52.47ms
step:1243/1480 train_time:65241ms step_avg:52.49ms
step:1244/1480 train_time:65327ms step_avg:52.51ms
step:1245/1480 train_time:65406ms step_avg:52.54ms
step:1246/1480 train_time:65490ms step_avg:52.56ms
step:1247/1480 train_time:65570ms step_avg:52.58ms
step:1248/1480 train_time:65655ms step_avg:52.61ms
step:1249/1480 train_time:65733ms step_avg:52.63ms
step:1250/1480 train_time:65819ms step_avg:52.65ms
step:1250/1480 val_loss:3.3676 train_time:65909ms step_avg:52.73ms
step:1251/1480 train_time:65925ms step_avg:52.70ms
step:1252/1480 train_time:65989ms step_avg:52.71ms
step:1253/1480 train_time:66072ms step_avg:52.73ms
step:1254/1480 train_time:66158ms step_avg:52.76ms
step:1255/1480 train_time:66236ms step_avg:52.78ms
step:1256/1480 train_time:66319ms step_avg:52.80ms
step:1257/1480 train_time:66397ms step_avg:52.82ms
step:1258/1480 train_time:66482ms step_avg:52.85ms
step:1259/1480 train_time:66561ms step_avg:52.87ms
step:1260/1480 train_time:66645ms step_avg:52.89ms
step:1261/1480 train_time:66722ms step_avg:52.91ms
step:1262/1480 train_time:66807ms step_avg:52.94ms
step:1263/1480 train_time:66888ms step_avg:52.96ms
step:1264/1480 train_time:66975ms step_avg:52.99ms
step:1265/1480 train_time:67058ms step_avg:53.01ms
step:1266/1480 train_time:67144ms step_avg:53.04ms
step:1267/1480 train_time:67222ms step_avg:53.06ms
step:1268/1480 train_time:67307ms step_avg:53.08ms
step:1269/1480 train_time:67386ms step_avg:53.10ms
step:1270/1480 train_time:67471ms step_avg:53.13ms
step:1271/1480 train_time:67550ms step_avg:53.15ms
step:1272/1480 train_time:67634ms step_avg:53.17ms
step:1273/1480 train_time:67713ms step_avg:53.19ms
step:1274/1480 train_time:67799ms step_avg:53.22ms
step:1275/1480 train_time:67879ms step_avg:53.24ms
step:1276/1480 train_time:67967ms step_avg:53.27ms
step:1277/1480 train_time:68049ms step_avg:53.29ms
step:1278/1480 train_time:68134ms step_avg:53.31ms
step:1279/1480 train_time:68212ms step_avg:53.33ms
step:1280/1480 train_time:68298ms step_avg:53.36ms
step:1281/1480 train_time:68378ms step_avg:53.38ms
step:1282/1480 train_time:68462ms step_avg:53.40ms
step:1283/1480 train_time:68542ms step_avg:53.42ms
step:1284/1480 train_time:68626ms step_avg:53.45ms
step:1285/1480 train_time:68704ms step_avg:53.47ms
step:1286/1480 train_time:68789ms step_avg:53.49ms
step:1287/1480 train_time:68868ms step_avg:53.51ms
step:1288/1480 train_time:68956ms step_avg:53.54ms
step:1289/1480 train_time:69035ms step_avg:53.56ms
step:1290/1480 train_time:69120ms step_avg:53.58ms
step:1291/1480 train_time:69201ms step_avg:53.60ms
step:1292/1480 train_time:69287ms step_avg:53.63ms
step:1293/1480 train_time:69365ms step_avg:53.65ms
step:1294/1480 train_time:69450ms step_avg:53.67ms
step:1295/1480 train_time:69529ms step_avg:53.69ms
step:1296/1480 train_time:69613ms step_avg:53.71ms
step:1297/1480 train_time:69692ms step_avg:53.73ms
step:1298/1480 train_time:69779ms step_avg:53.76ms
step:1299/1480 train_time:69859ms step_avg:53.78ms
step:1300/1480 train_time:69946ms step_avg:53.80ms
step:1301/1480 train_time:70025ms step_avg:53.82ms
step:1302/1480 train_time:70109ms step_avg:53.85ms
step:1303/1480 train_time:70189ms step_avg:53.87ms
step:1304/1480 train_time:70276ms step_avg:53.89ms
step:1305/1480 train_time:70357ms step_avg:53.91ms
step:1306/1480 train_time:70443ms step_avg:53.94ms
step:1307/1480 train_time:70522ms step_avg:53.96ms
step:1308/1480 train_time:70606ms step_avg:53.98ms
step:1309/1480 train_time:70685ms step_avg:54.00ms
step:1310/1480 train_time:70771ms step_avg:54.02ms
step:1311/1480 train_time:70851ms step_avg:54.04ms
step:1312/1480 train_time:70935ms step_avg:54.07ms
step:1313/1480 train_time:71014ms step_avg:54.09ms
step:1314/1480 train_time:71100ms step_avg:54.11ms
step:1315/1480 train_time:71180ms step_avg:54.13ms
step:1316/1480 train_time:71266ms step_avg:54.15ms
step:1317/1480 train_time:71345ms step_avg:54.17ms
step:1318/1480 train_time:71430ms step_avg:54.20ms
step:1319/1480 train_time:71509ms step_avg:54.21ms
step:1320/1480 train_time:71594ms step_avg:54.24ms
step:1321/1480 train_time:71674ms step_avg:54.26ms
step:1322/1480 train_time:71760ms step_avg:54.28ms
step:1323/1480 train_time:71840ms step_avg:54.30ms
step:1324/1480 train_time:71925ms step_avg:54.32ms
step:1325/1480 train_time:72004ms step_avg:54.34ms
step:1326/1480 train_time:72091ms step_avg:54.37ms
step:1327/1480 train_time:72170ms step_avg:54.39ms
step:1328/1480 train_time:72256ms step_avg:54.41ms
step:1329/1480 train_time:72334ms step_avg:54.43ms
step:1330/1480 train_time:72420ms step_avg:54.45ms
step:1331/1480 train_time:72500ms step_avg:54.47ms
step:1332/1480 train_time:72586ms step_avg:54.49ms
step:1333/1480 train_time:72665ms step_avg:54.51ms
step:1334/1480 train_time:72749ms step_avg:54.53ms
step:1335/1480 train_time:72829ms step_avg:54.55ms
step:1336/1480 train_time:72914ms step_avg:54.58ms
step:1337/1480 train_time:72994ms step_avg:54.60ms
step:1338/1480 train_time:73079ms step_avg:54.62ms
step:1339/1480 train_time:73159ms step_avg:54.64ms
step:1340/1480 train_time:73244ms step_avg:54.66ms
step:1341/1480 train_time:73324ms step_avg:54.68ms
step:1342/1480 train_time:73409ms step_avg:54.70ms
step:1343/1480 train_time:73489ms step_avg:54.72ms
step:1344/1480 train_time:73573ms step_avg:54.74ms
step:1345/1480 train_time:73653ms step_avg:54.76ms
step:1346/1480 train_time:73738ms step_avg:54.78ms
step:1347/1480 train_time:73818ms step_avg:54.80ms
step:1348/1480 train_time:73903ms step_avg:54.82ms
step:1349/1480 train_time:73983ms step_avg:54.84ms
step:1350/1480 train_time:74069ms step_avg:54.87ms
step:1351/1480 train_time:74149ms step_avg:54.88ms
step:1352/1480 train_time:74233ms step_avg:54.91ms
step:1353/1480 train_time:74312ms step_avg:54.92ms
step:1354/1480 train_time:74398ms step_avg:54.95ms
step:1355/1480 train_time:74478ms step_avg:54.97ms
step:1356/1480 train_time:74563ms step_avg:54.99ms
step:1357/1480 train_time:74643ms step_avg:55.01ms
step:1358/1480 train_time:74728ms step_avg:55.03ms
step:1359/1480 train_time:74808ms step_avg:55.05ms
step:1360/1480 train_time:74893ms step_avg:55.07ms
step:1361/1480 train_time:74972ms step_avg:55.09ms
step:1362/1480 train_time:75058ms step_avg:55.11ms
step:1363/1480 train_time:75140ms step_avg:55.13ms
step:1364/1480 train_time:75225ms step_avg:55.15ms
step:1365/1480 train_time:75304ms step_avg:55.17ms
step:1366/1480 train_time:75388ms step_avg:55.19ms
step:1367/1480 train_time:75468ms step_avg:55.21ms
step:1368/1480 train_time:75553ms step_avg:55.23ms
step:1369/1480 train_time:75633ms step_avg:55.25ms
step:1370/1480 train_time:75717ms step_avg:55.27ms
step:1371/1480 train_time:75795ms step_avg:55.28ms
step:1372/1480 train_time:75880ms step_avg:55.31ms
step:1373/1480 train_time:75960ms step_avg:55.32ms
step:1374/1480 train_time:76046ms step_avg:55.35ms
step:1375/1480 train_time:76125ms step_avg:55.36ms
step:1376/1480 train_time:76210ms step_avg:55.39ms
step:1377/1480 train_time:76290ms step_avg:55.40ms
step:1378/1480 train_time:76374ms step_avg:55.42ms
step:1379/1480 train_time:76454ms step_avg:55.44ms
step:1380/1480 train_time:76540ms step_avg:55.46ms
step:1381/1480 train_time:76619ms step_avg:55.48ms
step:1382/1480 train_time:76704ms step_avg:55.50ms
step:1383/1480 train_time:76784ms step_avg:55.52ms
step:1384/1480 train_time:76868ms step_avg:55.54ms
step:1385/1480 train_time:76950ms step_avg:55.56ms
step:1386/1480 train_time:77034ms step_avg:55.58ms
step:1387/1480 train_time:77113ms step_avg:55.60ms
step:1388/1480 train_time:77198ms step_avg:55.62ms
step:1389/1480 train_time:77278ms step_avg:55.64ms
step:1390/1480 train_time:77363ms step_avg:55.66ms
step:1391/1480 train_time:77444ms step_avg:55.67ms
step:1392/1480 train_time:77530ms step_avg:55.70ms
step:1393/1480 train_time:77608ms step_avg:55.71ms
step:1394/1480 train_time:77692ms step_avg:55.73ms
step:1395/1480 train_time:77772ms step_avg:55.75ms
step:1396/1480 train_time:77858ms step_avg:55.77ms
step:1397/1480 train_time:77938ms step_avg:55.79ms
step:1398/1480 train_time:78022ms step_avg:55.81ms
step:1399/1480 train_time:78102ms step_avg:55.83ms
step:1400/1480 train_time:78187ms step_avg:55.85ms
step:1401/1480 train_time:78266ms step_avg:55.86ms
step:1402/1480 train_time:78352ms step_avg:55.89ms
step:1403/1480 train_time:78430ms step_avg:55.90ms
step:1404/1480 train_time:78515ms step_avg:55.92ms
step:1405/1480 train_time:78595ms step_avg:55.94ms
step:1406/1480 train_time:78680ms step_avg:55.96ms
step:1407/1480 train_time:78760ms step_avg:55.98ms
step:1408/1480 train_time:78845ms step_avg:56.00ms
step:1409/1480 train_time:78925ms step_avg:56.01ms
step:1410/1480 train_time:79009ms step_avg:56.03ms
step:1411/1480 train_time:79088ms step_avg:56.05ms
step:1412/1480 train_time:79173ms step_avg:56.07ms
step:1413/1480 train_time:79253ms step_avg:56.09ms
step:1414/1480 train_time:79339ms step_avg:56.11ms
step:1415/1480 train_time:79418ms step_avg:56.13ms
step:1416/1480 train_time:79502ms step_avg:56.15ms
step:1417/1480 train_time:79581ms step_avg:56.16ms
step:1418/1480 train_time:79666ms step_avg:56.18ms
step:1419/1480 train_time:79746ms step_avg:56.20ms
step:1420/1480 train_time:79831ms step_avg:56.22ms
step:1421/1480 train_time:79911ms step_avg:56.24ms
step:1422/1480 train_time:79994ms step_avg:56.25ms
step:1423/1480 train_time:80074ms step_avg:56.27ms
step:1424/1480 train_time:80159ms step_avg:56.29ms
step:1425/1480 train_time:80239ms step_avg:56.31ms
step:1426/1480 train_time:80324ms step_avg:56.33ms
step:1427/1480 train_time:80404ms step_avg:56.34ms
step:1428/1480 train_time:80490ms step_avg:56.37ms
step:1429/1480 train_time:80569ms step_avg:56.38ms
step:1430/1480 train_time:80654ms step_avg:56.40ms
step:1431/1480 train_time:80733ms step_avg:56.42ms
step:1432/1480 train_time:80817ms step_avg:56.44ms
step:1433/1480 train_time:80899ms step_avg:56.45ms
step:1434/1480 train_time:80983ms step_avg:56.47ms
step:1435/1480 train_time:81063ms step_avg:56.49ms
step:1436/1480 train_time:81149ms step_avg:56.51ms
step:1437/1480 train_time:81228ms step_avg:56.53ms
step:1438/1480 train_time:81312ms step_avg:56.55ms
step:1439/1480 train_time:81392ms step_avg:56.56ms
step:1440/1480 train_time:81476ms step_avg:56.58ms
step:1441/1480 train_time:81557ms step_avg:56.60ms
step:1442/1480 train_time:81647ms step_avg:56.62ms
step:1443/1480 train_time:81727ms step_avg:56.64ms
step:1444/1480 train_time:81811ms step_avg:56.66ms
step:1445/1480 train_time:81891ms step_avg:56.67ms
step:1446/1480 train_time:81976ms step_avg:56.69ms
step:1447/1480 train_time:82055ms step_avg:56.71ms
step:1448/1480 train_time:82141ms step_avg:56.73ms
step:1449/1480 train_time:82220ms step_avg:56.74ms
step:1450/1480 train_time:82305ms step_avg:56.76ms
step:1451/1480 train_time:82387ms step_avg:56.78ms
step:1452/1480 train_time:82473ms step_avg:56.80ms
step:1453/1480 train_time:82553ms step_avg:56.82ms
step:1454/1480 train_time:82637ms step_avg:56.83ms
step:1455/1480 train_time:82717ms step_avg:56.85ms
step:1456/1480 train_time:82803ms step_avg:56.87ms
step:1457/1480 train_time:82883ms step_avg:56.89ms
step:1458/1480 train_time:82969ms step_avg:56.91ms
step:1459/1480 train_time:83048ms step_avg:56.92ms
step:1460/1480 train_time:83132ms step_avg:56.94ms
step:1461/1480 train_time:83211ms step_avg:56.96ms
step:1462/1480 train_time:83298ms step_avg:56.98ms
step:1463/1480 train_time:83379ms step_avg:56.99ms
step:1464/1480 train_time:83465ms step_avg:57.01ms
step:1465/1480 train_time:83545ms step_avg:57.03ms
step:1466/1480 train_time:83630ms step_avg:57.05ms
step:1467/1480 train_time:83710ms step_avg:57.06ms
step:1468/1480 train_time:83796ms step_avg:57.08ms
step:1469/1480 train_time:83875ms step_avg:57.10ms
step:1470/1480 train_time:83962ms step_avg:57.12ms
step:1471/1480 train_time:84042ms step_avg:57.13ms
step:1472/1480 train_time:84127ms step_avg:57.15ms
step:1473/1480 train_time:84207ms step_avg:57.17ms
step:1474/1480 train_time:84292ms step_avg:57.19ms
step:1475/1480 train_time:84372ms step_avg:57.20ms
step:1476/1480 train_time:84458ms step_avg:57.22ms
step:1477/1480 train_time:84539ms step_avg:57.24ms
step:1478/1480 train_time:84625ms step_avg:57.26ms
step:1479/1480 train_time:84705ms step_avg:57.27ms
step:1480/1480 train_time:84791ms step_avg:57.29ms
step:1480/1480 val_loss:3.2785 train_time:84881ms step_avg:57.35ms
peak memory allocated: 31352 MiB reserved: 46770 MiB
