W0420 01:57:52.980000 110451 torch/distributed/run.py:852] 
W0420 01:57:52.980000 110451 torch/distributed/run.py:852] *****************************************
W0420 01:57:52.980000 110451 torch/distributed/run.py:852] Setting OMP_NUM_THREADS environment variable for each process to be 1 in default, to avoid your system being overloaded, please further tune the variable for optimal performance in your application as needed. 
W0420 01:57:52.980000 110451 torch/distributed/run.py:852] *****************************************
[Gloo] Rank [Gloo] Rank 40 is connected to  is connected to 77 peer ranks.  peer ranks. Expected number of connected peer ranks is : Expected number of connected peer ranks is : 77

[Gloo] Rank [Gloo] Rank [Gloo] Rank [Gloo] Rank [Gloo] Rank 3[Gloo] Rank 1257 is connected to 6 is connected to  is connected to  is connected to  is connected to 7 is connected to 7777 peer ranks. 7 peer ranks.  peer ranks.  peer ranks.  peer ranks. Expected number of connected peer ranks is :  peer ranks. Expected number of connected peer ranks is : Expected number of connected peer ranks is : Expected number of connected peer ranks is : Expected number of connected peer ranks is : 7Expected number of connected peer ranks is : 7777
7




Warning: You are sending unauthenticated requests to the HF Hub. Please set a HF_TOKEN to enable higher rate limits and faster downloads.
Warning: You are sending unauthenticated requests to the HF Hub. Please set a HF_TOKEN to enable higher rate limits and faster downloads.
Warning: You are sending unauthenticated requests to the HF Hub. Please set a HF_TOKEN to enable higher rate limits and faster downloads.
Warning: You are sending unauthenticated requests to the HF Hub. Please set a HF_TOKEN to enable higher rate limits and faster downloads.
Fetching 4 files:   0%|          | 0/4 [00:00<?, ?it/s]Fetching 4 files: 100%|██████████| 4/4 [00:00<00:00, 88768.34it/s]
Fetching 4 files:   0%|          | 0/4 [00:00<?, ?it/s]Fetching 4 files: 100%|██████████| 4/4 [00:00<00:00, 99864.38it/s]
Fetching 4 files:   0%|          | 0/4 [00:00<?, ?it/s]Fetching 4 files: 100%|██████████| 4/4 [00:00<00:00, 57653.66it/s]
Fetching 4 files:   0%|          | 0/4 [00:00<?, ?it/s]Fetching 4 files: 100%|██████████| 4/4 [00:00<00:00, 92182.51it/s]
Fetching 4 files:   0%|          | 0/4 [00:00<?, ?it/s]Fetching 4 files:   0%|          | 0/4 [00:00<?, ?it/s]Fetching 4 files: 100%|██████████| 4/4 [00:00<00:00, 57456.22it/s]
Fetching 4 files: 100%|██████████| 4/4 [00:00<00:00, 59918.63it/s]
Fetching 4 files:   0%|          | 0/4 [00:00<?, ?it/s]Fetching 4 files: 100%|██████████| 4/4 [00:00<00:00, 95869.81it/s]
Fetching 4 files:   0%|          | 0/4 [00:00<?, ?it/s]Fetching 4 files: 100%|██████████| 4/4 [00:00<00:00, 56111.09it/s]
logs/abc2d7be-1daf-4d9a-8183-f6b0f1f31be1.txt
Compiling model and warming up kernels (~7 minutes on first execution)
Sampling steps [0, 1, 478, 479, 480, 481, 958, 959, 960, 961, 1438, 1439, 1440, 1441] for warmup
Resetting Model
step:0/1480 val_loss:10.8298 train_time:0ms step_avg:0.04ms
step:1/1480 train_time:70ms step_avg:69.70ms
step:2/1480 train_time:89ms step_avg:44.35ms
step:3/1480 train_time:109ms step_avg:36.20ms
step:4/1480 train_time:143ms step_avg:35.70ms
step:5/1480 train_time:171ms step_avg:34.13ms
step:6/1480 train_time:205ms step_avg:34.11ms
step:7/1480 train_time:233ms step_avg:33.24ms
step:8/1480 train_time:267ms step_avg:33.38ms
step:9/1480 train_time:295ms step_avg:32.78ms
step:10/1480 train_time:329ms step_avg:32.93ms
step:11/1480 train_time:358ms step_avg:32.52ms
step:12/1480 train_time:392ms step_avg:32.67ms
step:13/1480 train_time:420ms step_avg:32.32ms
step:14/1480 train_time:455ms step_avg:32.47ms
step:15/1480 train_time:483ms step_avg:32.19ms
step:16/1480 train_time:517ms step_avg:32.33ms
step:17/1480 train_time:546ms step_avg:32.10ms
step:18/1480 train_time:580ms step_avg:32.20ms
step:19/1480 train_time:608ms step_avg:32.02ms
step:20/1480 train_time:642ms step_avg:32.12ms
step:21/1480 train_time:671ms step_avg:31.95ms
step:22/1480 train_time:705ms step_avg:32.04ms
step:23/1480 train_time:733ms step_avg:31.88ms
step:24/1480 train_time:767ms step_avg:31.97ms
step:25/1480 train_time:796ms step_avg:31.83ms
step:26/1480 train_time:830ms step_avg:31.91ms
step:27/1480 train_time:858ms step_avg:31.78ms
step:28/1480 train_time:893ms step_avg:31.88ms
step:29/1480 train_time:921ms step_avg:31.75ms
step:30/1480 train_time:955ms step_avg:31.84ms
step:31/1480 train_time:984ms step_avg:31.73ms
step:32/1480 train_time:1019ms step_avg:31.83ms
step:33/1480 train_time:1047ms step_avg:31.74ms
step:34/1480 train_time:1081ms step_avg:31.80ms
step:35/1480 train_time:1110ms step_avg:31.71ms
step:36/1480 train_time:1144ms step_avg:31.77ms
step:37/1480 train_time:1172ms step_avg:31.68ms
step:38/1480 train_time:1206ms step_avg:31.75ms
step:39/1480 train_time:1235ms step_avg:31.67ms
step:40/1480 train_time:1269ms step_avg:31.73ms
step:41/1480 train_time:1298ms step_avg:31.65ms
step:42/1480 train_time:1332ms step_avg:31.73ms
step:43/1480 train_time:1361ms step_avg:31.65ms
step:44/1480 train_time:1395ms step_avg:31.71ms
step:45/1480 train_time:1423ms step_avg:31.63ms
step:46/1480 train_time:1457ms step_avg:31.68ms
step:47/1480 train_time:1486ms step_avg:31.62ms
step:48/1480 train_time:1520ms step_avg:31.68ms
step:49/1480 train_time:1549ms step_avg:31.61ms
step:50/1480 train_time:1583ms step_avg:31.65ms
step:51/1480 train_time:1611ms step_avg:31.59ms
step:52/1480 train_time:1645ms step_avg:31.63ms
step:53/1480 train_time:1674ms step_avg:31.58ms
step:54/1480 train_time:1708ms step_avg:31.62ms
step:55/1480 train_time:1736ms step_avg:31.57ms
step:56/1480 train_time:1771ms step_avg:31.62ms
step:57/1480 train_time:1799ms step_avg:31.56ms
step:58/1480 train_time:1833ms step_avg:31.61ms
step:59/1480 train_time:1861ms step_avg:31.55ms
step:60/1480 train_time:1896ms step_avg:31.59ms
step:61/1480 train_time:1924ms step_avg:31.54ms
step:62/1480 train_time:1958ms step_avg:31.58ms
step:63/1480 train_time:1987ms step_avg:31.54ms
step:64/1480 train_time:2021ms step_avg:31.58ms
step:65/1480 train_time:2050ms step_avg:31.54ms
step:66/1480 train_time:2084ms step_avg:31.57ms
step:67/1480 train_time:2113ms step_avg:31.53ms
step:68/1480 train_time:2147ms step_avg:31.57ms
step:69/1480 train_time:2175ms step_avg:31.52ms
step:70/1480 train_time:2209ms step_avg:31.56ms
step:71/1480 train_time:2238ms step_avg:31.52ms
step:72/1480 train_time:2272ms step_avg:31.56ms
step:73/1480 train_time:2300ms step_avg:31.51ms
step:74/1480 train_time:2334ms step_avg:31.55ms
step:75/1480 train_time:2363ms step_avg:31.50ms
step:76/1480 train_time:2397ms step_avg:31.54ms
step:77/1480 train_time:2425ms step_avg:31.49ms
step:78/1480 train_time:2459ms step_avg:31.53ms
step:79/1480 train_time:2488ms step_avg:31.49ms
step:80/1480 train_time:2522ms step_avg:31.52ms
step:81/1480 train_time:2550ms step_avg:31.48ms
step:82/1480 train_time:2584ms step_avg:31.51ms
step:83/1480 train_time:2612ms step_avg:31.48ms
step:84/1480 train_time:2647ms step_avg:31.51ms
step:85/1480 train_time:2675ms step_avg:31.47ms
step:86/1480 train_time:2709ms step_avg:31.50ms
step:87/1480 train_time:2737ms step_avg:31.46ms
step:88/1480 train_time:2772ms step_avg:31.49ms
step:89/1480 train_time:2800ms step_avg:31.46ms
step:90/1480 train_time:2834ms step_avg:31.49ms
step:91/1480 train_time:2862ms step_avg:31.46ms
step:92/1480 train_time:2897ms step_avg:31.49ms
step:93/1480 train_time:2925ms step_avg:31.45ms
step:94/1480 train_time:2959ms step_avg:31.48ms
step:95/1480 train_time:2988ms step_avg:31.45ms
step:96/1480 train_time:3021ms step_avg:31.47ms
step:97/1480 train_time:3050ms step_avg:31.45ms
step:98/1480 train_time:3084ms step_avg:31.47ms
step:99/1480 train_time:3113ms step_avg:31.44ms
step:100/1480 train_time:3147ms step_avg:31.47ms
step:101/1480 train_time:3175ms step_avg:31.44ms
step:102/1480 train_time:3210ms step_avg:31.47ms
step:103/1480 train_time:3238ms step_avg:31.44ms
step:104/1480 train_time:3272ms step_avg:31.47ms
step:105/1480 train_time:3301ms step_avg:31.43ms
step:106/1480 train_time:3335ms step_avg:31.46ms
step:107/1480 train_time:3363ms step_avg:31.43ms
step:108/1480 train_time:3398ms step_avg:31.46ms
step:109/1480 train_time:3426ms step_avg:31.43ms
step:110/1480 train_time:3460ms step_avg:31.45ms
step:111/1480 train_time:3489ms step_avg:31.43ms
step:112/1480 train_time:3523ms step_avg:31.45ms
step:113/1480 train_time:3552ms step_avg:31.43ms
step:114/1480 train_time:3586ms step_avg:31.45ms
step:115/1480 train_time:3614ms step_avg:31.43ms
step:116/1480 train_time:3648ms step_avg:31.45ms
step:117/1480 train_time:3677ms step_avg:31.42ms
step:118/1480 train_time:3711ms step_avg:31.45ms
step:119/1480 train_time:3740ms step_avg:31.42ms
step:120/1480 train_time:3774ms step_avg:31.45ms
step:121/1480 train_time:3802ms step_avg:31.42ms
step:122/1480 train_time:3837ms step_avg:31.45ms
step:123/1480 train_time:3865ms step_avg:31.42ms
step:124/1480 train_time:3899ms step_avg:31.45ms
step:125/1480 train_time:3927ms step_avg:31.42ms
step:126/1480 train_time:3961ms step_avg:31.44ms
step:127/1480 train_time:3990ms step_avg:31.42ms
step:128/1480 train_time:4024ms step_avg:31.44ms
step:129/1480 train_time:4052ms step_avg:31.41ms
step:130/1480 train_time:4086ms step_avg:31.43ms
step:131/1480 train_time:4115ms step_avg:31.41ms
step:132/1480 train_time:4149ms step_avg:31.43ms
step:133/1480 train_time:4177ms step_avg:31.41ms
step:134/1480 train_time:4212ms step_avg:31.43ms
step:135/1480 train_time:4240ms step_avg:31.41ms
step:136/1480 train_time:4274ms step_avg:31.43ms
step:137/1480 train_time:4303ms step_avg:31.41ms
step:138/1480 train_time:4337ms step_avg:31.43ms
step:139/1480 train_time:4366ms step_avg:31.41ms
step:140/1480 train_time:4400ms step_avg:31.43ms
step:141/1480 train_time:4428ms step_avg:31.40ms
step:142/1480 train_time:4462ms step_avg:31.42ms
step:143/1480 train_time:4491ms step_avg:31.41ms
step:144/1480 train_time:4525ms step_avg:31.42ms
step:145/1480 train_time:4553ms step_avg:31.40ms
step:146/1480 train_time:4587ms step_avg:31.42ms
step:147/1480 train_time:4616ms step_avg:31.40ms
step:148/1480 train_time:4650ms step_avg:31.42ms
step:149/1480 train_time:4678ms step_avg:31.40ms
step:150/1480 train_time:4713ms step_avg:31.42ms
step:151/1480 train_time:4741ms step_avg:31.40ms
step:152/1480 train_time:4775ms step_avg:31.42ms
step:153/1480 train_time:4803ms step_avg:31.39ms
step:154/1480 train_time:4837ms step_avg:31.41ms
step:155/1480 train_time:4866ms step_avg:31.39ms
step:156/1480 train_time:4900ms step_avg:31.41ms
step:157/1480 train_time:4928ms step_avg:31.39ms
step:158/1480 train_time:4962ms step_avg:31.40ms
step:159/1480 train_time:4991ms step_avg:31.39ms
step:160/1480 train_time:5024ms step_avg:31.40ms
step:161/1480 train_time:5053ms step_avg:31.38ms
step:162/1480 train_time:5087ms step_avg:31.40ms
step:163/1480 train_time:5115ms step_avg:31.38ms
step:164/1480 train_time:5149ms step_avg:31.40ms
step:165/1480 train_time:5178ms step_avg:31.38ms
step:166/1480 train_time:5212ms step_avg:31.40ms
step:167/1480 train_time:5240ms step_avg:31.38ms
step:168/1480 train_time:5275ms step_avg:31.40ms
step:169/1480 train_time:5303ms step_avg:31.38ms
step:170/1480 train_time:5337ms step_avg:31.39ms
step:171/1480 train_time:5365ms step_avg:31.38ms
step:172/1480 train_time:5399ms step_avg:31.39ms
step:173/1480 train_time:5428ms step_avg:31.37ms
step:174/1480 train_time:5462ms step_avg:31.39ms
step:175/1480 train_time:5490ms step_avg:31.37ms
step:176/1480 train_time:5524ms step_avg:31.39ms
step:177/1480 train_time:5553ms step_avg:31.37ms
step:178/1480 train_time:5587ms step_avg:31.39ms
step:179/1480 train_time:5615ms step_avg:31.37ms
step:180/1480 train_time:5649ms step_avg:31.39ms
step:181/1480 train_time:5678ms step_avg:31.37ms
step:182/1480 train_time:5712ms step_avg:31.39ms
step:183/1480 train_time:5740ms step_avg:31.37ms
step:184/1480 train_time:5774ms step_avg:31.38ms
step:185/1480 train_time:5802ms step_avg:31.36ms
step:186/1480 train_time:5837ms step_avg:31.38ms
step:187/1480 train_time:5865ms step_avg:31.36ms
step:188/1480 train_time:5899ms step_avg:31.38ms
step:189/1480 train_time:5928ms step_avg:31.36ms
step:190/1480 train_time:5961ms step_avg:31.38ms
step:191/1480 train_time:5990ms step_avg:31.36ms
step:192/1480 train_time:6024ms step_avg:31.37ms
step:193/1480 train_time:6053ms step_avg:31.36ms
step:194/1480 train_time:6086ms step_avg:31.37ms
step:195/1480 train_time:6115ms step_avg:31.36ms
step:196/1480 train_time:6149ms step_avg:31.37ms
step:197/1480 train_time:6177ms step_avg:31.36ms
step:198/1480 train_time:6212ms step_avg:31.37ms
step:199/1480 train_time:6240ms step_avg:31.36ms
step:200/1480 train_time:6274ms step_avg:31.37ms
step:201/1480 train_time:6303ms step_avg:31.36ms
step:202/1480 train_time:6336ms step_avg:31.37ms
step:203/1480 train_time:6365ms step_avg:31.35ms
step:204/1480 train_time:6398ms step_avg:31.37ms
step:205/1480 train_time:6427ms step_avg:31.35ms
step:206/1480 train_time:6461ms step_avg:31.36ms
step:207/1480 train_time:6490ms step_avg:31.35ms
step:208/1480 train_time:6523ms step_avg:31.36ms
step:209/1480 train_time:6552ms step_avg:31.35ms
step:210/1480 train_time:6586ms step_avg:31.36ms
step:211/1480 train_time:6615ms step_avg:31.35ms
step:212/1480 train_time:6649ms step_avg:31.36ms
step:213/1480 train_time:6677ms step_avg:31.35ms
step:214/1480 train_time:6711ms step_avg:31.36ms
step:215/1480 train_time:6740ms step_avg:31.35ms
step:216/1480 train_time:6774ms step_avg:31.36ms
step:217/1480 train_time:6802ms step_avg:31.34ms
step:218/1480 train_time:6836ms step_avg:31.36ms
step:219/1480 train_time:6864ms step_avg:31.34ms
step:220/1480 train_time:6898ms step_avg:31.35ms
step:221/1480 train_time:6927ms step_avg:31.34ms
step:222/1480 train_time:6961ms step_avg:31.35ms
step:223/1480 train_time:6989ms step_avg:31.34ms
step:224/1480 train_time:7023ms step_avg:31.35ms
step:225/1480 train_time:7052ms step_avg:31.34ms
step:226/1480 train_time:7086ms step_avg:31.35ms
step:227/1480 train_time:7114ms step_avg:31.34ms
step:228/1480 train_time:7148ms step_avg:31.35ms
step:229/1480 train_time:7177ms step_avg:31.34ms
step:230/1480 train_time:7211ms step_avg:31.35ms
step:231/1480 train_time:7239ms step_avg:31.34ms
step:232/1480 train_time:7273ms step_avg:31.35ms
step:233/1480 train_time:7301ms step_avg:31.34ms
step:234/1480 train_time:7336ms step_avg:31.35ms
step:235/1480 train_time:7364ms step_avg:31.34ms
step:236/1480 train_time:7398ms step_avg:31.35ms
step:237/1480 train_time:7426ms step_avg:31.33ms
step:238/1480 train_time:7460ms step_avg:31.34ms
step:239/1480 train_time:7489ms step_avg:31.33ms
step:240/1480 train_time:7522ms step_avg:31.34ms
step:241/1480 train_time:7551ms step_avg:31.33ms
step:242/1480 train_time:7585ms step_avg:31.34ms
step:243/1480 train_time:7614ms step_avg:31.33ms
step:244/1480 train_time:7648ms step_avg:31.34ms
step:245/1480 train_time:7676ms step_avg:31.33ms
step:246/1480 train_time:7710ms step_avg:31.34ms
step:247/1480 train_time:7738ms step_avg:31.33ms
step:248/1480 train_time:7772ms step_avg:31.34ms
step:249/1480 train_time:7800ms step_avg:31.33ms
step:250/1480 train_time:7835ms step_avg:31.34ms
step:250/1480 val_loss:4.4882 train_time:7873ms step_avg:31.49ms
step:251/1480 train_time:7886ms step_avg:31.42ms
step:252/1480 train_time:7902ms step_avg:31.36ms
step:253/1480 train_time:7928ms step_avg:31.34ms
step:254/1480 train_time:7964ms step_avg:31.36ms
step:255/1480 train_time:7994ms step_avg:31.35ms
step:256/1480 train_time:8029ms step_avg:31.36ms
step:257/1480 train_time:8057ms step_avg:31.35ms
step:258/1480 train_time:8091ms step_avg:31.36ms
step:259/1480 train_time:8120ms step_avg:31.35ms
step:260/1480 train_time:8153ms step_avg:31.36ms
step:261/1480 train_time:8182ms step_avg:31.35ms
step:262/1480 train_time:8216ms step_avg:31.36ms
step:263/1480 train_time:8244ms step_avg:31.35ms
step:264/1480 train_time:8279ms step_avg:31.36ms
step:265/1480 train_time:8307ms step_avg:31.35ms
step:266/1480 train_time:8341ms step_avg:31.36ms
step:267/1480 train_time:8369ms step_avg:31.35ms
step:268/1480 train_time:8404ms step_avg:31.36ms
step:269/1480 train_time:8431ms step_avg:31.34ms
step:270/1480 train_time:8466ms step_avg:31.35ms
step:271/1480 train_time:8494ms step_avg:31.34ms
step:272/1480 train_time:8527ms step_avg:31.35ms
step:273/1480 train_time:8556ms step_avg:31.34ms
step:274/1480 train_time:8590ms step_avg:31.35ms
step:275/1480 train_time:8618ms step_avg:31.34ms
step:276/1480 train_time:8652ms step_avg:31.35ms
step:277/1480 train_time:8680ms step_avg:31.34ms
step:278/1480 train_time:8714ms step_avg:31.34ms
step:279/1480 train_time:8742ms step_avg:31.33ms
step:280/1480 train_time:8776ms step_avg:31.34ms
step:281/1480 train_time:8804ms step_avg:31.33ms
step:282/1480 train_time:8838ms step_avg:31.34ms
step:283/1480 train_time:8867ms step_avg:31.33ms
step:284/1480 train_time:8902ms step_avg:31.34ms
step:285/1480 train_time:8930ms step_avg:31.33ms
step:286/1480 train_time:8964ms step_avg:31.34ms
step:287/1480 train_time:8993ms step_avg:31.33ms
step:288/1480 train_time:9027ms step_avg:31.34ms
step:289/1480 train_time:9056ms step_avg:31.33ms
step:290/1480 train_time:9089ms step_avg:31.34ms
step:291/1480 train_time:9118ms step_avg:31.33ms
step:292/1480 train_time:9152ms step_avg:31.34ms
step:293/1480 train_time:9180ms step_avg:31.33ms
step:294/1480 train_time:9214ms step_avg:31.34ms
step:295/1480 train_time:9243ms step_avg:31.33ms
step:296/1480 train_time:9277ms step_avg:31.34ms
step:297/1480 train_time:9306ms step_avg:31.33ms
step:298/1480 train_time:9340ms step_avg:31.34ms
step:299/1480 train_time:9368ms step_avg:31.33ms
step:300/1480 train_time:9403ms step_avg:31.34ms
step:301/1480 train_time:9431ms step_avg:31.33ms
step:302/1480 train_time:9465ms step_avg:31.34ms
step:303/1480 train_time:9493ms step_avg:31.33ms
step:304/1480 train_time:9527ms step_avg:31.34ms
step:305/1480 train_time:9556ms step_avg:31.33ms
step:306/1480 train_time:9589ms step_avg:31.34ms
step:307/1480 train_time:9618ms step_avg:31.33ms
step:308/1480 train_time:9651ms step_avg:31.34ms
step:309/1480 train_time:9680ms step_avg:31.33ms
step:310/1480 train_time:9713ms step_avg:31.33ms
step:311/1480 train_time:9742ms step_avg:31.32ms
step:312/1480 train_time:9776ms step_avg:31.33ms
step:313/1480 train_time:9804ms step_avg:31.32ms
step:314/1480 train_time:9838ms step_avg:31.33ms
step:315/1480 train_time:9867ms step_avg:31.32ms
step:316/1480 train_time:9901ms step_avg:31.33ms
step:317/1480 train_time:9929ms step_avg:31.32ms
step:318/1480 train_time:9964ms step_avg:31.33ms
step:319/1480 train_time:9992ms step_avg:31.32ms
step:320/1480 train_time:10026ms step_avg:31.33ms
step:321/1480 train_time:10054ms step_avg:31.32ms
step:322/1480 train_time:10088ms step_avg:31.33ms
step:323/1480 train_time:10117ms step_avg:31.32ms
step:324/1480 train_time:10151ms step_avg:31.33ms
step:325/1480 train_time:10179ms step_avg:31.32ms
step:326/1480 train_time:10213ms step_avg:31.33ms
step:327/1480 train_time:10242ms step_avg:31.32ms
step:328/1480 train_time:10276ms step_avg:31.33ms
step:329/1480 train_time:10304ms step_avg:31.32ms
step:330/1480 train_time:10338ms step_avg:31.33ms
step:331/1480 train_time:10367ms step_avg:31.32ms
step:332/1480 train_time:10401ms step_avg:31.33ms
step:333/1480 train_time:10430ms step_avg:31.32ms
step:334/1480 train_time:10464ms step_avg:31.33ms
step:335/1480 train_time:10492ms step_avg:31.32ms
step:336/1480 train_time:10526ms step_avg:31.33ms
step:337/1480 train_time:10554ms step_avg:31.32ms
step:338/1480 train_time:10588ms step_avg:31.33ms
step:339/1480 train_time:10617ms step_avg:31.32ms
step:340/1480 train_time:10650ms step_avg:31.32ms
step:341/1480 train_time:10679ms step_avg:31.32ms
step:342/1480 train_time:10713ms step_avg:31.32ms
step:343/1480 train_time:10741ms step_avg:31.32ms
step:344/1480 train_time:10775ms step_avg:31.32ms
step:345/1480 train_time:10804ms step_avg:31.31ms
step:346/1480 train_time:10838ms step_avg:31.32ms
step:347/1480 train_time:10866ms step_avg:31.31ms
step:348/1480 train_time:10900ms step_avg:31.32ms
step:349/1480 train_time:10929ms step_avg:31.31ms
step:350/1480 train_time:10963ms step_avg:31.32ms
step:351/1480 train_time:10991ms step_avg:31.31ms
step:352/1480 train_time:11025ms step_avg:31.32ms
step:353/1480 train_time:11053ms step_avg:31.31ms
step:354/1480 train_time:11087ms step_avg:31.32ms
step:355/1480 train_time:11115ms step_avg:31.31ms
step:356/1480 train_time:11149ms step_avg:31.32ms
step:357/1480 train_time:11178ms step_avg:31.31ms
step:358/1480 train_time:11211ms step_avg:31.32ms
step:359/1480 train_time:11240ms step_avg:31.31ms
step:360/1480 train_time:11274ms step_avg:31.32ms
step:361/1480 train_time:11303ms step_avg:31.31ms
step:362/1480 train_time:11337ms step_avg:31.32ms
step:363/1480 train_time:11366ms step_avg:31.31ms
step:364/1480 train_time:11400ms step_avg:31.32ms
step:365/1480 train_time:11428ms step_avg:31.31ms
step:366/1480 train_time:11463ms step_avg:31.32ms
step:367/1480 train_time:11491ms step_avg:31.31ms
step:368/1480 train_time:11525ms step_avg:31.32ms
step:369/1480 train_time:11553ms step_avg:31.31ms
step:370/1480 train_time:11587ms step_avg:31.32ms
step:371/1480 train_time:11616ms step_avg:31.31ms
step:372/1480 train_time:11649ms step_avg:31.32ms
step:373/1480 train_time:11678ms step_avg:31.31ms
step:374/1480 train_time:11712ms step_avg:31.32ms
step:375/1480 train_time:11740ms step_avg:31.31ms
step:376/1480 train_time:11775ms step_avg:31.32ms
step:377/1480 train_time:11803ms step_avg:31.31ms
step:378/1480 train_time:11837ms step_avg:31.32ms
step:379/1480 train_time:11866ms step_avg:31.31ms
step:380/1480 train_time:11900ms step_avg:31.31ms
step:381/1480 train_time:11928ms step_avg:31.31ms
step:382/1480 train_time:11962ms step_avg:31.31ms
step:383/1480 train_time:11990ms step_avg:31.31ms
step:384/1480 train_time:12024ms step_avg:31.31ms
step:385/1480 train_time:12052ms step_avg:31.30ms
step:386/1480 train_time:12086ms step_avg:31.31ms
step:387/1480 train_time:12115ms step_avg:31.30ms
step:388/1480 train_time:12148ms step_avg:31.31ms
step:389/1480 train_time:12177ms step_avg:31.30ms
step:390/1480 train_time:12211ms step_avg:31.31ms
step:391/1480 train_time:12239ms step_avg:31.30ms
step:392/1480 train_time:12273ms step_avg:31.31ms
step:393/1480 train_time:12302ms step_avg:31.30ms
step:394/1480 train_time:12336ms step_avg:31.31ms
step:395/1480 train_time:12364ms step_avg:31.30ms
step:396/1480 train_time:12398ms step_avg:31.31ms
step:397/1480 train_time:12427ms step_avg:31.30ms
step:398/1480 train_time:12461ms step_avg:31.31ms
step:399/1480 train_time:12489ms step_avg:31.30ms
step:400/1480 train_time:12524ms step_avg:31.31ms
step:401/1480 train_time:12552ms step_avg:31.30ms
step:402/1480 train_time:12586ms step_avg:31.31ms
step:403/1480 train_time:12614ms step_avg:31.30ms
step:404/1480 train_time:12648ms step_avg:31.31ms
step:405/1480 train_time:12676ms step_avg:31.30ms
step:406/1480 train_time:12710ms step_avg:31.31ms
step:407/1480 train_time:12738ms step_avg:31.30ms
step:408/1480 train_time:12773ms step_avg:31.31ms
step:409/1480 train_time:12801ms step_avg:31.30ms
step:410/1480 train_time:12835ms step_avg:31.30ms
step:411/1480 train_time:12864ms step_avg:31.30ms
step:412/1480 train_time:12897ms step_avg:31.30ms
step:413/1480 train_time:12926ms step_avg:31.30ms
step:414/1480 train_time:12960ms step_avg:31.31ms
step:415/1480 train_time:12989ms step_avg:31.30ms
step:416/1480 train_time:13023ms step_avg:31.30ms
step:417/1480 train_time:13051ms step_avg:31.30ms
step:418/1480 train_time:13085ms step_avg:31.30ms
step:419/1480 train_time:13113ms step_avg:31.30ms
step:420/1480 train_time:13147ms step_avg:31.30ms
step:421/1480 train_time:13176ms step_avg:31.30ms
step:422/1480 train_time:13209ms step_avg:31.30ms
step:423/1480 train_time:13238ms step_avg:31.30ms
step:424/1480 train_time:13272ms step_avg:31.30ms
step:425/1480 train_time:13301ms step_avg:31.30ms
step:426/1480 train_time:13335ms step_avg:31.30ms
step:427/1480 train_time:13368ms step_avg:31.31ms
step:428/1480 train_time:13398ms step_avg:31.30ms
step:429/1480 train_time:13426ms step_avg:31.30ms
step:430/1480 train_time:13460ms step_avg:31.30ms
step:431/1480 train_time:13488ms step_avg:31.30ms
step:432/1480 train_time:13523ms step_avg:31.30ms
step:433/1480 train_time:13551ms step_avg:31.29ms
step:434/1480 train_time:13585ms step_avg:31.30ms
step:435/1480 train_time:13613ms step_avg:31.29ms
step:436/1480 train_time:13647ms step_avg:31.30ms
step:437/1480 train_time:13676ms step_avg:31.29ms
step:438/1480 train_time:13709ms step_avg:31.30ms
step:439/1480 train_time:13738ms step_avg:31.29ms
step:440/1480 train_time:13772ms step_avg:31.30ms
step:441/1480 train_time:13801ms step_avg:31.29ms
step:442/1480 train_time:13835ms step_avg:31.30ms
step:443/1480 train_time:13863ms step_avg:31.29ms
step:444/1480 train_time:13897ms step_avg:31.30ms
step:445/1480 train_time:13926ms step_avg:31.29ms
step:446/1480 train_time:13960ms step_avg:31.30ms
step:447/1480 train_time:13988ms step_avg:31.29ms
step:448/1480 train_time:14023ms step_avg:31.30ms
step:449/1480 train_time:14051ms step_avg:31.29ms
step:450/1480 train_time:14085ms step_avg:31.30ms
step:451/1480 train_time:14113ms step_avg:31.29ms
step:452/1480 train_time:14147ms step_avg:31.30ms
step:453/1480 train_time:14175ms step_avg:31.29ms
step:454/1480 train_time:14209ms step_avg:31.30ms
step:455/1480 train_time:14237ms step_avg:31.29ms
step:456/1480 train_time:14271ms step_avg:31.30ms
step:457/1480 train_time:14300ms step_avg:31.29ms
step:458/1480 train_time:14334ms step_avg:31.30ms
step:459/1480 train_time:14363ms step_avg:31.29ms
step:460/1480 train_time:14397ms step_avg:31.30ms
step:461/1480 train_time:14425ms step_avg:31.29ms
step:462/1480 train_time:14460ms step_avg:31.30ms
step:463/1480 train_time:14488ms step_avg:31.29ms
step:464/1480 train_time:14522ms step_avg:31.30ms
step:465/1480 train_time:14550ms step_avg:31.29ms
step:466/1480 train_time:14584ms step_avg:31.30ms
step:467/1480 train_time:14613ms step_avg:31.29ms
step:468/1480 train_time:14646ms step_avg:31.30ms
step:469/1480 train_time:14675ms step_avg:31.29ms
step:470/1480 train_time:14709ms step_avg:31.30ms
step:471/1480 train_time:14737ms step_avg:31.29ms
step:472/1480 train_time:14771ms step_avg:31.29ms
step:473/1480 train_time:14800ms step_avg:31.29ms
step:474/1480 train_time:14834ms step_avg:31.29ms
step:475/1480 train_time:14862ms step_avg:31.29ms
step:476/1480 train_time:14896ms step_avg:31.29ms
step:477/1480 train_time:14924ms step_avg:31.29ms
step:478/1480 train_time:14958ms step_avg:31.29ms
step:479/1480 train_time:14987ms step_avg:31.29ms
step:480/1480 train_time:15021ms step_avg:31.29ms
step:481/1480 train_time:15051ms step_avg:31.29ms
step:482/1480 train_time:15113ms step_avg:31.35ms
step:483/1480 train_time:15166ms step_avg:31.40ms
step:484/1480 train_time:15225ms step_avg:31.46ms
step:485/1480 train_time:15279ms step_avg:31.50ms
step:486/1480 train_time:15338ms step_avg:31.56ms
step:487/1480 train_time:15392ms step_avg:31.61ms
step:488/1480 train_time:15451ms step_avg:31.66ms
step:489/1480 train_time:15506ms step_avg:31.71ms
step:490/1480 train_time:15565ms step_avg:31.77ms
step:491/1480 train_time:15619ms step_avg:31.81ms
step:492/1480 train_time:15678ms step_avg:31.87ms
step:493/1480 train_time:15733ms step_avg:31.91ms
step:494/1480 train_time:15792ms step_avg:31.97ms
step:495/1480 train_time:15846ms step_avg:32.01ms
step:496/1480 train_time:15906ms step_avg:32.07ms
step:497/1480 train_time:15959ms step_avg:32.11ms
step:498/1480 train_time:16019ms step_avg:32.17ms
step:499/1480 train_time:16072ms step_avg:32.21ms
step:500/1480 train_time:16132ms step_avg:32.26ms
step:500/1480 val_loss:4.2152 train_time:16195ms step_avg:32.39ms
step:501/1480 train_time:16210ms step_avg:32.35ms
step:502/1480 train_time:16249ms step_avg:32.37ms
step:503/1480 train_time:16304ms step_avg:32.41ms
step:504/1480 train_time:16365ms step_avg:32.47ms
step:505/1480 train_time:16420ms step_avg:32.51ms
step:506/1480 train_time:16479ms step_avg:32.57ms
step:507/1480 train_time:16533ms step_avg:32.61ms
step:508/1480 train_time:16592ms step_avg:32.66ms
step:509/1480 train_time:16645ms step_avg:32.70ms
step:510/1480 train_time:16705ms step_avg:32.76ms
step:511/1480 train_time:16758ms step_avg:32.80ms
step:512/1480 train_time:16817ms step_avg:32.85ms
step:513/1480 train_time:16870ms step_avg:32.89ms
step:514/1480 train_time:16929ms step_avg:32.94ms
step:515/1480 train_time:16982ms step_avg:32.98ms
step:516/1480 train_time:17041ms step_avg:33.03ms
step:517/1480 train_time:17094ms step_avg:33.06ms
step:518/1480 train_time:17154ms step_avg:33.12ms
step:519/1480 train_time:17207ms step_avg:33.15ms
step:520/1480 train_time:17267ms step_avg:33.21ms
step:521/1480 train_time:17324ms step_avg:33.25ms
step:522/1480 train_time:17383ms step_avg:33.30ms
step:523/1480 train_time:17437ms step_avg:33.34ms
step:524/1480 train_time:17498ms step_avg:33.39ms
step:525/1480 train_time:17552ms step_avg:33.43ms
step:526/1480 train_time:17610ms step_avg:33.48ms
step:527/1480 train_time:17664ms step_avg:33.52ms
step:528/1480 train_time:17724ms step_avg:33.57ms
step:529/1480 train_time:17777ms step_avg:33.60ms
step:530/1480 train_time:17836ms step_avg:33.65ms
step:531/1480 train_time:17889ms step_avg:33.69ms
step:532/1480 train_time:17948ms step_avg:33.74ms
step:533/1480 train_time:18001ms step_avg:33.77ms
step:534/1480 train_time:18061ms step_avg:33.82ms
step:535/1480 train_time:18115ms step_avg:33.86ms
step:536/1480 train_time:18173ms step_avg:33.91ms
step:537/1480 train_time:18227ms step_avg:33.94ms
step:538/1480 train_time:18286ms step_avg:33.99ms
step:539/1480 train_time:18341ms step_avg:34.03ms
step:540/1480 train_time:18401ms step_avg:34.08ms
step:541/1480 train_time:18455ms step_avg:34.11ms
step:542/1480 train_time:18515ms step_avg:34.16ms
step:543/1480 train_time:18569ms step_avg:34.20ms
step:544/1480 train_time:18628ms step_avg:34.24ms
step:545/1480 train_time:18682ms step_avg:34.28ms
step:546/1480 train_time:18741ms step_avg:34.32ms
step:547/1480 train_time:18794ms step_avg:34.36ms
step:548/1480 train_time:18853ms step_avg:34.40ms
step:549/1480 train_time:18907ms step_avg:34.44ms
step:550/1480 train_time:18965ms step_avg:34.48ms
step:551/1480 train_time:19019ms step_avg:34.52ms
step:552/1480 train_time:19078ms step_avg:34.56ms
step:553/1480 train_time:19131ms step_avg:34.59ms
step:554/1480 train_time:19190ms step_avg:34.64ms
step:555/1480 train_time:19244ms step_avg:34.67ms
step:556/1480 train_time:19303ms step_avg:34.72ms
step:557/1480 train_time:19357ms step_avg:34.75ms
step:558/1480 train_time:19417ms step_avg:34.80ms
step:559/1480 train_time:19470ms step_avg:34.83ms
step:560/1480 train_time:19530ms step_avg:34.87ms
step:561/1480 train_time:19584ms step_avg:34.91ms
step:562/1480 train_time:19643ms step_avg:34.95ms
step:563/1480 train_time:19696ms step_avg:34.98ms
step:564/1480 train_time:19757ms step_avg:35.03ms
step:565/1480 train_time:19810ms step_avg:35.06ms
step:566/1480 train_time:19869ms step_avg:35.10ms
step:567/1480 train_time:19923ms step_avg:35.14ms
step:568/1480 train_time:19981ms step_avg:35.18ms
step:569/1480 train_time:20035ms step_avg:35.21ms
step:570/1480 train_time:20094ms step_avg:35.25ms
step:571/1480 train_time:20148ms step_avg:35.28ms
step:572/1480 train_time:20206ms step_avg:35.33ms
step:573/1480 train_time:20260ms step_avg:35.36ms
step:574/1480 train_time:20319ms step_avg:35.40ms
step:575/1480 train_time:20373ms step_avg:35.43ms
step:576/1480 train_time:20432ms step_avg:35.47ms
step:577/1480 train_time:20487ms step_avg:35.51ms
step:578/1480 train_time:20546ms step_avg:35.55ms
step:579/1480 train_time:20600ms step_avg:35.58ms
step:580/1480 train_time:20660ms step_avg:35.62ms
step:581/1480 train_time:20713ms step_avg:35.65ms
step:582/1480 train_time:20772ms step_avg:35.69ms
step:583/1480 train_time:20826ms step_avg:35.72ms
step:584/1480 train_time:20885ms step_avg:35.76ms
step:585/1480 train_time:20938ms step_avg:35.79ms
step:586/1480 train_time:20997ms step_avg:35.83ms
step:587/1480 train_time:21051ms step_avg:35.86ms
step:588/1480 train_time:21109ms step_avg:35.90ms
step:589/1480 train_time:21163ms step_avg:35.93ms
step:590/1480 train_time:21223ms step_avg:35.97ms
step:591/1480 train_time:21276ms step_avg:36.00ms
step:592/1480 train_time:21336ms step_avg:36.04ms
step:593/1480 train_time:21389ms step_avg:36.07ms
step:594/1480 train_time:21449ms step_avg:36.11ms
step:595/1480 train_time:21502ms step_avg:36.14ms
step:596/1480 train_time:21561ms step_avg:36.18ms
step:597/1480 train_time:21616ms step_avg:36.21ms
step:598/1480 train_time:21675ms step_avg:36.25ms
step:599/1480 train_time:21729ms step_avg:36.28ms
step:600/1480 train_time:21788ms step_avg:36.31ms
step:601/1480 train_time:21841ms step_avg:36.34ms
step:602/1480 train_time:21901ms step_avg:36.38ms
step:603/1480 train_time:21955ms step_avg:36.41ms
step:604/1480 train_time:22014ms step_avg:36.45ms
step:605/1480 train_time:22067ms step_avg:36.48ms
step:606/1480 train_time:22127ms step_avg:36.51ms
step:607/1480 train_time:22181ms step_avg:36.54ms
step:608/1480 train_time:22241ms step_avg:36.58ms
step:609/1480 train_time:22294ms step_avg:36.61ms
step:610/1480 train_time:22354ms step_avg:36.65ms
step:611/1480 train_time:22408ms step_avg:36.67ms
step:612/1480 train_time:22466ms step_avg:36.71ms
step:613/1480 train_time:22522ms step_avg:36.74ms
step:614/1480 train_time:22581ms step_avg:36.78ms
step:615/1480 train_time:22635ms step_avg:36.80ms
step:616/1480 train_time:22694ms step_avg:36.84ms
step:617/1480 train_time:22748ms step_avg:36.87ms
step:618/1480 train_time:22807ms step_avg:36.90ms
step:619/1480 train_time:22860ms step_avg:36.93ms
step:620/1480 train_time:22920ms step_avg:36.97ms
step:621/1480 train_time:22974ms step_avg:37.00ms
step:622/1480 train_time:23033ms step_avg:37.03ms
step:623/1480 train_time:23087ms step_avg:37.06ms
step:624/1480 train_time:23146ms step_avg:37.09ms
step:625/1480 train_time:23199ms step_avg:37.12ms
step:626/1480 train_time:23259ms step_avg:37.16ms
step:627/1480 train_time:23314ms step_avg:37.18ms
step:628/1480 train_time:23373ms step_avg:37.22ms
step:629/1480 train_time:23426ms step_avg:37.24ms
step:630/1480 train_time:23486ms step_avg:37.28ms
step:631/1480 train_time:23540ms step_avg:37.31ms
step:632/1480 train_time:23600ms step_avg:37.34ms
step:633/1480 train_time:23654ms step_avg:37.37ms
step:634/1480 train_time:23713ms step_avg:37.40ms
step:635/1480 train_time:23766ms step_avg:37.43ms
step:636/1480 train_time:23826ms step_avg:37.46ms
step:637/1480 train_time:23879ms step_avg:37.49ms
step:638/1480 train_time:23938ms step_avg:37.52ms
step:639/1480 train_time:23993ms step_avg:37.55ms
step:640/1480 train_time:24051ms step_avg:37.58ms
step:641/1480 train_time:24104ms step_avg:37.60ms
step:642/1480 train_time:24163ms step_avg:37.64ms
step:643/1480 train_time:24217ms step_avg:37.66ms
step:644/1480 train_time:24277ms step_avg:37.70ms
step:645/1480 train_time:24330ms step_avg:37.72ms
step:646/1480 train_time:24390ms step_avg:37.76ms
step:647/1480 train_time:24444ms step_avg:37.78ms
step:648/1480 train_time:24503ms step_avg:37.81ms
step:649/1480 train_time:24557ms step_avg:37.84ms
step:650/1480 train_time:24616ms step_avg:37.87ms
step:651/1480 train_time:24670ms step_avg:37.90ms
step:652/1480 train_time:24729ms step_avg:37.93ms
step:653/1480 train_time:24783ms step_avg:37.95ms
step:654/1480 train_time:24842ms step_avg:37.98ms
step:655/1480 train_time:24895ms step_avg:38.01ms
step:656/1480 train_time:24955ms step_avg:38.04ms
step:657/1480 train_time:25009ms step_avg:38.06ms
step:658/1480 train_time:25068ms step_avg:38.10ms
step:659/1480 train_time:25122ms step_avg:38.12ms
step:660/1480 train_time:25181ms step_avg:38.15ms
step:661/1480 train_time:25235ms step_avg:38.18ms
step:662/1480 train_time:25295ms step_avg:38.21ms
step:663/1480 train_time:25349ms step_avg:38.23ms
step:664/1480 train_time:25408ms step_avg:38.26ms
step:665/1480 train_time:25461ms step_avg:38.29ms
step:666/1480 train_time:25521ms step_avg:38.32ms
step:667/1480 train_time:25574ms step_avg:38.34ms
step:668/1480 train_time:25634ms step_avg:38.37ms
step:669/1480 train_time:25687ms step_avg:38.40ms
step:670/1480 train_time:25747ms step_avg:38.43ms
step:671/1480 train_time:25801ms step_avg:38.45ms
step:672/1480 train_time:25860ms step_avg:38.48ms
step:673/1480 train_time:25914ms step_avg:38.50ms
step:674/1480 train_time:25973ms step_avg:38.54ms
step:675/1480 train_time:26026ms step_avg:38.56ms
step:676/1480 train_time:26086ms step_avg:38.59ms
step:677/1480 train_time:26139ms step_avg:38.61ms
step:678/1480 train_time:26199ms step_avg:38.64ms
step:679/1480 train_time:26253ms step_avg:38.66ms
step:680/1480 train_time:26312ms step_avg:38.69ms
step:681/1480 train_time:26366ms step_avg:38.72ms
step:682/1480 train_time:26425ms step_avg:38.75ms
step:683/1480 train_time:26478ms step_avg:38.77ms
step:684/1480 train_time:26538ms step_avg:38.80ms
step:685/1480 train_time:26591ms step_avg:38.82ms
step:686/1480 train_time:26650ms step_avg:38.85ms
step:687/1480 train_time:26704ms step_avg:38.87ms
step:688/1480 train_time:26763ms step_avg:38.90ms
step:689/1480 train_time:26817ms step_avg:38.92ms
step:690/1480 train_time:26876ms step_avg:38.95ms
step:691/1480 train_time:26930ms step_avg:38.97ms
step:692/1480 train_time:26989ms step_avg:39.00ms
step:693/1480 train_time:27042ms step_avg:39.02ms
step:694/1480 train_time:27102ms step_avg:39.05ms
step:695/1480 train_time:27156ms step_avg:39.07ms
step:696/1480 train_time:27215ms step_avg:39.10ms
step:697/1480 train_time:27269ms step_avg:39.12ms
step:698/1480 train_time:27329ms step_avg:39.15ms
step:699/1480 train_time:27383ms step_avg:39.17ms
step:700/1480 train_time:27442ms step_avg:39.20ms
step:701/1480 train_time:27496ms step_avg:39.22ms
step:702/1480 train_time:27555ms step_avg:39.25ms
step:703/1480 train_time:27609ms step_avg:39.27ms
step:704/1480 train_time:27668ms step_avg:39.30ms
step:705/1480 train_time:27723ms step_avg:39.32ms
step:706/1480 train_time:27782ms step_avg:39.35ms
step:707/1480 train_time:27836ms step_avg:39.37ms
step:708/1480 train_time:27896ms step_avg:39.40ms
step:709/1480 train_time:27949ms step_avg:39.42ms
step:710/1480 train_time:28008ms step_avg:39.45ms
step:711/1480 train_time:28062ms step_avg:39.47ms
step:712/1480 train_time:28121ms step_avg:39.50ms
step:713/1480 train_time:28174ms step_avg:39.52ms
step:714/1480 train_time:28234ms step_avg:39.54ms
step:715/1480 train_time:28289ms step_avg:39.56ms
step:716/1480 train_time:28348ms step_avg:39.59ms
step:717/1480 train_time:28402ms step_avg:39.61ms
step:718/1480 train_time:28463ms step_avg:39.64ms
step:719/1480 train_time:28517ms step_avg:39.66ms
step:720/1480 train_time:28577ms step_avg:39.69ms
step:721/1480 train_time:28631ms step_avg:39.71ms
step:722/1480 train_time:28690ms step_avg:39.74ms
step:723/1480 train_time:28744ms step_avg:39.76ms
step:724/1480 train_time:28802ms step_avg:39.78ms
step:725/1480 train_time:28856ms step_avg:39.80ms
step:726/1480 train_time:28916ms step_avg:39.83ms
step:727/1480 train_time:28969ms step_avg:39.85ms
step:728/1480 train_time:29029ms step_avg:39.88ms
step:729/1480 train_time:29083ms step_avg:39.89ms
step:730/1480 train_time:29142ms step_avg:39.92ms
step:731/1480 train_time:29195ms step_avg:39.94ms
step:732/1480 train_time:29255ms step_avg:39.97ms
step:733/1480 train_time:29309ms step_avg:39.99ms
step:734/1480 train_time:29368ms step_avg:40.01ms
step:735/1480 train_time:29423ms step_avg:40.03ms
step:736/1480 train_time:29481ms step_avg:40.06ms
step:737/1480 train_time:29535ms step_avg:40.07ms
step:738/1480 train_time:29594ms step_avg:40.10ms
step:739/1480 train_time:29649ms step_avg:40.12ms
step:740/1480 train_time:29708ms step_avg:40.15ms
step:741/1480 train_time:29761ms step_avg:40.16ms
step:742/1480 train_time:29822ms step_avg:40.19ms
step:743/1480 train_time:29876ms step_avg:40.21ms
step:744/1480 train_time:29936ms step_avg:40.24ms
step:745/1480 train_time:29989ms step_avg:40.25ms
step:746/1480 train_time:30048ms step_avg:40.28ms
step:747/1480 train_time:30102ms step_avg:40.30ms
step:748/1480 train_time:30162ms step_avg:40.32ms
step:749/1480 train_time:30216ms step_avg:40.34ms
step:750/1480 train_time:30276ms step_avg:40.37ms
step:750/1480 val_loss:3.7978 train_time:30340ms step_avg:40.45ms
step:751/1480 train_time:30355ms step_avg:40.42ms
step:752/1480 train_time:30391ms step_avg:40.41ms
step:753/1480 train_time:30446ms step_avg:40.43ms
step:754/1480 train_time:30510ms step_avg:40.46ms
step:755/1480 train_time:30566ms step_avg:40.49ms
step:756/1480 train_time:30625ms step_avg:40.51ms
step:757/1480 train_time:30680ms step_avg:40.53ms
step:758/1480 train_time:30738ms step_avg:40.55ms
step:759/1480 train_time:30792ms step_avg:40.57ms
step:760/1480 train_time:30851ms step_avg:40.59ms
step:761/1480 train_time:30905ms step_avg:40.61ms
step:762/1480 train_time:30963ms step_avg:40.63ms
step:763/1480 train_time:31016ms step_avg:40.65ms
step:764/1480 train_time:31075ms step_avg:40.67ms
step:765/1480 train_time:31129ms step_avg:40.69ms
step:766/1480 train_time:31187ms step_avg:40.71ms
step:767/1480 train_time:31240ms step_avg:40.73ms
step:768/1480 train_time:31299ms step_avg:40.75ms
step:769/1480 train_time:31353ms step_avg:40.77ms
step:770/1480 train_time:31414ms step_avg:40.80ms
step:771/1480 train_time:31469ms step_avg:40.82ms
step:772/1480 train_time:31530ms step_avg:40.84ms
step:773/1480 train_time:31585ms step_avg:40.86ms
step:774/1480 train_time:31644ms step_avg:40.88ms
step:775/1480 train_time:31698ms step_avg:40.90ms
step:776/1480 train_time:31757ms step_avg:40.92ms
step:777/1480 train_time:31811ms step_avg:40.94ms
step:778/1480 train_time:31870ms step_avg:40.96ms
step:779/1480 train_time:31923ms step_avg:40.98ms
step:780/1480 train_time:31982ms step_avg:41.00ms
step:781/1480 train_time:32035ms step_avg:41.02ms
step:782/1480 train_time:32094ms step_avg:41.04ms
step:783/1480 train_time:32148ms step_avg:41.06ms
step:784/1480 train_time:32207ms step_avg:41.08ms
step:785/1480 train_time:32260ms step_avg:41.10ms
step:786/1480 train_time:32319ms step_avg:41.12ms
step:787/1480 train_time:32373ms step_avg:41.13ms
step:788/1480 train_time:32433ms step_avg:41.16ms
step:789/1480 train_time:32488ms step_avg:41.18ms
step:790/1480 train_time:32548ms step_avg:41.20ms
step:791/1480 train_time:32603ms step_avg:41.22ms
step:792/1480 train_time:32662ms step_avg:41.24ms
step:793/1480 train_time:32716ms step_avg:41.26ms
step:794/1480 train_time:32775ms step_avg:41.28ms
step:795/1480 train_time:32829ms step_avg:41.29ms
step:796/1480 train_time:32890ms step_avg:41.32ms
step:797/1480 train_time:32942ms step_avg:41.33ms
step:798/1480 train_time:33001ms step_avg:41.36ms
step:799/1480 train_time:33055ms step_avg:41.37ms
step:800/1480 train_time:33114ms step_avg:41.39ms
step:801/1480 train_time:33167ms step_avg:41.41ms
step:802/1480 train_time:33226ms step_avg:41.43ms
step:803/1480 train_time:33281ms step_avg:41.45ms
step:804/1480 train_time:33340ms step_avg:41.47ms
step:805/1480 train_time:33394ms step_avg:41.48ms
step:806/1480 train_time:33454ms step_avg:41.51ms
step:807/1480 train_time:33508ms step_avg:41.52ms
step:808/1480 train_time:33568ms step_avg:41.54ms
step:809/1480 train_time:33621ms step_avg:41.56ms
step:810/1480 train_time:33681ms step_avg:41.58ms
step:811/1480 train_time:33736ms step_avg:41.60ms
step:812/1480 train_time:33795ms step_avg:41.62ms
step:813/1480 train_time:33849ms step_avg:41.63ms
step:814/1480 train_time:33909ms step_avg:41.66ms
step:815/1480 train_time:33963ms step_avg:41.67ms
step:816/1480 train_time:34021ms step_avg:41.69ms
step:817/1480 train_time:34075ms step_avg:41.71ms
step:818/1480 train_time:34133ms step_avg:41.73ms
step:819/1480 train_time:34187ms step_avg:41.74ms
step:820/1480 train_time:34247ms step_avg:41.76ms
step:821/1480 train_time:34300ms step_avg:41.78ms
step:822/1480 train_time:34359ms step_avg:41.80ms
step:823/1480 train_time:34413ms step_avg:41.81ms
step:824/1480 train_time:34473ms step_avg:41.84ms
step:825/1480 train_time:34527ms step_avg:41.85ms
step:826/1480 train_time:34586ms step_avg:41.87ms
step:827/1480 train_time:34640ms step_avg:41.89ms
step:828/1480 train_time:34700ms step_avg:41.91ms
step:829/1480 train_time:34754ms step_avg:41.92ms
step:830/1480 train_time:34813ms step_avg:41.94ms
step:831/1480 train_time:34867ms step_avg:41.96ms
step:832/1480 train_time:34927ms step_avg:41.98ms
step:833/1480 train_time:34981ms step_avg:41.99ms
step:834/1480 train_time:35039ms step_avg:42.01ms
step:835/1480 train_time:35093ms step_avg:42.03ms
step:836/1480 train_time:35153ms step_avg:42.05ms
step:837/1480 train_time:35207ms step_avg:42.06ms
step:838/1480 train_time:35266ms step_avg:42.08ms
step:839/1480 train_time:35320ms step_avg:42.10ms
step:840/1480 train_time:35379ms step_avg:42.12ms
step:841/1480 train_time:35433ms step_avg:42.13ms
step:842/1480 train_time:35493ms step_avg:42.15ms
step:843/1480 train_time:35547ms step_avg:42.17ms
step:844/1480 train_time:35607ms step_avg:42.19ms
step:845/1480 train_time:35661ms step_avg:42.20ms
step:846/1480 train_time:35720ms step_avg:42.22ms
step:847/1480 train_time:35775ms step_avg:42.24ms
step:848/1480 train_time:35834ms step_avg:42.26ms
step:849/1480 train_time:35888ms step_avg:42.27ms
step:850/1480 train_time:35947ms step_avg:42.29ms
step:851/1480 train_time:36001ms step_avg:42.30ms
step:852/1480 train_time:36060ms step_avg:42.32ms
step:853/1480 train_time:36114ms step_avg:42.34ms
step:854/1480 train_time:36173ms step_avg:42.36ms
step:855/1480 train_time:36226ms step_avg:42.37ms
step:856/1480 train_time:36286ms step_avg:42.39ms
step:857/1480 train_time:36340ms step_avg:42.40ms
step:858/1480 train_time:36399ms step_avg:42.42ms
step:859/1480 train_time:36454ms step_avg:42.44ms
step:860/1480 train_time:36513ms step_avg:42.46ms
step:861/1480 train_time:36567ms step_avg:42.47ms
step:862/1480 train_time:36627ms step_avg:42.49ms
step:863/1480 train_time:36681ms step_avg:42.50ms
step:864/1480 train_time:36740ms step_avg:42.52ms
step:865/1480 train_time:36794ms step_avg:42.54ms
step:866/1480 train_time:36853ms step_avg:42.56ms
step:867/1480 train_time:36907ms step_avg:42.57ms
step:868/1480 train_time:36967ms step_avg:42.59ms
step:869/1480 train_time:37021ms step_avg:42.60ms
step:870/1480 train_time:37080ms step_avg:42.62ms
step:871/1480 train_time:37134ms step_avg:42.63ms
step:872/1480 train_time:37193ms step_avg:42.65ms
step:873/1480 train_time:37247ms step_avg:42.67ms
step:874/1480 train_time:37306ms step_avg:42.68ms
step:875/1480 train_time:37361ms step_avg:42.70ms
step:876/1480 train_time:37419ms step_avg:42.72ms
step:877/1480 train_time:37475ms step_avg:42.73ms
step:878/1480 train_time:37534ms step_avg:42.75ms
step:879/1480 train_time:37587ms step_avg:42.76ms
step:880/1480 train_time:37647ms step_avg:42.78ms
step:881/1480 train_time:37701ms step_avg:42.79ms
step:882/1480 train_time:37760ms step_avg:42.81ms
step:883/1480 train_time:37814ms step_avg:42.82ms
step:884/1480 train_time:37873ms step_avg:42.84ms
step:885/1480 train_time:37927ms step_avg:42.86ms
step:886/1480 train_time:37987ms step_avg:42.87ms
step:887/1480 train_time:38041ms step_avg:42.89ms
step:888/1480 train_time:38100ms step_avg:42.90ms
step:889/1480 train_time:38155ms step_avg:42.92ms
step:890/1480 train_time:38213ms step_avg:42.94ms
step:891/1480 train_time:38267ms step_avg:42.95ms
step:892/1480 train_time:38327ms step_avg:42.97ms
step:893/1480 train_time:38381ms step_avg:42.98ms
step:894/1480 train_time:38440ms step_avg:43.00ms
step:895/1480 train_time:38495ms step_avg:43.01ms
step:896/1480 train_time:38554ms step_avg:43.03ms
step:897/1480 train_time:38608ms step_avg:43.04ms
step:898/1480 train_time:38668ms step_avg:43.06ms
step:899/1480 train_time:38723ms step_avg:43.07ms
step:900/1480 train_time:38782ms step_avg:43.09ms
step:901/1480 train_time:38835ms step_avg:43.10ms
step:902/1480 train_time:38894ms step_avg:43.12ms
step:903/1480 train_time:38949ms step_avg:43.13ms
step:904/1480 train_time:39008ms step_avg:43.15ms
step:905/1480 train_time:39062ms step_avg:43.16ms
step:906/1480 train_time:39121ms step_avg:43.18ms
step:907/1480 train_time:39176ms step_avg:43.19ms
step:908/1480 train_time:39234ms step_avg:43.21ms
step:909/1480 train_time:39288ms step_avg:43.22ms
step:910/1480 train_time:39348ms step_avg:43.24ms
step:911/1480 train_time:39402ms step_avg:43.25ms
step:912/1480 train_time:39461ms step_avg:43.27ms
step:913/1480 train_time:39515ms step_avg:43.28ms
step:914/1480 train_time:39574ms step_avg:43.30ms
step:915/1480 train_time:39628ms step_avg:43.31ms
step:916/1480 train_time:39687ms step_avg:43.33ms
step:917/1480 train_time:39741ms step_avg:43.34ms
step:918/1480 train_time:39799ms step_avg:43.35ms
step:919/1480 train_time:39854ms step_avg:43.37ms
step:920/1480 train_time:39913ms step_avg:43.38ms
step:921/1480 train_time:39967ms step_avg:43.40ms
step:922/1480 train_time:40027ms step_avg:43.41ms
step:923/1480 train_time:40081ms step_avg:43.42ms
step:924/1480 train_time:40140ms step_avg:43.44ms
step:925/1480 train_time:40193ms step_avg:43.45ms
step:926/1480 train_time:40254ms step_avg:43.47ms
step:927/1480 train_time:40307ms step_avg:43.48ms
step:928/1480 train_time:40367ms step_avg:43.50ms
step:929/1480 train_time:40421ms step_avg:43.51ms
step:930/1480 train_time:40480ms step_avg:43.53ms
step:931/1480 train_time:40534ms step_avg:43.54ms
step:932/1480 train_time:40593ms step_avg:43.56ms
step:933/1480 train_time:40648ms step_avg:43.57ms
step:934/1480 train_time:40707ms step_avg:43.58ms
step:935/1480 train_time:40760ms step_avg:43.59ms
step:936/1480 train_time:40820ms step_avg:43.61ms
step:937/1480 train_time:40874ms step_avg:43.62ms
step:938/1480 train_time:40933ms step_avg:43.64ms
step:939/1480 train_time:40987ms step_avg:43.65ms
step:940/1480 train_time:41047ms step_avg:43.67ms
step:941/1480 train_time:41101ms step_avg:43.68ms
step:942/1480 train_time:41160ms step_avg:43.69ms
step:943/1480 train_time:41214ms step_avg:43.71ms
step:944/1480 train_time:41273ms step_avg:43.72ms
step:945/1480 train_time:41327ms step_avg:43.73ms
step:946/1480 train_time:41387ms step_avg:43.75ms
step:947/1480 train_time:41441ms step_avg:43.76ms
step:948/1480 train_time:41499ms step_avg:43.78ms
step:949/1480 train_time:41553ms step_avg:43.79ms
step:950/1480 train_time:41612ms step_avg:43.80ms
step:951/1480 train_time:41667ms step_avg:43.81ms
step:952/1480 train_time:41726ms step_avg:43.83ms
step:953/1480 train_time:41780ms step_avg:43.84ms
step:954/1480 train_time:41840ms step_avg:43.86ms
step:955/1480 train_time:41893ms step_avg:43.87ms
step:956/1480 train_time:41953ms step_avg:43.88ms
step:957/1480 train_time:42007ms step_avg:43.89ms
step:958/1480 train_time:42066ms step_avg:43.91ms
step:959/1480 train_time:42121ms step_avg:43.92ms
step:960/1480 train_time:42180ms step_avg:43.94ms
step:961/1480 train_time:42234ms step_avg:43.95ms
step:962/1480 train_time:42323ms step_avg:43.99ms
step:963/1480 train_time:42401ms step_avg:44.03ms
step:964/1480 train_time:42488ms step_avg:44.07ms
step:965/1480 train_time:42567ms step_avg:44.11ms
step:966/1480 train_time:42653ms step_avg:44.15ms
step:967/1480 train_time:42733ms step_avg:44.19ms
step:968/1480 train_time:42819ms step_avg:44.23ms
step:969/1480 train_time:42899ms step_avg:44.27ms
step:970/1480 train_time:42983ms step_avg:44.31ms
step:971/1480 train_time:43063ms step_avg:44.35ms
step:972/1480 train_time:43149ms step_avg:44.39ms
step:973/1480 train_time:43231ms step_avg:44.43ms
step:974/1480 train_time:43317ms step_avg:44.47ms
step:975/1480 train_time:43397ms step_avg:44.51ms
step:976/1480 train_time:43481ms step_avg:44.55ms
step:977/1480 train_time:43561ms step_avg:44.59ms
step:978/1480 train_time:43647ms step_avg:44.63ms
step:979/1480 train_time:43729ms step_avg:44.67ms
step:980/1480 train_time:43816ms step_avg:44.71ms
step:981/1480 train_time:43895ms step_avg:44.74ms
step:982/1480 train_time:43981ms step_avg:44.79ms
step:983/1480 train_time:44060ms step_avg:44.82ms
step:984/1480 train_time:44145ms step_avg:44.86ms
step:985/1480 train_time:44226ms step_avg:44.90ms
step:986/1480 train_time:44311ms step_avg:44.94ms
step:987/1480 train_time:44392ms step_avg:44.98ms
step:988/1480 train_time:44477ms step_avg:45.02ms
step:989/1480 train_time:44556ms step_avg:45.05ms
step:990/1480 train_time:44641ms step_avg:45.09ms
step:991/1480 train_time:44719ms step_avg:45.13ms
step:992/1480 train_time:44806ms step_avg:45.17ms
step:993/1480 train_time:44887ms step_avg:45.20ms
step:994/1480 train_time:44972ms step_avg:45.24ms
step:995/1480 train_time:45051ms step_avg:45.28ms
step:996/1480 train_time:45137ms step_avg:45.32ms
step:997/1480 train_time:45216ms step_avg:45.35ms
step:998/1480 train_time:45301ms step_avg:45.39ms
step:999/1480 train_time:45382ms step_avg:45.43ms
step:1000/1480 train_time:45468ms step_avg:45.47ms
step:1000/1480 val_loss:3.5040 train_time:45559ms step_avg:45.56ms
step:1001/1480 train_time:45575ms step_avg:45.53ms
step:1002/1480 train_time:45638ms step_avg:45.55ms
step:1003/1480 train_time:45721ms step_avg:45.58ms
step:1004/1480 train_time:45810ms step_avg:45.63ms
step:1005/1480 train_time:45889ms step_avg:45.66ms
step:1006/1480 train_time:45975ms step_avg:45.70ms
step:1007/1480 train_time:46054ms step_avg:45.73ms
step:1008/1480 train_time:46138ms step_avg:45.77ms
step:1009/1480 train_time:46216ms step_avg:45.80ms
step:1010/1480 train_time:46301ms step_avg:45.84ms
step:1011/1480 train_time:46380ms step_avg:45.88ms
step:1012/1480 train_time:46465ms step_avg:45.91ms
step:1013/1480 train_time:46546ms step_avg:45.95ms
step:1014/1480 train_time:46634ms step_avg:45.99ms
step:1015/1480 train_time:46717ms step_avg:46.03ms
step:1016/1480 train_time:46804ms step_avg:46.07ms
step:1017/1480 train_time:46885ms step_avg:46.10ms
step:1018/1480 train_time:46970ms step_avg:46.14ms
step:1019/1480 train_time:47049ms step_avg:46.17ms
step:1020/1480 train_time:47135ms step_avg:46.21ms
step:1021/1480 train_time:47214ms step_avg:46.24ms
step:1022/1480 train_time:47299ms step_avg:46.28ms
step:1023/1480 train_time:47378ms step_avg:46.31ms
step:1024/1480 train_time:47462ms step_avg:46.35ms
step:1025/1480 train_time:47543ms step_avg:46.38ms
step:1026/1480 train_time:47630ms step_avg:46.42ms
step:1027/1480 train_time:47711ms step_avg:46.46ms
step:1028/1480 train_time:47797ms step_avg:46.50ms
step:1029/1480 train_time:47877ms step_avg:46.53ms
step:1030/1480 train_time:47963ms step_avg:46.57ms
step:1031/1480 train_time:48044ms step_avg:46.60ms
step:1032/1480 train_time:48131ms step_avg:46.64ms
step:1033/1480 train_time:48210ms step_avg:46.67ms
step:1034/1480 train_time:48295ms step_avg:46.71ms
step:1035/1480 train_time:48374ms step_avg:46.74ms
step:1036/1480 train_time:48459ms step_avg:46.77ms
step:1037/1480 train_time:48539ms step_avg:46.81ms
step:1038/1480 train_time:48625ms step_avg:46.85ms
step:1039/1480 train_time:48707ms step_avg:46.88ms
step:1040/1480 train_time:48794ms step_avg:46.92ms
step:1041/1480 train_time:48875ms step_avg:46.95ms
step:1042/1480 train_time:48959ms step_avg:46.99ms
step:1043/1480 train_time:49038ms step_avg:47.02ms
step:1044/1480 train_time:49125ms step_avg:47.05ms
step:1045/1480 train_time:49205ms step_avg:47.09ms
step:1046/1480 train_time:49291ms step_avg:47.12ms
step:1047/1480 train_time:49370ms step_avg:47.15ms
step:1048/1480 train_time:49454ms step_avg:47.19ms
step:1049/1480 train_time:49535ms step_avg:47.22ms
step:1050/1480 train_time:49622ms step_avg:47.26ms
step:1051/1480 train_time:49703ms step_avg:47.29ms
step:1052/1480 train_time:49789ms step_avg:47.33ms
step:1053/1480 train_time:49869ms step_avg:47.36ms
step:1054/1480 train_time:49955ms step_avg:47.40ms
step:1055/1480 train_time:50035ms step_avg:47.43ms
step:1056/1480 train_time:50120ms step_avg:47.46ms
step:1057/1480 train_time:50199ms step_avg:47.49ms
step:1058/1480 train_time:50285ms step_avg:47.53ms
step:1059/1480 train_time:50364ms step_avg:47.56ms
step:1060/1480 train_time:50450ms step_avg:47.59ms
step:1061/1480 train_time:50531ms step_avg:47.63ms
step:1062/1480 train_time:50617ms step_avg:47.66ms
step:1063/1480 train_time:50696ms step_avg:47.69ms
step:1064/1480 train_time:50780ms step_avg:47.73ms
step:1065/1480 train_time:50861ms step_avg:47.76ms
step:1066/1480 train_time:50947ms step_avg:47.79ms
step:1067/1480 train_time:51028ms step_avg:47.82ms
step:1068/1480 train_time:51114ms step_avg:47.86ms
step:1069/1480 train_time:51193ms step_avg:47.89ms
step:1070/1480 train_time:51277ms step_avg:47.92ms
step:1071/1480 train_time:51356ms step_avg:47.95ms
step:1072/1480 train_time:51442ms step_avg:47.99ms
step:1073/1480 train_time:51522ms step_avg:48.02ms
step:1074/1480 train_time:51609ms step_avg:48.05ms
step:1075/1480 train_time:51689ms step_avg:48.08ms
step:1076/1480 train_time:51772ms step_avg:48.12ms
step:1077/1480 train_time:51853ms step_avg:48.15ms
step:1078/1480 train_time:51938ms step_avg:48.18ms
step:1079/1480 train_time:52018ms step_avg:48.21ms
step:1080/1480 train_time:52105ms step_avg:48.25ms
step:1081/1480 train_time:52185ms step_avg:48.28ms
step:1082/1480 train_time:52270ms step_avg:48.31ms
step:1083/1480 train_time:52350ms step_avg:48.34ms
step:1084/1480 train_time:52436ms step_avg:48.37ms
step:1085/1480 train_time:52517ms step_avg:48.40ms
step:1086/1480 train_time:52602ms step_avg:48.44ms
step:1087/1480 train_time:52681ms step_avg:48.46ms
step:1088/1480 train_time:52767ms step_avg:48.50ms
step:1089/1480 train_time:52848ms step_avg:48.53ms
step:1090/1480 train_time:52934ms step_avg:48.56ms
step:1091/1480 train_time:53013ms step_avg:48.59ms
step:1092/1480 train_time:53099ms step_avg:48.63ms
step:1093/1480 train_time:53178ms step_avg:48.65ms
step:1094/1480 train_time:53263ms step_avg:48.69ms
step:1095/1480 train_time:53344ms step_avg:48.72ms
step:1096/1480 train_time:53431ms step_avg:48.75ms
step:1097/1480 train_time:53510ms step_avg:48.78ms
step:1098/1480 train_time:53597ms step_avg:48.81ms
step:1099/1480 train_time:53675ms step_avg:48.84ms
step:1100/1480 train_time:53760ms step_avg:48.87ms
step:1101/1480 train_time:53840ms step_avg:48.90ms
step:1102/1480 train_time:53927ms step_avg:48.94ms
step:1103/1480 train_time:54007ms step_avg:48.96ms
step:1104/1480 train_time:54092ms step_avg:49.00ms
step:1105/1480 train_time:54171ms step_avg:49.02ms
step:1106/1480 train_time:54256ms step_avg:49.06ms
step:1107/1480 train_time:54336ms step_avg:49.08ms
step:1108/1480 train_time:54422ms step_avg:49.12ms
step:1109/1480 train_time:54503ms step_avg:49.15ms
step:1110/1480 train_time:54589ms step_avg:49.18ms
step:1111/1480 train_time:54669ms step_avg:49.21ms
step:1112/1480 train_time:54753ms step_avg:49.24ms
step:1113/1480 train_time:54832ms step_avg:49.27ms
step:1114/1480 train_time:54917ms step_avg:49.30ms
step:1115/1480 train_time:54998ms step_avg:49.33ms
step:1116/1480 train_time:55083ms step_avg:49.36ms
step:1117/1480 train_time:55162ms step_avg:49.38ms
step:1118/1480 train_time:55247ms step_avg:49.42ms
step:1119/1480 train_time:55327ms step_avg:49.44ms
step:1120/1480 train_time:55414ms step_avg:49.48ms
step:1121/1480 train_time:55496ms step_avg:49.51ms
step:1122/1480 train_time:55580ms step_avg:49.54ms
step:1123/1480 train_time:55659ms step_avg:49.56ms
step:1124/1480 train_time:55744ms step_avg:49.59ms
step:1125/1480 train_time:55826ms step_avg:49.62ms
step:1126/1480 train_time:55911ms step_avg:49.65ms
step:1127/1480 train_time:55990ms step_avg:49.68ms
step:1128/1480 train_time:56075ms step_avg:49.71ms
step:1129/1480 train_time:56155ms step_avg:49.74ms
step:1130/1480 train_time:56241ms step_avg:49.77ms
step:1131/1480 train_time:56322ms step_avg:49.80ms
step:1132/1480 train_time:56408ms step_avg:49.83ms
step:1133/1480 train_time:56489ms step_avg:49.86ms
step:1134/1480 train_time:56575ms step_avg:49.89ms
step:1135/1480 train_time:56654ms step_avg:49.92ms
step:1136/1480 train_time:56740ms step_avg:49.95ms
step:1137/1480 train_time:56820ms step_avg:49.97ms
step:1138/1480 train_time:56906ms step_avg:50.00ms
step:1139/1480 train_time:56986ms step_avg:50.03ms
step:1140/1480 train_time:57070ms step_avg:50.06ms
step:1141/1480 train_time:57150ms step_avg:50.09ms
step:1142/1480 train_time:57236ms step_avg:50.12ms
step:1143/1480 train_time:57316ms step_avg:50.15ms
step:1144/1480 train_time:57402ms step_avg:50.18ms
step:1145/1480 train_time:57482ms step_avg:50.20ms
step:1146/1480 train_time:57568ms step_avg:50.23ms
step:1147/1480 train_time:57648ms step_avg:50.26ms
step:1148/1480 train_time:57734ms step_avg:50.29ms
step:1149/1480 train_time:57813ms step_avg:50.32ms
step:1150/1480 train_time:57900ms step_avg:50.35ms
step:1151/1480 train_time:57979ms step_avg:50.37ms
step:1152/1480 train_time:58064ms step_avg:50.40ms
step:1153/1480 train_time:58145ms step_avg:50.43ms
step:1154/1480 train_time:58230ms step_avg:50.46ms
step:1155/1480 train_time:58310ms step_avg:50.48ms
step:1156/1480 train_time:58396ms step_avg:50.52ms
step:1157/1480 train_time:58475ms step_avg:50.54ms
step:1158/1480 train_time:58561ms step_avg:50.57ms
step:1159/1480 train_time:58642ms step_avg:50.60ms
step:1160/1480 train_time:58727ms step_avg:50.63ms
step:1161/1480 train_time:58807ms step_avg:50.65ms
step:1162/1480 train_time:58893ms step_avg:50.68ms
step:1163/1480 train_time:58973ms step_avg:50.71ms
step:1164/1480 train_time:59056ms step_avg:50.74ms
step:1165/1480 train_time:59137ms step_avg:50.76ms
step:1166/1480 train_time:59223ms step_avg:50.79ms
step:1167/1480 train_time:59304ms step_avg:50.82ms
step:1168/1480 train_time:59389ms step_avg:50.85ms
step:1169/1480 train_time:59468ms step_avg:50.87ms
step:1170/1480 train_time:59553ms step_avg:50.90ms
step:1171/1480 train_time:59634ms step_avg:50.93ms
step:1172/1480 train_time:59720ms step_avg:50.96ms
step:1173/1480 train_time:59800ms step_avg:50.98ms
step:1174/1480 train_time:59886ms step_avg:51.01ms
step:1175/1480 train_time:59966ms step_avg:51.04ms
step:1176/1480 train_time:60053ms step_avg:51.07ms
step:1177/1480 train_time:60133ms step_avg:51.09ms
step:1178/1480 train_time:60218ms step_avg:51.12ms
step:1179/1480 train_time:60299ms step_avg:51.14ms
step:1180/1480 train_time:60385ms step_avg:51.17ms
step:1181/1480 train_time:60464ms step_avg:51.20ms
step:1182/1480 train_time:60550ms step_avg:51.23ms
step:1183/1480 train_time:60631ms step_avg:51.25ms
step:1184/1480 train_time:60716ms step_avg:51.28ms
step:1185/1480 train_time:60796ms step_avg:51.30ms
step:1186/1480 train_time:60882ms step_avg:51.33ms
step:1187/1480 train_time:60961ms step_avg:51.36ms
step:1188/1480 train_time:61048ms step_avg:51.39ms
step:1189/1480 train_time:61129ms step_avg:51.41ms
step:1190/1480 train_time:61215ms step_avg:51.44ms
step:1191/1480 train_time:61296ms step_avg:51.47ms
step:1192/1480 train_time:61380ms step_avg:51.49ms
step:1193/1480 train_time:61459ms step_avg:51.52ms
step:1194/1480 train_time:61545ms step_avg:51.55ms
step:1195/1480 train_time:61626ms step_avg:51.57ms
step:1196/1480 train_time:61711ms step_avg:51.60ms
step:1197/1480 train_time:61792ms step_avg:51.62ms
step:1198/1480 train_time:61876ms step_avg:51.65ms
step:1199/1480 train_time:61956ms step_avg:51.67ms
step:1200/1480 train_time:62042ms step_avg:51.70ms
step:1201/1480 train_time:62121ms step_avg:51.72ms
step:1202/1480 train_time:62208ms step_avg:51.75ms
step:1203/1480 train_time:62289ms step_avg:51.78ms
step:1204/1480 train_time:62373ms step_avg:51.80ms
step:1205/1480 train_time:62453ms step_avg:51.83ms
step:1206/1480 train_time:62538ms step_avg:51.86ms
step:1207/1480 train_time:62617ms step_avg:51.88ms
step:1208/1480 train_time:62704ms step_avg:51.91ms
step:1209/1480 train_time:62783ms step_avg:51.93ms
step:1210/1480 train_time:62869ms step_avg:51.96ms
step:1211/1480 train_time:62950ms step_avg:51.98ms
step:1212/1480 train_time:63034ms step_avg:52.01ms
step:1213/1480 train_time:63114ms step_avg:52.03ms
step:1214/1480 train_time:63201ms step_avg:52.06ms
step:1215/1480 train_time:63281ms step_avg:52.08ms
step:1216/1480 train_time:63366ms step_avg:52.11ms
step:1217/1480 train_time:63447ms step_avg:52.13ms
step:1218/1480 train_time:63532ms step_avg:52.16ms
step:1219/1480 train_time:63612ms step_avg:52.18ms
step:1220/1480 train_time:63698ms step_avg:52.21ms
step:1221/1480 train_time:63777ms step_avg:52.23ms
step:1222/1480 train_time:63862ms step_avg:52.26ms
step:1223/1480 train_time:63943ms step_avg:52.28ms
step:1224/1480 train_time:64029ms step_avg:52.31ms
step:1225/1480 train_time:64110ms step_avg:52.33ms
step:1226/1480 train_time:64196ms step_avg:52.36ms
step:1227/1480 train_time:64275ms step_avg:52.38ms
step:1228/1480 train_time:64360ms step_avg:52.41ms
step:1229/1480 train_time:64440ms step_avg:52.43ms
step:1230/1480 train_time:64526ms step_avg:52.46ms
step:1231/1480 train_time:64606ms step_avg:52.48ms
step:1232/1480 train_time:64691ms step_avg:52.51ms
step:1233/1480 train_time:64771ms step_avg:52.53ms
step:1234/1480 train_time:64856ms step_avg:52.56ms
step:1235/1480 train_time:64936ms step_avg:52.58ms
step:1236/1480 train_time:65022ms step_avg:52.61ms
step:1237/1480 train_time:65102ms step_avg:52.63ms
step:1238/1480 train_time:65189ms step_avg:52.66ms
step:1239/1480 train_time:65268ms step_avg:52.68ms
step:1240/1480 train_time:65353ms step_avg:52.70ms
step:1241/1480 train_time:65435ms step_avg:52.73ms
step:1242/1480 train_time:65521ms step_avg:52.75ms
step:1243/1480 train_time:65601ms step_avg:52.78ms
step:1244/1480 train_time:65686ms step_avg:52.80ms
step:1245/1480 train_time:65767ms step_avg:52.83ms
step:1246/1480 train_time:65853ms step_avg:52.85ms
step:1247/1480 train_time:65932ms step_avg:52.87ms
step:1248/1480 train_time:66017ms step_avg:52.90ms
step:1249/1480 train_time:66098ms step_avg:52.92ms
step:1250/1480 train_time:66182ms step_avg:52.95ms
step:1250/1480 val_loss:3.3641 train_time:66273ms step_avg:53.02ms
step:1251/1480 train_time:66289ms step_avg:52.99ms
step:1252/1480 train_time:66353ms step_avg:53.00ms
step:1253/1480 train_time:66435ms step_avg:53.02ms
step:1254/1480 train_time:66522ms step_avg:53.05ms
step:1255/1480 train_time:66601ms step_avg:53.07ms
step:1256/1480 train_time:66686ms step_avg:53.09ms
step:1257/1480 train_time:66765ms step_avg:53.11ms
step:1258/1480 train_time:66849ms step_avg:53.14ms
step:1259/1480 train_time:66929ms step_avg:53.16ms
step:1260/1480 train_time:67013ms step_avg:53.19ms
step:1261/1480 train_time:67093ms step_avg:53.21ms
step:1262/1480 train_time:67177ms step_avg:53.23ms
step:1263/1480 train_time:67258ms step_avg:53.25ms
step:1264/1480 train_time:67346ms step_avg:53.28ms
step:1265/1480 train_time:67427ms step_avg:53.30ms
step:1266/1480 train_time:67514ms step_avg:53.33ms
step:1267/1480 train_time:67595ms step_avg:53.35ms
step:1268/1480 train_time:67680ms step_avg:53.38ms
step:1269/1480 train_time:67759ms step_avg:53.40ms
step:1270/1480 train_time:67844ms step_avg:53.42ms
step:1271/1480 train_time:67923ms step_avg:53.44ms
step:1272/1480 train_time:68009ms step_avg:53.47ms
step:1273/1480 train_time:68089ms step_avg:53.49ms
step:1274/1480 train_time:68173ms step_avg:53.51ms
step:1275/1480 train_time:68254ms step_avg:53.53ms
step:1276/1480 train_time:68341ms step_avg:53.56ms
step:1277/1480 train_time:68423ms step_avg:53.58ms
step:1278/1480 train_time:68508ms step_avg:53.61ms
step:1279/1480 train_time:68588ms step_avg:53.63ms
step:1280/1480 train_time:68673ms step_avg:53.65ms
step:1281/1480 train_time:68753ms step_avg:53.67ms
step:1282/1480 train_time:68838ms step_avg:53.70ms
step:1283/1480 train_time:68919ms step_avg:53.72ms
step:1284/1480 train_time:69005ms step_avg:53.74ms
step:1285/1480 train_time:69084ms step_avg:53.76ms
step:1286/1480 train_time:69168ms step_avg:53.79ms
step:1287/1480 train_time:69249ms step_avg:53.81ms
step:1288/1480 train_time:69336ms step_avg:53.83ms
step:1289/1480 train_time:69416ms step_avg:53.85ms
step:1290/1480 train_time:69503ms step_avg:53.88ms
step:1291/1480 train_time:69583ms step_avg:53.90ms
step:1292/1480 train_time:69667ms step_avg:53.92ms
step:1293/1480 train_time:69747ms step_avg:53.94ms
step:1294/1480 train_time:69831ms step_avg:53.97ms
step:1295/1480 train_time:69912ms step_avg:53.99ms
step:1296/1480 train_time:69997ms step_avg:54.01ms
step:1297/1480 train_time:70077ms step_avg:54.03ms
step:1298/1480 train_time:70164ms step_avg:54.06ms
step:1299/1480 train_time:70243ms step_avg:54.07ms
step:1300/1480 train_time:70330ms step_avg:54.10ms
step:1301/1480 train_time:70412ms step_avg:54.12ms
step:1302/1480 train_time:70497ms step_avg:54.15ms
step:1303/1480 train_time:70578ms step_avg:54.17ms
step:1304/1480 train_time:70663ms step_avg:54.19ms
step:1305/1480 train_time:70742ms step_avg:54.21ms
step:1306/1480 train_time:70827ms step_avg:54.23ms
step:1307/1480 train_time:70907ms step_avg:54.25ms
step:1308/1480 train_time:70993ms step_avg:54.28ms
step:1309/1480 train_time:71072ms step_avg:54.30ms
step:1310/1480 train_time:71159ms step_avg:54.32ms
step:1311/1480 train_time:71240ms step_avg:54.34ms
step:1312/1480 train_time:71326ms step_avg:54.36ms
step:1313/1480 train_time:71406ms step_avg:54.38ms
step:1314/1480 train_time:71491ms step_avg:54.41ms
step:1315/1480 train_time:71570ms step_avg:54.43ms
step:1316/1480 train_time:71656ms step_avg:54.45ms
step:1317/1480 train_time:71736ms step_avg:54.47ms
step:1318/1480 train_time:71821ms step_avg:54.49ms
step:1319/1480 train_time:71901ms step_avg:54.51ms
step:1320/1480 train_time:71986ms step_avg:54.54ms
step:1321/1480 train_time:72066ms step_avg:54.55ms
step:1322/1480 train_time:72151ms step_avg:54.58ms
step:1323/1480 train_time:72231ms step_avg:54.60ms
step:1324/1480 train_time:72318ms step_avg:54.62ms
step:1325/1480 train_time:72399ms step_avg:54.64ms
step:1326/1480 train_time:72484ms step_avg:54.66ms
step:1327/1480 train_time:72563ms step_avg:54.68ms
step:1328/1480 train_time:72649ms step_avg:54.71ms
step:1329/1480 train_time:72728ms step_avg:54.72ms
step:1330/1480 train_time:72814ms step_avg:54.75ms
step:1331/1480 train_time:72895ms step_avg:54.77ms
step:1332/1480 train_time:72979ms step_avg:54.79ms
step:1333/1480 train_time:73060ms step_avg:54.81ms
step:1334/1480 train_time:73146ms step_avg:54.83ms
step:1335/1480 train_time:73225ms step_avg:54.85ms
step:1336/1480 train_time:73311ms step_avg:54.87ms
step:1337/1480 train_time:73391ms step_avg:54.89ms
step:1338/1480 train_time:73476ms step_avg:54.92ms
step:1339/1480 train_time:73557ms step_avg:54.93ms
step:1340/1480 train_time:73643ms step_avg:54.96ms
step:1341/1480 train_time:73723ms step_avg:54.98ms
step:1342/1480 train_time:73808ms step_avg:55.00ms
step:1343/1480 train_time:73886ms step_avg:55.02ms
step:1344/1480 train_time:73971ms step_avg:55.04ms
step:1345/1480 train_time:74053ms step_avg:55.06ms
step:1346/1480 train_time:74139ms step_avg:55.08ms
step:1347/1480 train_time:74220ms step_avg:55.10ms
step:1348/1480 train_time:74306ms step_avg:55.12ms
step:1349/1480 train_time:74385ms step_avg:55.14ms
step:1350/1480 train_time:74471ms step_avg:55.16ms
step:1351/1480 train_time:74551ms step_avg:55.18ms
step:1352/1480 train_time:74637ms step_avg:55.20ms
step:1353/1480 train_time:74716ms step_avg:55.22ms
step:1354/1480 train_time:74803ms step_avg:55.25ms
step:1355/1480 train_time:74882ms step_avg:55.26ms
step:1356/1480 train_time:74967ms step_avg:55.29ms
step:1357/1480 train_time:75047ms step_avg:55.30ms
step:1358/1480 train_time:75132ms step_avg:55.33ms
step:1359/1480 train_time:75213ms step_avg:55.34ms
step:1360/1480 train_time:75299ms step_avg:55.37ms
step:1361/1480 train_time:75379ms step_avg:55.38ms
step:1362/1480 train_time:75464ms step_avg:55.41ms
step:1363/1480 train_time:75544ms step_avg:55.43ms
step:1364/1480 train_time:75629ms step_avg:55.45ms
step:1365/1480 train_time:75709ms step_avg:55.46ms
step:1366/1480 train_time:75794ms step_avg:55.49ms
step:1367/1480 train_time:75874ms step_avg:55.50ms
step:1368/1480 train_time:75960ms step_avg:55.53ms
step:1369/1480 train_time:76041ms step_avg:55.54ms
step:1370/1480 train_time:76126ms step_avg:55.57ms
step:1371/1480 train_time:76207ms step_avg:55.58ms
step:1372/1480 train_time:76292ms step_avg:55.61ms
step:1373/1480 train_time:76371ms step_avg:55.62ms
step:1374/1480 train_time:76456ms step_avg:55.64ms
step:1375/1480 train_time:76538ms step_avg:55.66ms
step:1376/1480 train_time:76624ms step_avg:55.69ms
step:1377/1480 train_time:76704ms step_avg:55.70ms
step:1378/1480 train_time:76789ms step_avg:55.72ms
step:1379/1480 train_time:76867ms step_avg:55.74ms
step:1380/1480 train_time:76954ms step_avg:55.76ms
step:1381/1480 train_time:77035ms step_avg:55.78ms
step:1382/1480 train_time:77120ms step_avg:55.80ms
step:1383/1480 train_time:77200ms step_avg:55.82ms
step:1384/1480 train_time:77284ms step_avg:55.84ms
step:1385/1480 train_time:77365ms step_avg:55.86ms
step:1386/1480 train_time:77450ms step_avg:55.88ms
step:1387/1480 train_time:77531ms step_avg:55.90ms
step:1388/1480 train_time:77616ms step_avg:55.92ms
step:1389/1480 train_time:77698ms step_avg:55.94ms
step:1390/1480 train_time:77785ms step_avg:55.96ms
step:1391/1480 train_time:77865ms step_avg:55.98ms
step:1392/1480 train_time:77949ms step_avg:56.00ms
step:1393/1480 train_time:78030ms step_avg:56.02ms
step:1394/1480 train_time:78116ms step_avg:56.04ms
step:1395/1480 train_time:78196ms step_avg:56.05ms
step:1396/1480 train_time:78281ms step_avg:56.08ms
step:1397/1480 train_time:78360ms step_avg:56.09ms
step:1398/1480 train_time:78446ms step_avg:56.11ms
step:1399/1480 train_time:78527ms step_avg:56.13ms
step:1400/1480 train_time:78614ms step_avg:56.15ms
step:1401/1480 train_time:78694ms step_avg:56.17ms
step:1402/1480 train_time:78779ms step_avg:56.19ms
step:1403/1480 train_time:78860ms step_avg:56.21ms
step:1404/1480 train_time:78945ms step_avg:56.23ms
step:1405/1480 train_time:79026ms step_avg:56.25ms
step:1406/1480 train_time:79111ms step_avg:56.27ms
step:1407/1480 train_time:79191ms step_avg:56.28ms
step:1408/1480 train_time:79276ms step_avg:56.30ms
step:1409/1480 train_time:79357ms step_avg:56.32ms
step:1410/1480 train_time:79443ms step_avg:56.34ms
step:1411/1480 train_time:79522ms step_avg:56.36ms
step:1412/1480 train_time:79608ms step_avg:56.38ms
step:1413/1480 train_time:79687ms step_avg:56.40ms
step:1414/1480 train_time:79772ms step_avg:56.42ms
step:1415/1480 train_time:79853ms step_avg:56.43ms
step:1416/1480 train_time:79940ms step_avg:56.45ms
step:1417/1480 train_time:80020ms step_avg:56.47ms
step:1418/1480 train_time:80105ms step_avg:56.49ms
step:1419/1480 train_time:80185ms step_avg:56.51ms
step:1420/1480 train_time:80270ms step_avg:56.53ms
step:1421/1480 train_time:80350ms step_avg:56.54ms
step:1422/1480 train_time:80436ms step_avg:56.57ms
step:1423/1480 train_time:80517ms step_avg:56.58ms
step:1424/1480 train_time:80602ms step_avg:56.60ms
step:1425/1480 train_time:80681ms step_avg:56.62ms
step:1426/1480 train_time:80766ms step_avg:56.64ms
step:1427/1480 train_time:80846ms step_avg:56.65ms
step:1428/1480 train_time:80933ms step_avg:56.68ms
step:1429/1480 train_time:81013ms step_avg:56.69ms
step:1430/1480 train_time:81099ms step_avg:56.71ms
step:1431/1480 train_time:81179ms step_avg:56.73ms
step:1432/1480 train_time:81264ms step_avg:56.75ms
step:1433/1480 train_time:81344ms step_avg:56.76ms
step:1434/1480 train_time:81428ms step_avg:56.78ms
step:1435/1480 train_time:81509ms step_avg:56.80ms
step:1436/1480 train_time:81596ms step_avg:56.82ms
step:1437/1480 train_time:81676ms step_avg:56.84ms
step:1438/1480 train_time:81762ms step_avg:56.86ms
step:1439/1480 train_time:81841ms step_avg:56.87ms
step:1440/1480 train_time:81925ms step_avg:56.89ms
step:1441/1480 train_time:82007ms step_avg:56.91ms
step:1442/1480 train_time:82097ms step_avg:56.93ms
step:1443/1480 train_time:82177ms step_avg:56.95ms
step:1444/1480 train_time:82263ms step_avg:56.97ms
step:1445/1480 train_time:82346ms step_avg:56.99ms
step:1446/1480 train_time:82431ms step_avg:57.01ms
step:1447/1480 train_time:82511ms step_avg:57.02ms
step:1448/1480 train_time:82598ms step_avg:57.04ms
step:1449/1480 train_time:82678ms step_avg:57.06ms
step:1450/1480 train_time:82763ms step_avg:57.08ms
step:1451/1480 train_time:82844ms step_avg:57.09ms
step:1452/1480 train_time:82929ms step_avg:57.11ms
step:1453/1480 train_time:83010ms step_avg:57.13ms
step:1454/1480 train_time:83096ms step_avg:57.15ms
step:1455/1480 train_time:83175ms step_avg:57.17ms
step:1456/1480 train_time:83262ms step_avg:57.19ms
step:1457/1480 train_time:83342ms step_avg:57.20ms
step:1458/1480 train_time:83428ms step_avg:57.22ms
step:1459/1480 train_time:83510ms step_avg:57.24ms
step:1460/1480 train_time:83596ms step_avg:57.26ms
step:1461/1480 train_time:83677ms step_avg:57.27ms
step:1462/1480 train_time:83765ms step_avg:57.29ms
step:1463/1480 train_time:83846ms step_avg:57.31ms
step:1464/1480 train_time:83932ms step_avg:57.33ms
step:1465/1480 train_time:84013ms step_avg:57.35ms
step:1466/1480 train_time:84098ms step_avg:57.37ms
step:1467/1480 train_time:84179ms step_avg:57.38ms
step:1468/1480 train_time:84266ms step_avg:57.40ms
step:1469/1480 train_time:84346ms step_avg:57.42ms
step:1470/1480 train_time:84433ms step_avg:57.44ms
step:1471/1480 train_time:84513ms step_avg:57.45ms
step:1472/1480 train_time:84598ms step_avg:57.47ms
step:1473/1480 train_time:84678ms step_avg:57.49ms
step:1474/1480 train_time:84765ms step_avg:57.51ms
step:1475/1480 train_time:84846ms step_avg:57.52ms
step:1476/1480 train_time:84932ms step_avg:57.54ms
step:1477/1480 train_time:85013ms step_avg:57.56ms
step:1478/1480 train_time:85098ms step_avg:57.58ms
step:1479/1480 train_time:85178ms step_avg:57.59ms
step:1480/1480 train_time:85266ms step_avg:57.61ms
step:1480/1480 val_loss:3.2761 train_time:85357ms step_avg:57.67ms
peak memory allocated: 31319 MiB reserved: 40190 MiB
