W0420 01:43:41.913000 97727 torch/distributed/run.py:852] 
W0420 01:43:41.913000 97727 torch/distributed/run.py:852] *****************************************
W0420 01:43:41.913000 97727 torch/distributed/run.py:852] Setting OMP_NUM_THREADS environment variable for each process to be 1 in default, to avoid your system being overloaded, please further tune the variable for optimal performance in your application as needed. 
W0420 01:43:41.913000 97727 torch/distributed/run.py:852] *****************************************
[Gloo] Rank 1 is connected to 7 peer ranks. Expected number of connected peer ranks is : 7
[Gloo] Rank 0 is connected to 7 peer ranks. Expected number of connected peer ranks is : 7
[Gloo] Rank [Gloo] Rank [Gloo] Rank [Gloo] Rank 2456 is connected to  is connected to  is connected to  is connected to 7777 peer ranks.  peer ranks.  peer ranks.  peer ranks. Expected number of connected peer ranks is : Expected number of connected peer ranks is : Expected number of connected peer ranks is : Expected number of connected peer ranks is : 77
77


[Gloo] Rank 3 is connected to 7 peer ranks. Expected number of connected peer ranks is : 7
[Gloo] Rank 7 is connected to 7 peer ranks. Expected number of connected peer ranks is : 7
Warning: You are sending unauthenticated requests to the HF Hub. Please set a HF_TOKEN to enable higher rate limits and faster downloads.
Warning: You are sending unauthenticated requests to the HF Hub. Please set a HF_TOKEN to enable higher rate limits and faster downloads.
Fetching 4 files:   0%|          | 0/4 [00:00<?, ?it/s]Fetching 4 files: 100%|██████████| 4/4 [00:00<00:00, 92691.80it/s]
Fetching 4 files:   0%|          | 0/4 [00:00<?, ?it/s]Fetching 4 files: 100%|██████████| 4/4 [00:00<00:00, 100462.37it/s]
Fetching 4 files:   0%|          | 0/4 [00:00<?, ?it/s]Fetching 4 files: 100%|██████████| 4/4 [00:00<00:00, 56871.92it/s]
Fetching 4 files:   0%|          | 0/4 [00:00<?, ?it/s]Fetching 4 files: 100%|██████████| 4/4 [00:00<00:00, 95325.09it/s]
Fetching 4 files:   0%|          | 0/4 [00:00<?, ?it/s]Fetching 4 files: 100%|██████████| 4/4 [00:00<00:00, 94254.02it/s]
Fetching 4 files:   0%|          | 0/4 [00:00<?, ?it/s]Fetching 4 files: 100%|██████████| 4/4 [00:00<00:00, 94786.53it/s]
Fetching 4 files:   0%|          | 0/4 [00:00<?, ?it/s]Fetching 4 files: 100%|██████████| 4/4 [00:00<00:00, 59493.67it/s]
Fetching 4 files:   0%|          | 0/4 [00:00<?, ?it/s]Fetching 4 files: 100%|██████████| 4/4 [00:00<00:00, 53601.33it/s]
logs/79994a43-dd99-4063-83b5-f84957875c36.txt
Compiling model and warming up kernels (~7 minutes on first execution)
Sampling steps [0, 1, 478, 479, 480, 481, 958, 959, 960, 961, 1438, 1439, 1440, 1441] for warmup
Resetting Model
step:0/1480 val_loss:10.8334 train_time:0ms step_avg:0.03ms
step:1/1480 train_time:75ms step_avg:74.85ms
step:2/1480 train_time:96ms step_avg:47.82ms
step:3/1480 train_time:112ms step_avg:37.24ms
step:4/1480 train_time:145ms step_avg:36.35ms
step:5/1480 train_time:173ms step_avg:34.56ms
step:6/1480 train_time:207ms step_avg:34.52ms
step:7/1480 train_time:235ms step_avg:33.55ms
step:8/1480 train_time:270ms step_avg:33.70ms
step:9/1480 train_time:297ms step_avg:32.97ms
step:10/1480 train_time:331ms step_avg:33.10ms
step:11/1480 train_time:359ms step_avg:32.62ms
step:12/1480 train_time:393ms step_avg:32.77ms
step:13/1480 train_time:421ms step_avg:32.38ms
step:14/1480 train_time:455ms step_avg:32.51ms
step:15/1480 train_time:483ms step_avg:32.21ms
step:16/1480 train_time:517ms step_avg:32.34ms
step:17/1480 train_time:545ms step_avg:32.08ms
step:18/1480 train_time:580ms step_avg:32.20ms
step:19/1480 train_time:608ms step_avg:31.98ms
step:20/1480 train_time:641ms step_avg:32.07ms
step:21/1480 train_time:670ms step_avg:31.90ms
step:22/1480 train_time:704ms step_avg:32.00ms
step:23/1480 train_time:732ms step_avg:31.84ms
step:24/1480 train_time:766ms step_avg:31.92ms
step:25/1480 train_time:794ms step_avg:31.77ms
step:26/1480 train_time:828ms step_avg:31.86ms
step:27/1480 train_time:856ms step_avg:31.71ms
step:28/1480 train_time:891ms step_avg:31.81ms
step:29/1480 train_time:919ms step_avg:31.67ms
step:30/1480 train_time:953ms step_avg:31.77ms
step:31/1480 train_time:981ms step_avg:31.64ms
step:32/1480 train_time:1016ms step_avg:31.75ms
step:33/1480 train_time:1044ms step_avg:31.63ms
step:34/1480 train_time:1079ms step_avg:31.73ms
step:35/1480 train_time:1107ms step_avg:31.63ms
step:36/1480 train_time:1141ms step_avg:31.69ms
step:37/1480 train_time:1169ms step_avg:31.60ms
step:38/1480 train_time:1203ms step_avg:31.67ms
step:39/1480 train_time:1232ms step_avg:31.59ms
step:40/1480 train_time:1266ms step_avg:31.65ms
step:41/1480 train_time:1295ms step_avg:31.58ms
step:42/1480 train_time:1329ms step_avg:31.64ms
step:43/1480 train_time:1357ms step_avg:31.56ms
step:44/1480 train_time:1392ms step_avg:31.63ms
step:45/1480 train_time:1419ms step_avg:31.54ms
step:46/1480 train_time:1454ms step_avg:31.60ms
step:47/1480 train_time:1482ms step_avg:31.52ms
step:48/1480 train_time:1516ms step_avg:31.57ms
step:49/1480 train_time:1543ms step_avg:31.49ms
step:50/1480 train_time:1578ms step_avg:31.55ms
step:51/1480 train_time:1606ms step_avg:31.48ms
step:52/1480 train_time:1640ms step_avg:31.53ms
step:53/1480 train_time:1668ms step_avg:31.46ms
step:54/1480 train_time:1701ms step_avg:31.51ms
step:55/1480 train_time:1730ms step_avg:31.45ms
step:56/1480 train_time:1764ms step_avg:31.49ms
step:57/1480 train_time:1792ms step_avg:31.44ms
step:58/1480 train_time:1826ms step_avg:31.48ms
step:59/1480 train_time:1854ms step_avg:31.42ms
step:60/1480 train_time:1888ms step_avg:31.47ms
step:61/1480 train_time:1916ms step_avg:31.41ms
step:62/1480 train_time:1951ms step_avg:31.46ms
step:63/1480 train_time:1978ms step_avg:31.40ms
step:64/1480 train_time:2013ms step_avg:31.45ms
step:65/1480 train_time:2041ms step_avg:31.39ms
step:66/1480 train_time:2076ms step_avg:31.45ms
step:67/1480 train_time:2103ms step_avg:31.39ms
step:68/1480 train_time:2137ms step_avg:31.43ms
step:69/1480 train_time:2166ms step_avg:31.39ms
step:70/1480 train_time:2200ms step_avg:31.42ms
step:71/1480 train_time:2228ms step_avg:31.39ms
step:72/1480 train_time:2262ms step_avg:31.42ms
step:73/1480 train_time:2291ms step_avg:31.38ms
step:74/1480 train_time:2325ms step_avg:31.42ms
step:75/1480 train_time:2353ms step_avg:31.37ms
step:76/1480 train_time:2387ms step_avg:31.41ms
step:77/1480 train_time:2415ms step_avg:31.37ms
step:78/1480 train_time:2450ms step_avg:31.41ms
step:79/1480 train_time:2478ms step_avg:31.36ms
step:80/1480 train_time:2512ms step_avg:31.40ms
step:81/1480 train_time:2540ms step_avg:31.36ms
step:82/1480 train_time:2574ms step_avg:31.39ms
step:83/1480 train_time:2602ms step_avg:31.35ms
step:84/1480 train_time:2637ms step_avg:31.39ms
step:85/1480 train_time:2665ms step_avg:31.35ms
step:86/1480 train_time:2699ms step_avg:31.38ms
step:87/1480 train_time:2727ms step_avg:31.34ms
step:88/1480 train_time:2761ms step_avg:31.37ms
step:89/1480 train_time:2789ms step_avg:31.34ms
step:90/1480 train_time:2823ms step_avg:31.37ms
step:91/1480 train_time:2851ms step_avg:31.33ms
step:92/1480 train_time:2886ms step_avg:31.37ms
step:93/1480 train_time:2914ms step_avg:31.33ms
step:94/1480 train_time:2948ms step_avg:31.36ms
step:95/1480 train_time:2976ms step_avg:31.32ms
step:96/1480 train_time:3010ms step_avg:31.36ms
step:97/1480 train_time:3038ms step_avg:31.32ms
step:98/1480 train_time:3073ms step_avg:31.35ms
step:99/1480 train_time:3100ms step_avg:31.32ms
step:100/1480 train_time:3135ms step_avg:31.35ms
step:101/1480 train_time:3163ms step_avg:31.31ms
step:102/1480 train_time:3197ms step_avg:31.34ms
step:103/1480 train_time:3225ms step_avg:31.32ms
step:104/1480 train_time:3259ms step_avg:31.34ms
step:105/1480 train_time:3288ms step_avg:31.31ms
step:106/1480 train_time:3322ms step_avg:31.34ms
step:107/1480 train_time:3350ms step_avg:31.31ms
step:108/1480 train_time:3384ms step_avg:31.33ms
step:109/1480 train_time:3412ms step_avg:31.30ms
step:110/1480 train_time:3446ms step_avg:31.33ms
step:111/1480 train_time:3474ms step_avg:31.30ms
step:112/1480 train_time:3508ms step_avg:31.32ms
step:113/1480 train_time:3536ms step_avg:31.30ms
step:114/1480 train_time:3571ms step_avg:31.33ms
step:115/1480 train_time:3599ms step_avg:31.30ms
step:116/1480 train_time:3634ms step_avg:31.32ms
step:117/1480 train_time:3661ms step_avg:31.29ms
step:118/1480 train_time:3696ms step_avg:31.32ms
step:119/1480 train_time:3724ms step_avg:31.30ms
step:120/1480 train_time:3758ms step_avg:31.32ms
step:121/1480 train_time:3786ms step_avg:31.29ms
step:122/1480 train_time:3820ms step_avg:31.31ms
step:123/1480 train_time:3848ms step_avg:31.29ms
step:124/1480 train_time:3883ms step_avg:31.31ms
step:125/1480 train_time:3910ms step_avg:31.28ms
step:126/1480 train_time:3944ms step_avg:31.30ms
step:127/1480 train_time:3972ms step_avg:31.28ms
step:128/1480 train_time:4007ms step_avg:31.30ms
step:129/1480 train_time:4035ms step_avg:31.28ms
step:130/1480 train_time:4069ms step_avg:31.30ms
step:131/1480 train_time:4097ms step_avg:31.28ms
step:132/1480 train_time:4132ms step_avg:31.30ms
step:133/1480 train_time:4160ms step_avg:31.27ms
step:134/1480 train_time:4194ms step_avg:31.30ms
step:135/1480 train_time:4222ms step_avg:31.27ms
step:136/1480 train_time:4256ms step_avg:31.29ms
step:137/1480 train_time:4284ms step_avg:31.27ms
step:138/1480 train_time:4318ms step_avg:31.29ms
step:139/1480 train_time:4346ms step_avg:31.27ms
step:140/1480 train_time:4381ms step_avg:31.29ms
step:141/1480 train_time:4409ms step_avg:31.27ms
step:142/1480 train_time:4443ms step_avg:31.29ms
step:143/1480 train_time:4471ms step_avg:31.27ms
step:144/1480 train_time:4505ms step_avg:31.29ms
step:145/1480 train_time:4533ms step_avg:31.27ms
step:146/1480 train_time:4568ms step_avg:31.29ms
step:147/1480 train_time:4596ms step_avg:31.27ms
step:148/1480 train_time:4631ms step_avg:31.29ms
step:149/1480 train_time:4659ms step_avg:31.27ms
step:150/1480 train_time:4693ms step_avg:31.29ms
step:151/1480 train_time:4721ms step_avg:31.26ms
step:152/1480 train_time:4755ms step_avg:31.28ms
step:153/1480 train_time:4782ms step_avg:31.26ms
step:154/1480 train_time:4816ms step_avg:31.27ms
step:155/1480 train_time:4844ms step_avg:31.25ms
step:156/1480 train_time:4878ms step_avg:31.27ms
step:157/1480 train_time:4906ms step_avg:31.25ms
step:158/1480 train_time:4940ms step_avg:31.27ms
step:159/1480 train_time:4969ms step_avg:31.25ms
step:160/1480 train_time:5003ms step_avg:31.27ms
step:161/1480 train_time:5031ms step_avg:31.25ms
step:162/1480 train_time:5065ms step_avg:31.26ms
step:163/1480 train_time:5093ms step_avg:31.25ms
step:164/1480 train_time:5128ms step_avg:31.27ms
step:165/1480 train_time:5156ms step_avg:31.25ms
step:166/1480 train_time:5190ms step_avg:31.27ms
step:167/1480 train_time:5218ms step_avg:31.24ms
step:168/1480 train_time:5252ms step_avg:31.26ms
step:169/1480 train_time:5279ms step_avg:31.24ms
step:170/1480 train_time:5314ms step_avg:31.26ms
step:171/1480 train_time:5341ms step_avg:31.24ms
step:172/1480 train_time:5376ms step_avg:31.25ms
step:173/1480 train_time:5403ms step_avg:31.23ms
step:174/1480 train_time:5437ms step_avg:31.25ms
step:175/1480 train_time:5466ms step_avg:31.23ms
step:176/1480 train_time:5500ms step_avg:31.25ms
step:177/1480 train_time:5528ms step_avg:31.23ms
step:178/1480 train_time:5562ms step_avg:31.25ms
step:179/1480 train_time:5590ms step_avg:31.23ms
step:180/1480 train_time:5624ms step_avg:31.24ms
step:181/1480 train_time:5652ms step_avg:31.23ms
step:182/1480 train_time:5686ms step_avg:31.24ms
step:183/1480 train_time:5714ms step_avg:31.23ms
step:184/1480 train_time:5748ms step_avg:31.24ms
step:185/1480 train_time:5776ms step_avg:31.22ms
step:186/1480 train_time:5810ms step_avg:31.24ms
step:187/1480 train_time:5838ms step_avg:31.22ms
step:188/1480 train_time:5873ms step_avg:31.24ms
step:189/1480 train_time:5901ms step_avg:31.22ms
step:190/1480 train_time:5935ms step_avg:31.24ms
step:191/1480 train_time:5962ms step_avg:31.22ms
step:192/1480 train_time:5997ms step_avg:31.23ms
step:193/1480 train_time:6025ms step_avg:31.22ms
step:194/1480 train_time:6058ms step_avg:31.23ms
step:195/1480 train_time:6087ms step_avg:31.21ms
step:196/1480 train_time:6121ms step_avg:31.23ms
step:197/1480 train_time:6149ms step_avg:31.21ms
step:198/1480 train_time:6182ms step_avg:31.22ms
step:199/1480 train_time:6211ms step_avg:31.21ms
step:200/1480 train_time:6245ms step_avg:31.22ms
step:201/1480 train_time:6273ms step_avg:31.21ms
step:202/1480 train_time:6307ms step_avg:31.22ms
step:203/1480 train_time:6335ms step_avg:31.21ms
step:204/1480 train_time:6369ms step_avg:31.22ms
step:205/1480 train_time:6397ms step_avg:31.21ms
step:206/1480 train_time:6432ms step_avg:31.22ms
step:207/1480 train_time:6459ms step_avg:31.20ms
step:208/1480 train_time:6494ms step_avg:31.22ms
step:209/1480 train_time:6522ms step_avg:31.20ms
step:210/1480 train_time:6555ms step_avg:31.22ms
step:211/1480 train_time:6584ms step_avg:31.20ms
step:212/1480 train_time:6618ms step_avg:31.22ms
step:213/1480 train_time:6646ms step_avg:31.20ms
step:214/1480 train_time:6680ms step_avg:31.21ms
step:215/1480 train_time:6708ms step_avg:31.20ms
step:216/1480 train_time:6742ms step_avg:31.21ms
step:217/1480 train_time:6771ms step_avg:31.20ms
step:218/1480 train_time:6805ms step_avg:31.21ms
step:219/1480 train_time:6833ms step_avg:31.20ms
step:220/1480 train_time:6867ms step_avg:31.21ms
step:221/1480 train_time:6895ms step_avg:31.20ms
step:222/1480 train_time:6929ms step_avg:31.21ms
step:223/1480 train_time:6957ms step_avg:31.20ms
step:224/1480 train_time:6992ms step_avg:31.21ms
step:225/1480 train_time:7020ms step_avg:31.20ms
step:226/1480 train_time:7054ms step_avg:31.21ms
step:227/1480 train_time:7082ms step_avg:31.20ms
step:228/1480 train_time:7116ms step_avg:31.21ms
step:229/1480 train_time:7144ms step_avg:31.20ms
step:230/1480 train_time:7178ms step_avg:31.21ms
step:231/1480 train_time:7206ms step_avg:31.19ms
step:232/1480 train_time:7240ms step_avg:31.21ms
step:233/1480 train_time:7268ms step_avg:31.20ms
step:234/1480 train_time:7302ms step_avg:31.21ms
step:235/1480 train_time:7330ms step_avg:31.19ms
step:236/1480 train_time:7364ms step_avg:31.20ms
step:237/1480 train_time:7393ms step_avg:31.19ms
step:238/1480 train_time:7427ms step_avg:31.20ms
step:239/1480 train_time:7454ms step_avg:31.19ms
step:240/1480 train_time:7489ms step_avg:31.20ms
step:241/1480 train_time:7517ms step_avg:31.19ms
step:242/1480 train_time:7551ms step_avg:31.20ms
step:243/1480 train_time:7579ms step_avg:31.19ms
step:244/1480 train_time:7613ms step_avg:31.20ms
step:245/1480 train_time:7641ms step_avg:31.19ms
step:246/1480 train_time:7675ms step_avg:31.20ms
step:247/1480 train_time:7703ms step_avg:31.18ms
step:248/1480 train_time:7737ms step_avg:31.20ms
step:249/1480 train_time:7765ms step_avg:31.18ms
step:250/1480 train_time:7799ms step_avg:31.20ms
step:250/1480 val_loss:4.5026 train_time:7837ms step_avg:31.35ms
step:251/1480 train_time:7852ms step_avg:31.28ms
step:252/1480 train_time:7869ms step_avg:31.23ms
step:253/1480 train_time:7894ms step_avg:31.20ms
step:254/1480 train_time:7929ms step_avg:31.21ms
step:255/1480 train_time:7958ms step_avg:31.21ms
step:256/1480 train_time:7993ms step_avg:31.22ms
step:257/1480 train_time:8022ms step_avg:31.21ms
step:258/1480 train_time:8056ms step_avg:31.22ms
step:259/1480 train_time:8084ms step_avg:31.21ms
step:260/1480 train_time:8118ms step_avg:31.22ms
step:261/1480 train_time:8146ms step_avg:31.21ms
step:262/1480 train_time:8180ms step_avg:31.22ms
step:263/1480 train_time:8208ms step_avg:31.21ms
step:264/1480 train_time:8242ms step_avg:31.22ms
step:265/1480 train_time:8270ms step_avg:31.21ms
step:266/1480 train_time:8304ms step_avg:31.22ms
step:267/1480 train_time:8332ms step_avg:31.20ms
step:268/1480 train_time:8366ms step_avg:31.22ms
step:269/1480 train_time:8393ms step_avg:31.20ms
step:270/1480 train_time:8427ms step_avg:31.21ms
step:271/1480 train_time:8455ms step_avg:31.20ms
step:272/1480 train_time:8489ms step_avg:31.21ms
step:273/1480 train_time:8517ms step_avg:31.20ms
step:274/1480 train_time:8551ms step_avg:31.21ms
step:275/1480 train_time:8579ms step_avg:31.20ms
step:276/1480 train_time:8613ms step_avg:31.21ms
step:277/1480 train_time:8641ms step_avg:31.19ms
step:278/1480 train_time:8675ms step_avg:31.20ms
step:279/1480 train_time:8703ms step_avg:31.19ms
step:280/1480 train_time:8737ms step_avg:31.20ms
step:281/1480 train_time:8764ms step_avg:31.19ms
step:282/1480 train_time:8798ms step_avg:31.20ms
step:283/1480 train_time:8826ms step_avg:31.19ms
step:284/1480 train_time:8861ms step_avg:31.20ms
step:285/1480 train_time:8889ms step_avg:31.19ms
step:286/1480 train_time:8924ms step_avg:31.20ms
step:287/1480 train_time:8952ms step_avg:31.19ms
step:288/1480 train_time:8987ms step_avg:31.20ms
step:289/1480 train_time:9015ms step_avg:31.19ms
step:290/1480 train_time:9049ms step_avg:31.20ms
step:291/1480 train_time:9078ms step_avg:31.20ms
step:292/1480 train_time:9112ms step_avg:31.20ms
step:293/1480 train_time:9140ms step_avg:31.20ms
step:294/1480 train_time:9174ms step_avg:31.20ms
step:295/1480 train_time:9202ms step_avg:31.19ms
step:296/1480 train_time:9237ms step_avg:31.20ms
step:297/1480 train_time:9265ms step_avg:31.19ms
step:298/1480 train_time:9299ms step_avg:31.20ms
step:299/1480 train_time:9327ms step_avg:31.19ms
step:300/1480 train_time:9361ms step_avg:31.20ms
step:301/1480 train_time:9389ms step_avg:31.19ms
step:302/1480 train_time:9423ms step_avg:31.20ms
step:303/1480 train_time:9451ms step_avg:31.19ms
step:304/1480 train_time:9485ms step_avg:31.20ms
step:305/1480 train_time:9512ms step_avg:31.19ms
step:306/1480 train_time:9547ms step_avg:31.20ms
step:307/1480 train_time:9575ms step_avg:31.19ms
step:308/1480 train_time:9609ms step_avg:31.20ms
step:309/1480 train_time:9637ms step_avg:31.19ms
step:310/1480 train_time:9670ms step_avg:31.20ms
step:311/1480 train_time:9699ms step_avg:31.19ms
step:312/1480 train_time:9732ms step_avg:31.19ms
step:313/1480 train_time:9760ms step_avg:31.18ms
step:314/1480 train_time:9794ms step_avg:31.19ms
step:315/1480 train_time:9823ms step_avg:31.18ms
step:316/1480 train_time:9857ms step_avg:31.19ms
step:317/1480 train_time:9885ms step_avg:31.18ms
step:318/1480 train_time:9919ms step_avg:31.19ms
step:319/1480 train_time:9947ms step_avg:31.18ms
step:320/1480 train_time:9981ms step_avg:31.19ms
step:321/1480 train_time:10009ms step_avg:31.18ms
step:322/1480 train_time:10044ms step_avg:31.19ms
step:323/1480 train_time:10071ms step_avg:31.18ms
step:324/1480 train_time:10105ms step_avg:31.19ms
step:325/1480 train_time:10133ms step_avg:31.18ms
step:326/1480 train_time:10167ms step_avg:31.19ms
step:327/1480 train_time:10195ms step_avg:31.18ms
step:328/1480 train_time:10229ms step_avg:31.19ms
step:329/1480 train_time:10257ms step_avg:31.18ms
step:330/1480 train_time:10291ms step_avg:31.19ms
step:331/1480 train_time:10320ms step_avg:31.18ms
step:332/1480 train_time:10354ms step_avg:31.19ms
step:333/1480 train_time:10382ms step_avg:31.18ms
step:334/1480 train_time:10416ms step_avg:31.19ms
step:335/1480 train_time:10444ms step_avg:31.18ms
step:336/1480 train_time:10478ms step_avg:31.19ms
step:337/1480 train_time:10506ms step_avg:31.18ms
step:338/1480 train_time:10540ms step_avg:31.18ms
step:339/1480 train_time:10568ms step_avg:31.17ms
step:340/1480 train_time:10602ms step_avg:31.18ms
step:341/1480 train_time:10630ms step_avg:31.17ms
step:342/1480 train_time:10664ms step_avg:31.18ms
step:343/1480 train_time:10692ms step_avg:31.17ms
step:344/1480 train_time:10726ms step_avg:31.18ms
step:345/1480 train_time:10754ms step_avg:31.17ms
step:346/1480 train_time:10788ms step_avg:31.18ms
step:347/1480 train_time:10816ms step_avg:31.17ms
step:348/1480 train_time:10851ms step_avg:31.18ms
step:349/1480 train_time:10879ms step_avg:31.17ms
step:350/1480 train_time:10913ms step_avg:31.18ms
step:351/1480 train_time:10941ms step_avg:31.17ms
step:352/1480 train_time:10975ms step_avg:31.18ms
step:353/1480 train_time:11003ms step_avg:31.17ms
step:354/1480 train_time:11037ms step_avg:31.18ms
step:355/1480 train_time:11065ms step_avg:31.17ms
step:356/1480 train_time:11099ms step_avg:31.18ms
step:357/1480 train_time:11127ms step_avg:31.17ms
step:358/1480 train_time:11162ms step_avg:31.18ms
step:359/1480 train_time:11190ms step_avg:31.17ms
step:360/1480 train_time:11224ms step_avg:31.18ms
step:361/1480 train_time:11252ms step_avg:31.17ms
step:362/1480 train_time:11286ms step_avg:31.18ms
step:363/1480 train_time:11314ms step_avg:31.17ms
step:364/1480 train_time:11348ms step_avg:31.18ms
step:365/1480 train_time:11376ms step_avg:31.17ms
step:366/1480 train_time:11410ms step_avg:31.18ms
step:367/1480 train_time:11439ms step_avg:31.17ms
step:368/1480 train_time:11472ms step_avg:31.17ms
step:369/1480 train_time:11501ms step_avg:31.17ms
step:370/1480 train_time:11535ms step_avg:31.18ms
step:371/1480 train_time:11563ms step_avg:31.17ms
step:372/1480 train_time:11597ms step_avg:31.17ms
step:373/1480 train_time:11625ms step_avg:31.17ms
step:374/1480 train_time:11659ms step_avg:31.17ms
step:375/1480 train_time:11687ms step_avg:31.17ms
step:376/1480 train_time:11722ms step_avg:31.17ms
step:377/1480 train_time:11750ms step_avg:31.17ms
step:378/1480 train_time:11784ms step_avg:31.17ms
step:379/1480 train_time:11812ms step_avg:31.16ms
step:380/1480 train_time:11846ms step_avg:31.17ms
step:381/1480 train_time:11874ms step_avg:31.17ms
step:382/1480 train_time:11908ms step_avg:31.17ms
step:383/1480 train_time:11937ms step_avg:31.17ms
step:384/1480 train_time:11970ms step_avg:31.17ms
step:385/1480 train_time:11999ms step_avg:31.17ms
step:386/1480 train_time:12032ms step_avg:31.17ms
step:387/1480 train_time:12061ms step_avg:31.16ms
step:388/1480 train_time:12094ms step_avg:31.17ms
step:389/1480 train_time:12123ms step_avg:31.16ms
step:390/1480 train_time:12157ms step_avg:31.17ms
step:391/1480 train_time:12185ms step_avg:31.16ms
step:392/1480 train_time:12219ms step_avg:31.17ms
step:393/1480 train_time:12247ms step_avg:31.16ms
step:394/1480 train_time:12281ms step_avg:31.17ms
step:395/1480 train_time:12309ms step_avg:31.16ms
step:396/1480 train_time:12344ms step_avg:31.17ms
step:397/1480 train_time:12371ms step_avg:31.16ms
step:398/1480 train_time:12405ms step_avg:31.17ms
step:399/1480 train_time:12433ms step_avg:31.16ms
step:400/1480 train_time:12467ms step_avg:31.17ms
step:401/1480 train_time:12495ms step_avg:31.16ms
step:402/1480 train_time:12528ms step_avg:31.17ms
step:403/1480 train_time:12557ms step_avg:31.16ms
step:404/1480 train_time:12591ms step_avg:31.17ms
step:405/1480 train_time:12619ms step_avg:31.16ms
step:406/1480 train_time:12653ms step_avg:31.17ms
step:407/1480 train_time:12682ms step_avg:31.16ms
step:408/1480 train_time:12716ms step_avg:31.17ms
step:409/1480 train_time:12744ms step_avg:31.16ms
step:410/1480 train_time:12778ms step_avg:31.17ms
step:411/1480 train_time:12806ms step_avg:31.16ms
step:412/1480 train_time:12840ms step_avg:31.17ms
step:413/1480 train_time:12868ms step_avg:31.16ms
step:414/1480 train_time:12902ms step_avg:31.16ms
step:415/1480 train_time:12930ms step_avg:31.16ms
step:416/1480 train_time:12964ms step_avg:31.16ms
step:417/1480 train_time:12992ms step_avg:31.16ms
step:418/1480 train_time:13026ms step_avg:31.16ms
step:419/1480 train_time:13054ms step_avg:31.16ms
step:420/1480 train_time:13088ms step_avg:31.16ms
step:421/1480 train_time:13117ms step_avg:31.16ms
step:422/1480 train_time:13151ms step_avg:31.16ms
step:423/1480 train_time:13179ms step_avg:31.16ms
step:424/1480 train_time:13213ms step_avg:31.16ms
step:425/1480 train_time:13241ms step_avg:31.16ms
step:426/1480 train_time:13275ms step_avg:31.16ms
step:427/1480 train_time:13303ms step_avg:31.15ms
step:428/1480 train_time:13337ms step_avg:31.16ms
step:429/1480 train_time:13365ms step_avg:31.15ms
step:430/1480 train_time:13399ms step_avg:31.16ms
step:431/1480 train_time:13427ms step_avg:31.15ms
step:432/1480 train_time:13461ms step_avg:31.16ms
step:433/1480 train_time:13489ms step_avg:31.15ms
step:434/1480 train_time:13523ms step_avg:31.16ms
step:435/1480 train_time:13551ms step_avg:31.15ms
step:436/1480 train_time:13585ms step_avg:31.16ms
step:437/1480 train_time:13613ms step_avg:31.15ms
step:438/1480 train_time:13648ms step_avg:31.16ms
step:439/1480 train_time:13676ms step_avg:31.15ms
step:440/1480 train_time:13710ms step_avg:31.16ms
step:441/1480 train_time:13738ms step_avg:31.15ms
step:442/1480 train_time:13772ms step_avg:31.16ms
step:443/1480 train_time:13800ms step_avg:31.15ms
step:444/1480 train_time:13834ms step_avg:31.16ms
step:445/1480 train_time:13862ms step_avg:31.15ms
step:446/1480 train_time:13896ms step_avg:31.16ms
step:447/1480 train_time:13924ms step_avg:31.15ms
step:448/1480 train_time:13958ms step_avg:31.16ms
step:449/1480 train_time:13986ms step_avg:31.15ms
step:450/1480 train_time:14020ms step_avg:31.16ms
step:451/1480 train_time:14048ms step_avg:31.15ms
step:452/1480 train_time:14082ms step_avg:31.16ms
step:453/1480 train_time:14110ms step_avg:31.15ms
step:454/1480 train_time:14145ms step_avg:31.16ms
step:455/1480 train_time:14172ms step_avg:31.15ms
step:456/1480 train_time:14206ms step_avg:31.15ms
step:457/1480 train_time:14234ms step_avg:31.15ms
step:458/1480 train_time:14268ms step_avg:31.15ms
step:459/1480 train_time:14296ms step_avg:31.15ms
step:460/1480 train_time:14331ms step_avg:31.15ms
step:461/1480 train_time:14358ms step_avg:31.15ms
step:462/1480 train_time:14392ms step_avg:31.15ms
step:463/1480 train_time:14420ms step_avg:31.15ms
step:464/1480 train_time:14454ms step_avg:31.15ms
step:465/1480 train_time:14482ms step_avg:31.14ms
step:466/1480 train_time:14516ms step_avg:31.15ms
step:467/1480 train_time:14545ms step_avg:31.14ms
step:468/1480 train_time:14579ms step_avg:31.15ms
step:469/1480 train_time:14607ms step_avg:31.14ms
step:470/1480 train_time:14641ms step_avg:31.15ms
step:471/1480 train_time:14669ms step_avg:31.14ms
step:472/1480 train_time:14703ms step_avg:31.15ms
step:473/1480 train_time:14731ms step_avg:31.14ms
step:474/1480 train_time:14765ms step_avg:31.15ms
step:475/1480 train_time:14793ms step_avg:31.14ms
step:476/1480 train_time:14827ms step_avg:31.15ms
step:477/1480 train_time:14855ms step_avg:31.14ms
step:478/1480 train_time:14889ms step_avg:31.15ms
step:479/1480 train_time:14918ms step_avg:31.14ms
step:480/1480 train_time:14952ms step_avg:31.15ms
step:481/1480 train_time:14982ms step_avg:31.15ms
step:482/1480 train_time:15043ms step_avg:31.21ms
step:483/1480 train_time:15097ms step_avg:31.26ms
step:484/1480 train_time:15156ms step_avg:31.31ms
step:485/1480 train_time:15209ms step_avg:31.36ms
step:486/1480 train_time:15269ms step_avg:31.42ms
step:487/1480 train_time:15322ms step_avg:31.46ms
step:488/1480 train_time:15381ms step_avg:31.52ms
step:489/1480 train_time:15435ms step_avg:31.56ms
step:490/1480 train_time:15494ms step_avg:31.62ms
step:491/1480 train_time:15547ms step_avg:31.66ms
step:492/1480 train_time:15607ms step_avg:31.72ms
step:493/1480 train_time:15660ms step_avg:31.77ms
step:494/1480 train_time:15719ms step_avg:31.82ms
step:495/1480 train_time:15774ms step_avg:31.87ms
step:496/1480 train_time:15833ms step_avg:31.92ms
step:497/1480 train_time:15887ms step_avg:31.97ms
step:498/1480 train_time:15947ms step_avg:32.02ms
step:499/1480 train_time:16000ms step_avg:32.06ms
step:500/1480 train_time:16059ms step_avg:32.12ms
step:500/1480 val_loss:4.1923 train_time:16122ms step_avg:32.24ms
step:501/1480 train_time:16138ms step_avg:32.21ms
step:502/1480 train_time:16173ms step_avg:32.22ms
step:503/1480 train_time:16230ms step_avg:32.27ms
step:504/1480 train_time:16291ms step_avg:32.32ms
step:505/1480 train_time:16345ms step_avg:32.37ms
step:506/1480 train_time:16405ms step_avg:32.42ms
step:507/1480 train_time:16459ms step_avg:32.46ms
step:508/1480 train_time:16518ms step_avg:32.52ms
step:509/1480 train_time:16570ms step_avg:32.55ms
step:510/1480 train_time:16629ms step_avg:32.61ms
step:511/1480 train_time:16682ms step_avg:32.65ms
step:512/1480 train_time:16741ms step_avg:32.70ms
step:513/1480 train_time:16793ms step_avg:32.74ms
step:514/1480 train_time:16851ms step_avg:32.78ms
step:515/1480 train_time:16905ms step_avg:32.82ms
step:516/1480 train_time:16963ms step_avg:32.87ms
step:517/1480 train_time:17017ms step_avg:32.91ms
step:518/1480 train_time:17075ms step_avg:32.96ms
step:519/1480 train_time:17131ms step_avg:33.01ms
step:520/1480 train_time:17191ms step_avg:33.06ms
step:521/1480 train_time:17245ms step_avg:33.10ms
step:522/1480 train_time:17305ms step_avg:33.15ms
step:523/1480 train_time:17360ms step_avg:33.19ms
step:524/1480 train_time:17419ms step_avg:33.24ms
step:525/1480 train_time:17472ms step_avg:33.28ms
step:526/1480 train_time:17531ms step_avg:33.33ms
step:527/1480 train_time:17584ms step_avg:33.37ms
step:528/1480 train_time:17643ms step_avg:33.41ms
step:529/1480 train_time:17696ms step_avg:33.45ms
step:530/1480 train_time:17755ms step_avg:33.50ms
step:531/1480 train_time:17808ms step_avg:33.54ms
step:532/1480 train_time:17867ms step_avg:33.58ms
step:533/1480 train_time:17921ms step_avg:33.62ms
step:534/1480 train_time:17980ms step_avg:33.67ms
step:535/1480 train_time:18033ms step_avg:33.71ms
step:536/1480 train_time:18093ms step_avg:33.76ms
step:537/1480 train_time:18146ms step_avg:33.79ms
step:538/1480 train_time:18207ms step_avg:33.84ms
step:539/1480 train_time:18261ms step_avg:33.88ms
step:540/1480 train_time:18320ms step_avg:33.93ms
step:541/1480 train_time:18374ms step_avg:33.96ms
step:542/1480 train_time:18433ms step_avg:34.01ms
step:543/1480 train_time:18487ms step_avg:34.05ms
step:544/1480 train_time:18546ms step_avg:34.09ms
step:545/1480 train_time:18600ms step_avg:34.13ms
step:546/1480 train_time:18658ms step_avg:34.17ms
step:547/1480 train_time:18711ms step_avg:34.21ms
step:548/1480 train_time:18770ms step_avg:34.25ms
step:549/1480 train_time:18823ms step_avg:34.29ms
step:550/1480 train_time:18881ms step_avg:34.33ms
step:551/1480 train_time:18935ms step_avg:34.36ms
step:552/1480 train_time:18994ms step_avg:34.41ms
step:553/1480 train_time:19048ms step_avg:34.44ms
step:554/1480 train_time:19108ms step_avg:34.49ms
step:555/1480 train_time:19161ms step_avg:34.53ms
step:556/1480 train_time:19221ms step_avg:34.57ms
step:557/1480 train_time:19275ms step_avg:34.61ms
step:558/1480 train_time:19334ms step_avg:34.65ms
step:559/1480 train_time:19388ms step_avg:34.68ms
step:560/1480 train_time:19448ms step_avg:34.73ms
step:561/1480 train_time:19503ms step_avg:34.76ms
step:562/1480 train_time:19562ms step_avg:34.81ms
step:563/1480 train_time:19615ms step_avg:34.84ms
step:564/1480 train_time:19674ms step_avg:34.88ms
step:565/1480 train_time:19728ms step_avg:34.92ms
step:566/1480 train_time:19787ms step_avg:34.96ms
step:567/1480 train_time:19840ms step_avg:34.99ms
step:568/1480 train_time:19899ms step_avg:35.03ms
step:569/1480 train_time:19952ms step_avg:35.06ms
step:570/1480 train_time:20011ms step_avg:35.11ms
step:571/1480 train_time:20065ms step_avg:35.14ms
step:572/1480 train_time:20125ms step_avg:35.18ms
step:573/1480 train_time:20179ms step_avg:35.22ms
step:574/1480 train_time:20238ms step_avg:35.26ms
step:575/1480 train_time:20292ms step_avg:35.29ms
step:576/1480 train_time:20350ms step_avg:35.33ms
step:577/1480 train_time:20405ms step_avg:35.36ms
step:578/1480 train_time:20464ms step_avg:35.40ms
step:579/1480 train_time:20518ms step_avg:35.44ms
step:580/1480 train_time:20576ms step_avg:35.48ms
step:581/1480 train_time:20630ms step_avg:35.51ms
step:582/1480 train_time:20689ms step_avg:35.55ms
step:583/1480 train_time:20742ms step_avg:35.58ms
step:584/1480 train_time:20801ms step_avg:35.62ms
step:585/1480 train_time:20855ms step_avg:35.65ms
step:586/1480 train_time:20913ms step_avg:35.69ms
step:587/1480 train_time:20967ms step_avg:35.72ms
step:588/1480 train_time:21026ms step_avg:35.76ms
step:589/1480 train_time:21079ms step_avg:35.79ms
step:590/1480 train_time:21139ms step_avg:35.83ms
step:591/1480 train_time:21191ms step_avg:35.86ms
step:592/1480 train_time:21252ms step_avg:35.90ms
step:593/1480 train_time:21306ms step_avg:35.93ms
step:594/1480 train_time:21365ms step_avg:35.97ms
step:595/1480 train_time:21419ms step_avg:36.00ms
step:596/1480 train_time:21478ms step_avg:36.04ms
step:597/1480 train_time:21532ms step_avg:36.07ms
step:598/1480 train_time:21591ms step_avg:36.11ms
step:599/1480 train_time:21645ms step_avg:36.14ms
step:600/1480 train_time:21705ms step_avg:36.18ms
step:601/1480 train_time:21759ms step_avg:36.20ms
step:602/1480 train_time:21817ms step_avg:36.24ms
step:603/1480 train_time:21871ms step_avg:36.27ms
step:604/1480 train_time:21931ms step_avg:36.31ms
step:605/1480 train_time:21984ms step_avg:36.34ms
step:606/1480 train_time:22044ms step_avg:36.38ms
step:607/1480 train_time:22097ms step_avg:36.40ms
step:608/1480 train_time:22156ms step_avg:36.44ms
step:609/1480 train_time:22210ms step_avg:36.47ms
step:610/1480 train_time:22270ms step_avg:36.51ms
step:611/1480 train_time:22323ms step_avg:36.54ms
step:612/1480 train_time:22383ms step_avg:36.57ms
step:613/1480 train_time:22437ms step_avg:36.60ms
step:614/1480 train_time:22496ms step_avg:36.64ms
step:615/1480 train_time:22550ms step_avg:36.67ms
step:616/1480 train_time:22609ms step_avg:36.70ms
step:617/1480 train_time:22664ms step_avg:36.73ms
step:618/1480 train_time:22723ms step_avg:36.77ms
step:619/1480 train_time:22776ms step_avg:36.79ms
step:620/1480 train_time:22834ms step_avg:36.83ms
step:621/1480 train_time:22887ms step_avg:36.86ms
step:622/1480 train_time:22947ms step_avg:36.89ms
step:623/1480 train_time:23001ms step_avg:36.92ms
step:624/1480 train_time:23059ms step_avg:36.95ms
step:625/1480 train_time:23113ms step_avg:36.98ms
step:626/1480 train_time:23172ms step_avg:37.02ms
step:627/1480 train_time:23227ms step_avg:37.04ms
step:628/1480 train_time:23286ms step_avg:37.08ms
step:629/1480 train_time:23339ms step_avg:37.10ms
step:630/1480 train_time:23398ms step_avg:37.14ms
step:631/1480 train_time:23451ms step_avg:37.16ms
step:632/1480 train_time:23511ms step_avg:37.20ms
step:633/1480 train_time:23564ms step_avg:37.23ms
step:634/1480 train_time:23624ms step_avg:37.26ms
step:635/1480 train_time:23677ms step_avg:37.29ms
step:636/1480 train_time:23737ms step_avg:37.32ms
step:637/1480 train_time:23791ms step_avg:37.35ms
step:638/1480 train_time:23850ms step_avg:37.38ms
step:639/1480 train_time:23905ms step_avg:37.41ms
step:640/1480 train_time:23964ms step_avg:37.44ms
step:641/1480 train_time:24017ms step_avg:37.47ms
step:642/1480 train_time:24075ms step_avg:37.50ms
step:643/1480 train_time:24130ms step_avg:37.53ms
step:644/1480 train_time:24188ms step_avg:37.56ms
step:645/1480 train_time:24242ms step_avg:37.58ms
step:646/1480 train_time:24301ms step_avg:37.62ms
step:647/1480 train_time:24355ms step_avg:37.64ms
step:648/1480 train_time:24415ms step_avg:37.68ms
step:649/1480 train_time:24468ms step_avg:37.70ms
step:650/1480 train_time:24527ms step_avg:37.73ms
step:651/1480 train_time:24581ms step_avg:37.76ms
step:652/1480 train_time:24640ms step_avg:37.79ms
step:653/1480 train_time:24694ms step_avg:37.82ms
step:654/1480 train_time:24753ms step_avg:37.85ms
step:655/1480 train_time:24807ms step_avg:37.87ms
step:656/1480 train_time:24867ms step_avg:37.91ms
step:657/1480 train_time:24921ms step_avg:37.93ms
step:658/1480 train_time:24980ms step_avg:37.96ms
step:659/1480 train_time:25033ms step_avg:37.99ms
step:660/1480 train_time:25092ms step_avg:38.02ms
step:661/1480 train_time:25147ms step_avg:38.04ms
step:662/1480 train_time:25206ms step_avg:38.08ms
step:663/1480 train_time:25259ms step_avg:38.10ms
step:664/1480 train_time:25320ms step_avg:38.13ms
step:665/1480 train_time:25372ms step_avg:38.15ms
step:666/1480 train_time:25432ms step_avg:38.19ms
step:667/1480 train_time:25486ms step_avg:38.21ms
step:668/1480 train_time:25544ms step_avg:38.24ms
step:669/1480 train_time:25599ms step_avg:38.26ms
step:670/1480 train_time:25657ms step_avg:38.29ms
step:671/1480 train_time:25710ms step_avg:38.32ms
step:672/1480 train_time:25769ms step_avg:38.35ms
step:673/1480 train_time:25823ms step_avg:38.37ms
step:674/1480 train_time:25882ms step_avg:38.40ms
step:675/1480 train_time:25937ms step_avg:38.42ms
step:676/1480 train_time:25995ms step_avg:38.45ms
step:677/1480 train_time:26049ms step_avg:38.48ms
step:678/1480 train_time:26108ms step_avg:38.51ms
step:679/1480 train_time:26161ms step_avg:38.53ms
step:680/1480 train_time:26220ms step_avg:38.56ms
step:681/1480 train_time:26274ms step_avg:38.58ms
step:682/1480 train_time:26333ms step_avg:38.61ms
step:683/1480 train_time:26387ms step_avg:38.63ms
step:684/1480 train_time:26446ms step_avg:38.66ms
step:685/1480 train_time:26500ms step_avg:38.69ms
step:686/1480 train_time:26558ms step_avg:38.71ms
step:687/1480 train_time:26612ms step_avg:38.74ms
step:688/1480 train_time:26670ms step_avg:38.76ms
step:689/1480 train_time:26723ms step_avg:38.79ms
step:690/1480 train_time:26783ms step_avg:38.82ms
step:691/1480 train_time:26836ms step_avg:38.84ms
step:692/1480 train_time:26895ms step_avg:38.87ms
step:693/1480 train_time:26948ms step_avg:38.89ms
step:694/1480 train_time:27008ms step_avg:38.92ms
step:695/1480 train_time:27061ms step_avg:38.94ms
step:696/1480 train_time:27120ms step_avg:38.97ms
step:697/1480 train_time:27174ms step_avg:38.99ms
step:698/1480 train_time:27232ms step_avg:39.01ms
step:699/1480 train_time:27286ms step_avg:39.04ms
step:700/1480 train_time:27345ms step_avg:39.06ms
step:701/1480 train_time:27399ms step_avg:39.09ms
step:702/1480 train_time:27458ms step_avg:39.11ms
step:703/1480 train_time:27512ms step_avg:39.13ms
step:704/1480 train_time:27571ms step_avg:39.16ms
step:705/1480 train_time:27624ms step_avg:39.18ms
step:706/1480 train_time:27683ms step_avg:39.21ms
step:707/1480 train_time:27736ms step_avg:39.23ms
step:708/1480 train_time:27795ms step_avg:39.26ms
step:709/1480 train_time:27848ms step_avg:39.28ms
step:710/1480 train_time:27908ms step_avg:39.31ms
step:711/1480 train_time:27961ms step_avg:39.33ms
step:712/1480 train_time:28020ms step_avg:39.35ms
step:713/1480 train_time:28073ms step_avg:39.37ms
step:714/1480 train_time:28132ms step_avg:39.40ms
step:715/1480 train_time:28186ms step_avg:39.42ms
step:716/1480 train_time:28245ms step_avg:39.45ms
step:717/1480 train_time:28299ms step_avg:39.47ms
step:718/1480 train_time:28357ms step_avg:39.49ms
step:719/1480 train_time:28411ms step_avg:39.51ms
step:720/1480 train_time:28471ms step_avg:39.54ms
step:721/1480 train_time:28524ms step_avg:39.56ms
step:722/1480 train_time:28583ms step_avg:39.59ms
step:723/1480 train_time:28637ms step_avg:39.61ms
step:724/1480 train_time:28696ms step_avg:39.63ms
step:725/1480 train_time:28750ms step_avg:39.65ms
step:726/1480 train_time:28809ms step_avg:39.68ms
step:727/1480 train_time:28862ms step_avg:39.70ms
step:728/1480 train_time:28921ms step_avg:39.73ms
step:729/1480 train_time:28975ms step_avg:39.75ms
step:730/1480 train_time:29033ms step_avg:39.77ms
step:731/1480 train_time:29087ms step_avg:39.79ms
step:732/1480 train_time:29146ms step_avg:39.82ms
step:733/1480 train_time:29200ms step_avg:39.84ms
step:734/1480 train_time:29259ms step_avg:39.86ms
step:735/1480 train_time:29312ms step_avg:39.88ms
step:736/1480 train_time:29371ms step_avg:39.91ms
step:737/1480 train_time:29425ms step_avg:39.92ms
step:738/1480 train_time:29484ms step_avg:39.95ms
step:739/1480 train_time:29537ms step_avg:39.97ms
step:740/1480 train_time:29595ms step_avg:39.99ms
step:741/1480 train_time:29649ms step_avg:40.01ms
step:742/1480 train_time:29709ms step_avg:40.04ms
step:743/1480 train_time:29763ms step_avg:40.06ms
step:744/1480 train_time:29822ms step_avg:40.08ms
step:745/1480 train_time:29876ms step_avg:40.10ms
step:746/1480 train_time:29935ms step_avg:40.13ms
step:747/1480 train_time:29989ms step_avg:40.15ms
step:748/1480 train_time:30048ms step_avg:40.17ms
step:749/1480 train_time:30101ms step_avg:40.19ms
step:750/1480 train_time:30160ms step_avg:40.21ms
step:750/1480 val_loss:3.8042 train_time:30223ms step_avg:40.30ms
step:751/1480 train_time:30238ms step_avg:40.26ms
step:752/1480 train_time:30275ms step_avg:40.26ms
step:753/1480 train_time:30331ms step_avg:40.28ms
step:754/1480 train_time:30390ms step_avg:40.31ms
step:755/1480 train_time:30445ms step_avg:40.33ms
step:756/1480 train_time:30505ms step_avg:40.35ms
step:757/1480 train_time:30559ms step_avg:40.37ms
step:758/1480 train_time:30617ms step_avg:40.39ms
step:759/1480 train_time:30670ms step_avg:40.41ms
step:760/1480 train_time:30729ms step_avg:40.43ms
step:761/1480 train_time:30782ms step_avg:40.45ms
step:762/1480 train_time:30841ms step_avg:40.47ms
step:763/1480 train_time:30893ms step_avg:40.49ms
step:764/1480 train_time:30951ms step_avg:40.51ms
step:765/1480 train_time:31004ms step_avg:40.53ms
step:766/1480 train_time:31064ms step_avg:40.55ms
step:767/1480 train_time:31117ms step_avg:40.57ms
step:768/1480 train_time:31176ms step_avg:40.59ms
step:769/1480 train_time:31230ms step_avg:40.61ms
step:770/1480 train_time:31290ms step_avg:40.64ms
step:771/1480 train_time:31346ms step_avg:40.66ms
step:772/1480 train_time:31406ms step_avg:40.68ms
step:773/1480 train_time:31460ms step_avg:40.70ms
step:774/1480 train_time:31519ms step_avg:40.72ms
step:775/1480 train_time:31573ms step_avg:40.74ms
step:776/1480 train_time:31631ms step_avg:40.76ms
step:777/1480 train_time:31684ms step_avg:40.78ms
step:778/1480 train_time:31744ms step_avg:40.80ms
step:779/1480 train_time:31797ms step_avg:40.82ms
step:780/1480 train_time:31856ms step_avg:40.84ms
step:781/1480 train_time:31909ms step_avg:40.86ms
step:782/1480 train_time:31967ms step_avg:40.88ms
step:783/1480 train_time:32020ms step_avg:40.89ms
step:784/1480 train_time:32079ms step_avg:40.92ms
step:785/1480 train_time:32132ms step_avg:40.93ms
step:786/1480 train_time:32192ms step_avg:40.96ms
step:787/1480 train_time:32246ms step_avg:40.97ms
step:788/1480 train_time:32305ms step_avg:41.00ms
step:789/1480 train_time:32360ms step_avg:41.01ms
step:790/1480 train_time:32419ms step_avg:41.04ms
step:791/1480 train_time:32474ms step_avg:41.05ms
step:792/1480 train_time:32533ms step_avg:41.08ms
step:793/1480 train_time:32586ms step_avg:41.09ms
step:794/1480 train_time:32646ms step_avg:41.12ms
step:795/1480 train_time:32699ms step_avg:41.13ms
step:796/1480 train_time:32758ms step_avg:41.15ms
step:797/1480 train_time:32812ms step_avg:41.17ms
step:798/1480 train_time:32871ms step_avg:41.19ms
step:799/1480 train_time:32924ms step_avg:41.21ms
step:800/1480 train_time:32983ms step_avg:41.23ms
step:801/1480 train_time:33036ms step_avg:41.24ms
step:802/1480 train_time:33095ms step_avg:41.27ms
step:803/1480 train_time:33149ms step_avg:41.28ms
step:804/1480 train_time:33208ms step_avg:41.30ms
step:805/1480 train_time:33262ms step_avg:41.32ms
step:806/1480 train_time:33321ms step_avg:41.34ms
step:807/1480 train_time:33375ms step_avg:41.36ms
step:808/1480 train_time:33434ms step_avg:41.38ms
step:809/1480 train_time:33488ms step_avg:41.39ms
step:810/1480 train_time:33547ms step_avg:41.42ms
step:811/1480 train_time:33602ms step_avg:41.43ms
step:812/1480 train_time:33661ms step_avg:41.45ms
step:813/1480 train_time:33714ms step_avg:41.47ms
step:814/1480 train_time:33774ms step_avg:41.49ms
step:815/1480 train_time:33827ms step_avg:41.51ms
step:816/1480 train_time:33885ms step_avg:41.53ms
step:817/1480 train_time:33939ms step_avg:41.54ms
step:818/1480 train_time:33998ms step_avg:41.56ms
step:819/1480 train_time:34050ms step_avg:41.58ms
step:820/1480 train_time:34109ms step_avg:41.60ms
step:821/1480 train_time:34163ms step_avg:41.61ms
step:822/1480 train_time:34222ms step_avg:41.63ms
step:823/1480 train_time:34276ms step_avg:41.65ms
step:824/1480 train_time:34335ms step_avg:41.67ms
step:825/1480 train_time:34389ms step_avg:41.68ms
step:826/1480 train_time:34449ms step_avg:41.71ms
step:827/1480 train_time:34503ms step_avg:41.72ms
step:828/1480 train_time:34562ms step_avg:41.74ms
step:829/1480 train_time:34615ms step_avg:41.76ms
step:830/1480 train_time:34675ms step_avg:41.78ms
step:831/1480 train_time:34728ms step_avg:41.79ms
step:832/1480 train_time:34787ms step_avg:41.81ms
step:833/1480 train_time:34841ms step_avg:41.83ms
step:834/1480 train_time:34900ms step_avg:41.85ms
step:835/1480 train_time:34953ms step_avg:41.86ms
step:836/1480 train_time:35011ms step_avg:41.88ms
step:837/1480 train_time:35065ms step_avg:41.89ms
step:838/1480 train_time:35124ms step_avg:41.91ms
step:839/1480 train_time:35178ms step_avg:41.93ms
step:840/1480 train_time:35237ms step_avg:41.95ms
step:841/1480 train_time:35291ms step_avg:41.96ms
step:842/1480 train_time:35350ms step_avg:41.98ms
step:843/1480 train_time:35403ms step_avg:42.00ms
step:844/1480 train_time:35462ms step_avg:42.02ms
step:845/1480 train_time:35515ms step_avg:42.03ms
step:846/1480 train_time:35575ms step_avg:42.05ms
step:847/1480 train_time:35628ms step_avg:42.06ms
step:848/1480 train_time:35687ms step_avg:42.08ms
step:849/1480 train_time:35740ms step_avg:42.10ms
step:850/1480 train_time:35800ms step_avg:42.12ms
step:851/1480 train_time:35854ms step_avg:42.13ms
step:852/1480 train_time:35912ms step_avg:42.15ms
step:853/1480 train_time:35966ms step_avg:42.16ms
step:854/1480 train_time:36024ms step_avg:42.18ms
step:855/1480 train_time:36077ms step_avg:42.20ms
step:856/1480 train_time:36137ms step_avg:42.22ms
step:857/1480 train_time:36191ms step_avg:42.23ms
step:858/1480 train_time:36250ms step_avg:42.25ms
step:859/1480 train_time:36304ms step_avg:42.26ms
step:860/1480 train_time:36363ms step_avg:42.28ms
step:861/1480 train_time:36416ms step_avg:42.30ms
step:862/1480 train_time:36476ms step_avg:42.32ms
step:863/1480 train_time:36529ms step_avg:42.33ms
step:864/1480 train_time:36588ms step_avg:42.35ms
step:865/1480 train_time:36643ms step_avg:42.36ms
step:866/1480 train_time:36701ms step_avg:42.38ms
step:867/1480 train_time:36755ms step_avg:42.39ms
step:868/1480 train_time:36814ms step_avg:42.41ms
step:869/1480 train_time:36867ms step_avg:42.42ms
step:870/1480 train_time:36925ms step_avg:42.44ms
step:871/1480 train_time:36979ms step_avg:42.46ms
step:872/1480 train_time:37038ms step_avg:42.48ms
step:873/1480 train_time:37092ms step_avg:42.49ms
step:874/1480 train_time:37151ms step_avg:42.51ms
step:875/1480 train_time:37204ms step_avg:42.52ms
step:876/1480 train_time:37263ms step_avg:42.54ms
step:877/1480 train_time:37317ms step_avg:42.55ms
step:878/1480 train_time:37376ms step_avg:42.57ms
step:879/1480 train_time:37430ms step_avg:42.58ms
step:880/1480 train_time:37488ms step_avg:42.60ms
step:881/1480 train_time:37543ms step_avg:42.61ms
step:882/1480 train_time:37602ms step_avg:42.63ms
step:883/1480 train_time:37655ms step_avg:42.64ms
step:884/1480 train_time:37714ms step_avg:42.66ms
step:885/1480 train_time:37768ms step_avg:42.68ms
step:886/1480 train_time:37827ms step_avg:42.69ms
step:887/1480 train_time:37881ms step_avg:42.71ms
step:888/1480 train_time:37940ms step_avg:42.73ms
step:889/1480 train_time:37994ms step_avg:42.74ms
step:890/1480 train_time:38053ms step_avg:42.76ms
step:891/1480 train_time:38106ms step_avg:42.77ms
step:892/1480 train_time:38165ms step_avg:42.79ms
step:893/1480 train_time:38218ms step_avg:42.80ms
step:894/1480 train_time:38278ms step_avg:42.82ms
step:895/1480 train_time:38331ms step_avg:42.83ms
step:896/1480 train_time:38390ms step_avg:42.85ms
step:897/1480 train_time:38444ms step_avg:42.86ms
step:898/1480 train_time:38503ms step_avg:42.88ms
step:899/1480 train_time:38556ms step_avg:42.89ms
step:900/1480 train_time:38615ms step_avg:42.91ms
step:901/1480 train_time:38670ms step_avg:42.92ms
step:902/1480 train_time:38728ms step_avg:42.94ms
step:903/1480 train_time:38782ms step_avg:42.95ms
step:904/1480 train_time:38842ms step_avg:42.97ms
step:905/1480 train_time:38895ms step_avg:42.98ms
step:906/1480 train_time:38954ms step_avg:43.00ms
step:907/1480 train_time:39008ms step_avg:43.01ms
step:908/1480 train_time:39067ms step_avg:43.03ms
step:909/1480 train_time:39121ms step_avg:43.04ms
step:910/1480 train_time:39180ms step_avg:43.05ms
step:911/1480 train_time:39234ms step_avg:43.07ms
step:912/1480 train_time:39293ms step_avg:43.08ms
step:913/1480 train_time:39346ms step_avg:43.09ms
step:914/1480 train_time:39404ms step_avg:43.11ms
step:915/1480 train_time:39458ms step_avg:43.12ms
step:916/1480 train_time:39518ms step_avg:43.14ms
step:917/1480 train_time:39571ms step_avg:43.15ms
step:918/1480 train_time:39630ms step_avg:43.17ms
step:919/1480 train_time:39683ms step_avg:43.18ms
step:920/1480 train_time:39743ms step_avg:43.20ms
step:921/1480 train_time:39797ms step_avg:43.21ms
step:922/1480 train_time:39857ms step_avg:43.23ms
step:923/1480 train_time:39911ms step_avg:43.24ms
step:924/1480 train_time:39969ms step_avg:43.26ms
step:925/1480 train_time:40023ms step_avg:43.27ms
step:926/1480 train_time:40081ms step_avg:43.28ms
step:927/1480 train_time:40135ms step_avg:43.30ms
step:928/1480 train_time:40194ms step_avg:43.31ms
step:929/1480 train_time:40248ms step_avg:43.32ms
step:930/1480 train_time:40307ms step_avg:43.34ms
step:931/1480 train_time:40361ms step_avg:43.35ms
step:932/1480 train_time:40420ms step_avg:43.37ms
step:933/1480 train_time:40473ms step_avg:43.38ms
step:934/1480 train_time:40532ms step_avg:43.40ms
step:935/1480 train_time:40585ms step_avg:43.41ms
step:936/1480 train_time:40646ms step_avg:43.42ms
step:937/1480 train_time:40699ms step_avg:43.44ms
step:938/1480 train_time:40758ms step_avg:43.45ms
step:939/1480 train_time:40811ms step_avg:43.46ms
step:940/1480 train_time:40871ms step_avg:43.48ms
step:941/1480 train_time:40924ms step_avg:43.49ms
step:942/1480 train_time:40983ms step_avg:43.51ms
step:943/1480 train_time:41038ms step_avg:43.52ms
step:944/1480 train_time:41097ms step_avg:43.53ms
step:945/1480 train_time:41151ms step_avg:43.55ms
step:946/1480 train_time:41209ms step_avg:43.56ms
step:947/1480 train_time:41263ms step_avg:43.57ms
step:948/1480 train_time:41322ms step_avg:43.59ms
step:949/1480 train_time:41376ms step_avg:43.60ms
step:950/1480 train_time:41436ms step_avg:43.62ms
step:951/1480 train_time:41489ms step_avg:43.63ms
step:952/1480 train_time:41547ms step_avg:43.64ms
step:953/1480 train_time:41602ms step_avg:43.65ms
step:954/1480 train_time:41661ms step_avg:43.67ms
step:955/1480 train_time:41714ms step_avg:43.68ms
step:956/1480 train_time:41774ms step_avg:43.70ms
step:957/1480 train_time:41827ms step_avg:43.71ms
step:958/1480 train_time:41885ms step_avg:43.72ms
step:959/1480 train_time:41940ms step_avg:43.73ms
step:960/1480 train_time:41999ms step_avg:43.75ms
step:961/1480 train_time:42053ms step_avg:43.76ms
step:962/1480 train_time:42141ms step_avg:43.81ms
step:963/1480 train_time:42220ms step_avg:43.84ms
step:964/1480 train_time:42306ms step_avg:43.89ms
step:965/1480 train_time:42386ms step_avg:43.92ms
step:966/1480 train_time:42471ms step_avg:43.97ms
step:967/1480 train_time:42550ms step_avg:44.00ms
step:968/1480 train_time:42635ms step_avg:44.04ms
step:969/1480 train_time:42716ms step_avg:44.08ms
step:970/1480 train_time:42801ms step_avg:44.12ms
step:971/1480 train_time:42880ms step_avg:44.16ms
step:972/1480 train_time:42964ms step_avg:44.20ms
step:973/1480 train_time:43042ms step_avg:44.24ms
step:974/1480 train_time:43127ms step_avg:44.28ms
step:975/1480 train_time:43208ms step_avg:44.32ms
step:976/1480 train_time:43293ms step_avg:44.36ms
step:977/1480 train_time:43372ms step_avg:44.39ms
step:978/1480 train_time:43458ms step_avg:44.44ms
step:979/1480 train_time:43536ms step_avg:44.47ms
step:980/1480 train_time:43622ms step_avg:44.51ms
step:981/1480 train_time:43701ms step_avg:44.55ms
step:982/1480 train_time:43787ms step_avg:44.59ms
step:983/1480 train_time:43867ms step_avg:44.63ms
step:984/1480 train_time:43951ms step_avg:44.67ms
step:985/1480 train_time:44029ms step_avg:44.70ms
step:986/1480 train_time:44114ms step_avg:44.74ms
step:987/1480 train_time:44194ms step_avg:44.78ms
step:988/1480 train_time:44280ms step_avg:44.82ms
step:989/1480 train_time:44360ms step_avg:44.85ms
step:990/1480 train_time:44444ms step_avg:44.89ms
step:991/1480 train_time:44522ms step_avg:44.93ms
step:992/1480 train_time:44607ms step_avg:44.97ms
step:993/1480 train_time:44687ms step_avg:45.00ms
step:994/1480 train_time:44771ms step_avg:45.04ms
step:995/1480 train_time:44849ms step_avg:45.07ms
step:996/1480 train_time:44935ms step_avg:45.12ms
step:997/1480 train_time:45016ms step_avg:45.15ms
step:998/1480 train_time:45101ms step_avg:45.19ms
step:999/1480 train_time:45181ms step_avg:45.23ms
step:1000/1480 train_time:45265ms step_avg:45.27ms
step:1000/1480 val_loss:3.5083 train_time:45355ms step_avg:45.35ms
step:1001/1480 train_time:45371ms step_avg:45.33ms
step:1002/1480 train_time:45432ms step_avg:45.34ms
step:1003/1480 train_time:45513ms step_avg:45.38ms
step:1004/1480 train_time:45600ms step_avg:45.42ms
step:1005/1480 train_time:45679ms step_avg:45.45ms
step:1006/1480 train_time:45764ms step_avg:45.49ms
step:1007/1480 train_time:45843ms step_avg:45.52ms
step:1008/1480 train_time:45927ms step_avg:45.56ms
step:1009/1480 train_time:46006ms step_avg:45.60ms
step:1010/1480 train_time:46092ms step_avg:45.64ms
step:1011/1480 train_time:46171ms step_avg:45.67ms
step:1012/1480 train_time:46255ms step_avg:45.71ms
step:1013/1480 train_time:46336ms step_avg:45.74ms
step:1014/1480 train_time:46424ms step_avg:45.78ms
step:1015/1480 train_time:46506ms step_avg:45.82ms
step:1016/1480 train_time:46591ms step_avg:45.86ms
step:1017/1480 train_time:46668ms step_avg:45.89ms
step:1018/1480 train_time:46753ms step_avg:45.93ms
step:1019/1480 train_time:46832ms step_avg:45.96ms
step:1020/1480 train_time:46916ms step_avg:46.00ms
step:1021/1480 train_time:46996ms step_avg:46.03ms
step:1022/1480 train_time:47082ms step_avg:46.07ms
step:1023/1480 train_time:47161ms step_avg:46.10ms
step:1024/1480 train_time:47245ms step_avg:46.14ms
step:1025/1480 train_time:47324ms step_avg:46.17ms
step:1026/1480 train_time:47410ms step_avg:46.21ms
step:1027/1480 train_time:47491ms step_avg:46.24ms
step:1028/1480 train_time:47576ms step_avg:46.28ms
step:1029/1480 train_time:47655ms step_avg:46.31ms
step:1030/1480 train_time:47740ms step_avg:46.35ms
step:1031/1480 train_time:47819ms step_avg:46.38ms
step:1032/1480 train_time:47904ms step_avg:46.42ms
step:1033/1480 train_time:47983ms step_avg:46.45ms
step:1034/1480 train_time:48068ms step_avg:46.49ms
step:1035/1480 train_time:48146ms step_avg:46.52ms
step:1036/1480 train_time:48232ms step_avg:46.56ms
step:1037/1480 train_time:48311ms step_avg:46.59ms
step:1038/1480 train_time:48398ms step_avg:46.63ms
step:1039/1480 train_time:48479ms step_avg:46.66ms
step:1040/1480 train_time:48563ms step_avg:46.70ms
step:1041/1480 train_time:48643ms step_avg:46.73ms
step:1042/1480 train_time:48729ms step_avg:46.76ms
step:1043/1480 train_time:48808ms step_avg:46.80ms
step:1044/1480 train_time:48892ms step_avg:46.83ms
step:1045/1480 train_time:48970ms step_avg:46.86ms
step:1046/1480 train_time:49055ms step_avg:46.90ms
step:1047/1480 train_time:49134ms step_avg:46.93ms
step:1048/1480 train_time:49218ms step_avg:46.96ms
step:1049/1480 train_time:49299ms step_avg:47.00ms
step:1050/1480 train_time:49384ms step_avg:47.03ms
step:1051/1480 train_time:49462ms step_avg:47.06ms
step:1052/1480 train_time:49547ms step_avg:47.10ms
step:1053/1480 train_time:49627ms step_avg:47.13ms
step:1054/1480 train_time:49711ms step_avg:47.16ms
step:1055/1480 train_time:49791ms step_avg:47.20ms
step:1056/1480 train_time:49877ms step_avg:47.23ms
step:1057/1480 train_time:49957ms step_avg:47.26ms
step:1058/1480 train_time:50041ms step_avg:47.30ms
step:1059/1480 train_time:50121ms step_avg:47.33ms
step:1060/1480 train_time:50206ms step_avg:47.36ms
step:1061/1480 train_time:50286ms step_avg:47.39ms
step:1062/1480 train_time:50370ms step_avg:47.43ms
step:1063/1480 train_time:50449ms step_avg:47.46ms
step:1064/1480 train_time:50534ms step_avg:47.49ms
step:1065/1480 train_time:50615ms step_avg:47.53ms
step:1066/1480 train_time:50701ms step_avg:47.56ms
step:1067/1480 train_time:50781ms step_avg:47.59ms
step:1068/1480 train_time:50865ms step_avg:47.63ms
step:1069/1480 train_time:50943ms step_avg:47.65ms
step:1070/1480 train_time:51028ms step_avg:47.69ms
step:1071/1480 train_time:51107ms step_avg:47.72ms
step:1072/1480 train_time:51193ms step_avg:47.75ms
step:1073/1480 train_time:51272ms step_avg:47.78ms
step:1074/1480 train_time:51358ms step_avg:47.82ms
step:1075/1480 train_time:51439ms step_avg:47.85ms
step:1076/1480 train_time:51524ms step_avg:47.89ms
step:1077/1480 train_time:51605ms step_avg:47.92ms
step:1078/1480 train_time:51690ms step_avg:47.95ms
step:1079/1480 train_time:51770ms step_avg:47.98ms
step:1080/1480 train_time:51854ms step_avg:48.01ms
step:1081/1480 train_time:51935ms step_avg:48.04ms
step:1082/1480 train_time:52020ms step_avg:48.08ms
step:1083/1480 train_time:52100ms step_avg:48.11ms
step:1084/1480 train_time:52184ms step_avg:48.14ms
step:1085/1480 train_time:52263ms step_avg:48.17ms
step:1086/1480 train_time:52348ms step_avg:48.20ms
step:1087/1480 train_time:52427ms step_avg:48.23ms
step:1088/1480 train_time:52513ms step_avg:48.27ms
step:1089/1480 train_time:52593ms step_avg:48.29ms
step:1090/1480 train_time:52679ms step_avg:48.33ms
step:1091/1480 train_time:52758ms step_avg:48.36ms
step:1092/1480 train_time:52843ms step_avg:48.39ms
step:1093/1480 train_time:52920ms step_avg:48.42ms
step:1094/1480 train_time:53006ms step_avg:48.45ms
step:1095/1480 train_time:53085ms step_avg:48.48ms
step:1096/1480 train_time:53170ms step_avg:48.51ms
step:1097/1480 train_time:53250ms step_avg:48.54ms
step:1098/1480 train_time:53335ms step_avg:48.57ms
step:1099/1480 train_time:53414ms step_avg:48.60ms
step:1100/1480 train_time:53499ms step_avg:48.64ms
step:1101/1480 train_time:53579ms step_avg:48.66ms
step:1102/1480 train_time:53663ms step_avg:48.70ms
step:1103/1480 train_time:53743ms step_avg:48.72ms
step:1104/1480 train_time:53829ms step_avg:48.76ms
step:1105/1480 train_time:53908ms step_avg:48.79ms
step:1106/1480 train_time:53994ms step_avg:48.82ms
step:1107/1480 train_time:54072ms step_avg:48.85ms
step:1108/1480 train_time:54157ms step_avg:48.88ms
step:1109/1480 train_time:54237ms step_avg:48.91ms
step:1110/1480 train_time:54322ms step_avg:48.94ms
step:1111/1480 train_time:54401ms step_avg:48.97ms
step:1112/1480 train_time:54486ms step_avg:49.00ms
step:1113/1480 train_time:54565ms step_avg:49.03ms
step:1114/1480 train_time:54649ms step_avg:49.06ms
step:1115/1480 train_time:54728ms step_avg:49.08ms
step:1116/1480 train_time:54814ms step_avg:49.12ms
step:1117/1480 train_time:54894ms step_avg:49.14ms
step:1118/1480 train_time:54979ms step_avg:49.18ms
step:1119/1480 train_time:55058ms step_avg:49.20ms
step:1120/1480 train_time:55144ms step_avg:49.24ms
step:1121/1480 train_time:55223ms step_avg:49.26ms
step:1122/1480 train_time:55306ms step_avg:49.29ms
step:1123/1480 train_time:55387ms step_avg:49.32ms
step:1124/1480 train_time:55472ms step_avg:49.35ms
step:1125/1480 train_time:55551ms step_avg:49.38ms
step:1126/1480 train_time:55635ms step_avg:49.41ms
step:1127/1480 train_time:55715ms step_avg:49.44ms
step:1128/1480 train_time:55799ms step_avg:49.47ms
step:1129/1480 train_time:55879ms step_avg:49.49ms
step:1130/1480 train_time:55963ms step_avg:49.52ms
step:1131/1480 train_time:56043ms step_avg:49.55ms
step:1132/1480 train_time:56130ms step_avg:49.58ms
step:1133/1480 train_time:56209ms step_avg:49.61ms
step:1134/1480 train_time:56294ms step_avg:49.64ms
step:1135/1480 train_time:56372ms step_avg:49.67ms
step:1136/1480 train_time:56457ms step_avg:49.70ms
step:1137/1480 train_time:56538ms step_avg:49.73ms
step:1138/1480 train_time:56622ms step_avg:49.76ms
step:1139/1480 train_time:56702ms step_avg:49.78ms
step:1140/1480 train_time:56786ms step_avg:49.81ms
step:1141/1480 train_time:56865ms step_avg:49.84ms
step:1142/1480 train_time:56949ms step_avg:49.87ms
step:1143/1480 train_time:57029ms step_avg:49.89ms
step:1144/1480 train_time:57113ms step_avg:49.92ms
step:1145/1480 train_time:57193ms step_avg:49.95ms
step:1146/1480 train_time:57279ms step_avg:49.98ms
step:1147/1480 train_time:57358ms step_avg:50.01ms
step:1148/1480 train_time:57442ms step_avg:50.04ms
step:1149/1480 train_time:57521ms step_avg:50.06ms
step:1150/1480 train_time:57606ms step_avg:50.09ms
step:1151/1480 train_time:57685ms step_avg:50.12ms
step:1152/1480 train_time:57769ms step_avg:50.15ms
step:1153/1480 train_time:57849ms step_avg:50.17ms
step:1154/1480 train_time:57933ms step_avg:50.20ms
step:1155/1480 train_time:58012ms step_avg:50.23ms
step:1156/1480 train_time:58098ms step_avg:50.26ms
step:1157/1480 train_time:58177ms step_avg:50.28ms
step:1158/1480 train_time:58262ms step_avg:50.31ms
step:1159/1480 train_time:58341ms step_avg:50.34ms
step:1160/1480 train_time:58427ms step_avg:50.37ms
step:1161/1480 train_time:58507ms step_avg:50.39ms
step:1162/1480 train_time:58593ms step_avg:50.42ms
step:1163/1480 train_time:58673ms step_avg:50.45ms
step:1164/1480 train_time:58757ms step_avg:50.48ms
step:1165/1480 train_time:58837ms step_avg:50.50ms
step:1166/1480 train_time:58921ms step_avg:50.53ms
step:1167/1480 train_time:59000ms step_avg:50.56ms
step:1168/1480 train_time:59086ms step_avg:50.59ms
step:1169/1480 train_time:59164ms step_avg:50.61ms
step:1170/1480 train_time:59249ms step_avg:50.64ms
step:1171/1480 train_time:59328ms step_avg:50.66ms
step:1172/1480 train_time:59414ms step_avg:50.69ms
step:1173/1480 train_time:59495ms step_avg:50.72ms
step:1174/1480 train_time:59580ms step_avg:50.75ms
step:1175/1480 train_time:59660ms step_avg:50.77ms
step:1176/1480 train_time:59744ms step_avg:50.80ms
step:1177/1480 train_time:59824ms step_avg:50.83ms
step:1178/1480 train_time:59908ms step_avg:50.86ms
step:1179/1480 train_time:59990ms step_avg:50.88ms
step:1180/1480 train_time:60074ms step_avg:50.91ms
step:1181/1480 train_time:60153ms step_avg:50.93ms
step:1182/1480 train_time:60238ms step_avg:50.96ms
step:1183/1480 train_time:60318ms step_avg:50.99ms
step:1184/1480 train_time:60404ms step_avg:51.02ms
step:1185/1480 train_time:60483ms step_avg:51.04ms
step:1186/1480 train_time:60569ms step_avg:51.07ms
step:1187/1480 train_time:60647ms step_avg:51.09ms
step:1188/1480 train_time:60731ms step_avg:51.12ms
step:1189/1480 train_time:60812ms step_avg:51.15ms
step:1190/1480 train_time:60897ms step_avg:51.17ms
step:1191/1480 train_time:60977ms step_avg:51.20ms
step:1192/1480 train_time:61061ms step_avg:51.23ms
step:1193/1480 train_time:61139ms step_avg:51.25ms
step:1194/1480 train_time:61225ms step_avg:51.28ms
step:1195/1480 train_time:61305ms step_avg:51.30ms
step:1196/1480 train_time:61390ms step_avg:51.33ms
step:1197/1480 train_time:61469ms step_avg:51.35ms
step:1198/1480 train_time:61552ms step_avg:51.38ms
step:1199/1480 train_time:61632ms step_avg:51.40ms
step:1200/1480 train_time:61717ms step_avg:51.43ms
step:1201/1480 train_time:61797ms step_avg:51.45ms
step:1202/1480 train_time:61883ms step_avg:51.48ms
step:1203/1480 train_time:61962ms step_avg:51.51ms
step:1204/1480 train_time:62046ms step_avg:51.53ms
step:1205/1480 train_time:62126ms step_avg:51.56ms
step:1206/1480 train_time:62210ms step_avg:51.58ms
step:1207/1480 train_time:62291ms step_avg:51.61ms
step:1208/1480 train_time:62375ms step_avg:51.64ms
step:1209/1480 train_time:62454ms step_avg:51.66ms
step:1210/1480 train_time:62540ms step_avg:51.69ms
step:1211/1480 train_time:62620ms step_avg:51.71ms
step:1212/1480 train_time:62704ms step_avg:51.74ms
step:1213/1480 train_time:62784ms step_avg:51.76ms
step:1214/1480 train_time:62869ms step_avg:51.79ms
step:1215/1480 train_time:62947ms step_avg:51.81ms
step:1216/1480 train_time:63032ms step_avg:51.84ms
step:1217/1480 train_time:63111ms step_avg:51.86ms
step:1218/1480 train_time:63196ms step_avg:51.89ms
step:1219/1480 train_time:63278ms step_avg:51.91ms
step:1220/1480 train_time:63363ms step_avg:51.94ms
step:1221/1480 train_time:63442ms step_avg:51.96ms
step:1222/1480 train_time:63526ms step_avg:51.99ms
step:1223/1480 train_time:63605ms step_avg:52.01ms
step:1224/1480 train_time:63691ms step_avg:52.03ms
step:1225/1480 train_time:63770ms step_avg:52.06ms
step:1226/1480 train_time:63854ms step_avg:52.08ms
step:1227/1480 train_time:63933ms step_avg:52.10ms
step:1228/1480 train_time:64020ms step_avg:52.13ms
step:1229/1480 train_time:64099ms step_avg:52.16ms
step:1230/1480 train_time:64183ms step_avg:52.18ms
step:1231/1480 train_time:64262ms step_avg:52.20ms
step:1232/1480 train_time:64348ms step_avg:52.23ms
step:1233/1480 train_time:64429ms step_avg:52.25ms
step:1234/1480 train_time:64514ms step_avg:52.28ms
step:1235/1480 train_time:64592ms step_avg:52.30ms
step:1236/1480 train_time:64677ms step_avg:52.33ms
step:1237/1480 train_time:64755ms step_avg:52.35ms
step:1238/1480 train_time:64839ms step_avg:52.37ms
step:1239/1480 train_time:64919ms step_avg:52.40ms
step:1240/1480 train_time:65004ms step_avg:52.42ms
step:1241/1480 train_time:65083ms step_avg:52.44ms
step:1242/1480 train_time:65168ms step_avg:52.47ms
step:1243/1480 train_time:65248ms step_avg:52.49ms
step:1244/1480 train_time:65333ms step_avg:52.52ms
step:1245/1480 train_time:65413ms step_avg:52.54ms
step:1246/1480 train_time:65499ms step_avg:52.57ms
step:1247/1480 train_time:65578ms step_avg:52.59ms
step:1248/1480 train_time:65662ms step_avg:52.61ms
step:1249/1480 train_time:65740ms step_avg:52.63ms
step:1250/1480 train_time:65825ms step_avg:52.66ms
step:1250/1480 val_loss:3.3675 train_time:65915ms step_avg:52.73ms
step:1251/1480 train_time:65937ms step_avg:52.71ms
step:1252/1480 train_time:65996ms step_avg:52.71ms
step:1253/1480 train_time:66079ms step_avg:52.74ms
step:1254/1480 train_time:66165ms step_avg:52.76ms
step:1255/1480 train_time:66244ms step_avg:52.78ms
step:1256/1480 train_time:66330ms step_avg:52.81ms
step:1257/1480 train_time:66408ms step_avg:52.83ms
step:1258/1480 train_time:66491ms step_avg:52.85ms
step:1259/1480 train_time:66569ms step_avg:52.87ms
step:1260/1480 train_time:66654ms step_avg:52.90ms
step:1261/1480 train_time:66732ms step_avg:52.92ms
step:1262/1480 train_time:66817ms step_avg:52.95ms
step:1263/1480 train_time:66896ms step_avg:52.97ms
step:1264/1480 train_time:66982ms step_avg:52.99ms
step:1265/1480 train_time:67065ms step_avg:53.02ms
step:1266/1480 train_time:67152ms step_avg:53.04ms
step:1267/1480 train_time:67231ms step_avg:53.06ms
step:1268/1480 train_time:67315ms step_avg:53.09ms
step:1269/1480 train_time:67395ms step_avg:53.11ms
step:1270/1480 train_time:67478ms step_avg:53.13ms
step:1271/1480 train_time:67557ms step_avg:53.15ms
step:1272/1480 train_time:67641ms step_avg:53.18ms
step:1273/1480 train_time:67721ms step_avg:53.20ms
step:1274/1480 train_time:67806ms step_avg:53.22ms
step:1275/1480 train_time:67885ms step_avg:53.24ms
step:1276/1480 train_time:67970ms step_avg:53.27ms
step:1277/1480 train_time:68050ms step_avg:53.29ms
step:1278/1480 train_time:68137ms step_avg:53.32ms
step:1279/1480 train_time:68218ms step_avg:53.34ms
step:1280/1480 train_time:68302ms step_avg:53.36ms
step:1281/1480 train_time:68380ms step_avg:53.38ms
step:1282/1480 train_time:68464ms step_avg:53.40ms
step:1283/1480 train_time:68543ms step_avg:53.42ms
step:1284/1480 train_time:68629ms step_avg:53.45ms
step:1285/1480 train_time:68708ms step_avg:53.47ms
step:1286/1480 train_time:68791ms step_avg:53.49ms
step:1287/1480 train_time:68870ms step_avg:53.51ms
step:1288/1480 train_time:68956ms step_avg:53.54ms
step:1289/1480 train_time:69037ms step_avg:53.56ms
step:1290/1480 train_time:69124ms step_avg:53.58ms
step:1291/1480 train_time:69204ms step_avg:53.60ms
step:1292/1480 train_time:69288ms step_avg:53.63ms
step:1293/1480 train_time:69366ms step_avg:53.65ms
step:1294/1480 train_time:69451ms step_avg:53.67ms
step:1295/1480 train_time:69530ms step_avg:53.69ms
step:1296/1480 train_time:69616ms step_avg:53.72ms
step:1297/1480 train_time:69695ms step_avg:53.74ms
step:1298/1480 train_time:69780ms step_avg:53.76ms
step:1299/1480 train_time:69859ms step_avg:53.78ms
step:1300/1480 train_time:69944ms step_avg:53.80ms
step:1301/1480 train_time:70024ms step_avg:53.82ms
step:1302/1480 train_time:70110ms step_avg:53.85ms
step:1303/1480 train_time:70191ms step_avg:53.87ms
step:1304/1480 train_time:70276ms step_avg:53.89ms
step:1305/1480 train_time:70357ms step_avg:53.91ms
step:1306/1480 train_time:70441ms step_avg:53.94ms
step:1307/1480 train_time:70521ms step_avg:53.96ms
step:1308/1480 train_time:70606ms step_avg:53.98ms
step:1309/1480 train_time:70685ms step_avg:54.00ms
step:1310/1480 train_time:70770ms step_avg:54.02ms
step:1311/1480 train_time:70848ms step_avg:54.04ms
step:1312/1480 train_time:70932ms step_avg:54.06ms
step:1313/1480 train_time:71012ms step_avg:54.08ms
step:1314/1480 train_time:71099ms step_avg:54.11ms
step:1315/1480 train_time:71179ms step_avg:54.13ms
step:1316/1480 train_time:71264ms step_avg:54.15ms
step:1317/1480 train_time:71343ms step_avg:54.17ms
step:1318/1480 train_time:71429ms step_avg:54.19ms
step:1319/1480 train_time:71509ms step_avg:54.21ms
step:1320/1480 train_time:71594ms step_avg:54.24ms
step:1321/1480 train_time:71673ms step_avg:54.26ms
step:1322/1480 train_time:71757ms step_avg:54.28ms
step:1323/1480 train_time:71837ms step_avg:54.30ms
step:1324/1480 train_time:71922ms step_avg:54.32ms
step:1325/1480 train_time:72001ms step_avg:54.34ms
step:1326/1480 train_time:72087ms step_avg:54.36ms
step:1327/1480 train_time:72167ms step_avg:54.38ms
step:1328/1480 train_time:72253ms step_avg:54.41ms
step:1329/1480 train_time:72330ms step_avg:54.42ms
step:1330/1480 train_time:72416ms step_avg:54.45ms
step:1331/1480 train_time:72496ms step_avg:54.47ms
step:1332/1480 train_time:72579ms step_avg:54.49ms
step:1333/1480 train_time:72660ms step_avg:54.51ms
step:1334/1480 train_time:72745ms step_avg:54.53ms
step:1335/1480 train_time:72824ms step_avg:54.55ms
step:1336/1480 train_time:72909ms step_avg:54.57ms
step:1337/1480 train_time:72987ms step_avg:54.59ms
step:1338/1480 train_time:73072ms step_avg:54.61ms
step:1339/1480 train_time:73152ms step_avg:54.63ms
step:1340/1480 train_time:73237ms step_avg:54.65ms
step:1341/1480 train_time:73317ms step_avg:54.67ms
step:1342/1480 train_time:73402ms step_avg:54.70ms
step:1343/1480 train_time:73481ms step_avg:54.71ms
step:1344/1480 train_time:73564ms step_avg:54.74ms
step:1345/1480 train_time:73645ms step_avg:54.75ms
step:1346/1480 train_time:73731ms step_avg:54.78ms
step:1347/1480 train_time:73811ms step_avg:54.80ms
step:1348/1480 train_time:73895ms step_avg:54.82ms
step:1349/1480 train_time:73973ms step_avg:54.84ms
step:1350/1480 train_time:74059ms step_avg:54.86ms
step:1351/1480 train_time:74139ms step_avg:54.88ms
step:1352/1480 train_time:74224ms step_avg:54.90ms
step:1353/1480 train_time:74304ms step_avg:54.92ms
step:1354/1480 train_time:74389ms step_avg:54.94ms
step:1355/1480 train_time:74469ms step_avg:54.96ms
step:1356/1480 train_time:74552ms step_avg:54.98ms
step:1357/1480 train_time:74632ms step_avg:55.00ms
step:1358/1480 train_time:74717ms step_avg:55.02ms
step:1359/1480 train_time:74797ms step_avg:55.04ms
step:1360/1480 train_time:74882ms step_avg:55.06ms
step:1361/1480 train_time:74961ms step_avg:55.08ms
step:1362/1480 train_time:75047ms step_avg:55.10ms
step:1363/1480 train_time:75126ms step_avg:55.12ms
step:1364/1480 train_time:75212ms step_avg:55.14ms
step:1365/1480 train_time:75291ms step_avg:55.16ms
step:1366/1480 train_time:75375ms step_avg:55.18ms
step:1367/1480 train_time:75456ms step_avg:55.20ms
step:1368/1480 train_time:75541ms step_avg:55.22ms
step:1369/1480 train_time:75622ms step_avg:55.24ms
step:1370/1480 train_time:75709ms step_avg:55.26ms
step:1371/1480 train_time:75789ms step_avg:55.28ms
step:1372/1480 train_time:75872ms step_avg:55.30ms
step:1373/1480 train_time:75951ms step_avg:55.32ms
step:1374/1480 train_time:76036ms step_avg:55.34ms
step:1375/1480 train_time:76116ms step_avg:55.36ms
step:1376/1480 train_time:76201ms step_avg:55.38ms
step:1377/1480 train_time:76282ms step_avg:55.40ms
step:1378/1480 train_time:76366ms step_avg:55.42ms
step:1379/1480 train_time:76446ms step_avg:55.44ms
step:1380/1480 train_time:76531ms step_avg:55.46ms
step:1381/1480 train_time:76612ms step_avg:55.48ms
step:1382/1480 train_time:76699ms step_avg:55.50ms
step:1383/1480 train_time:76777ms step_avg:55.51ms
step:1384/1480 train_time:76862ms step_avg:55.54ms
step:1385/1480 train_time:76942ms step_avg:55.55ms
step:1386/1480 train_time:77026ms step_avg:55.57ms
step:1387/1480 train_time:77106ms step_avg:55.59ms
step:1388/1480 train_time:77190ms step_avg:55.61ms
step:1389/1480 train_time:77269ms step_avg:55.63ms
step:1390/1480 train_time:77354ms step_avg:55.65ms
step:1391/1480 train_time:77434ms step_avg:55.67ms
step:1392/1480 train_time:77520ms step_avg:55.69ms
step:1393/1480 train_time:77600ms step_avg:55.71ms
step:1394/1480 train_time:77684ms step_avg:55.73ms
step:1395/1480 train_time:77762ms step_avg:55.74ms
step:1396/1480 train_time:77848ms step_avg:55.76ms
step:1397/1480 train_time:77926ms step_avg:55.78ms
step:1398/1480 train_time:78012ms step_avg:55.80ms
step:1399/1480 train_time:78091ms step_avg:55.82ms
step:1400/1480 train_time:78175ms step_avg:55.84ms
step:1401/1480 train_time:78254ms step_avg:55.86ms
step:1402/1480 train_time:78340ms step_avg:55.88ms
step:1403/1480 train_time:78420ms step_avg:55.89ms
step:1404/1480 train_time:78505ms step_avg:55.92ms
step:1405/1480 train_time:78584ms step_avg:55.93ms
step:1406/1480 train_time:78669ms step_avg:55.95ms
step:1407/1480 train_time:78750ms step_avg:55.97ms
step:1408/1480 train_time:78834ms step_avg:55.99ms
step:1409/1480 train_time:78914ms step_avg:56.01ms
step:1410/1480 train_time:79000ms step_avg:56.03ms
step:1411/1480 train_time:79080ms step_avg:56.05ms
step:1412/1480 train_time:79165ms step_avg:56.07ms
step:1413/1480 train_time:79244ms step_avg:56.08ms
step:1414/1480 train_time:79330ms step_avg:56.10ms
step:1415/1480 train_time:79410ms step_avg:56.12ms
step:1416/1480 train_time:79494ms step_avg:56.14ms
step:1417/1480 train_time:79573ms step_avg:56.16ms
step:1418/1480 train_time:79658ms step_avg:56.18ms
step:1419/1480 train_time:79739ms step_avg:56.19ms
step:1420/1480 train_time:79823ms step_avg:56.21ms
step:1421/1480 train_time:79903ms step_avg:56.23ms
step:1422/1480 train_time:79988ms step_avg:56.25ms
step:1423/1480 train_time:80066ms step_avg:56.27ms
step:1424/1480 train_time:80151ms step_avg:56.29ms
step:1425/1480 train_time:80230ms step_avg:56.30ms
step:1426/1480 train_time:80316ms step_avg:56.32ms
step:1427/1480 train_time:80395ms step_avg:56.34ms
step:1428/1480 train_time:80479ms step_avg:56.36ms
step:1429/1480 train_time:80559ms step_avg:56.37ms
step:1430/1480 train_time:80644ms step_avg:56.39ms
step:1431/1480 train_time:80724ms step_avg:56.41ms
step:1432/1480 train_time:80809ms step_avg:56.43ms
step:1433/1480 train_time:80888ms step_avg:56.45ms
step:1434/1480 train_time:80972ms step_avg:56.47ms
step:1435/1480 train_time:81053ms step_avg:56.48ms
step:1436/1480 train_time:81138ms step_avg:56.50ms
step:1437/1480 train_time:81218ms step_avg:56.52ms
step:1438/1480 train_time:81302ms step_avg:56.54ms
step:1439/1480 train_time:81382ms step_avg:56.55ms
step:1440/1480 train_time:81465ms step_avg:56.57ms
step:1441/1480 train_time:81546ms step_avg:56.59ms
step:1442/1480 train_time:81635ms step_avg:56.61ms
step:1443/1480 train_time:81716ms step_avg:56.63ms
step:1444/1480 train_time:81802ms step_avg:56.65ms
step:1445/1480 train_time:81881ms step_avg:56.67ms
step:1446/1480 train_time:81965ms step_avg:56.68ms
step:1447/1480 train_time:82045ms step_avg:56.70ms
step:1448/1480 train_time:82131ms step_avg:56.72ms
step:1449/1480 train_time:82211ms step_avg:56.74ms
step:1450/1480 train_time:82296ms step_avg:56.76ms
step:1451/1480 train_time:82376ms step_avg:56.77ms
step:1452/1480 train_time:82461ms step_avg:56.79ms
step:1453/1480 train_time:82543ms step_avg:56.81ms
step:1454/1480 train_time:82628ms step_avg:56.83ms
step:1455/1480 train_time:82708ms step_avg:56.84ms
step:1456/1480 train_time:82794ms step_avg:56.86ms
step:1457/1480 train_time:82874ms step_avg:56.88ms
step:1458/1480 train_time:82959ms step_avg:56.90ms
step:1459/1480 train_time:83039ms step_avg:56.92ms
step:1460/1480 train_time:83124ms step_avg:56.93ms
step:1461/1480 train_time:83204ms step_avg:56.95ms
step:1462/1480 train_time:83289ms step_avg:56.97ms
step:1463/1480 train_time:83368ms step_avg:56.98ms
step:1464/1480 train_time:83454ms step_avg:57.00ms
step:1465/1480 train_time:83535ms step_avg:57.02ms
step:1466/1480 train_time:83622ms step_avg:57.04ms
step:1467/1480 train_time:83702ms step_avg:57.06ms
step:1468/1480 train_time:83787ms step_avg:57.08ms
step:1469/1480 train_time:83865ms step_avg:57.09ms
step:1470/1480 train_time:83951ms step_avg:57.11ms
step:1471/1480 train_time:84031ms step_avg:57.13ms
step:1472/1480 train_time:84118ms step_avg:57.15ms
step:1473/1480 train_time:84198ms step_avg:57.16ms
step:1474/1480 train_time:84283ms step_avg:57.18ms
step:1475/1480 train_time:84363ms step_avg:57.20ms
step:1476/1480 train_time:84448ms step_avg:57.21ms
step:1477/1480 train_time:84528ms step_avg:57.23ms
step:1478/1480 train_time:84614ms step_avg:57.25ms
step:1479/1480 train_time:84692ms step_avg:57.26ms
step:1480/1480 train_time:84778ms step_avg:57.28ms
step:1480/1480 val_loss:3.2795 train_time:84870ms step_avg:57.34ms
peak memory allocated: 31350 MiB reserved: 46668 MiB
