W0420 01:52:27.226000 106216 torch/distributed/run.py:852] 
W0420 01:52:27.226000 106216 torch/distributed/run.py:852] *****************************************
W0420 01:52:27.226000 106216 torch/distributed/run.py:852] Setting OMP_NUM_THREADS environment variable for each process to be 1 in default, to avoid your system being overloaded, please further tune the variable for optimal performance in your application as needed. 
W0420 01:52:27.226000 106216 torch/distributed/run.py:852] *****************************************
[Gloo] Rank 0 is connected to 7 peer ranks. Expected number of connected peer ranks is : 7
[Gloo] Rank 1 is connected to 7 peer ranks. Expected number of connected peer ranks is : 7
[Gloo] Rank 2 is connected to 7 peer ranks. Expected number of connected peer ranks is : 7
[Gloo] Rank 3 is connected to 7 peer ranks. Expected number of connected peer ranks is : 7
[Gloo] Rank [Gloo] Rank 64 is connected to  is connected to 77 peer ranks.  peer ranks. Expected number of connected peer ranks is : Expected number of connected peer ranks is : [Gloo] Rank 77

5 is connected to 7 peer ranks. Expected number of connected peer ranks is : 7
[Gloo] Rank 7 is connected to 7 peer ranks. Expected number of connected peer ranks is : 7
Warning: You are sending unauthenticated requests to the HF Hub. Please set a HF_TOKEN to enable higher rate limits and faster downloads.
Warning: You are sending unauthenticated requests to the HF Hub. Please set a HF_TOKEN to enable higher rate limits and faster downloads.
Warning: You are sending unauthenticated requests to the HF Hub. Please set a HF_TOKEN to enable higher rate limits and faster downloads.
Warning: You are sending unauthenticated requests to the HF Hub. Please set a HF_TOKEN to enable higher rate limits and faster downloads.
Warning: You are sending unauthenticated requests to the HF Hub. Please set a HF_TOKEN to enable higher rate limits and faster downloads.
Warning: You are sending unauthenticated requests to the HF Hub. Please set a HF_TOKEN to enable higher rate limits and faster downloads.
Fetching 4 files:   0%|          | 0/4 [00:00<?, ?it/s]Fetching 4 files: 100%|██████████| 4/4 [00:00<00:00, 98112.37it/s]
Fetching 4 files:   0%|          | 0/4 [00:00<?, ?it/s]Fetching 4 files: 100%|██████████| 4/4 [00:00<00:00, 98689.51it/s]
Fetching 4 files:   0%|          | 0/4 [00:00<?, ?it/s]Fetching 4 files: 100%|██████████| 4/4 [00:00<00:00, 96420.78it/s]
Fetching 4 files:   0%|          | 0/4 [00:00<?, ?it/s]Fetching 4 files: 100%|██████████| 4/4 [00:00<00:00, 49636.73it/s]
Fetching 4 files:   0%|          | 0/4 [00:00<?, ?it/s]Fetching 4 files: 100%|██████████| 4/4 [00:00<00:00, 96978.13it/s]
Fetching 4 files:   0%|          | 0/4 [00:00<?, ?it/s]Fetching 4 files: 100%|██████████| 4/4 [00:00<00:00, 92691.80it/s]
Fetching 4 files:   0%|          | 0/4 [00:00<?, ?it/s]Fetching 4 files: 100%|██████████| 4/4 [00:00<00:00, 100462.37it/s]
Fetching 4 files:   0%|          | 0/4 [00:00<?, ?it/s]Fetching 4 files: 100%|██████████| 4/4 [00:00<00:00, 92182.51it/s]
logs/ecf1f6b6-73ae-433a-84c8-3b39e0e172ea.txt
Compiling model and warming up kernels (~7 minutes on first execution)
Sampling steps [0, 1, 478, 479, 480, 481, 958, 959, 960, 961, 1438, 1439, 1440, 1441] for warmup
Resetting Model
step:0/1480 val_loss:10.8310 train_time:0ms step_avg:0.03ms
step:1/1480 train_time:76ms step_avg:75.78ms
step:2/1480 train_time:97ms step_avg:48.35ms
step:3/1480 train_time:113ms step_avg:37.80ms
step:4/1480 train_time:148ms step_avg:36.99ms
step:5/1480 train_time:176ms step_avg:35.12ms
step:6/1480 train_time:210ms step_avg:35.08ms
step:7/1480 train_time:238ms step_avg:34.04ms
step:8/1480 train_time:273ms step_avg:34.09ms
step:9/1480 train_time:301ms step_avg:33.42ms
step:10/1480 train_time:335ms step_avg:33.53ms
step:11/1480 train_time:363ms step_avg:33.03ms
step:12/1480 train_time:398ms step_avg:33.13ms
step:13/1480 train_time:426ms step_avg:32.75ms
step:14/1480 train_time:460ms step_avg:32.86ms
step:15/1480 train_time:489ms step_avg:32.58ms
step:16/1480 train_time:523ms step_avg:32.67ms
step:17/1480 train_time:551ms step_avg:32.43ms
step:18/1480 train_time:585ms step_avg:32.52ms
step:19/1480 train_time:614ms step_avg:32.31ms
step:20/1480 train_time:648ms step_avg:32.40ms
step:21/1480 train_time:676ms step_avg:32.20ms
step:22/1480 train_time:710ms step_avg:32.29ms
step:23/1480 train_time:739ms step_avg:32.11ms
step:24/1480 train_time:773ms step_avg:32.21ms
step:25/1480 train_time:801ms step_avg:32.05ms
step:26/1480 train_time:836ms step_avg:32.15ms
step:27/1480 train_time:864ms step_avg:31.99ms
step:28/1480 train_time:898ms step_avg:32.07ms
step:29/1480 train_time:926ms step_avg:31.94ms
step:30/1480 train_time:961ms step_avg:32.02ms
step:31/1480 train_time:989ms step_avg:31.90ms
step:32/1480 train_time:1023ms step_avg:31.98ms
step:33/1480 train_time:1052ms step_avg:31.87ms
step:34/1480 train_time:1086ms step_avg:31.93ms
step:35/1480 train_time:1114ms step_avg:31.83ms
step:36/1480 train_time:1149ms step_avg:31.90ms
step:37/1480 train_time:1176ms step_avg:31.79ms
step:38/1480 train_time:1210ms step_avg:31.85ms
step:39/1480 train_time:1239ms step_avg:31.76ms
step:40/1480 train_time:1273ms step_avg:31.82ms
step:41/1480 train_time:1301ms step_avg:31.74ms
step:42/1480 train_time:1336ms step_avg:31.81ms
step:43/1480 train_time:1364ms step_avg:31.72ms
step:44/1480 train_time:1399ms step_avg:31.79ms
step:45/1480 train_time:1427ms step_avg:31.70ms
step:46/1480 train_time:1461ms step_avg:31.76ms
step:47/1480 train_time:1489ms step_avg:31.68ms
step:48/1480 train_time:1523ms step_avg:31.73ms
step:49/1480 train_time:1551ms step_avg:31.66ms
step:50/1480 train_time:1585ms step_avg:31.71ms
step:51/1480 train_time:1614ms step_avg:31.64ms
step:52/1480 train_time:1648ms step_avg:31.70ms
step:53/1480 train_time:1676ms step_avg:31.62ms
step:54/1480 train_time:1710ms step_avg:31.67ms
step:55/1480 train_time:1738ms step_avg:31.61ms
step:56/1480 train_time:1773ms step_avg:31.66ms
step:57/1480 train_time:1801ms step_avg:31.60ms
step:58/1480 train_time:1836ms step_avg:31.65ms
step:59/1480 train_time:1864ms step_avg:31.59ms
step:60/1480 train_time:1898ms step_avg:31.64ms
step:61/1480 train_time:1926ms step_avg:31.58ms
step:62/1480 train_time:1961ms step_avg:31.62ms
step:63/1480 train_time:1989ms step_avg:31.58ms
step:64/1480 train_time:2023ms step_avg:31.62ms
step:65/1480 train_time:2052ms step_avg:31.56ms
step:66/1480 train_time:2086ms step_avg:31.60ms
step:67/1480 train_time:2114ms step_avg:31.55ms
step:68/1480 train_time:2148ms step_avg:31.60ms
step:69/1480 train_time:2176ms step_avg:31.54ms
step:70/1480 train_time:2211ms step_avg:31.58ms
step:71/1480 train_time:2239ms step_avg:31.53ms
step:72/1480 train_time:2273ms step_avg:31.57ms
step:73/1480 train_time:2301ms step_avg:31.52ms
step:74/1480 train_time:2336ms step_avg:31.56ms
step:75/1480 train_time:2363ms step_avg:31.51ms
step:76/1480 train_time:2398ms step_avg:31.55ms
step:77/1480 train_time:2426ms step_avg:31.50ms
step:78/1480 train_time:2460ms step_avg:31.54ms
step:79/1480 train_time:2489ms step_avg:31.50ms
step:80/1480 train_time:2523ms step_avg:31.54ms
step:81/1480 train_time:2551ms step_avg:31.50ms
step:82/1480 train_time:2585ms step_avg:31.53ms
step:83/1480 train_time:2614ms step_avg:31.49ms
step:84/1480 train_time:2648ms step_avg:31.53ms
step:85/1480 train_time:2676ms step_avg:31.49ms
step:86/1480 train_time:2711ms step_avg:31.52ms
step:87/1480 train_time:2739ms step_avg:31.48ms
step:88/1480 train_time:2773ms step_avg:31.51ms
step:89/1480 train_time:2801ms step_avg:31.48ms
step:90/1480 train_time:2836ms step_avg:31.51ms
step:91/1480 train_time:2864ms step_avg:31.47ms
step:92/1480 train_time:2899ms step_avg:31.51ms
step:93/1480 train_time:2927ms step_avg:31.47ms
step:94/1480 train_time:2961ms step_avg:31.50ms
step:95/1480 train_time:2989ms step_avg:31.47ms
step:96/1480 train_time:3023ms step_avg:31.49ms
step:97/1480 train_time:3052ms step_avg:31.46ms
step:98/1480 train_time:3086ms step_avg:31.48ms
step:99/1480 train_time:3114ms step_avg:31.45ms
step:100/1480 train_time:3148ms step_avg:31.48ms
step:101/1480 train_time:3176ms step_avg:31.45ms
step:102/1480 train_time:3211ms step_avg:31.48ms
step:103/1480 train_time:3239ms step_avg:31.45ms
step:104/1480 train_time:3273ms step_avg:31.47ms
step:105/1480 train_time:3301ms step_avg:31.44ms
step:106/1480 train_time:3336ms step_avg:31.47ms
step:107/1480 train_time:3364ms step_avg:31.44ms
step:108/1480 train_time:3398ms step_avg:31.46ms
step:109/1480 train_time:3426ms step_avg:31.43ms
step:110/1480 train_time:3460ms step_avg:31.46ms
step:111/1480 train_time:3489ms step_avg:31.43ms
step:112/1480 train_time:3523ms step_avg:31.46ms
step:113/1480 train_time:3551ms step_avg:31.43ms
step:114/1480 train_time:3585ms step_avg:31.45ms
step:115/1480 train_time:3614ms step_avg:31.42ms
step:116/1480 train_time:3647ms step_avg:31.44ms
step:117/1480 train_time:3676ms step_avg:31.42ms
step:118/1480 train_time:3710ms step_avg:31.44ms
step:119/1480 train_time:3738ms step_avg:31.41ms
step:120/1480 train_time:3772ms step_avg:31.44ms
step:121/1480 train_time:3801ms step_avg:31.41ms
step:122/1480 train_time:3836ms step_avg:31.44ms
step:123/1480 train_time:3864ms step_avg:31.41ms
step:124/1480 train_time:3898ms step_avg:31.44ms
step:125/1480 train_time:3926ms step_avg:31.41ms
step:126/1480 train_time:3960ms step_avg:31.43ms
step:127/1480 train_time:3988ms step_avg:31.41ms
step:128/1480 train_time:4022ms step_avg:31.43ms
step:129/1480 train_time:4051ms step_avg:31.40ms
step:130/1480 train_time:4085ms step_avg:31.42ms
step:131/1480 train_time:4113ms step_avg:31.40ms
step:132/1480 train_time:4147ms step_avg:31.42ms
step:133/1480 train_time:4175ms step_avg:31.39ms
step:134/1480 train_time:4210ms step_avg:31.41ms
step:135/1480 train_time:4238ms step_avg:31.39ms
step:136/1480 train_time:4272ms step_avg:31.41ms
step:137/1480 train_time:4301ms step_avg:31.39ms
step:138/1480 train_time:4335ms step_avg:31.41ms
step:139/1480 train_time:4363ms step_avg:31.39ms
step:140/1480 train_time:4398ms step_avg:31.41ms
step:141/1480 train_time:4426ms step_avg:31.39ms
step:142/1480 train_time:4460ms step_avg:31.41ms
step:143/1480 train_time:4488ms step_avg:31.39ms
step:144/1480 train_time:4522ms step_avg:31.40ms
step:145/1480 train_time:4550ms step_avg:31.38ms
step:146/1480 train_time:4584ms step_avg:31.40ms
step:147/1480 train_time:4613ms step_avg:31.38ms
step:148/1480 train_time:4647ms step_avg:31.40ms
step:149/1480 train_time:4675ms step_avg:31.38ms
step:150/1480 train_time:4709ms step_avg:31.39ms
step:151/1480 train_time:4738ms step_avg:31.37ms
step:152/1480 train_time:4772ms step_avg:31.39ms
step:153/1480 train_time:4800ms step_avg:31.37ms
step:154/1480 train_time:4835ms step_avg:31.39ms
step:155/1480 train_time:4863ms step_avg:31.37ms
step:156/1480 train_time:4897ms step_avg:31.39ms
step:157/1480 train_time:4925ms step_avg:31.37ms
step:158/1480 train_time:4959ms step_avg:31.39ms
step:159/1480 train_time:4987ms step_avg:31.37ms
step:160/1480 train_time:5021ms step_avg:31.38ms
step:161/1480 train_time:5050ms step_avg:31.36ms
step:162/1480 train_time:5084ms step_avg:31.38ms
step:163/1480 train_time:5112ms step_avg:31.36ms
step:164/1480 train_time:5146ms step_avg:31.38ms
step:165/1480 train_time:5174ms step_avg:31.36ms
step:166/1480 train_time:5208ms step_avg:31.37ms
step:167/1480 train_time:5236ms step_avg:31.35ms
step:168/1480 train_time:5271ms step_avg:31.37ms
step:169/1480 train_time:5299ms step_avg:31.35ms
step:170/1480 train_time:5333ms step_avg:31.37ms
step:171/1480 train_time:5362ms step_avg:31.35ms
step:172/1480 train_time:5396ms step_avg:31.37ms
step:173/1480 train_time:5424ms step_avg:31.35ms
step:174/1480 train_time:5459ms step_avg:31.37ms
step:175/1480 train_time:5486ms step_avg:31.35ms
step:176/1480 train_time:5520ms step_avg:31.37ms
step:177/1480 train_time:5549ms step_avg:31.35ms
step:178/1480 train_time:5583ms step_avg:31.37ms
step:179/1480 train_time:5611ms step_avg:31.35ms
step:180/1480 train_time:5645ms step_avg:31.36ms
step:181/1480 train_time:5673ms step_avg:31.34ms
step:182/1480 train_time:5707ms step_avg:31.36ms
step:183/1480 train_time:5736ms step_avg:31.34ms
step:184/1480 train_time:5771ms step_avg:31.36ms
step:185/1480 train_time:5799ms step_avg:31.34ms
step:186/1480 train_time:5833ms step_avg:31.36ms
step:187/1480 train_time:5861ms step_avg:31.34ms
step:188/1480 train_time:5895ms step_avg:31.36ms
step:189/1480 train_time:5923ms step_avg:31.34ms
step:190/1480 train_time:5958ms step_avg:31.36ms
step:191/1480 train_time:5986ms step_avg:31.34ms
step:192/1480 train_time:6020ms step_avg:31.35ms
step:193/1480 train_time:6048ms step_avg:31.34ms
step:194/1480 train_time:6082ms step_avg:31.35ms
step:195/1480 train_time:6110ms step_avg:31.33ms
step:196/1480 train_time:6144ms step_avg:31.35ms
step:197/1480 train_time:6172ms step_avg:31.33ms
step:198/1480 train_time:6206ms step_avg:31.34ms
step:199/1480 train_time:6235ms step_avg:31.33ms
step:200/1480 train_time:6269ms step_avg:31.34ms
step:201/1480 train_time:6297ms step_avg:31.33ms
step:202/1480 train_time:6331ms step_avg:31.34ms
step:203/1480 train_time:6359ms step_avg:31.33ms
step:204/1480 train_time:6394ms step_avg:31.34ms
step:205/1480 train_time:6422ms step_avg:31.33ms
step:206/1480 train_time:6457ms step_avg:31.34ms
step:207/1480 train_time:6485ms step_avg:31.33ms
step:208/1480 train_time:6519ms step_avg:31.34ms
step:209/1480 train_time:6547ms step_avg:31.32ms
step:210/1480 train_time:6581ms step_avg:31.34ms
step:211/1480 train_time:6609ms step_avg:31.32ms
step:212/1480 train_time:6643ms step_avg:31.33ms
step:213/1480 train_time:6671ms step_avg:31.32ms
step:214/1480 train_time:6705ms step_avg:31.33ms
step:215/1480 train_time:6733ms step_avg:31.32ms
step:216/1480 train_time:6768ms step_avg:31.33ms
step:217/1480 train_time:6796ms step_avg:31.32ms
step:218/1480 train_time:6830ms step_avg:31.33ms
step:219/1480 train_time:6859ms step_avg:31.32ms
step:220/1480 train_time:6893ms step_avg:31.33ms
step:221/1480 train_time:6921ms step_avg:31.32ms
step:222/1480 train_time:6956ms step_avg:31.33ms
step:223/1480 train_time:6983ms step_avg:31.32ms
step:224/1480 train_time:7018ms step_avg:31.33ms
step:225/1480 train_time:7046ms step_avg:31.31ms
step:226/1480 train_time:7080ms step_avg:31.33ms
step:227/1480 train_time:7108ms step_avg:31.31ms
step:228/1480 train_time:7142ms step_avg:31.33ms
step:229/1480 train_time:7170ms step_avg:31.31ms
step:230/1480 train_time:7205ms step_avg:31.32ms
step:231/1480 train_time:7233ms step_avg:31.31ms
step:232/1480 train_time:7267ms step_avg:31.32ms
step:233/1480 train_time:7295ms step_avg:31.31ms
step:234/1480 train_time:7329ms step_avg:31.32ms
step:235/1480 train_time:7358ms step_avg:31.31ms
step:236/1480 train_time:7392ms step_avg:31.32ms
step:237/1480 train_time:7420ms step_avg:31.31ms
step:238/1480 train_time:7455ms step_avg:31.32ms
step:239/1480 train_time:7483ms step_avg:31.31ms
step:240/1480 train_time:7517ms step_avg:31.32ms
step:241/1480 train_time:7545ms step_avg:31.31ms
step:242/1480 train_time:7579ms step_avg:31.32ms
step:243/1480 train_time:7608ms step_avg:31.31ms
step:244/1480 train_time:7642ms step_avg:31.32ms
step:245/1480 train_time:7670ms step_avg:31.31ms
step:246/1480 train_time:7704ms step_avg:31.32ms
step:247/1480 train_time:7733ms step_avg:31.31ms
step:248/1480 train_time:7767ms step_avg:31.32ms
step:249/1480 train_time:7795ms step_avg:31.31ms
step:250/1480 train_time:7830ms step_avg:31.32ms
step:250/1480 val_loss:4.4920 train_time:7868ms step_avg:31.47ms
step:251/1480 train_time:7883ms step_avg:31.41ms
step:252/1480 train_time:7900ms step_avg:31.35ms
step:253/1480 train_time:7923ms step_avg:31.32ms
step:254/1480 train_time:7958ms step_avg:31.33ms
step:255/1480 train_time:7987ms step_avg:31.32ms
step:256/1480 train_time:8021ms step_avg:31.33ms
step:257/1480 train_time:8050ms step_avg:31.32ms
step:258/1480 train_time:8084ms step_avg:31.33ms
step:259/1480 train_time:8112ms step_avg:31.32ms
step:260/1480 train_time:8146ms step_avg:31.33ms
step:261/1480 train_time:8174ms step_avg:31.32ms
step:262/1480 train_time:8209ms step_avg:31.33ms
step:263/1480 train_time:8237ms step_avg:31.32ms
step:264/1480 train_time:8271ms step_avg:31.33ms
step:265/1480 train_time:8299ms step_avg:31.32ms
step:266/1480 train_time:8333ms step_avg:31.33ms
step:267/1480 train_time:8361ms step_avg:31.32ms
step:268/1480 train_time:8395ms step_avg:31.33ms
step:269/1480 train_time:8423ms step_avg:31.31ms
step:270/1480 train_time:8457ms step_avg:31.32ms
step:271/1480 train_time:8485ms step_avg:31.31ms
step:272/1480 train_time:8519ms step_avg:31.32ms
step:273/1480 train_time:8547ms step_avg:31.31ms
step:274/1480 train_time:8582ms step_avg:31.32ms
step:275/1480 train_time:8610ms step_avg:31.31ms
step:276/1480 train_time:8644ms step_avg:31.32ms
step:277/1480 train_time:8672ms step_avg:31.31ms
step:278/1480 train_time:8706ms step_avg:31.32ms
step:279/1480 train_time:8734ms step_avg:31.30ms
step:280/1480 train_time:8768ms step_avg:31.31ms
step:281/1480 train_time:8796ms step_avg:31.30ms
step:282/1480 train_time:8830ms step_avg:31.31ms
step:283/1480 train_time:8858ms step_avg:31.30ms
step:284/1480 train_time:8893ms step_avg:31.31ms
step:285/1480 train_time:8921ms step_avg:31.30ms
step:286/1480 train_time:8955ms step_avg:31.31ms
step:287/1480 train_time:8984ms step_avg:31.30ms
step:288/1480 train_time:9018ms step_avg:31.31ms
step:289/1480 train_time:9046ms step_avg:31.30ms
step:290/1480 train_time:9081ms step_avg:31.31ms
step:291/1480 train_time:9109ms step_avg:31.30ms
step:292/1480 train_time:9143ms step_avg:31.31ms
step:293/1480 train_time:9172ms step_avg:31.30ms
step:294/1480 train_time:9206ms step_avg:31.31ms
step:295/1480 train_time:9234ms step_avg:31.30ms
step:296/1480 train_time:9268ms step_avg:31.31ms
step:297/1480 train_time:9297ms step_avg:31.30ms
step:298/1480 train_time:9331ms step_avg:31.31ms
step:299/1480 train_time:9359ms step_avg:31.30ms
step:300/1480 train_time:9393ms step_avg:31.31ms
step:301/1480 train_time:9421ms step_avg:31.30ms
step:302/1480 train_time:9455ms step_avg:31.31ms
step:303/1480 train_time:9484ms step_avg:31.30ms
step:304/1480 train_time:9518ms step_avg:31.31ms
step:305/1480 train_time:9548ms step_avg:31.30ms
step:306/1480 train_time:9580ms step_avg:31.31ms
step:307/1480 train_time:9608ms step_avg:31.30ms
step:308/1480 train_time:9643ms step_avg:31.31ms
step:309/1480 train_time:9671ms step_avg:31.30ms
step:310/1480 train_time:9705ms step_avg:31.31ms
step:311/1480 train_time:9733ms step_avg:31.29ms
step:312/1480 train_time:9767ms step_avg:31.30ms
step:313/1480 train_time:9795ms step_avg:31.29ms
step:314/1480 train_time:9829ms step_avg:31.30ms
step:315/1480 train_time:9857ms step_avg:31.29ms
step:316/1480 train_time:9891ms step_avg:31.30ms
step:317/1480 train_time:9919ms step_avg:31.29ms
step:318/1480 train_time:9953ms step_avg:31.30ms
step:319/1480 train_time:9982ms step_avg:31.29ms
step:320/1480 train_time:10016ms step_avg:31.30ms
step:321/1480 train_time:10044ms step_avg:31.29ms
step:322/1480 train_time:10078ms step_avg:31.30ms
step:323/1480 train_time:10107ms step_avg:31.29ms
step:324/1480 train_time:10141ms step_avg:31.30ms
step:325/1480 train_time:10169ms step_avg:31.29ms
step:326/1480 train_time:10204ms step_avg:31.30ms
step:327/1480 train_time:10232ms step_avg:31.29ms
step:328/1480 train_time:10266ms step_avg:31.30ms
step:329/1480 train_time:10294ms step_avg:31.29ms
step:330/1480 train_time:10328ms step_avg:31.30ms
step:331/1480 train_time:10356ms step_avg:31.29ms
step:332/1480 train_time:10390ms step_avg:31.30ms
step:333/1480 train_time:10419ms step_avg:31.29ms
step:334/1480 train_time:10453ms step_avg:31.30ms
step:335/1480 train_time:10481ms step_avg:31.29ms
step:336/1480 train_time:10515ms step_avg:31.30ms
step:337/1480 train_time:10544ms step_avg:31.29ms
step:338/1480 train_time:10578ms step_avg:31.30ms
step:339/1480 train_time:10607ms step_avg:31.29ms
step:340/1480 train_time:10641ms step_avg:31.30ms
step:341/1480 train_time:10669ms step_avg:31.29ms
step:342/1480 train_time:10703ms step_avg:31.30ms
step:343/1480 train_time:10731ms step_avg:31.29ms
step:344/1480 train_time:10766ms step_avg:31.30ms
step:345/1480 train_time:10793ms step_avg:31.29ms
step:346/1480 train_time:10828ms step_avg:31.29ms
step:347/1480 train_time:10856ms step_avg:31.28ms
step:348/1480 train_time:10890ms step_avg:31.29ms
step:349/1480 train_time:10918ms step_avg:31.28ms
step:350/1480 train_time:10952ms step_avg:31.29ms
step:351/1480 train_time:10981ms step_avg:31.28ms
step:352/1480 train_time:11015ms step_avg:31.29ms
step:353/1480 train_time:11044ms step_avg:31.28ms
step:354/1480 train_time:11077ms step_avg:31.29ms
step:355/1480 train_time:11106ms step_avg:31.28ms
step:356/1480 train_time:11140ms step_avg:31.29ms
step:357/1480 train_time:11168ms step_avg:31.28ms
step:358/1480 train_time:11202ms step_avg:31.29ms
step:359/1480 train_time:11231ms step_avg:31.28ms
step:360/1480 train_time:11265ms step_avg:31.29ms
step:361/1480 train_time:11293ms step_avg:31.28ms
step:362/1480 train_time:11328ms step_avg:31.29ms
step:363/1480 train_time:11355ms step_avg:31.28ms
step:364/1480 train_time:11389ms step_avg:31.29ms
step:365/1480 train_time:11418ms step_avg:31.28ms
step:366/1480 train_time:11452ms step_avg:31.29ms
step:367/1480 train_time:11480ms step_avg:31.28ms
step:368/1480 train_time:11514ms step_avg:31.29ms
step:369/1480 train_time:11543ms step_avg:31.28ms
step:370/1480 train_time:11577ms step_avg:31.29ms
step:371/1480 train_time:11605ms step_avg:31.28ms
step:372/1480 train_time:11639ms step_avg:31.29ms
step:373/1480 train_time:11668ms step_avg:31.28ms
step:374/1480 train_time:11702ms step_avg:31.29ms
step:375/1480 train_time:11730ms step_avg:31.28ms
step:376/1480 train_time:11764ms step_avg:31.29ms
step:377/1480 train_time:11792ms step_avg:31.28ms
step:378/1480 train_time:11826ms step_avg:31.29ms
step:379/1480 train_time:11854ms step_avg:31.28ms
step:380/1480 train_time:11889ms step_avg:31.29ms
step:381/1480 train_time:11917ms step_avg:31.28ms
step:382/1480 train_time:11951ms step_avg:31.28ms
step:383/1480 train_time:11979ms step_avg:31.28ms
step:384/1480 train_time:12013ms step_avg:31.29ms
step:385/1480 train_time:12042ms step_avg:31.28ms
step:386/1480 train_time:12076ms step_avg:31.28ms
step:387/1480 train_time:12104ms step_avg:31.28ms
step:388/1480 train_time:12138ms step_avg:31.28ms
step:389/1480 train_time:12166ms step_avg:31.28ms
step:390/1480 train_time:12201ms step_avg:31.28ms
step:391/1480 train_time:12229ms step_avg:31.28ms
step:392/1480 train_time:12263ms step_avg:31.28ms
step:393/1480 train_time:12291ms step_avg:31.28ms
step:394/1480 train_time:12326ms step_avg:31.28ms
step:395/1480 train_time:12354ms step_avg:31.28ms
step:396/1480 train_time:12388ms step_avg:31.28ms
step:397/1480 train_time:12416ms step_avg:31.28ms
step:398/1480 train_time:12450ms step_avg:31.28ms
step:399/1480 train_time:12479ms step_avg:31.28ms
step:400/1480 train_time:12513ms step_avg:31.28ms
step:401/1480 train_time:12542ms step_avg:31.28ms
step:402/1480 train_time:12576ms step_avg:31.28ms
step:403/1480 train_time:12604ms step_avg:31.28ms
step:404/1480 train_time:12638ms step_avg:31.28ms
step:405/1480 train_time:12666ms step_avg:31.27ms
step:406/1480 train_time:12700ms step_avg:31.28ms
step:407/1480 train_time:12728ms step_avg:31.27ms
step:408/1480 train_time:12763ms step_avg:31.28ms
step:409/1480 train_time:12791ms step_avg:31.27ms
step:410/1480 train_time:12825ms step_avg:31.28ms
step:411/1480 train_time:12853ms step_avg:31.27ms
step:412/1480 train_time:12888ms step_avg:31.28ms
step:413/1480 train_time:12916ms step_avg:31.27ms
step:414/1480 train_time:12950ms step_avg:31.28ms
step:415/1480 train_time:12978ms step_avg:31.27ms
step:416/1480 train_time:13012ms step_avg:31.28ms
step:417/1480 train_time:13041ms step_avg:31.27ms
step:418/1480 train_time:13075ms step_avg:31.28ms
step:419/1480 train_time:13103ms step_avg:31.27ms
step:420/1480 train_time:13137ms step_avg:31.28ms
step:421/1480 train_time:13166ms step_avg:31.27ms
step:422/1480 train_time:13200ms step_avg:31.28ms
step:423/1480 train_time:13228ms step_avg:31.27ms
step:424/1480 train_time:13262ms step_avg:31.28ms
step:425/1480 train_time:13291ms step_avg:31.27ms
step:426/1480 train_time:13325ms step_avg:31.28ms
step:427/1480 train_time:13353ms step_avg:31.27ms
step:428/1480 train_time:13388ms step_avg:31.28ms
step:429/1480 train_time:13416ms step_avg:31.27ms
step:430/1480 train_time:13450ms step_avg:31.28ms
step:431/1480 train_time:13478ms step_avg:31.27ms
step:432/1480 train_time:13512ms step_avg:31.28ms
step:433/1480 train_time:13541ms step_avg:31.27ms
step:434/1480 train_time:13575ms step_avg:31.28ms
step:435/1480 train_time:13603ms step_avg:31.27ms
step:436/1480 train_time:13637ms step_avg:31.28ms
step:437/1480 train_time:13665ms step_avg:31.27ms
step:438/1480 train_time:13699ms step_avg:31.28ms
step:439/1480 train_time:13727ms step_avg:31.27ms
step:440/1480 train_time:13762ms step_avg:31.28ms
step:441/1480 train_time:13790ms step_avg:31.27ms
step:442/1480 train_time:13824ms step_avg:31.28ms
step:443/1480 train_time:13852ms step_avg:31.27ms
step:444/1480 train_time:13887ms step_avg:31.28ms
step:445/1480 train_time:13915ms step_avg:31.27ms
step:446/1480 train_time:13949ms step_avg:31.28ms
step:447/1480 train_time:13977ms step_avg:31.27ms
step:448/1480 train_time:14011ms step_avg:31.28ms
step:449/1480 train_time:14040ms step_avg:31.27ms
step:450/1480 train_time:14074ms step_avg:31.27ms
step:451/1480 train_time:14102ms step_avg:31.27ms
step:452/1480 train_time:14136ms step_avg:31.27ms
step:453/1480 train_time:14164ms step_avg:31.27ms
step:454/1480 train_time:14199ms step_avg:31.27ms
step:455/1480 train_time:14227ms step_avg:31.27ms
step:456/1480 train_time:14261ms step_avg:31.27ms
step:457/1480 train_time:14289ms step_avg:31.27ms
step:458/1480 train_time:14324ms step_avg:31.27ms
step:459/1480 train_time:14352ms step_avg:31.27ms
step:460/1480 train_time:14386ms step_avg:31.27ms
step:461/1480 train_time:14414ms step_avg:31.27ms
step:462/1480 train_time:14449ms step_avg:31.27ms
step:463/1480 train_time:14477ms step_avg:31.27ms
step:464/1480 train_time:14511ms step_avg:31.27ms
step:465/1480 train_time:14539ms step_avg:31.27ms
step:466/1480 train_time:14573ms step_avg:31.27ms
step:467/1480 train_time:14602ms step_avg:31.27ms
step:468/1480 train_time:14636ms step_avg:31.27ms
step:469/1480 train_time:14664ms step_avg:31.27ms
step:470/1480 train_time:14698ms step_avg:31.27ms
step:471/1480 train_time:14726ms step_avg:31.27ms
step:472/1480 train_time:14760ms step_avg:31.27ms
step:473/1480 train_time:14788ms step_avg:31.26ms
step:474/1480 train_time:14823ms step_avg:31.27ms
step:475/1480 train_time:14851ms step_avg:31.26ms
step:476/1480 train_time:14885ms step_avg:31.27ms
step:477/1480 train_time:14913ms step_avg:31.26ms
step:478/1480 train_time:14948ms step_avg:31.27ms
step:479/1480 train_time:14976ms step_avg:31.26ms
step:480/1480 train_time:15010ms step_avg:31.27ms
step:481/1480 train_time:15039ms step_avg:31.27ms
step:482/1480 train_time:15101ms step_avg:31.33ms
step:483/1480 train_time:15155ms step_avg:31.38ms
step:484/1480 train_time:15214ms step_avg:31.43ms
step:485/1480 train_time:15268ms step_avg:31.48ms
step:486/1480 train_time:15329ms step_avg:31.54ms
step:487/1480 train_time:15382ms step_avg:31.59ms
step:488/1480 train_time:15442ms step_avg:31.64ms
step:489/1480 train_time:15497ms step_avg:31.69ms
step:490/1480 train_time:15557ms step_avg:31.75ms
step:491/1480 train_time:15611ms step_avg:31.79ms
step:492/1480 train_time:15671ms step_avg:31.85ms
step:493/1480 train_time:15725ms step_avg:31.90ms
step:494/1480 train_time:15783ms step_avg:31.95ms
step:495/1480 train_time:15838ms step_avg:32.00ms
step:496/1480 train_time:15897ms step_avg:32.05ms
step:497/1480 train_time:15951ms step_avg:32.09ms
step:498/1480 train_time:16011ms step_avg:32.15ms
step:499/1480 train_time:16064ms step_avg:32.19ms
step:500/1480 train_time:16122ms step_avg:32.24ms
step:500/1480 val_loss:4.2036 train_time:16187ms step_avg:32.37ms
step:501/1480 train_time:16203ms step_avg:32.34ms
step:502/1480 train_time:16237ms step_avg:32.34ms
step:503/1480 train_time:16293ms step_avg:32.39ms
step:504/1480 train_time:16353ms step_avg:32.45ms
step:505/1480 train_time:16407ms step_avg:32.49ms
step:506/1480 train_time:16467ms step_avg:32.54ms
step:507/1480 train_time:16522ms step_avg:32.59ms
step:508/1480 train_time:16581ms step_avg:32.64ms
step:509/1480 train_time:16634ms step_avg:32.68ms
step:510/1480 train_time:16693ms step_avg:32.73ms
step:511/1480 train_time:16746ms step_avg:32.77ms
step:512/1480 train_time:16805ms step_avg:32.82ms
step:513/1480 train_time:16859ms step_avg:32.86ms
step:514/1480 train_time:16917ms step_avg:32.91ms
step:515/1480 train_time:16971ms step_avg:32.95ms
step:516/1480 train_time:17030ms step_avg:33.00ms
step:517/1480 train_time:17083ms step_avg:33.04ms
step:518/1480 train_time:17143ms step_avg:33.10ms
step:519/1480 train_time:17199ms step_avg:33.14ms
step:520/1480 train_time:17259ms step_avg:33.19ms
step:521/1480 train_time:17313ms step_avg:33.23ms
step:522/1480 train_time:17373ms step_avg:33.28ms
step:523/1480 train_time:17427ms step_avg:33.32ms
step:524/1480 train_time:17488ms step_avg:33.37ms
step:525/1480 train_time:17541ms step_avg:33.41ms
step:526/1480 train_time:17600ms step_avg:33.46ms
step:527/1480 train_time:17654ms step_avg:33.50ms
step:528/1480 train_time:17712ms step_avg:33.55ms
step:529/1480 train_time:17766ms step_avg:33.58ms
step:530/1480 train_time:17825ms step_avg:33.63ms
step:531/1480 train_time:17878ms step_avg:33.67ms
step:532/1480 train_time:17937ms step_avg:33.72ms
step:533/1480 train_time:17991ms step_avg:33.75ms
step:534/1480 train_time:18050ms step_avg:33.80ms
step:535/1480 train_time:18105ms step_avg:33.84ms
step:536/1480 train_time:18164ms step_avg:33.89ms
step:537/1480 train_time:18218ms step_avg:33.93ms
step:538/1480 train_time:18278ms step_avg:33.97ms
step:539/1480 train_time:18333ms step_avg:34.01ms
step:540/1480 train_time:18393ms step_avg:34.06ms
step:541/1480 train_time:18447ms step_avg:34.10ms
step:542/1480 train_time:18506ms step_avg:34.14ms
step:543/1480 train_time:18560ms step_avg:34.18ms
step:544/1480 train_time:18619ms step_avg:34.23ms
step:545/1480 train_time:18672ms step_avg:34.26ms
step:546/1480 train_time:18732ms step_avg:34.31ms
step:547/1480 train_time:18786ms step_avg:34.34ms
step:548/1480 train_time:18845ms step_avg:34.39ms
step:549/1480 train_time:18898ms step_avg:34.42ms
step:550/1480 train_time:18957ms step_avg:34.47ms
step:551/1480 train_time:19010ms step_avg:34.50ms
step:552/1480 train_time:19070ms step_avg:34.55ms
step:553/1480 train_time:19124ms step_avg:34.58ms
step:554/1480 train_time:19184ms step_avg:34.63ms
step:555/1480 train_time:19237ms step_avg:34.66ms
step:556/1480 train_time:19297ms step_avg:34.71ms
step:557/1480 train_time:19351ms step_avg:34.74ms
step:558/1480 train_time:19411ms step_avg:34.79ms
step:559/1480 train_time:19464ms step_avg:34.82ms
step:560/1480 train_time:19524ms step_avg:34.86ms
step:561/1480 train_time:19578ms step_avg:34.90ms
step:562/1480 train_time:19637ms step_avg:34.94ms
step:563/1480 train_time:19691ms step_avg:34.97ms
step:564/1480 train_time:19750ms step_avg:35.02ms
step:565/1480 train_time:19804ms step_avg:35.05ms
step:566/1480 train_time:19863ms step_avg:35.09ms
step:567/1480 train_time:19916ms step_avg:35.13ms
step:568/1480 train_time:19975ms step_avg:35.17ms
step:569/1480 train_time:20029ms step_avg:35.20ms
step:570/1480 train_time:20089ms step_avg:35.24ms
step:571/1480 train_time:20143ms step_avg:35.28ms
step:572/1480 train_time:20203ms step_avg:35.32ms
step:573/1480 train_time:20257ms step_avg:35.35ms
step:574/1480 train_time:20316ms step_avg:35.39ms
step:575/1480 train_time:20371ms step_avg:35.43ms
step:576/1480 train_time:20429ms step_avg:35.47ms
step:577/1480 train_time:20483ms step_avg:35.50ms
step:578/1480 train_time:20543ms step_avg:35.54ms
step:579/1480 train_time:20597ms step_avg:35.57ms
step:580/1480 train_time:20656ms step_avg:35.61ms
step:581/1480 train_time:20709ms step_avg:35.64ms
step:582/1480 train_time:20769ms step_avg:35.69ms
step:583/1480 train_time:20823ms step_avg:35.72ms
step:584/1480 train_time:20882ms step_avg:35.76ms
step:585/1480 train_time:20937ms step_avg:35.79ms
step:586/1480 train_time:20995ms step_avg:35.83ms
step:587/1480 train_time:21049ms step_avg:35.86ms
step:588/1480 train_time:21109ms step_avg:35.90ms
step:589/1480 train_time:21163ms step_avg:35.93ms
step:590/1480 train_time:21223ms step_avg:35.97ms
step:591/1480 train_time:21277ms step_avg:36.00ms
step:592/1480 train_time:21336ms step_avg:36.04ms
step:593/1480 train_time:21389ms step_avg:36.07ms
step:594/1480 train_time:21449ms step_avg:36.11ms
step:595/1480 train_time:21502ms step_avg:36.14ms
step:596/1480 train_time:21562ms step_avg:36.18ms
step:597/1480 train_time:21616ms step_avg:36.21ms
step:598/1480 train_time:21675ms step_avg:36.25ms
step:599/1480 train_time:21728ms step_avg:36.27ms
step:600/1480 train_time:21788ms step_avg:36.31ms
step:601/1480 train_time:21842ms step_avg:36.34ms
step:602/1480 train_time:21902ms step_avg:36.38ms
step:603/1480 train_time:21956ms step_avg:36.41ms
step:604/1480 train_time:22015ms step_avg:36.45ms
step:605/1480 train_time:22068ms step_avg:36.48ms
step:606/1480 train_time:22128ms step_avg:36.51ms
step:607/1480 train_time:22181ms step_avg:36.54ms
step:608/1480 train_time:22241ms step_avg:36.58ms
step:609/1480 train_time:22295ms step_avg:36.61ms
step:610/1480 train_time:22354ms step_avg:36.65ms
step:611/1480 train_time:22408ms step_avg:36.67ms
step:612/1480 train_time:22468ms step_avg:36.71ms
step:613/1480 train_time:22521ms step_avg:36.74ms
step:614/1480 train_time:22581ms step_avg:36.78ms
step:615/1480 train_time:22634ms step_avg:36.80ms
step:616/1480 train_time:22693ms step_avg:36.84ms
step:617/1480 train_time:22747ms step_avg:36.87ms
step:618/1480 train_time:22807ms step_avg:36.90ms
step:619/1480 train_time:22860ms step_avg:36.93ms
step:620/1480 train_time:22920ms step_avg:36.97ms
step:621/1480 train_time:22974ms step_avg:37.00ms
step:622/1480 train_time:23033ms step_avg:37.03ms
step:623/1480 train_time:23087ms step_avg:37.06ms
step:624/1480 train_time:23146ms step_avg:37.09ms
step:625/1480 train_time:23200ms step_avg:37.12ms
step:626/1480 train_time:23260ms step_avg:37.16ms
step:627/1480 train_time:23314ms step_avg:37.18ms
step:628/1480 train_time:23374ms step_avg:37.22ms
step:629/1480 train_time:23428ms step_avg:37.25ms
step:630/1480 train_time:23487ms step_avg:37.28ms
step:631/1480 train_time:23541ms step_avg:37.31ms
step:632/1480 train_time:23601ms step_avg:37.34ms
step:633/1480 train_time:23654ms step_avg:37.37ms
step:634/1480 train_time:23713ms step_avg:37.40ms
step:635/1480 train_time:23768ms step_avg:37.43ms
step:636/1480 train_time:23826ms step_avg:37.46ms
step:637/1480 train_time:23881ms step_avg:37.49ms
step:638/1480 train_time:23941ms step_avg:37.53ms
step:639/1480 train_time:23995ms step_avg:37.55ms
step:640/1480 train_time:24053ms step_avg:37.58ms
step:641/1480 train_time:24108ms step_avg:37.61ms
step:642/1480 train_time:24167ms step_avg:37.64ms
step:643/1480 train_time:24221ms step_avg:37.67ms
step:644/1480 train_time:24280ms step_avg:37.70ms
step:645/1480 train_time:24333ms step_avg:37.73ms
step:646/1480 train_time:24393ms step_avg:37.76ms
step:647/1480 train_time:24446ms step_avg:37.78ms
step:648/1480 train_time:24507ms step_avg:37.82ms
step:649/1480 train_time:24560ms step_avg:37.84ms
step:650/1480 train_time:24619ms step_avg:37.87ms
step:651/1480 train_time:24673ms step_avg:37.90ms
step:652/1480 train_time:24732ms step_avg:37.93ms
step:653/1480 train_time:24786ms step_avg:37.96ms
step:654/1480 train_time:24846ms step_avg:37.99ms
step:655/1480 train_time:24900ms step_avg:38.02ms
step:656/1480 train_time:24960ms step_avg:38.05ms
step:657/1480 train_time:25013ms step_avg:38.07ms
step:658/1480 train_time:25073ms step_avg:38.10ms
step:659/1480 train_time:25127ms step_avg:38.13ms
step:660/1480 train_time:25187ms step_avg:38.16ms
step:661/1480 train_time:25240ms step_avg:38.19ms
step:662/1480 train_time:25300ms step_avg:38.22ms
step:663/1480 train_time:25354ms step_avg:38.24ms
step:664/1480 train_time:25413ms step_avg:38.27ms
step:665/1480 train_time:25467ms step_avg:38.30ms
step:666/1480 train_time:25526ms step_avg:38.33ms
step:667/1480 train_time:25580ms step_avg:38.35ms
step:668/1480 train_time:25639ms step_avg:38.38ms
step:669/1480 train_time:25693ms step_avg:38.41ms
step:670/1480 train_time:25752ms step_avg:38.44ms
step:671/1480 train_time:25807ms step_avg:38.46ms
step:672/1480 train_time:25866ms step_avg:38.49ms
step:673/1480 train_time:25920ms step_avg:38.51ms
step:674/1480 train_time:25979ms step_avg:38.54ms
step:675/1480 train_time:26033ms step_avg:38.57ms
step:676/1480 train_time:26092ms step_avg:38.60ms
step:677/1480 train_time:26146ms step_avg:38.62ms
step:678/1480 train_time:26206ms step_avg:38.65ms
step:679/1480 train_time:26260ms step_avg:38.67ms
step:680/1480 train_time:26319ms step_avg:38.70ms
step:681/1480 train_time:26373ms step_avg:38.73ms
step:682/1480 train_time:26432ms step_avg:38.76ms
step:683/1480 train_time:26486ms step_avg:38.78ms
step:684/1480 train_time:26546ms step_avg:38.81ms
step:685/1480 train_time:26600ms step_avg:38.83ms
step:686/1480 train_time:26661ms step_avg:38.86ms
step:687/1480 train_time:26715ms step_avg:38.89ms
step:688/1480 train_time:26774ms step_avg:38.92ms
step:689/1480 train_time:26828ms step_avg:38.94ms
step:690/1480 train_time:26888ms step_avg:38.97ms
step:691/1480 train_time:26941ms step_avg:38.99ms
step:692/1480 train_time:27001ms step_avg:39.02ms
step:693/1480 train_time:27055ms step_avg:39.04ms
step:694/1480 train_time:27113ms step_avg:39.07ms
step:695/1480 train_time:27167ms step_avg:39.09ms
step:696/1480 train_time:27227ms step_avg:39.12ms
step:697/1480 train_time:27281ms step_avg:39.14ms
step:698/1480 train_time:27340ms step_avg:39.17ms
step:699/1480 train_time:27394ms step_avg:39.19ms
step:700/1480 train_time:27453ms step_avg:39.22ms
step:701/1480 train_time:27508ms step_avg:39.24ms
step:702/1480 train_time:27567ms step_avg:39.27ms
step:703/1480 train_time:27621ms step_avg:39.29ms
step:704/1480 train_time:27680ms step_avg:39.32ms
step:705/1480 train_time:27734ms step_avg:39.34ms
step:706/1480 train_time:27793ms step_avg:39.37ms
step:707/1480 train_time:27847ms step_avg:39.39ms
step:708/1480 train_time:27907ms step_avg:39.42ms
step:709/1480 train_time:27961ms step_avg:39.44ms
step:710/1480 train_time:28020ms step_avg:39.47ms
step:711/1480 train_time:28074ms step_avg:39.49ms
step:712/1480 train_time:28133ms step_avg:39.51ms
step:713/1480 train_time:28187ms step_avg:39.53ms
step:714/1480 train_time:28246ms step_avg:39.56ms
step:715/1480 train_time:28300ms step_avg:39.58ms
step:716/1480 train_time:28359ms step_avg:39.61ms
step:717/1480 train_time:28413ms step_avg:39.63ms
step:718/1480 train_time:28472ms step_avg:39.66ms
step:719/1480 train_time:28526ms step_avg:39.68ms
step:720/1480 train_time:28586ms step_avg:39.70ms
step:721/1480 train_time:28640ms step_avg:39.72ms
step:722/1480 train_time:28699ms step_avg:39.75ms
step:723/1480 train_time:28752ms step_avg:39.77ms
step:724/1480 train_time:28811ms step_avg:39.79ms
step:725/1480 train_time:28865ms step_avg:39.81ms
step:726/1480 train_time:28925ms step_avg:39.84ms
step:727/1480 train_time:28979ms step_avg:39.86ms
step:728/1480 train_time:29038ms step_avg:39.89ms
step:729/1480 train_time:29094ms step_avg:39.91ms
step:730/1480 train_time:29153ms step_avg:39.94ms
step:731/1480 train_time:29207ms step_avg:39.95ms
step:732/1480 train_time:29267ms step_avg:39.98ms
step:733/1480 train_time:29320ms step_avg:40.00ms
step:734/1480 train_time:29379ms step_avg:40.03ms
step:735/1480 train_time:29432ms step_avg:40.04ms
step:736/1480 train_time:29492ms step_avg:40.07ms
step:737/1480 train_time:29546ms step_avg:40.09ms
step:738/1480 train_time:29607ms step_avg:40.12ms
step:739/1480 train_time:29661ms step_avg:40.14ms
step:740/1480 train_time:29720ms step_avg:40.16ms
step:741/1480 train_time:29773ms step_avg:40.18ms
step:742/1480 train_time:29832ms step_avg:40.20ms
step:743/1480 train_time:29886ms step_avg:40.22ms
step:744/1480 train_time:29946ms step_avg:40.25ms
step:745/1480 train_time:30000ms step_avg:40.27ms
step:746/1480 train_time:30061ms step_avg:40.30ms
step:747/1480 train_time:30115ms step_avg:40.31ms
step:748/1480 train_time:30174ms step_avg:40.34ms
step:749/1480 train_time:30228ms step_avg:40.36ms
step:750/1480 train_time:30287ms step_avg:40.38ms
step:750/1480 val_loss:3.8004 train_time:30351ms step_avg:40.47ms
step:751/1480 train_time:30366ms step_avg:40.43ms
step:752/1480 train_time:30403ms step_avg:40.43ms
step:753/1480 train_time:30458ms step_avg:40.45ms
step:754/1480 train_time:30520ms step_avg:40.48ms
step:755/1480 train_time:30576ms step_avg:40.50ms
step:756/1480 train_time:30635ms step_avg:40.52ms
step:757/1480 train_time:30689ms step_avg:40.54ms
step:758/1480 train_time:30748ms step_avg:40.56ms
step:759/1480 train_time:30801ms step_avg:40.58ms
step:760/1480 train_time:30860ms step_avg:40.61ms
step:761/1480 train_time:30913ms step_avg:40.62ms
step:762/1480 train_time:30971ms step_avg:40.64ms
step:763/1480 train_time:31025ms step_avg:40.66ms
step:764/1480 train_time:31084ms step_avg:40.69ms
step:765/1480 train_time:31137ms step_avg:40.70ms
step:766/1480 train_time:31197ms step_avg:40.73ms
step:767/1480 train_time:31250ms step_avg:40.74ms
step:768/1480 train_time:31310ms step_avg:40.77ms
step:769/1480 train_time:31365ms step_avg:40.79ms
step:770/1480 train_time:31425ms step_avg:40.81ms
step:771/1480 train_time:31480ms step_avg:40.83ms
step:772/1480 train_time:31542ms step_avg:40.86ms
step:773/1480 train_time:31597ms step_avg:40.88ms
step:774/1480 train_time:31657ms step_avg:40.90ms
step:775/1480 train_time:31710ms step_avg:40.92ms
step:776/1480 train_time:31769ms step_avg:40.94ms
step:777/1480 train_time:31823ms step_avg:40.96ms
step:778/1480 train_time:31882ms step_avg:40.98ms
step:779/1480 train_time:31936ms step_avg:41.00ms
step:780/1480 train_time:31995ms step_avg:41.02ms
step:781/1480 train_time:32048ms step_avg:41.03ms
step:782/1480 train_time:32107ms step_avg:41.06ms
step:783/1480 train_time:32160ms step_avg:41.07ms
step:784/1480 train_time:32219ms step_avg:41.10ms
step:785/1480 train_time:32273ms step_avg:41.11ms
step:786/1480 train_time:32333ms step_avg:41.14ms
step:787/1480 train_time:32386ms step_avg:41.15ms
step:788/1480 train_time:32446ms step_avg:41.18ms
step:789/1480 train_time:32502ms step_avg:41.19ms
step:790/1480 train_time:32561ms step_avg:41.22ms
step:791/1480 train_time:32616ms step_avg:41.23ms
step:792/1480 train_time:32676ms step_avg:41.26ms
step:793/1480 train_time:32730ms step_avg:41.27ms
step:794/1480 train_time:32788ms step_avg:41.30ms
step:795/1480 train_time:32842ms step_avg:41.31ms
step:796/1480 train_time:32902ms step_avg:41.33ms
step:797/1480 train_time:32956ms step_avg:41.35ms
step:798/1480 train_time:33015ms step_avg:41.37ms
step:799/1480 train_time:33068ms step_avg:41.39ms
step:800/1480 train_time:33127ms step_avg:41.41ms
step:801/1480 train_time:33181ms step_avg:41.42ms
step:802/1480 train_time:33240ms step_avg:41.45ms
step:803/1480 train_time:33294ms step_avg:41.46ms
step:804/1480 train_time:33353ms step_avg:41.48ms
step:805/1480 train_time:33407ms step_avg:41.50ms
step:806/1480 train_time:33467ms step_avg:41.52ms
step:807/1480 train_time:33522ms step_avg:41.54ms
step:808/1480 train_time:33582ms step_avg:41.56ms
step:809/1480 train_time:33637ms step_avg:41.58ms
step:810/1480 train_time:33697ms step_avg:41.60ms
step:811/1480 train_time:33751ms step_avg:41.62ms
step:812/1480 train_time:33810ms step_avg:41.64ms
step:813/1480 train_time:33863ms step_avg:41.65ms
step:814/1480 train_time:33922ms step_avg:41.67ms
step:815/1480 train_time:33976ms step_avg:41.69ms
step:816/1480 train_time:34036ms step_avg:41.71ms
step:817/1480 train_time:34089ms step_avg:41.73ms
step:818/1480 train_time:34148ms step_avg:41.75ms
step:819/1480 train_time:34203ms step_avg:41.76ms
step:820/1480 train_time:34262ms step_avg:41.78ms
step:821/1480 train_time:34317ms step_avg:41.80ms
step:822/1480 train_time:34376ms step_avg:41.82ms
step:823/1480 train_time:34430ms step_avg:41.83ms
step:824/1480 train_time:34489ms step_avg:41.86ms
step:825/1480 train_time:34544ms step_avg:41.87ms
step:826/1480 train_time:34604ms step_avg:41.89ms
step:827/1480 train_time:34657ms step_avg:41.91ms
step:828/1480 train_time:34718ms step_avg:41.93ms
step:829/1480 train_time:34771ms step_avg:41.94ms
step:830/1480 train_time:34830ms step_avg:41.96ms
step:831/1480 train_time:34884ms step_avg:41.98ms
step:832/1480 train_time:34944ms step_avg:42.00ms
step:833/1480 train_time:34997ms step_avg:42.01ms
step:834/1480 train_time:35057ms step_avg:42.03ms
step:835/1480 train_time:35110ms step_avg:42.05ms
step:836/1480 train_time:35169ms step_avg:42.07ms
step:837/1480 train_time:35223ms step_avg:42.08ms
step:838/1480 train_time:35283ms step_avg:42.10ms
step:839/1480 train_time:35337ms step_avg:42.12ms
step:840/1480 train_time:35398ms step_avg:42.14ms
step:841/1480 train_time:35452ms step_avg:42.16ms
step:842/1480 train_time:35512ms step_avg:42.18ms
step:843/1480 train_time:35565ms step_avg:42.19ms
step:844/1480 train_time:35625ms step_avg:42.21ms
step:845/1480 train_time:35678ms step_avg:42.22ms
step:846/1480 train_time:35739ms step_avg:42.24ms
step:847/1480 train_time:35792ms step_avg:42.26ms
step:848/1480 train_time:35851ms step_avg:42.28ms
step:849/1480 train_time:35905ms step_avg:42.29ms
step:850/1480 train_time:35964ms step_avg:42.31ms
step:851/1480 train_time:36018ms step_avg:42.32ms
step:852/1480 train_time:36077ms step_avg:42.34ms
step:853/1480 train_time:36131ms step_avg:42.36ms
step:854/1480 train_time:36189ms step_avg:42.38ms
step:855/1480 train_time:36243ms step_avg:42.39ms
step:856/1480 train_time:36303ms step_avg:42.41ms
step:857/1480 train_time:36357ms step_avg:42.42ms
step:858/1480 train_time:36416ms step_avg:42.44ms
step:859/1480 train_time:36471ms step_avg:42.46ms
step:860/1480 train_time:36530ms step_avg:42.48ms
step:861/1480 train_time:36584ms step_avg:42.49ms
step:862/1480 train_time:36644ms step_avg:42.51ms
step:863/1480 train_time:36698ms step_avg:42.52ms
step:864/1480 train_time:36757ms step_avg:42.54ms
step:865/1480 train_time:36811ms step_avg:42.56ms
step:866/1480 train_time:36870ms step_avg:42.58ms
step:867/1480 train_time:36924ms step_avg:42.59ms
step:868/1480 train_time:36984ms step_avg:42.61ms
step:869/1480 train_time:37037ms step_avg:42.62ms
step:870/1480 train_time:37096ms step_avg:42.64ms
step:871/1480 train_time:37149ms step_avg:42.65ms
step:872/1480 train_time:37209ms step_avg:42.67ms
step:873/1480 train_time:37262ms step_avg:42.68ms
step:874/1480 train_time:37322ms step_avg:42.70ms
step:875/1480 train_time:37376ms step_avg:42.71ms
step:876/1480 train_time:37435ms step_avg:42.73ms
step:877/1480 train_time:37490ms step_avg:42.75ms
step:878/1480 train_time:37549ms step_avg:42.77ms
step:879/1480 train_time:37604ms step_avg:42.78ms
step:880/1480 train_time:37662ms step_avg:42.80ms
step:881/1480 train_time:37717ms step_avg:42.81ms
step:882/1480 train_time:37777ms step_avg:42.83ms
step:883/1480 train_time:37831ms step_avg:42.84ms
step:884/1480 train_time:37889ms step_avg:42.86ms
step:885/1480 train_time:37943ms step_avg:42.87ms
step:886/1480 train_time:38003ms step_avg:42.89ms
step:887/1480 train_time:38057ms step_avg:42.91ms
step:888/1480 train_time:38117ms step_avg:42.92ms
step:889/1480 train_time:38170ms step_avg:42.94ms
step:890/1480 train_time:38229ms step_avg:42.95ms
step:891/1480 train_time:38283ms step_avg:42.97ms
step:892/1480 train_time:38343ms step_avg:42.99ms
step:893/1480 train_time:38397ms step_avg:43.00ms
step:894/1480 train_time:38457ms step_avg:43.02ms
step:895/1480 train_time:38511ms step_avg:43.03ms
step:896/1480 train_time:38569ms step_avg:43.05ms
step:897/1480 train_time:38623ms step_avg:43.06ms
step:898/1480 train_time:38682ms step_avg:43.08ms
step:899/1480 train_time:38736ms step_avg:43.09ms
step:900/1480 train_time:38796ms step_avg:43.11ms
step:901/1480 train_time:38851ms step_avg:43.12ms
step:902/1480 train_time:38911ms step_avg:43.14ms
step:903/1480 train_time:38964ms step_avg:43.15ms
step:904/1480 train_time:39024ms step_avg:43.17ms
step:905/1480 train_time:39079ms step_avg:43.18ms
step:906/1480 train_time:39139ms step_avg:43.20ms
step:907/1480 train_time:39192ms step_avg:43.21ms
step:908/1480 train_time:39251ms step_avg:43.23ms
step:909/1480 train_time:39305ms step_avg:43.24ms
step:910/1480 train_time:39364ms step_avg:43.26ms
step:911/1480 train_time:39418ms step_avg:43.27ms
step:912/1480 train_time:39478ms step_avg:43.29ms
step:913/1480 train_time:39532ms step_avg:43.30ms
step:914/1480 train_time:39591ms step_avg:43.32ms
step:915/1480 train_time:39645ms step_avg:43.33ms
step:916/1480 train_time:39705ms step_avg:43.35ms
step:917/1480 train_time:39759ms step_avg:43.36ms
step:918/1480 train_time:39819ms step_avg:43.38ms
step:919/1480 train_time:39874ms step_avg:43.39ms
step:920/1480 train_time:39933ms step_avg:43.41ms
step:921/1480 train_time:39987ms step_avg:43.42ms
step:922/1480 train_time:40046ms step_avg:43.43ms
step:923/1480 train_time:40100ms step_avg:43.45ms
step:924/1480 train_time:40159ms step_avg:43.46ms
step:925/1480 train_time:40212ms step_avg:43.47ms
step:926/1480 train_time:40271ms step_avg:43.49ms
step:927/1480 train_time:40325ms step_avg:43.50ms
step:928/1480 train_time:40384ms step_avg:43.52ms
step:929/1480 train_time:40439ms step_avg:43.53ms
step:930/1480 train_time:40499ms step_avg:43.55ms
step:931/1480 train_time:40553ms step_avg:43.56ms
step:932/1480 train_time:40612ms step_avg:43.58ms
step:933/1480 train_time:40666ms step_avg:43.59ms
step:934/1480 train_time:40725ms step_avg:43.60ms
step:935/1480 train_time:40779ms step_avg:43.61ms
step:936/1480 train_time:40839ms step_avg:43.63ms
step:937/1480 train_time:40893ms step_avg:43.64ms
step:938/1480 train_time:40951ms step_avg:43.66ms
step:939/1480 train_time:41006ms step_avg:43.67ms
step:940/1480 train_time:41065ms step_avg:43.69ms
step:941/1480 train_time:41119ms step_avg:43.70ms
step:942/1480 train_time:41178ms step_avg:43.71ms
step:943/1480 train_time:41233ms step_avg:43.73ms
step:944/1480 train_time:41292ms step_avg:43.74ms
step:945/1480 train_time:41345ms step_avg:43.75ms
step:946/1480 train_time:41405ms step_avg:43.77ms
step:947/1480 train_time:41459ms step_avg:43.78ms
step:948/1480 train_time:41519ms step_avg:43.80ms
step:949/1480 train_time:41573ms step_avg:43.81ms
step:950/1480 train_time:41632ms step_avg:43.82ms
step:951/1480 train_time:41686ms step_avg:43.83ms
step:952/1480 train_time:41746ms step_avg:43.85ms
step:953/1480 train_time:41800ms step_avg:43.86ms
step:954/1480 train_time:41859ms step_avg:43.88ms
step:955/1480 train_time:41913ms step_avg:43.89ms
step:956/1480 train_time:41971ms step_avg:43.90ms
step:957/1480 train_time:42026ms step_avg:43.91ms
step:958/1480 train_time:42085ms step_avg:43.93ms
step:959/1480 train_time:42139ms step_avg:43.94ms
step:960/1480 train_time:42199ms step_avg:43.96ms
step:961/1480 train_time:42253ms step_avg:43.97ms
step:962/1480 train_time:42342ms step_avg:44.01ms
step:963/1480 train_time:42421ms step_avg:44.05ms
step:964/1480 train_time:42506ms step_avg:44.09ms
step:965/1480 train_time:42587ms step_avg:44.13ms
step:966/1480 train_time:42672ms step_avg:44.17ms
step:967/1480 train_time:42751ms step_avg:44.21ms
step:968/1480 train_time:42837ms step_avg:44.25ms
step:969/1480 train_time:42918ms step_avg:44.29ms
step:970/1480 train_time:43003ms step_avg:44.33ms
step:971/1480 train_time:43083ms step_avg:44.37ms
step:972/1480 train_time:43169ms step_avg:44.41ms
step:973/1480 train_time:43248ms step_avg:44.45ms
step:974/1480 train_time:43333ms step_avg:44.49ms
step:975/1480 train_time:43412ms step_avg:44.53ms
step:976/1480 train_time:43498ms step_avg:44.57ms
step:977/1480 train_time:43579ms step_avg:44.60ms
step:978/1480 train_time:43665ms step_avg:44.65ms
step:979/1480 train_time:43745ms step_avg:44.68ms
step:980/1480 train_time:43830ms step_avg:44.72ms
step:981/1480 train_time:43909ms step_avg:44.76ms
step:982/1480 train_time:43995ms step_avg:44.80ms
step:983/1480 train_time:44077ms step_avg:44.84ms
step:984/1480 train_time:44162ms step_avg:44.88ms
step:985/1480 train_time:44242ms step_avg:44.92ms
step:986/1480 train_time:44328ms step_avg:44.96ms
step:987/1480 train_time:44407ms step_avg:44.99ms
step:988/1480 train_time:44491ms step_avg:45.03ms
step:989/1480 train_time:44572ms step_avg:45.07ms
step:990/1480 train_time:44658ms step_avg:45.11ms
step:991/1480 train_time:44739ms step_avg:45.14ms
step:992/1480 train_time:44825ms step_avg:45.19ms
step:993/1480 train_time:44903ms step_avg:45.22ms
step:994/1480 train_time:44988ms step_avg:45.26ms
step:995/1480 train_time:45067ms step_avg:45.29ms
step:996/1480 train_time:45152ms step_avg:45.33ms
step:997/1480 train_time:45232ms step_avg:45.37ms
step:998/1480 train_time:45318ms step_avg:45.41ms
step:999/1480 train_time:45398ms step_avg:45.44ms
step:1000/1480 train_time:45485ms step_avg:45.48ms
step:1000/1480 val_loss:3.5111 train_time:45576ms step_avg:45.58ms
step:1001/1480 train_time:45592ms step_avg:45.55ms
step:1002/1480 train_time:45655ms step_avg:45.56ms
step:1003/1480 train_time:45736ms step_avg:45.60ms
step:1004/1480 train_time:45822ms step_avg:45.64ms
step:1005/1480 train_time:45904ms step_avg:45.68ms
step:1006/1480 train_time:45988ms step_avg:45.71ms
step:1007/1480 train_time:46067ms step_avg:45.75ms
step:1008/1480 train_time:46152ms step_avg:45.79ms
step:1009/1480 train_time:46230ms step_avg:45.82ms
step:1010/1480 train_time:46315ms step_avg:45.86ms
step:1011/1480 train_time:46394ms step_avg:45.89ms
step:1012/1480 train_time:46479ms step_avg:45.93ms
step:1013/1480 train_time:46560ms step_avg:45.96ms
step:1014/1480 train_time:46647ms step_avg:46.00ms
step:1015/1480 train_time:46729ms step_avg:46.04ms
step:1016/1480 train_time:46815ms step_avg:46.08ms
step:1017/1480 train_time:46893ms step_avg:46.11ms
step:1018/1480 train_time:46978ms step_avg:46.15ms
step:1019/1480 train_time:47058ms step_avg:46.18ms
step:1020/1480 train_time:47144ms step_avg:46.22ms
step:1021/1480 train_time:47223ms step_avg:46.25ms
step:1022/1480 train_time:47307ms step_avg:46.29ms
step:1023/1480 train_time:47386ms step_avg:46.32ms
step:1024/1480 train_time:47473ms step_avg:46.36ms
step:1025/1480 train_time:47554ms step_avg:46.39ms
step:1026/1480 train_time:47640ms step_avg:46.43ms
step:1027/1480 train_time:47722ms step_avg:46.47ms
step:1028/1480 train_time:47807ms step_avg:46.50ms
step:1029/1480 train_time:47887ms step_avg:46.54ms
step:1030/1480 train_time:47973ms step_avg:46.58ms
step:1031/1480 train_time:48052ms step_avg:46.61ms
step:1032/1480 train_time:48137ms step_avg:46.64ms
step:1033/1480 train_time:48215ms step_avg:46.67ms
step:1034/1480 train_time:48300ms step_avg:46.71ms
step:1035/1480 train_time:48380ms step_avg:46.74ms
step:1036/1480 train_time:48466ms step_avg:46.78ms
step:1037/1480 train_time:48546ms step_avg:46.81ms
step:1038/1480 train_time:48632ms step_avg:46.85ms
step:1039/1480 train_time:48712ms step_avg:46.88ms
step:1040/1480 train_time:48799ms step_avg:46.92ms
step:1041/1480 train_time:48881ms step_avg:46.96ms
step:1042/1480 train_time:48968ms step_avg:46.99ms
step:1043/1480 train_time:49048ms step_avg:47.03ms
step:1044/1480 train_time:49132ms step_avg:47.06ms
step:1045/1480 train_time:49210ms step_avg:47.09ms
step:1046/1480 train_time:49295ms step_avg:47.13ms
step:1047/1480 train_time:49375ms step_avg:47.16ms
step:1048/1480 train_time:49461ms step_avg:47.20ms
step:1049/1480 train_time:49541ms step_avg:47.23ms
step:1050/1480 train_time:49627ms step_avg:47.26ms
step:1051/1480 train_time:49707ms step_avg:47.29ms
step:1052/1480 train_time:49794ms step_avg:47.33ms
step:1053/1480 train_time:49873ms step_avg:47.36ms
step:1054/1480 train_time:49960ms step_avg:47.40ms
step:1055/1480 train_time:50040ms step_avg:47.43ms
step:1056/1480 train_time:50125ms step_avg:47.47ms
step:1057/1480 train_time:50205ms step_avg:47.50ms
step:1058/1480 train_time:50291ms step_avg:47.53ms
step:1059/1480 train_time:50371ms step_avg:47.56ms
step:1060/1480 train_time:50456ms step_avg:47.60ms
step:1061/1480 train_time:50535ms step_avg:47.63ms
step:1062/1480 train_time:50620ms step_avg:47.66ms
step:1063/1480 train_time:50701ms step_avg:47.70ms
step:1064/1480 train_time:50788ms step_avg:47.73ms
step:1065/1480 train_time:50868ms step_avg:47.76ms
step:1066/1480 train_time:50953ms step_avg:47.80ms
step:1067/1480 train_time:51032ms step_avg:47.83ms
step:1068/1480 train_time:51118ms step_avg:47.86ms
step:1069/1480 train_time:51198ms step_avg:47.89ms
step:1070/1480 train_time:51282ms step_avg:47.93ms
step:1071/1480 train_time:51362ms step_avg:47.96ms
step:1072/1480 train_time:51448ms step_avg:47.99ms
step:1073/1480 train_time:51526ms step_avg:48.02ms
step:1074/1480 train_time:51612ms step_avg:48.06ms
step:1075/1480 train_time:51692ms step_avg:48.09ms
step:1076/1480 train_time:51777ms step_avg:48.12ms
step:1077/1480 train_time:51859ms step_avg:48.15ms
step:1078/1480 train_time:51944ms step_avg:48.19ms
step:1079/1480 train_time:52023ms step_avg:48.21ms
step:1080/1480 train_time:52108ms step_avg:48.25ms
step:1081/1480 train_time:52187ms step_avg:48.28ms
step:1082/1480 train_time:52273ms step_avg:48.31ms
step:1083/1480 train_time:52353ms step_avg:48.34ms
step:1084/1480 train_time:52440ms step_avg:48.38ms
step:1085/1480 train_time:52520ms step_avg:48.41ms
step:1086/1480 train_time:52605ms step_avg:48.44ms
step:1087/1480 train_time:52685ms step_avg:48.47ms
step:1088/1480 train_time:52771ms step_avg:48.50ms
step:1089/1480 train_time:52852ms step_avg:48.53ms
step:1090/1480 train_time:52936ms step_avg:48.56ms
step:1091/1480 train_time:53015ms step_avg:48.59ms
step:1092/1480 train_time:53101ms step_avg:48.63ms
step:1093/1480 train_time:53181ms step_avg:48.66ms
step:1094/1480 train_time:53267ms step_avg:48.69ms
step:1095/1480 train_time:53347ms step_avg:48.72ms
step:1096/1480 train_time:53432ms step_avg:48.75ms
step:1097/1480 train_time:53511ms step_avg:48.78ms
step:1098/1480 train_time:53597ms step_avg:48.81ms
step:1099/1480 train_time:53677ms step_avg:48.84ms
step:1100/1480 train_time:53762ms step_avg:48.87ms
step:1101/1480 train_time:53843ms step_avg:48.90ms
step:1102/1480 train_time:53928ms step_avg:48.94ms
step:1103/1480 train_time:54007ms step_avg:48.96ms
step:1104/1480 train_time:54093ms step_avg:49.00ms
step:1105/1480 train_time:54173ms step_avg:49.03ms
step:1106/1480 train_time:54259ms step_avg:49.06ms
step:1107/1480 train_time:54338ms step_avg:49.09ms
step:1108/1480 train_time:54423ms step_avg:49.12ms
step:1109/1480 train_time:54504ms step_avg:49.15ms
step:1110/1480 train_time:54590ms step_avg:49.18ms
step:1111/1480 train_time:54670ms step_avg:49.21ms
step:1112/1480 train_time:54754ms step_avg:49.24ms
step:1113/1480 train_time:54835ms step_avg:49.27ms
step:1114/1480 train_time:54920ms step_avg:49.30ms
step:1115/1480 train_time:55001ms step_avg:49.33ms
step:1116/1480 train_time:55088ms step_avg:49.36ms
step:1117/1480 train_time:55168ms step_avg:49.39ms
step:1118/1480 train_time:55252ms step_avg:49.42ms
step:1119/1480 train_time:55332ms step_avg:49.45ms
step:1120/1480 train_time:55417ms step_avg:49.48ms
step:1121/1480 train_time:55498ms step_avg:49.51ms
step:1122/1480 train_time:55582ms step_avg:49.54ms
step:1123/1480 train_time:55664ms step_avg:49.57ms
step:1124/1480 train_time:55749ms step_avg:49.60ms
step:1125/1480 train_time:55828ms step_avg:49.62ms
step:1126/1480 train_time:55912ms step_avg:49.66ms
step:1127/1480 train_time:55992ms step_avg:49.68ms
step:1128/1480 train_time:56078ms step_avg:49.71ms
step:1129/1480 train_time:56159ms step_avg:49.74ms
step:1130/1480 train_time:56243ms step_avg:49.77ms
step:1131/1480 train_time:56324ms step_avg:49.80ms
step:1132/1480 train_time:56409ms step_avg:49.83ms
step:1133/1480 train_time:56488ms step_avg:49.86ms
step:1134/1480 train_time:56574ms step_avg:49.89ms
step:1135/1480 train_time:56654ms step_avg:49.92ms
step:1136/1480 train_time:56741ms step_avg:49.95ms
step:1137/1480 train_time:56820ms step_avg:49.97ms
step:1138/1480 train_time:56906ms step_avg:50.01ms
step:1139/1480 train_time:56986ms step_avg:50.03ms
step:1140/1480 train_time:57072ms step_avg:50.06ms
step:1141/1480 train_time:57152ms step_avg:50.09ms
step:1142/1480 train_time:57237ms step_avg:50.12ms
step:1143/1480 train_time:57316ms step_avg:50.15ms
step:1144/1480 train_time:57401ms step_avg:50.18ms
step:1145/1480 train_time:57481ms step_avg:50.20ms
step:1146/1480 train_time:57567ms step_avg:50.23ms
step:1147/1480 train_time:57647ms step_avg:50.26ms
step:1148/1480 train_time:57731ms step_avg:50.29ms
step:1149/1480 train_time:57810ms step_avg:50.31ms
step:1150/1480 train_time:57896ms step_avg:50.34ms
step:1151/1480 train_time:57976ms step_avg:50.37ms
step:1152/1480 train_time:58062ms step_avg:50.40ms
step:1153/1480 train_time:58142ms step_avg:50.43ms
step:1154/1480 train_time:58226ms step_avg:50.46ms
step:1155/1480 train_time:58305ms step_avg:50.48ms
step:1156/1480 train_time:58392ms step_avg:50.51ms
step:1157/1480 train_time:58471ms step_avg:50.54ms
step:1158/1480 train_time:58558ms step_avg:50.57ms
step:1159/1480 train_time:58638ms step_avg:50.59ms
step:1160/1480 train_time:58723ms step_avg:50.62ms
step:1161/1480 train_time:58803ms step_avg:50.65ms
step:1162/1480 train_time:58888ms step_avg:50.68ms
step:1163/1480 train_time:58968ms step_avg:50.70ms
step:1164/1480 train_time:59053ms step_avg:50.73ms
step:1165/1480 train_time:59133ms step_avg:50.76ms
step:1166/1480 train_time:59218ms step_avg:50.79ms
step:1167/1480 train_time:59299ms step_avg:50.81ms
step:1168/1480 train_time:59385ms step_avg:50.84ms
step:1169/1480 train_time:59466ms step_avg:50.87ms
step:1170/1480 train_time:59551ms step_avg:50.90ms
step:1171/1480 train_time:59631ms step_avg:50.92ms
step:1172/1480 train_time:59715ms step_avg:50.95ms
step:1173/1480 train_time:59794ms step_avg:50.98ms
step:1174/1480 train_time:59881ms step_avg:51.01ms
step:1175/1480 train_time:59961ms step_avg:51.03ms
step:1176/1480 train_time:60047ms step_avg:51.06ms
step:1177/1480 train_time:60127ms step_avg:51.09ms
step:1178/1480 train_time:60212ms step_avg:51.11ms
step:1179/1480 train_time:60292ms step_avg:51.14ms
step:1180/1480 train_time:60377ms step_avg:51.17ms
step:1181/1480 train_time:60458ms step_avg:51.19ms
step:1182/1480 train_time:60543ms step_avg:51.22ms
step:1183/1480 train_time:60623ms step_avg:51.24ms
step:1184/1480 train_time:60707ms step_avg:51.27ms
step:1185/1480 train_time:60787ms step_avg:51.30ms
step:1186/1480 train_time:60873ms step_avg:51.33ms
step:1187/1480 train_time:60953ms step_avg:51.35ms
step:1188/1480 train_time:61038ms step_avg:51.38ms
step:1189/1480 train_time:61117ms step_avg:51.40ms
step:1190/1480 train_time:61203ms step_avg:51.43ms
step:1191/1480 train_time:61285ms step_avg:51.46ms
step:1192/1480 train_time:61370ms step_avg:51.48ms
step:1193/1480 train_time:61449ms step_avg:51.51ms
step:1194/1480 train_time:61535ms step_avg:51.54ms
step:1195/1480 train_time:61615ms step_avg:51.56ms
step:1196/1480 train_time:61700ms step_avg:51.59ms
step:1197/1480 train_time:61781ms step_avg:51.61ms
step:1198/1480 train_time:61866ms step_avg:51.64ms
step:1199/1480 train_time:61947ms step_avg:51.67ms
step:1200/1480 train_time:62032ms step_avg:51.69ms
step:1201/1480 train_time:62111ms step_avg:51.72ms
step:1202/1480 train_time:62197ms step_avg:51.74ms
step:1203/1480 train_time:62278ms step_avg:51.77ms
step:1204/1480 train_time:62365ms step_avg:51.80ms
step:1205/1480 train_time:62446ms step_avg:51.82ms
step:1206/1480 train_time:62530ms step_avg:51.85ms
step:1207/1480 train_time:62609ms step_avg:51.87ms
step:1208/1480 train_time:62696ms step_avg:51.90ms
step:1209/1480 train_time:62776ms step_avg:51.92ms
step:1210/1480 train_time:62862ms step_avg:51.95ms
step:1211/1480 train_time:62943ms step_avg:51.98ms
step:1212/1480 train_time:63028ms step_avg:52.00ms
step:1213/1480 train_time:63107ms step_avg:52.03ms
step:1214/1480 train_time:63193ms step_avg:52.05ms
step:1215/1480 train_time:63273ms step_avg:52.08ms
step:1216/1480 train_time:63359ms step_avg:52.10ms
step:1217/1480 train_time:63439ms step_avg:52.13ms
step:1218/1480 train_time:63525ms step_avg:52.15ms
step:1219/1480 train_time:63605ms step_avg:52.18ms
step:1220/1480 train_time:63693ms step_avg:52.21ms
step:1221/1480 train_time:63772ms step_avg:52.23ms
step:1222/1480 train_time:63856ms step_avg:52.26ms
step:1223/1480 train_time:63937ms step_avg:52.28ms
step:1224/1480 train_time:64022ms step_avg:52.31ms
step:1225/1480 train_time:64103ms step_avg:52.33ms
step:1226/1480 train_time:64188ms step_avg:52.36ms
step:1227/1480 train_time:64267ms step_avg:52.38ms
step:1228/1480 train_time:64354ms step_avg:52.41ms
step:1229/1480 train_time:64433ms step_avg:52.43ms
step:1230/1480 train_time:64518ms step_avg:52.45ms
step:1231/1480 train_time:64600ms step_avg:52.48ms
step:1232/1480 train_time:64686ms step_avg:52.50ms
step:1233/1480 train_time:64766ms step_avg:52.53ms
step:1234/1480 train_time:64851ms step_avg:52.55ms
step:1235/1480 train_time:64929ms step_avg:52.57ms
step:1236/1480 train_time:65015ms step_avg:52.60ms
step:1237/1480 train_time:65095ms step_avg:52.62ms
step:1238/1480 train_time:65182ms step_avg:52.65ms
step:1239/1480 train_time:65263ms step_avg:52.67ms
step:1240/1480 train_time:65349ms step_avg:52.70ms
step:1241/1480 train_time:65429ms step_avg:52.72ms
step:1242/1480 train_time:65513ms step_avg:52.75ms
step:1243/1480 train_time:65593ms step_avg:52.77ms
step:1244/1480 train_time:65680ms step_avg:52.80ms
step:1245/1480 train_time:65760ms step_avg:52.82ms
step:1246/1480 train_time:65845ms step_avg:52.85ms
step:1247/1480 train_time:65925ms step_avg:52.87ms
step:1248/1480 train_time:66010ms step_avg:52.89ms
step:1249/1480 train_time:66090ms step_avg:52.91ms
step:1250/1480 train_time:66176ms step_avg:52.94ms
step:1250/1480 val_loss:3.3669 train_time:66268ms step_avg:53.01ms
step:1251/1480 train_time:66284ms step_avg:52.98ms
step:1252/1480 train_time:66346ms step_avg:52.99ms
step:1253/1480 train_time:66429ms step_avg:53.02ms
step:1254/1480 train_time:66516ms step_avg:53.04ms
step:1255/1480 train_time:66596ms step_avg:53.06ms
step:1256/1480 train_time:66681ms step_avg:53.09ms
step:1257/1480 train_time:66760ms step_avg:53.11ms
step:1258/1480 train_time:66844ms step_avg:53.13ms
step:1259/1480 train_time:66924ms step_avg:53.16ms
step:1260/1480 train_time:67008ms step_avg:53.18ms
step:1261/1480 train_time:67088ms step_avg:53.20ms
step:1262/1480 train_time:67173ms step_avg:53.23ms
step:1263/1480 train_time:67252ms step_avg:53.25ms
step:1264/1480 train_time:67338ms step_avg:53.27ms
step:1265/1480 train_time:67421ms step_avg:53.30ms
step:1266/1480 train_time:67509ms step_avg:53.32ms
step:1267/1480 train_time:67590ms step_avg:53.35ms
step:1268/1480 train_time:67677ms step_avg:53.37ms
step:1269/1480 train_time:67756ms step_avg:53.39ms
step:1270/1480 train_time:67840ms step_avg:53.42ms
step:1271/1480 train_time:67920ms step_avg:53.44ms
step:1272/1480 train_time:68005ms step_avg:53.46ms
step:1273/1480 train_time:68086ms step_avg:53.48ms
step:1274/1480 train_time:68172ms step_avg:53.51ms
step:1275/1480 train_time:68252ms step_avg:53.53ms
step:1276/1480 train_time:68337ms step_avg:53.56ms
step:1277/1480 train_time:68419ms step_avg:53.58ms
step:1278/1480 train_time:68504ms step_avg:53.60ms
step:1279/1480 train_time:68585ms step_avg:53.62ms
step:1280/1480 train_time:68670ms step_avg:53.65ms
step:1281/1480 train_time:68750ms step_avg:53.67ms
step:1282/1480 train_time:68834ms step_avg:53.69ms
step:1283/1480 train_time:68913ms step_avg:53.71ms
step:1284/1480 train_time:68999ms step_avg:53.74ms
step:1285/1480 train_time:69078ms step_avg:53.76ms
step:1286/1480 train_time:69164ms step_avg:53.78ms
step:1287/1480 train_time:69245ms step_avg:53.80ms
step:1288/1480 train_time:69332ms step_avg:53.83ms
step:1289/1480 train_time:69413ms step_avg:53.85ms
step:1290/1480 train_time:69498ms step_avg:53.87ms
step:1291/1480 train_time:69579ms step_avg:53.90ms
step:1292/1480 train_time:69664ms step_avg:53.92ms
step:1293/1480 train_time:69744ms step_avg:53.94ms
step:1294/1480 train_time:69829ms step_avg:53.96ms
step:1295/1480 train_time:69908ms step_avg:53.98ms
step:1296/1480 train_time:69994ms step_avg:54.01ms
step:1297/1480 train_time:70073ms step_avg:54.03ms
step:1298/1480 train_time:70158ms step_avg:54.05ms
step:1299/1480 train_time:70238ms step_avg:54.07ms
step:1300/1480 train_time:70324ms step_avg:54.10ms
step:1301/1480 train_time:70405ms step_avg:54.12ms
step:1302/1480 train_time:70493ms step_avg:54.14ms
step:1303/1480 train_time:70573ms step_avg:54.16ms
step:1304/1480 train_time:70658ms step_avg:54.19ms
step:1305/1480 train_time:70736ms step_avg:54.20ms
step:1306/1480 train_time:70822ms step_avg:54.23ms
step:1307/1480 train_time:70902ms step_avg:54.25ms
step:1308/1480 train_time:70988ms step_avg:54.27ms
step:1309/1480 train_time:71069ms step_avg:54.29ms
step:1310/1480 train_time:71154ms step_avg:54.32ms
step:1311/1480 train_time:71232ms step_avg:54.33ms
step:1312/1480 train_time:71319ms step_avg:54.36ms
step:1313/1480 train_time:71400ms step_avg:54.38ms
step:1314/1480 train_time:71487ms step_avg:54.40ms
step:1315/1480 train_time:71567ms step_avg:54.42ms
step:1316/1480 train_time:71652ms step_avg:54.45ms
step:1317/1480 train_time:71731ms step_avg:54.47ms
step:1318/1480 train_time:71817ms step_avg:54.49ms
step:1319/1480 train_time:71897ms step_avg:54.51ms
step:1320/1480 train_time:71982ms step_avg:54.53ms
step:1321/1480 train_time:72062ms step_avg:54.55ms
step:1322/1480 train_time:72147ms step_avg:54.57ms
step:1323/1480 train_time:72227ms step_avg:54.59ms
step:1324/1480 train_time:72313ms step_avg:54.62ms
step:1325/1480 train_time:72394ms step_avg:54.64ms
step:1326/1480 train_time:72481ms step_avg:54.66ms
step:1327/1480 train_time:72560ms step_avg:54.68ms
step:1328/1480 train_time:72646ms step_avg:54.70ms
step:1329/1480 train_time:72727ms step_avg:54.72ms
step:1330/1480 train_time:72813ms step_avg:54.75ms
step:1331/1480 train_time:72893ms step_avg:54.77ms
step:1332/1480 train_time:72979ms step_avg:54.79ms
step:1333/1480 train_time:73058ms step_avg:54.81ms
step:1334/1480 train_time:73142ms step_avg:54.83ms
step:1335/1480 train_time:73223ms step_avg:54.85ms
step:1336/1480 train_time:73308ms step_avg:54.87ms
step:1337/1480 train_time:73389ms step_avg:54.89ms
step:1338/1480 train_time:73476ms step_avg:54.92ms
step:1339/1480 train_time:73555ms step_avg:54.93ms
step:1340/1480 train_time:73640ms step_avg:54.96ms
step:1341/1480 train_time:73720ms step_avg:54.97ms
step:1342/1480 train_time:73807ms step_avg:55.00ms
step:1343/1480 train_time:73888ms step_avg:55.02ms
step:1344/1480 train_time:73973ms step_avg:55.04ms
step:1345/1480 train_time:74052ms step_avg:55.06ms
step:1346/1480 train_time:74137ms step_avg:55.08ms
step:1347/1480 train_time:74217ms step_avg:55.10ms
step:1348/1480 train_time:74304ms step_avg:55.12ms
step:1349/1480 train_time:74384ms step_avg:55.14ms
step:1350/1480 train_time:74471ms step_avg:55.16ms
step:1351/1480 train_time:74550ms step_avg:55.18ms
step:1352/1480 train_time:74635ms step_avg:55.20ms
step:1353/1480 train_time:74716ms step_avg:55.22ms
step:1354/1480 train_time:74801ms step_avg:55.24ms
step:1355/1480 train_time:74882ms step_avg:55.26ms
step:1356/1480 train_time:74967ms step_avg:55.29ms
step:1357/1480 train_time:75048ms step_avg:55.30ms
step:1358/1480 train_time:75133ms step_avg:55.33ms
step:1359/1480 train_time:75213ms step_avg:55.34ms
step:1360/1480 train_time:75298ms step_avg:55.37ms
step:1361/1480 train_time:75377ms step_avg:55.38ms
step:1362/1480 train_time:75464ms step_avg:55.41ms
step:1363/1480 train_time:75545ms step_avg:55.43ms
step:1364/1480 train_time:75630ms step_avg:55.45ms
step:1365/1480 train_time:75710ms step_avg:55.47ms
step:1366/1480 train_time:75795ms step_avg:55.49ms
step:1367/1480 train_time:75876ms step_avg:55.51ms
step:1368/1480 train_time:75960ms step_avg:55.53ms
step:1369/1480 train_time:76040ms step_avg:55.54ms
step:1370/1480 train_time:76126ms step_avg:55.57ms
step:1371/1480 train_time:76208ms step_avg:55.59ms
step:1372/1480 train_time:76293ms step_avg:55.61ms
step:1373/1480 train_time:76372ms step_avg:55.62ms
step:1374/1480 train_time:76457ms step_avg:55.65ms
step:1375/1480 train_time:76536ms step_avg:55.66ms
step:1376/1480 train_time:76623ms step_avg:55.69ms
step:1377/1480 train_time:76703ms step_avg:55.70ms
step:1378/1480 train_time:76789ms step_avg:55.72ms
step:1379/1480 train_time:76870ms step_avg:55.74ms
step:1380/1480 train_time:76956ms step_avg:55.76ms
step:1381/1480 train_time:77035ms step_avg:55.78ms
step:1382/1480 train_time:77119ms step_avg:55.80ms
step:1383/1480 train_time:77201ms step_avg:55.82ms
step:1384/1480 train_time:77287ms step_avg:55.84ms
step:1385/1480 train_time:77368ms step_avg:55.86ms
step:1386/1480 train_time:77453ms step_avg:55.88ms
step:1387/1480 train_time:77534ms step_avg:55.90ms
step:1388/1480 train_time:77619ms step_avg:55.92ms
step:1389/1480 train_time:77697ms step_avg:55.94ms
step:1390/1480 train_time:77784ms step_avg:55.96ms
step:1391/1480 train_time:77864ms step_avg:55.98ms
step:1392/1480 train_time:77950ms step_avg:56.00ms
step:1393/1480 train_time:78030ms step_avg:56.02ms
step:1394/1480 train_time:78116ms step_avg:56.04ms
step:1395/1480 train_time:78197ms step_avg:56.06ms
step:1396/1480 train_time:78282ms step_avg:56.08ms
step:1397/1480 train_time:78361ms step_avg:56.09ms
step:1398/1480 train_time:78446ms step_avg:56.11ms
step:1399/1480 train_time:78527ms step_avg:56.13ms
step:1400/1480 train_time:78612ms step_avg:56.15ms
step:1401/1480 train_time:78691ms step_avg:56.17ms
step:1402/1480 train_time:78777ms step_avg:56.19ms
step:1403/1480 train_time:78857ms step_avg:56.21ms
step:1404/1480 train_time:78944ms step_avg:56.23ms
step:1405/1480 train_time:79025ms step_avg:56.25ms
step:1406/1480 train_time:79110ms step_avg:56.27ms
step:1407/1480 train_time:79190ms step_avg:56.28ms
step:1408/1480 train_time:79275ms step_avg:56.30ms
step:1409/1480 train_time:79355ms step_avg:56.32ms
step:1410/1480 train_time:79439ms step_avg:56.34ms
step:1411/1480 train_time:79520ms step_avg:56.36ms
step:1412/1480 train_time:79605ms step_avg:56.38ms
step:1413/1480 train_time:79686ms step_avg:56.40ms
step:1414/1480 train_time:79773ms step_avg:56.42ms
step:1415/1480 train_time:79852ms step_avg:56.43ms
step:1416/1480 train_time:79937ms step_avg:56.45ms
step:1417/1480 train_time:80017ms step_avg:56.47ms
step:1418/1480 train_time:80104ms step_avg:56.49ms
step:1419/1480 train_time:80185ms step_avg:56.51ms
step:1420/1480 train_time:80271ms step_avg:56.53ms
step:1421/1480 train_time:80351ms step_avg:56.55ms
step:1422/1480 train_time:80435ms step_avg:56.57ms
step:1423/1480 train_time:80516ms step_avg:56.58ms
step:1424/1480 train_time:80601ms step_avg:56.60ms
step:1425/1480 train_time:80681ms step_avg:56.62ms
step:1426/1480 train_time:80767ms step_avg:56.64ms
step:1427/1480 train_time:80847ms step_avg:56.65ms
step:1428/1480 train_time:80933ms step_avg:56.68ms
step:1429/1480 train_time:81012ms step_avg:56.69ms
step:1430/1480 train_time:81096ms step_avg:56.71ms
step:1431/1480 train_time:81177ms step_avg:56.73ms
step:1432/1480 train_time:81262ms step_avg:56.75ms
step:1433/1480 train_time:81342ms step_avg:56.76ms
step:1434/1480 train_time:81427ms step_avg:56.78ms
step:1435/1480 train_time:81509ms step_avg:56.80ms
step:1436/1480 train_time:81595ms step_avg:56.82ms
step:1437/1480 train_time:81675ms step_avg:56.84ms
step:1438/1480 train_time:81759ms step_avg:56.86ms
step:1439/1480 train_time:81839ms step_avg:56.87ms
step:1440/1480 train_time:81925ms step_avg:56.89ms
step:1441/1480 train_time:82006ms step_avg:56.91ms
step:1442/1480 train_time:82096ms step_avg:56.93ms
step:1443/1480 train_time:82176ms step_avg:56.95ms
step:1444/1480 train_time:82261ms step_avg:56.97ms
step:1445/1480 train_time:82341ms step_avg:56.98ms
step:1446/1480 train_time:82427ms step_avg:57.00ms
step:1447/1480 train_time:82508ms step_avg:57.02ms
step:1448/1480 train_time:82595ms step_avg:57.04ms
step:1449/1480 train_time:82676ms step_avg:57.06ms
step:1450/1480 train_time:82760ms step_avg:57.08ms
step:1451/1480 train_time:82840ms step_avg:57.09ms
step:1452/1480 train_time:82927ms step_avg:57.11ms
step:1453/1480 train_time:83010ms step_avg:57.13ms
step:1454/1480 train_time:83096ms step_avg:57.15ms
step:1455/1480 train_time:83176ms step_avg:57.17ms
step:1456/1480 train_time:83261ms step_avg:57.18ms
step:1457/1480 train_time:83341ms step_avg:57.20ms
step:1458/1480 train_time:83427ms step_avg:57.22ms
step:1459/1480 train_time:83508ms step_avg:57.24ms
step:1460/1480 train_time:83595ms step_avg:57.26ms
step:1461/1480 train_time:83675ms step_avg:57.27ms
step:1462/1480 train_time:83761ms step_avg:57.29ms
step:1463/1480 train_time:83840ms step_avg:57.31ms
step:1464/1480 train_time:83927ms step_avg:57.33ms
step:1465/1480 train_time:84010ms step_avg:57.34ms
step:1466/1480 train_time:84096ms step_avg:57.36ms
step:1467/1480 train_time:84176ms step_avg:57.38ms
step:1468/1480 train_time:84261ms step_avg:57.40ms
step:1469/1480 train_time:84341ms step_avg:57.41ms
step:1470/1480 train_time:84427ms step_avg:57.43ms
step:1471/1480 train_time:84508ms step_avg:57.45ms
step:1472/1480 train_time:84594ms step_avg:57.47ms
step:1473/1480 train_time:84674ms step_avg:57.48ms
step:1474/1480 train_time:84759ms step_avg:57.50ms
step:1475/1480 train_time:84839ms step_avg:57.52ms
step:1476/1480 train_time:84926ms step_avg:57.54ms
step:1477/1480 train_time:85008ms step_avg:57.55ms
step:1478/1480 train_time:85094ms step_avg:57.57ms
step:1479/1480 train_time:85173ms step_avg:57.59ms
step:1480/1480 train_time:85260ms step_avg:57.61ms
step:1480/1480 val_loss:3.2780 train_time:85351ms step_avg:57.67ms
peak memory allocated: 31357 MiB reserved: 45930 MiB
