W0420 01:46:36.869000 100462 torch/distributed/run.py:852] 
W0420 01:46:36.869000 100462 torch/distributed/run.py:852] *****************************************
W0420 01:46:36.869000 100462 torch/distributed/run.py:852] Setting OMP_NUM_THREADS environment variable for each process to be 1 in default, to avoid your system being overloaded, please further tune the variable for optimal performance in your application as needed. 
W0420 01:46:36.869000 100462 torch/distributed/run.py:852] *****************************************
[Gloo] Rank 0 is connected to 7 peer ranks. Expected number of connected peer ranks is : 7
[Gloo] Rank 1 is connected to 7 peer ranks. Expected number of connected peer ranks is : 7
[Gloo] Rank 2 is connected to 7 peer ranks. Expected number of connected peer ranks is : 7
[Gloo] Rank 4 is connected to 7 peer ranks. Expected number of connected peer ranks is : 7
[Gloo] Rank [Gloo] Rank 5[Gloo] Rank [Gloo] Rank 3 is connected to 76 is connected to 7 is connected to  is connected to 7 peer ranks. 77 peer ranks. Expected number of connected peer ranks is :  peer ranks.  peer ranks. Expected number of connected peer ranks is : 7Expected number of connected peer ranks is : Expected number of connected peer ranks is : 7
77


Warning: You are sending unauthenticated requests to the HF Hub. Please set a HF_TOKEN to enable higher rate limits and faster downloads.
Warning: You are sending unauthenticated requests to the HF Hub. Please set a HF_TOKEN to enable higher rate limits and faster downloads.
Fetching 4 files:   0%|          | 0/4 [00:00<?, ?it/s]Fetching 4 files: 100%|██████████| 4/4 [00:00<00:00, 93727.46it/s]
Fetching 4 files:   0%|          | 0/4 [00:00<?, ?it/s]Fetching 4 files: 100%|██████████| 4/4 [00:00<00:00, 55188.21it/s]
Fetching 4 files:   0%|          | 0/4 [00:00<?, ?it/s]Fetching 4 files: 100%|██████████| 4/4 [00:00<00:00, 92182.51it/s]
Fetching 4 files:   0%|          | 0/4 [00:00<?, ?it/s]Fetching 4 files: 100%|██████████| 4/4 [00:00<00:00, 93206.76it/s]
Fetching 4 files:   0%|          | 0/4 [00:00<?, ?it/s]Fetching 4 files: 100%|██████████| 4/4 [00:00<00:00, 99864.38it/s]
Fetching 4 files:   0%|          | 0/4 [00:00<?, ?it/s]Fetching 4 files: 100%|██████████| 4/4 [00:00<00:00, 98112.37it/s]
Fetching 4 files:   0%|          | 0/4 [00:00<?, ?it/s]Fetching 4 files: 100%|██████████| 4/4 [00:00<00:00, 83055.52it/s]
Fetching 4 files:   0%|          | 0/4 [00:00<?, ?it/s]Fetching 4 files: 100%|██████████| 4/4 [00:00<00:00, 55738.26it/s]
logs/aa02bce7-51dd-4113-8b22-266fb27bebf7.txt
Compiling model and warming up kernels (~7 minutes on first execution)
Sampling steps [0, 1, 478, 479, 480, 481, 958, 959, 960, 961, 1438, 1439, 1440, 1441] for warmup
Resetting Model
step:0/1480 val_loss:10.8302 train_time:0ms step_avg:0.04ms
step:1/1480 train_time:65ms step_avg:64.68ms
step:2/1480 train_time:85ms step_avg:42.35ms
step:3/1480 train_time:102ms step_avg:34.10ms
step:4/1480 train_time:137ms step_avg:34.18ms
step:5/1480 train_time:164ms step_avg:32.79ms
step:6/1480 train_time:199ms step_avg:33.11ms
step:7/1480 train_time:227ms step_avg:32.36ms
step:8/1480 train_time:261ms step_avg:32.60ms
step:9/1480 train_time:289ms step_avg:32.06ms
step:10/1480 train_time:323ms step_avg:32.27ms
step:11/1480 train_time:350ms step_avg:31.86ms
step:12/1480 train_time:384ms step_avg:32.03ms
step:13/1480 train_time:412ms step_avg:31.72ms
step:14/1480 train_time:446ms step_avg:31.89ms
step:15/1480 train_time:475ms step_avg:31.64ms
step:16/1480 train_time:508ms step_avg:31.78ms
step:17/1480 train_time:537ms step_avg:31.56ms
step:18/1480 train_time:570ms step_avg:31.68ms
step:19/1480 train_time:599ms step_avg:31.50ms
step:20/1480 train_time:633ms step_avg:31.64ms
step:21/1480 train_time:661ms step_avg:31.46ms
step:22/1480 train_time:695ms step_avg:31.57ms
step:23/1480 train_time:723ms step_avg:31.41ms
step:24/1480 train_time:757ms step_avg:31.54ms
step:25/1480 train_time:785ms step_avg:31.39ms
step:26/1480 train_time:820ms step_avg:31.52ms
step:27/1480 train_time:847ms step_avg:31.39ms
step:28/1480 train_time:882ms step_avg:31.48ms
step:29/1480 train_time:909ms step_avg:31.36ms
step:30/1480 train_time:944ms step_avg:31.46ms
step:31/1480 train_time:972ms step_avg:31.36ms
step:32/1480 train_time:1006ms step_avg:31.44ms
step:33/1480 train_time:1035ms step_avg:31.38ms
step:34/1480 train_time:1069ms step_avg:31.45ms
step:35/1480 train_time:1098ms step_avg:31.36ms
step:36/1480 train_time:1132ms step_avg:31.44ms
step:37/1480 train_time:1160ms step_avg:31.35ms
step:38/1480 train_time:1194ms step_avg:31.42ms
step:39/1480 train_time:1222ms step_avg:31.34ms
step:40/1480 train_time:1257ms step_avg:31.41ms
step:41/1480 train_time:1284ms step_avg:31.33ms
step:42/1480 train_time:1319ms step_avg:31.40ms
step:43/1480 train_time:1347ms step_avg:31.32ms
step:44/1480 train_time:1381ms step_avg:31.39ms
step:45/1480 train_time:1409ms step_avg:31.32ms
step:46/1480 train_time:1444ms step_avg:31.39ms
step:47/1480 train_time:1472ms step_avg:31.31ms
step:48/1480 train_time:1506ms step_avg:31.37ms
step:49/1480 train_time:1534ms step_avg:31.31ms
step:50/1480 train_time:1568ms step_avg:31.36ms
step:51/1480 train_time:1596ms step_avg:31.30ms
step:52/1480 train_time:1630ms step_avg:31.35ms
step:53/1480 train_time:1658ms step_avg:31.29ms
step:54/1480 train_time:1692ms step_avg:31.34ms
step:55/1480 train_time:1721ms step_avg:31.28ms
step:56/1480 train_time:1755ms step_avg:31.34ms
step:57/1480 train_time:1783ms step_avg:31.27ms
step:58/1480 train_time:1817ms step_avg:31.33ms
step:59/1480 train_time:1845ms step_avg:31.27ms
step:60/1480 train_time:1880ms step_avg:31.33ms
step:61/1480 train_time:1908ms step_avg:31.27ms
step:62/1480 train_time:1942ms step_avg:31.32ms
step:63/1480 train_time:1970ms step_avg:31.26ms
step:64/1480 train_time:2004ms step_avg:31.31ms
step:65/1480 train_time:2032ms step_avg:31.27ms
step:66/1480 train_time:2066ms step_avg:31.31ms
step:67/1480 train_time:2095ms step_avg:31.26ms
step:68/1480 train_time:2129ms step_avg:31.30ms
step:69/1480 train_time:2157ms step_avg:31.26ms
step:70/1480 train_time:2191ms step_avg:31.30ms
step:71/1480 train_time:2219ms step_avg:31.26ms
step:72/1480 train_time:2254ms step_avg:31.30ms
step:73/1480 train_time:2282ms step_avg:31.26ms
step:74/1480 train_time:2317ms step_avg:31.31ms
step:75/1480 train_time:2345ms step_avg:31.26ms
step:76/1480 train_time:2379ms step_avg:31.31ms
step:77/1480 train_time:2407ms step_avg:31.26ms
step:78/1480 train_time:2442ms step_avg:31.31ms
step:79/1480 train_time:2470ms step_avg:31.26ms
step:80/1480 train_time:2504ms step_avg:31.30ms
step:81/1480 train_time:2532ms step_avg:31.26ms
step:82/1480 train_time:2566ms step_avg:31.29ms
step:83/1480 train_time:2594ms step_avg:31.25ms
step:84/1480 train_time:2628ms step_avg:31.28ms
step:85/1480 train_time:2656ms step_avg:31.25ms
step:86/1480 train_time:2690ms step_avg:31.28ms
step:87/1480 train_time:2719ms step_avg:31.25ms
step:88/1480 train_time:2753ms step_avg:31.28ms
step:89/1480 train_time:2781ms step_avg:31.25ms
step:90/1480 train_time:2816ms step_avg:31.29ms
step:91/1480 train_time:2844ms step_avg:31.25ms
step:92/1480 train_time:2879ms step_avg:31.29ms
step:93/1480 train_time:2907ms step_avg:31.26ms
step:94/1480 train_time:2942ms step_avg:31.29ms
step:95/1480 train_time:2969ms step_avg:31.26ms
step:96/1480 train_time:3004ms step_avg:31.29ms
step:97/1480 train_time:3032ms step_avg:31.26ms
step:98/1480 train_time:3066ms step_avg:31.28ms
step:99/1480 train_time:3094ms step_avg:31.25ms
step:100/1480 train_time:3128ms step_avg:31.28ms
step:101/1480 train_time:3156ms step_avg:31.25ms
step:102/1480 train_time:3190ms step_avg:31.27ms
step:103/1480 train_time:3218ms step_avg:31.25ms
step:104/1480 train_time:3253ms step_avg:31.27ms
step:105/1480 train_time:3281ms step_avg:31.25ms
step:106/1480 train_time:3315ms step_avg:31.27ms
step:107/1480 train_time:3343ms step_avg:31.24ms
step:108/1480 train_time:3377ms step_avg:31.27ms
step:109/1480 train_time:3405ms step_avg:31.24ms
step:110/1480 train_time:3440ms step_avg:31.27ms
step:111/1480 train_time:3468ms step_avg:31.24ms
step:112/1480 train_time:3502ms step_avg:31.27ms
step:113/1480 train_time:3530ms step_avg:31.24ms
step:114/1480 train_time:3564ms step_avg:31.27ms
step:115/1480 train_time:3592ms step_avg:31.24ms
step:116/1480 train_time:3626ms step_avg:31.26ms
step:117/1480 train_time:3655ms step_avg:31.24ms
step:118/1480 train_time:3689ms step_avg:31.26ms
step:119/1480 train_time:3717ms step_avg:31.23ms
step:120/1480 train_time:3751ms step_avg:31.26ms
step:121/1480 train_time:3779ms step_avg:31.23ms
step:122/1480 train_time:3814ms step_avg:31.26ms
step:123/1480 train_time:3842ms step_avg:31.24ms
step:124/1480 train_time:3877ms step_avg:31.26ms
step:125/1480 train_time:3905ms step_avg:31.24ms
step:126/1480 train_time:3939ms step_avg:31.26ms
step:127/1480 train_time:3967ms step_avg:31.24ms
step:128/1480 train_time:4002ms step_avg:31.26ms
step:129/1480 train_time:4029ms step_avg:31.23ms
step:130/1480 train_time:4064ms step_avg:31.26ms
step:131/1480 train_time:4091ms step_avg:31.23ms
step:132/1480 train_time:4125ms step_avg:31.25ms
step:133/1480 train_time:4154ms step_avg:31.23ms
step:134/1480 train_time:4188ms step_avg:31.25ms
step:135/1480 train_time:4216ms step_avg:31.23ms
step:136/1480 train_time:4250ms step_avg:31.25ms
step:137/1480 train_time:4279ms step_avg:31.23ms
step:138/1480 train_time:4313ms step_avg:31.25ms
step:139/1480 train_time:4341ms step_avg:31.23ms
step:140/1480 train_time:4375ms step_avg:31.25ms
step:141/1480 train_time:4403ms step_avg:31.23ms
step:142/1480 train_time:4438ms step_avg:31.25ms
step:143/1480 train_time:4465ms step_avg:31.23ms
step:144/1480 train_time:4500ms step_avg:31.25ms
step:145/1480 train_time:4528ms step_avg:31.23ms
step:146/1480 train_time:4562ms step_avg:31.25ms
step:147/1480 train_time:4590ms step_avg:31.22ms
step:148/1480 train_time:4624ms step_avg:31.25ms
step:149/1480 train_time:4652ms step_avg:31.22ms
step:150/1480 train_time:4686ms step_avg:31.24ms
step:151/1480 train_time:4714ms step_avg:31.22ms
step:152/1480 train_time:4749ms step_avg:31.24ms
step:153/1480 train_time:4777ms step_avg:31.22ms
step:154/1480 train_time:4811ms step_avg:31.24ms
step:155/1480 train_time:4839ms step_avg:31.22ms
step:156/1480 train_time:4873ms step_avg:31.24ms
step:157/1480 train_time:4901ms step_avg:31.22ms
step:158/1480 train_time:4935ms step_avg:31.24ms
step:159/1480 train_time:4963ms step_avg:31.22ms
step:160/1480 train_time:4998ms step_avg:31.24ms
step:161/1480 train_time:5026ms step_avg:31.22ms
step:162/1480 train_time:5060ms step_avg:31.23ms
step:163/1480 train_time:5088ms step_avg:31.21ms
step:164/1480 train_time:5122ms step_avg:31.23ms
step:165/1480 train_time:5150ms step_avg:31.21ms
step:166/1480 train_time:5184ms step_avg:31.23ms
step:167/1480 train_time:5212ms step_avg:31.21ms
step:168/1480 train_time:5246ms step_avg:31.23ms
step:169/1480 train_time:5274ms step_avg:31.21ms
step:170/1480 train_time:5308ms step_avg:31.22ms
step:171/1480 train_time:5337ms step_avg:31.21ms
step:172/1480 train_time:5371ms step_avg:31.22ms
step:173/1480 train_time:5398ms step_avg:31.20ms
step:174/1480 train_time:5432ms step_avg:31.22ms
step:175/1480 train_time:5460ms step_avg:31.20ms
step:176/1480 train_time:5495ms step_avg:31.22ms
step:177/1480 train_time:5523ms step_avg:31.20ms
step:178/1480 train_time:5557ms step_avg:31.22ms
step:179/1480 train_time:5585ms step_avg:31.20ms
step:180/1480 train_time:5619ms step_avg:31.22ms
step:181/1480 train_time:5647ms step_avg:31.20ms
step:182/1480 train_time:5681ms step_avg:31.22ms
step:183/1480 train_time:5709ms step_avg:31.20ms
step:184/1480 train_time:5744ms step_avg:31.22ms
step:185/1480 train_time:5772ms step_avg:31.20ms
step:186/1480 train_time:5806ms step_avg:31.21ms
step:187/1480 train_time:5834ms step_avg:31.20ms
step:188/1480 train_time:5868ms step_avg:31.21ms
step:189/1480 train_time:5896ms step_avg:31.20ms
step:190/1480 train_time:5930ms step_avg:31.21ms
step:191/1480 train_time:5958ms step_avg:31.20ms
step:192/1480 train_time:5992ms step_avg:31.21ms
step:193/1480 train_time:6020ms step_avg:31.19ms
step:194/1480 train_time:6055ms step_avg:31.21ms
step:195/1480 train_time:6083ms step_avg:31.19ms
step:196/1480 train_time:6117ms step_avg:31.21ms
step:197/1480 train_time:6145ms step_avg:31.19ms
step:198/1480 train_time:6180ms step_avg:31.21ms
step:199/1480 train_time:6208ms step_avg:31.19ms
step:200/1480 train_time:6242ms step_avg:31.21ms
step:201/1480 train_time:6270ms step_avg:31.19ms
step:202/1480 train_time:6304ms step_avg:31.21ms
step:203/1480 train_time:6332ms step_avg:31.19ms
step:204/1480 train_time:6366ms step_avg:31.21ms
step:205/1480 train_time:6394ms step_avg:31.19ms
step:206/1480 train_time:6428ms step_avg:31.20ms
step:207/1480 train_time:6456ms step_avg:31.19ms
step:208/1480 train_time:6490ms step_avg:31.20ms
step:209/1480 train_time:6518ms step_avg:31.19ms
step:210/1480 train_time:6553ms step_avg:31.20ms
step:211/1480 train_time:6581ms step_avg:31.19ms
step:212/1480 train_time:6615ms step_avg:31.20ms
step:213/1480 train_time:6643ms step_avg:31.19ms
step:214/1480 train_time:6677ms step_avg:31.20ms
step:215/1480 train_time:6705ms step_avg:31.18ms
step:216/1480 train_time:6739ms step_avg:31.20ms
step:217/1480 train_time:6767ms step_avg:31.18ms
step:218/1480 train_time:6801ms step_avg:31.20ms
step:219/1480 train_time:6829ms step_avg:31.18ms
step:220/1480 train_time:6863ms step_avg:31.20ms
step:221/1480 train_time:6891ms step_avg:31.18ms
step:222/1480 train_time:6925ms step_avg:31.19ms
step:223/1480 train_time:6953ms step_avg:31.18ms
step:224/1480 train_time:6987ms step_avg:31.19ms
step:225/1480 train_time:7015ms step_avg:31.18ms
step:226/1480 train_time:7050ms step_avg:31.19ms
step:227/1480 train_time:7078ms step_avg:31.18ms
step:228/1480 train_time:7112ms step_avg:31.19ms
step:229/1480 train_time:7140ms step_avg:31.18ms
step:230/1480 train_time:7175ms step_avg:31.19ms
step:231/1480 train_time:7202ms step_avg:31.18ms
step:232/1480 train_time:7236ms step_avg:31.19ms
step:233/1480 train_time:7265ms step_avg:31.18ms
step:234/1480 train_time:7299ms step_avg:31.19ms
step:235/1480 train_time:7327ms step_avg:31.18ms
step:236/1480 train_time:7361ms step_avg:31.19ms
step:237/1480 train_time:7389ms step_avg:31.18ms
step:238/1480 train_time:7423ms step_avg:31.19ms
step:239/1480 train_time:7451ms step_avg:31.18ms
step:240/1480 train_time:7485ms step_avg:31.19ms
step:241/1480 train_time:7514ms step_avg:31.18ms
step:242/1480 train_time:7548ms step_avg:31.19ms
step:243/1480 train_time:7576ms step_avg:31.18ms
step:244/1480 train_time:7610ms step_avg:31.19ms
step:245/1480 train_time:7638ms step_avg:31.18ms
step:246/1480 train_time:7672ms step_avg:31.19ms
step:247/1480 train_time:7700ms step_avg:31.17ms
step:248/1480 train_time:7734ms step_avg:31.18ms
step:249/1480 train_time:7762ms step_avg:31.17ms
step:250/1480 train_time:7796ms step_avg:31.18ms
step:250/1480 val_loss:4.4999 train_time:7834ms step_avg:31.34ms
step:251/1480 train_time:7849ms step_avg:31.27ms
step:252/1480 train_time:7867ms step_avg:31.22ms
step:253/1480 train_time:7889ms step_avg:31.18ms
step:254/1480 train_time:7923ms step_avg:31.19ms
step:255/1480 train_time:7952ms step_avg:31.18ms
step:256/1480 train_time:7987ms step_avg:31.20ms
step:257/1480 train_time:8015ms step_avg:31.19ms
step:258/1480 train_time:8049ms step_avg:31.20ms
step:259/1480 train_time:8077ms step_avg:31.18ms
step:260/1480 train_time:8111ms step_avg:31.20ms
step:261/1480 train_time:8139ms step_avg:31.18ms
step:262/1480 train_time:8173ms step_avg:31.19ms
step:263/1480 train_time:8201ms step_avg:31.18ms
step:264/1480 train_time:8235ms step_avg:31.19ms
step:265/1480 train_time:8263ms step_avg:31.18ms
step:266/1480 train_time:8297ms step_avg:31.19ms
step:267/1480 train_time:8326ms step_avg:31.18ms
step:268/1480 train_time:8359ms step_avg:31.19ms
step:269/1480 train_time:8388ms step_avg:31.18ms
step:270/1480 train_time:8421ms step_avg:31.19ms
step:271/1480 train_time:8449ms step_avg:31.18ms
step:272/1480 train_time:8483ms step_avg:31.19ms
step:273/1480 train_time:8511ms step_avg:31.17ms
step:274/1480 train_time:8545ms step_avg:31.18ms
step:275/1480 train_time:8572ms step_avg:31.17ms
step:276/1480 train_time:8606ms step_avg:31.18ms
step:277/1480 train_time:8634ms step_avg:31.17ms
step:278/1480 train_time:8668ms step_avg:31.18ms
step:279/1480 train_time:8696ms step_avg:31.17ms
step:280/1480 train_time:8730ms step_avg:31.18ms
step:281/1480 train_time:8758ms step_avg:31.17ms
step:282/1480 train_time:8792ms step_avg:31.18ms
step:283/1480 train_time:8820ms step_avg:31.17ms
step:284/1480 train_time:8854ms step_avg:31.18ms
step:285/1480 train_time:8882ms step_avg:31.17ms
step:286/1480 train_time:8916ms step_avg:31.17ms
step:287/1480 train_time:8944ms step_avg:31.17ms
step:288/1480 train_time:8979ms step_avg:31.18ms
step:289/1480 train_time:9007ms step_avg:31.17ms
step:290/1480 train_time:9042ms step_avg:31.18ms
step:291/1480 train_time:9070ms step_avg:31.17ms
step:292/1480 train_time:9104ms step_avg:31.18ms
step:293/1480 train_time:9132ms step_avg:31.17ms
step:294/1480 train_time:9167ms step_avg:31.18ms
step:295/1480 train_time:9195ms step_avg:31.17ms
step:296/1480 train_time:9230ms step_avg:31.18ms
step:297/1480 train_time:9257ms step_avg:31.17ms
step:298/1480 train_time:9291ms step_avg:31.18ms
step:299/1480 train_time:9319ms step_avg:31.17ms
step:300/1480 train_time:9353ms step_avg:31.18ms
step:301/1480 train_time:9381ms step_avg:31.17ms
step:302/1480 train_time:9415ms step_avg:31.18ms
step:303/1480 train_time:9443ms step_avg:31.17ms
step:304/1480 train_time:9477ms step_avg:31.17ms
step:305/1480 train_time:9505ms step_avg:31.16ms
step:306/1480 train_time:9539ms step_avg:31.17ms
step:307/1480 train_time:9567ms step_avg:31.16ms
step:308/1480 train_time:9601ms step_avg:31.17ms
step:309/1480 train_time:9629ms step_avg:31.16ms
step:310/1480 train_time:9663ms step_avg:31.17ms
step:311/1480 train_time:9691ms step_avg:31.16ms
step:312/1480 train_time:9725ms step_avg:31.17ms
step:313/1480 train_time:9753ms step_avg:31.16ms
step:314/1480 train_time:9788ms step_avg:31.17ms
step:315/1480 train_time:9816ms step_avg:31.16ms
step:316/1480 train_time:9850ms step_avg:31.17ms
step:317/1480 train_time:9878ms step_avg:31.16ms
step:318/1480 train_time:9912ms step_avg:31.17ms
step:319/1480 train_time:9940ms step_avg:31.16ms
step:320/1480 train_time:9974ms step_avg:31.17ms
step:321/1480 train_time:10002ms step_avg:31.16ms
step:322/1480 train_time:10036ms step_avg:31.17ms
step:323/1480 train_time:10065ms step_avg:31.16ms
step:324/1480 train_time:10099ms step_avg:31.17ms
step:325/1480 train_time:10127ms step_avg:31.16ms
step:326/1480 train_time:10161ms step_avg:31.17ms
step:327/1480 train_time:10189ms step_avg:31.16ms
step:328/1480 train_time:10223ms step_avg:31.17ms
step:329/1480 train_time:10251ms step_avg:31.16ms
step:330/1480 train_time:10285ms step_avg:31.17ms
step:331/1480 train_time:10313ms step_avg:31.16ms
step:332/1480 train_time:10347ms step_avg:31.17ms
step:333/1480 train_time:10375ms step_avg:31.16ms
step:334/1480 train_time:10410ms step_avg:31.17ms
step:335/1480 train_time:10437ms step_avg:31.16ms
step:336/1480 train_time:10471ms step_avg:31.16ms
step:337/1480 train_time:10499ms step_avg:31.15ms
step:338/1480 train_time:10533ms step_avg:31.16ms
step:339/1480 train_time:10561ms step_avg:31.15ms
step:340/1480 train_time:10595ms step_avg:31.16ms
step:341/1480 train_time:10623ms step_avg:31.15ms
step:342/1480 train_time:10657ms step_avg:31.16ms
step:343/1480 train_time:10685ms step_avg:31.15ms
step:344/1480 train_time:10719ms step_avg:31.16ms
step:345/1480 train_time:10747ms step_avg:31.15ms
step:346/1480 train_time:10781ms step_avg:31.16ms
step:347/1480 train_time:10809ms step_avg:31.15ms
step:348/1480 train_time:10843ms step_avg:31.16ms
step:349/1480 train_time:10871ms step_avg:31.15ms
step:350/1480 train_time:10905ms step_avg:31.16ms
step:351/1480 train_time:10933ms step_avg:31.15ms
step:352/1480 train_time:10968ms step_avg:31.16ms
step:353/1480 train_time:10996ms step_avg:31.15ms
step:354/1480 train_time:11030ms step_avg:31.16ms
step:355/1480 train_time:11058ms step_avg:31.15ms
step:356/1480 train_time:11092ms step_avg:31.16ms
step:357/1480 train_time:11120ms step_avg:31.15ms
step:358/1480 train_time:11154ms step_avg:31.16ms
step:359/1480 train_time:11182ms step_avg:31.15ms
step:360/1480 train_time:11216ms step_avg:31.16ms
step:361/1480 train_time:11244ms step_avg:31.15ms
step:362/1480 train_time:11278ms step_avg:31.15ms
step:363/1480 train_time:11306ms step_avg:31.15ms
step:364/1480 train_time:11341ms step_avg:31.16ms
step:365/1480 train_time:11369ms step_avg:31.15ms
step:366/1480 train_time:11403ms step_avg:31.15ms
step:367/1480 train_time:11431ms step_avg:31.15ms
step:368/1480 train_time:11465ms step_avg:31.16ms
step:369/1480 train_time:11493ms step_avg:31.15ms
step:370/1480 train_time:11527ms step_avg:31.15ms
step:371/1480 train_time:11555ms step_avg:31.15ms
step:372/1480 train_time:11590ms step_avg:31.15ms
step:373/1480 train_time:11617ms step_avg:31.15ms
step:374/1480 train_time:11651ms step_avg:31.15ms
step:375/1480 train_time:11679ms step_avg:31.14ms
step:376/1480 train_time:11713ms step_avg:31.15ms
step:377/1480 train_time:11741ms step_avg:31.14ms
step:378/1480 train_time:11775ms step_avg:31.15ms
step:379/1480 train_time:11803ms step_avg:31.14ms
step:380/1480 train_time:11838ms step_avg:31.15ms
step:381/1480 train_time:11866ms step_avg:31.14ms
step:382/1480 train_time:11899ms step_avg:31.15ms
step:383/1480 train_time:11928ms step_avg:31.14ms
step:384/1480 train_time:11962ms step_avg:31.15ms
step:385/1480 train_time:11990ms step_avg:31.14ms
step:386/1480 train_time:12024ms step_avg:31.15ms
step:387/1480 train_time:12052ms step_avg:31.14ms
step:388/1480 train_time:12086ms step_avg:31.15ms
step:389/1480 train_time:12114ms step_avg:31.14ms
step:390/1480 train_time:12148ms step_avg:31.15ms
step:391/1480 train_time:12176ms step_avg:31.14ms
step:392/1480 train_time:12210ms step_avg:31.15ms
step:393/1480 train_time:12238ms step_avg:31.14ms
step:394/1480 train_time:12272ms step_avg:31.15ms
step:395/1480 train_time:12300ms step_avg:31.14ms
step:396/1480 train_time:12334ms step_avg:31.15ms
step:397/1480 train_time:12362ms step_avg:31.14ms
step:398/1480 train_time:12397ms step_avg:31.15ms
step:399/1480 train_time:12425ms step_avg:31.14ms
step:400/1480 train_time:12459ms step_avg:31.15ms
step:401/1480 train_time:12487ms step_avg:31.14ms
step:402/1480 train_time:12521ms step_avg:31.15ms
step:403/1480 train_time:12549ms step_avg:31.14ms
step:404/1480 train_time:12583ms step_avg:31.15ms
step:405/1480 train_time:12611ms step_avg:31.14ms
step:406/1480 train_time:12645ms step_avg:31.15ms
step:407/1480 train_time:12673ms step_avg:31.14ms
step:408/1480 train_time:12707ms step_avg:31.14ms
step:409/1480 train_time:12735ms step_avg:31.14ms
step:410/1480 train_time:12769ms step_avg:31.14ms
step:411/1480 train_time:12797ms step_avg:31.14ms
step:412/1480 train_time:12831ms step_avg:31.14ms
step:413/1480 train_time:12859ms step_avg:31.14ms
step:414/1480 train_time:12893ms step_avg:31.14ms
step:415/1480 train_time:12921ms step_avg:31.14ms
step:416/1480 train_time:12955ms step_avg:31.14ms
step:417/1480 train_time:12983ms step_avg:31.14ms
step:418/1480 train_time:13017ms step_avg:31.14ms
step:419/1480 train_time:13045ms step_avg:31.13ms
step:420/1480 train_time:13079ms step_avg:31.14ms
step:421/1480 train_time:13107ms step_avg:31.13ms
step:422/1480 train_time:13141ms step_avg:31.14ms
step:423/1480 train_time:13169ms step_avg:31.13ms
step:424/1480 train_time:13203ms step_avg:31.14ms
step:425/1480 train_time:13231ms step_avg:31.13ms
step:426/1480 train_time:13265ms step_avg:31.14ms
step:427/1480 train_time:13293ms step_avg:31.13ms
step:428/1480 train_time:13328ms step_avg:31.14ms
step:429/1480 train_time:13355ms step_avg:31.13ms
step:430/1480 train_time:13390ms step_avg:31.14ms
step:431/1480 train_time:13418ms step_avg:31.13ms
step:432/1480 train_time:13452ms step_avg:31.14ms
step:433/1480 train_time:13480ms step_avg:31.13ms
step:434/1480 train_time:13514ms step_avg:31.14ms
step:435/1480 train_time:13542ms step_avg:31.13ms
step:436/1480 train_time:13576ms step_avg:31.14ms
step:437/1480 train_time:13604ms step_avg:31.13ms
step:438/1480 train_time:13638ms step_avg:31.14ms
step:439/1480 train_time:13666ms step_avg:31.13ms
step:440/1480 train_time:13700ms step_avg:31.14ms
step:441/1480 train_time:13728ms step_avg:31.13ms
step:442/1480 train_time:13762ms step_avg:31.14ms
step:443/1480 train_time:13791ms step_avg:31.13ms
step:444/1480 train_time:13824ms step_avg:31.14ms
step:445/1480 train_time:13852ms step_avg:31.13ms
step:446/1480 train_time:13887ms step_avg:31.14ms
step:447/1480 train_time:13915ms step_avg:31.13ms
step:448/1480 train_time:13949ms step_avg:31.14ms
step:449/1480 train_time:13977ms step_avg:31.13ms
step:450/1480 train_time:14011ms step_avg:31.14ms
step:451/1480 train_time:14039ms step_avg:31.13ms
step:452/1480 train_time:14073ms step_avg:31.13ms
step:453/1480 train_time:14101ms step_avg:31.13ms
step:454/1480 train_time:14134ms step_avg:31.13ms
step:455/1480 train_time:14162ms step_avg:31.13ms
step:456/1480 train_time:14196ms step_avg:31.13ms
step:457/1480 train_time:14225ms step_avg:31.13ms
step:458/1480 train_time:14258ms step_avg:31.13ms
step:459/1480 train_time:14287ms step_avg:31.13ms
step:460/1480 train_time:14320ms step_avg:31.13ms
step:461/1480 train_time:14349ms step_avg:31.13ms
step:462/1480 train_time:14382ms step_avg:31.13ms
step:463/1480 train_time:14410ms step_avg:31.12ms
step:464/1480 train_time:14445ms step_avg:31.13ms
step:465/1480 train_time:14472ms step_avg:31.12ms
step:466/1480 train_time:14506ms step_avg:31.13ms
step:467/1480 train_time:14534ms step_avg:31.12ms
step:468/1480 train_time:14569ms step_avg:31.13ms
step:469/1480 train_time:14596ms step_avg:31.12ms
step:470/1480 train_time:14631ms step_avg:31.13ms
step:471/1480 train_time:14658ms step_avg:31.12ms
step:472/1480 train_time:14693ms step_avg:31.13ms
step:473/1480 train_time:14721ms step_avg:31.12ms
step:474/1480 train_time:14755ms step_avg:31.13ms
step:475/1480 train_time:14783ms step_avg:31.12ms
step:476/1480 train_time:14817ms step_avg:31.13ms
step:477/1480 train_time:14845ms step_avg:31.12ms
step:478/1480 train_time:14878ms step_avg:31.13ms
step:479/1480 train_time:14907ms step_avg:31.12ms
step:480/1480 train_time:14941ms step_avg:31.13ms
step:481/1480 train_time:14971ms step_avg:31.12ms
step:482/1480 train_time:15032ms step_avg:31.19ms
step:483/1480 train_time:15085ms step_avg:31.23ms
step:484/1480 train_time:15144ms step_avg:31.29ms
step:485/1480 train_time:15197ms step_avg:31.33ms
step:486/1480 train_time:15257ms step_avg:31.39ms
step:487/1480 train_time:15311ms step_avg:31.44ms
step:488/1480 train_time:15369ms step_avg:31.49ms
step:489/1480 train_time:15423ms step_avg:31.54ms
step:490/1480 train_time:15482ms step_avg:31.60ms
step:491/1480 train_time:15536ms step_avg:31.64ms
step:492/1480 train_time:15595ms step_avg:31.70ms
step:493/1480 train_time:15649ms step_avg:31.74ms
step:494/1480 train_time:15708ms step_avg:31.80ms
step:495/1480 train_time:15762ms step_avg:31.84ms
step:496/1480 train_time:15821ms step_avg:31.90ms
step:497/1480 train_time:15874ms step_avg:31.94ms
step:498/1480 train_time:15933ms step_avg:31.99ms
step:499/1480 train_time:15987ms step_avg:32.04ms
step:500/1480 train_time:16045ms step_avg:32.09ms
step:500/1480 val_loss:4.1930 train_time:16109ms step_avg:32.22ms
step:501/1480 train_time:16124ms step_avg:32.18ms
step:502/1480 train_time:16160ms step_avg:32.19ms
step:503/1480 train_time:16216ms step_avg:32.24ms
step:504/1480 train_time:16277ms step_avg:32.30ms
step:505/1480 train_time:16332ms step_avg:32.34ms
step:506/1480 train_time:16391ms step_avg:32.39ms
step:507/1480 train_time:16445ms step_avg:32.44ms
step:508/1480 train_time:16502ms step_avg:32.49ms
step:509/1480 train_time:16556ms step_avg:32.53ms
step:510/1480 train_time:16615ms step_avg:32.58ms
step:511/1480 train_time:16667ms step_avg:32.62ms
step:512/1480 train_time:16726ms step_avg:32.67ms
step:513/1480 train_time:16779ms step_avg:32.71ms
step:514/1480 train_time:16838ms step_avg:32.76ms
step:515/1480 train_time:16891ms step_avg:32.80ms
step:516/1480 train_time:16950ms step_avg:32.85ms
step:517/1480 train_time:17003ms step_avg:32.89ms
step:518/1480 train_time:17062ms step_avg:32.94ms
step:519/1480 train_time:17117ms step_avg:32.98ms
step:520/1480 train_time:17178ms step_avg:33.03ms
step:521/1480 train_time:17231ms step_avg:33.07ms
step:522/1480 train_time:17291ms step_avg:33.12ms
step:523/1480 train_time:17344ms step_avg:33.16ms
step:524/1480 train_time:17403ms step_avg:33.21ms
step:525/1480 train_time:17456ms step_avg:33.25ms
step:526/1480 train_time:17515ms step_avg:33.30ms
step:527/1480 train_time:17568ms step_avg:33.34ms
step:528/1480 train_time:17627ms step_avg:33.38ms
step:529/1480 train_time:17680ms step_avg:33.42ms
step:530/1480 train_time:17738ms step_avg:33.47ms
step:531/1480 train_time:17792ms step_avg:33.51ms
step:532/1480 train_time:17851ms step_avg:33.55ms
step:533/1480 train_time:17904ms step_avg:33.59ms
step:534/1480 train_time:17962ms step_avg:33.64ms
step:535/1480 train_time:18016ms step_avg:33.68ms
step:536/1480 train_time:18076ms step_avg:33.72ms
step:537/1480 train_time:18130ms step_avg:33.76ms
step:538/1480 train_time:18190ms step_avg:33.81ms
step:539/1480 train_time:18242ms step_avg:33.85ms
step:540/1480 train_time:18302ms step_avg:33.89ms
step:541/1480 train_time:18356ms step_avg:33.93ms
step:542/1480 train_time:18415ms step_avg:33.98ms
step:543/1480 train_time:18468ms step_avg:34.01ms
step:544/1480 train_time:18526ms step_avg:34.06ms
step:545/1480 train_time:18580ms step_avg:34.09ms
step:546/1480 train_time:18639ms step_avg:34.14ms
step:547/1480 train_time:18692ms step_avg:34.17ms
step:548/1480 train_time:18752ms step_avg:34.22ms
step:549/1480 train_time:18804ms step_avg:34.25ms
step:550/1480 train_time:18863ms step_avg:34.30ms
step:551/1480 train_time:18916ms step_avg:34.33ms
step:552/1480 train_time:18976ms step_avg:34.38ms
step:553/1480 train_time:19029ms step_avg:34.41ms
step:554/1480 train_time:19089ms step_avg:34.46ms
step:555/1480 train_time:19143ms step_avg:34.49ms
step:556/1480 train_time:19202ms step_avg:34.54ms
step:557/1480 train_time:19256ms step_avg:34.57ms
step:558/1480 train_time:19315ms step_avg:34.61ms
step:559/1480 train_time:19369ms step_avg:34.65ms
step:560/1480 train_time:19428ms step_avg:34.69ms
step:561/1480 train_time:19481ms step_avg:34.73ms
step:562/1480 train_time:19539ms step_avg:34.77ms
step:563/1480 train_time:19593ms step_avg:34.80ms
step:564/1480 train_time:19653ms step_avg:34.85ms
step:565/1480 train_time:19706ms step_avg:34.88ms
step:566/1480 train_time:19764ms step_avg:34.92ms
step:567/1480 train_time:19817ms step_avg:34.95ms
step:568/1480 train_time:19876ms step_avg:34.99ms
step:569/1480 train_time:19929ms step_avg:35.03ms
step:570/1480 train_time:19988ms step_avg:35.07ms
step:571/1480 train_time:20042ms step_avg:35.10ms
step:572/1480 train_time:20100ms step_avg:35.14ms
step:573/1480 train_time:20155ms step_avg:35.17ms
step:574/1480 train_time:20214ms step_avg:35.22ms
step:575/1480 train_time:20268ms step_avg:35.25ms
step:576/1480 train_time:20327ms step_avg:35.29ms
step:577/1480 train_time:20380ms step_avg:35.32ms
step:578/1480 train_time:20439ms step_avg:35.36ms
step:579/1480 train_time:20492ms step_avg:35.39ms
step:580/1480 train_time:20552ms step_avg:35.43ms
step:581/1480 train_time:20606ms step_avg:35.47ms
step:582/1480 train_time:20664ms step_avg:35.51ms
step:583/1480 train_time:20718ms step_avg:35.54ms
step:584/1480 train_time:20777ms step_avg:35.58ms
step:585/1480 train_time:20830ms step_avg:35.61ms
step:586/1480 train_time:20888ms step_avg:35.65ms
step:587/1480 train_time:20942ms step_avg:35.68ms
step:588/1480 train_time:21000ms step_avg:35.71ms
step:589/1480 train_time:21054ms step_avg:35.75ms
step:590/1480 train_time:21113ms step_avg:35.79ms
step:591/1480 train_time:21167ms step_avg:35.82ms
step:592/1480 train_time:21226ms step_avg:35.85ms
step:593/1480 train_time:21280ms step_avg:35.89ms
step:594/1480 train_time:21339ms step_avg:35.92ms
step:595/1480 train_time:21393ms step_avg:35.95ms
step:596/1480 train_time:21452ms step_avg:35.99ms
step:597/1480 train_time:21505ms step_avg:36.02ms
step:598/1480 train_time:21564ms step_avg:36.06ms
step:599/1480 train_time:21618ms step_avg:36.09ms
step:600/1480 train_time:21677ms step_avg:36.13ms
step:601/1480 train_time:21730ms step_avg:36.16ms
step:602/1480 train_time:21789ms step_avg:36.19ms
step:603/1480 train_time:21842ms step_avg:36.22ms
step:604/1480 train_time:21900ms step_avg:36.26ms
step:605/1480 train_time:21954ms step_avg:36.29ms
step:606/1480 train_time:22013ms step_avg:36.33ms
step:607/1480 train_time:22067ms step_avg:36.35ms
step:608/1480 train_time:22126ms step_avg:36.39ms
step:609/1480 train_time:22179ms step_avg:36.42ms
step:610/1480 train_time:22239ms step_avg:36.46ms
step:611/1480 train_time:22292ms step_avg:36.48ms
step:612/1480 train_time:22352ms step_avg:36.52ms
step:613/1480 train_time:22405ms step_avg:36.55ms
step:614/1480 train_time:22463ms step_avg:36.59ms
step:615/1480 train_time:22517ms step_avg:36.61ms
step:616/1480 train_time:22577ms step_avg:36.65ms
step:617/1480 train_time:22631ms step_avg:36.68ms
step:618/1480 train_time:22690ms step_avg:36.72ms
step:619/1480 train_time:22743ms step_avg:36.74ms
step:620/1480 train_time:22802ms step_avg:36.78ms
step:621/1480 train_time:22856ms step_avg:36.80ms
step:622/1480 train_time:22914ms step_avg:36.84ms
step:623/1480 train_time:22967ms step_avg:36.87ms
step:624/1480 train_time:23026ms step_avg:36.90ms
step:625/1480 train_time:23081ms step_avg:36.93ms
step:626/1480 train_time:23139ms step_avg:36.96ms
step:627/1480 train_time:23193ms step_avg:36.99ms
step:628/1480 train_time:23253ms step_avg:37.03ms
step:629/1480 train_time:23306ms step_avg:37.05ms
step:630/1480 train_time:23364ms step_avg:37.09ms
step:631/1480 train_time:23418ms step_avg:37.11ms
step:632/1480 train_time:23478ms step_avg:37.15ms
step:633/1480 train_time:23531ms step_avg:37.17ms
step:634/1480 train_time:23590ms step_avg:37.21ms
step:635/1480 train_time:23644ms step_avg:37.23ms
step:636/1480 train_time:23702ms step_avg:37.27ms
step:637/1480 train_time:23756ms step_avg:37.29ms
step:638/1480 train_time:23815ms step_avg:37.33ms
step:639/1480 train_time:23868ms step_avg:37.35ms
step:640/1480 train_time:23927ms step_avg:37.39ms
step:641/1480 train_time:23981ms step_avg:37.41ms
step:642/1480 train_time:24040ms step_avg:37.44ms
step:643/1480 train_time:24093ms step_avg:37.47ms
step:644/1480 train_time:24153ms step_avg:37.50ms
step:645/1480 train_time:24207ms step_avg:37.53ms
step:646/1480 train_time:24266ms step_avg:37.56ms
step:647/1480 train_time:24318ms step_avg:37.59ms
step:648/1480 train_time:24378ms step_avg:37.62ms
step:649/1480 train_time:24431ms step_avg:37.64ms
step:650/1480 train_time:24491ms step_avg:37.68ms
step:651/1480 train_time:24544ms step_avg:37.70ms
step:652/1480 train_time:24603ms step_avg:37.73ms
step:653/1480 train_time:24657ms step_avg:37.76ms
step:654/1480 train_time:24716ms step_avg:37.79ms
step:655/1480 train_time:24769ms step_avg:37.82ms
step:656/1480 train_time:24828ms step_avg:37.85ms
step:657/1480 train_time:24882ms step_avg:37.87ms
step:658/1480 train_time:24942ms step_avg:37.91ms
step:659/1480 train_time:24995ms step_avg:37.93ms
step:660/1480 train_time:25054ms step_avg:37.96ms
step:661/1480 train_time:25107ms step_avg:37.98ms
step:662/1480 train_time:25166ms step_avg:38.01ms
step:663/1480 train_time:25219ms step_avg:38.04ms
step:664/1480 train_time:25279ms step_avg:38.07ms
step:665/1480 train_time:25332ms step_avg:38.09ms
step:666/1480 train_time:25392ms step_avg:38.13ms
step:667/1480 train_time:25445ms step_avg:38.15ms
step:668/1480 train_time:25503ms step_avg:38.18ms
step:669/1480 train_time:25557ms step_avg:38.20ms
step:670/1480 train_time:25616ms step_avg:38.23ms
step:671/1480 train_time:25669ms step_avg:38.26ms
step:672/1480 train_time:25728ms step_avg:38.29ms
step:673/1480 train_time:25782ms step_avg:38.31ms
step:674/1480 train_time:25841ms step_avg:38.34ms
step:675/1480 train_time:25895ms step_avg:38.36ms
step:676/1480 train_time:25954ms step_avg:38.39ms
step:677/1480 train_time:26008ms step_avg:38.42ms
step:678/1480 train_time:26066ms step_avg:38.45ms
step:679/1480 train_time:26120ms step_avg:38.47ms
step:680/1480 train_time:26178ms step_avg:38.50ms
step:681/1480 train_time:26232ms step_avg:38.52ms
step:682/1480 train_time:26292ms step_avg:38.55ms
step:683/1480 train_time:26345ms step_avg:38.57ms
step:684/1480 train_time:26404ms step_avg:38.60ms
step:685/1480 train_time:26458ms step_avg:38.62ms
step:686/1480 train_time:26516ms step_avg:38.65ms
step:687/1480 train_time:26570ms step_avg:38.68ms
step:688/1480 train_time:26630ms step_avg:38.71ms
step:689/1480 train_time:26683ms step_avg:38.73ms
step:690/1480 train_time:26741ms step_avg:38.76ms
step:691/1480 train_time:26795ms step_avg:38.78ms
step:692/1480 train_time:26855ms step_avg:38.81ms
step:693/1480 train_time:26908ms step_avg:38.83ms
step:694/1480 train_time:26966ms step_avg:38.86ms
step:695/1480 train_time:27020ms step_avg:38.88ms
step:696/1480 train_time:27079ms step_avg:38.91ms
step:697/1480 train_time:27132ms step_avg:38.93ms
step:698/1480 train_time:27191ms step_avg:38.96ms
step:699/1480 train_time:27245ms step_avg:38.98ms
step:700/1480 train_time:27303ms step_avg:39.00ms
step:701/1480 train_time:27357ms step_avg:39.03ms
step:702/1480 train_time:27416ms step_avg:39.05ms
step:703/1480 train_time:27469ms step_avg:39.07ms
step:704/1480 train_time:27530ms step_avg:39.10ms
step:705/1480 train_time:27584ms step_avg:39.13ms
step:706/1480 train_time:27642ms step_avg:39.15ms
step:707/1480 train_time:27696ms step_avg:39.17ms
step:708/1480 train_time:27755ms step_avg:39.20ms
step:709/1480 train_time:27808ms step_avg:39.22ms
step:710/1480 train_time:27868ms step_avg:39.25ms
step:711/1480 train_time:27922ms step_avg:39.27ms
step:712/1480 train_time:27980ms step_avg:39.30ms
step:713/1480 train_time:28034ms step_avg:39.32ms
step:714/1480 train_time:28094ms step_avg:39.35ms
step:715/1480 train_time:28147ms step_avg:39.37ms
step:716/1480 train_time:28206ms step_avg:39.39ms
step:717/1480 train_time:28259ms step_avg:39.41ms
step:718/1480 train_time:28318ms step_avg:39.44ms
step:719/1480 train_time:28372ms step_avg:39.46ms
step:720/1480 train_time:28431ms step_avg:39.49ms
step:721/1480 train_time:28485ms step_avg:39.51ms
step:722/1480 train_time:28543ms step_avg:39.53ms
step:723/1480 train_time:28597ms step_avg:39.55ms
step:724/1480 train_time:28656ms step_avg:39.58ms
step:725/1480 train_time:28710ms step_avg:39.60ms
step:726/1480 train_time:28769ms step_avg:39.63ms
step:727/1480 train_time:28823ms step_avg:39.65ms
step:728/1480 train_time:28882ms step_avg:39.67ms
step:729/1480 train_time:28936ms step_avg:39.69ms
step:730/1480 train_time:28994ms step_avg:39.72ms
step:731/1480 train_time:29048ms step_avg:39.74ms
step:732/1480 train_time:29106ms step_avg:39.76ms
step:733/1480 train_time:29160ms step_avg:39.78ms
step:734/1480 train_time:29218ms step_avg:39.81ms
step:735/1480 train_time:29273ms step_avg:39.83ms
step:736/1480 train_time:29331ms step_avg:39.85ms
step:737/1480 train_time:29384ms step_avg:39.87ms
step:738/1480 train_time:29443ms step_avg:39.90ms
step:739/1480 train_time:29497ms step_avg:39.91ms
step:740/1480 train_time:29556ms step_avg:39.94ms
step:741/1480 train_time:29610ms step_avg:39.96ms
step:742/1480 train_time:29669ms step_avg:39.99ms
step:743/1480 train_time:29723ms step_avg:40.00ms
step:744/1480 train_time:29782ms step_avg:40.03ms
step:745/1480 train_time:29835ms step_avg:40.05ms
step:746/1480 train_time:29895ms step_avg:40.07ms
step:747/1480 train_time:29949ms step_avg:40.09ms
step:748/1480 train_time:30008ms step_avg:40.12ms
step:749/1480 train_time:30061ms step_avg:40.13ms
step:750/1480 train_time:30119ms step_avg:40.16ms
step:750/1480 val_loss:3.7946 train_time:30182ms step_avg:40.24ms
step:751/1480 train_time:30197ms step_avg:40.21ms
step:752/1480 train_time:30233ms step_avg:40.20ms
step:753/1480 train_time:30289ms step_avg:40.22ms
step:754/1480 train_time:30352ms step_avg:40.25ms
step:755/1480 train_time:30406ms step_avg:40.27ms
step:756/1480 train_time:30464ms step_avg:40.30ms
step:757/1480 train_time:30518ms step_avg:40.31ms
step:758/1480 train_time:30576ms step_avg:40.34ms
step:759/1480 train_time:30629ms step_avg:40.35ms
step:760/1480 train_time:30689ms step_avg:40.38ms
step:761/1480 train_time:30742ms step_avg:40.40ms
step:762/1480 train_time:30800ms step_avg:40.42ms
step:763/1480 train_time:30853ms step_avg:40.44ms
step:764/1480 train_time:30911ms step_avg:40.46ms
step:765/1480 train_time:30964ms step_avg:40.48ms
step:766/1480 train_time:31023ms step_avg:40.50ms
step:767/1480 train_time:31076ms step_avg:40.52ms
step:768/1480 train_time:31134ms step_avg:40.54ms
step:769/1480 train_time:31189ms step_avg:40.56ms
step:770/1480 train_time:31249ms step_avg:40.58ms
step:771/1480 train_time:31304ms step_avg:40.60ms
step:772/1480 train_time:31364ms step_avg:40.63ms
step:773/1480 train_time:31419ms step_avg:40.65ms
step:774/1480 train_time:31478ms step_avg:40.67ms
step:775/1480 train_time:31532ms step_avg:40.69ms
step:776/1480 train_time:31591ms step_avg:40.71ms
step:777/1480 train_time:31644ms step_avg:40.73ms
step:778/1480 train_time:31702ms step_avg:40.75ms
step:779/1480 train_time:31755ms step_avg:40.76ms
step:780/1480 train_time:31814ms step_avg:40.79ms
step:781/1480 train_time:31866ms step_avg:40.80ms
step:782/1480 train_time:31926ms step_avg:40.83ms
step:783/1480 train_time:31979ms step_avg:40.84ms
step:784/1480 train_time:32037ms step_avg:40.86ms
step:785/1480 train_time:32091ms step_avg:40.88ms
step:786/1480 train_time:32150ms step_avg:40.90ms
step:787/1480 train_time:32205ms step_avg:40.92ms
step:788/1480 train_time:32264ms step_avg:40.94ms
step:789/1480 train_time:32318ms step_avg:40.96ms
step:790/1480 train_time:32377ms step_avg:40.98ms
step:791/1480 train_time:32432ms step_avg:41.00ms
step:792/1480 train_time:32491ms step_avg:41.02ms
step:793/1480 train_time:32545ms step_avg:41.04ms
step:794/1480 train_time:32605ms step_avg:41.06ms
step:795/1480 train_time:32658ms step_avg:41.08ms
step:796/1480 train_time:32717ms step_avg:41.10ms
step:797/1480 train_time:32770ms step_avg:41.12ms
step:798/1480 train_time:32829ms step_avg:41.14ms
step:799/1480 train_time:32882ms step_avg:41.15ms
step:800/1480 train_time:32941ms step_avg:41.18ms
step:801/1480 train_time:32995ms step_avg:41.19ms
step:802/1480 train_time:33053ms step_avg:41.21ms
step:803/1480 train_time:33106ms step_avg:41.23ms
step:804/1480 train_time:33165ms step_avg:41.25ms
step:805/1480 train_time:33220ms step_avg:41.27ms
step:806/1480 train_time:33279ms step_avg:41.29ms
step:807/1480 train_time:33333ms step_avg:41.31ms
step:808/1480 train_time:33393ms step_avg:41.33ms
step:809/1480 train_time:33447ms step_avg:41.34ms
step:810/1480 train_time:33507ms step_avg:41.37ms
step:811/1480 train_time:33561ms step_avg:41.38ms
step:812/1480 train_time:33620ms step_avg:41.40ms
step:813/1480 train_time:33673ms step_avg:41.42ms
step:814/1480 train_time:33732ms step_avg:41.44ms
step:815/1480 train_time:33785ms step_avg:41.45ms
step:816/1480 train_time:33844ms step_avg:41.47ms
step:817/1480 train_time:33897ms step_avg:41.49ms
step:818/1480 train_time:33956ms step_avg:41.51ms
step:819/1480 train_time:34010ms step_avg:41.53ms
step:820/1480 train_time:34068ms step_avg:41.55ms
step:821/1480 train_time:34123ms step_avg:41.56ms
step:822/1480 train_time:34181ms step_avg:41.58ms
step:823/1480 train_time:34235ms step_avg:41.60ms
step:824/1480 train_time:34294ms step_avg:41.62ms
step:825/1480 train_time:34348ms step_avg:41.63ms
step:826/1480 train_time:34408ms step_avg:41.66ms
step:827/1480 train_time:34462ms step_avg:41.67ms
step:828/1480 train_time:34522ms step_avg:41.69ms
step:829/1480 train_time:34575ms step_avg:41.71ms
step:830/1480 train_time:34634ms step_avg:41.73ms
step:831/1480 train_time:34688ms step_avg:41.74ms
step:832/1480 train_time:34748ms step_avg:41.76ms
step:833/1480 train_time:34801ms step_avg:41.78ms
step:834/1480 train_time:34859ms step_avg:41.80ms
step:835/1480 train_time:34913ms step_avg:41.81ms
step:836/1480 train_time:34972ms step_avg:41.83ms
step:837/1480 train_time:35025ms step_avg:41.85ms
step:838/1480 train_time:35084ms step_avg:41.87ms
step:839/1480 train_time:35138ms step_avg:41.88ms
step:840/1480 train_time:35197ms step_avg:41.90ms
step:841/1480 train_time:35251ms step_avg:41.92ms
step:842/1480 train_time:35310ms step_avg:41.94ms
step:843/1480 train_time:35363ms step_avg:41.95ms
step:844/1480 train_time:35423ms step_avg:41.97ms
step:845/1480 train_time:35476ms step_avg:41.98ms
step:846/1480 train_time:35535ms step_avg:42.00ms
step:847/1480 train_time:35590ms step_avg:42.02ms
step:848/1480 train_time:35648ms step_avg:42.04ms
step:849/1480 train_time:35701ms step_avg:42.05ms
step:850/1480 train_time:35761ms step_avg:42.07ms
step:851/1480 train_time:35814ms step_avg:42.08ms
step:852/1480 train_time:35873ms step_avg:42.10ms
step:853/1480 train_time:35927ms step_avg:42.12ms
step:854/1480 train_time:35986ms step_avg:42.14ms
step:855/1480 train_time:36040ms step_avg:42.15ms
step:856/1480 train_time:36098ms step_avg:42.17ms
step:857/1480 train_time:36153ms step_avg:42.19ms
step:858/1480 train_time:36211ms step_avg:42.20ms
step:859/1480 train_time:36265ms step_avg:42.22ms
step:860/1480 train_time:36324ms step_avg:42.24ms
step:861/1480 train_time:36378ms step_avg:42.25ms
step:862/1480 train_time:36436ms step_avg:42.27ms
step:863/1480 train_time:36491ms step_avg:42.28ms
step:864/1480 train_time:36550ms step_avg:42.30ms
step:865/1480 train_time:36603ms step_avg:42.32ms
step:866/1480 train_time:36662ms step_avg:42.33ms
step:867/1480 train_time:36716ms step_avg:42.35ms
step:868/1480 train_time:36775ms step_avg:42.37ms
step:869/1480 train_time:36828ms step_avg:42.38ms
step:870/1480 train_time:36887ms step_avg:42.40ms
step:871/1480 train_time:36941ms step_avg:42.41ms
step:872/1480 train_time:37000ms step_avg:42.43ms
step:873/1480 train_time:37054ms step_avg:42.44ms
step:874/1480 train_time:37112ms step_avg:42.46ms
step:875/1480 train_time:37166ms step_avg:42.48ms
step:876/1480 train_time:37225ms step_avg:42.49ms
step:877/1480 train_time:37279ms step_avg:42.51ms
step:878/1480 train_time:37337ms step_avg:42.53ms
step:879/1480 train_time:37392ms step_avg:42.54ms
step:880/1480 train_time:37450ms step_avg:42.56ms
step:881/1480 train_time:37504ms step_avg:42.57ms
step:882/1480 train_time:37563ms step_avg:42.59ms
step:883/1480 train_time:37618ms step_avg:42.60ms
step:884/1480 train_time:37677ms step_avg:42.62ms
step:885/1480 train_time:37730ms step_avg:42.63ms
step:886/1480 train_time:37789ms step_avg:42.65ms
step:887/1480 train_time:37842ms step_avg:42.66ms
step:888/1480 train_time:37901ms step_avg:42.68ms
step:889/1480 train_time:37954ms step_avg:42.69ms
step:890/1480 train_time:38013ms step_avg:42.71ms
step:891/1480 train_time:38068ms step_avg:42.72ms
step:892/1480 train_time:38128ms step_avg:42.74ms
step:893/1480 train_time:38181ms step_avg:42.76ms
step:894/1480 train_time:38239ms step_avg:42.77ms
step:895/1480 train_time:38293ms step_avg:42.79ms
step:896/1480 train_time:38352ms step_avg:42.80ms
step:897/1480 train_time:38405ms step_avg:42.82ms
step:898/1480 train_time:38465ms step_avg:42.83ms
step:899/1480 train_time:38518ms step_avg:42.84ms
step:900/1480 train_time:38577ms step_avg:42.86ms
step:901/1480 train_time:38631ms step_avg:42.88ms
step:902/1480 train_time:38691ms step_avg:42.89ms
step:903/1480 train_time:38744ms step_avg:42.91ms
step:904/1480 train_time:38803ms step_avg:42.92ms
step:905/1480 train_time:38857ms step_avg:42.94ms
step:906/1480 train_time:38915ms step_avg:42.95ms
step:907/1480 train_time:38969ms step_avg:42.96ms
step:908/1480 train_time:39027ms step_avg:42.98ms
step:909/1480 train_time:39082ms step_avg:42.99ms
step:910/1480 train_time:39140ms step_avg:43.01ms
step:911/1480 train_time:39194ms step_avg:43.02ms
step:912/1480 train_time:39252ms step_avg:43.04ms
step:913/1480 train_time:39305ms step_avg:43.05ms
step:914/1480 train_time:39365ms step_avg:43.07ms
step:915/1480 train_time:39419ms step_avg:43.08ms
step:916/1480 train_time:39478ms step_avg:43.10ms
step:917/1480 train_time:39532ms step_avg:43.11ms
step:918/1480 train_time:39592ms step_avg:43.13ms
step:919/1480 train_time:39645ms step_avg:43.14ms
step:920/1480 train_time:39704ms step_avg:43.16ms
step:921/1480 train_time:39757ms step_avg:43.17ms
step:922/1480 train_time:39817ms step_avg:43.19ms
step:923/1480 train_time:39871ms step_avg:43.20ms
step:924/1480 train_time:39929ms step_avg:43.21ms
step:925/1480 train_time:39983ms step_avg:43.22ms
step:926/1480 train_time:40042ms step_avg:43.24ms
step:927/1480 train_time:40095ms step_avg:43.25ms
step:928/1480 train_time:40153ms step_avg:43.27ms
step:929/1480 train_time:40207ms step_avg:43.28ms
step:930/1480 train_time:40267ms step_avg:43.30ms
step:931/1480 train_time:40320ms step_avg:43.31ms
step:932/1480 train_time:40380ms step_avg:43.33ms
step:933/1480 train_time:40433ms step_avg:43.34ms
step:934/1480 train_time:40492ms step_avg:43.35ms
step:935/1480 train_time:40546ms step_avg:43.36ms
step:936/1480 train_time:40606ms step_avg:43.38ms
step:937/1480 train_time:40659ms step_avg:43.39ms
step:938/1480 train_time:40718ms step_avg:43.41ms
step:939/1480 train_time:40771ms step_avg:43.42ms
step:940/1480 train_time:40830ms step_avg:43.44ms
step:941/1480 train_time:40884ms step_avg:43.45ms
step:942/1480 train_time:40943ms step_avg:43.46ms
step:943/1480 train_time:40998ms step_avg:43.48ms
step:944/1480 train_time:41056ms step_avg:43.49ms
step:945/1480 train_time:41109ms step_avg:43.50ms
step:946/1480 train_time:41168ms step_avg:43.52ms
step:947/1480 train_time:41222ms step_avg:43.53ms
step:948/1480 train_time:41281ms step_avg:43.54ms
step:949/1480 train_time:41334ms step_avg:43.56ms
step:950/1480 train_time:41393ms step_avg:43.57ms
step:951/1480 train_time:41448ms step_avg:43.58ms
step:952/1480 train_time:41507ms step_avg:43.60ms
step:953/1480 train_time:41560ms step_avg:43.61ms
step:954/1480 train_time:41620ms step_avg:43.63ms
step:955/1480 train_time:41673ms step_avg:43.64ms
step:956/1480 train_time:41732ms step_avg:43.65ms
step:957/1480 train_time:41786ms step_avg:43.66ms
step:958/1480 train_time:41845ms step_avg:43.68ms
step:959/1480 train_time:41899ms step_avg:43.69ms
step:960/1480 train_time:41957ms step_avg:43.71ms
step:961/1480 train_time:42013ms step_avg:43.72ms
step:962/1480 train_time:42101ms step_avg:43.76ms
step:963/1480 train_time:42179ms step_avg:43.80ms
step:964/1480 train_time:42265ms step_avg:43.84ms
step:965/1480 train_time:42345ms step_avg:43.88ms
step:966/1480 train_time:42430ms step_avg:43.92ms
step:967/1480 train_time:42509ms step_avg:43.96ms
step:968/1480 train_time:42595ms step_avg:44.00ms
step:969/1480 train_time:42674ms step_avg:44.04ms
step:970/1480 train_time:42757ms step_avg:44.08ms
step:971/1480 train_time:42836ms step_avg:44.12ms
step:972/1480 train_time:42922ms step_avg:44.16ms
step:973/1480 train_time:43000ms step_avg:44.19ms
step:974/1480 train_time:43085ms step_avg:44.23ms
step:975/1480 train_time:43165ms step_avg:44.27ms
step:976/1480 train_time:43250ms step_avg:44.31ms
step:977/1480 train_time:43329ms step_avg:44.35ms
step:978/1480 train_time:43415ms step_avg:44.39ms
step:979/1480 train_time:43494ms step_avg:44.43ms
step:980/1480 train_time:43578ms step_avg:44.47ms
step:981/1480 train_time:43657ms step_avg:44.50ms
step:982/1480 train_time:43742ms step_avg:44.54ms
step:983/1480 train_time:43823ms step_avg:44.58ms
step:984/1480 train_time:43907ms step_avg:44.62ms
step:985/1480 train_time:43986ms step_avg:44.66ms
step:986/1480 train_time:44071ms step_avg:44.70ms
step:987/1480 train_time:44152ms step_avg:44.73ms
step:988/1480 train_time:44237ms step_avg:44.77ms
step:989/1480 train_time:44317ms step_avg:44.81ms
step:990/1480 train_time:44401ms step_avg:44.85ms
step:991/1480 train_time:44479ms step_avg:44.88ms
step:992/1480 train_time:44565ms step_avg:44.92ms
step:993/1480 train_time:44645ms step_avg:44.96ms
step:994/1480 train_time:44730ms step_avg:45.00ms
step:995/1480 train_time:44810ms step_avg:45.03ms
step:996/1480 train_time:44895ms step_avg:45.08ms
step:997/1480 train_time:44975ms step_avg:45.11ms
step:998/1480 train_time:45059ms step_avg:45.15ms
step:999/1480 train_time:45138ms step_avg:45.18ms
step:1000/1480 train_time:45224ms step_avg:45.22ms
step:1000/1480 val_loss:3.5055 train_time:45315ms step_avg:45.32ms
step:1001/1480 train_time:45331ms step_avg:45.29ms
step:1002/1480 train_time:45391ms step_avg:45.30ms
step:1003/1480 train_time:45474ms step_avg:45.34ms
step:1004/1480 train_time:45559ms step_avg:45.38ms
step:1005/1480 train_time:45637ms step_avg:45.41ms
step:1006/1480 train_time:45723ms step_avg:45.45ms
step:1007/1480 train_time:45802ms step_avg:45.48ms
step:1008/1480 train_time:45886ms step_avg:45.52ms
step:1009/1480 train_time:45964ms step_avg:45.55ms
step:1010/1480 train_time:46049ms step_avg:45.59ms
step:1011/1480 train_time:46129ms step_avg:45.63ms
step:1012/1480 train_time:46214ms step_avg:45.67ms
step:1013/1480 train_time:46293ms step_avg:45.70ms
step:1014/1480 train_time:46379ms step_avg:45.74ms
step:1015/1480 train_time:46461ms step_avg:45.77ms
step:1016/1480 train_time:46547ms step_avg:45.81ms
step:1017/1480 train_time:46626ms step_avg:45.85ms
step:1018/1480 train_time:46710ms step_avg:45.88ms
step:1019/1480 train_time:46788ms step_avg:45.92ms
step:1020/1480 train_time:46873ms step_avg:45.95ms
step:1021/1480 train_time:46953ms step_avg:45.99ms
step:1022/1480 train_time:47038ms step_avg:46.03ms
step:1023/1480 train_time:47115ms step_avg:46.06ms
step:1024/1480 train_time:47199ms step_avg:46.09ms
step:1025/1480 train_time:47279ms step_avg:46.13ms
step:1026/1480 train_time:47364ms step_avg:46.16ms
step:1027/1480 train_time:47445ms step_avg:46.20ms
step:1028/1480 train_time:47531ms step_avg:46.24ms
step:1029/1480 train_time:47609ms step_avg:46.27ms
step:1030/1480 train_time:47694ms step_avg:46.30ms
step:1031/1480 train_time:47774ms step_avg:46.34ms
step:1032/1480 train_time:47859ms step_avg:46.38ms
step:1033/1480 train_time:47940ms step_avg:46.41ms
step:1034/1480 train_time:48026ms step_avg:46.45ms
step:1035/1480 train_time:48105ms step_avg:46.48ms
step:1036/1480 train_time:48189ms step_avg:46.51ms
step:1037/1480 train_time:48269ms step_avg:46.55ms
step:1038/1480 train_time:48355ms step_avg:46.58ms
step:1039/1480 train_time:48435ms step_avg:46.62ms
step:1040/1480 train_time:48520ms step_avg:46.65ms
step:1041/1480 train_time:48598ms step_avg:46.68ms
step:1042/1480 train_time:48684ms step_avg:46.72ms
step:1043/1480 train_time:48765ms step_avg:46.75ms
step:1044/1480 train_time:48849ms step_avg:46.79ms
step:1045/1480 train_time:48928ms step_avg:46.82ms
step:1046/1480 train_time:49014ms step_avg:46.86ms
step:1047/1480 train_time:49093ms step_avg:46.89ms
step:1048/1480 train_time:49177ms step_avg:46.92ms
step:1049/1480 train_time:49256ms step_avg:46.96ms
step:1050/1480 train_time:49342ms step_avg:46.99ms
step:1051/1480 train_time:49422ms step_avg:47.02ms
step:1052/1480 train_time:49507ms step_avg:47.06ms
step:1053/1480 train_time:49585ms step_avg:47.09ms
step:1054/1480 train_time:49670ms step_avg:47.13ms
step:1055/1480 train_time:49750ms step_avg:47.16ms
step:1056/1480 train_time:49835ms step_avg:47.19ms
step:1057/1480 train_time:49914ms step_avg:47.22ms
step:1058/1480 train_time:49998ms step_avg:47.26ms
step:1059/1480 train_time:50078ms step_avg:47.29ms
step:1060/1480 train_time:50163ms step_avg:47.32ms
step:1061/1480 train_time:50242ms step_avg:47.35ms
step:1062/1480 train_time:50327ms step_avg:47.39ms
step:1063/1480 train_time:50407ms step_avg:47.42ms
step:1064/1480 train_time:50492ms step_avg:47.45ms
step:1065/1480 train_time:50573ms step_avg:47.49ms
step:1066/1480 train_time:50657ms step_avg:47.52ms
step:1067/1480 train_time:50736ms step_avg:47.55ms
step:1068/1480 train_time:50822ms step_avg:47.59ms
step:1069/1480 train_time:50900ms step_avg:47.61ms
step:1070/1480 train_time:50984ms step_avg:47.65ms
step:1071/1480 train_time:51064ms step_avg:47.68ms
step:1072/1480 train_time:51149ms step_avg:47.71ms
step:1073/1480 train_time:51228ms step_avg:47.74ms
step:1074/1480 train_time:51312ms step_avg:47.78ms
step:1075/1480 train_time:51391ms step_avg:47.81ms
step:1076/1480 train_time:51476ms step_avg:47.84ms
step:1077/1480 train_time:51557ms step_avg:47.87ms
step:1078/1480 train_time:51642ms step_avg:47.91ms
step:1079/1480 train_time:51720ms step_avg:47.93ms
step:1080/1480 train_time:51805ms step_avg:47.97ms
step:1081/1480 train_time:51886ms step_avg:48.00ms
step:1082/1480 train_time:51970ms step_avg:48.03ms
step:1083/1480 train_time:52050ms step_avg:48.06ms
step:1084/1480 train_time:52136ms step_avg:48.10ms
step:1085/1480 train_time:52214ms step_avg:48.12ms
step:1086/1480 train_time:52299ms step_avg:48.16ms
step:1087/1480 train_time:52378ms step_avg:48.19ms
step:1088/1480 train_time:52463ms step_avg:48.22ms
step:1089/1480 train_time:52544ms step_avg:48.25ms
step:1090/1480 train_time:52630ms step_avg:48.28ms
step:1091/1480 train_time:52709ms step_avg:48.31ms
step:1092/1480 train_time:52794ms step_avg:48.35ms
step:1093/1480 train_time:52873ms step_avg:48.37ms
step:1094/1480 train_time:52959ms step_avg:48.41ms
step:1095/1480 train_time:53037ms step_avg:48.44ms
step:1096/1480 train_time:53123ms step_avg:48.47ms
step:1097/1480 train_time:53203ms step_avg:48.50ms
step:1098/1480 train_time:53288ms step_avg:48.53ms
step:1099/1480 train_time:53367ms step_avg:48.56ms
step:1100/1480 train_time:53451ms step_avg:48.59ms
step:1101/1480 train_time:53531ms step_avg:48.62ms
step:1102/1480 train_time:53615ms step_avg:48.65ms
step:1103/1480 train_time:53695ms step_avg:48.68ms
step:1104/1480 train_time:53781ms step_avg:48.71ms
step:1105/1480 train_time:53861ms step_avg:48.74ms
step:1106/1480 train_time:53946ms step_avg:48.78ms
step:1107/1480 train_time:54025ms step_avg:48.80ms
step:1108/1480 train_time:54109ms step_avg:48.84ms
step:1109/1480 train_time:54189ms step_avg:48.86ms
step:1110/1480 train_time:54273ms step_avg:48.89ms
step:1111/1480 train_time:54353ms step_avg:48.92ms
step:1112/1480 train_time:54439ms step_avg:48.96ms
step:1113/1480 train_time:54518ms step_avg:48.98ms
step:1114/1480 train_time:54604ms step_avg:49.02ms
step:1115/1480 train_time:54685ms step_avg:49.04ms
step:1116/1480 train_time:54770ms step_avg:49.08ms
step:1117/1480 train_time:54850ms step_avg:49.11ms
step:1118/1480 train_time:54935ms step_avg:49.14ms
step:1119/1480 train_time:55014ms step_avg:49.16ms
step:1120/1480 train_time:55098ms step_avg:49.19ms
step:1121/1480 train_time:55178ms step_avg:49.22ms
step:1122/1480 train_time:55263ms step_avg:49.25ms
step:1123/1480 train_time:55344ms step_avg:49.28ms
step:1124/1480 train_time:55429ms step_avg:49.31ms
step:1125/1480 train_time:55508ms step_avg:49.34ms
step:1126/1480 train_time:55592ms step_avg:49.37ms
step:1127/1480 train_time:55672ms step_avg:49.40ms
step:1128/1480 train_time:55758ms step_avg:49.43ms
step:1129/1480 train_time:55836ms step_avg:49.46ms
step:1130/1480 train_time:55921ms step_avg:49.49ms
step:1131/1480 train_time:56001ms step_avg:49.51ms
step:1132/1480 train_time:56086ms step_avg:49.55ms
step:1133/1480 train_time:56167ms step_avg:49.57ms
step:1134/1480 train_time:56253ms step_avg:49.61ms
step:1135/1480 train_time:56333ms step_avg:49.63ms
step:1136/1480 train_time:56418ms step_avg:49.66ms
step:1137/1480 train_time:56496ms step_avg:49.69ms
step:1138/1480 train_time:56581ms step_avg:49.72ms
step:1139/1480 train_time:56661ms step_avg:49.75ms
step:1140/1480 train_time:56746ms step_avg:49.78ms
step:1141/1480 train_time:56826ms step_avg:49.80ms
step:1142/1480 train_time:56910ms step_avg:49.83ms
step:1143/1480 train_time:56989ms step_avg:49.86ms
step:1144/1480 train_time:57074ms step_avg:49.89ms
step:1145/1480 train_time:57152ms step_avg:49.91ms
step:1146/1480 train_time:57239ms step_avg:49.95ms
step:1147/1480 train_time:57317ms step_avg:49.97ms
step:1148/1480 train_time:57401ms step_avg:50.00ms
step:1149/1480 train_time:57481ms step_avg:50.03ms
step:1150/1480 train_time:57567ms step_avg:50.06ms
step:1151/1480 train_time:57646ms step_avg:50.08ms
step:1152/1480 train_time:57732ms step_avg:50.11ms
step:1153/1480 train_time:57811ms step_avg:50.14ms
step:1154/1480 train_time:57896ms step_avg:50.17ms
step:1155/1480 train_time:57976ms step_avg:50.20ms
step:1156/1480 train_time:58063ms step_avg:50.23ms
step:1157/1480 train_time:58143ms step_avg:50.25ms
step:1158/1480 train_time:58229ms step_avg:50.28ms
step:1159/1480 train_time:58308ms step_avg:50.31ms
step:1160/1480 train_time:58393ms step_avg:50.34ms
step:1161/1480 train_time:58471ms step_avg:50.36ms
step:1162/1480 train_time:58556ms step_avg:50.39ms
step:1163/1480 train_time:58637ms step_avg:50.42ms
step:1164/1480 train_time:58722ms step_avg:50.45ms
step:1165/1480 train_time:58802ms step_avg:50.47ms
step:1166/1480 train_time:58886ms step_avg:50.50ms
step:1167/1480 train_time:58966ms step_avg:50.53ms
step:1168/1480 train_time:59051ms step_avg:50.56ms
step:1169/1480 train_time:59131ms step_avg:50.58ms
step:1170/1480 train_time:59217ms step_avg:50.61ms
step:1171/1480 train_time:59297ms step_avg:50.64ms
step:1172/1480 train_time:59382ms step_avg:50.67ms
step:1173/1480 train_time:59462ms step_avg:50.69ms
step:1174/1480 train_time:59546ms step_avg:50.72ms
step:1175/1480 train_time:59625ms step_avg:50.75ms
step:1176/1480 train_time:59710ms step_avg:50.77ms
step:1177/1480 train_time:59790ms step_avg:50.80ms
step:1178/1480 train_time:59876ms step_avg:50.83ms
step:1179/1480 train_time:59955ms step_avg:50.85ms
step:1180/1480 train_time:60040ms step_avg:50.88ms
step:1181/1480 train_time:60120ms step_avg:50.91ms
step:1182/1480 train_time:60204ms step_avg:50.93ms
step:1183/1480 train_time:60284ms step_avg:50.96ms
step:1184/1480 train_time:60371ms step_avg:50.99ms
step:1185/1480 train_time:60449ms step_avg:51.01ms
step:1186/1480 train_time:60536ms step_avg:51.04ms
step:1187/1480 train_time:60615ms step_avg:51.07ms
step:1188/1480 train_time:60699ms step_avg:51.09ms
step:1189/1480 train_time:60778ms step_avg:51.12ms
step:1190/1480 train_time:60863ms step_avg:51.15ms
step:1191/1480 train_time:60945ms step_avg:51.17ms
step:1192/1480 train_time:61030ms step_avg:51.20ms
step:1193/1480 train_time:61108ms step_avg:51.22ms
step:1194/1480 train_time:61193ms step_avg:51.25ms
step:1195/1480 train_time:61274ms step_avg:51.28ms
step:1196/1480 train_time:61359ms step_avg:51.30ms
step:1197/1480 train_time:61438ms step_avg:51.33ms
step:1198/1480 train_time:61523ms step_avg:51.35ms
step:1199/1480 train_time:61602ms step_avg:51.38ms
step:1200/1480 train_time:61687ms step_avg:51.41ms
step:1201/1480 train_time:61766ms step_avg:51.43ms
step:1202/1480 train_time:61853ms step_avg:51.46ms
step:1203/1480 train_time:61934ms step_avg:51.48ms
step:1204/1480 train_time:62018ms step_avg:51.51ms
step:1205/1480 train_time:62097ms step_avg:51.53ms
step:1206/1480 train_time:62180ms step_avg:51.56ms
step:1207/1480 train_time:62259ms step_avg:51.58ms
step:1208/1480 train_time:62346ms step_avg:51.61ms
step:1209/1480 train_time:62425ms step_avg:51.63ms
step:1210/1480 train_time:62509ms step_avg:51.66ms
step:1211/1480 train_time:62588ms step_avg:51.68ms
step:1212/1480 train_time:62674ms step_avg:51.71ms
step:1213/1480 train_time:62752ms step_avg:51.73ms
step:1214/1480 train_time:62839ms step_avg:51.76ms
step:1215/1480 train_time:62919ms step_avg:51.78ms
step:1216/1480 train_time:63003ms step_avg:51.81ms
step:1217/1480 train_time:63083ms step_avg:51.84ms
step:1218/1480 train_time:63168ms step_avg:51.86ms
step:1219/1480 train_time:63248ms step_avg:51.89ms
step:1220/1480 train_time:63333ms step_avg:51.91ms
step:1221/1480 train_time:63413ms step_avg:51.94ms
step:1222/1480 train_time:63496ms step_avg:51.96ms
step:1223/1480 train_time:63576ms step_avg:51.98ms
step:1224/1480 train_time:63660ms step_avg:52.01ms
step:1225/1480 train_time:63739ms step_avg:52.03ms
step:1226/1480 train_time:63825ms step_avg:52.06ms
step:1227/1480 train_time:63905ms step_avg:52.08ms
step:1228/1480 train_time:63991ms step_avg:52.11ms
step:1229/1480 train_time:64070ms step_avg:52.13ms
step:1230/1480 train_time:64155ms step_avg:52.16ms
step:1231/1480 train_time:64234ms step_avg:52.18ms
step:1232/1480 train_time:64319ms step_avg:52.21ms
step:1233/1480 train_time:64398ms step_avg:52.23ms
step:1234/1480 train_time:64485ms step_avg:52.26ms
step:1235/1480 train_time:64565ms step_avg:52.28ms
step:1236/1480 train_time:64650ms step_avg:52.31ms
step:1237/1480 train_time:64729ms step_avg:52.33ms
step:1238/1480 train_time:64813ms step_avg:52.35ms
step:1239/1480 train_time:64892ms step_avg:52.37ms
step:1240/1480 train_time:64977ms step_avg:52.40ms
step:1241/1480 train_time:65057ms step_avg:52.42ms
step:1242/1480 train_time:65143ms step_avg:52.45ms
step:1243/1480 train_time:65223ms step_avg:52.47ms
step:1244/1480 train_time:65307ms step_avg:52.50ms
step:1245/1480 train_time:65386ms step_avg:52.52ms
step:1246/1480 train_time:65471ms step_avg:52.55ms
step:1247/1480 train_time:65551ms step_avg:52.57ms
step:1248/1480 train_time:65635ms step_avg:52.59ms
step:1249/1480 train_time:65713ms step_avg:52.61ms
step:1250/1480 train_time:65799ms step_avg:52.64ms
step:1250/1480 val_loss:3.3643 train_time:65890ms step_avg:52.71ms
step:1251/1480 train_time:65906ms step_avg:52.68ms
step:1252/1480 train_time:65969ms step_avg:52.69ms
step:1253/1480 train_time:66051ms step_avg:52.71ms
step:1254/1480 train_time:66139ms step_avg:52.74ms
step:1255/1480 train_time:66217ms step_avg:52.76ms
step:1256/1480 train_time:66302ms step_avg:52.79ms
step:1257/1480 train_time:66381ms step_avg:52.81ms
step:1258/1480 train_time:66464ms step_avg:52.83ms
step:1259/1480 train_time:66543ms step_avg:52.85ms
step:1260/1480 train_time:66627ms step_avg:52.88ms
step:1261/1480 train_time:66706ms step_avg:52.90ms
step:1262/1480 train_time:66789ms step_avg:52.92ms
step:1263/1480 train_time:66871ms step_avg:52.95ms
step:1264/1480 train_time:66959ms step_avg:52.97ms
step:1265/1480 train_time:67041ms step_avg:53.00ms
step:1266/1480 train_time:67126ms step_avg:53.02ms
step:1267/1480 train_time:67206ms step_avg:53.04ms
step:1268/1480 train_time:67291ms step_avg:53.07ms
step:1269/1480 train_time:67370ms step_avg:53.09ms
step:1270/1480 train_time:67455ms step_avg:53.11ms
step:1271/1480 train_time:67534ms step_avg:53.13ms
step:1272/1480 train_time:67616ms step_avg:53.16ms
step:1273/1480 train_time:67697ms step_avg:53.18ms
step:1274/1480 train_time:67781ms step_avg:53.20ms
step:1275/1480 train_time:67860ms step_avg:53.22ms
step:1276/1480 train_time:67947ms step_avg:53.25ms
step:1277/1480 train_time:68027ms step_avg:53.27ms
step:1278/1480 train_time:68112ms step_avg:53.30ms
step:1279/1480 train_time:68192ms step_avg:53.32ms
step:1280/1480 train_time:68277ms step_avg:53.34ms
step:1281/1480 train_time:68357ms step_avg:53.36ms
step:1282/1480 train_time:68441ms step_avg:53.39ms
step:1283/1480 train_time:68520ms step_avg:53.41ms
step:1284/1480 train_time:68604ms step_avg:53.43ms
step:1285/1480 train_time:68683ms step_avg:53.45ms
step:1286/1480 train_time:68768ms step_avg:53.47ms
step:1287/1480 train_time:68849ms step_avg:53.50ms
step:1288/1480 train_time:68933ms step_avg:53.52ms
step:1289/1480 train_time:69011ms step_avg:53.54ms
step:1290/1480 train_time:69099ms step_avg:53.57ms
step:1291/1480 train_time:69180ms step_avg:53.59ms
step:1292/1480 train_time:69265ms step_avg:53.61ms
step:1293/1480 train_time:69344ms step_avg:53.63ms
step:1294/1480 train_time:69427ms step_avg:53.65ms
step:1295/1480 train_time:69508ms step_avg:53.67ms
step:1296/1480 train_time:69592ms step_avg:53.70ms
step:1297/1480 train_time:69672ms step_avg:53.72ms
step:1298/1480 train_time:69757ms step_avg:53.74ms
step:1299/1480 train_time:69836ms step_avg:53.76ms
step:1300/1480 train_time:69919ms step_avg:53.78ms
step:1301/1480 train_time:70000ms step_avg:53.80ms
step:1302/1480 train_time:70087ms step_avg:53.83ms
step:1303/1480 train_time:70167ms step_avg:53.85ms
step:1304/1480 train_time:70252ms step_avg:53.87ms
step:1305/1480 train_time:70330ms step_avg:53.89ms
step:1306/1480 train_time:70415ms step_avg:53.92ms
step:1307/1480 train_time:70494ms step_avg:53.94ms
step:1308/1480 train_time:70580ms step_avg:53.96ms
step:1309/1480 train_time:70660ms step_avg:53.98ms
step:1310/1480 train_time:70745ms step_avg:54.00ms
step:1311/1480 train_time:70824ms step_avg:54.02ms
step:1312/1480 train_time:70908ms step_avg:54.05ms
step:1313/1480 train_time:70989ms step_avg:54.07ms
step:1314/1480 train_time:71075ms step_avg:54.09ms
step:1315/1480 train_time:71155ms step_avg:54.11ms
step:1316/1480 train_time:71240ms step_avg:54.13ms
step:1317/1480 train_time:71318ms step_avg:54.15ms
step:1318/1480 train_time:71404ms step_avg:54.18ms
step:1319/1480 train_time:71483ms step_avg:54.19ms
step:1320/1480 train_time:71568ms step_avg:54.22ms
step:1321/1480 train_time:71648ms step_avg:54.24ms
step:1322/1480 train_time:71732ms step_avg:54.26ms
step:1323/1480 train_time:71810ms step_avg:54.28ms
step:1324/1480 train_time:71895ms step_avg:54.30ms
step:1325/1480 train_time:71975ms step_avg:54.32ms
step:1326/1480 train_time:72062ms step_avg:54.35ms
step:1327/1480 train_time:72141ms step_avg:54.36ms
step:1328/1480 train_time:72226ms step_avg:54.39ms
step:1329/1480 train_time:72307ms step_avg:54.41ms
step:1330/1480 train_time:72391ms step_avg:54.43ms
step:1331/1480 train_time:72471ms step_avg:54.45ms
step:1332/1480 train_time:72556ms step_avg:54.47ms
step:1333/1480 train_time:72636ms step_avg:54.49ms
step:1334/1480 train_time:72720ms step_avg:54.51ms
step:1335/1480 train_time:72800ms step_avg:54.53ms
step:1336/1480 train_time:72884ms step_avg:54.55ms
step:1337/1480 train_time:72964ms step_avg:54.57ms
step:1338/1480 train_time:73051ms step_avg:54.60ms
step:1339/1480 train_time:73131ms step_avg:54.62ms
step:1340/1480 train_time:73215ms step_avg:54.64ms
step:1341/1480 train_time:73295ms step_avg:54.66ms
step:1342/1480 train_time:73381ms step_avg:54.68ms
step:1343/1480 train_time:73461ms step_avg:54.70ms
step:1344/1480 train_time:73545ms step_avg:54.72ms
step:1345/1480 train_time:73624ms step_avg:54.74ms
step:1346/1480 train_time:73710ms step_avg:54.76ms
step:1347/1480 train_time:73791ms step_avg:54.78ms
step:1348/1480 train_time:73876ms step_avg:54.80ms
step:1349/1480 train_time:73955ms step_avg:54.82ms
step:1350/1480 train_time:74040ms step_avg:54.84ms
step:1351/1480 train_time:74119ms step_avg:54.86ms
step:1352/1480 train_time:74204ms step_avg:54.88ms
step:1353/1480 train_time:74284ms step_avg:54.90ms
step:1354/1480 train_time:74369ms step_avg:54.93ms
step:1355/1480 train_time:74450ms step_avg:54.94ms
step:1356/1480 train_time:74534ms step_avg:54.97ms
step:1357/1480 train_time:74613ms step_avg:54.98ms
step:1358/1480 train_time:74698ms step_avg:55.01ms
step:1359/1480 train_time:74779ms step_avg:55.03ms
step:1360/1480 train_time:74865ms step_avg:55.05ms
step:1361/1480 train_time:74943ms step_avg:55.06ms
step:1362/1480 train_time:75028ms step_avg:55.09ms
step:1363/1480 train_time:75109ms step_avg:55.11ms
step:1364/1480 train_time:75193ms step_avg:55.13ms
step:1365/1480 train_time:75272ms step_avg:55.14ms
step:1366/1480 train_time:75357ms step_avg:55.17ms
step:1367/1480 train_time:75437ms step_avg:55.18ms
step:1368/1480 train_time:75521ms step_avg:55.21ms
step:1369/1480 train_time:75600ms step_avg:55.22ms
step:1370/1480 train_time:75684ms step_avg:55.24ms
step:1371/1480 train_time:75766ms step_avg:55.26ms
step:1372/1480 train_time:75851ms step_avg:55.28ms
step:1373/1480 train_time:75930ms step_avg:55.30ms
step:1374/1480 train_time:76014ms step_avg:55.32ms
step:1375/1480 train_time:76094ms step_avg:55.34ms
step:1376/1480 train_time:76178ms step_avg:55.36ms
step:1377/1480 train_time:76259ms step_avg:55.38ms
step:1378/1480 train_time:76343ms step_avg:55.40ms
step:1379/1480 train_time:76422ms step_avg:55.42ms
step:1380/1480 train_time:76508ms step_avg:55.44ms
step:1381/1480 train_time:76589ms step_avg:55.46ms
step:1382/1480 train_time:76674ms step_avg:55.48ms
step:1383/1480 train_time:76754ms step_avg:55.50ms
step:1384/1480 train_time:76838ms step_avg:55.52ms
step:1385/1480 train_time:76919ms step_avg:55.54ms
step:1386/1480 train_time:77003ms step_avg:55.56ms
step:1387/1480 train_time:77083ms step_avg:55.58ms
step:1388/1480 train_time:77169ms step_avg:55.60ms
step:1389/1480 train_time:77249ms step_avg:55.62ms
step:1390/1480 train_time:77334ms step_avg:55.64ms
step:1391/1480 train_time:77414ms step_avg:55.65ms
step:1392/1480 train_time:77500ms step_avg:55.67ms
step:1393/1480 train_time:77579ms step_avg:55.69ms
step:1394/1480 train_time:77664ms step_avg:55.71ms
step:1395/1480 train_time:77743ms step_avg:55.73ms
step:1396/1480 train_time:77828ms step_avg:55.75ms
step:1397/1480 train_time:77909ms step_avg:55.77ms
step:1398/1480 train_time:77994ms step_avg:55.79ms
step:1399/1480 train_time:78074ms step_avg:55.81ms
step:1400/1480 train_time:78159ms step_avg:55.83ms
step:1401/1480 train_time:78238ms step_avg:55.84ms
step:1402/1480 train_time:78322ms step_avg:55.86ms
step:1403/1480 train_time:78402ms step_avg:55.88ms
step:1404/1480 train_time:78488ms step_avg:55.90ms
step:1405/1480 train_time:78568ms step_avg:55.92ms
step:1406/1480 train_time:78654ms step_avg:55.94ms
step:1407/1480 train_time:78733ms step_avg:55.96ms
step:1408/1480 train_time:78816ms step_avg:55.98ms
step:1409/1480 train_time:78896ms step_avg:55.99ms
step:1410/1480 train_time:78982ms step_avg:56.02ms
step:1411/1480 train_time:79062ms step_avg:56.03ms
step:1412/1480 train_time:79147ms step_avg:56.05ms
step:1413/1480 train_time:79226ms step_avg:56.07ms
step:1414/1480 train_time:79311ms step_avg:56.09ms
step:1415/1480 train_time:79390ms step_avg:56.11ms
step:1416/1480 train_time:79475ms step_avg:56.13ms
step:1417/1480 train_time:79555ms step_avg:56.14ms
step:1418/1480 train_time:79639ms step_avg:56.16ms
step:1419/1480 train_time:79719ms step_avg:56.18ms
step:1420/1480 train_time:79804ms step_avg:56.20ms
step:1421/1480 train_time:79885ms step_avg:56.22ms
step:1422/1480 train_time:79969ms step_avg:56.24ms
step:1423/1480 train_time:80050ms step_avg:56.25ms
step:1424/1480 train_time:80134ms step_avg:56.27ms
step:1425/1480 train_time:80214ms step_avg:56.29ms
step:1426/1480 train_time:80299ms step_avg:56.31ms
step:1427/1480 train_time:80378ms step_avg:56.33ms
step:1428/1480 train_time:80463ms step_avg:56.35ms
step:1429/1480 train_time:80543ms step_avg:56.36ms
step:1430/1480 train_time:80629ms step_avg:56.38ms
step:1431/1480 train_time:80711ms step_avg:56.40ms
step:1432/1480 train_time:80795ms step_avg:56.42ms
step:1433/1480 train_time:80875ms step_avg:56.44ms
step:1434/1480 train_time:80959ms step_avg:56.46ms
step:1435/1480 train_time:81038ms step_avg:56.47ms
step:1436/1480 train_time:81123ms step_avg:56.49ms
step:1437/1480 train_time:81202ms step_avg:56.51ms
step:1438/1480 train_time:81288ms step_avg:56.53ms
step:1439/1480 train_time:81369ms step_avg:56.55ms
step:1440/1480 train_time:81454ms step_avg:56.57ms
step:1441/1480 train_time:81533ms step_avg:56.58ms
step:1442/1480 train_time:81623ms step_avg:56.60ms
step:1443/1480 train_time:81702ms step_avg:56.62ms
step:1444/1480 train_time:81788ms step_avg:56.64ms
step:1445/1480 train_time:81869ms step_avg:56.66ms
step:1446/1480 train_time:81955ms step_avg:56.68ms
step:1447/1480 train_time:82034ms step_avg:56.69ms
step:1448/1480 train_time:82119ms step_avg:56.71ms
step:1449/1480 train_time:82198ms step_avg:56.73ms
step:1450/1480 train_time:82283ms step_avg:56.75ms
step:1451/1480 train_time:82363ms step_avg:56.76ms
step:1452/1480 train_time:82450ms step_avg:56.78ms
step:1453/1480 train_time:82530ms step_avg:56.80ms
step:1454/1480 train_time:82616ms step_avg:56.82ms
step:1455/1480 train_time:82696ms step_avg:56.84ms
step:1456/1480 train_time:82781ms step_avg:56.86ms
step:1457/1480 train_time:82860ms step_avg:56.87ms
step:1458/1480 train_time:82945ms step_avg:56.89ms
step:1459/1480 train_time:83025ms step_avg:56.91ms
step:1460/1480 train_time:83111ms step_avg:56.93ms
step:1461/1480 train_time:83191ms step_avg:56.94ms
step:1462/1480 train_time:83277ms step_avg:56.96ms
step:1463/1480 train_time:83357ms step_avg:56.98ms
step:1464/1480 train_time:83442ms step_avg:57.00ms
step:1465/1480 train_time:83521ms step_avg:57.01ms
step:1466/1480 train_time:83608ms step_avg:57.03ms
step:1467/1480 train_time:83689ms step_avg:57.05ms
step:1468/1480 train_time:83775ms step_avg:57.07ms
step:1469/1480 train_time:83855ms step_avg:57.08ms
step:1470/1480 train_time:83940ms step_avg:57.10ms
step:1471/1480 train_time:84019ms step_avg:57.12ms
step:1472/1480 train_time:84104ms step_avg:57.14ms
step:1473/1480 train_time:84183ms step_avg:57.15ms
step:1474/1480 train_time:84269ms step_avg:57.17ms
step:1475/1480 train_time:84350ms step_avg:57.19ms
step:1476/1480 train_time:84435ms step_avg:57.21ms
step:1477/1480 train_time:84515ms step_avg:57.22ms
step:1478/1480 train_time:84602ms step_avg:57.24ms
step:1479/1480 train_time:84681ms step_avg:57.26ms
step:1480/1480 train_time:84768ms step_avg:57.28ms
step:1480/1480 val_loss:3.2758 train_time:84858ms step_avg:57.34ms
peak memory allocated: 31352 MiB reserved: 46010 MiB
