W0420 01:38:20.419000 93488 torch/distributed/run.py:852] 
W0420 01:38:20.419000 93488 torch/distributed/run.py:852] *****************************************
W0420 01:38:20.419000 93488 torch/distributed/run.py:852] Setting OMP_NUM_THREADS environment variable for each process to be 1 in default, to avoid your system being overloaded, please further tune the variable for optimal performance in your application as needed. 
W0420 01:38:20.419000 93488 torch/distributed/run.py:852] *****************************************
[Gloo] Rank 0 is connected to 7 peer ranks. Expected number of connected peer ranks is : 7
[Gloo] Rank 4 is connected to 7 peer ranks. Expected number of connected peer ranks is : 7
[Gloo] Rank 1 is connected to 7 peer ranks. Expected number of connected peer ranks is : 7
[Gloo] Rank 6 is connected to 7 peer ranks. Expected number of connected peer ranks is : 7
[Gloo] Rank 2 is connected to 7 peer ranks. Expected number of connected peer ranks is : 7
[Gloo] Rank [Gloo] Rank 35 is connected to  is connected to 77 peer ranks.  peer ranks. Expected number of connected peer ranks is : Expected number of connected peer ranks is : 77

[Gloo] Rank 7 is connected to 7 peer ranks. Expected number of connected peer ranks is : 7
Warning: You are sending unauthenticated requests to the HF Hub. Please set a HF_TOKEN to enable higher rate limits and faster downloads.
Warning: You are sending unauthenticated requests to the HF Hub. Please set a HF_TOKEN to enable higher rate limits and faster downloads.
Fetching 4 files:   0%|          | 0/4 [00:00<?, ?it/s]Fetching 4 files: 100%|██████████| 4/4 [00:00<00:00, 71392.41it/s]
Fetching 4 files:   0%|          | 0/4 [00:00<?, ?it/s]Fetching 4 files: 100%|██████████| 4/4 [00:00<00:00, 93727.46it/s]
Fetching 4 files:   0%|          | 0/4 [00:00<?, ?it/s]Fetching 4 files: 100%|██████████| 4/4 [00:00<00:00, 89717.73it/s]
Fetching 4 files:   0%|          | 0/4 [00:00<?, ?it/s]Fetching 4 files: 100%|██████████| 4/4 [00:00<00:00, 57653.66it/s]
Fetching 4 files:   0%|          | 0/4 [00:00<?, ?it/s]Fetching 4 files: 100%|██████████| 4/4 [00:00<00:00, 54471.48it/s]
Fetching 4 files:   0%|          | 0/4 [00:00<?, ?it/s]Fetching 4 files: 100%|██████████| 4/4 [00:00<00:00, 57456.22it/s]
Fetching 4 files:   0%|          | 0/4 [00:00<?, ?it/s]Fetching 4 files: 100%|██████████| 4/4 [00:00<00:00, 93206.76it/s]
logs/1247f18b-3d90-4e0e-a663-73506bc96879.txt
Fetching 4 files:   0%|          | 0/4 [00:00<?, ?it/s]Fetching 4 files: 100%|██████████| 4/4 [00:00<00:00, 49784.02it/s]
Compiling model and warming up kernels (~7 minutes on first execution)
Sampling steps [0, 1, 478, 479, 480, 481, 958, 959, 960, 961, 1438, 1439, 1440, 1441] for warmup
Resetting Model
step:0/1480 val_loss:10.8317 train_time:0ms step_avg:0.03ms
step:1/1480 train_time:75ms step_avg:75.30ms
step:2/1480 train_time:98ms step_avg:48.88ms
step:3/1480 train_time:114ms step_avg:38.15ms
step:4/1480 train_time:143ms step_avg:35.79ms
step:5/1480 train_time:170ms step_avg:34.06ms
step:6/1480 train_time:205ms step_avg:34.13ms
step:7/1480 train_time:232ms step_avg:33.13ms
step:8/1480 train_time:267ms step_avg:33.35ms
step:9/1480 train_time:294ms step_avg:32.70ms
step:10/1480 train_time:328ms step_avg:32.84ms
step:11/1480 train_time:356ms step_avg:32.37ms
step:12/1480 train_time:390ms step_avg:32.52ms
step:13/1480 train_time:418ms step_avg:32.15ms
step:14/1480 train_time:452ms step_avg:32.29ms
step:15/1480 train_time:480ms step_avg:31.99ms
step:16/1480 train_time:514ms step_avg:32.11ms
step:17/1480 train_time:542ms step_avg:31.89ms
step:18/1480 train_time:576ms step_avg:32.01ms
step:19/1480 train_time:604ms step_avg:31.80ms
step:20/1480 train_time:638ms step_avg:31.91ms
step:21/1480 train_time:666ms step_avg:31.73ms
step:22/1480 train_time:700ms step_avg:31.82ms
step:23/1480 train_time:728ms step_avg:31.65ms
step:24/1480 train_time:762ms step_avg:31.75ms
step:25/1480 train_time:790ms step_avg:31.59ms
step:26/1480 train_time:824ms step_avg:31.69ms
step:27/1480 train_time:852ms step_avg:31.55ms
step:28/1480 train_time:886ms step_avg:31.64ms
step:29/1480 train_time:914ms step_avg:31.51ms
step:30/1480 train_time:948ms step_avg:31.60ms
step:31/1480 train_time:976ms step_avg:31.48ms
step:32/1480 train_time:1010ms step_avg:31.57ms
step:33/1480 train_time:1038ms step_avg:31.46ms
step:34/1480 train_time:1072ms step_avg:31.54ms
step:35/1480 train_time:1101ms step_avg:31.44ms
step:36/1480 train_time:1134ms step_avg:31.51ms
step:37/1480 train_time:1163ms step_avg:31.43ms
step:38/1480 train_time:1197ms step_avg:31.49ms
step:39/1480 train_time:1225ms step_avg:31.42ms
step:40/1480 train_time:1259ms step_avg:31.48ms
step:41/1480 train_time:1287ms step_avg:31.39ms
step:42/1480 train_time:1321ms step_avg:31.46ms
step:43/1480 train_time:1349ms step_avg:31.37ms
step:44/1480 train_time:1383ms step_avg:31.44ms
step:45/1480 train_time:1411ms step_avg:31.36ms
step:46/1480 train_time:1445ms step_avg:31.42ms
step:47/1480 train_time:1473ms step_avg:31.35ms
step:48/1480 train_time:1508ms step_avg:31.42ms
step:49/1480 train_time:1536ms step_avg:31.34ms
step:50/1480 train_time:1570ms step_avg:31.40ms
step:51/1480 train_time:1598ms step_avg:31.33ms
step:52/1480 train_time:1632ms step_avg:31.38ms
step:53/1480 train_time:1660ms step_avg:31.32ms
step:54/1480 train_time:1694ms step_avg:31.36ms
step:55/1480 train_time:1722ms step_avg:31.31ms
step:56/1480 train_time:1756ms step_avg:31.35ms
step:57/1480 train_time:1784ms step_avg:31.30ms
step:58/1480 train_time:1818ms step_avg:31.35ms
step:59/1480 train_time:1846ms step_avg:31.29ms
step:60/1480 train_time:1880ms step_avg:31.34ms
step:61/1480 train_time:1908ms step_avg:31.29ms
step:62/1480 train_time:1943ms step_avg:31.34ms
step:63/1480 train_time:1971ms step_avg:31.28ms
step:64/1480 train_time:2005ms step_avg:31.33ms
step:65/1480 train_time:2033ms step_avg:31.27ms
step:66/1480 train_time:2068ms step_avg:31.33ms
step:67/1480 train_time:2096ms step_avg:31.28ms
step:68/1480 train_time:2130ms step_avg:31.32ms
step:69/1480 train_time:2157ms step_avg:31.27ms
step:70/1480 train_time:2191ms step_avg:31.30ms
step:71/1480 train_time:2219ms step_avg:31.25ms
step:72/1480 train_time:2253ms step_avg:31.29ms
step:73/1480 train_time:2281ms step_avg:31.25ms
step:74/1480 train_time:2315ms step_avg:31.29ms
step:75/1480 train_time:2344ms step_avg:31.25ms
step:76/1480 train_time:2377ms step_avg:31.28ms
step:77/1480 train_time:2405ms step_avg:31.24ms
step:78/1480 train_time:2439ms step_avg:31.28ms
step:79/1480 train_time:2468ms step_avg:31.24ms
step:80/1480 train_time:2502ms step_avg:31.28ms
step:81/1480 train_time:2530ms step_avg:31.24ms
step:82/1480 train_time:2564ms step_avg:31.27ms
step:83/1480 train_time:2592ms step_avg:31.23ms
step:84/1480 train_time:2627ms step_avg:31.27ms
step:85/1480 train_time:2654ms step_avg:31.23ms
step:86/1480 train_time:2688ms step_avg:31.26ms
step:87/1480 train_time:2716ms step_avg:31.22ms
step:88/1480 train_time:2750ms step_avg:31.26ms
step:89/1480 train_time:2778ms step_avg:31.22ms
step:90/1480 train_time:2813ms step_avg:31.25ms
step:91/1480 train_time:2841ms step_avg:31.21ms
step:92/1480 train_time:2875ms step_avg:31.24ms
step:93/1480 train_time:2903ms step_avg:31.21ms
step:94/1480 train_time:2937ms step_avg:31.24ms
step:95/1480 train_time:2965ms step_avg:31.21ms
step:96/1480 train_time:2999ms step_avg:31.24ms
step:97/1480 train_time:3027ms step_avg:31.21ms
step:98/1480 train_time:3061ms step_avg:31.24ms
step:99/1480 train_time:3089ms step_avg:31.20ms
step:100/1480 train_time:3123ms step_avg:31.23ms
step:101/1480 train_time:3151ms step_avg:31.20ms
step:102/1480 train_time:3185ms step_avg:31.23ms
step:103/1480 train_time:3213ms step_avg:31.19ms
step:104/1480 train_time:3247ms step_avg:31.22ms
step:105/1480 train_time:3275ms step_avg:31.19ms
step:106/1480 train_time:3309ms step_avg:31.22ms
step:107/1480 train_time:3337ms step_avg:31.19ms
step:108/1480 train_time:3371ms step_avg:31.21ms
step:109/1480 train_time:3399ms step_avg:31.19ms
step:110/1480 train_time:3433ms step_avg:31.21ms
step:111/1480 train_time:3461ms step_avg:31.18ms
step:112/1480 train_time:3495ms step_avg:31.21ms
step:113/1480 train_time:3524ms step_avg:31.18ms
step:114/1480 train_time:3558ms step_avg:31.21ms
step:115/1480 train_time:3586ms step_avg:31.18ms
step:116/1480 train_time:3619ms step_avg:31.20ms
step:117/1480 train_time:3648ms step_avg:31.18ms
step:118/1480 train_time:3681ms step_avg:31.20ms
step:119/1480 train_time:3710ms step_avg:31.17ms
step:120/1480 train_time:3744ms step_avg:31.20ms
step:121/1480 train_time:3772ms step_avg:31.17ms
step:122/1480 train_time:3806ms step_avg:31.20ms
step:123/1480 train_time:3834ms step_avg:31.17ms
step:124/1480 train_time:3868ms step_avg:31.19ms
step:125/1480 train_time:3896ms step_avg:31.17ms
step:126/1480 train_time:3930ms step_avg:31.19ms
step:127/1480 train_time:3957ms step_avg:31.16ms
step:128/1480 train_time:3991ms step_avg:31.18ms
step:129/1480 train_time:4019ms step_avg:31.16ms
step:130/1480 train_time:4053ms step_avg:31.18ms
step:131/1480 train_time:4081ms step_avg:31.15ms
step:132/1480 train_time:4115ms step_avg:31.18ms
step:133/1480 train_time:4143ms step_avg:31.15ms
step:134/1480 train_time:4177ms step_avg:31.17ms
step:135/1480 train_time:4205ms step_avg:31.15ms
step:136/1480 train_time:4239ms step_avg:31.17ms
step:137/1480 train_time:4267ms step_avg:31.15ms
step:138/1480 train_time:4301ms step_avg:31.17ms
step:139/1480 train_time:4329ms step_avg:31.15ms
step:140/1480 train_time:4363ms step_avg:31.17ms
step:141/1480 train_time:4391ms step_avg:31.14ms
step:142/1480 train_time:4426ms step_avg:31.17ms
step:143/1480 train_time:4454ms step_avg:31.15ms
step:144/1480 train_time:4488ms step_avg:31.17ms
step:145/1480 train_time:4516ms step_avg:31.14ms
step:146/1480 train_time:4550ms step_avg:31.16ms
step:147/1480 train_time:4578ms step_avg:31.14ms
step:148/1480 train_time:4611ms step_avg:31.16ms
step:149/1480 train_time:4640ms step_avg:31.14ms
step:150/1480 train_time:4674ms step_avg:31.16ms
step:151/1480 train_time:4702ms step_avg:31.14ms
step:152/1480 train_time:4736ms step_avg:31.16ms
step:153/1480 train_time:4764ms step_avg:31.14ms
step:154/1480 train_time:4798ms step_avg:31.15ms
step:155/1480 train_time:4826ms step_avg:31.14ms
step:156/1480 train_time:4860ms step_avg:31.15ms
step:157/1480 train_time:4888ms step_avg:31.13ms
step:158/1480 train_time:4922ms step_avg:31.15ms
step:159/1480 train_time:4950ms step_avg:31.13ms
step:160/1480 train_time:4984ms step_avg:31.15ms
step:161/1480 train_time:5012ms step_avg:31.13ms
step:162/1480 train_time:5046ms step_avg:31.15ms
step:163/1480 train_time:5074ms step_avg:31.13ms
step:164/1480 train_time:5108ms step_avg:31.15ms
step:165/1480 train_time:5136ms step_avg:31.13ms
step:166/1480 train_time:5170ms step_avg:31.14ms
step:167/1480 train_time:5198ms step_avg:31.12ms
step:168/1480 train_time:5232ms step_avg:31.14ms
step:169/1480 train_time:5260ms step_avg:31.12ms
step:170/1480 train_time:5294ms step_avg:31.14ms
step:171/1480 train_time:5322ms step_avg:31.12ms
step:172/1480 train_time:5356ms step_avg:31.14ms
step:173/1480 train_time:5384ms step_avg:31.12ms
step:174/1480 train_time:5418ms step_avg:31.14ms
step:175/1480 train_time:5446ms step_avg:31.12ms
step:176/1480 train_time:5480ms step_avg:31.13ms
step:177/1480 train_time:5508ms step_avg:31.12ms
step:178/1480 train_time:5542ms step_avg:31.13ms
step:179/1480 train_time:5570ms step_avg:31.12ms
step:180/1480 train_time:5604ms step_avg:31.13ms
step:181/1480 train_time:5632ms step_avg:31.11ms
step:182/1480 train_time:5666ms step_avg:31.13ms
step:183/1480 train_time:5694ms step_avg:31.12ms
step:184/1480 train_time:5729ms step_avg:31.13ms
step:185/1480 train_time:5756ms step_avg:31.12ms
step:186/1480 train_time:5790ms step_avg:31.13ms
step:187/1480 train_time:5818ms step_avg:31.11ms
step:188/1480 train_time:5852ms step_avg:31.13ms
step:189/1480 train_time:5880ms step_avg:31.11ms
step:190/1480 train_time:5914ms step_avg:31.12ms
step:191/1480 train_time:5942ms step_avg:31.11ms
step:192/1480 train_time:5976ms step_avg:31.13ms
step:193/1480 train_time:6005ms step_avg:31.11ms
step:194/1480 train_time:6038ms step_avg:31.12ms
step:195/1480 train_time:6067ms step_avg:31.11ms
step:196/1480 train_time:6101ms step_avg:31.13ms
step:197/1480 train_time:6129ms step_avg:31.11ms
step:198/1480 train_time:6162ms step_avg:31.12ms
step:199/1480 train_time:6190ms step_avg:31.11ms
step:200/1480 train_time:6225ms step_avg:31.12ms
step:201/1480 train_time:6252ms step_avg:31.11ms
step:202/1480 train_time:6286ms step_avg:31.12ms
step:203/1480 train_time:6314ms step_avg:31.10ms
step:204/1480 train_time:6349ms step_avg:31.12ms
step:205/1480 train_time:6376ms step_avg:31.10ms
step:206/1480 train_time:6410ms step_avg:31.12ms
step:207/1480 train_time:6438ms step_avg:31.10ms
step:208/1480 train_time:6472ms step_avg:31.12ms
step:209/1480 train_time:6500ms step_avg:31.10ms
step:210/1480 train_time:6533ms step_avg:31.11ms
step:211/1480 train_time:6562ms step_avg:31.10ms
step:212/1480 train_time:6595ms step_avg:31.11ms
step:213/1480 train_time:6624ms step_avg:31.10ms
step:214/1480 train_time:6658ms step_avg:31.11ms
step:215/1480 train_time:6686ms step_avg:31.10ms
step:216/1480 train_time:6719ms step_avg:31.11ms
step:217/1480 train_time:6747ms step_avg:31.09ms
step:218/1480 train_time:6781ms step_avg:31.11ms
step:219/1480 train_time:6809ms step_avg:31.09ms
step:220/1480 train_time:6843ms step_avg:31.11ms
step:221/1480 train_time:6871ms step_avg:31.09ms
step:222/1480 train_time:6906ms step_avg:31.11ms
step:223/1480 train_time:6933ms step_avg:31.09ms
step:224/1480 train_time:6968ms step_avg:31.11ms
step:225/1480 train_time:6995ms step_avg:31.09ms
step:226/1480 train_time:7029ms step_avg:31.10ms
step:227/1480 train_time:7057ms step_avg:31.09ms
step:228/1480 train_time:7091ms step_avg:31.10ms
step:229/1480 train_time:7118ms step_avg:31.08ms
step:230/1480 train_time:7152ms step_avg:31.10ms
step:231/1480 train_time:7180ms step_avg:31.08ms
step:232/1480 train_time:7214ms step_avg:31.10ms
step:233/1480 train_time:7242ms step_avg:31.08ms
step:234/1480 train_time:7276ms step_avg:31.10ms
step:235/1480 train_time:7304ms step_avg:31.08ms
step:236/1480 train_time:7338ms step_avg:31.09ms
step:237/1480 train_time:7366ms step_avg:31.08ms
step:238/1480 train_time:7400ms step_avg:31.09ms
step:239/1480 train_time:7428ms step_avg:31.08ms
step:240/1480 train_time:7462ms step_avg:31.09ms
step:241/1480 train_time:7490ms step_avg:31.08ms
step:242/1480 train_time:7525ms step_avg:31.09ms
step:243/1480 train_time:7552ms step_avg:31.08ms
step:244/1480 train_time:7586ms step_avg:31.09ms
step:245/1480 train_time:7614ms step_avg:31.08ms
step:246/1480 train_time:7648ms step_avg:31.09ms
step:247/1480 train_time:7676ms step_avg:31.08ms
step:248/1480 train_time:7710ms step_avg:31.09ms
step:249/1480 train_time:7738ms step_avg:31.08ms
step:250/1480 train_time:7772ms step_avg:31.09ms
step:250/1480 val_loss:4.5026 train_time:7809ms step_avg:31.24ms
step:251/1480 train_time:7825ms step_avg:31.17ms
step:252/1480 train_time:7842ms step_avg:31.12ms
step:253/1480 train_time:7865ms step_avg:31.09ms
step:254/1480 train_time:7900ms step_avg:31.10ms
step:255/1480 train_time:7929ms step_avg:31.09ms
step:256/1480 train_time:7965ms step_avg:31.11ms
step:257/1480 train_time:7993ms step_avg:31.10ms
step:258/1480 train_time:8027ms step_avg:31.11ms
step:259/1480 train_time:8056ms step_avg:31.10ms
step:260/1480 train_time:8090ms step_avg:31.11ms
step:261/1480 train_time:8118ms step_avg:31.10ms
step:262/1480 train_time:8152ms step_avg:31.11ms
step:263/1480 train_time:8179ms step_avg:31.10ms
step:264/1480 train_time:8213ms step_avg:31.11ms
step:265/1480 train_time:8241ms step_avg:31.10ms
step:266/1480 train_time:8275ms step_avg:31.11ms
step:267/1480 train_time:8303ms step_avg:31.10ms
step:268/1480 train_time:8337ms step_avg:31.11ms
step:269/1480 train_time:8365ms step_avg:31.10ms
step:270/1480 train_time:8399ms step_avg:31.11ms
step:271/1480 train_time:8427ms step_avg:31.09ms
step:272/1480 train_time:8461ms step_avg:31.11ms
step:273/1480 train_time:8488ms step_avg:31.09ms
step:274/1480 train_time:8522ms step_avg:31.10ms
step:275/1480 train_time:8550ms step_avg:31.09ms
step:276/1480 train_time:8584ms step_avg:31.10ms
step:277/1480 train_time:8611ms step_avg:31.09ms
step:278/1480 train_time:8645ms step_avg:31.10ms
step:279/1480 train_time:8673ms step_avg:31.09ms
step:280/1480 train_time:8707ms step_avg:31.10ms
step:281/1480 train_time:8735ms step_avg:31.08ms
step:282/1480 train_time:8768ms step_avg:31.09ms
step:283/1480 train_time:8796ms step_avg:31.08ms
step:284/1480 train_time:8830ms step_avg:31.09ms
step:285/1480 train_time:8859ms step_avg:31.08ms
step:286/1480 train_time:8893ms step_avg:31.09ms
step:287/1480 train_time:8921ms step_avg:31.08ms
step:288/1480 train_time:8955ms step_avg:31.09ms
step:289/1480 train_time:8983ms step_avg:31.08ms
step:290/1480 train_time:9018ms step_avg:31.10ms
step:291/1480 train_time:9046ms step_avg:31.09ms
step:292/1480 train_time:9080ms step_avg:31.10ms
step:293/1480 train_time:9108ms step_avg:31.08ms
step:294/1480 train_time:9142ms step_avg:31.10ms
step:295/1480 train_time:9170ms step_avg:31.08ms
step:296/1480 train_time:9204ms step_avg:31.09ms
step:297/1480 train_time:9232ms step_avg:31.08ms
step:298/1480 train_time:9266ms step_avg:31.09ms
step:299/1480 train_time:9294ms step_avg:31.08ms
step:300/1480 train_time:9328ms step_avg:31.09ms
step:301/1480 train_time:9356ms step_avg:31.08ms
step:302/1480 train_time:9390ms step_avg:31.09ms
step:303/1480 train_time:9418ms step_avg:31.08ms
step:304/1480 train_time:9452ms step_avg:31.09ms
step:305/1480 train_time:9480ms step_avg:31.08ms
step:306/1480 train_time:9514ms step_avg:31.09ms
step:307/1480 train_time:9541ms step_avg:31.08ms
step:308/1480 train_time:9576ms step_avg:31.09ms
step:309/1480 train_time:9603ms step_avg:31.08ms
step:310/1480 train_time:9637ms step_avg:31.09ms
step:311/1480 train_time:9665ms step_avg:31.08ms
step:312/1480 train_time:9699ms step_avg:31.09ms
step:313/1480 train_time:9727ms step_avg:31.08ms
step:314/1480 train_time:9761ms step_avg:31.09ms
step:315/1480 train_time:9789ms step_avg:31.07ms
step:316/1480 train_time:9823ms step_avg:31.08ms
step:317/1480 train_time:9850ms step_avg:31.07ms
step:318/1480 train_time:9884ms step_avg:31.08ms
step:319/1480 train_time:9913ms step_avg:31.07ms
step:320/1480 train_time:9946ms step_avg:31.08ms
step:321/1480 train_time:9975ms step_avg:31.07ms
step:322/1480 train_time:10009ms step_avg:31.08ms
step:323/1480 train_time:10037ms step_avg:31.07ms
step:324/1480 train_time:10070ms step_avg:31.08ms
step:325/1480 train_time:10098ms step_avg:31.07ms
step:326/1480 train_time:10132ms step_avg:31.08ms
step:327/1480 train_time:10160ms step_avg:31.07ms
step:328/1480 train_time:10194ms step_avg:31.08ms
step:329/1480 train_time:10222ms step_avg:31.07ms
step:330/1480 train_time:10256ms step_avg:31.08ms
step:331/1480 train_time:10284ms step_avg:31.07ms
step:332/1480 train_time:10318ms step_avg:31.08ms
step:333/1480 train_time:10346ms step_avg:31.07ms
step:334/1480 train_time:10380ms step_avg:31.08ms
step:335/1480 train_time:10407ms step_avg:31.07ms
step:336/1480 train_time:10441ms step_avg:31.08ms
step:337/1480 train_time:10469ms step_avg:31.07ms
step:338/1480 train_time:10503ms step_avg:31.07ms
step:339/1480 train_time:10531ms step_avg:31.07ms
step:340/1480 train_time:10565ms step_avg:31.07ms
step:341/1480 train_time:10593ms step_avg:31.07ms
step:342/1480 train_time:10627ms step_avg:31.07ms
step:343/1480 train_time:10655ms step_avg:31.06ms
step:344/1480 train_time:10689ms step_avg:31.07ms
step:345/1480 train_time:10717ms step_avg:31.06ms
step:346/1480 train_time:10751ms step_avg:31.07ms
step:347/1480 train_time:10779ms step_avg:31.06ms
step:348/1480 train_time:10813ms step_avg:31.07ms
step:349/1480 train_time:10841ms step_avg:31.06ms
step:350/1480 train_time:10874ms step_avg:31.07ms
step:351/1480 train_time:10902ms step_avg:31.06ms
step:352/1480 train_time:10936ms step_avg:31.07ms
step:353/1480 train_time:10964ms step_avg:31.06ms
step:354/1480 train_time:10999ms step_avg:31.07ms
step:355/1480 train_time:11027ms step_avg:31.06ms
step:356/1480 train_time:11061ms step_avg:31.07ms
step:357/1480 train_time:11089ms step_avg:31.06ms
step:358/1480 train_time:11123ms step_avg:31.07ms
step:359/1480 train_time:11151ms step_avg:31.06ms
step:360/1480 train_time:11184ms step_avg:31.07ms
step:361/1480 train_time:11213ms step_avg:31.06ms
step:362/1480 train_time:11246ms step_avg:31.07ms
step:363/1480 train_time:11275ms step_avg:31.06ms
step:364/1480 train_time:11308ms step_avg:31.07ms
step:365/1480 train_time:11336ms step_avg:31.06ms
step:366/1480 train_time:11370ms step_avg:31.07ms
step:367/1480 train_time:11398ms step_avg:31.06ms
step:368/1480 train_time:11432ms step_avg:31.07ms
step:369/1480 train_time:11460ms step_avg:31.06ms
step:370/1480 train_time:11494ms step_avg:31.07ms
step:371/1480 train_time:11522ms step_avg:31.06ms
step:372/1480 train_time:11557ms step_avg:31.07ms
step:373/1480 train_time:11584ms step_avg:31.06ms
step:374/1480 train_time:11619ms step_avg:31.07ms
step:375/1480 train_time:11647ms step_avg:31.06ms
step:376/1480 train_time:11681ms step_avg:31.07ms
step:377/1480 train_time:11708ms step_avg:31.06ms
step:378/1480 train_time:11742ms step_avg:31.06ms
step:379/1480 train_time:11770ms step_avg:31.06ms
step:380/1480 train_time:11804ms step_avg:31.06ms
step:381/1480 train_time:11832ms step_avg:31.05ms
step:382/1480 train_time:11866ms step_avg:31.06ms
step:383/1480 train_time:11895ms step_avg:31.06ms
step:384/1480 train_time:11928ms step_avg:31.06ms
step:385/1480 train_time:11957ms step_avg:31.06ms
step:386/1480 train_time:11991ms step_avg:31.06ms
step:387/1480 train_time:12019ms step_avg:31.06ms
step:388/1480 train_time:12052ms step_avg:31.06ms
step:389/1480 train_time:12080ms step_avg:31.05ms
step:390/1480 train_time:12114ms step_avg:31.06ms
step:391/1480 train_time:12142ms step_avg:31.05ms
step:392/1480 train_time:12177ms step_avg:31.06ms
step:393/1480 train_time:12204ms step_avg:31.05ms
step:394/1480 train_time:12238ms step_avg:31.06ms
step:395/1480 train_time:12266ms step_avg:31.05ms
step:396/1480 train_time:12300ms step_avg:31.06ms
step:397/1480 train_time:12328ms step_avg:31.05ms
step:398/1480 train_time:12362ms step_avg:31.06ms
step:399/1480 train_time:12390ms step_avg:31.05ms
step:400/1480 train_time:12424ms step_avg:31.06ms
step:401/1480 train_time:12453ms step_avg:31.05ms
step:402/1480 train_time:12486ms step_avg:31.06ms
step:403/1480 train_time:12515ms step_avg:31.05ms
step:404/1480 train_time:12548ms step_avg:31.06ms
step:405/1480 train_time:12576ms step_avg:31.05ms
step:406/1480 train_time:12610ms step_avg:31.06ms
step:407/1480 train_time:12638ms step_avg:31.05ms
step:408/1480 train_time:12672ms step_avg:31.06ms
step:409/1480 train_time:12700ms step_avg:31.05ms
step:410/1480 train_time:12734ms step_avg:31.06ms
step:411/1480 train_time:12762ms step_avg:31.05ms
step:412/1480 train_time:12797ms step_avg:31.06ms
step:413/1480 train_time:12825ms step_avg:31.05ms
step:414/1480 train_time:12859ms step_avg:31.06ms
step:415/1480 train_time:12886ms step_avg:31.05ms
step:416/1480 train_time:12921ms step_avg:31.06ms
step:417/1480 train_time:12949ms step_avg:31.05ms
step:418/1480 train_time:12983ms step_avg:31.06ms
step:419/1480 train_time:13011ms step_avg:31.05ms
step:420/1480 train_time:13044ms step_avg:31.06ms
step:421/1480 train_time:13072ms step_avg:31.05ms
step:422/1480 train_time:13106ms step_avg:31.06ms
step:423/1480 train_time:13135ms step_avg:31.05ms
step:424/1480 train_time:13169ms step_avg:31.06ms
step:425/1480 train_time:13197ms step_avg:31.05ms
step:426/1480 train_time:13231ms step_avg:31.06ms
step:427/1480 train_time:13259ms step_avg:31.05ms
step:428/1480 train_time:13293ms step_avg:31.06ms
step:429/1480 train_time:13321ms step_avg:31.05ms
step:430/1480 train_time:13355ms step_avg:31.06ms
step:431/1480 train_time:13382ms step_avg:31.05ms
step:432/1480 train_time:13417ms step_avg:31.06ms
step:433/1480 train_time:13444ms step_avg:31.05ms
step:434/1480 train_time:13479ms step_avg:31.06ms
step:435/1480 train_time:13506ms step_avg:31.05ms
step:436/1480 train_time:13540ms step_avg:31.06ms
step:437/1480 train_time:13568ms step_avg:31.05ms
step:438/1480 train_time:13602ms step_avg:31.06ms
step:439/1480 train_time:13630ms step_avg:31.05ms
step:440/1480 train_time:13664ms step_avg:31.05ms
step:441/1480 train_time:13692ms step_avg:31.05ms
step:442/1480 train_time:13726ms step_avg:31.05ms
step:443/1480 train_time:13754ms step_avg:31.05ms
step:444/1480 train_time:13788ms step_avg:31.05ms
step:445/1480 train_time:13817ms step_avg:31.05ms
step:446/1480 train_time:13850ms step_avg:31.05ms
step:447/1480 train_time:13879ms step_avg:31.05ms
step:448/1480 train_time:13912ms step_avg:31.05ms
step:449/1480 train_time:13940ms step_avg:31.05ms
step:450/1480 train_time:13974ms step_avg:31.05ms
step:451/1480 train_time:14001ms step_avg:31.05ms
step:452/1480 train_time:14035ms step_avg:31.05ms
step:453/1480 train_time:14063ms step_avg:31.04ms
step:454/1480 train_time:14098ms step_avg:31.05ms
step:455/1480 train_time:14125ms step_avg:31.04ms
step:456/1480 train_time:14159ms step_avg:31.05ms
step:457/1480 train_time:14187ms step_avg:31.04ms
step:458/1480 train_time:14221ms step_avg:31.05ms
step:459/1480 train_time:14249ms step_avg:31.04ms
step:460/1480 train_time:14283ms step_avg:31.05ms
step:461/1480 train_time:14311ms step_avg:31.04ms
step:462/1480 train_time:14345ms step_avg:31.05ms
step:463/1480 train_time:14373ms step_avg:31.04ms
step:464/1480 train_time:14407ms step_avg:31.05ms
step:465/1480 train_time:14435ms step_avg:31.04ms
step:466/1480 train_time:14469ms step_avg:31.05ms
step:467/1480 train_time:14497ms step_avg:31.04ms
step:468/1480 train_time:14531ms step_avg:31.05ms
step:469/1480 train_time:14559ms step_avg:31.04ms
step:470/1480 train_time:14592ms step_avg:31.05ms
step:471/1480 train_time:14620ms step_avg:31.04ms
step:472/1480 train_time:14654ms step_avg:31.05ms
step:473/1480 train_time:14682ms step_avg:31.04ms
step:474/1480 train_time:14717ms step_avg:31.05ms
step:475/1480 train_time:14744ms step_avg:31.04ms
step:476/1480 train_time:14779ms step_avg:31.05ms
step:477/1480 train_time:14807ms step_avg:31.04ms
step:478/1480 train_time:14841ms step_avg:31.05ms
step:479/1480 train_time:14868ms step_avg:31.04ms
step:480/1480 train_time:14902ms step_avg:31.05ms
step:481/1480 train_time:14932ms step_avg:31.04ms
step:482/1480 train_time:14994ms step_avg:31.11ms
step:483/1480 train_time:15048ms step_avg:31.15ms
step:484/1480 train_time:15107ms step_avg:31.21ms
step:485/1480 train_time:15160ms step_avg:31.26ms
step:486/1480 train_time:15218ms step_avg:31.31ms
step:487/1480 train_time:15272ms step_avg:31.36ms
step:488/1480 train_time:15331ms step_avg:31.42ms
step:489/1480 train_time:15385ms step_avg:31.46ms
step:490/1480 train_time:15445ms step_avg:31.52ms
step:491/1480 train_time:15498ms step_avg:31.56ms
step:492/1480 train_time:15557ms step_avg:31.62ms
step:493/1480 train_time:15611ms step_avg:31.66ms
step:494/1480 train_time:15670ms step_avg:31.72ms
step:495/1480 train_time:15724ms step_avg:31.77ms
step:496/1480 train_time:15783ms step_avg:31.82ms
step:497/1480 train_time:15836ms step_avg:31.86ms
step:498/1480 train_time:15895ms step_avg:31.92ms
step:499/1480 train_time:15949ms step_avg:31.96ms
step:500/1480 train_time:16008ms step_avg:32.02ms
step:500/1480 val_loss:4.2132 train_time:16072ms step_avg:32.14ms
step:501/1480 train_time:16088ms step_avg:32.11ms
step:502/1480 train_time:16123ms step_avg:32.12ms
step:503/1480 train_time:16179ms step_avg:32.16ms
step:504/1480 train_time:16238ms step_avg:32.22ms
step:505/1480 train_time:16294ms step_avg:32.27ms
step:506/1480 train_time:16354ms step_avg:32.32ms
step:507/1480 train_time:16407ms step_avg:32.36ms
step:508/1480 train_time:16466ms step_avg:32.41ms
step:509/1480 train_time:16519ms step_avg:32.45ms
step:510/1480 train_time:16577ms step_avg:32.50ms
step:511/1480 train_time:16630ms step_avg:32.54ms
step:512/1480 train_time:16689ms step_avg:32.60ms
step:513/1480 train_time:16741ms step_avg:32.63ms
step:514/1480 train_time:16800ms step_avg:32.69ms
step:515/1480 train_time:16853ms step_avg:32.72ms
step:516/1480 train_time:16912ms step_avg:32.77ms
step:517/1480 train_time:16964ms step_avg:32.81ms
step:518/1480 train_time:17023ms step_avg:32.86ms
step:519/1480 train_time:17078ms step_avg:32.91ms
step:520/1480 train_time:17137ms step_avg:32.96ms
step:521/1480 train_time:17193ms step_avg:33.00ms
step:522/1480 train_time:17252ms step_avg:33.05ms
step:523/1480 train_time:17307ms step_avg:33.09ms
step:524/1480 train_time:17367ms step_avg:33.14ms
step:525/1480 train_time:17420ms step_avg:33.18ms
step:526/1480 train_time:17479ms step_avg:33.23ms
step:527/1480 train_time:17532ms step_avg:33.27ms
step:528/1480 train_time:17591ms step_avg:33.32ms
step:529/1480 train_time:17644ms step_avg:33.35ms
step:530/1480 train_time:17702ms step_avg:33.40ms
step:531/1480 train_time:17755ms step_avg:33.44ms
step:532/1480 train_time:17813ms step_avg:33.48ms
step:533/1480 train_time:17866ms step_avg:33.52ms
step:534/1480 train_time:17925ms step_avg:33.57ms
step:535/1480 train_time:17979ms step_avg:33.61ms
step:536/1480 train_time:18037ms step_avg:33.65ms
step:537/1480 train_time:18092ms step_avg:33.69ms
step:538/1480 train_time:18152ms step_avg:33.74ms
step:539/1480 train_time:18206ms step_avg:33.78ms
step:540/1480 train_time:18266ms step_avg:33.83ms
step:541/1480 train_time:18320ms step_avg:33.86ms
step:542/1480 train_time:18379ms step_avg:33.91ms
step:543/1480 train_time:18432ms step_avg:33.95ms
step:544/1480 train_time:18491ms step_avg:33.99ms
step:545/1480 train_time:18545ms step_avg:34.03ms
step:546/1480 train_time:18603ms step_avg:34.07ms
step:547/1480 train_time:18656ms step_avg:34.11ms
step:548/1480 train_time:18715ms step_avg:34.15ms
step:549/1480 train_time:18768ms step_avg:34.19ms
step:550/1480 train_time:18826ms step_avg:34.23ms
step:551/1480 train_time:18880ms step_avg:34.26ms
step:552/1480 train_time:18938ms step_avg:34.31ms
step:553/1480 train_time:18991ms step_avg:34.34ms
step:554/1480 train_time:19051ms step_avg:34.39ms
step:555/1480 train_time:19105ms step_avg:34.42ms
step:556/1480 train_time:19164ms step_avg:34.47ms
step:557/1480 train_time:19217ms step_avg:34.50ms
step:558/1480 train_time:19277ms step_avg:34.55ms
step:559/1480 train_time:19331ms step_avg:34.58ms
step:560/1480 train_time:19390ms step_avg:34.63ms
step:561/1480 train_time:19444ms step_avg:34.66ms
step:562/1480 train_time:19503ms step_avg:34.70ms
step:563/1480 train_time:19556ms step_avg:34.74ms
step:564/1480 train_time:19615ms step_avg:34.78ms
step:565/1480 train_time:19669ms step_avg:34.81ms
step:566/1480 train_time:19727ms step_avg:34.85ms
step:567/1480 train_time:19781ms step_avg:34.89ms
step:568/1480 train_time:19839ms step_avg:34.93ms
step:569/1480 train_time:19893ms step_avg:34.96ms
step:570/1480 train_time:19951ms step_avg:35.00ms
step:571/1480 train_time:20004ms step_avg:35.03ms
step:572/1480 train_time:20063ms step_avg:35.08ms
step:573/1480 train_time:20118ms step_avg:35.11ms
step:574/1480 train_time:20176ms step_avg:35.15ms
step:575/1480 train_time:20230ms step_avg:35.18ms
step:576/1480 train_time:20290ms step_avg:35.22ms
step:577/1480 train_time:20343ms step_avg:35.26ms
step:578/1480 train_time:20403ms step_avg:35.30ms
step:579/1480 train_time:20457ms step_avg:35.33ms
step:580/1480 train_time:20515ms step_avg:35.37ms
step:581/1480 train_time:20569ms step_avg:35.40ms
step:582/1480 train_time:20628ms step_avg:35.44ms
step:583/1480 train_time:20681ms step_avg:35.47ms
step:584/1480 train_time:20740ms step_avg:35.51ms
step:585/1480 train_time:20794ms step_avg:35.54ms
step:586/1480 train_time:20852ms step_avg:35.58ms
step:587/1480 train_time:20906ms step_avg:35.61ms
step:588/1480 train_time:20965ms step_avg:35.65ms
step:589/1480 train_time:21018ms step_avg:35.68ms
step:590/1480 train_time:21077ms step_avg:35.72ms
step:591/1480 train_time:21131ms step_avg:35.75ms
step:592/1480 train_time:21190ms step_avg:35.79ms
step:593/1480 train_time:21243ms step_avg:35.82ms
step:594/1480 train_time:21302ms step_avg:35.86ms
step:595/1480 train_time:21356ms step_avg:35.89ms
step:596/1480 train_time:21415ms step_avg:35.93ms
step:597/1480 train_time:21469ms step_avg:35.96ms
step:598/1480 train_time:21528ms step_avg:36.00ms
step:599/1480 train_time:21581ms step_avg:36.03ms
step:600/1480 train_time:21639ms step_avg:36.07ms
step:601/1480 train_time:21692ms step_avg:36.09ms
step:602/1480 train_time:21751ms step_avg:36.13ms
step:603/1480 train_time:21806ms step_avg:36.16ms
step:604/1480 train_time:21864ms step_avg:36.20ms
step:605/1480 train_time:21918ms step_avg:36.23ms
step:606/1480 train_time:21976ms step_avg:36.26ms
step:607/1480 train_time:22030ms step_avg:36.29ms
step:608/1480 train_time:22089ms step_avg:36.33ms
step:609/1480 train_time:22143ms step_avg:36.36ms
step:610/1480 train_time:22202ms step_avg:36.40ms
step:611/1480 train_time:22255ms step_avg:36.42ms
step:612/1480 train_time:22314ms step_avg:36.46ms
step:613/1480 train_time:22368ms step_avg:36.49ms
step:614/1480 train_time:22427ms step_avg:36.53ms
step:615/1480 train_time:22481ms step_avg:36.55ms
step:616/1480 train_time:22539ms step_avg:36.59ms
step:617/1480 train_time:22592ms step_avg:36.62ms
step:618/1480 train_time:22651ms step_avg:36.65ms
step:619/1480 train_time:22705ms step_avg:36.68ms
step:620/1480 train_time:22764ms step_avg:36.72ms
step:621/1480 train_time:22817ms step_avg:36.74ms
step:622/1480 train_time:22876ms step_avg:36.78ms
step:623/1480 train_time:22930ms step_avg:36.81ms
step:624/1480 train_time:22988ms step_avg:36.84ms
step:625/1480 train_time:23041ms step_avg:36.87ms
step:626/1480 train_time:23101ms step_avg:36.90ms
step:627/1480 train_time:23154ms step_avg:36.93ms
step:628/1480 train_time:23213ms step_avg:36.96ms
step:629/1480 train_time:23267ms step_avg:36.99ms
step:630/1480 train_time:23326ms step_avg:37.03ms
step:631/1480 train_time:23379ms step_avg:37.05ms
step:632/1480 train_time:23438ms step_avg:37.08ms
step:633/1480 train_time:23491ms step_avg:37.11ms
step:634/1480 train_time:23550ms step_avg:37.14ms
step:635/1480 train_time:23604ms step_avg:37.17ms
step:636/1480 train_time:23662ms step_avg:37.20ms
step:637/1480 train_time:23716ms step_avg:37.23ms
step:638/1480 train_time:23774ms step_avg:37.26ms
step:639/1480 train_time:23827ms step_avg:37.29ms
step:640/1480 train_time:23887ms step_avg:37.32ms
step:641/1480 train_time:23940ms step_avg:37.35ms
step:642/1480 train_time:23998ms step_avg:37.38ms
step:643/1480 train_time:24052ms step_avg:37.41ms
step:644/1480 train_time:24111ms step_avg:37.44ms
step:645/1480 train_time:24164ms step_avg:37.46ms
step:646/1480 train_time:24224ms step_avg:37.50ms
step:647/1480 train_time:24277ms step_avg:37.52ms
step:648/1480 train_time:24336ms step_avg:37.55ms
step:649/1480 train_time:24390ms step_avg:37.58ms
step:650/1480 train_time:24449ms step_avg:37.61ms
step:651/1480 train_time:24502ms step_avg:37.64ms
step:652/1480 train_time:24561ms step_avg:37.67ms
step:653/1480 train_time:24615ms step_avg:37.69ms
step:654/1480 train_time:24673ms step_avg:37.73ms
step:655/1480 train_time:24726ms step_avg:37.75ms
step:656/1480 train_time:24785ms step_avg:37.78ms
step:657/1480 train_time:24838ms step_avg:37.81ms
step:658/1480 train_time:24897ms step_avg:37.84ms
step:659/1480 train_time:24950ms step_avg:37.86ms
step:660/1480 train_time:25009ms step_avg:37.89ms
step:661/1480 train_time:25062ms step_avg:37.92ms
step:662/1480 train_time:25122ms step_avg:37.95ms
step:663/1480 train_time:25176ms step_avg:37.97ms
step:664/1480 train_time:25234ms step_avg:38.00ms
step:665/1480 train_time:25288ms step_avg:38.03ms
step:666/1480 train_time:25347ms step_avg:38.06ms
step:667/1480 train_time:25401ms step_avg:38.08ms
step:668/1480 train_time:25459ms step_avg:38.11ms
step:669/1480 train_time:25513ms step_avg:38.14ms
step:670/1480 train_time:25571ms step_avg:38.17ms
step:671/1480 train_time:25625ms step_avg:38.19ms
step:672/1480 train_time:25684ms step_avg:38.22ms
step:673/1480 train_time:25737ms step_avg:38.24ms
step:674/1480 train_time:25796ms step_avg:38.27ms
step:675/1480 train_time:25849ms step_avg:38.30ms
step:676/1480 train_time:25909ms step_avg:38.33ms
step:677/1480 train_time:25962ms step_avg:38.35ms
step:678/1480 train_time:26020ms step_avg:38.38ms
step:679/1480 train_time:26074ms step_avg:38.40ms
step:680/1480 train_time:26132ms step_avg:38.43ms
step:681/1480 train_time:26186ms step_avg:38.45ms
step:682/1480 train_time:26245ms step_avg:38.48ms
step:683/1480 train_time:26299ms step_avg:38.50ms
step:684/1480 train_time:26358ms step_avg:38.53ms
step:685/1480 train_time:26412ms step_avg:38.56ms
step:686/1480 train_time:26470ms step_avg:38.59ms
step:687/1480 train_time:26523ms step_avg:38.61ms
step:688/1480 train_time:26582ms step_avg:38.64ms
step:689/1480 train_time:26636ms step_avg:38.66ms
step:690/1480 train_time:26696ms step_avg:38.69ms
step:691/1480 train_time:26749ms step_avg:38.71ms
step:692/1480 train_time:26808ms step_avg:38.74ms
step:693/1480 train_time:26861ms step_avg:38.76ms
step:694/1480 train_time:26920ms step_avg:38.79ms
step:695/1480 train_time:26973ms step_avg:38.81ms
step:696/1480 train_time:27032ms step_avg:38.84ms
step:697/1480 train_time:27086ms step_avg:38.86ms
step:698/1480 train_time:27145ms step_avg:38.89ms
step:699/1480 train_time:27198ms step_avg:38.91ms
step:700/1480 train_time:27256ms step_avg:38.94ms
step:701/1480 train_time:27310ms step_avg:38.96ms
step:702/1480 train_time:27369ms step_avg:38.99ms
step:703/1480 train_time:27423ms step_avg:39.01ms
step:704/1480 train_time:27482ms step_avg:39.04ms
step:705/1480 train_time:27535ms step_avg:39.06ms
step:706/1480 train_time:27595ms step_avg:39.09ms
step:707/1480 train_time:27649ms step_avg:39.11ms
step:708/1480 train_time:27708ms step_avg:39.14ms
step:709/1480 train_time:27761ms step_avg:39.15ms
step:710/1480 train_time:27820ms step_avg:39.18ms
step:711/1480 train_time:27873ms step_avg:39.20ms
step:712/1480 train_time:27931ms step_avg:39.23ms
step:713/1480 train_time:27985ms step_avg:39.25ms
step:714/1480 train_time:28044ms step_avg:39.28ms
step:715/1480 train_time:28098ms step_avg:39.30ms
step:716/1480 train_time:28156ms step_avg:39.32ms
step:717/1480 train_time:28210ms step_avg:39.34ms
step:718/1480 train_time:28269ms step_avg:39.37ms
step:719/1480 train_time:28322ms step_avg:39.39ms
step:720/1480 train_time:28381ms step_avg:39.42ms
step:721/1480 train_time:28435ms step_avg:39.44ms
step:722/1480 train_time:28494ms step_avg:39.47ms
step:723/1480 train_time:28548ms step_avg:39.49ms
step:724/1480 train_time:28607ms step_avg:39.51ms
step:725/1480 train_time:28660ms step_avg:39.53ms
step:726/1480 train_time:28719ms step_avg:39.56ms
step:727/1480 train_time:28772ms step_avg:39.58ms
step:728/1480 train_time:28831ms step_avg:39.60ms
step:729/1480 train_time:28886ms step_avg:39.62ms
step:730/1480 train_time:28944ms step_avg:39.65ms
step:731/1480 train_time:28997ms step_avg:39.67ms
step:732/1480 train_time:29056ms step_avg:39.69ms
step:733/1480 train_time:29110ms step_avg:39.71ms
step:734/1480 train_time:29169ms step_avg:39.74ms
step:735/1480 train_time:29222ms step_avg:39.76ms
step:736/1480 train_time:29281ms step_avg:39.78ms
step:737/1480 train_time:29334ms step_avg:39.80ms
step:738/1480 train_time:29394ms step_avg:39.83ms
step:739/1480 train_time:29447ms step_avg:39.85ms
step:740/1480 train_time:29507ms step_avg:39.87ms
step:741/1480 train_time:29561ms step_avg:39.89ms
step:742/1480 train_time:29619ms step_avg:39.92ms
step:743/1480 train_time:29673ms step_avg:39.94ms
step:744/1480 train_time:29732ms step_avg:39.96ms
step:745/1480 train_time:29785ms step_avg:39.98ms
step:746/1480 train_time:29844ms step_avg:40.00ms
step:747/1480 train_time:29897ms step_avg:40.02ms
step:748/1480 train_time:29956ms step_avg:40.05ms
step:749/1480 train_time:30009ms step_avg:40.07ms
step:750/1480 train_time:30068ms step_avg:40.09ms
step:750/1480 val_loss:3.8009 train_time:30132ms step_avg:40.18ms
step:751/1480 train_time:30147ms step_avg:40.14ms
step:752/1480 train_time:30183ms step_avg:40.14ms
step:753/1480 train_time:30240ms step_avg:40.16ms
step:754/1480 train_time:30302ms step_avg:40.19ms
step:755/1480 train_time:30356ms step_avg:40.21ms
step:756/1480 train_time:30414ms step_avg:40.23ms
step:757/1480 train_time:30468ms step_avg:40.25ms
step:758/1480 train_time:30526ms step_avg:40.27ms
step:759/1480 train_time:30579ms step_avg:40.29ms
step:760/1480 train_time:30638ms step_avg:40.31ms
step:761/1480 train_time:30691ms step_avg:40.33ms
step:762/1480 train_time:30749ms step_avg:40.35ms
step:763/1480 train_time:30802ms step_avg:40.37ms
step:764/1480 train_time:30860ms step_avg:40.39ms
step:765/1480 train_time:30914ms step_avg:40.41ms
step:766/1480 train_time:30971ms step_avg:40.43ms
step:767/1480 train_time:31025ms step_avg:40.45ms
step:768/1480 train_time:31084ms step_avg:40.47ms
step:769/1480 train_time:31138ms step_avg:40.49ms
step:770/1480 train_time:31199ms step_avg:40.52ms
step:771/1480 train_time:31254ms step_avg:40.54ms
step:772/1480 train_time:31313ms step_avg:40.56ms
step:773/1480 train_time:31367ms step_avg:40.58ms
step:774/1480 train_time:31427ms step_avg:40.60ms
step:775/1480 train_time:31479ms step_avg:40.62ms
step:776/1480 train_time:31538ms step_avg:40.64ms
step:777/1480 train_time:31592ms step_avg:40.66ms
step:778/1480 train_time:31650ms step_avg:40.68ms
step:779/1480 train_time:31703ms step_avg:40.70ms
step:780/1480 train_time:31762ms step_avg:40.72ms
step:781/1480 train_time:31815ms step_avg:40.74ms
step:782/1480 train_time:31873ms step_avg:40.76ms
step:783/1480 train_time:31926ms step_avg:40.77ms
step:784/1480 train_time:31984ms step_avg:40.80ms
step:785/1480 train_time:32038ms step_avg:40.81ms
step:786/1480 train_time:32097ms step_avg:40.84ms
step:787/1480 train_time:32151ms step_avg:40.85ms
step:788/1480 train_time:32211ms step_avg:40.88ms
step:789/1480 train_time:32265ms step_avg:40.89ms
step:790/1480 train_time:32325ms step_avg:40.92ms
step:791/1480 train_time:32379ms step_avg:40.93ms
step:792/1480 train_time:32438ms step_avg:40.96ms
step:793/1480 train_time:32492ms step_avg:40.97ms
step:794/1480 train_time:32551ms step_avg:41.00ms
step:795/1480 train_time:32604ms step_avg:41.01ms
step:796/1480 train_time:32663ms step_avg:41.03ms
step:797/1480 train_time:32716ms step_avg:41.05ms
step:798/1480 train_time:32775ms step_avg:41.07ms
step:799/1480 train_time:32828ms step_avg:41.09ms
step:800/1480 train_time:32887ms step_avg:41.11ms
step:801/1480 train_time:32940ms step_avg:41.12ms
step:802/1480 train_time:32998ms step_avg:41.15ms
step:803/1480 train_time:33052ms step_avg:41.16ms
step:804/1480 train_time:33110ms step_avg:41.18ms
step:805/1480 train_time:33165ms step_avg:41.20ms
step:806/1480 train_time:33225ms step_avg:41.22ms
step:807/1480 train_time:33279ms step_avg:41.24ms
step:808/1480 train_time:33339ms step_avg:41.26ms
step:809/1480 train_time:33393ms step_avg:41.28ms
step:810/1480 train_time:33451ms step_avg:41.30ms
step:811/1480 train_time:33505ms step_avg:41.31ms
step:812/1480 train_time:33563ms step_avg:41.33ms
step:813/1480 train_time:33617ms step_avg:41.35ms
step:814/1480 train_time:33676ms step_avg:41.37ms
step:815/1480 train_time:33729ms step_avg:41.39ms
step:816/1480 train_time:33788ms step_avg:41.41ms
step:817/1480 train_time:33842ms step_avg:41.42ms
step:818/1480 train_time:33900ms step_avg:41.44ms
step:819/1480 train_time:33953ms step_avg:41.46ms
step:820/1480 train_time:34011ms step_avg:41.48ms
step:821/1480 train_time:34065ms step_avg:41.49ms
step:822/1480 train_time:34124ms step_avg:41.51ms
step:823/1480 train_time:34178ms step_avg:41.53ms
step:824/1480 train_time:34237ms step_avg:41.55ms
step:825/1480 train_time:34291ms step_avg:41.56ms
step:826/1480 train_time:34349ms step_avg:41.59ms
step:827/1480 train_time:34404ms step_avg:41.60ms
step:828/1480 train_time:34463ms step_avg:41.62ms
step:829/1480 train_time:34516ms step_avg:41.64ms
step:830/1480 train_time:34575ms step_avg:41.66ms
step:831/1480 train_time:34629ms step_avg:41.67ms
step:832/1480 train_time:34687ms step_avg:41.69ms
step:833/1480 train_time:34741ms step_avg:41.71ms
step:834/1480 train_time:34799ms step_avg:41.73ms
step:835/1480 train_time:34852ms step_avg:41.74ms
step:836/1480 train_time:34911ms step_avg:41.76ms
step:837/1480 train_time:34964ms step_avg:41.77ms
step:838/1480 train_time:35023ms step_avg:41.79ms
step:839/1480 train_time:35076ms step_avg:41.81ms
step:840/1480 train_time:35136ms step_avg:41.83ms
step:841/1480 train_time:35188ms step_avg:41.84ms
step:842/1480 train_time:35249ms step_avg:41.86ms
step:843/1480 train_time:35303ms step_avg:41.88ms
step:844/1480 train_time:35362ms step_avg:41.90ms
step:845/1480 train_time:35415ms step_avg:41.91ms
step:846/1480 train_time:35474ms step_avg:41.93ms
step:847/1480 train_time:35528ms step_avg:41.95ms
step:848/1480 train_time:35586ms step_avg:41.97ms
step:849/1480 train_time:35640ms step_avg:41.98ms
step:850/1480 train_time:35699ms step_avg:42.00ms
step:851/1480 train_time:35753ms step_avg:42.01ms
step:852/1480 train_time:35811ms step_avg:42.03ms
step:853/1480 train_time:35865ms step_avg:42.05ms
step:854/1480 train_time:35924ms step_avg:42.07ms
step:855/1480 train_time:35977ms step_avg:42.08ms
step:856/1480 train_time:36036ms step_avg:42.10ms
step:857/1480 train_time:36089ms step_avg:42.11ms
step:858/1480 train_time:36148ms step_avg:42.13ms
step:859/1480 train_time:36201ms step_avg:42.14ms
step:860/1480 train_time:36261ms step_avg:42.16ms
step:861/1480 train_time:36314ms step_avg:42.18ms
step:862/1480 train_time:36373ms step_avg:42.20ms
step:863/1480 train_time:36427ms step_avg:42.21ms
step:864/1480 train_time:36486ms step_avg:42.23ms
step:865/1480 train_time:36540ms step_avg:42.24ms
step:866/1480 train_time:36599ms step_avg:42.26ms
step:867/1480 train_time:36652ms step_avg:42.27ms
step:868/1480 train_time:36710ms step_avg:42.29ms
step:869/1480 train_time:36764ms step_avg:42.31ms
step:870/1480 train_time:36823ms step_avg:42.33ms
step:871/1480 train_time:36876ms step_avg:42.34ms
step:872/1480 train_time:36935ms step_avg:42.36ms
step:873/1480 train_time:36988ms step_avg:42.37ms
step:874/1480 train_time:37048ms step_avg:42.39ms
step:875/1480 train_time:37101ms step_avg:42.40ms
step:876/1480 train_time:37160ms step_avg:42.42ms
step:877/1480 train_time:37214ms step_avg:42.43ms
step:878/1480 train_time:37272ms step_avg:42.45ms
step:879/1480 train_time:37326ms step_avg:42.46ms
step:880/1480 train_time:37385ms step_avg:42.48ms
step:881/1480 train_time:37439ms step_avg:42.50ms
step:882/1480 train_time:37498ms step_avg:42.52ms
step:883/1480 train_time:37552ms step_avg:42.53ms
step:884/1480 train_time:37610ms step_avg:42.55ms
step:885/1480 train_time:37664ms step_avg:42.56ms
step:886/1480 train_time:37724ms step_avg:42.58ms
step:887/1480 train_time:37777ms step_avg:42.59ms
step:888/1480 train_time:37836ms step_avg:42.61ms
step:889/1480 train_time:37889ms step_avg:42.62ms
step:890/1480 train_time:37947ms step_avg:42.64ms
step:891/1480 train_time:38001ms step_avg:42.65ms
step:892/1480 train_time:38060ms step_avg:42.67ms
step:893/1480 train_time:38113ms step_avg:42.68ms
step:894/1480 train_time:38171ms step_avg:42.70ms
step:895/1480 train_time:38225ms step_avg:42.71ms
step:896/1480 train_time:38283ms step_avg:42.73ms
step:897/1480 train_time:38338ms step_avg:42.74ms
step:898/1480 train_time:38397ms step_avg:42.76ms
step:899/1480 train_time:38450ms step_avg:42.77ms
step:900/1480 train_time:38509ms step_avg:42.79ms
step:901/1480 train_time:38562ms step_avg:42.80ms
step:902/1480 train_time:38622ms step_avg:42.82ms
step:903/1480 train_time:38675ms step_avg:42.83ms
step:904/1480 train_time:38734ms step_avg:42.85ms
step:905/1480 train_time:38787ms step_avg:42.86ms
step:906/1480 train_time:38847ms step_avg:42.88ms
step:907/1480 train_time:38900ms step_avg:42.89ms
step:908/1480 train_time:38960ms step_avg:42.91ms
step:909/1480 train_time:39012ms step_avg:42.92ms
step:910/1480 train_time:39072ms step_avg:42.94ms
step:911/1480 train_time:39124ms step_avg:42.95ms
step:912/1480 train_time:39184ms step_avg:42.96ms
step:913/1480 train_time:39237ms step_avg:42.98ms
step:914/1480 train_time:39296ms step_avg:42.99ms
step:915/1480 train_time:39350ms step_avg:43.01ms
step:916/1480 train_time:39408ms step_avg:43.02ms
step:917/1480 train_time:39462ms step_avg:43.03ms
step:918/1480 train_time:39521ms step_avg:43.05ms
step:919/1480 train_time:39575ms step_avg:43.06ms
step:920/1480 train_time:39634ms step_avg:43.08ms
step:921/1480 train_time:39687ms step_avg:43.09ms
step:922/1480 train_time:39746ms step_avg:43.11ms
step:923/1480 train_time:39799ms step_avg:43.12ms
step:924/1480 train_time:39858ms step_avg:43.14ms
step:925/1480 train_time:39911ms step_avg:43.15ms
step:926/1480 train_time:39970ms step_avg:43.16ms
step:927/1480 train_time:40024ms step_avg:43.18ms
step:928/1480 train_time:40082ms step_avg:43.19ms
step:929/1480 train_time:40137ms step_avg:43.20ms
step:930/1480 train_time:40195ms step_avg:43.22ms
step:931/1480 train_time:40249ms step_avg:43.23ms
step:932/1480 train_time:40308ms step_avg:43.25ms
step:933/1480 train_time:40361ms step_avg:43.26ms
step:934/1480 train_time:40421ms step_avg:43.28ms
step:935/1480 train_time:40474ms step_avg:43.29ms
step:936/1480 train_time:40534ms step_avg:43.31ms
step:937/1480 train_time:40587ms step_avg:43.32ms
step:938/1480 train_time:40646ms step_avg:43.33ms
step:939/1480 train_time:40699ms step_avg:43.34ms
step:940/1480 train_time:40758ms step_avg:43.36ms
step:941/1480 train_time:40811ms step_avg:43.37ms
step:942/1480 train_time:40870ms step_avg:43.39ms
step:943/1480 train_time:40924ms step_avg:43.40ms
step:944/1480 train_time:40983ms step_avg:43.41ms
step:945/1480 train_time:41037ms step_avg:43.43ms
step:946/1480 train_time:41096ms step_avg:43.44ms
step:947/1480 train_time:41150ms step_avg:43.45ms
step:948/1480 train_time:41209ms step_avg:43.47ms
step:949/1480 train_time:41262ms step_avg:43.48ms
step:950/1480 train_time:41322ms step_avg:43.50ms
step:951/1480 train_time:41375ms step_avg:43.51ms
step:952/1480 train_time:41434ms step_avg:43.52ms
step:953/1480 train_time:41487ms step_avg:43.53ms
step:954/1480 train_time:41546ms step_avg:43.55ms
step:955/1480 train_time:41600ms step_avg:43.56ms
step:956/1480 train_time:41659ms step_avg:43.58ms
step:957/1480 train_time:41712ms step_avg:43.59ms
step:958/1480 train_time:41771ms step_avg:43.60ms
step:959/1480 train_time:41825ms step_avg:43.61ms
step:960/1480 train_time:41883ms step_avg:43.63ms
step:961/1480 train_time:41937ms step_avg:43.64ms
step:962/1480 train_time:42025ms step_avg:43.68ms
step:963/1480 train_time:42104ms step_avg:43.72ms
step:964/1480 train_time:42190ms step_avg:43.77ms
step:965/1480 train_time:42269ms step_avg:43.80ms
step:966/1480 train_time:42354ms step_avg:43.84ms
step:967/1480 train_time:42434ms step_avg:43.88ms
step:968/1480 train_time:42519ms step_avg:43.92ms
step:969/1480 train_time:42598ms step_avg:43.96ms
step:970/1480 train_time:42682ms step_avg:44.00ms
step:971/1480 train_time:42761ms step_avg:44.04ms
step:972/1480 train_time:42846ms step_avg:44.08ms
step:973/1480 train_time:42926ms step_avg:44.12ms
step:974/1480 train_time:43011ms step_avg:44.16ms
step:975/1480 train_time:43090ms step_avg:44.20ms
step:976/1480 train_time:43174ms step_avg:44.24ms
step:977/1480 train_time:43253ms step_avg:44.27ms
step:978/1480 train_time:43337ms step_avg:44.31ms
step:979/1480 train_time:43417ms step_avg:44.35ms
step:980/1480 train_time:43503ms step_avg:44.39ms
step:981/1480 train_time:43580ms step_avg:44.42ms
step:982/1480 train_time:43668ms step_avg:44.47ms
step:983/1480 train_time:43747ms step_avg:44.50ms
step:984/1480 train_time:43831ms step_avg:44.54ms
step:985/1480 train_time:43910ms step_avg:44.58ms
step:986/1480 train_time:43997ms step_avg:44.62ms
step:987/1480 train_time:44077ms step_avg:44.66ms
step:988/1480 train_time:44162ms step_avg:44.70ms
step:989/1480 train_time:44242ms step_avg:44.73ms
step:990/1480 train_time:44326ms step_avg:44.77ms
step:991/1480 train_time:44404ms step_avg:44.81ms
step:992/1480 train_time:44490ms step_avg:44.85ms
step:993/1480 train_time:44568ms step_avg:44.88ms
step:994/1480 train_time:44654ms step_avg:44.92ms
step:995/1480 train_time:44733ms step_avg:44.96ms
step:996/1480 train_time:44818ms step_avg:45.00ms
step:997/1480 train_time:44898ms step_avg:45.03ms
step:998/1480 train_time:44983ms step_avg:45.07ms
step:999/1480 train_time:45063ms step_avg:45.11ms
step:1000/1480 train_time:45148ms step_avg:45.15ms
step:1000/1480 val_loss:3.5084 train_time:45237ms step_avg:45.24ms
step:1001/1480 train_time:45253ms step_avg:45.21ms
step:1002/1480 train_time:45315ms step_avg:45.22ms
step:1003/1480 train_time:45396ms step_avg:45.26ms
step:1004/1480 train_time:45483ms step_avg:45.30ms
step:1005/1480 train_time:45563ms step_avg:45.34ms
step:1006/1480 train_time:45647ms step_avg:45.37ms
step:1007/1480 train_time:45726ms step_avg:45.41ms
step:1008/1480 train_time:45808ms step_avg:45.44ms
step:1009/1480 train_time:45887ms step_avg:45.48ms
step:1010/1480 train_time:45972ms step_avg:45.52ms
step:1011/1480 train_time:46051ms step_avg:45.55ms
step:1012/1480 train_time:46135ms step_avg:45.59ms
step:1013/1480 train_time:46215ms step_avg:45.62ms
step:1014/1480 train_time:46301ms step_avg:45.66ms
step:1015/1480 train_time:46382ms step_avg:45.70ms
step:1016/1480 train_time:46468ms step_avg:45.74ms
step:1017/1480 train_time:46547ms step_avg:45.77ms
step:1018/1480 train_time:46633ms step_avg:45.81ms
step:1019/1480 train_time:46712ms step_avg:45.84ms
step:1020/1480 train_time:46796ms step_avg:45.88ms
step:1021/1480 train_time:46874ms step_avg:45.91ms
step:1022/1480 train_time:46958ms step_avg:45.95ms
step:1023/1480 train_time:47036ms step_avg:45.98ms
step:1024/1480 train_time:47121ms step_avg:46.02ms
step:1025/1480 train_time:47201ms step_avg:46.05ms
step:1026/1480 train_time:47287ms step_avg:46.09ms
step:1027/1480 train_time:47367ms step_avg:46.12ms
step:1028/1480 train_time:47453ms step_avg:46.16ms
step:1029/1480 train_time:47532ms step_avg:46.19ms
step:1030/1480 train_time:47616ms step_avg:46.23ms
step:1031/1480 train_time:47696ms step_avg:46.26ms
step:1032/1480 train_time:47780ms step_avg:46.30ms
step:1033/1480 train_time:47859ms step_avg:46.33ms
step:1034/1480 train_time:47943ms step_avg:46.37ms
step:1035/1480 train_time:48022ms step_avg:46.40ms
step:1036/1480 train_time:48107ms step_avg:46.44ms
step:1037/1480 train_time:48187ms step_avg:46.47ms
step:1038/1480 train_time:48272ms step_avg:46.50ms
step:1039/1480 train_time:48351ms step_avg:46.54ms
step:1040/1480 train_time:48436ms step_avg:46.57ms
step:1041/1480 train_time:48518ms step_avg:46.61ms
step:1042/1480 train_time:48602ms step_avg:46.64ms
step:1043/1480 train_time:48682ms step_avg:46.68ms
step:1044/1480 train_time:48767ms step_avg:46.71ms
step:1045/1480 train_time:48846ms step_avg:46.74ms
step:1046/1480 train_time:48930ms step_avg:46.78ms
step:1047/1480 train_time:49008ms step_avg:46.81ms
step:1048/1480 train_time:49093ms step_avg:46.84ms
step:1049/1480 train_time:49173ms step_avg:46.88ms
step:1050/1480 train_time:49258ms step_avg:46.91ms
step:1051/1480 train_time:49337ms step_avg:46.94ms
step:1052/1480 train_time:49422ms step_avg:46.98ms
step:1053/1480 train_time:49502ms step_avg:47.01ms
step:1054/1480 train_time:49587ms step_avg:47.05ms
step:1055/1480 train_time:49667ms step_avg:47.08ms
step:1056/1480 train_time:49751ms step_avg:47.11ms
step:1057/1480 train_time:49830ms step_avg:47.14ms
step:1058/1480 train_time:49916ms step_avg:47.18ms
step:1059/1480 train_time:49995ms step_avg:47.21ms
step:1060/1480 train_time:50080ms step_avg:47.25ms
step:1061/1480 train_time:50160ms step_avg:47.28ms
step:1062/1480 train_time:50243ms step_avg:47.31ms
step:1063/1480 train_time:50323ms step_avg:47.34ms
step:1064/1480 train_time:50407ms step_avg:47.38ms
step:1065/1480 train_time:50487ms step_avg:47.41ms
step:1066/1480 train_time:50573ms step_avg:47.44ms
step:1067/1480 train_time:50653ms step_avg:47.47ms
step:1068/1480 train_time:50737ms step_avg:47.51ms
step:1069/1480 train_time:50816ms step_avg:47.54ms
step:1070/1480 train_time:50901ms step_avg:47.57ms
step:1071/1480 train_time:50980ms step_avg:47.60ms
step:1072/1480 train_time:51065ms step_avg:47.64ms
step:1073/1480 train_time:51143ms step_avg:47.66ms
step:1074/1480 train_time:51227ms step_avg:47.70ms
step:1075/1480 train_time:51307ms step_avg:47.73ms
step:1076/1480 train_time:51391ms step_avg:47.76ms
step:1077/1480 train_time:51473ms step_avg:47.79ms
step:1078/1480 train_time:51557ms step_avg:47.83ms
step:1079/1480 train_time:51636ms step_avg:47.86ms
step:1080/1480 train_time:51722ms step_avg:47.89ms
step:1081/1480 train_time:51802ms step_avg:47.92ms
step:1082/1480 train_time:51887ms step_avg:47.95ms
step:1083/1480 train_time:51966ms step_avg:47.98ms
step:1084/1480 train_time:52051ms step_avg:48.02ms
step:1085/1480 train_time:52130ms step_avg:48.05ms
step:1086/1480 train_time:52215ms step_avg:48.08ms
step:1087/1480 train_time:52295ms step_avg:48.11ms
step:1088/1480 train_time:52380ms step_avg:48.14ms
step:1089/1480 train_time:52460ms step_avg:48.17ms
step:1090/1480 train_time:52543ms step_avg:48.20ms
step:1091/1480 train_time:52624ms step_avg:48.23ms
step:1092/1480 train_time:52710ms step_avg:48.27ms
step:1093/1480 train_time:52788ms step_avg:48.30ms
step:1094/1480 train_time:52874ms step_avg:48.33ms
step:1095/1480 train_time:52952ms step_avg:48.36ms
step:1096/1480 train_time:53038ms step_avg:48.39ms
step:1097/1480 train_time:53116ms step_avg:48.42ms
step:1098/1480 train_time:53202ms step_avg:48.45ms
step:1099/1480 train_time:53282ms step_avg:48.48ms
step:1100/1480 train_time:53367ms step_avg:48.52ms
step:1101/1480 train_time:53447ms step_avg:48.54ms
step:1102/1480 train_time:53531ms step_avg:48.58ms
step:1103/1480 train_time:53609ms step_avg:48.60ms
step:1104/1480 train_time:53695ms step_avg:48.64ms
step:1105/1480 train_time:53775ms step_avg:48.67ms
step:1106/1480 train_time:53860ms step_avg:48.70ms
step:1107/1480 train_time:53939ms step_avg:48.73ms
step:1108/1480 train_time:54023ms step_avg:48.76ms
step:1109/1480 train_time:54104ms step_avg:48.79ms
step:1110/1480 train_time:54188ms step_avg:48.82ms
step:1111/1480 train_time:54267ms step_avg:48.85ms
step:1112/1480 train_time:54352ms step_avg:48.88ms
step:1113/1480 train_time:54431ms step_avg:48.90ms
step:1114/1480 train_time:54515ms step_avg:48.94ms
step:1115/1480 train_time:54594ms step_avg:48.96ms
step:1116/1480 train_time:54679ms step_avg:49.00ms
step:1117/1480 train_time:54760ms step_avg:49.02ms
step:1118/1480 train_time:54844ms step_avg:49.06ms
step:1119/1480 train_time:54923ms step_avg:49.08ms
step:1120/1480 train_time:55007ms step_avg:49.11ms
step:1121/1480 train_time:55087ms step_avg:49.14ms
step:1122/1480 train_time:55172ms step_avg:49.17ms
step:1123/1480 train_time:55251ms step_avg:49.20ms
step:1124/1480 train_time:55334ms step_avg:49.23ms
step:1125/1480 train_time:55414ms step_avg:49.26ms
step:1126/1480 train_time:55498ms step_avg:49.29ms
step:1127/1480 train_time:55577ms step_avg:49.31ms
step:1128/1480 train_time:55664ms step_avg:49.35ms
step:1129/1480 train_time:55743ms step_avg:49.37ms
step:1130/1480 train_time:55827ms step_avg:49.40ms
step:1131/1480 train_time:55908ms step_avg:49.43ms
step:1132/1480 train_time:55993ms step_avg:49.46ms
step:1133/1480 train_time:56072ms step_avg:49.49ms
step:1134/1480 train_time:56156ms step_avg:49.52ms
step:1135/1480 train_time:56236ms step_avg:49.55ms
step:1136/1480 train_time:56321ms step_avg:49.58ms
step:1137/1480 train_time:56400ms step_avg:49.60ms
step:1138/1480 train_time:56486ms step_avg:49.64ms
step:1139/1480 train_time:56565ms step_avg:49.66ms
step:1140/1480 train_time:56649ms step_avg:49.69ms
step:1141/1480 train_time:56728ms step_avg:49.72ms
step:1142/1480 train_time:56814ms step_avg:49.75ms
step:1143/1480 train_time:56893ms step_avg:49.78ms
step:1144/1480 train_time:56977ms step_avg:49.81ms
step:1145/1480 train_time:57056ms step_avg:49.83ms
step:1146/1480 train_time:57141ms step_avg:49.86ms
step:1147/1480 train_time:57222ms step_avg:49.89ms
step:1148/1480 train_time:57305ms step_avg:49.92ms
step:1149/1480 train_time:57385ms step_avg:49.94ms
step:1150/1480 train_time:57472ms step_avg:49.98ms
step:1151/1480 train_time:57551ms step_avg:50.00ms
step:1152/1480 train_time:57636ms step_avg:50.03ms
step:1153/1480 train_time:57715ms step_avg:50.06ms
step:1154/1480 train_time:57800ms step_avg:50.09ms
step:1155/1480 train_time:57881ms step_avg:50.11ms
step:1156/1480 train_time:57966ms step_avg:50.14ms
step:1157/1480 train_time:58045ms step_avg:50.17ms
step:1158/1480 train_time:58131ms step_avg:50.20ms
step:1159/1480 train_time:58210ms step_avg:50.22ms
step:1160/1480 train_time:58294ms step_avg:50.25ms
step:1161/1480 train_time:58374ms step_avg:50.28ms
step:1162/1480 train_time:58459ms step_avg:50.31ms
step:1163/1480 train_time:58539ms step_avg:50.33ms
step:1164/1480 train_time:58623ms step_avg:50.36ms
step:1165/1480 train_time:58702ms step_avg:50.39ms
step:1166/1480 train_time:58786ms step_avg:50.42ms
step:1167/1480 train_time:58865ms step_avg:50.44ms
step:1168/1480 train_time:58951ms step_avg:50.47ms
step:1169/1480 train_time:59030ms step_avg:50.50ms
step:1170/1480 train_time:59115ms step_avg:50.53ms
step:1171/1480 train_time:59193ms step_avg:50.55ms
step:1172/1480 train_time:59278ms step_avg:50.58ms
step:1173/1480 train_time:59358ms step_avg:50.60ms
step:1174/1480 train_time:59443ms step_avg:50.63ms
step:1175/1480 train_time:59523ms step_avg:50.66ms
step:1176/1480 train_time:59607ms step_avg:50.69ms
step:1177/1480 train_time:59687ms step_avg:50.71ms
step:1178/1480 train_time:59774ms step_avg:50.74ms
step:1179/1480 train_time:59853ms step_avg:50.77ms
step:1180/1480 train_time:59936ms step_avg:50.79ms
step:1181/1480 train_time:60016ms step_avg:50.82ms
step:1182/1480 train_time:60101ms step_avg:50.85ms
step:1183/1480 train_time:60182ms step_avg:50.87ms
step:1184/1480 train_time:60267ms step_avg:50.90ms
step:1185/1480 train_time:60346ms step_avg:50.92ms
step:1186/1480 train_time:60430ms step_avg:50.95ms
step:1187/1480 train_time:60509ms step_avg:50.98ms
step:1188/1480 train_time:60595ms step_avg:51.01ms
step:1189/1480 train_time:60676ms step_avg:51.03ms
step:1190/1480 train_time:60762ms step_avg:51.06ms
step:1191/1480 train_time:60841ms step_avg:51.08ms
step:1192/1480 train_time:60926ms step_avg:51.11ms
step:1193/1480 train_time:61005ms step_avg:51.14ms
step:1194/1480 train_time:61090ms step_avg:51.16ms
step:1195/1480 train_time:61171ms step_avg:51.19ms
step:1196/1480 train_time:61255ms step_avg:51.22ms
step:1197/1480 train_time:61335ms step_avg:51.24ms
step:1198/1480 train_time:61419ms step_avg:51.27ms
step:1199/1480 train_time:61498ms step_avg:51.29ms
step:1200/1480 train_time:61584ms step_avg:51.32ms
step:1201/1480 train_time:61664ms step_avg:51.34ms
step:1202/1480 train_time:61748ms step_avg:51.37ms
step:1203/1480 train_time:61828ms step_avg:51.39ms
step:1204/1480 train_time:61913ms step_avg:51.42ms
step:1205/1480 train_time:61992ms step_avg:51.45ms
step:1206/1480 train_time:62077ms step_avg:51.47ms
step:1207/1480 train_time:62156ms step_avg:51.50ms
step:1208/1480 train_time:62239ms step_avg:51.52ms
step:1209/1480 train_time:62319ms step_avg:51.55ms
step:1210/1480 train_time:62403ms step_avg:51.57ms
step:1211/1480 train_time:62483ms step_avg:51.60ms
step:1212/1480 train_time:62570ms step_avg:51.63ms
step:1213/1480 train_time:62649ms step_avg:51.65ms
step:1214/1480 train_time:62733ms step_avg:51.67ms
step:1215/1480 train_time:62812ms step_avg:51.70ms
step:1216/1480 train_time:62896ms step_avg:51.72ms
step:1217/1480 train_time:62976ms step_avg:51.75ms
step:1218/1480 train_time:63062ms step_avg:51.77ms
step:1219/1480 train_time:63141ms step_avg:51.80ms
step:1220/1480 train_time:63227ms step_avg:51.83ms
step:1221/1480 train_time:63307ms step_avg:51.85ms
step:1222/1480 train_time:63391ms step_avg:51.87ms
step:1223/1480 train_time:63472ms step_avg:51.90ms
step:1224/1480 train_time:63557ms step_avg:51.93ms
step:1225/1480 train_time:63635ms step_avg:51.95ms
step:1226/1480 train_time:63719ms step_avg:51.97ms
step:1227/1480 train_time:63799ms step_avg:52.00ms
step:1228/1480 train_time:63884ms step_avg:52.02ms
step:1229/1480 train_time:63962ms step_avg:52.04ms
step:1230/1480 train_time:64046ms step_avg:52.07ms
step:1231/1480 train_time:64126ms step_avg:52.09ms
step:1232/1480 train_time:64211ms step_avg:52.12ms
step:1233/1480 train_time:64290ms step_avg:52.14ms
step:1234/1480 train_time:64376ms step_avg:52.17ms
step:1235/1480 train_time:64454ms step_avg:52.19ms
step:1236/1480 train_time:64538ms step_avg:52.22ms
step:1237/1480 train_time:64619ms step_avg:52.24ms
step:1238/1480 train_time:64702ms step_avg:52.26ms
step:1239/1480 train_time:64782ms step_avg:52.29ms
step:1240/1480 train_time:64868ms step_avg:52.31ms
step:1241/1480 train_time:64946ms step_avg:52.33ms
step:1242/1480 train_time:65032ms step_avg:52.36ms
step:1243/1480 train_time:65110ms step_avg:52.38ms
step:1244/1480 train_time:65195ms step_avg:52.41ms
step:1245/1480 train_time:65275ms step_avg:52.43ms
step:1246/1480 train_time:65360ms step_avg:52.46ms
step:1247/1480 train_time:65440ms step_avg:52.48ms
step:1248/1480 train_time:65524ms step_avg:52.50ms
step:1249/1480 train_time:65604ms step_avg:52.52ms
step:1250/1480 train_time:65689ms step_avg:52.55ms
step:1250/1480 val_loss:3.3667 train_time:65778ms step_avg:52.62ms
step:1251/1480 train_time:65795ms step_avg:52.59ms
step:1252/1480 train_time:65855ms step_avg:52.60ms
step:1253/1480 train_time:65941ms step_avg:52.63ms
step:1254/1480 train_time:66026ms step_avg:52.65ms
step:1255/1480 train_time:66108ms step_avg:52.68ms
step:1256/1480 train_time:66192ms step_avg:52.70ms
step:1257/1480 train_time:66270ms step_avg:52.72ms
step:1258/1480 train_time:66354ms step_avg:52.75ms
step:1259/1480 train_time:66433ms step_avg:52.77ms
step:1260/1480 train_time:66516ms step_avg:52.79ms
step:1261/1480 train_time:66595ms step_avg:52.81ms
step:1262/1480 train_time:66680ms step_avg:52.84ms
step:1263/1480 train_time:66759ms step_avg:52.86ms
step:1264/1480 train_time:66845ms step_avg:52.88ms
step:1265/1480 train_time:66929ms step_avg:52.91ms
step:1266/1480 train_time:67016ms step_avg:52.94ms
step:1267/1480 train_time:67095ms step_avg:52.96ms
step:1268/1480 train_time:67180ms step_avg:52.98ms
step:1269/1480 train_time:67259ms step_avg:53.00ms
step:1270/1480 train_time:67344ms step_avg:53.03ms
step:1271/1480 train_time:67422ms step_avg:53.05ms
step:1272/1480 train_time:67506ms step_avg:53.07ms
step:1273/1480 train_time:67585ms step_avg:53.09ms
step:1274/1480 train_time:67669ms step_avg:53.12ms
step:1275/1480 train_time:67749ms step_avg:53.14ms
step:1276/1480 train_time:67835ms step_avg:53.16ms
step:1277/1480 train_time:67916ms step_avg:53.18ms
step:1278/1480 train_time:68003ms step_avg:53.21ms
step:1279/1480 train_time:68082ms step_avg:53.23ms
step:1280/1480 train_time:68166ms step_avg:53.25ms
step:1281/1480 train_time:68246ms step_avg:53.28ms
step:1282/1480 train_time:68330ms step_avg:53.30ms
step:1283/1480 train_time:68409ms step_avg:53.32ms
step:1284/1480 train_time:68494ms step_avg:53.34ms
step:1285/1480 train_time:68572ms step_avg:53.36ms
step:1286/1480 train_time:68655ms step_avg:53.39ms
step:1287/1480 train_time:68734ms step_avg:53.41ms
step:1288/1480 train_time:68821ms step_avg:53.43ms
step:1289/1480 train_time:68902ms step_avg:53.45ms
step:1290/1480 train_time:68986ms step_avg:53.48ms
step:1291/1480 train_time:69065ms step_avg:53.50ms
step:1292/1480 train_time:69152ms step_avg:53.52ms
step:1293/1480 train_time:69230ms step_avg:53.54ms
step:1294/1480 train_time:69315ms step_avg:53.57ms
step:1295/1480 train_time:69395ms step_avg:53.59ms
step:1296/1480 train_time:69478ms step_avg:53.61ms
step:1297/1480 train_time:69556ms step_avg:53.63ms
step:1298/1480 train_time:69643ms step_avg:53.65ms
step:1299/1480 train_time:69721ms step_avg:53.67ms
step:1300/1480 train_time:69807ms step_avg:53.70ms
step:1301/1480 train_time:69889ms step_avg:53.72ms
step:1302/1480 train_time:69973ms step_avg:53.74ms
step:1303/1480 train_time:70054ms step_avg:53.76ms
step:1304/1480 train_time:70139ms step_avg:53.79ms
step:1305/1480 train_time:70218ms step_avg:53.81ms
step:1306/1480 train_time:70303ms step_avg:53.83ms
step:1307/1480 train_time:70381ms step_avg:53.85ms
step:1308/1480 train_time:70467ms step_avg:53.87ms
step:1309/1480 train_time:70546ms step_avg:53.89ms
step:1310/1480 train_time:70631ms step_avg:53.92ms
step:1311/1480 train_time:70711ms step_avg:53.94ms
step:1312/1480 train_time:70795ms step_avg:53.96ms
step:1313/1480 train_time:70874ms step_avg:53.98ms
step:1314/1480 train_time:70959ms step_avg:54.00ms
step:1315/1480 train_time:71037ms step_avg:54.02ms
step:1316/1480 train_time:71123ms step_avg:54.04ms
step:1317/1480 train_time:71202ms step_avg:54.06ms
step:1318/1480 train_time:71288ms step_avg:54.09ms
step:1319/1480 train_time:71368ms step_avg:54.11ms
step:1320/1480 train_time:71453ms step_avg:54.13ms
step:1321/1480 train_time:71532ms step_avg:54.15ms
step:1322/1480 train_time:71617ms step_avg:54.17ms
step:1323/1480 train_time:71696ms step_avg:54.19ms
step:1324/1480 train_time:71782ms step_avg:54.22ms
step:1325/1480 train_time:71860ms step_avg:54.23ms
step:1326/1480 train_time:71945ms step_avg:54.26ms
step:1327/1480 train_time:72025ms step_avg:54.28ms
step:1328/1480 train_time:72111ms step_avg:54.30ms
step:1329/1480 train_time:72191ms step_avg:54.32ms
step:1330/1480 train_time:72275ms step_avg:54.34ms
step:1331/1480 train_time:72355ms step_avg:54.36ms
step:1332/1480 train_time:72441ms step_avg:54.38ms
step:1333/1480 train_time:72521ms step_avg:54.40ms
step:1334/1480 train_time:72606ms step_avg:54.43ms
step:1335/1480 train_time:72685ms step_avg:54.45ms
step:1336/1480 train_time:72769ms step_avg:54.47ms
step:1337/1480 train_time:72850ms step_avg:54.49ms
step:1338/1480 train_time:72936ms step_avg:54.51ms
step:1339/1480 train_time:73016ms step_avg:54.53ms
step:1340/1480 train_time:73102ms step_avg:54.55ms
step:1341/1480 train_time:73181ms step_avg:54.57ms
step:1342/1480 train_time:73265ms step_avg:54.59ms
step:1343/1480 train_time:73345ms step_avg:54.61ms
step:1344/1480 train_time:73430ms step_avg:54.64ms
step:1345/1480 train_time:73509ms step_avg:54.65ms
step:1346/1480 train_time:73594ms step_avg:54.68ms
step:1347/1480 train_time:73673ms step_avg:54.69ms
step:1348/1480 train_time:73757ms step_avg:54.72ms
step:1349/1480 train_time:73838ms step_avg:54.74ms
step:1350/1480 train_time:73923ms step_avg:54.76ms
step:1351/1480 train_time:74003ms step_avg:54.78ms
step:1352/1480 train_time:74087ms step_avg:54.80ms
step:1353/1480 train_time:74167ms step_avg:54.82ms
step:1354/1480 train_time:74251ms step_avg:54.84ms
step:1355/1480 train_time:74330ms step_avg:54.86ms
step:1356/1480 train_time:74415ms step_avg:54.88ms
step:1357/1480 train_time:74495ms step_avg:54.90ms
step:1358/1480 train_time:74579ms step_avg:54.92ms
step:1359/1480 train_time:74658ms step_avg:54.94ms
step:1360/1480 train_time:74743ms step_avg:54.96ms
step:1361/1480 train_time:74822ms step_avg:54.98ms
step:1362/1480 train_time:74909ms step_avg:55.00ms
step:1363/1480 train_time:74989ms step_avg:55.02ms
step:1364/1480 train_time:75073ms step_avg:55.04ms
step:1365/1480 train_time:75152ms step_avg:55.06ms
step:1366/1480 train_time:75237ms step_avg:55.08ms
step:1367/1480 train_time:75317ms step_avg:55.10ms
step:1368/1480 train_time:75402ms step_avg:55.12ms
step:1369/1480 train_time:75482ms step_avg:55.14ms
step:1370/1480 train_time:75566ms step_avg:55.16ms
step:1371/1480 train_time:75645ms step_avg:55.17ms
step:1372/1480 train_time:75729ms step_avg:55.20ms
step:1373/1480 train_time:75809ms step_avg:55.21ms
step:1374/1480 train_time:75893ms step_avg:55.24ms
step:1375/1480 train_time:75972ms step_avg:55.25ms
step:1376/1480 train_time:76055ms step_avg:55.27ms
step:1377/1480 train_time:76137ms step_avg:55.29ms
step:1378/1480 train_time:76220ms step_avg:55.31ms
step:1379/1480 train_time:76301ms step_avg:55.33ms
step:1380/1480 train_time:76385ms step_avg:55.35ms
step:1381/1480 train_time:76464ms step_avg:55.37ms
step:1382/1480 train_time:76549ms step_avg:55.39ms
step:1383/1480 train_time:76629ms step_avg:55.41ms
step:1384/1480 train_time:76713ms step_avg:55.43ms
step:1385/1480 train_time:76794ms step_avg:55.45ms
step:1386/1480 train_time:76878ms step_avg:55.47ms
step:1387/1480 train_time:76956ms step_avg:55.48ms
step:1388/1480 train_time:77041ms step_avg:55.51ms
step:1389/1480 train_time:77121ms step_avg:55.52ms
step:1390/1480 train_time:77205ms step_avg:55.54ms
step:1391/1480 train_time:77285ms step_avg:55.56ms
step:1392/1480 train_time:77370ms step_avg:55.58ms
step:1393/1480 train_time:77450ms step_avg:55.60ms
step:1394/1480 train_time:77536ms step_avg:55.62ms
step:1395/1480 train_time:77615ms step_avg:55.64ms
step:1396/1480 train_time:77700ms step_avg:55.66ms
step:1397/1480 train_time:77778ms step_avg:55.68ms
step:1398/1480 train_time:77863ms step_avg:55.70ms
step:1399/1480 train_time:77943ms step_avg:55.71ms
step:1400/1480 train_time:78027ms step_avg:55.73ms
step:1401/1480 train_time:78107ms step_avg:55.75ms
step:1402/1480 train_time:78192ms step_avg:55.77ms
step:1403/1480 train_time:78270ms step_avg:55.79ms
step:1404/1480 train_time:78355ms step_avg:55.81ms
step:1405/1480 train_time:78435ms step_avg:55.83ms
step:1406/1480 train_time:78519ms step_avg:55.85ms
step:1407/1480 train_time:78599ms step_avg:55.86ms
step:1408/1480 train_time:78685ms step_avg:55.88ms
step:1409/1480 train_time:78764ms step_avg:55.90ms
step:1410/1480 train_time:78849ms step_avg:55.92ms
step:1411/1480 train_time:78928ms step_avg:55.94ms
step:1412/1480 train_time:79013ms step_avg:55.96ms
step:1413/1480 train_time:79093ms step_avg:55.98ms
step:1414/1480 train_time:79177ms step_avg:55.99ms
step:1415/1480 train_time:79255ms step_avg:56.01ms
step:1416/1480 train_time:79341ms step_avg:56.03ms
step:1417/1480 train_time:79421ms step_avg:56.05ms
step:1418/1480 train_time:79505ms step_avg:56.07ms
step:1419/1480 train_time:79584ms step_avg:56.08ms
step:1420/1480 train_time:79668ms step_avg:56.10ms
step:1421/1480 train_time:79749ms step_avg:56.12ms
step:1422/1480 train_time:79834ms step_avg:56.14ms
step:1423/1480 train_time:79912ms step_avg:56.16ms
step:1424/1480 train_time:79998ms step_avg:56.18ms
step:1425/1480 train_time:80077ms step_avg:56.19ms
step:1426/1480 train_time:80161ms step_avg:56.21ms
step:1427/1480 train_time:80241ms step_avg:56.23ms
step:1428/1480 train_time:80326ms step_avg:56.25ms
step:1429/1480 train_time:80405ms step_avg:56.27ms
step:1430/1480 train_time:80490ms step_avg:56.29ms
step:1431/1480 train_time:80569ms step_avg:56.30ms
step:1432/1480 train_time:80652ms step_avg:56.32ms
step:1433/1480 train_time:80733ms step_avg:56.34ms
step:1434/1480 train_time:80817ms step_avg:56.36ms
step:1435/1480 train_time:80897ms step_avg:56.37ms
step:1436/1480 train_time:80981ms step_avg:56.39ms
step:1437/1480 train_time:81061ms step_avg:56.41ms
step:1438/1480 train_time:81145ms step_avg:56.43ms
step:1439/1480 train_time:81224ms step_avg:56.44ms
step:1440/1480 train_time:81309ms step_avg:56.46ms
step:1441/1480 train_time:81391ms step_avg:56.48ms
step:1442/1480 train_time:81480ms step_avg:56.50ms
step:1443/1480 train_time:81558ms step_avg:56.52ms
step:1444/1480 train_time:81643ms step_avg:56.54ms
step:1445/1480 train_time:81723ms step_avg:56.56ms
step:1446/1480 train_time:81809ms step_avg:56.58ms
step:1447/1480 train_time:81889ms step_avg:56.59ms
step:1448/1480 train_time:81974ms step_avg:56.61ms
step:1449/1480 train_time:82054ms step_avg:56.63ms
step:1450/1480 train_time:82139ms step_avg:56.65ms
step:1451/1480 train_time:82219ms step_avg:56.66ms
step:1452/1480 train_time:82304ms step_avg:56.68ms
step:1453/1480 train_time:82385ms step_avg:56.70ms
step:1454/1480 train_time:82469ms step_avg:56.72ms
step:1455/1480 train_time:82550ms step_avg:56.74ms
step:1456/1480 train_time:82635ms step_avg:56.76ms
step:1457/1480 train_time:82716ms step_avg:56.77ms
step:1458/1480 train_time:82801ms step_avg:56.79ms
step:1459/1480 train_time:82880ms step_avg:56.81ms
step:1460/1480 train_time:82965ms step_avg:56.83ms
step:1461/1480 train_time:83045ms step_avg:56.84ms
step:1462/1480 train_time:83131ms step_avg:56.86ms
step:1463/1480 train_time:83212ms step_avg:56.88ms
step:1464/1480 train_time:83298ms step_avg:56.90ms
step:1465/1480 train_time:83378ms step_avg:56.91ms
step:1466/1480 train_time:83463ms step_avg:56.93ms
step:1467/1480 train_time:83543ms step_avg:56.95ms
step:1468/1480 train_time:83629ms step_avg:56.97ms
step:1469/1480 train_time:83708ms step_avg:56.98ms
step:1470/1480 train_time:83794ms step_avg:57.00ms
step:1471/1480 train_time:83873ms step_avg:57.02ms
step:1472/1480 train_time:83957ms step_avg:57.04ms
step:1473/1480 train_time:84036ms step_avg:57.05ms
step:1474/1480 train_time:84121ms step_avg:57.07ms
step:1475/1480 train_time:84201ms step_avg:57.09ms
step:1476/1480 train_time:84286ms step_avg:57.10ms
step:1477/1480 train_time:84365ms step_avg:57.12ms
step:1478/1480 train_time:84451ms step_avg:57.14ms
step:1479/1480 train_time:84531ms step_avg:57.15ms
step:1480/1480 train_time:84617ms step_avg:57.17ms
step:1480/1480 val_loss:3.2784 train_time:84707ms step_avg:57.23ms
peak memory allocated: 31312 MiB reserved: 45708 MiB
