[Gloo] Rank 0 is connected to 0 peer ranks. Expected number of connected peer ranks is : 0
Fetching 4 files:   0%|          | 0/4 [00:00<?, ?it/s]Warning: You are sending unauthenticated requests to the HF Hub. Please set a HF_TOKEN to enable higher rate limits and faster downloads.
Fetching 4 files:  25%|██▌       | 1/4 [00:04<00:13,  4.55s/it]Fetching 4 files: 100%|██████████| 4/4 [00:04<00:00,  1.14s/it]
logs/200f5043-6637-48c2-9060-d4bd782c9605.txt
Compiling model and warming up kernels (~7 minutes on first execution)
Sampling steps [0, 1, 478, 479, 480, 481, 958, 959, 960, 961, 1438, 1439, 1440, 1441] for warmup
Resetting Model
step:0/1480 val_loss:10.8280 train_time:0ms step_avg:0.04ms
step:1/1480 train_time:344ms step_avg:344.15ms
step:2/1480 train_time:687ms step_avg:343.37ms
step:3/1480 train_time:1037ms step_avg:345.78ms
step:4/1480 train_time:1389ms step_avg:347.27ms
step:5/1480 train_time:1734ms step_avg:346.82ms
step:6/1480 train_time:2083ms step_avg:347.09ms
step:7/1480 train_time:2433ms step_avg:347.54ms
step:8/1480 train_time:2780ms step_avg:347.51ms
step:9/1480 train_time:3130ms step_avg:347.82ms
step:10/1480 train_time:3479ms step_avg:347.89ms
step:11/1480 train_time:3832ms step_avg:348.33ms
step:12/1480 train_time:4183ms step_avg:348.62ms
step:13/1480 train_time:4534ms step_avg:348.76ms
step:14/1480 train_time:4883ms step_avg:348.81ms
step:15/1480 train_time:5235ms step_avg:349.03ms
step:16/1480 train_time:5586ms step_avg:349.11ms
step:17/1480 train_time:5937ms step_avg:349.24ms
step:18/1480 train_time:6288ms step_avg:349.33ms
step:19/1480 train_time:6640ms step_avg:349.46ms
step:20/1480 train_time:6996ms step_avg:349.80ms
step:21/1480 train_time:7342ms step_avg:349.63ms
step:22/1480 train_time:7693ms step_avg:349.69ms
step:23/1480 train_time:8047ms step_avg:349.87ms
step:24/1480 train_time:8393ms step_avg:349.73ms
step:25/1480 train_time:8746ms step_avg:349.86ms
step:26/1480 train_time:9096ms step_avg:349.86ms
step:27/1480 train_time:9449ms step_avg:349.98ms
step:28/1480 train_time:9798ms step_avg:349.94ms
step:29/1480 train_time:10151ms step_avg:350.03ms
step:30/1480 train_time:10500ms step_avg:350.00ms
step:31/1480 train_time:10853ms step_avg:350.09ms
step:32/1480 train_time:11202ms step_avg:350.05ms
step:33/1480 train_time:11554ms step_avg:350.12ms
step:34/1480 train_time:11906ms step_avg:350.17ms
step:35/1480 train_time:12257ms step_avg:350.20ms
step:36/1480 train_time:12607ms step_avg:350.19ms
step:37/1480 train_time:12959ms step_avg:350.23ms
step:38/1480 train_time:13309ms step_avg:350.25ms
step:39/1480 train_time:13660ms step_avg:350.25ms
step:40/1480 train_time:14010ms step_avg:350.25ms
step:41/1480 train_time:14362ms step_avg:350.28ms
step:42/1480 train_time:14714ms step_avg:350.34ms
step:43/1480 train_time:15065ms step_avg:350.35ms
step:44/1480 train_time:15414ms step_avg:350.32ms
step:45/1480 train_time:15767ms step_avg:350.37ms
step:46/1480 train_time:16117ms step_avg:350.36ms
step:47/1480 train_time:16470ms step_avg:350.43ms
step:48/1480 train_time:16821ms step_avg:350.44ms
step:49/1480 train_time:17174ms step_avg:350.49ms
step:50/1480 train_time:17525ms step_avg:350.50ms
step:51/1480 train_time:17877ms step_avg:350.53ms
step:52/1480 train_time:18228ms step_avg:350.54ms
step:53/1480 train_time:18582ms step_avg:350.60ms
step:54/1480 train_time:18929ms step_avg:350.54ms
step:55/1480 train_time:19280ms step_avg:350.55ms
step:56/1480 train_time:19631ms step_avg:350.55ms
step:57/1480 train_time:19982ms step_avg:350.57ms
step:58/1480 train_time:20334ms step_avg:350.59ms
step:59/1480 train_time:20687ms step_avg:350.62ms
step:60/1480 train_time:21038ms step_avg:350.63ms
step:61/1480 train_time:21390ms step_avg:350.66ms
step:62/1480 train_time:21740ms step_avg:350.64ms
step:63/1480 train_time:22092ms step_avg:350.67ms
step:64/1480 train_time:22444ms step_avg:350.69ms
step:65/1480 train_time:22794ms step_avg:350.67ms
step:66/1480 train_time:23144ms step_avg:350.67ms
step:67/1480 train_time:23498ms step_avg:350.71ms
step:68/1480 train_time:23849ms step_avg:350.72ms
step:69/1480 train_time:24199ms step_avg:350.71ms
step:70/1480 train_time:24551ms step_avg:350.73ms
step:71/1480 train_time:24903ms step_avg:350.75ms
step:72/1480 train_time:25254ms step_avg:350.75ms
step:73/1480 train_time:25607ms step_avg:350.79ms
step:74/1480 train_time:25957ms step_avg:350.77ms
step:75/1480 train_time:26310ms step_avg:350.80ms
step:76/1480 train_time:26662ms step_avg:350.81ms
step:77/1480 train_time:27013ms step_avg:350.82ms
step:78/1480 train_time:27364ms step_avg:350.82ms
step:79/1480 train_time:27716ms step_avg:350.83ms
step:80/1480 train_time:28067ms step_avg:350.84ms
step:81/1480 train_time:28419ms step_avg:350.85ms
step:82/1480 train_time:28770ms step_avg:350.86ms
step:83/1480 train_time:29122ms step_avg:350.87ms
step:84/1480 train_time:29474ms step_avg:350.88ms
step:85/1480 train_time:29827ms step_avg:350.91ms
step:86/1480 train_time:30177ms step_avg:350.89ms
step:87/1480 train_time:30529ms step_avg:350.91ms
step:88/1480 train_time:30880ms step_avg:350.91ms
step:89/1480 train_time:31232ms step_avg:350.93ms
step:90/1480 train_time:31586ms step_avg:350.95ms
step:91/1480 train_time:31936ms step_avg:350.94ms
step:92/1480 train_time:32286ms step_avg:350.94ms
step:93/1480 train_time:32639ms step_avg:350.95ms
step:94/1480 train_time:32991ms step_avg:350.97ms
step:95/1480 train_time:33342ms step_avg:350.97ms
step:96/1480 train_time:33695ms step_avg:350.99ms
step:97/1480 train_time:34048ms step_avg:351.01ms
step:98/1480 train_time:34398ms step_avg:351.00ms
step:99/1480 train_time:34752ms step_avg:351.03ms
step:100/1480 train_time:35103ms step_avg:351.03ms
step:101/1480 train_time:35455ms step_avg:351.04ms
step:102/1480 train_time:35807ms step_avg:351.05ms
step:103/1480 train_time:36160ms step_avg:351.07ms
step:104/1480 train_time:36512ms step_avg:351.07ms
step:105/1480 train_time:36866ms step_avg:351.10ms
step:106/1480 train_time:37218ms step_avg:351.11ms
step:107/1480 train_time:37571ms step_avg:351.13ms
step:108/1480 train_time:37922ms step_avg:351.13ms
step:109/1480 train_time:38275ms step_avg:351.15ms
step:110/1480 train_time:38626ms step_avg:351.15ms
step:111/1480 train_time:38979ms step_avg:351.16ms
step:112/1480 train_time:39333ms step_avg:351.18ms
step:113/1480 train_time:39685ms step_avg:351.19ms
step:114/1480 train_time:40037ms step_avg:351.20ms
step:115/1480 train_time:40391ms step_avg:351.23ms
step:116/1480 train_time:40742ms step_avg:351.22ms
step:117/1480 train_time:41093ms step_avg:351.22ms
step:118/1480 train_time:41446ms step_avg:351.24ms
step:119/1480 train_time:41798ms step_avg:351.25ms
step:120/1480 train_time:42152ms step_avg:351.26ms
step:121/1480 train_time:42505ms step_avg:351.28ms
step:122/1480 train_time:42857ms step_avg:351.28ms
step:123/1480 train_time:43211ms step_avg:351.31ms
step:124/1480 train_time:43561ms step_avg:351.30ms
step:125/1480 train_time:43913ms step_avg:351.31ms
step:126/1480 train_time:44266ms step_avg:351.32ms
step:127/1480 train_time:44620ms step_avg:351.34ms
step:128/1480 train_time:44970ms step_avg:351.33ms
step:129/1480 train_time:45322ms step_avg:351.33ms
step:130/1480 train_time:45674ms step_avg:351.34ms
step:131/1480 train_time:46027ms step_avg:351.35ms
step:132/1480 train_time:46378ms step_avg:351.35ms
step:133/1480 train_time:46732ms step_avg:351.37ms
step:134/1480 train_time:47086ms step_avg:351.38ms
step:135/1480 train_time:47438ms step_avg:351.39ms
step:136/1480 train_time:47789ms step_avg:351.39ms
step:137/1480 train_time:48141ms step_avg:351.40ms
step:138/1480 train_time:48495ms step_avg:351.41ms
step:139/1480 train_time:48848ms step_avg:351.43ms
step:140/1480 train_time:49198ms step_avg:351.41ms
step:141/1480 train_time:49552ms step_avg:351.43ms
step:142/1480 train_time:49903ms step_avg:351.43ms
step:143/1480 train_time:50255ms step_avg:351.43ms
step:144/1480 train_time:50609ms step_avg:351.45ms
step:145/1480 train_time:50960ms step_avg:351.45ms
step:146/1480 train_time:51312ms step_avg:351.45ms
step:147/1480 train_time:51666ms step_avg:351.47ms
step:148/1480 train_time:52016ms step_avg:351.46ms
step:149/1480 train_time:52368ms step_avg:351.47ms
step:150/1480 train_time:52720ms step_avg:351.47ms
step:151/1480 train_time:53073ms step_avg:351.48ms
step:152/1480 train_time:53425ms step_avg:351.48ms
step:153/1480 train_time:53779ms step_avg:351.49ms
step:154/1480 train_time:54130ms step_avg:351.49ms
step:155/1480 train_time:54483ms step_avg:351.50ms
step:156/1480 train_time:54835ms step_avg:351.50ms
step:157/1480 train_time:55187ms step_avg:351.51ms
step:158/1480 train_time:55538ms step_avg:351.50ms
step:159/1480 train_time:55892ms step_avg:351.52ms
step:160/1480 train_time:56242ms step_avg:351.51ms
step:161/1480 train_time:56595ms step_avg:351.52ms
step:162/1480 train_time:56947ms step_avg:351.53ms
step:163/1480 train_time:57299ms step_avg:351.53ms
step:164/1480 train_time:57651ms step_avg:351.53ms
step:165/1480 train_time:58005ms step_avg:351.55ms
step:166/1480 train_time:58356ms step_avg:351.54ms
step:167/1480 train_time:58711ms step_avg:351.56ms
step:168/1480 train_time:59064ms step_avg:351.57ms
step:169/1480 train_time:59417ms step_avg:351.58ms
step:170/1480 train_time:59770ms step_avg:351.59ms
step:171/1480 train_time:60122ms step_avg:351.59ms
step:172/1480 train_time:60473ms step_avg:351.59ms
step:173/1480 train_time:60827ms step_avg:351.60ms
step:174/1480 train_time:61179ms step_avg:351.60ms
step:175/1480 train_time:61533ms step_avg:351.61ms
step:176/1480 train_time:61886ms step_avg:351.63ms
step:177/1480 train_time:62236ms step_avg:351.62ms
step:178/1480 train_time:62587ms step_avg:351.61ms
step:179/1480 train_time:62939ms step_avg:351.62ms
step:180/1480 train_time:63292ms step_avg:351.62ms
step:181/1480 train_time:63645ms step_avg:351.63ms
step:182/1480 train_time:63996ms step_avg:351.63ms
step:183/1480 train_time:64352ms step_avg:351.65ms
step:184/1480 train_time:64700ms step_avg:351.63ms
step:185/1480 train_time:65054ms step_avg:351.64ms
step:186/1480 train_time:65407ms step_avg:351.65ms
step:187/1480 train_time:65759ms step_avg:351.65ms
step:188/1480 train_time:66111ms step_avg:351.66ms
step:189/1480 train_time:66465ms step_avg:351.67ms
step:190/1480 train_time:66816ms step_avg:351.66ms
step:191/1480 train_time:67170ms step_avg:351.68ms
step:192/1480 train_time:67522ms step_avg:351.68ms
step:193/1480 train_time:67875ms step_avg:351.68ms
step:194/1480 train_time:68226ms step_avg:351.68ms
step:195/1480 train_time:68579ms step_avg:351.69ms
step:196/1480 train_time:68933ms step_avg:351.70ms
step:197/1480 train_time:69286ms step_avg:351.70ms
step:198/1480 train_time:69639ms step_avg:351.71ms
step:199/1480 train_time:69991ms step_avg:351.71ms
step:200/1480 train_time:70342ms step_avg:351.71ms
step:201/1480 train_time:70696ms step_avg:351.72ms
step:202/1480 train_time:71049ms step_avg:351.73ms
step:203/1480 train_time:71401ms step_avg:351.73ms
step:204/1480 train_time:71754ms step_avg:351.73ms
step:205/1480 train_time:72109ms step_avg:351.75ms
step:206/1480 train_time:72459ms step_avg:351.74ms
step:207/1480 train_time:72813ms step_avg:351.75ms
step:208/1480 train_time:73166ms step_avg:351.76ms
step:209/1480 train_time:73518ms step_avg:351.76ms
step:210/1480 train_time:73872ms step_avg:351.77ms
step:211/1480 train_time:74225ms step_avg:351.78ms
step:212/1480 train_time:74577ms step_avg:351.78ms
step:213/1480 train_time:74932ms step_avg:351.79ms
step:214/1480 train_time:75282ms step_avg:351.79ms
step:215/1480 train_time:75635ms step_avg:351.79ms
step:216/1480 train_time:75988ms step_avg:351.80ms
step:217/1480 train_time:76342ms step_avg:351.80ms
step:218/1480 train_time:76694ms step_avg:351.81ms
step:219/1480 train_time:77049ms step_avg:351.82ms
step:220/1480 train_time:77400ms step_avg:351.82ms
step:221/1480 train_time:77754ms step_avg:351.83ms
step:222/1480 train_time:78106ms step_avg:351.83ms
step:223/1480 train_time:78458ms step_avg:351.83ms
step:224/1480 train_time:78813ms step_avg:351.84ms
step:225/1480 train_time:79165ms step_avg:351.85ms
step:226/1480 train_time:79516ms step_avg:351.84ms
step:227/1480 train_time:79870ms step_avg:351.85ms
step:228/1480 train_time:80222ms step_avg:351.85ms
step:229/1480 train_time:80575ms step_avg:351.86ms
step:230/1480 train_time:80928ms step_avg:351.86ms
step:231/1480 train_time:81280ms step_avg:351.86ms
step:232/1480 train_time:81633ms step_avg:351.87ms
step:233/1480 train_time:81987ms step_avg:351.87ms
step:234/1480 train_time:82337ms step_avg:351.87ms
step:235/1480 train_time:82691ms step_avg:351.88ms
step:236/1480 train_time:83043ms step_avg:351.88ms
step:237/1480 train_time:83396ms step_avg:351.88ms
step:238/1480 train_time:83749ms step_avg:351.89ms
step:239/1480 train_time:84102ms step_avg:351.89ms
step:240/1480 train_time:84455ms step_avg:351.89ms
step:241/1480 train_time:84808ms step_avg:351.90ms
step:242/1480 train_time:85158ms step_avg:351.89ms
step:243/1480 train_time:85513ms step_avg:351.90ms
step:244/1480 train_time:85866ms step_avg:351.91ms
step:245/1480 train_time:86218ms step_avg:351.91ms
step:246/1480 train_time:86570ms step_avg:351.91ms
step:247/1480 train_time:86924ms step_avg:351.92ms
step:248/1480 train_time:87274ms step_avg:351.91ms
step:249/1480 train_time:87628ms step_avg:351.92ms
step:250/1480 train_time:87983ms step_avg:351.93ms
step:250/1480 val_loss:4.4975 train_time:88042ms step_avg:352.17ms
step:251/1480 train_time:88333ms step_avg:351.92ms
step:252/1480 train_time:88686ms step_avg:351.93ms
step:253/1480 train_time:89040ms step_avg:351.94ms
step:254/1480 train_time:89391ms step_avg:351.94ms
step:255/1480 train_time:89746ms step_avg:351.95ms
step:256/1480 train_time:90100ms step_avg:351.95ms
step:257/1480 train_time:90452ms step_avg:351.95ms
step:258/1480 train_time:90805ms step_avg:351.96ms
step:259/1480 train_time:91160ms step_avg:351.97ms
step:260/1480 train_time:91510ms step_avg:351.96ms
step:261/1480 train_time:91865ms step_avg:351.97ms
step:262/1480 train_time:92217ms step_avg:351.98ms
step:263/1480 train_time:92570ms step_avg:351.98ms
step:264/1480 train_time:92923ms step_avg:351.98ms
step:265/1480 train_time:93277ms step_avg:351.99ms
step:266/1480 train_time:93629ms step_avg:351.99ms
step:267/1480 train_time:93983ms step_avg:352.00ms
step:268/1480 train_time:94335ms step_avg:352.00ms
step:269/1480 train_time:94689ms step_avg:352.00ms
step:270/1480 train_time:95042ms step_avg:352.01ms
step:271/1480 train_time:95394ms step_avg:352.01ms
step:272/1480 train_time:95747ms step_avg:352.01ms
step:273/1480 train_time:96102ms step_avg:352.02ms
step:274/1480 train_time:96452ms step_avg:352.01ms
step:275/1480 train_time:96808ms step_avg:352.03ms
step:276/1480 train_time:97161ms step_avg:352.03ms
step:277/1480 train_time:97513ms step_avg:352.03ms
step:278/1480 train_time:97867ms step_avg:352.04ms
step:279/1480 train_time:98221ms step_avg:352.05ms
step:280/1480 train_time:98573ms step_avg:352.05ms
step:281/1480 train_time:98928ms step_avg:352.06ms
step:282/1480 train_time:99280ms step_avg:352.06ms
step:283/1480 train_time:99632ms step_avg:352.06ms
step:284/1480 train_time:99986ms step_avg:352.06ms
step:285/1480 train_time:100339ms step_avg:352.07ms
step:286/1480 train_time:100690ms step_avg:352.06ms
step:287/1480 train_time:101046ms step_avg:352.08ms
step:288/1480 train_time:101398ms step_avg:352.08ms
step:289/1480 train_time:101752ms step_avg:352.08ms
step:290/1480 train_time:102104ms step_avg:352.08ms
step:291/1480 train_time:102457ms step_avg:352.08ms
step:292/1480 train_time:102811ms step_avg:352.09ms
step:293/1480 train_time:103166ms step_avg:352.10ms
step:294/1480 train_time:103518ms step_avg:352.10ms
step:295/1480 train_time:103871ms step_avg:352.11ms
step:296/1480 train_time:104224ms step_avg:352.11ms
step:297/1480 train_time:104577ms step_avg:352.11ms
step:298/1480 train_time:104930ms step_avg:352.11ms
step:299/1480 train_time:105285ms step_avg:352.12ms
step:300/1480 train_time:105636ms step_avg:352.12ms
step:301/1480 train_time:105990ms step_avg:352.13ms
step:302/1480 train_time:106343ms step_avg:352.13ms
step:303/1480 train_time:106695ms step_avg:352.13ms
step:304/1480 train_time:107048ms step_avg:352.13ms
step:305/1480 train_time:107405ms step_avg:352.15ms
step:306/1480 train_time:107755ms step_avg:352.14ms
step:307/1480 train_time:108109ms step_avg:352.15ms
step:308/1480 train_time:108465ms step_avg:352.16ms
step:309/1480 train_time:108816ms step_avg:352.15ms
step:310/1480 train_time:109169ms step_avg:352.16ms
step:311/1480 train_time:109524ms step_avg:352.17ms
step:312/1480 train_time:109874ms step_avg:352.16ms
step:313/1480 train_time:110228ms step_avg:352.17ms
step:314/1480 train_time:110582ms step_avg:352.17ms
step:315/1480 train_time:110932ms step_avg:352.17ms
step:316/1480 train_time:111286ms step_avg:352.17ms
step:317/1480 train_time:111641ms step_avg:352.18ms
step:318/1480 train_time:111992ms step_avg:352.18ms
step:319/1480 train_time:112347ms step_avg:352.19ms
step:320/1480 train_time:112701ms step_avg:352.19ms
step:321/1480 train_time:113053ms step_avg:352.19ms
step:322/1480 train_time:113405ms step_avg:352.19ms
step:323/1480 train_time:113759ms step_avg:352.20ms
step:324/1480 train_time:114110ms step_avg:352.19ms
step:325/1480 train_time:114464ms step_avg:352.20ms
step:326/1480 train_time:114818ms step_avg:352.20ms
step:327/1480 train_time:115172ms step_avg:352.21ms
step:328/1480 train_time:115523ms step_avg:352.21ms
step:329/1480 train_time:115876ms step_avg:352.21ms
step:330/1480 train_time:116228ms step_avg:352.21ms
step:331/1480 train_time:116583ms step_avg:352.22ms
step:332/1480 train_time:116935ms step_avg:352.21ms
step:333/1480 train_time:117290ms step_avg:352.22ms
step:334/1480 train_time:117640ms step_avg:352.22ms
step:335/1480 train_time:117995ms step_avg:352.22ms
step:336/1480 train_time:118346ms step_avg:352.22ms
step:337/1480 train_time:118701ms step_avg:352.23ms
step:338/1480 train_time:119054ms step_avg:352.23ms
step:339/1480 train_time:119408ms step_avg:352.24ms
step:340/1480 train_time:119761ms step_avg:352.24ms
step:341/1480 train_time:120113ms step_avg:352.24ms
step:342/1480 train_time:120465ms step_avg:352.24ms
step:343/1480 train_time:120821ms step_avg:352.25ms
step:344/1480 train_time:121172ms step_avg:352.24ms
step:345/1480 train_time:121526ms step_avg:352.25ms
step:346/1480 train_time:121879ms step_avg:352.25ms
step:347/1480 train_time:122232ms step_avg:352.25ms
step:348/1480 train_time:122586ms step_avg:352.26ms
step:349/1480 train_time:122940ms step_avg:352.26ms
step:350/1480 train_time:123291ms step_avg:352.26ms
step:351/1480 train_time:123646ms step_avg:352.27ms
step:352/1480 train_time:124000ms step_avg:352.27ms
step:353/1480 train_time:124353ms step_avg:352.28ms
step:354/1480 train_time:124709ms step_avg:352.29ms
step:355/1480 train_time:125064ms step_avg:352.29ms
step:356/1480 train_time:125413ms step_avg:352.28ms
step:357/1480 train_time:125769ms step_avg:352.29ms
step:358/1480 train_time:126122ms step_avg:352.29ms
step:359/1480 train_time:126473ms step_avg:352.29ms
step:360/1480 train_time:126827ms step_avg:352.30ms
step:361/1480 train_time:127182ms step_avg:352.30ms
step:362/1480 train_time:127532ms step_avg:352.30ms
step:363/1480 train_time:127887ms step_avg:352.30ms
step:364/1480 train_time:128240ms step_avg:352.31ms
step:365/1480 train_time:128592ms step_avg:352.31ms
step:366/1480 train_time:128946ms step_avg:352.31ms
step:367/1480 train_time:129300ms step_avg:352.32ms
step:368/1480 train_time:129652ms step_avg:352.31ms
step:369/1480 train_time:130007ms step_avg:352.32ms
step:370/1480 train_time:130361ms step_avg:352.33ms
step:371/1480 train_time:130714ms step_avg:352.33ms
step:372/1480 train_time:131068ms step_avg:352.33ms
step:373/1480 train_time:131422ms step_avg:352.34ms
step:374/1480 train_time:131774ms step_avg:352.34ms
step:375/1480 train_time:132128ms step_avg:352.34ms
step:376/1480 train_time:132481ms step_avg:352.34ms
step:377/1480 train_time:132834ms step_avg:352.34ms
step:378/1480 train_time:133187ms step_avg:352.35ms
step:379/1480 train_time:133543ms step_avg:352.36ms
step:380/1480 train_time:133894ms step_avg:352.35ms
step:381/1480 train_time:134248ms step_avg:352.36ms
step:382/1480 train_time:134602ms step_avg:352.36ms
step:383/1480 train_time:134955ms step_avg:352.36ms
step:384/1480 train_time:135308ms step_avg:352.37ms
step:385/1480 train_time:135663ms step_avg:352.37ms
step:386/1480 train_time:136015ms step_avg:352.37ms
step:387/1480 train_time:136370ms step_avg:352.38ms
step:388/1480 train_time:136725ms step_avg:352.38ms
step:389/1480 train_time:137076ms step_avg:352.38ms
step:390/1480 train_time:137429ms step_avg:352.38ms
step:391/1480 train_time:137784ms step_avg:352.39ms
step:392/1480 train_time:138136ms step_avg:352.39ms
step:393/1480 train_time:138490ms step_avg:352.39ms
step:394/1480 train_time:138844ms step_avg:352.40ms
step:395/1480 train_time:139196ms step_avg:352.39ms
step:396/1480 train_time:139550ms step_avg:352.40ms
step:397/1480 train_time:139904ms step_avg:352.40ms
step:398/1480 train_time:140256ms step_avg:352.40ms
step:399/1480 train_time:140611ms step_avg:352.41ms
step:400/1480 train_time:140964ms step_avg:352.41ms
step:401/1480 train_time:141317ms step_avg:352.41ms
step:402/1480 train_time:141671ms step_avg:352.42ms
step:403/1480 train_time:142027ms step_avg:352.42ms
step:404/1480 train_time:142378ms step_avg:352.42ms
step:405/1480 train_time:142732ms step_avg:352.42ms
step:406/1480 train_time:143086ms step_avg:352.43ms
step:407/1480 train_time:143438ms step_avg:352.43ms
step:408/1480 train_time:143794ms step_avg:352.44ms
step:409/1480 train_time:144148ms step_avg:352.44ms
step:410/1480 train_time:144501ms step_avg:352.44ms
step:411/1480 train_time:144855ms step_avg:352.44ms
step:412/1480 train_time:145209ms step_avg:352.45ms
step:413/1480 train_time:145563ms step_avg:352.45ms
step:414/1480 train_time:145914ms step_avg:352.45ms
step:415/1480 train_time:146266ms step_avg:352.45ms
step:416/1480 train_time:146615ms step_avg:352.44ms
step:417/1480 train_time:146969ms step_avg:352.44ms
step:418/1480 train_time:147317ms step_avg:352.43ms
step:419/1480 train_time:147668ms step_avg:352.43ms
step:420/1480 train_time:148019ms step_avg:352.43ms
step:421/1480 train_time:148369ms step_avg:352.42ms
step:422/1480 train_time:148719ms step_avg:352.41ms
step:423/1480 train_time:149071ms step_avg:352.41ms
step:424/1480 train_time:149421ms step_avg:352.41ms
step:425/1480 train_time:149771ms step_avg:352.40ms
step:426/1480 train_time:150123ms step_avg:352.40ms
step:427/1480 train_time:150473ms step_avg:352.40ms
step:428/1480 train_time:150824ms step_avg:352.39ms
step:429/1480 train_time:151174ms step_avg:352.39ms
step:430/1480 train_time:151525ms step_avg:352.38ms
step:431/1480 train_time:151876ms step_avg:352.38ms
step:432/1480 train_time:152227ms step_avg:352.38ms
step:433/1480 train_time:152578ms step_avg:352.38ms
step:434/1480 train_time:152928ms step_avg:352.37ms
step:435/1480 train_time:153280ms step_avg:352.37ms
step:436/1480 train_time:153630ms step_avg:352.36ms
step:437/1480 train_time:153982ms step_avg:352.36ms
step:438/1480 train_time:154331ms step_avg:352.35ms
step:439/1480 train_time:154684ms step_avg:352.36ms
step:440/1480 train_time:155034ms step_avg:352.35ms
step:441/1480 train_time:155386ms step_avg:352.35ms
step:442/1480 train_time:155735ms step_avg:352.34ms
step:443/1480 train_time:156087ms step_avg:352.34ms
step:444/1480 train_time:156438ms step_avg:352.34ms
step:445/1480 train_time:156789ms step_avg:352.33ms
step:446/1480 train_time:157139ms step_avg:352.33ms
step:447/1480 train_time:157490ms step_avg:352.33ms
step:448/1480 train_time:157840ms step_avg:352.32ms
step:449/1480 train_time:158191ms step_avg:352.32ms
step:450/1480 train_time:158542ms step_avg:352.32ms
step:451/1480 train_time:158892ms step_avg:352.31ms
step:452/1480 train_time:159242ms step_avg:352.31ms
step:453/1480 train_time:159594ms step_avg:352.30ms
step:454/1480 train_time:159945ms step_avg:352.30ms
step:455/1480 train_time:160296ms step_avg:352.30ms
step:456/1480 train_time:160647ms step_avg:352.30ms
step:457/1480 train_time:160998ms step_avg:352.29ms
step:458/1480 train_time:161348ms step_avg:352.29ms
step:459/1480 train_time:161701ms step_avg:352.29ms
step:460/1480 train_time:162051ms step_avg:352.28ms
step:461/1480 train_time:162403ms step_avg:352.28ms
step:462/1480 train_time:162753ms step_avg:352.28ms
step:463/1480 train_time:163105ms step_avg:352.28ms
step:464/1480 train_time:163454ms step_avg:352.27ms
step:465/1480 train_time:163807ms step_avg:352.27ms
step:466/1480 train_time:164156ms step_avg:352.27ms
step:467/1480 train_time:164508ms step_avg:352.27ms
step:468/1480 train_time:164859ms step_avg:352.26ms
step:469/1480 train_time:165209ms step_avg:352.26ms
step:470/1480 train_time:165561ms step_avg:352.26ms
step:471/1480 train_time:165913ms step_avg:352.26ms
step:472/1480 train_time:166262ms step_avg:352.25ms
step:473/1480 train_time:166613ms step_avg:352.25ms
step:474/1480 train_time:166964ms step_avg:352.24ms
step:475/1480 train_time:167315ms step_avg:352.24ms
step:476/1480 train_time:167665ms step_avg:352.24ms
step:477/1480 train_time:168017ms step_avg:352.24ms
step:478/1480 train_time:168367ms step_avg:352.23ms
step:479/1480 train_time:168719ms step_avg:352.23ms
step:480/1480 train_time:169069ms step_avg:352.23ms
step:481/1480 train_time:169691ms step_avg:352.79ms
step:482/1480 train_time:170343ms step_avg:353.41ms
step:483/1480 train_time:170995ms step_avg:354.03ms
step:484/1480 train_time:171651ms step_avg:354.65ms
step:485/1480 train_time:172304ms step_avg:355.27ms
step:486/1480 train_time:172956ms step_avg:355.88ms
step:487/1480 train_time:173614ms step_avg:356.50ms
step:488/1480 train_time:174269ms step_avg:357.11ms
step:489/1480 train_time:174921ms step_avg:357.71ms
step:490/1480 train_time:175576ms step_avg:358.32ms
step:491/1480 train_time:176234ms step_avg:358.93ms
step:492/1480 train_time:176886ms step_avg:359.53ms
step:493/1480 train_time:177540ms step_avg:360.12ms
step:494/1480 train_time:178196ms step_avg:360.72ms
step:495/1480 train_time:178855ms step_avg:361.32ms
step:496/1480 train_time:179505ms step_avg:361.91ms
step:497/1480 train_time:180160ms step_avg:362.49ms
step:498/1480 train_time:180815ms step_avg:363.08ms
step:499/1480 train_time:181471ms step_avg:363.67ms
step:500/1480 train_time:182123ms step_avg:364.25ms
step:500/1480 val_loss:4.1989 train_time:182225ms step_avg:364.45ms
step:501/1480 train_time:182777ms step_avg:364.82ms
step:502/1480 train_time:183433ms step_avg:365.40ms
step:503/1480 train_time:184089ms step_avg:365.98ms
step:504/1480 train_time:184740ms step_avg:366.55ms
step:505/1480 train_time:185394ms step_avg:367.12ms
step:506/1480 train_time:186048ms step_avg:367.68ms
step:507/1480 train_time:186707ms step_avg:368.26ms
step:508/1480 train_time:187361ms step_avg:368.82ms
step:509/1480 train_time:188015ms step_avg:369.38ms
step:510/1480 train_time:188672ms step_avg:369.95ms
step:511/1480 train_time:189327ms step_avg:370.50ms
step:512/1480 train_time:189978ms step_avg:371.05ms
step:513/1480 train_time:190634ms step_avg:371.61ms
step:514/1480 train_time:191291ms step_avg:372.16ms
step:515/1480 train_time:191950ms step_avg:372.72ms
step:516/1480 train_time:192601ms step_avg:373.26ms
step:517/1480 train_time:193256ms step_avg:373.80ms
step:518/1480 train_time:193912ms step_avg:374.35ms
step:519/1480 train_time:194569ms step_avg:374.89ms
step:520/1480 train_time:195223ms step_avg:375.43ms
step:521/1480 train_time:195876ms step_avg:375.96ms
step:522/1480 train_time:196531ms step_avg:376.50ms
step:523/1480 train_time:197187ms step_avg:377.03ms
step:524/1480 train_time:197843ms step_avg:377.56ms
step:525/1480 train_time:198497ms step_avg:378.09ms
step:526/1480 train_time:199152ms step_avg:378.62ms
step:527/1480 train_time:199810ms step_avg:379.15ms
step:528/1480 train_time:200462ms step_avg:379.66ms
step:529/1480 train_time:201117ms step_avg:380.18ms
step:530/1480 train_time:201771ms step_avg:380.70ms
step:531/1480 train_time:202430ms step_avg:381.22ms
step:532/1480 train_time:203081ms step_avg:381.73ms
step:533/1480 train_time:203736ms step_avg:382.24ms
step:534/1480 train_time:204391ms step_avg:382.76ms
step:535/1480 train_time:205050ms step_avg:383.27ms
step:536/1480 train_time:205699ms step_avg:383.77ms
step:537/1480 train_time:206354ms step_avg:384.27ms
step:538/1480 train_time:207007ms step_avg:384.77ms
step:539/1480 train_time:207662ms step_avg:385.27ms
step:540/1480 train_time:208317ms step_avg:385.77ms
step:541/1480 train_time:208971ms step_avg:386.27ms
step:542/1480 train_time:209628ms step_avg:386.77ms
step:543/1480 train_time:210277ms step_avg:387.25ms
step:544/1480 train_time:210933ms step_avg:387.74ms
step:545/1480 train_time:211590ms step_avg:388.24ms
step:546/1480 train_time:212242ms step_avg:388.72ms
step:547/1480 train_time:212897ms step_avg:389.21ms
step:548/1480 train_time:213553ms step_avg:389.69ms
step:549/1480 train_time:214210ms step_avg:390.18ms
step:550/1480 train_time:214863ms step_avg:390.66ms
step:551/1480 train_time:215516ms step_avg:391.14ms
step:552/1480 train_time:216171ms step_avg:391.61ms
step:553/1480 train_time:216830ms step_avg:392.10ms
step:554/1480 train_time:217481ms step_avg:392.56ms
step:555/1480 train_time:218135ms step_avg:393.04ms
step:556/1480 train_time:218793ms step_avg:393.51ms
step:557/1480 train_time:219448ms step_avg:393.98ms
step:558/1480 train_time:220098ms step_avg:394.44ms
step:559/1480 train_time:220753ms step_avg:394.91ms
step:560/1480 train_time:221409ms step_avg:395.37ms
step:561/1480 train_time:222066ms step_avg:395.84ms
step:562/1480 train_time:222719ms step_avg:396.30ms
step:563/1480 train_time:223372ms step_avg:396.75ms
step:564/1480 train_time:224029ms step_avg:397.22ms
step:565/1480 train_time:224687ms step_avg:397.68ms
step:566/1480 train_time:225340ms step_avg:398.13ms
step:567/1480 train_time:225993ms step_avg:398.58ms
step:568/1480 train_time:226649ms step_avg:399.03ms
step:569/1480 train_time:227306ms step_avg:399.48ms
step:570/1480 train_time:227959ms step_avg:399.93ms
step:571/1480 train_time:228612ms step_avg:400.37ms
step:572/1480 train_time:229269ms step_avg:400.82ms
step:573/1480 train_time:229927ms step_avg:401.27ms
step:574/1480 train_time:230579ms step_avg:401.71ms
step:575/1480 train_time:231235ms step_avg:402.15ms
step:576/1480 train_time:231892ms step_avg:402.59ms
step:577/1480 train_time:232548ms step_avg:403.03ms
step:578/1480 train_time:233200ms step_avg:403.46ms
step:579/1480 train_time:233855ms step_avg:403.89ms
step:580/1480 train_time:234510ms step_avg:404.33ms
step:581/1480 train_time:235167ms step_avg:404.76ms
step:582/1480 train_time:235819ms step_avg:405.19ms
step:583/1480 train_time:236473ms step_avg:405.61ms
step:584/1480 train_time:237130ms step_avg:406.04ms
step:585/1480 train_time:237788ms step_avg:406.48ms
step:586/1480 train_time:238440ms step_avg:406.89ms
step:587/1480 train_time:239094ms step_avg:407.31ms
step:588/1480 train_time:239751ms step_avg:407.74ms
step:589/1480 train_time:240407ms step_avg:408.16ms
step:590/1480 train_time:241061ms step_avg:408.58ms
step:591/1480 train_time:241713ms step_avg:408.99ms
step:592/1480 train_time:242369ms step_avg:409.41ms
step:593/1480 train_time:243025ms step_avg:409.82ms
step:594/1480 train_time:243677ms step_avg:410.23ms
step:595/1480 train_time:244332ms step_avg:410.64ms
step:596/1480 train_time:244987ms step_avg:411.05ms
step:597/1480 train_time:245638ms step_avg:411.45ms
step:598/1480 train_time:246292ms step_avg:411.86ms
step:599/1480 train_time:246950ms step_avg:412.27ms
step:600/1480 train_time:247599ms step_avg:412.67ms
step:601/1480 train_time:248254ms step_avg:413.07ms
step:602/1480 train_time:248908ms step_avg:413.47ms
step:603/1480 train_time:249564ms step_avg:413.87ms
step:604/1480 train_time:250215ms step_avg:414.26ms
step:605/1480 train_time:250870ms step_avg:414.66ms
step:606/1480 train_time:251525ms step_avg:415.06ms
step:607/1480 train_time:252178ms step_avg:415.45ms
step:608/1480 train_time:252832ms step_avg:415.84ms
step:609/1480 train_time:253490ms step_avg:416.24ms
step:610/1480 train_time:254141ms step_avg:416.62ms
step:611/1480 train_time:254795ms step_avg:417.01ms
step:612/1480 train_time:255453ms step_avg:417.41ms
step:613/1480 train_time:256108ms step_avg:417.79ms
step:614/1480 train_time:256761ms step_avg:418.18ms
step:615/1480 train_time:257414ms step_avg:418.56ms
step:616/1480 train_time:258069ms step_avg:418.94ms
step:617/1480 train_time:258726ms step_avg:419.33ms
step:618/1480 train_time:259380ms step_avg:419.71ms
step:619/1480 train_time:260033ms step_avg:420.09ms
step:620/1480 train_time:260689ms step_avg:420.47ms
step:621/1480 train_time:261342ms step_avg:420.84ms
step:622/1480 train_time:261995ms step_avg:421.21ms
step:623/1480 train_time:262651ms step_avg:421.59ms
step:624/1480 train_time:263301ms step_avg:421.96ms
step:625/1480 train_time:263954ms step_avg:422.33ms
step:626/1480 train_time:264609ms step_avg:422.70ms
step:627/1480 train_time:265262ms step_avg:423.07ms
step:628/1480 train_time:265914ms step_avg:423.43ms
step:629/1480 train_time:266571ms step_avg:423.80ms
step:630/1480 train_time:267219ms step_avg:424.16ms
step:631/1480 train_time:267872ms step_avg:424.52ms
step:632/1480 train_time:268520ms step_avg:424.87ms
step:633/1480 train_time:269175ms step_avg:425.24ms
step:634/1480 train_time:269831ms step_avg:425.60ms
step:635/1480 train_time:270486ms step_avg:425.96ms
step:636/1480 train_time:271138ms step_avg:426.32ms
step:637/1480 train_time:271792ms step_avg:426.67ms
step:638/1480 train_time:272444ms step_avg:427.03ms
step:639/1480 train_time:273099ms step_avg:427.38ms
step:640/1480 train_time:273755ms step_avg:427.74ms
step:641/1480 train_time:274408ms step_avg:428.09ms
step:642/1480 train_time:275061ms step_avg:428.44ms
step:643/1480 train_time:275712ms step_avg:428.79ms
step:644/1480 train_time:276366ms step_avg:429.14ms
step:645/1480 train_time:277020ms step_avg:429.49ms
step:646/1480 train_time:277674ms step_avg:429.84ms
step:647/1480 train_time:278330ms step_avg:430.19ms
step:648/1480 train_time:278983ms step_avg:430.53ms
step:649/1480 train_time:279635ms step_avg:430.87ms
step:650/1480 train_time:280292ms step_avg:431.22ms
step:651/1480 train_time:280951ms step_avg:431.57ms
step:652/1480 train_time:281599ms step_avg:431.90ms
step:653/1480 train_time:282255ms step_avg:432.24ms
step:654/1480 train_time:282902ms step_avg:432.57ms
step:655/1480 train_time:283557ms step_avg:432.91ms
step:656/1480 train_time:284209ms step_avg:433.24ms
step:657/1480 train_time:284865ms step_avg:433.58ms
step:658/1480 train_time:285519ms step_avg:433.92ms
step:659/1480 train_time:286171ms step_avg:434.25ms
step:660/1480 train_time:286821ms step_avg:434.58ms
step:661/1480 train_time:287477ms step_avg:434.91ms
step:662/1480 train_time:288130ms step_avg:435.24ms
step:663/1480 train_time:288788ms step_avg:435.58ms
step:664/1480 train_time:289440ms step_avg:435.90ms
step:665/1480 train_time:290092ms step_avg:436.23ms
step:666/1480 train_time:290745ms step_avg:436.55ms
step:667/1480 train_time:291398ms step_avg:436.88ms
step:668/1480 train_time:292051ms step_avg:437.20ms
step:669/1480 train_time:292707ms step_avg:437.53ms
step:670/1480 train_time:293359ms step_avg:437.85ms
step:671/1480 train_time:294012ms step_avg:438.17ms
step:672/1480 train_time:294663ms step_avg:438.49ms
step:673/1480 train_time:295316ms step_avg:438.80ms
step:674/1480 train_time:295970ms step_avg:439.12ms
step:675/1480 train_time:296628ms step_avg:439.45ms
step:676/1480 train_time:297280ms step_avg:439.76ms
step:677/1480 train_time:297934ms step_avg:440.08ms
step:678/1480 train_time:298589ms step_avg:440.40ms
step:679/1480 train_time:299241ms step_avg:440.71ms
step:680/1480 train_time:299893ms step_avg:441.02ms
step:681/1480 train_time:300548ms step_avg:441.33ms
step:682/1480 train_time:301201ms step_avg:441.64ms
step:683/1480 train_time:301854ms step_avg:441.95ms
step:684/1480 train_time:302505ms step_avg:442.26ms
step:685/1480 train_time:303158ms step_avg:442.57ms
step:686/1480 train_time:303811ms step_avg:442.87ms
step:687/1480 train_time:304467ms step_avg:443.18ms
step:688/1480 train_time:305120ms step_avg:443.49ms
step:689/1480 train_time:305772ms step_avg:443.79ms
step:690/1480 train_time:306422ms step_avg:444.09ms
step:691/1480 train_time:307074ms step_avg:444.39ms
step:692/1480 train_time:307727ms step_avg:444.69ms
step:693/1480 train_time:308379ms step_avg:444.99ms
step:694/1480 train_time:309034ms step_avg:445.29ms
step:695/1480 train_time:309688ms step_avg:445.59ms
step:696/1480 train_time:310341ms step_avg:445.89ms
step:697/1480 train_time:310993ms step_avg:446.19ms
step:698/1480 train_time:311648ms step_avg:446.49ms
step:699/1480 train_time:312300ms step_avg:446.78ms
step:700/1480 train_time:312952ms step_avg:447.07ms
step:701/1480 train_time:313610ms step_avg:447.38ms
step:702/1480 train_time:314262ms step_avg:447.67ms
step:703/1480 train_time:314913ms step_avg:447.96ms
step:704/1480 train_time:315568ms step_avg:448.25ms
step:705/1480 train_time:316219ms step_avg:448.54ms
step:706/1480 train_time:316873ms step_avg:448.83ms
step:707/1480 train_time:317531ms step_avg:449.13ms
step:708/1480 train_time:318181ms step_avg:449.41ms
step:709/1480 train_time:318834ms step_avg:449.69ms
step:710/1480 train_time:319489ms step_avg:449.98ms
step:711/1480 train_time:320140ms step_avg:450.27ms
step:712/1480 train_time:320791ms step_avg:450.55ms
step:713/1480 train_time:321448ms step_avg:450.84ms
step:714/1480 train_time:322101ms step_avg:451.12ms
step:715/1480 train_time:322753ms step_avg:451.40ms
step:716/1480 train_time:323403ms step_avg:451.68ms
step:717/1480 train_time:324058ms step_avg:451.96ms
step:718/1480 train_time:324710ms step_avg:452.24ms
step:719/1480 train_time:325368ms step_avg:452.53ms
step:720/1480 train_time:326020ms step_avg:452.81ms
step:721/1480 train_time:326673ms step_avg:453.08ms
step:722/1480 train_time:327321ms step_avg:453.35ms
step:723/1480 train_time:327975ms step_avg:453.63ms
step:724/1480 train_time:328626ms step_avg:453.90ms
step:725/1480 train_time:329279ms step_avg:454.18ms
step:726/1480 train_time:329935ms step_avg:454.46ms
step:727/1480 train_time:330591ms step_avg:454.73ms
step:728/1480 train_time:331241ms step_avg:455.00ms
step:729/1480 train_time:331895ms step_avg:455.27ms
step:730/1480 train_time:332549ms step_avg:455.55ms
step:731/1480 train_time:333200ms step_avg:455.81ms
step:732/1480 train_time:333852ms step_avg:456.08ms
step:733/1480 train_time:334508ms step_avg:456.35ms
step:734/1480 train_time:335162ms step_avg:456.62ms
step:735/1480 train_time:335813ms step_avg:456.89ms
step:736/1480 train_time:336467ms step_avg:457.16ms
step:737/1480 train_time:337120ms step_avg:457.42ms
step:738/1480 train_time:337774ms step_avg:457.69ms
step:739/1480 train_time:338432ms step_avg:457.96ms
step:740/1480 train_time:339082ms step_avg:458.22ms
step:741/1480 train_time:339736ms step_avg:458.48ms
step:742/1480 train_time:340392ms step_avg:458.75ms
step:743/1480 train_time:341050ms step_avg:459.02ms
step:744/1480 train_time:341701ms step_avg:459.27ms
step:745/1480 train_time:342356ms step_avg:459.54ms
step:746/1480 train_time:343009ms step_avg:459.80ms
step:747/1480 train_time:343661ms step_avg:460.05ms
step:748/1480 train_time:344314ms step_avg:460.31ms
step:749/1480 train_time:344970ms step_avg:460.57ms
step:750/1480 train_time:345621ms step_avg:460.83ms
step:750/1480 val_loss:3.7946 train_time:345722ms step_avg:460.96ms
step:751/1480 train_time:346274ms step_avg:461.08ms
step:752/1480 train_time:346927ms step_avg:461.34ms
step:753/1480 train_time:347585ms step_avg:461.60ms
step:754/1480 train_time:348236ms step_avg:461.85ms
step:755/1480 train_time:348888ms step_avg:462.10ms
step:756/1480 train_time:349539ms step_avg:462.35ms
step:757/1480 train_time:350192ms step_avg:462.60ms
step:758/1480 train_time:350844ms step_avg:462.86ms
step:759/1480 train_time:351498ms step_avg:463.11ms
step:760/1480 train_time:352152ms step_avg:463.36ms
step:761/1480 train_time:352806ms step_avg:463.61ms
step:762/1480 train_time:353456ms step_avg:463.85ms
step:763/1480 train_time:354111ms step_avg:464.10ms
step:764/1480 train_time:354764ms step_avg:464.35ms
step:765/1480 train_time:355417ms step_avg:464.60ms
step:766/1480 train_time:356070ms step_avg:464.84ms
step:767/1480 train_time:356724ms step_avg:465.09ms
step:768/1480 train_time:357376ms step_avg:465.33ms
step:769/1480 train_time:358028ms step_avg:465.58ms
step:770/1480 train_time:358679ms step_avg:465.82ms
step:771/1480 train_time:359334ms step_avg:466.06ms
step:772/1480 train_time:359987ms step_avg:466.30ms
step:773/1480 train_time:360642ms step_avg:466.55ms
step:774/1480 train_time:361295ms step_avg:466.79ms
step:775/1480 train_time:361947ms step_avg:467.03ms
step:776/1480 train_time:362597ms step_avg:467.26ms
step:777/1480 train_time:363249ms step_avg:467.50ms
step:778/1480 train_time:363897ms step_avg:467.73ms
step:779/1480 train_time:364549ms step_avg:467.97ms
step:780/1480 train_time:365202ms step_avg:468.21ms
step:781/1480 train_time:365853ms step_avg:468.44ms
step:782/1480 train_time:366509ms step_avg:468.68ms
step:783/1480 train_time:367163ms step_avg:468.92ms
step:784/1480 train_time:367814ms step_avg:469.15ms
step:785/1480 train_time:368471ms step_avg:469.39ms
step:786/1480 train_time:369122ms step_avg:469.62ms
step:787/1480 train_time:369774ms step_avg:469.85ms
step:788/1480 train_time:370429ms step_avg:470.09ms
step:789/1480 train_time:371083ms step_avg:470.32ms
step:790/1480 train_time:371735ms step_avg:470.55ms
step:791/1480 train_time:372391ms step_avg:470.78ms
step:792/1480 train_time:373037ms step_avg:471.01ms
step:793/1480 train_time:373692ms step_avg:471.24ms
step:794/1480 train_time:374343ms step_avg:471.47ms
step:795/1480 train_time:374995ms step_avg:471.69ms
step:796/1480 train_time:375649ms step_avg:471.92ms
step:797/1480 train_time:376305ms step_avg:472.15ms
step:798/1480 train_time:376955ms step_avg:472.38ms
step:799/1480 train_time:377609ms step_avg:472.60ms
step:800/1480 train_time:378259ms step_avg:472.82ms
step:801/1480 train_time:378911ms step_avg:473.05ms
step:802/1480 train_time:379563ms step_avg:473.27ms
step:803/1480 train_time:380213ms step_avg:473.49ms
step:804/1480 train_time:380867ms step_avg:473.72ms
step:805/1480 train_time:381523ms step_avg:473.94ms
step:806/1480 train_time:382176ms step_avg:474.16ms
step:807/1480 train_time:382829ms step_avg:474.38ms
step:808/1480 train_time:383477ms step_avg:474.60ms
step:809/1480 train_time:384131ms step_avg:474.82ms
step:810/1480 train_time:384783ms step_avg:475.04ms
step:811/1480 train_time:385434ms step_avg:475.26ms
step:812/1480 train_time:386090ms step_avg:475.48ms
step:813/1480 train_time:386743ms step_avg:475.70ms
step:814/1480 train_time:387396ms step_avg:475.92ms
step:815/1480 train_time:388051ms step_avg:476.14ms
step:816/1480 train_time:388704ms step_avg:476.35ms
step:817/1480 train_time:389355ms step_avg:476.57ms
step:818/1480 train_time:390008ms step_avg:476.78ms
step:819/1480 train_time:390664ms step_avg:477.00ms
step:820/1480 train_time:391316ms step_avg:477.21ms
step:821/1480 train_time:391969ms step_avg:477.43ms
step:822/1480 train_time:392619ms step_avg:477.64ms
step:823/1480 train_time:393269ms step_avg:477.85ms
step:824/1480 train_time:393922ms step_avg:478.06ms
step:825/1480 train_time:394574ms step_avg:478.27ms
step:826/1480 train_time:395229ms step_avg:478.49ms
step:827/1480 train_time:395884ms step_avg:478.70ms
step:828/1480 train_time:396537ms step_avg:478.91ms
step:829/1480 train_time:397190ms step_avg:479.12ms
step:830/1480 train_time:397843ms step_avg:479.33ms
step:831/1480 train_time:398497ms step_avg:479.54ms
step:832/1480 train_time:399149ms step_avg:479.75ms
step:833/1480 train_time:399806ms step_avg:479.96ms
step:834/1480 train_time:400456ms step_avg:480.16ms
step:835/1480 train_time:401108ms step_avg:480.37ms
step:836/1480 train_time:401761ms step_avg:480.58ms
step:837/1480 train_time:402414ms step_avg:480.78ms
step:838/1480 train_time:403067ms step_avg:480.99ms
step:839/1480 train_time:403724ms step_avg:481.20ms
step:840/1480 train_time:404376ms step_avg:481.40ms
step:841/1480 train_time:405029ms step_avg:481.60ms
step:842/1480 train_time:405679ms step_avg:481.80ms
step:843/1480 train_time:406332ms step_avg:482.01ms
step:844/1480 train_time:406985ms step_avg:482.21ms
step:845/1480 train_time:407637ms step_avg:482.41ms
step:846/1480 train_time:408291ms step_avg:482.61ms
step:847/1480 train_time:408944ms step_avg:482.82ms
step:848/1480 train_time:409597ms step_avg:483.01ms
step:849/1480 train_time:410249ms step_avg:483.21ms
step:850/1480 train_time:410898ms step_avg:483.41ms
step:851/1480 train_time:411551ms step_avg:483.61ms
step:852/1480 train_time:412205ms step_avg:483.81ms
step:853/1480 train_time:412855ms step_avg:484.00ms
step:854/1480 train_time:413509ms step_avg:484.20ms
step:855/1480 train_time:414159ms step_avg:484.40ms
step:856/1480 train_time:414812ms step_avg:484.59ms
step:857/1480 train_time:415467ms step_avg:484.79ms
step:858/1480 train_time:416116ms step_avg:484.98ms
step:859/1480 train_time:416769ms step_avg:485.18ms
step:860/1480 train_time:417419ms step_avg:485.37ms
step:861/1480 train_time:418071ms step_avg:485.56ms
step:862/1480 train_time:418723ms step_avg:485.76ms
step:863/1480 train_time:419376ms step_avg:485.95ms
step:864/1480 train_time:420028ms step_avg:486.14ms
step:865/1480 train_time:420684ms step_avg:486.34ms
step:866/1480 train_time:421337ms step_avg:486.53ms
step:867/1480 train_time:421989ms step_avg:486.72ms
step:868/1480 train_time:422642ms step_avg:486.91ms
step:869/1480 train_time:423294ms step_avg:487.11ms
step:870/1480 train_time:423946ms step_avg:487.29ms
step:871/1480 train_time:424598ms step_avg:487.48ms
step:872/1480 train_time:425250ms step_avg:487.67ms
step:873/1480 train_time:425904ms step_avg:487.86ms
step:874/1480 train_time:426555ms step_avg:488.05ms
step:875/1480 train_time:427210ms step_avg:488.24ms
step:876/1480 train_time:427859ms step_avg:488.42ms
step:877/1480 train_time:428512ms step_avg:488.61ms
step:878/1480 train_time:429160ms step_avg:488.79ms
step:879/1480 train_time:429813ms step_avg:488.98ms
step:880/1480 train_time:430466ms step_avg:489.17ms
step:881/1480 train_time:431117ms step_avg:489.35ms
step:882/1480 train_time:431769ms step_avg:489.53ms
step:883/1480 train_time:432424ms step_avg:489.72ms
step:884/1480 train_time:433076ms step_avg:489.90ms
step:885/1480 train_time:433729ms step_avg:490.09ms
step:886/1480 train_time:434379ms step_avg:490.27ms
step:887/1480 train_time:435032ms step_avg:490.45ms
step:888/1480 train_time:435683ms step_avg:490.63ms
step:889/1480 train_time:436335ms step_avg:490.82ms
step:890/1480 train_time:436990ms step_avg:491.00ms
step:891/1480 train_time:437641ms step_avg:491.18ms
step:892/1480 train_time:438295ms step_avg:491.36ms
step:893/1480 train_time:438948ms step_avg:491.54ms
step:894/1480 train_time:439597ms step_avg:491.72ms
step:895/1480 train_time:440251ms step_avg:491.90ms
step:896/1480 train_time:440900ms step_avg:492.08ms
step:897/1480 train_time:441551ms step_avg:492.25ms
step:898/1480 train_time:442205ms step_avg:492.43ms
step:899/1480 train_time:442855ms step_avg:492.61ms
step:900/1480 train_time:443510ms step_avg:492.79ms
step:901/1480 train_time:444164ms step_avg:492.97ms
step:902/1480 train_time:444815ms step_avg:493.14ms
step:903/1480 train_time:445469ms step_avg:493.32ms
step:904/1480 train_time:446118ms step_avg:493.49ms
step:905/1480 train_time:446771ms step_avg:493.67ms
step:906/1480 train_time:447424ms step_avg:493.85ms
step:907/1480 train_time:448077ms step_avg:494.02ms
step:908/1480 train_time:448726ms step_avg:494.19ms
step:909/1480 train_time:449380ms step_avg:494.37ms
step:910/1480 train_time:450034ms step_avg:494.54ms
step:911/1480 train_time:450686ms step_avg:494.72ms
step:912/1480 train_time:451336ms step_avg:494.89ms
step:913/1480 train_time:451991ms step_avg:495.06ms
step:914/1480 train_time:452638ms step_avg:495.23ms
step:915/1480 train_time:453292ms step_avg:495.40ms
step:916/1480 train_time:453940ms step_avg:495.57ms
step:917/1480 train_time:454592ms step_avg:495.74ms
step:918/1480 train_time:455242ms step_avg:495.91ms
step:919/1480 train_time:455895ms step_avg:496.08ms
step:920/1480 train_time:456548ms step_avg:496.25ms
step:921/1480 train_time:457204ms step_avg:496.42ms
step:922/1480 train_time:457855ms step_avg:496.59ms
step:923/1480 train_time:458509ms step_avg:496.76ms
step:924/1480 train_time:459157ms step_avg:496.92ms
step:925/1480 train_time:459810ms step_avg:497.09ms
step:926/1480 train_time:460459ms step_avg:497.26ms
step:927/1480 train_time:461110ms step_avg:497.42ms
step:928/1480 train_time:461758ms step_avg:497.58ms
step:929/1480 train_time:462410ms step_avg:497.75ms
step:930/1480 train_time:463062ms step_avg:497.92ms
step:931/1480 train_time:463715ms step_avg:498.08ms
step:932/1480 train_time:464367ms step_avg:498.25ms
step:933/1480 train_time:465018ms step_avg:498.41ms
step:934/1480 train_time:465671ms step_avg:498.58ms
step:935/1480 train_time:466324ms step_avg:498.74ms
step:936/1480 train_time:466978ms step_avg:498.91ms
step:937/1480 train_time:467630ms step_avg:499.07ms
step:938/1480 train_time:468283ms step_avg:499.24ms
step:939/1480 train_time:468937ms step_avg:499.40ms
step:940/1480 train_time:469588ms step_avg:499.56ms
step:941/1480 train_time:470242ms step_avg:499.73ms
step:942/1480 train_time:470893ms step_avg:499.89ms
step:943/1480 train_time:471545ms step_avg:500.05ms
step:944/1480 train_time:472198ms step_avg:500.21ms
step:945/1480 train_time:472851ms step_avg:500.37ms
step:946/1480 train_time:473499ms step_avg:500.53ms
step:947/1480 train_time:474151ms step_avg:500.69ms
step:948/1480 train_time:474805ms step_avg:500.85ms
step:949/1480 train_time:475455ms step_avg:501.01ms
step:950/1480 train_time:476110ms step_avg:501.17ms
step:951/1480 train_time:476761ms step_avg:501.33ms
step:952/1480 train_time:477413ms step_avg:501.48ms
step:953/1480 train_time:478068ms step_avg:501.65ms
step:954/1480 train_time:478717ms step_avg:501.80ms
step:955/1480 train_time:479370ms step_avg:501.96ms
step:956/1480 train_time:480018ms step_avg:502.11ms
step:957/1480 train_time:480671ms step_avg:502.27ms
step:958/1480 train_time:481318ms step_avg:502.42ms
step:959/1480 train_time:481970ms step_avg:502.58ms
step:960/1480 train_time:482617ms step_avg:502.73ms
step:961/1480 train_time:483555ms step_avg:503.18ms
step:962/1480 train_time:484518ms step_avg:503.66ms
step:963/1480 train_time:485489ms step_avg:504.14ms
step:964/1480 train_time:486458ms step_avg:504.62ms
step:965/1480 train_time:487428ms step_avg:505.11ms
step:966/1480 train_time:488397ms step_avg:505.59ms
step:967/1480 train_time:489365ms step_avg:506.07ms
step:968/1480 train_time:490330ms step_avg:506.54ms
step:969/1480 train_time:491295ms step_avg:507.01ms
step:970/1480 train_time:492259ms step_avg:507.48ms
step:971/1480 train_time:493230ms step_avg:507.96ms
step:972/1480 train_time:494197ms step_avg:508.43ms
step:973/1480 train_time:495169ms step_avg:508.91ms
step:974/1480 train_time:496137ms step_avg:509.38ms
step:975/1480 train_time:497109ms step_avg:509.86ms
step:976/1480 train_time:498075ms step_avg:510.32ms
step:977/1480 train_time:499041ms step_avg:510.79ms
step:978/1480 train_time:500010ms step_avg:511.26ms
step:979/1480 train_time:500978ms step_avg:511.72ms
step:980/1480 train_time:501938ms step_avg:512.18ms
step:981/1480 train_time:502909ms step_avg:512.65ms
step:982/1480 train_time:503873ms step_avg:513.11ms
step:983/1480 train_time:504837ms step_avg:513.57ms
step:984/1480 train_time:505799ms step_avg:514.02ms
step:985/1480 train_time:506769ms step_avg:514.49ms
step:986/1480 train_time:507736ms step_avg:514.94ms
step:987/1480 train_time:508706ms step_avg:515.41ms
step:988/1480 train_time:509672ms step_avg:515.86ms
step:989/1480 train_time:510637ms step_avg:516.32ms
step:990/1480 train_time:511598ms step_avg:516.77ms
step:991/1480 train_time:512569ms step_avg:517.22ms
step:992/1480 train_time:513538ms step_avg:517.68ms
step:993/1480 train_time:514508ms step_avg:518.14ms
step:994/1480 train_time:515477ms step_avg:518.59ms
step:995/1480 train_time:516448ms step_avg:519.04ms
step:996/1480 train_time:517415ms step_avg:519.49ms
step:997/1480 train_time:518385ms step_avg:519.94ms
step:998/1480 train_time:519351ms step_avg:520.39ms
step:999/1480 train_time:520316ms step_avg:520.84ms
step:1000/1480 train_time:521281ms step_avg:521.28ms
step:1000/1480 val_loss:3.5122 train_time:521418ms step_avg:521.42ms
step:1001/1480 train_time:522242ms step_avg:521.72ms
step:1002/1480 train_time:523205ms step_avg:522.16ms
step:1003/1480 train_time:524177ms step_avg:522.61ms
step:1004/1480 train_time:525144ms step_avg:523.05ms
step:1005/1480 train_time:526118ms step_avg:523.50ms
step:1006/1480 train_time:527085ms step_avg:523.94ms
step:1007/1480 train_time:528056ms step_avg:524.39ms
step:1008/1480 train_time:529020ms step_avg:524.82ms
step:1009/1480 train_time:529984ms step_avg:525.26ms
step:1010/1480 train_time:530946ms step_avg:525.69ms
step:1011/1480 train_time:531918ms step_avg:526.13ms
step:1012/1480 train_time:532884ms step_avg:526.57ms
step:1013/1480 train_time:533856ms step_avg:527.00ms
step:1014/1480 train_time:534821ms step_avg:527.44ms
step:1015/1480 train_time:535786ms step_avg:527.87ms
step:1016/1480 train_time:536757ms step_avg:528.30ms
step:1017/1480 train_time:537725ms step_avg:528.74ms
step:1018/1480 train_time:538686ms step_avg:529.16ms
step:1019/1480 train_time:539658ms step_avg:529.60ms
step:1020/1480 train_time:540626ms step_avg:530.03ms
step:1021/1480 train_time:541595ms step_avg:530.46ms
step:1022/1480 train_time:542560ms step_avg:530.88ms
step:1023/1480 train_time:543526ms step_avg:531.31ms
step:1024/1480 train_time:544496ms step_avg:531.73ms
step:1025/1480 train_time:545460ms step_avg:532.16ms
step:1026/1480 train_time:546425ms step_avg:532.58ms
step:1027/1480 train_time:547396ms step_avg:533.00ms
step:1028/1480 train_time:548361ms step_avg:533.43ms
step:1029/1480 train_time:549327ms step_avg:533.85ms
step:1030/1480 train_time:550292ms step_avg:534.26ms
step:1031/1480 train_time:551260ms step_avg:534.69ms
step:1032/1480 train_time:552224ms step_avg:535.10ms
step:1033/1480 train_time:553195ms step_avg:535.52ms
step:1034/1480 train_time:554160ms step_avg:535.94ms
step:1035/1480 train_time:555125ms step_avg:536.35ms
step:1036/1480 train_time:556088ms step_avg:536.76ms
step:1037/1480 train_time:557058ms step_avg:537.18ms
step:1038/1480 train_time:558024ms step_avg:537.60ms
step:1039/1480 train_time:558993ms step_avg:538.01ms
step:1040/1480 train_time:559960ms step_avg:538.42ms
step:1041/1480 train_time:560923ms step_avg:538.83ms
step:1042/1480 train_time:561886ms step_avg:539.24ms
step:1043/1480 train_time:562856ms step_avg:539.65ms
step:1044/1480 train_time:563820ms step_avg:540.06ms
step:1045/1480 train_time:564785ms step_avg:540.46ms
step:1046/1480 train_time:565747ms step_avg:540.87ms
step:1047/1480 train_time:566717ms step_avg:541.28ms
step:1048/1480 train_time:567682ms step_avg:541.68ms
step:1049/1480 train_time:568647ms step_avg:542.08ms
step:1050/1480 train_time:569606ms step_avg:542.48ms
step:1051/1480 train_time:570578ms step_avg:542.89ms
step:1052/1480 train_time:571542ms step_avg:543.29ms
step:1053/1480 train_time:572506ms step_avg:543.69ms
step:1054/1480 train_time:573468ms step_avg:544.09ms
step:1055/1480 train_time:574438ms step_avg:544.49ms
step:1056/1480 train_time:575405ms step_avg:544.89ms
step:1057/1480 train_time:576376ms step_avg:545.29ms
step:1058/1480 train_time:577341ms step_avg:545.69ms
step:1059/1480 train_time:578305ms step_avg:546.09ms
step:1060/1480 train_time:579267ms step_avg:546.48ms
step:1061/1480 train_time:580236ms step_avg:546.88ms
step:1062/1480 train_time:581200ms step_avg:547.27ms
step:1063/1480 train_time:582164ms step_avg:547.66ms
step:1064/1480 train_time:583127ms step_avg:548.05ms
step:1065/1480 train_time:584096ms step_avg:548.45ms
step:1066/1480 train_time:585060ms step_avg:548.84ms
step:1067/1480 train_time:586026ms step_avg:549.23ms
step:1068/1480 train_time:586987ms step_avg:549.61ms
step:1069/1480 train_time:587956ms step_avg:550.01ms
step:1070/1480 train_time:588921ms step_avg:550.39ms
step:1071/1480 train_time:589885ms step_avg:550.78ms
step:1072/1480 train_time:590847ms step_avg:551.16ms
step:1073/1480 train_time:591817ms step_avg:551.55ms
step:1074/1480 train_time:592782ms step_avg:551.94ms
step:1075/1480 train_time:593745ms step_avg:552.32ms
step:1076/1480 train_time:594712ms step_avg:552.71ms
step:1077/1480 train_time:595679ms step_avg:553.09ms
step:1078/1480 train_time:596643ms step_avg:553.47ms
step:1079/1480 train_time:597608ms step_avg:553.85ms
step:1080/1480 train_time:598580ms step_avg:554.24ms
step:1081/1480 train_time:599545ms step_avg:554.62ms
step:1082/1480 train_time:600507ms step_avg:555.00ms
step:1083/1480 train_time:601477ms step_avg:555.38ms
step:1084/1480 train_time:602441ms step_avg:555.76ms
step:1085/1480 train_time:603404ms step_avg:556.13ms
step:1086/1480 train_time:604366ms step_avg:556.51ms
step:1087/1480 train_time:605337ms step_avg:556.89ms
step:1088/1480 train_time:606301ms step_avg:557.26ms
step:1089/1480 train_time:607265ms step_avg:557.64ms
step:1090/1480 train_time:608227ms step_avg:558.01ms
step:1091/1480 train_time:609196ms step_avg:558.38ms
step:1092/1480 train_time:610165ms step_avg:558.76ms
step:1093/1480 train_time:611136ms step_avg:559.14ms
step:1094/1480 train_time:612102ms step_avg:559.51ms
step:1095/1480 train_time:613066ms step_avg:559.88ms
step:1096/1480 train_time:614029ms step_avg:560.25ms
step:1097/1480 train_time:614999ms step_avg:560.62ms
step:1098/1480 train_time:615967ms step_avg:560.99ms
step:1099/1480 train_time:616937ms step_avg:561.36ms
step:1100/1480 train_time:617902ms step_avg:561.73ms
step:1101/1480 train_time:618866ms step_avg:562.09ms
step:1102/1480 train_time:619829ms step_avg:562.46ms
step:1103/1480 train_time:620797ms step_avg:562.83ms
step:1104/1480 train_time:621765ms step_avg:563.19ms
step:1105/1480 train_time:622735ms step_avg:563.56ms
step:1106/1480 train_time:623700ms step_avg:563.92ms
step:1107/1480 train_time:624666ms step_avg:564.29ms
step:1108/1480 train_time:625628ms step_avg:564.65ms
step:1109/1480 train_time:626597ms step_avg:565.01ms
step:1110/1480 train_time:627561ms step_avg:565.37ms
step:1111/1480 train_time:628525ms step_avg:565.73ms
step:1112/1480 train_time:629487ms step_avg:566.09ms
step:1113/1480 train_time:630458ms step_avg:566.45ms
step:1114/1480 train_time:631423ms step_avg:566.81ms
step:1115/1480 train_time:632388ms step_avg:567.16ms
step:1116/1480 train_time:633351ms step_avg:567.52ms
step:1117/1480 train_time:634318ms step_avg:567.88ms
step:1118/1480 train_time:635281ms step_avg:568.23ms
step:1119/1480 train_time:636246ms step_avg:568.58ms
step:1120/1480 train_time:637208ms step_avg:568.94ms
step:1121/1480 train_time:638178ms step_avg:569.29ms
step:1122/1480 train_time:639146ms step_avg:569.65ms
step:1123/1480 train_time:640115ms step_avg:570.00ms
step:1124/1480 train_time:641080ms step_avg:570.36ms
step:1125/1480 train_time:642045ms step_avg:570.71ms
step:1126/1480 train_time:643008ms step_avg:571.05ms
step:1127/1480 train_time:643975ms step_avg:571.41ms
step:1128/1480 train_time:644942ms step_avg:571.76ms
step:1129/1480 train_time:645907ms step_avg:572.11ms
step:1130/1480 train_time:646868ms step_avg:572.45ms
step:1131/1480 train_time:647840ms step_avg:572.80ms
step:1132/1480 train_time:648807ms step_avg:573.15ms
step:1133/1480 train_time:649777ms step_avg:573.50ms
step:1134/1480 train_time:650747ms step_avg:573.85ms
step:1135/1480 train_time:651716ms step_avg:574.20ms
step:1136/1480 train_time:652683ms step_avg:574.54ms
step:1137/1480 train_time:653645ms step_avg:574.89ms
step:1138/1480 train_time:654609ms step_avg:575.23ms
step:1139/1480 train_time:655578ms step_avg:575.57ms
step:1140/1480 train_time:656546ms step_avg:575.92ms
step:1141/1480 train_time:657515ms step_avg:576.26ms
step:1142/1480 train_time:658482ms step_avg:576.60ms
step:1143/1480 train_time:659446ms step_avg:576.94ms
step:1144/1480 train_time:660408ms step_avg:577.28ms
step:1145/1480 train_time:661379ms step_avg:577.62ms
step:1146/1480 train_time:662346ms step_avg:577.96ms
step:1147/1480 train_time:663317ms step_avg:578.31ms
step:1148/1480 train_time:664282ms step_avg:578.64ms
step:1149/1480 train_time:665247ms step_avg:578.98ms
step:1150/1480 train_time:666209ms step_avg:579.31ms
step:1151/1480 train_time:667177ms step_avg:579.65ms
step:1152/1480 train_time:668142ms step_avg:579.98ms
step:1153/1480 train_time:669106ms step_avg:580.32ms
step:1154/1480 train_time:670069ms step_avg:580.65ms
step:1155/1480 train_time:671037ms step_avg:580.98ms
step:1156/1480 train_time:672002ms step_avg:581.32ms
step:1157/1480 train_time:672967ms step_avg:581.65ms
step:1158/1480 train_time:673929ms step_avg:581.98ms
step:1159/1480 train_time:674900ms step_avg:582.31ms
step:1160/1480 train_time:675867ms step_avg:582.64ms
step:1161/1480 train_time:676837ms step_avg:582.98ms
step:1162/1480 train_time:677802ms step_avg:583.31ms
step:1163/1480 train_time:678766ms step_avg:583.63ms
step:1164/1480 train_time:679729ms step_avg:583.96ms
step:1165/1480 train_time:680699ms step_avg:584.29ms
step:1166/1480 train_time:681667ms step_avg:584.62ms
step:1167/1480 train_time:682637ms step_avg:584.95ms
step:1168/1480 train_time:683603ms step_avg:585.28ms
step:1169/1480 train_time:684567ms step_avg:585.60ms
step:1170/1480 train_time:685530ms step_avg:585.92ms
step:1171/1480 train_time:686501ms step_avg:586.25ms
step:1172/1480 train_time:687466ms step_avg:586.57ms
step:1173/1480 train_time:688438ms step_avg:586.90ms
step:1174/1480 train_time:689405ms step_avg:587.23ms
step:1175/1480 train_time:690369ms step_avg:587.55ms
step:1176/1480 train_time:691336ms step_avg:587.87ms
step:1177/1480 train_time:692301ms step_avg:588.19ms
step:1178/1480 train_time:693267ms step_avg:588.51ms
step:1179/1480 train_time:694239ms step_avg:588.84ms
step:1180/1480 train_time:695202ms step_avg:589.15ms
step:1181/1480 train_time:696167ms step_avg:589.47ms
step:1182/1480 train_time:697129ms step_avg:589.79ms
step:1183/1480 train_time:698100ms step_avg:590.11ms
step:1184/1480 train_time:699065ms step_avg:590.43ms
step:1185/1480 train_time:700031ms step_avg:590.74ms
step:1186/1480 train_time:701000ms step_avg:591.06ms
step:1187/1480 train_time:701962ms step_avg:591.38ms
step:1188/1480 train_time:702927ms step_avg:591.69ms
step:1189/1480 train_time:703899ms step_avg:592.01ms
step:1190/1480 train_time:704865ms step_avg:592.32ms
step:1191/1480 train_time:705837ms step_avg:592.64ms
step:1192/1480 train_time:706802ms step_avg:592.95ms
step:1193/1480 train_time:707767ms step_avg:593.27ms
step:1194/1480 train_time:708732ms step_avg:593.58ms
step:1195/1480 train_time:709701ms step_avg:593.89ms
step:1196/1480 train_time:710666ms step_avg:594.20ms
step:1197/1480 train_time:711633ms step_avg:594.51ms
step:1198/1480 train_time:712600ms step_avg:594.83ms
step:1199/1480 train_time:713565ms step_avg:595.13ms
step:1200/1480 train_time:714528ms step_avg:595.44ms
step:1201/1480 train_time:715497ms step_avg:595.75ms
step:1202/1480 train_time:716463ms step_avg:596.06ms
step:1203/1480 train_time:717427ms step_avg:596.36ms
step:1204/1480 train_time:718390ms step_avg:596.67ms
step:1205/1480 train_time:719360ms step_avg:596.98ms
step:1206/1480 train_time:720327ms step_avg:597.29ms
step:1207/1480 train_time:721297ms step_avg:597.59ms
step:1208/1480 train_time:722262ms step_avg:597.90ms
step:1209/1480 train_time:723227ms step_avg:598.20ms
step:1210/1480 train_time:724193ms step_avg:598.51ms
step:1211/1480 train_time:725161ms step_avg:598.81ms
step:1212/1480 train_time:726125ms step_avg:599.11ms
step:1213/1480 train_time:727089ms step_avg:599.41ms
step:1214/1480 train_time:728051ms step_avg:599.71ms
step:1215/1480 train_time:729020ms step_avg:600.02ms
step:1216/1480 train_time:729987ms step_avg:600.32ms
step:1217/1480 train_time:730957ms step_avg:600.62ms
step:1218/1480 train_time:731924ms step_avg:600.92ms
step:1219/1480 train_time:732888ms step_avg:601.22ms
step:1220/1480 train_time:733850ms step_avg:601.52ms
step:1221/1480 train_time:734821ms step_avg:601.82ms
step:1222/1480 train_time:735787ms step_avg:602.12ms
step:1223/1480 train_time:736757ms step_avg:602.42ms
step:1224/1480 train_time:737722ms step_avg:602.71ms
step:1225/1480 train_time:738689ms step_avg:603.01ms
step:1226/1480 train_time:739649ms step_avg:603.30ms
step:1227/1480 train_time:740621ms step_avg:603.60ms
step:1228/1480 train_time:741588ms step_avg:603.90ms
step:1229/1480 train_time:742557ms step_avg:604.20ms
step:1230/1480 train_time:743523ms step_avg:604.49ms
step:1231/1480 train_time:744488ms step_avg:604.78ms
step:1232/1480 train_time:745450ms step_avg:605.07ms
step:1233/1480 train_time:746420ms step_avg:605.37ms
step:1234/1480 train_time:747388ms step_avg:605.66ms
step:1235/1480 train_time:748358ms step_avg:605.96ms
step:1236/1480 train_time:749322ms step_avg:606.25ms
step:1237/1480 train_time:750287ms step_avg:606.54ms
step:1238/1480 train_time:751249ms step_avg:606.82ms
step:1239/1480 train_time:752216ms step_avg:607.12ms
step:1240/1480 train_time:753182ms step_avg:607.40ms
step:1241/1480 train_time:754147ms step_avg:607.69ms
step:1242/1480 train_time:755108ms step_avg:607.98ms
step:1243/1480 train_time:756080ms step_avg:608.27ms
step:1244/1480 train_time:757045ms step_avg:608.56ms
step:1245/1480 train_time:758015ms step_avg:608.85ms
step:1246/1480 train_time:758982ms step_avg:609.13ms
step:1247/1480 train_time:759948ms step_avg:609.42ms
step:1248/1480 train_time:760910ms step_avg:609.70ms
step:1249/1480 train_time:761879ms step_avg:609.99ms
step:1250/1480 train_time:762845ms step_avg:610.28ms
step:1250/1480 val_loss:3.3663 train_time:762984ms step_avg:610.39ms
step:1251/1480 train_time:763811ms step_avg:610.56ms
step:1252/1480 train_time:764774ms step_avg:610.84ms
step:1253/1480 train_time:765738ms step_avg:611.12ms
step:1254/1480 train_time:766708ms step_avg:611.41ms
step:1255/1480 train_time:767673ms step_avg:611.69ms
step:1256/1480 train_time:768635ms step_avg:611.97ms
step:1257/1480 train_time:769603ms step_avg:612.25ms
step:1258/1480 train_time:770569ms step_avg:612.54ms
step:1259/1480 train_time:771532ms step_avg:612.81ms
step:1260/1480 train_time:772498ms step_avg:613.09ms
step:1261/1480 train_time:773469ms step_avg:613.38ms
step:1262/1480 train_time:774437ms step_avg:613.66ms
step:1263/1480 train_time:775406ms step_avg:613.94ms
step:1264/1480 train_time:776372ms step_avg:614.22ms
step:1265/1480 train_time:777338ms step_avg:614.50ms
step:1266/1480 train_time:778299ms step_avg:614.77ms
step:1267/1480 train_time:779267ms step_avg:615.05ms
step:1268/1480 train_time:780233ms step_avg:615.33ms
step:1269/1480 train_time:781196ms step_avg:615.60ms
step:1270/1480 train_time:782159ms step_avg:615.87ms
step:1271/1480 train_time:783127ms step_avg:616.15ms
step:1272/1480 train_time:784093ms step_avg:616.42ms
step:1273/1480 train_time:785055ms step_avg:616.70ms
step:1274/1480 train_time:786017ms step_avg:616.97ms
step:1275/1480 train_time:786989ms step_avg:617.25ms
step:1276/1480 train_time:787954ms step_avg:617.52ms
step:1277/1480 train_time:788917ms step_avg:617.79ms
step:1278/1480 train_time:789879ms step_avg:618.06ms
step:1279/1480 train_time:790847ms step_avg:618.33ms
step:1280/1480 train_time:791812ms step_avg:618.60ms
step:1281/1480 train_time:792777ms step_avg:618.87ms
step:1282/1480 train_time:793739ms step_avg:619.14ms
step:1283/1480 train_time:794709ms step_avg:619.41ms
step:1284/1480 train_time:795677ms step_avg:619.69ms
step:1285/1480 train_time:796647ms step_avg:619.96ms
step:1286/1480 train_time:797613ms step_avg:620.23ms
step:1287/1480 train_time:798576ms step_avg:620.49ms
step:1288/1480 train_time:799539ms step_avg:620.76ms
step:1289/1480 train_time:800508ms step_avg:621.03ms
step:1290/1480 train_time:801473ms step_avg:621.30ms
step:1291/1480 train_time:802438ms step_avg:621.56ms
step:1292/1480 train_time:803401ms step_avg:621.83ms
step:1293/1480 train_time:804372ms step_avg:622.10ms
step:1294/1480 train_time:805338ms step_avg:622.36ms
step:1295/1480 train_time:806310ms step_avg:622.63ms
step:1296/1480 train_time:807277ms step_avg:622.90ms
step:1297/1480 train_time:808247ms step_avg:623.17ms
step:1298/1480 train_time:809213ms step_avg:623.43ms
step:1299/1480 train_time:810178ms step_avg:623.69ms
step:1300/1480 train_time:811140ms step_avg:623.95ms
step:1301/1480 train_time:812110ms step_avg:624.22ms
step:1302/1480 train_time:813075ms step_avg:624.48ms
step:1303/1480 train_time:814038ms step_avg:624.74ms
step:1304/1480 train_time:815006ms step_avg:625.00ms
step:1305/1480 train_time:815972ms step_avg:625.27ms
step:1306/1480 train_time:816936ms step_avg:625.53ms
step:1307/1480 train_time:817907ms step_avg:625.79ms
step:1308/1480 train_time:818873ms step_avg:626.05ms
step:1309/1480 train_time:819838ms step_avg:626.31ms
step:1310/1480 train_time:820799ms step_avg:626.56ms
step:1311/1480 train_time:821769ms step_avg:626.83ms
step:1312/1480 train_time:822735ms step_avg:627.08ms
step:1313/1480 train_time:823698ms step_avg:627.34ms
step:1314/1480 train_time:824660ms step_avg:627.60ms
step:1315/1480 train_time:825630ms step_avg:627.86ms
step:1316/1480 train_time:826595ms step_avg:628.11ms
step:1317/1480 train_time:827558ms step_avg:628.37ms
step:1318/1480 train_time:828521ms step_avg:628.62ms
step:1319/1480 train_time:829490ms step_avg:628.88ms
step:1320/1480 train_time:830454ms step_avg:629.13ms
step:1321/1480 train_time:831418ms step_avg:629.39ms
step:1322/1480 train_time:832379ms step_avg:629.64ms
step:1323/1480 train_time:833349ms step_avg:629.89ms
step:1324/1480 train_time:834313ms step_avg:630.15ms
step:1325/1480 train_time:835278ms step_avg:630.40ms
step:1326/1480 train_time:836239ms step_avg:630.65ms
step:1327/1480 train_time:837211ms step_avg:630.90ms
step:1328/1480 train_time:838176ms step_avg:631.16ms
step:1329/1480 train_time:839145ms step_avg:631.41ms
step:1330/1480 train_time:840112ms step_avg:631.66ms
step:1331/1480 train_time:841078ms step_avg:631.91ms
step:1332/1480 train_time:842040ms step_avg:632.16ms
step:1333/1480 train_time:843010ms step_avg:632.42ms
step:1334/1480 train_time:843977ms step_avg:632.67ms
step:1335/1480 train_time:844947ms step_avg:632.92ms
step:1336/1480 train_time:845913ms step_avg:633.17ms
step:1337/1480 train_time:846878ms step_avg:633.42ms
step:1338/1480 train_time:847841ms step_avg:633.66ms
step:1339/1480 train_time:848809ms step_avg:633.91ms
step:1340/1480 train_time:849773ms step_avg:634.16ms
step:1341/1480 train_time:850737ms step_avg:634.41ms
step:1342/1480 train_time:851699ms step_avg:634.65ms
step:1343/1480 train_time:852669ms step_avg:634.90ms
step:1344/1480 train_time:853634ms step_avg:635.14ms
step:1345/1480 train_time:854598ms step_avg:635.39ms
step:1346/1480 train_time:855559ms step_avg:635.63ms
step:1347/1480 train_time:856526ms step_avg:635.88ms
step:1348/1480 train_time:857493ms step_avg:636.12ms
step:1349/1480 train_time:858458ms step_avg:636.37ms
step:1350/1480 train_time:859420ms step_avg:636.61ms
step:1351/1480 train_time:860388ms step_avg:636.85ms
step:1352/1480 train_time:861354ms step_avg:637.10ms
step:1353/1480 train_time:862318ms step_avg:637.34ms
step:1354/1480 train_time:863279ms step_avg:637.58ms
step:1355/1480 train_time:864250ms step_avg:637.82ms
step:1356/1480 train_time:865214ms step_avg:638.06ms
step:1357/1480 train_time:866178ms step_avg:638.30ms
step:1358/1480 train_time:867140ms step_avg:638.54ms
step:1359/1480 train_time:868110ms step_avg:638.79ms
step:1360/1480 train_time:869074ms step_avg:639.02ms
step:1361/1480 train_time:870038ms step_avg:639.26ms
step:1362/1480 train_time:870999ms step_avg:639.50ms
step:1363/1480 train_time:871969ms step_avg:639.74ms
step:1364/1480 train_time:872933ms step_avg:639.98ms
step:1365/1480 train_time:873898ms step_avg:640.22ms
step:1366/1480 train_time:874861ms step_avg:640.45ms
step:1367/1480 train_time:875830ms step_avg:640.69ms
step:1368/1480 train_time:876798ms step_avg:640.93ms
step:1369/1480 train_time:877759ms step_avg:641.17ms
step:1370/1480 train_time:878725ms step_avg:641.41ms
step:1371/1480 train_time:879692ms step_avg:641.64ms
step:1372/1480 train_time:880657ms step_avg:641.88ms
step:1373/1480 train_time:881620ms step_avg:642.11ms
step:1374/1480 train_time:882581ms step_avg:642.34ms
step:1375/1480 train_time:883549ms step_avg:642.58ms
step:1376/1480 train_time:884514ms step_avg:642.82ms
step:1377/1480 train_time:885478ms step_avg:643.05ms
step:1378/1480 train_time:886440ms step_avg:643.28ms
step:1379/1480 train_time:887410ms step_avg:643.52ms
step:1380/1480 train_time:888375ms step_avg:643.75ms
step:1381/1480 train_time:889339ms step_avg:643.98ms
step:1382/1480 train_time:890301ms step_avg:644.21ms
step:1383/1480 train_time:891270ms step_avg:644.45ms
step:1384/1480 train_time:892238ms step_avg:644.68ms
step:1385/1480 train_time:893210ms step_avg:644.92ms
step:1386/1480 train_time:894174ms step_avg:645.15ms
step:1387/1480 train_time:895139ms step_avg:645.38ms
step:1388/1480 train_time:896101ms step_avg:645.61ms
step:1389/1480 train_time:897071ms step_avg:645.84ms
step:1390/1480 train_time:898035ms step_avg:646.07ms
step:1391/1480 train_time:898999ms step_avg:646.30ms
step:1392/1480 train_time:899960ms step_avg:646.52ms
step:1393/1480 train_time:900929ms step_avg:646.75ms
step:1394/1480 train_time:901893ms step_avg:646.98ms
step:1395/1480 train_time:902860ms step_avg:647.21ms
step:1396/1480 train_time:903821ms step_avg:647.44ms
step:1397/1480 train_time:904793ms step_avg:647.67ms
step:1398/1480 train_time:905756ms step_avg:647.89ms
step:1399/1480 train_time:906719ms step_avg:648.12ms
step:1400/1480 train_time:907681ms step_avg:648.34ms
step:1401/1480 train_time:908649ms step_avg:648.57ms
step:1402/1480 train_time:909614ms step_avg:648.80ms
step:1403/1480 train_time:910580ms step_avg:649.02ms
step:1404/1480 train_time:911546ms step_avg:649.25ms
step:1405/1480 train_time:912513ms step_avg:649.48ms
step:1406/1480 train_time:913478ms step_avg:649.70ms
step:1407/1480 train_time:914448ms step_avg:649.93ms
step:1408/1480 train_time:915414ms step_avg:650.15ms
step:1409/1480 train_time:916378ms step_avg:650.37ms
step:1410/1480 train_time:917341ms step_avg:650.60ms
step:1411/1480 train_time:918310ms step_avg:650.82ms
step:1412/1480 train_time:919275ms step_avg:651.04ms
step:1413/1480 train_time:920238ms step_avg:651.27ms
step:1414/1480 train_time:921201ms step_avg:651.49ms
step:1415/1480 train_time:922173ms step_avg:651.71ms
step:1416/1480 train_time:923137ms step_avg:651.93ms
step:1417/1480 train_time:924101ms step_avg:652.15ms
step:1418/1480 train_time:925069ms step_avg:652.38ms
step:1419/1480 train_time:926036ms step_avg:652.60ms
step:1420/1480 train_time:926999ms step_avg:652.82ms
step:1421/1480 train_time:927970ms step_avg:653.04ms
step:1422/1480 train_time:928936ms step_avg:653.26ms
step:1423/1480 train_time:929900ms step_avg:653.48ms
step:1424/1480 train_time:930862ms step_avg:653.69ms
step:1425/1480 train_time:931831ms step_avg:653.92ms
step:1426/1480 train_time:932795ms step_avg:654.13ms
step:1427/1480 train_time:933759ms step_avg:654.35ms
step:1428/1480 train_time:934722ms step_avg:654.57ms
step:1429/1480 train_time:935693ms step_avg:654.79ms
step:1430/1480 train_time:936660ms step_avg:655.01ms
step:1431/1480 train_time:937632ms step_avg:655.23ms
step:1432/1480 train_time:938596ms step_avg:655.44ms
step:1433/1480 train_time:939559ms step_avg:655.66ms
step:1434/1480 train_time:940521ms step_avg:655.87ms
step:1435/1480 train_time:941491ms step_avg:656.09ms
step:1436/1480 train_time:942456ms step_avg:656.31ms
step:1437/1480 train_time:943421ms step_avg:656.52ms
step:1438/1480 train_time:944391ms step_avg:656.74ms
step:1439/1480 train_time:945356ms step_avg:656.95ms
step:1440/1480 train_time:946320ms step_avg:657.17ms
step:1441/1480 train_time:947297ms step_avg:657.39ms
step:1442/1480 train_time:948263ms step_avg:657.60ms
step:1443/1480 train_time:949234ms step_avg:657.82ms
step:1444/1480 train_time:950202ms step_avg:658.03ms
step:1445/1480 train_time:951174ms step_avg:658.25ms
step:1446/1480 train_time:952142ms step_avg:658.47ms
step:1447/1480 train_time:953114ms step_avg:658.68ms
step:1448/1480 train_time:954081ms step_avg:658.90ms
step:1449/1480 train_time:955052ms step_avg:659.11ms
step:1450/1480 train_time:956022ms step_avg:659.33ms
step:1451/1480 train_time:956995ms step_avg:659.54ms
step:1452/1480 train_time:957962ms step_avg:659.75ms
step:1453/1480 train_time:958935ms step_avg:659.97ms
step:1454/1480 train_time:959902ms step_avg:660.18ms
step:1455/1480 train_time:960873ms step_avg:660.39ms
step:1456/1480 train_time:961841ms step_avg:660.61ms
step:1457/1480 train_time:962814ms step_avg:660.82ms
step:1458/1480 train_time:963781ms step_avg:661.03ms
step:1459/1480 train_time:964753ms step_avg:661.24ms
step:1460/1480 train_time:965722ms step_avg:661.45ms
step:1461/1480 train_time:966694ms step_avg:661.67ms
step:1462/1480 train_time:967661ms step_avg:661.88ms
step:1463/1480 train_time:968633ms step_avg:662.09ms
step:1464/1480 train_time:969601ms step_avg:662.30ms
step:1465/1480 train_time:970574ms step_avg:662.51ms
step:1466/1480 train_time:971542ms step_avg:662.72ms
step:1467/1480 train_time:972513ms step_avg:662.93ms
step:1468/1480 train_time:973481ms step_avg:663.13ms
step:1469/1480 train_time:974453ms step_avg:663.34ms
step:1470/1480 train_time:975422ms step_avg:663.55ms
step:1471/1480 train_time:976394ms step_avg:663.76ms
step:1472/1480 train_time:977362ms step_avg:663.97ms
step:1473/1480 train_time:978335ms step_avg:664.18ms
step:1474/1480 train_time:979303ms step_avg:664.38ms
step:1475/1480 train_time:980276ms step_avg:664.59ms
step:1476/1480 train_time:981243ms step_avg:664.80ms
step:1477/1480 train_time:982216ms step_avg:665.01ms
step:1478/1480 train_time:983181ms step_avg:665.21ms
step:1479/1480 train_time:984156ms step_avg:665.42ms
step:1480/1480 train_time:985122ms step_avg:665.62ms
step:1480/1480 val_loss:3.2785 train_time:985261ms step_avg:665.72ms
peak memory allocated: 37332 MiB reserved: 46090 MiB
