Traceback (most recent call last):
  File "/home/ubuntu/modded-nanogpt-private/train_gpt.py", line 38, in <module>
    from triton_kernels import XXT, XTX, ba_plus_cAA, FusedLinearReLUSquareFunction, FusedSoftcappedCrossEntropy, transpose_add, transpose_copy
  File "/home/ubuntu/modded-nanogpt-private/triton_kernels.py", line 897, in <module>
    ce_fwd_bwd_kernel = torch.cuda._compile_kernel(
  File "/home/ubuntu/.local/lib/python3.10/site-packages/torch/cuda/__init__.py", line 1806, in _compile_kernel
    ptx, mangled_name = _nvrtc_compile(
  File "/home/ubuntu/.local/lib/python3.10/site-packages/torch/cuda/_utils.py", line 190, in _nvrtc_compile
    cuda_include_paths = include_paths("cuda")
  File "/home/ubuntu/.local/lib/python3.10/site-packages/torch/utils/cpp_extension.py", line 1582, in include_paths
    cuda_home_include = _join_cuda_home('include')
  File "/home/ubuntu/.local/lib/python3.10/site-packages/torch/utils/cpp_extension.py", line 3102, in _join_cuda_home
    raise OSError('CUDA_HOME environment variable is not set. '
OSError: CUDA_HOME environment variable is not set. Please set it to your CUDA install root.
E0425 01:02:27.298000 12200 torch/distributed/elastic/multiprocessing/api.py:984] failed (exitcode: 1) local_rank: 0 (pid: 12251) of binary: /usr/bin/python3
Traceback (most recent call last):
  File "/home/ubuntu/.local/bin/torchrun", line 8, in <module>
    sys.exit(main())
  File "/home/ubuntu/.local/lib/python3.10/site-packages/torch/distributed/elastic/multiprocessing/errors/__init__.py", line 362, in wrapper
    return f(*args, **kwargs)
  File "/home/ubuntu/.local/lib/python3.10/site-packages/torch/distributed/run.py", line 991, in main
    run(args)
  File "/home/ubuntu/.local/lib/python3.10/site-packages/torch/distributed/run.py", line 982, in run
    elastic_launch(
  File "/home/ubuntu/.local/lib/python3.10/site-packages/torch/distributed/launcher/api.py", line 170, in __call__
    return launch_agent(self._config, self._entrypoint, list(args))
  File "/home/ubuntu/.local/lib/python3.10/site-packages/torch/distributed/launcher/api.py", line 317, in launch_agent
    raise ChildFailedError(
torch.distributed.elastic.multiprocessing.errors.ChildFailedError: 
============================================================
train_gpt.py FAILED
------------------------------------------------------------
Failures:
  <NO_OTHER_FAILURES>
------------------------------------------------------------
Root Cause (first observed failure):
[0]:
  time      : 2026-04-25_01:02:27
  host      : 0146-dsm-prxmx30188
  rank      : 0 (local_rank: 0)
  exitcode  : 1 (pid: 12251)
  error_file: <N/A>
  traceback : To enable traceback see: https://pytorch.org/docs/stable/elastic/errors.html
============================================================
