[Gloo] Rank 0 is connected to 0 peer ranks. Expected number of connected peer ranks is : 0
Warning: You are sending unauthenticated requests to the HF Hub. Please set a HF_TOKEN to enable higher rate limits and faster downloads.
Fetching 4 files:   0%|          | 0/4 [00:00<?, ?it/s]Fetching 4 files: 100%|██████████| 4/4 [00:00<00:00, 47527.52it/s]
logs/54378d35-1b01-43ae-91da-df608aa30390.txt
Compiling model and warming up kernels (~7 minutes on first execution)
Sampling steps [0, 1, 478, 479, 480, 481, 958, 959, 960, 961, 1438, 1439, 1440, 1441] for warmup
Resetting Model
step:0/1480 val_loss:10.8285 train_time:0ms step_avg:0.03ms
step:1/1480 train_time:332ms step_avg:332.37ms
step:2/1480 train_time:674ms step_avg:337.10ms
step:3/1480 train_time:1025ms step_avg:341.52ms
step:4/1480 train_time:1374ms step_avg:343.48ms
step:5/1480 train_time:1721ms step_avg:344.19ms
step:6/1480 train_time:2069ms step_avg:344.87ms
step:7/1480 train_time:2420ms step_avg:345.78ms
step:8/1480 train_time:2767ms step_avg:345.83ms
step:9/1480 train_time:3118ms step_avg:346.46ms
step:10/1480 train_time:3466ms step_avg:346.63ms
step:11/1480 train_time:3818ms step_avg:347.05ms
step:12/1480 train_time:4167ms step_avg:347.29ms
step:13/1480 train_time:4520ms step_avg:347.70ms
step:14/1480 train_time:4868ms step_avg:347.70ms
step:15/1480 train_time:5222ms step_avg:348.12ms
step:16/1480 train_time:5571ms step_avg:348.18ms
step:17/1480 train_time:5922ms step_avg:348.35ms
step:18/1480 train_time:6270ms step_avg:348.36ms
step:19/1480 train_time:6623ms step_avg:348.56ms
step:20/1480 train_time:6974ms step_avg:348.68ms
step:21/1480 train_time:7324ms step_avg:348.76ms
step:22/1480 train_time:7674ms step_avg:348.82ms
step:23/1480 train_time:8025ms step_avg:348.92ms
step:24/1480 train_time:8376ms step_avg:349.02ms
step:25/1480 train_time:8727ms step_avg:349.09ms
step:26/1480 train_time:9078ms step_avg:349.15ms
step:27/1480 train_time:9430ms step_avg:349.25ms
step:28/1480 train_time:9780ms step_avg:349.28ms
step:29/1480 train_time:10132ms step_avg:349.36ms
step:30/1480 train_time:10482ms step_avg:349.40ms
step:31/1480 train_time:10832ms step_avg:349.43ms
step:32/1480 train_time:11183ms step_avg:349.47ms
step:33/1480 train_time:11535ms step_avg:349.54ms
step:34/1480 train_time:11885ms step_avg:349.56ms
step:35/1480 train_time:12237ms step_avg:349.63ms
step:36/1480 train_time:12587ms step_avg:349.65ms
step:37/1480 train_time:12939ms step_avg:349.71ms
step:38/1480 train_time:13290ms step_avg:349.73ms
step:39/1480 train_time:13643ms step_avg:349.81ms
step:40/1480 train_time:13993ms step_avg:349.82ms
step:41/1480 train_time:14344ms step_avg:349.86ms
step:42/1480 train_time:14694ms step_avg:349.86ms
step:43/1480 train_time:15046ms step_avg:349.90ms
step:44/1480 train_time:15395ms step_avg:349.90ms
step:45/1480 train_time:15746ms step_avg:349.92ms
step:46/1480 train_time:16096ms step_avg:349.90ms
step:47/1480 train_time:16447ms step_avg:349.93ms
step:48/1480 train_time:16797ms step_avg:349.94ms
step:49/1480 train_time:17147ms step_avg:349.95ms
step:50/1480 train_time:17499ms step_avg:349.98ms
step:51/1480 train_time:17851ms step_avg:350.02ms
step:52/1480 train_time:18202ms step_avg:350.05ms
step:53/1480 train_time:18554ms step_avg:350.08ms
step:54/1480 train_time:18904ms step_avg:350.08ms
step:55/1480 train_time:19256ms step_avg:350.11ms
step:56/1480 train_time:19607ms step_avg:350.12ms
step:57/1480 train_time:19958ms step_avg:350.15ms
step:58/1480 train_time:20308ms step_avg:350.14ms
step:59/1480 train_time:20663ms step_avg:350.22ms
step:60/1480 train_time:21011ms step_avg:350.18ms
step:61/1480 train_time:21364ms step_avg:350.23ms
step:62/1480 train_time:21715ms step_avg:350.24ms
step:63/1480 train_time:22066ms step_avg:350.26ms
step:64/1480 train_time:22417ms step_avg:350.27ms
step:65/1480 train_time:22770ms step_avg:350.30ms
step:66/1480 train_time:23120ms step_avg:350.31ms
step:67/1480 train_time:23472ms step_avg:350.32ms
step:68/1480 train_time:23823ms step_avg:350.34ms
step:69/1480 train_time:24175ms step_avg:350.37ms
step:70/1480 train_time:24526ms step_avg:350.37ms
step:71/1480 train_time:24878ms step_avg:350.39ms
step:72/1480 train_time:25228ms step_avg:350.39ms
step:73/1480 train_time:25582ms step_avg:350.43ms
step:74/1480 train_time:25932ms step_avg:350.43ms
step:75/1480 train_time:26284ms step_avg:350.45ms
step:76/1480 train_time:26634ms step_avg:350.45ms
step:77/1480 train_time:26986ms step_avg:350.46ms
step:78/1480 train_time:27337ms step_avg:350.47ms
step:79/1480 train_time:27687ms step_avg:350.47ms
step:80/1480 train_time:28038ms step_avg:350.48ms
step:81/1480 train_time:28389ms step_avg:350.49ms
step:82/1480 train_time:28741ms step_avg:350.49ms
step:83/1480 train_time:29092ms step_avg:350.51ms
step:84/1480 train_time:29443ms step_avg:350.51ms
step:85/1480 train_time:29794ms step_avg:350.52ms
step:86/1480 train_time:30146ms step_avg:350.53ms
step:87/1480 train_time:30499ms step_avg:350.56ms
step:88/1480 train_time:30850ms step_avg:350.57ms
step:89/1480 train_time:31202ms step_avg:350.59ms
step:90/1480 train_time:31552ms step_avg:350.58ms
step:91/1480 train_time:31904ms step_avg:350.60ms
step:92/1480 train_time:32255ms step_avg:350.59ms
step:93/1480 train_time:32607ms step_avg:350.61ms
step:94/1480 train_time:32957ms step_avg:350.61ms
step:95/1480 train_time:33310ms step_avg:350.63ms
step:96/1480 train_time:33661ms step_avg:350.64ms
step:97/1480 train_time:34012ms step_avg:350.64ms
step:98/1480 train_time:34366ms step_avg:350.67ms
step:99/1480 train_time:34717ms step_avg:350.68ms
step:100/1480 train_time:35067ms step_avg:350.67ms
step:101/1480 train_time:35421ms step_avg:350.70ms
step:102/1480 train_time:35772ms step_avg:350.70ms
step:103/1480 train_time:36124ms step_avg:350.72ms
step:104/1480 train_time:36477ms step_avg:350.74ms
step:105/1480 train_time:36829ms step_avg:350.76ms
step:106/1480 train_time:37181ms step_avg:350.77ms
step:107/1480 train_time:37533ms step_avg:350.78ms
step:108/1480 train_time:37885ms step_avg:350.79ms
step:109/1480 train_time:38237ms step_avg:350.80ms
step:110/1480 train_time:38589ms step_avg:350.81ms
step:111/1480 train_time:38943ms step_avg:350.84ms
step:112/1480 train_time:39293ms step_avg:350.83ms
step:113/1480 train_time:39646ms step_avg:350.85ms
step:114/1480 train_time:39998ms step_avg:350.86ms
step:115/1480 train_time:40350ms step_avg:350.87ms
step:116/1480 train_time:40701ms step_avg:350.87ms
step:117/1480 train_time:41053ms step_avg:350.88ms
step:118/1480 train_time:41404ms step_avg:350.88ms
step:119/1480 train_time:41757ms step_avg:350.90ms
step:120/1480 train_time:42108ms step_avg:350.90ms
step:121/1480 train_time:42462ms step_avg:350.92ms
step:122/1480 train_time:42812ms step_avg:350.92ms
step:123/1480 train_time:43165ms step_avg:350.94ms
step:124/1480 train_time:43517ms step_avg:350.94ms
step:125/1480 train_time:43869ms step_avg:350.95ms
step:126/1480 train_time:44222ms step_avg:350.97ms
step:127/1480 train_time:44572ms step_avg:350.96ms
step:128/1480 train_time:44924ms step_avg:350.97ms
step:129/1480 train_time:45277ms step_avg:350.99ms
step:130/1480 train_time:45627ms step_avg:350.98ms
step:131/1480 train_time:45982ms step_avg:351.01ms
step:132/1480 train_time:46335ms step_avg:351.02ms
step:133/1480 train_time:46685ms step_avg:351.02ms
step:134/1480 train_time:47039ms step_avg:351.04ms
step:135/1480 train_time:47389ms step_avg:351.03ms
step:136/1480 train_time:47740ms step_avg:351.03ms
step:137/1480 train_time:48094ms step_avg:351.05ms
step:138/1480 train_time:48447ms step_avg:351.06ms
step:139/1480 train_time:48801ms step_avg:351.08ms
step:140/1480 train_time:49152ms step_avg:351.08ms
step:141/1480 train_time:49505ms step_avg:351.10ms
step:142/1480 train_time:49856ms step_avg:351.10ms
step:143/1480 train_time:50208ms step_avg:351.11ms
step:144/1480 train_time:50560ms step_avg:351.11ms
step:145/1480 train_time:50912ms step_avg:351.12ms
step:146/1480 train_time:51264ms step_avg:351.12ms
step:147/1480 train_time:51617ms step_avg:351.14ms
step:148/1480 train_time:51967ms step_avg:351.13ms
step:149/1480 train_time:52321ms step_avg:351.15ms
step:150/1480 train_time:52671ms step_avg:351.14ms
step:151/1480 train_time:53026ms step_avg:351.16ms
step:152/1480 train_time:53378ms step_avg:351.17ms
step:153/1480 train_time:53730ms step_avg:351.18ms
step:154/1480 train_time:54083ms step_avg:351.19ms
step:155/1480 train_time:54436ms step_avg:351.20ms
step:156/1480 train_time:54786ms step_avg:351.19ms
step:157/1480 train_time:55141ms step_avg:351.21ms
step:158/1480 train_time:55494ms step_avg:351.23ms
step:159/1480 train_time:55848ms step_avg:351.24ms
step:160/1480 train_time:56199ms step_avg:351.24ms
step:161/1480 train_time:56552ms step_avg:351.25ms
step:162/1480 train_time:56903ms step_avg:351.26ms
step:163/1480 train_time:57257ms step_avg:351.27ms
step:164/1480 train_time:57607ms step_avg:351.27ms
step:165/1480 train_time:57962ms step_avg:351.29ms
step:166/1480 train_time:58313ms step_avg:351.28ms
step:167/1480 train_time:58666ms step_avg:351.30ms
step:168/1480 train_time:59018ms step_avg:351.30ms
step:169/1480 train_time:59370ms step_avg:351.30ms
step:170/1480 train_time:59722ms step_avg:351.30ms
step:171/1480 train_time:60075ms step_avg:351.31ms
step:172/1480 train_time:60425ms step_avg:351.31ms
step:173/1480 train_time:60778ms step_avg:351.32ms
step:174/1480 train_time:61131ms step_avg:351.33ms
step:175/1480 train_time:61482ms step_avg:351.33ms
step:176/1480 train_time:61832ms step_avg:351.32ms
step:177/1480 train_time:62186ms step_avg:351.33ms
step:178/1480 train_time:62538ms step_avg:351.34ms
step:179/1480 train_time:62890ms step_avg:351.34ms
step:180/1480 train_time:63243ms step_avg:351.35ms
step:181/1480 train_time:63595ms step_avg:351.35ms
step:182/1480 train_time:63946ms step_avg:351.35ms
step:183/1480 train_time:64300ms step_avg:351.37ms
step:184/1480 train_time:64652ms step_avg:351.37ms
step:185/1480 train_time:65006ms step_avg:351.38ms
step:186/1480 train_time:65358ms step_avg:351.38ms
step:187/1480 train_time:65712ms step_avg:351.40ms
step:188/1480 train_time:66062ms step_avg:351.39ms
step:189/1480 train_time:66415ms step_avg:351.40ms
step:190/1480 train_time:66767ms step_avg:351.41ms
step:191/1480 train_time:67121ms step_avg:351.42ms
step:192/1480 train_time:67470ms step_avg:351.41ms
step:193/1480 train_time:67824ms step_avg:351.42ms
step:194/1480 train_time:68177ms step_avg:351.43ms
step:195/1480 train_time:68528ms step_avg:351.42ms
step:196/1480 train_time:68880ms step_avg:351.43ms
step:197/1480 train_time:69233ms step_avg:351.44ms
step:198/1480 train_time:69585ms step_avg:351.44ms
step:199/1480 train_time:69938ms step_avg:351.45ms
step:200/1480 train_time:70290ms step_avg:351.45ms
step:201/1480 train_time:70643ms step_avg:351.46ms
step:202/1480 train_time:70993ms step_avg:351.45ms
step:203/1480 train_time:71347ms step_avg:351.46ms
step:204/1480 train_time:71699ms step_avg:351.46ms
step:205/1480 train_time:72052ms step_avg:351.47ms
step:206/1480 train_time:72404ms step_avg:351.48ms
step:207/1480 train_time:72758ms step_avg:351.49ms
step:208/1480 train_time:73108ms step_avg:351.48ms
step:209/1480 train_time:73462ms step_avg:351.49ms
step:210/1480 train_time:73814ms step_avg:351.49ms
step:211/1480 train_time:74167ms step_avg:351.50ms
step:212/1480 train_time:74520ms step_avg:351.51ms
step:213/1480 train_time:74871ms step_avg:351.51ms
step:214/1480 train_time:75220ms step_avg:351.50ms
step:215/1480 train_time:75571ms step_avg:351.49ms
step:216/1480 train_time:75921ms step_avg:351.48ms
step:217/1480 train_time:76271ms step_avg:351.48ms
step:218/1480 train_time:76620ms step_avg:351.47ms
step:219/1480 train_time:76970ms step_avg:351.46ms
step:220/1480 train_time:77321ms step_avg:351.46ms
step:221/1480 train_time:77670ms step_avg:351.45ms
step:222/1480 train_time:78020ms step_avg:351.44ms
step:223/1480 train_time:78370ms step_avg:351.44ms
step:224/1480 train_time:78720ms step_avg:351.43ms
step:225/1480 train_time:79070ms step_avg:351.42ms
step:226/1480 train_time:79420ms step_avg:351.42ms
step:227/1480 train_time:79771ms step_avg:351.41ms
step:228/1480 train_time:80121ms step_avg:351.41ms
step:229/1480 train_time:80471ms step_avg:351.40ms
step:230/1480 train_time:80822ms step_avg:351.40ms
step:231/1480 train_time:81173ms step_avg:351.40ms
step:232/1480 train_time:81521ms step_avg:351.39ms
step:233/1480 train_time:81871ms step_avg:351.38ms
step:234/1480 train_time:82220ms step_avg:351.37ms
step:235/1480 train_time:82570ms step_avg:351.36ms
step:236/1480 train_time:82920ms step_avg:351.35ms
step:237/1480 train_time:83270ms step_avg:351.35ms
step:238/1480 train_time:83619ms step_avg:351.34ms
step:239/1480 train_time:83969ms step_avg:351.33ms
step:240/1480 train_time:84321ms step_avg:351.34ms
step:241/1480 train_time:84668ms step_avg:351.32ms
step:242/1480 train_time:85018ms step_avg:351.31ms
step:243/1480 train_time:85368ms step_avg:351.31ms
step:244/1480 train_time:85718ms step_avg:351.30ms
step:245/1480 train_time:86067ms step_avg:351.29ms
step:246/1480 train_time:86418ms step_avg:351.29ms
step:247/1480 train_time:86767ms step_avg:351.28ms
step:248/1480 train_time:87118ms step_avg:351.28ms
step:249/1480 train_time:87468ms step_avg:351.28ms
step:250/1480 train_time:87819ms step_avg:351.28ms
step:250/1480 val_loss:4.5110 train_time:87878ms step_avg:351.51ms
step:251/1480 train_time:88169ms step_avg:351.27ms
step:252/1480 train_time:88518ms step_avg:351.26ms
step:253/1480 train_time:88869ms step_avg:351.26ms
step:254/1480 train_time:89219ms step_avg:351.26ms
step:255/1480 train_time:89570ms step_avg:351.26ms
step:256/1480 train_time:89921ms step_avg:351.25ms
step:257/1480 train_time:90270ms step_avg:351.24ms
step:258/1480 train_time:90620ms step_avg:351.24ms
step:259/1480 train_time:90970ms step_avg:351.24ms
step:260/1480 train_time:91320ms step_avg:351.23ms
step:261/1480 train_time:91670ms step_avg:351.23ms
step:262/1480 train_time:92020ms step_avg:351.22ms
step:263/1480 train_time:92370ms step_avg:351.22ms
step:264/1480 train_time:92721ms step_avg:351.21ms
step:265/1480 train_time:93070ms step_avg:351.21ms
step:266/1480 train_time:93420ms step_avg:351.20ms
step:267/1480 train_time:93771ms step_avg:351.20ms
step:268/1480 train_time:94121ms step_avg:351.20ms
step:269/1480 train_time:94471ms step_avg:351.19ms
step:270/1480 train_time:94821ms step_avg:351.19ms
step:271/1480 train_time:95171ms step_avg:351.19ms
step:272/1480 train_time:95520ms step_avg:351.18ms
step:273/1480 train_time:95872ms step_avg:351.18ms
step:274/1480 train_time:96220ms step_avg:351.17ms
step:275/1480 train_time:96570ms step_avg:351.16ms
step:276/1480 train_time:96921ms step_avg:351.16ms
step:277/1480 train_time:97270ms step_avg:351.16ms
step:278/1480 train_time:97621ms step_avg:351.15ms
step:279/1480 train_time:97971ms step_avg:351.15ms
step:280/1480 train_time:98321ms step_avg:351.15ms
step:281/1480 train_time:98671ms step_avg:351.14ms
step:282/1480 train_time:99021ms step_avg:351.14ms
step:283/1480 train_time:99371ms step_avg:351.13ms
step:284/1480 train_time:99721ms step_avg:351.13ms
step:285/1480 train_time:100070ms step_avg:351.12ms
step:286/1480 train_time:100420ms step_avg:351.12ms
step:287/1480 train_time:100772ms step_avg:351.12ms
step:288/1480 train_time:101120ms step_avg:351.11ms
step:289/1480 train_time:101470ms step_avg:351.11ms
step:290/1480 train_time:101823ms step_avg:351.11ms
step:291/1480 train_time:102171ms step_avg:351.10ms
step:292/1480 train_time:102521ms step_avg:351.10ms
step:293/1480 train_time:102871ms step_avg:351.10ms
step:294/1480 train_time:103220ms step_avg:351.09ms
step:295/1480 train_time:103571ms step_avg:351.09ms
step:296/1480 train_time:103921ms step_avg:351.09ms
step:297/1480 train_time:104271ms step_avg:351.08ms
step:298/1480 train_time:104622ms step_avg:351.08ms
step:299/1480 train_time:104973ms step_avg:351.08ms
step:300/1480 train_time:105323ms step_avg:351.08ms
step:301/1480 train_time:105674ms step_avg:351.08ms
step:302/1480 train_time:106024ms step_avg:351.07ms
step:303/1480 train_time:106374ms step_avg:351.07ms
step:304/1480 train_time:106724ms step_avg:351.07ms
step:305/1480 train_time:107073ms step_avg:351.06ms
step:306/1480 train_time:107425ms step_avg:351.06ms
step:307/1480 train_time:107776ms step_avg:351.06ms
step:308/1480 train_time:108126ms step_avg:351.06ms
step:309/1480 train_time:108477ms step_avg:351.06ms
step:310/1480 train_time:108827ms step_avg:351.05ms
step:311/1480 train_time:109178ms step_avg:351.05ms
step:312/1480 train_time:109528ms step_avg:351.05ms
step:313/1480 train_time:109879ms step_avg:351.05ms
step:314/1480 train_time:110229ms step_avg:351.05ms
step:315/1480 train_time:110580ms step_avg:351.05ms
step:316/1480 train_time:110929ms step_avg:351.04ms
step:317/1480 train_time:111283ms step_avg:351.05ms
step:318/1480 train_time:111631ms step_avg:351.04ms
step:319/1480 train_time:111982ms step_avg:351.04ms
step:320/1480 train_time:112331ms step_avg:351.04ms
step:321/1480 train_time:112683ms step_avg:351.04ms
step:322/1480 train_time:113032ms step_avg:351.03ms
step:323/1480 train_time:113384ms step_avg:351.03ms
step:324/1480 train_time:113732ms step_avg:351.02ms
step:325/1480 train_time:114084ms step_avg:351.03ms
step:326/1480 train_time:114434ms step_avg:351.02ms
step:327/1480 train_time:114786ms step_avg:351.03ms
step:328/1480 train_time:115135ms step_avg:351.02ms
step:329/1480 train_time:115486ms step_avg:351.02ms
step:330/1480 train_time:115835ms step_avg:351.02ms
step:331/1480 train_time:116186ms step_avg:351.02ms
step:332/1480 train_time:116536ms step_avg:351.01ms
step:333/1480 train_time:116887ms step_avg:351.01ms
step:334/1480 train_time:117236ms step_avg:351.01ms
step:335/1480 train_time:117587ms step_avg:351.01ms
step:336/1480 train_time:117937ms step_avg:351.00ms
step:337/1480 train_time:118287ms step_avg:351.00ms
step:338/1480 train_time:118638ms step_avg:351.00ms
step:339/1480 train_time:118988ms step_avg:351.00ms
step:340/1480 train_time:119337ms step_avg:350.99ms
step:341/1480 train_time:119689ms step_avg:350.99ms
step:342/1480 train_time:120040ms step_avg:350.99ms
step:343/1480 train_time:120391ms step_avg:351.00ms
step:344/1480 train_time:120740ms step_avg:350.99ms
step:345/1480 train_time:121090ms step_avg:350.99ms
step:346/1480 train_time:121441ms step_avg:350.98ms
step:347/1480 train_time:121792ms step_avg:350.98ms
step:348/1480 train_time:122143ms step_avg:350.99ms
step:349/1480 train_time:122493ms step_avg:350.98ms
step:350/1480 train_time:122844ms step_avg:350.98ms
step:351/1480 train_time:123194ms step_avg:350.98ms
step:352/1480 train_time:123544ms step_avg:350.98ms
step:353/1480 train_time:123894ms step_avg:350.97ms
step:354/1480 train_time:124244ms step_avg:350.97ms
step:355/1480 train_time:124594ms step_avg:350.97ms
step:356/1480 train_time:124944ms step_avg:350.97ms
step:357/1480 train_time:125296ms step_avg:350.97ms
step:358/1480 train_time:125644ms step_avg:350.96ms
step:359/1480 train_time:125995ms step_avg:350.96ms
step:360/1480 train_time:126347ms step_avg:350.96ms
step:361/1480 train_time:126698ms step_avg:350.96ms
step:362/1480 train_time:127047ms step_avg:350.96ms
step:363/1480 train_time:127400ms step_avg:350.96ms
step:364/1480 train_time:127748ms step_avg:350.96ms
step:365/1480 train_time:128101ms step_avg:350.96ms
step:366/1480 train_time:128451ms step_avg:350.96ms
step:367/1480 train_time:128802ms step_avg:350.96ms
step:368/1480 train_time:129151ms step_avg:350.95ms
step:369/1480 train_time:129503ms step_avg:350.96ms
step:370/1480 train_time:129852ms step_avg:350.95ms
step:371/1480 train_time:130204ms step_avg:350.96ms
step:372/1480 train_time:130553ms step_avg:350.95ms
step:373/1480 train_time:130906ms step_avg:350.95ms
step:374/1480 train_time:131254ms step_avg:350.95ms
step:375/1480 train_time:131605ms step_avg:350.95ms
step:376/1480 train_time:131954ms step_avg:350.94ms
step:377/1480 train_time:132306ms step_avg:350.94ms
step:378/1480 train_time:132654ms step_avg:350.94ms
step:379/1480 train_time:133006ms step_avg:350.94ms
step:380/1480 train_time:133355ms step_avg:350.93ms
step:381/1480 train_time:133707ms step_avg:350.94ms
step:382/1480 train_time:134057ms step_avg:350.93ms
step:383/1480 train_time:134407ms step_avg:350.93ms
step:384/1480 train_time:134758ms step_avg:350.93ms
step:385/1480 train_time:135108ms step_avg:350.93ms
step:386/1480 train_time:135458ms step_avg:350.93ms
step:387/1480 train_time:135808ms step_avg:350.93ms
step:388/1480 train_time:136158ms step_avg:350.92ms
step:389/1480 train_time:136509ms step_avg:350.92ms
step:390/1480 train_time:136859ms step_avg:350.92ms
step:391/1480 train_time:137211ms step_avg:350.92ms
step:392/1480 train_time:137560ms step_avg:350.92ms
step:393/1480 train_time:137910ms step_avg:350.92ms
step:394/1480 train_time:138260ms step_avg:350.91ms
step:395/1480 train_time:138610ms step_avg:350.91ms
step:396/1480 train_time:138960ms step_avg:350.91ms
step:397/1480 train_time:139312ms step_avg:350.91ms
step:398/1480 train_time:139662ms step_avg:350.91ms
step:399/1480 train_time:140013ms step_avg:350.91ms
step:400/1480 train_time:140363ms step_avg:350.91ms
step:401/1480 train_time:140714ms step_avg:350.91ms
step:402/1480 train_time:141065ms step_avg:350.91ms
step:403/1480 train_time:141414ms step_avg:350.90ms
step:404/1480 train_time:141765ms step_avg:350.90ms
step:405/1480 train_time:142114ms step_avg:350.90ms
step:406/1480 train_time:142464ms step_avg:350.90ms
step:407/1480 train_time:142817ms step_avg:350.90ms
step:408/1480 train_time:143166ms step_avg:350.90ms
step:409/1480 train_time:143515ms step_avg:350.89ms
step:410/1480 train_time:143867ms step_avg:350.89ms
step:411/1480 train_time:144217ms step_avg:350.89ms
step:412/1480 train_time:144567ms step_avg:350.89ms
step:413/1480 train_time:144917ms step_avg:350.89ms
step:414/1480 train_time:145268ms step_avg:350.89ms
step:415/1480 train_time:145618ms step_avg:350.89ms
step:416/1480 train_time:145969ms step_avg:350.89ms
step:417/1480 train_time:146322ms step_avg:350.89ms
step:418/1480 train_time:146670ms step_avg:350.88ms
step:419/1480 train_time:147021ms step_avg:350.89ms
step:420/1480 train_time:147371ms step_avg:350.88ms
step:421/1480 train_time:147722ms step_avg:350.88ms
step:422/1480 train_time:148072ms step_avg:350.88ms
step:423/1480 train_time:148424ms step_avg:350.89ms
step:424/1480 train_time:148772ms step_avg:350.88ms
step:425/1480 train_time:149126ms step_avg:350.88ms
step:426/1480 train_time:149475ms step_avg:350.88ms
step:427/1480 train_time:149827ms step_avg:350.88ms
step:428/1480 train_time:150178ms step_avg:350.88ms
step:429/1480 train_time:150529ms step_avg:350.88ms
step:430/1480 train_time:150878ms step_avg:350.88ms
step:431/1480 train_time:151230ms step_avg:350.88ms
step:432/1480 train_time:151580ms step_avg:350.88ms
step:433/1480 train_time:151931ms step_avg:350.88ms
step:434/1480 train_time:152281ms step_avg:350.88ms
step:435/1480 train_time:152631ms step_avg:350.88ms
step:436/1480 train_time:152981ms step_avg:350.87ms
step:437/1480 train_time:153330ms step_avg:350.87ms
step:438/1480 train_time:153681ms step_avg:350.87ms
step:439/1480 train_time:154031ms step_avg:350.87ms
step:440/1480 train_time:154382ms step_avg:350.87ms
step:441/1480 train_time:154733ms step_avg:350.87ms
step:442/1480 train_time:155083ms step_avg:350.87ms
step:443/1480 train_time:155433ms step_avg:350.86ms
step:444/1480 train_time:155786ms step_avg:350.87ms
step:445/1480 train_time:156136ms step_avg:350.87ms
step:446/1480 train_time:156487ms step_avg:350.87ms
step:447/1480 train_time:156839ms step_avg:350.87ms
step:448/1480 train_time:157189ms step_avg:350.87ms
step:449/1480 train_time:157539ms step_avg:350.87ms
step:450/1480 train_time:157889ms step_avg:350.86ms
step:451/1480 train_time:158241ms step_avg:350.87ms
step:452/1480 train_time:158591ms step_avg:350.86ms
step:453/1480 train_time:158941ms step_avg:350.86ms
step:454/1480 train_time:159291ms step_avg:350.86ms
step:455/1480 train_time:159644ms step_avg:350.87ms
step:456/1480 train_time:159993ms step_avg:350.86ms
step:457/1480 train_time:160345ms step_avg:350.86ms
step:458/1480 train_time:160694ms step_avg:350.86ms
step:459/1480 train_time:161046ms step_avg:350.86ms
step:460/1480 train_time:161396ms step_avg:350.86ms
step:461/1480 train_time:161747ms step_avg:350.86ms
step:462/1480 train_time:162096ms step_avg:350.86ms
step:463/1480 train_time:162447ms step_avg:350.86ms
step:464/1480 train_time:162797ms step_avg:350.85ms
step:465/1480 train_time:163148ms step_avg:350.86ms
step:466/1480 train_time:163498ms step_avg:350.85ms
step:467/1480 train_time:163849ms step_avg:350.85ms
step:468/1480 train_time:164200ms step_avg:350.85ms
step:469/1480 train_time:164549ms step_avg:350.85ms
step:470/1480 train_time:164899ms step_avg:350.85ms
step:471/1480 train_time:165252ms step_avg:350.85ms
step:472/1480 train_time:165602ms step_avg:350.85ms
step:473/1480 train_time:165951ms step_avg:350.85ms
step:474/1480 train_time:166303ms step_avg:350.85ms
step:475/1480 train_time:166653ms step_avg:350.85ms
step:476/1480 train_time:167004ms step_avg:350.85ms
step:477/1480 train_time:167355ms step_avg:350.85ms
step:478/1480 train_time:167704ms step_avg:350.84ms
step:479/1480 train_time:168055ms step_avg:350.85ms
step:480/1480 train_time:168405ms step_avg:350.84ms
step:481/1480 train_time:169022ms step_avg:351.40ms
step:482/1480 train_time:169676ms step_avg:352.02ms
step:483/1480 train_time:170335ms step_avg:352.66ms
step:484/1480 train_time:170986ms step_avg:353.28ms
step:485/1480 train_time:171637ms step_avg:353.89ms
step:486/1480 train_time:172291ms step_avg:354.51ms
step:487/1480 train_time:172943ms step_avg:355.12ms
step:488/1480 train_time:173599ms step_avg:355.74ms
step:489/1480 train_time:174257ms step_avg:356.35ms
step:490/1480 train_time:174913ms step_avg:356.97ms
step:491/1480 train_time:175574ms step_avg:357.58ms
step:492/1480 train_time:176225ms step_avg:358.18ms
step:493/1480 train_time:176881ms step_avg:358.78ms
step:494/1480 train_time:177538ms step_avg:359.39ms
step:495/1480 train_time:178195ms step_avg:359.99ms
step:496/1480 train_time:178850ms step_avg:360.59ms
step:497/1480 train_time:179507ms step_avg:361.18ms
step:498/1480 train_time:180161ms step_avg:361.77ms
step:499/1480 train_time:180817ms step_avg:362.36ms
step:500/1480 train_time:181476ms step_avg:362.95ms
step:500/1480 val_loss:4.2309 train_time:181579ms step_avg:363.16ms
step:501/1480 train_time:182136ms step_avg:363.54ms
step:502/1480 train_time:182789ms step_avg:364.12ms
step:503/1480 train_time:183445ms step_avg:364.70ms
step:504/1480 train_time:184099ms step_avg:365.28ms
step:505/1480 train_time:184758ms step_avg:365.86ms
step:506/1480 train_time:185409ms step_avg:366.42ms
step:507/1480 train_time:186064ms step_avg:366.99ms
step:508/1480 train_time:186722ms step_avg:367.56ms
step:509/1480 train_time:187379ms step_avg:368.13ms
step:510/1480 train_time:188037ms step_avg:368.70ms
step:511/1480 train_time:188694ms step_avg:369.27ms
step:512/1480 train_time:189348ms step_avg:369.82ms
step:513/1480 train_time:190003ms step_avg:370.38ms
step:514/1480 train_time:190660ms step_avg:370.93ms
step:515/1480 train_time:191318ms step_avg:371.49ms
step:516/1480 train_time:191974ms step_avg:372.04ms
step:517/1480 train_time:192627ms step_avg:372.59ms
step:518/1480 train_time:193281ms step_avg:373.13ms
step:519/1480 train_time:193937ms step_avg:373.67ms
step:520/1480 train_time:194589ms step_avg:374.21ms
step:521/1480 train_time:195245ms step_avg:374.75ms
step:522/1480 train_time:195899ms step_avg:375.28ms
step:523/1480 train_time:196559ms step_avg:375.83ms
step:524/1480 train_time:197212ms step_avg:376.36ms
step:525/1480 train_time:197865ms step_avg:376.89ms
step:526/1480 train_time:198522ms step_avg:377.42ms
step:527/1480 train_time:199178ms step_avg:377.95ms
step:528/1480 train_time:199832ms step_avg:378.47ms
step:529/1480 train_time:200486ms step_avg:378.99ms
step:530/1480 train_time:201142ms step_avg:379.51ms
step:531/1480 train_time:201799ms step_avg:380.04ms
step:532/1480 train_time:202449ms step_avg:380.54ms
step:533/1480 train_time:203104ms step_avg:381.06ms
step:534/1480 train_time:203761ms step_avg:381.58ms
step:535/1480 train_time:204418ms step_avg:382.09ms
step:536/1480 train_time:205073ms step_avg:382.60ms
step:537/1480 train_time:205728ms step_avg:383.11ms
step:538/1480 train_time:206382ms step_avg:383.61ms
step:539/1480 train_time:207040ms step_avg:384.12ms
step:540/1480 train_time:207695ms step_avg:384.62ms
step:541/1480 train_time:208347ms step_avg:385.11ms
step:542/1480 train_time:209000ms step_avg:385.61ms
step:543/1480 train_time:209659ms step_avg:386.11ms
step:544/1480 train_time:210314ms step_avg:386.61ms
step:545/1480 train_time:210966ms step_avg:387.09ms
step:546/1480 train_time:211621ms step_avg:387.58ms
step:547/1480 train_time:212278ms step_avg:388.08ms
step:548/1480 train_time:212934ms step_avg:388.57ms
step:549/1480 train_time:213586ms step_avg:389.05ms
step:550/1480 train_time:214241ms step_avg:389.53ms
step:551/1480 train_time:214898ms step_avg:390.02ms
step:552/1480 train_time:215553ms step_avg:390.49ms
step:553/1480 train_time:216206ms step_avg:390.97ms
step:554/1480 train_time:216862ms step_avg:391.45ms
step:555/1480 train_time:217519ms step_avg:391.93ms
step:556/1480 train_time:218168ms step_avg:392.39ms
step:557/1480 train_time:218823ms step_avg:392.86ms
step:558/1480 train_time:219479ms step_avg:393.33ms
step:559/1480 train_time:220137ms step_avg:393.81ms
step:560/1480 train_time:220791ms step_avg:394.27ms
step:561/1480 train_time:221445ms step_avg:394.73ms
step:562/1480 train_time:222102ms step_avg:395.20ms
step:563/1480 train_time:222759ms step_avg:395.66ms
step:564/1480 train_time:223410ms step_avg:396.12ms
step:565/1480 train_time:224065ms step_avg:396.58ms
step:566/1480 train_time:224720ms step_avg:397.03ms
step:567/1480 train_time:225376ms step_avg:397.49ms
step:568/1480 train_time:226031ms step_avg:397.94ms
step:569/1480 train_time:226685ms step_avg:398.39ms
step:570/1480 train_time:227340ms step_avg:398.84ms
step:571/1480 train_time:227998ms step_avg:399.30ms
step:572/1480 train_time:228650ms step_avg:399.74ms
step:573/1480 train_time:229304ms step_avg:400.18ms
step:574/1480 train_time:229961ms step_avg:400.63ms
step:575/1480 train_time:230618ms step_avg:401.07ms
step:576/1480 train_time:231270ms step_avg:401.51ms
step:577/1480 train_time:231924ms step_avg:401.95ms
step:578/1480 train_time:232579ms step_avg:402.39ms
step:579/1480 train_time:233236ms step_avg:402.83ms
step:580/1480 train_time:233889ms step_avg:403.26ms
step:581/1480 train_time:234545ms step_avg:403.69ms
step:582/1480 train_time:235200ms step_avg:404.12ms
step:583/1480 train_time:235858ms step_avg:404.56ms
step:584/1480 train_time:236509ms step_avg:404.98ms
step:585/1480 train_time:237164ms step_avg:405.41ms
step:586/1480 train_time:237820ms step_avg:405.84ms
step:587/1480 train_time:238476ms step_avg:406.26ms
step:588/1480 train_time:239131ms step_avg:406.68ms
step:589/1480 train_time:239785ms step_avg:407.10ms
step:590/1480 train_time:240442ms step_avg:407.53ms
step:591/1480 train_time:241099ms step_avg:407.95ms
step:592/1480 train_time:241749ms step_avg:408.36ms
step:593/1480 train_time:242404ms step_avg:408.78ms
step:594/1480 train_time:243060ms step_avg:409.19ms
step:595/1480 train_time:243718ms step_avg:409.61ms
step:596/1480 train_time:244372ms step_avg:410.02ms
step:597/1480 train_time:245026ms step_avg:410.43ms
step:598/1480 train_time:245681ms step_avg:410.84ms
step:599/1480 train_time:246339ms step_avg:411.25ms
step:600/1480 train_time:246987ms step_avg:411.64ms
step:601/1480 train_time:247644ms step_avg:412.05ms
step:602/1480 train_time:248299ms step_avg:412.46ms
step:603/1480 train_time:248956ms step_avg:412.86ms
step:604/1480 train_time:249609ms step_avg:413.26ms
step:605/1480 train_time:250264ms step_avg:413.66ms
step:606/1480 train_time:250922ms step_avg:414.06ms
step:607/1480 train_time:251580ms step_avg:414.46ms
step:608/1480 train_time:252232ms step_avg:414.86ms
step:609/1480 train_time:252887ms step_avg:415.25ms
step:610/1480 train_time:253543ms step_avg:415.64ms
step:611/1480 train_time:254198ms step_avg:416.04ms
step:612/1480 train_time:254852ms step_avg:416.42ms
step:613/1480 train_time:255505ms step_avg:416.81ms
step:614/1480 train_time:256161ms step_avg:417.20ms
step:615/1480 train_time:256819ms step_avg:417.59ms
step:616/1480 train_time:257471ms step_avg:417.97ms
step:617/1480 train_time:258126ms step_avg:418.36ms
step:618/1480 train_time:258783ms step_avg:418.74ms
step:619/1480 train_time:259438ms step_avg:419.12ms
step:620/1480 train_time:260092ms step_avg:419.50ms
step:621/1480 train_time:260746ms step_avg:419.88ms
step:622/1480 train_time:261400ms step_avg:420.26ms
step:623/1480 train_time:262059ms step_avg:420.64ms
step:624/1480 train_time:262709ms step_avg:421.01ms
step:625/1480 train_time:263364ms step_avg:421.38ms
step:626/1480 train_time:264019ms step_avg:421.76ms
step:627/1480 train_time:264677ms step_avg:422.13ms
step:628/1480 train_time:265329ms step_avg:422.50ms
step:629/1480 train_time:265983ms step_avg:422.87ms
step:630/1480 train_time:266638ms step_avg:423.24ms
step:631/1480 train_time:267297ms step_avg:423.61ms
step:632/1480 train_time:267948ms step_avg:423.97ms
step:633/1480 train_time:268603ms step_avg:424.33ms
step:634/1480 train_time:269261ms step_avg:424.70ms
step:635/1480 train_time:269918ms step_avg:425.07ms
step:636/1480 train_time:270569ms step_avg:425.42ms
step:637/1480 train_time:271223ms step_avg:425.78ms
step:638/1480 train_time:271878ms step_avg:426.14ms
step:639/1480 train_time:272537ms step_avg:426.51ms
step:640/1480 train_time:273189ms step_avg:426.86ms
step:641/1480 train_time:273842ms step_avg:427.21ms
step:642/1480 train_time:274497ms step_avg:427.57ms
step:643/1480 train_time:275155ms step_avg:427.92ms
step:644/1480 train_time:275808ms step_avg:428.27ms
step:645/1480 train_time:276464ms step_avg:428.63ms
step:646/1480 train_time:277121ms step_avg:428.98ms
step:647/1480 train_time:277777ms step_avg:429.33ms
step:648/1480 train_time:278432ms step_avg:429.68ms
step:649/1480 train_time:279087ms step_avg:430.03ms
step:650/1480 train_time:279741ms step_avg:430.37ms
step:651/1480 train_time:280399ms step_avg:430.72ms
step:652/1480 train_time:281051ms step_avg:431.06ms
step:653/1480 train_time:281705ms step_avg:431.40ms
step:654/1480 train_time:282361ms step_avg:431.74ms
step:655/1480 train_time:283017ms step_avg:432.09ms
step:656/1480 train_time:283669ms step_avg:432.42ms
step:657/1480 train_time:284324ms step_avg:432.76ms
step:658/1480 train_time:284978ms step_avg:433.10ms
step:659/1480 train_time:285636ms step_avg:433.44ms
step:660/1480 train_time:286288ms step_avg:433.77ms
step:661/1480 train_time:286943ms step_avg:434.10ms
step:662/1480 train_time:287597ms step_avg:434.44ms
step:663/1480 train_time:288255ms step_avg:434.77ms
step:664/1480 train_time:288909ms step_avg:435.10ms
step:665/1480 train_time:289562ms step_avg:435.43ms
step:666/1480 train_time:290219ms step_avg:435.76ms
step:667/1480 train_time:290876ms step_avg:436.10ms
step:668/1480 train_time:291528ms step_avg:436.42ms
step:669/1480 train_time:292182ms step_avg:436.74ms
step:670/1480 train_time:292837ms step_avg:437.07ms
step:671/1480 train_time:293490ms step_avg:437.39ms
step:672/1480 train_time:294144ms step_avg:437.71ms
step:673/1480 train_time:294801ms step_avg:438.04ms
step:674/1480 train_time:295454ms step_avg:438.36ms
step:675/1480 train_time:296108ms step_avg:438.68ms
step:676/1480 train_time:296762ms step_avg:439.00ms
step:677/1480 train_time:297419ms step_avg:439.32ms
step:678/1480 train_time:298070ms step_avg:439.63ms
step:679/1480 train_time:298725ms step_avg:439.95ms
step:680/1480 train_time:299381ms step_avg:440.27ms
step:681/1480 train_time:300039ms step_avg:440.59ms
step:682/1480 train_time:300689ms step_avg:440.89ms
step:683/1480 train_time:301344ms step_avg:441.21ms
step:684/1480 train_time:302000ms step_avg:441.52ms
step:685/1480 train_time:302656ms step_avg:441.83ms
step:686/1480 train_time:303308ms step_avg:442.14ms
step:687/1480 train_time:303961ms step_avg:442.45ms
step:688/1480 train_time:304617ms step_avg:442.76ms
step:689/1480 train_time:305270ms step_avg:443.06ms
step:690/1480 train_time:305924ms step_avg:443.37ms
step:691/1480 train_time:306580ms step_avg:443.68ms
step:692/1480 train_time:307231ms step_avg:443.98ms
step:693/1480 train_time:307887ms step_avg:444.28ms
step:694/1480 train_time:308541ms step_avg:444.58ms
step:695/1480 train_time:309197ms step_avg:444.89ms
step:696/1480 train_time:309850ms step_avg:445.19ms
step:697/1480 train_time:310504ms step_avg:445.49ms
step:698/1480 train_time:311160ms step_avg:445.79ms
step:699/1480 train_time:311817ms step_avg:446.09ms
step:700/1480 train_time:312468ms step_avg:446.38ms
step:701/1480 train_time:313124ms step_avg:446.68ms
step:702/1480 train_time:313779ms step_avg:446.98ms
step:703/1480 train_time:314436ms step_avg:447.28ms
step:704/1480 train_time:315089ms step_avg:447.57ms
step:705/1480 train_time:315741ms step_avg:447.86ms
step:706/1480 train_time:316397ms step_avg:448.15ms
step:707/1480 train_time:317051ms step_avg:448.45ms
step:708/1480 train_time:317704ms step_avg:448.73ms
step:709/1480 train_time:318360ms step_avg:449.03ms
step:710/1480 train_time:319011ms step_avg:449.31ms
step:711/1480 train_time:319664ms step_avg:449.60ms
step:712/1480 train_time:320319ms step_avg:449.89ms
step:713/1480 train_time:320977ms step_avg:450.18ms
step:714/1480 train_time:321629ms step_avg:450.46ms
step:715/1480 train_time:322284ms step_avg:450.75ms
step:716/1480 train_time:322941ms step_avg:451.03ms
step:717/1480 train_time:323596ms step_avg:451.32ms
step:718/1480 train_time:324249ms step_avg:451.60ms
step:719/1480 train_time:324901ms step_avg:451.88ms
step:720/1480 train_time:325557ms step_avg:452.16ms
step:721/1480 train_time:326210ms step_avg:452.44ms
step:722/1480 train_time:326862ms step_avg:452.72ms
step:723/1480 train_time:327519ms step_avg:453.00ms
step:724/1480 train_time:328169ms step_avg:453.27ms
step:725/1480 train_time:328824ms step_avg:453.55ms
step:726/1480 train_time:329478ms step_avg:453.83ms
step:727/1480 train_time:330132ms step_avg:454.10ms
step:728/1480 train_time:330784ms step_avg:454.37ms
step:729/1480 train_time:331441ms step_avg:454.65ms
step:730/1480 train_time:332092ms step_avg:454.92ms
step:731/1480 train_time:332746ms step_avg:455.19ms
step:732/1480 train_time:333400ms step_avg:455.46ms
step:733/1480 train_time:334058ms step_avg:455.74ms
step:734/1480 train_time:334708ms step_avg:456.01ms
step:735/1480 train_time:335361ms step_avg:456.27ms
step:736/1480 train_time:336016ms step_avg:456.54ms
step:737/1480 train_time:336668ms step_avg:456.81ms
step:738/1480 train_time:337322ms step_avg:457.08ms
step:739/1480 train_time:337977ms step_avg:457.34ms
step:740/1480 train_time:338631ms step_avg:457.61ms
step:741/1480 train_time:339283ms step_avg:457.87ms
step:742/1480 train_time:339939ms step_avg:458.14ms
step:743/1480 train_time:340597ms step_avg:458.41ms
step:744/1480 train_time:341249ms step_avg:458.67ms
step:745/1480 train_time:341904ms step_avg:458.93ms
step:746/1480 train_time:342559ms step_avg:459.19ms
step:747/1480 train_time:343213ms step_avg:459.45ms
step:748/1480 train_time:343867ms step_avg:459.71ms
step:749/1480 train_time:344521ms step_avg:459.98ms
step:750/1480 train_time:345171ms step_avg:460.23ms
step:750/1480 val_loss:3.8007 train_time:345273ms step_avg:460.36ms
step:751/1480 train_time:345825ms step_avg:460.49ms
step:752/1480 train_time:346482ms step_avg:460.75ms
step:753/1480 train_time:347139ms step_avg:461.01ms
step:754/1480 train_time:347790ms step_avg:461.26ms
step:755/1480 train_time:348443ms step_avg:461.51ms
step:756/1480 train_time:349098ms step_avg:461.77ms
step:757/1480 train_time:349750ms step_avg:462.02ms
step:758/1480 train_time:350405ms step_avg:462.28ms
step:759/1480 train_time:351061ms step_avg:462.53ms
step:760/1480 train_time:351717ms step_avg:462.79ms
step:761/1480 train_time:352367ms step_avg:463.03ms
step:762/1480 train_time:353021ms step_avg:463.28ms
step:763/1480 train_time:353677ms step_avg:463.53ms
step:764/1480 train_time:354329ms step_avg:463.78ms
step:765/1480 train_time:354983ms step_avg:464.03ms
step:766/1480 train_time:355638ms step_avg:464.28ms
step:767/1480 train_time:356293ms step_avg:464.53ms
step:768/1480 train_time:356949ms step_avg:464.78ms
step:769/1480 train_time:357601ms step_avg:465.02ms
step:770/1480 train_time:358250ms step_avg:465.26ms
step:771/1480 train_time:358904ms step_avg:465.50ms
step:772/1480 train_time:359560ms step_avg:465.75ms
step:773/1480 train_time:360215ms step_avg:466.00ms
step:774/1480 train_time:360868ms step_avg:466.24ms
step:775/1480 train_time:361522ms step_avg:466.48ms
step:776/1480 train_time:362177ms step_avg:466.72ms
step:777/1480 train_time:362828ms step_avg:466.96ms
step:778/1480 train_time:363481ms step_avg:467.20ms
step:779/1480 train_time:364136ms step_avg:467.44ms
step:780/1480 train_time:364789ms step_avg:467.68ms
step:781/1480 train_time:365443ms step_avg:467.92ms
step:782/1480 train_time:366098ms step_avg:468.16ms
step:783/1480 train_time:366753ms step_avg:468.39ms
step:784/1480 train_time:367404ms step_avg:468.63ms
step:785/1480 train_time:368061ms step_avg:468.87ms
step:786/1480 train_time:368710ms step_avg:469.10ms
step:787/1480 train_time:369363ms step_avg:469.33ms
step:788/1480 train_time:370018ms step_avg:469.57ms
step:789/1480 train_time:370669ms step_avg:469.80ms
step:790/1480 train_time:371321ms step_avg:470.03ms
step:791/1480 train_time:371977ms step_avg:470.26ms
step:792/1480 train_time:372629ms step_avg:470.49ms
step:793/1480 train_time:373282ms step_avg:470.72ms
step:794/1480 train_time:373935ms step_avg:470.95ms
step:795/1480 train_time:374588ms step_avg:471.18ms
step:796/1480 train_time:375243ms step_avg:471.41ms
step:797/1480 train_time:375900ms step_avg:471.64ms
step:798/1480 train_time:376550ms step_avg:471.87ms
step:799/1480 train_time:377203ms step_avg:472.09ms
step:800/1480 train_time:377858ms step_avg:472.32ms
step:801/1480 train_time:378511ms step_avg:472.55ms
step:802/1480 train_time:379164ms step_avg:472.77ms
step:803/1480 train_time:379820ms step_avg:473.00ms
step:804/1480 train_time:380472ms step_avg:473.22ms
step:805/1480 train_time:381125ms step_avg:473.45ms
step:806/1480 train_time:381782ms step_avg:473.67ms
step:807/1480 train_time:382438ms step_avg:473.90ms
step:808/1480 train_time:383089ms step_avg:474.12ms
step:809/1480 train_time:383743ms step_avg:474.34ms
step:810/1480 train_time:384399ms step_avg:474.57ms
step:811/1480 train_time:385052ms step_avg:474.79ms
step:812/1480 train_time:385705ms step_avg:475.01ms
step:813/1480 train_time:386360ms step_avg:475.23ms
step:814/1480 train_time:387011ms step_avg:475.44ms
step:815/1480 train_time:387665ms step_avg:475.66ms
step:816/1480 train_time:388319ms step_avg:475.88ms
step:817/1480 train_time:388977ms step_avg:476.10ms
step:818/1480 train_time:389629ms step_avg:476.32ms
step:819/1480 train_time:390281ms step_avg:476.53ms
step:820/1480 train_time:390936ms step_avg:476.75ms
step:821/1480 train_time:391588ms step_avg:476.97ms
step:822/1480 train_time:392243ms step_avg:477.18ms
step:823/1480 train_time:392900ms step_avg:477.40ms
step:824/1480 train_time:393549ms step_avg:477.61ms
step:825/1480 train_time:394202ms step_avg:477.82ms
step:826/1480 train_time:394855ms step_avg:478.03ms
step:827/1480 train_time:395507ms step_avg:478.24ms
step:828/1480 train_time:396161ms step_avg:478.46ms
step:829/1480 train_time:396814ms step_avg:478.67ms
step:830/1480 train_time:397469ms step_avg:478.88ms
step:831/1480 train_time:398122ms step_avg:479.09ms
step:832/1480 train_time:398773ms step_avg:479.29ms
step:833/1480 train_time:399428ms step_avg:479.51ms
step:834/1480 train_time:400082ms step_avg:479.71ms
step:835/1480 train_time:400737ms step_avg:479.92ms
step:836/1480 train_time:401389ms step_avg:480.13ms
step:837/1480 train_time:402042ms step_avg:480.34ms
step:838/1480 train_time:402692ms step_avg:480.54ms
step:839/1480 train_time:403345ms step_avg:480.75ms
step:840/1480 train_time:403999ms step_avg:480.95ms
step:841/1480 train_time:404653ms step_avg:481.16ms
step:842/1480 train_time:405307ms step_avg:481.36ms
step:843/1480 train_time:405963ms step_avg:481.57ms
step:844/1480 train_time:406616ms step_avg:481.77ms
step:845/1480 train_time:407269ms step_avg:481.98ms
step:846/1480 train_time:407922ms step_avg:482.18ms
step:847/1480 train_time:408579ms step_avg:482.38ms
step:848/1480 train_time:409230ms step_avg:482.58ms
step:849/1480 train_time:409883ms step_avg:482.78ms
step:850/1480 train_time:410536ms step_avg:482.98ms
step:851/1480 train_time:411189ms step_avg:483.18ms
step:852/1480 train_time:411843ms step_avg:483.38ms
step:853/1480 train_time:412500ms step_avg:483.59ms
step:854/1480 train_time:413151ms step_avg:483.78ms
step:855/1480 train_time:413802ms step_avg:483.98ms
step:856/1480 train_time:414452ms step_avg:484.17ms
step:857/1480 train_time:415106ms step_avg:484.37ms
step:858/1480 train_time:415758ms step_avg:484.57ms
step:859/1480 train_time:416410ms step_avg:484.76ms
step:860/1480 train_time:417064ms step_avg:484.96ms
step:861/1480 train_time:417719ms step_avg:485.16ms
step:862/1480 train_time:418371ms step_avg:485.35ms
step:863/1480 train_time:419024ms step_avg:485.54ms
step:864/1480 train_time:419675ms step_avg:485.74ms
step:865/1480 train_time:420328ms step_avg:485.93ms
step:866/1480 train_time:420980ms step_avg:486.12ms
step:867/1480 train_time:421635ms step_avg:486.31ms
step:868/1480 train_time:422288ms step_avg:486.51ms
step:869/1480 train_time:422942ms step_avg:486.70ms
step:870/1480 train_time:423592ms step_avg:486.89ms
step:871/1480 train_time:424248ms step_avg:487.08ms
step:872/1480 train_time:424900ms step_avg:487.27ms
step:873/1480 train_time:425556ms step_avg:487.46ms
step:874/1480 train_time:426208ms step_avg:487.65ms
step:875/1480 train_time:426862ms step_avg:487.84ms
step:876/1480 train_time:427510ms step_avg:488.03ms
step:877/1480 train_time:428165ms step_avg:488.22ms
step:878/1480 train_time:428818ms step_avg:488.40ms
step:879/1480 train_time:429470ms step_avg:488.59ms
step:880/1480 train_time:430123ms step_avg:488.78ms
step:881/1480 train_time:430777ms step_avg:488.96ms
step:882/1480 train_time:431430ms step_avg:489.15ms
step:883/1480 train_time:432082ms step_avg:489.33ms
step:884/1480 train_time:432732ms step_avg:489.52ms
step:885/1480 train_time:433385ms step_avg:489.70ms
step:886/1480 train_time:434035ms step_avg:489.88ms
step:887/1480 train_time:434687ms step_avg:490.06ms
step:888/1480 train_time:435341ms step_avg:490.25ms
step:889/1480 train_time:435994ms step_avg:490.43ms
step:890/1480 train_time:436648ms step_avg:490.62ms
step:891/1480 train_time:437302ms step_avg:490.80ms
step:892/1480 train_time:437950ms step_avg:490.98ms
step:893/1480 train_time:438602ms step_avg:491.16ms
step:894/1480 train_time:439251ms step_avg:491.33ms
step:895/1480 train_time:439902ms step_avg:491.51ms
step:896/1480 train_time:440551ms step_avg:491.69ms
step:897/1480 train_time:441203ms step_avg:491.86ms
step:898/1480 train_time:441854ms step_avg:492.04ms
step:899/1480 train_time:442508ms step_avg:492.22ms
step:900/1480 train_time:443163ms step_avg:492.40ms
step:901/1480 train_time:443815ms step_avg:492.58ms
step:902/1480 train_time:444469ms step_avg:492.76ms
step:903/1480 train_time:445122ms step_avg:492.94ms
step:904/1480 train_time:445771ms step_avg:493.11ms
step:905/1480 train_time:446425ms step_avg:493.29ms
step:906/1480 train_time:447075ms step_avg:493.46ms
step:907/1480 train_time:447728ms step_avg:493.64ms
step:908/1480 train_time:448383ms step_avg:493.81ms
step:909/1480 train_time:449037ms step_avg:493.99ms
step:910/1480 train_time:449688ms step_avg:494.16ms
step:911/1480 train_time:450343ms step_avg:494.34ms
step:912/1480 train_time:450991ms step_avg:494.51ms
step:913/1480 train_time:451643ms step_avg:494.68ms
step:914/1480 train_time:452296ms step_avg:494.85ms
step:915/1480 train_time:452949ms step_avg:495.03ms
step:916/1480 train_time:453603ms step_avg:495.20ms
step:917/1480 train_time:454258ms step_avg:495.37ms
step:918/1480 train_time:454910ms step_avg:495.55ms
step:919/1480 train_time:455562ms step_avg:495.72ms
step:920/1480 train_time:456211ms step_avg:495.88ms
step:921/1480 train_time:456864ms step_avg:496.05ms
step:922/1480 train_time:457513ms step_avg:496.22ms
step:923/1480 train_time:458169ms step_avg:496.39ms
step:924/1480 train_time:458820ms step_avg:496.56ms
step:925/1480 train_time:459476ms step_avg:496.73ms
step:926/1480 train_time:460130ms step_avg:496.90ms
step:927/1480 train_time:460782ms step_avg:497.07ms
step:928/1480 train_time:461433ms step_avg:497.23ms
step:929/1480 train_time:462087ms step_avg:497.40ms
step:930/1480 train_time:462739ms step_avg:497.57ms
step:931/1480 train_time:463394ms step_avg:497.74ms
step:932/1480 train_time:464048ms step_avg:497.91ms
step:933/1480 train_time:464700ms step_avg:498.07ms
step:934/1480 train_time:465351ms step_avg:498.23ms
step:935/1480 train_time:466003ms step_avg:498.40ms
step:936/1480 train_time:466656ms step_avg:498.56ms
step:937/1480 train_time:467307ms step_avg:498.73ms
step:938/1480 train_time:467958ms step_avg:498.89ms
step:939/1480 train_time:468609ms step_avg:499.05ms
step:940/1480 train_time:469264ms step_avg:499.22ms
step:941/1480 train_time:469914ms step_avg:499.38ms
step:942/1480 train_time:470567ms step_avg:499.54ms
step:943/1480 train_time:471223ms step_avg:499.71ms
step:944/1480 train_time:471871ms step_avg:499.86ms
step:945/1480 train_time:472525ms step_avg:500.03ms
step:946/1480 train_time:473173ms step_avg:500.18ms
step:947/1480 train_time:473827ms step_avg:500.35ms
step:948/1480 train_time:474479ms step_avg:500.51ms
step:949/1480 train_time:475130ms step_avg:500.66ms
step:950/1480 train_time:475782ms step_avg:500.82ms
step:951/1480 train_time:476434ms step_avg:500.98ms
step:952/1480 train_time:477086ms step_avg:501.14ms
step:953/1480 train_time:477742ms step_avg:501.30ms
step:954/1480 train_time:478390ms step_avg:501.46ms
step:955/1480 train_time:479044ms step_avg:501.62ms
step:956/1480 train_time:479691ms step_avg:501.77ms
step:957/1480 train_time:480343ms step_avg:501.93ms
step:958/1480 train_time:480991ms step_avg:502.08ms
step:959/1480 train_time:481644ms step_avg:502.24ms
step:960/1480 train_time:482292ms step_avg:502.39ms
step:961/1480 train_time:483229ms step_avg:502.84ms
step:962/1480 train_time:484192ms step_avg:503.32ms
step:963/1480 train_time:485163ms step_avg:503.80ms
step:964/1480 train_time:486130ms step_avg:504.28ms
step:965/1480 train_time:487102ms step_avg:504.77ms
step:966/1480 train_time:488070ms step_avg:505.25ms
step:967/1480 train_time:489041ms step_avg:505.73ms
step:968/1480 train_time:490009ms step_avg:506.21ms
step:969/1480 train_time:490979ms step_avg:506.69ms
step:970/1480 train_time:491946ms step_avg:507.16ms
step:971/1480 train_time:492913ms step_avg:507.63ms
step:972/1480 train_time:493884ms step_avg:508.11ms
step:973/1480 train_time:494850ms step_avg:508.58ms
step:974/1480 train_time:495813ms step_avg:509.05ms
step:975/1480 train_time:496783ms step_avg:509.52ms
step:976/1480 train_time:497746ms step_avg:509.99ms
step:977/1480 train_time:498713ms step_avg:510.45ms
step:978/1480 train_time:499680ms step_avg:510.92ms
step:979/1480 train_time:500649ms step_avg:511.39ms
step:980/1480 train_time:501611ms step_avg:511.85ms
step:981/1480 train_time:502583ms step_avg:512.32ms
step:982/1480 train_time:503551ms step_avg:512.78ms
step:983/1480 train_time:504522ms step_avg:513.25ms
step:984/1480 train_time:505489ms step_avg:513.71ms
step:985/1480 train_time:506461ms step_avg:514.17ms
step:986/1480 train_time:507425ms step_avg:514.63ms
step:987/1480 train_time:508390ms step_avg:515.09ms
step:988/1480 train_time:509363ms step_avg:515.55ms
step:989/1480 train_time:510329ms step_avg:516.00ms
step:990/1480 train_time:511292ms step_avg:516.46ms
step:991/1480 train_time:512261ms step_avg:516.91ms
step:992/1480 train_time:513232ms step_avg:517.37ms
step:993/1480 train_time:514202ms step_avg:517.83ms
step:994/1480 train_time:515169ms step_avg:518.28ms
step:995/1480 train_time:516141ms step_avg:518.73ms
step:996/1480 train_time:517107ms step_avg:519.18ms
step:997/1480 train_time:518070ms step_avg:519.63ms
step:998/1480 train_time:519039ms step_avg:520.08ms
step:999/1480 train_time:520009ms step_avg:520.53ms
step:1000/1480 train_time:520972ms step_avg:520.97ms
step:1000/1480 val_loss:3.5143 train_time:521111ms step_avg:521.11ms
step:1001/1480 train_time:521942ms step_avg:521.42ms
step:1002/1480 train_time:522907ms step_avg:521.86ms
step:1003/1480 train_time:523874ms step_avg:522.31ms
step:1004/1480 train_time:524843ms step_avg:522.75ms
step:1005/1480 train_time:525811ms step_avg:523.19ms
step:1006/1480 train_time:526775ms step_avg:523.63ms
step:1007/1480 train_time:527745ms step_avg:524.08ms
step:1008/1480 train_time:528711ms step_avg:524.52ms
step:1009/1480 train_time:529685ms step_avg:524.96ms
step:1010/1480 train_time:530652ms step_avg:525.40ms
step:1011/1480 train_time:531623ms step_avg:525.84ms
step:1012/1480 train_time:532588ms step_avg:526.27ms
step:1013/1480 train_time:533552ms step_avg:526.71ms
step:1014/1480 train_time:534515ms step_avg:527.13ms
step:1015/1480 train_time:535485ms step_avg:527.57ms
step:1016/1480 train_time:536452ms step_avg:528.00ms
step:1017/1480 train_time:537423ms step_avg:528.44ms
step:1018/1480 train_time:538389ms step_avg:528.87ms
step:1019/1480 train_time:539359ms step_avg:529.30ms
step:1020/1480 train_time:540327ms step_avg:529.73ms
step:1021/1480 train_time:541292ms step_avg:530.16ms
step:1022/1480 train_time:542262ms step_avg:530.59ms
step:1023/1480 train_time:543232ms step_avg:531.02ms
step:1024/1480 train_time:544197ms step_avg:531.44ms
step:1025/1480 train_time:545164ms step_avg:531.87ms
step:1026/1480 train_time:546133ms step_avg:532.29ms
step:1027/1480 train_time:547104ms step_avg:532.72ms
step:1028/1480 train_time:548071ms step_avg:533.14ms
step:1029/1480 train_time:549043ms step_avg:533.57ms
step:1030/1480 train_time:550008ms step_avg:533.99ms
step:1031/1480 train_time:550973ms step_avg:534.41ms
step:1032/1480 train_time:551934ms step_avg:534.82ms
step:1033/1480 train_time:552904ms step_avg:535.24ms
step:1034/1480 train_time:553871ms step_avg:535.66ms
step:1035/1480 train_time:554843ms step_avg:536.08ms
step:1036/1480 train_time:555808ms step_avg:536.49ms
step:1037/1480 train_time:556772ms step_avg:536.91ms
step:1038/1480 train_time:557743ms step_avg:537.32ms
step:1039/1480 train_time:558709ms step_avg:537.74ms
step:1040/1480 train_time:559673ms step_avg:538.15ms
step:1041/1480 train_time:560642ms step_avg:538.56ms
step:1042/1480 train_time:561606ms step_avg:538.97ms
step:1043/1480 train_time:562571ms step_avg:539.38ms
step:1044/1480 train_time:563532ms step_avg:539.78ms
step:1045/1480 train_time:564503ms step_avg:540.19ms
step:1046/1480 train_time:565469ms step_avg:540.60ms
step:1047/1480 train_time:566442ms step_avg:541.01ms
step:1048/1480 train_time:567407ms step_avg:541.42ms
step:1049/1480 train_time:568372ms step_avg:541.82ms
step:1050/1480 train_time:569334ms step_avg:542.22ms
step:1051/1480 train_time:570305ms step_avg:542.63ms
step:1052/1480 train_time:571270ms step_avg:543.03ms
step:1053/1480 train_time:572240ms step_avg:543.44ms
step:1054/1480 train_time:573206ms step_avg:543.84ms
step:1055/1480 train_time:574171ms step_avg:544.24ms
step:1056/1480 train_time:575132ms step_avg:544.63ms
step:1057/1480 train_time:576103ms step_avg:545.04ms
step:1058/1480 train_time:577067ms step_avg:545.43ms
step:1059/1480 train_time:578032ms step_avg:545.83ms
step:1060/1480 train_time:578994ms step_avg:546.22ms
step:1061/1480 train_time:579964ms step_avg:546.62ms
step:1062/1480 train_time:580930ms step_avg:547.01ms
step:1063/1480 train_time:581893ms step_avg:547.41ms
step:1064/1480 train_time:582854ms step_avg:547.80ms
step:1065/1480 train_time:583824ms step_avg:548.19ms
step:1066/1480 train_time:584787ms step_avg:548.58ms
step:1067/1480 train_time:585752ms step_avg:548.97ms
step:1068/1480 train_time:586713ms step_avg:549.36ms
step:1069/1480 train_time:587684ms step_avg:549.75ms
step:1070/1480 train_time:588651ms step_avg:550.14ms
step:1071/1480 train_time:589622ms step_avg:550.53ms
step:1072/1480 train_time:590588ms step_avg:550.92ms
step:1073/1480 train_time:591552ms step_avg:551.31ms
step:1074/1480 train_time:592514ms step_avg:551.69ms
step:1075/1480 train_time:593483ms step_avg:552.08ms
step:1076/1480 train_time:594447ms step_avg:552.46ms
step:1077/1480 train_time:595412ms step_avg:552.84ms
step:1078/1480 train_time:596374ms step_avg:553.22ms
step:1079/1480 train_time:597345ms step_avg:553.61ms
step:1080/1480 train_time:598313ms step_avg:553.99ms
step:1081/1480 train_time:599286ms step_avg:554.38ms
step:1082/1480 train_time:600253ms step_avg:554.76ms
step:1083/1480 train_time:601223ms step_avg:555.15ms
step:1084/1480 train_time:602188ms step_avg:555.52ms
step:1085/1480 train_time:603153ms step_avg:555.90ms
step:1086/1480 train_time:604115ms step_avg:556.28ms
step:1087/1480 train_time:605086ms step_avg:556.66ms
step:1088/1480 train_time:606052ms step_avg:557.03ms
step:1089/1480 train_time:607024ms step_avg:557.41ms
step:1090/1480 train_time:607989ms step_avg:557.79ms
step:1091/1480 train_time:608952ms step_avg:558.16ms
step:1092/1480 train_time:609916ms step_avg:558.53ms
step:1093/1480 train_time:610884ms step_avg:558.91ms
step:1094/1480 train_time:611850ms step_avg:559.28ms
step:1095/1480 train_time:612813ms step_avg:559.65ms
step:1096/1480 train_time:613776ms step_avg:560.01ms
step:1097/1480 train_time:614746ms step_avg:560.39ms
step:1098/1480 train_time:615714ms step_avg:560.76ms
step:1099/1480 train_time:616684ms step_avg:561.13ms
step:1100/1480 train_time:617650ms step_avg:561.50ms
step:1101/1480 train_time:618613ms step_avg:561.86ms
step:1102/1480 train_time:619580ms step_avg:562.23ms
step:1103/1480 train_time:620546ms step_avg:562.60ms
step:1104/1480 train_time:621515ms step_avg:562.97ms
step:1105/1480 train_time:622487ms step_avg:563.34ms
step:1106/1480 train_time:623453ms step_avg:563.70ms
step:1107/1480 train_time:624424ms step_avg:564.07ms
step:1108/1480 train_time:625390ms step_avg:564.43ms
step:1109/1480 train_time:626354ms step_avg:564.79ms
step:1110/1480 train_time:627315ms step_avg:565.15ms
step:1111/1480 train_time:628286ms step_avg:565.51ms
step:1112/1480 train_time:629251ms step_avg:565.87ms
step:1113/1480 train_time:630216ms step_avg:566.23ms
step:1114/1480 train_time:631179ms step_avg:566.59ms
step:1115/1480 train_time:632149ms step_avg:566.95ms
step:1116/1480 train_time:633115ms step_avg:567.31ms
step:1117/1480 train_time:634084ms step_avg:567.67ms
step:1118/1480 train_time:635048ms step_avg:568.02ms
step:1119/1480 train_time:636015ms step_avg:568.38ms
step:1120/1480 train_time:636980ms step_avg:568.73ms
step:1121/1480 train_time:637946ms step_avg:569.09ms
step:1122/1480 train_time:638913ms step_avg:569.44ms
step:1123/1480 train_time:639882ms step_avg:569.80ms
step:1124/1480 train_time:640848ms step_avg:570.15ms
step:1125/1480 train_time:641813ms step_avg:570.50ms
step:1126/1480 train_time:642775ms step_avg:570.85ms
step:1127/1480 train_time:643745ms step_avg:571.20ms
step:1128/1480 train_time:644713ms step_avg:571.55ms
step:1129/1480 train_time:645685ms step_avg:571.91ms
step:1130/1480 train_time:646654ms step_avg:572.26ms
step:1131/1480 train_time:647626ms step_avg:572.61ms
step:1132/1480 train_time:648595ms step_avg:572.96ms
step:1133/1480 train_time:649566ms step_avg:573.32ms
step:1134/1480 train_time:650535ms step_avg:573.66ms
step:1135/1480 train_time:651505ms step_avg:574.01ms
step:1136/1480 train_time:652471ms step_avg:574.36ms
step:1137/1480 train_time:653444ms step_avg:574.71ms
step:1138/1480 train_time:654410ms step_avg:575.05ms
step:1139/1480 train_time:655373ms step_avg:575.39ms
step:1140/1480 train_time:656336ms step_avg:575.73ms
step:1141/1480 train_time:657306ms step_avg:576.08ms
step:1142/1480 train_time:658273ms step_avg:576.42ms
step:1143/1480 train_time:659245ms step_avg:576.77ms
step:1144/1480 train_time:660210ms step_avg:577.11ms
step:1145/1480 train_time:661174ms step_avg:577.44ms
step:1146/1480 train_time:662136ms step_avg:577.78ms
step:1147/1480 train_time:663108ms step_avg:578.12ms
step:1148/1480 train_time:664074ms step_avg:578.46ms
step:1149/1480 train_time:665043ms step_avg:578.80ms
step:1150/1480 train_time:666009ms step_avg:579.14ms
step:1151/1480 train_time:666974ms step_avg:579.47ms
step:1152/1480 train_time:667937ms step_avg:579.81ms
step:1153/1480 train_time:668907ms step_avg:580.14ms
step:1154/1480 train_time:669875ms step_avg:580.48ms
step:1155/1480 train_time:670846ms step_avg:580.82ms
step:1156/1480 train_time:671811ms step_avg:581.15ms
step:1157/1480 train_time:672775ms step_avg:581.48ms
step:1158/1480 train_time:673737ms step_avg:581.81ms
step:1159/1480 train_time:674707ms step_avg:582.15ms
step:1160/1480 train_time:675675ms step_avg:582.48ms
step:1161/1480 train_time:676645ms step_avg:582.81ms
step:1162/1480 train_time:677611ms step_avg:583.14ms
step:1163/1480 train_time:678575ms step_avg:583.47ms
step:1164/1480 train_time:679536ms step_avg:583.79ms
step:1165/1480 train_time:680508ms step_avg:584.13ms
step:1166/1480 train_time:681476ms step_avg:584.46ms
step:1167/1480 train_time:682446ms step_avg:584.79ms
step:1168/1480 train_time:683416ms step_avg:585.12ms
step:1169/1480 train_time:684385ms step_avg:585.44ms
step:1170/1480 train_time:685353ms step_avg:585.77ms
step:1171/1480 train_time:686323ms step_avg:586.10ms
step:1172/1480 train_time:687290ms step_avg:586.43ms
step:1173/1480 train_time:688255ms step_avg:586.75ms
step:1174/1480 train_time:689217ms step_avg:587.07ms
step:1175/1480 train_time:690188ms step_avg:587.39ms
step:1176/1480 train_time:691155ms step_avg:587.72ms
step:1177/1480 train_time:692126ms step_avg:588.04ms
step:1178/1480 train_time:693094ms step_avg:588.36ms
step:1179/1480 train_time:694065ms step_avg:588.69ms
step:1180/1480 train_time:695029ms step_avg:589.01ms
step:1181/1480 train_time:695996ms step_avg:589.33ms
step:1182/1480 train_time:696958ms step_avg:589.64ms
step:1183/1480 train_time:697928ms step_avg:589.96ms
step:1184/1480 train_time:698896ms step_avg:590.28ms
step:1185/1480 train_time:699867ms step_avg:590.61ms
step:1186/1480 train_time:700835ms step_avg:590.92ms
step:1187/1480 train_time:701807ms step_avg:591.24ms
step:1188/1480 train_time:702775ms step_avg:591.56ms
step:1189/1480 train_time:703748ms step_avg:591.88ms
step:1190/1480 train_time:704716ms step_avg:592.20ms
step:1191/1480 train_time:705686ms step_avg:592.52ms
step:1192/1480 train_time:706652ms step_avg:592.83ms
step:1193/1480 train_time:707616ms step_avg:593.14ms
step:1194/1480 train_time:708579ms step_avg:593.45ms
step:1195/1480 train_time:709548ms step_avg:593.76ms
step:1196/1480 train_time:710513ms step_avg:594.07ms
step:1197/1480 train_time:711484ms step_avg:594.39ms
step:1198/1480 train_time:712450ms step_avg:594.70ms
step:1199/1480 train_time:713416ms step_avg:595.01ms
step:1200/1480 train_time:714377ms step_avg:595.31ms
step:1201/1480 train_time:715346ms step_avg:595.63ms
step:1202/1480 train_time:716315ms step_avg:595.94ms
step:1203/1480 train_time:717285ms step_avg:596.25ms
step:1204/1480 train_time:718256ms step_avg:596.56ms
step:1205/1480 train_time:719225ms step_avg:596.87ms
step:1206/1480 train_time:720191ms step_avg:597.17ms
step:1207/1480 train_time:721155ms step_avg:597.48ms
step:1208/1480 train_time:722118ms step_avg:597.78ms
step:1209/1480 train_time:723089ms step_avg:598.09ms
step:1210/1480 train_time:724055ms step_avg:598.39ms
step:1211/1480 train_time:725027ms step_avg:598.70ms
step:1212/1480 train_time:725992ms step_avg:599.00ms
step:1213/1480 train_time:726956ms step_avg:599.30ms
step:1214/1480 train_time:727924ms step_avg:599.61ms
step:1215/1480 train_time:728889ms step_avg:599.91ms
step:1216/1480 train_time:729855ms step_avg:600.21ms
step:1217/1480 train_time:730824ms step_avg:600.51ms
step:1218/1480 train_time:731792ms step_avg:600.81ms
step:1219/1480 train_time:732756ms step_avg:601.11ms
step:1220/1480 train_time:733722ms step_avg:601.41ms
step:1221/1480 train_time:734690ms step_avg:601.71ms
step:1222/1480 train_time:735655ms step_avg:602.01ms
step:1223/1480 train_time:736626ms step_avg:602.31ms
step:1224/1480 train_time:737592ms step_avg:602.61ms
step:1225/1480 train_time:738557ms step_avg:602.90ms
step:1226/1480 train_time:739527ms step_avg:603.20ms
step:1227/1480 train_time:740494ms step_avg:603.50ms
step:1228/1480 train_time:741456ms step_avg:603.79ms
step:1229/1480 train_time:742426ms step_avg:604.09ms
step:1230/1480 train_time:743391ms step_avg:604.38ms
step:1231/1480 train_time:744355ms step_avg:604.67ms
step:1232/1480 train_time:745318ms step_avg:604.97ms
step:1233/1480 train_time:746287ms step_avg:605.26ms
step:1234/1480 train_time:747253ms step_avg:605.55ms
step:1235/1480 train_time:748216ms step_avg:605.84ms
step:1236/1480 train_time:749179ms step_avg:606.13ms
step:1237/1480 train_time:750148ms step_avg:606.43ms
step:1238/1480 train_time:751114ms step_avg:606.72ms
step:1239/1480 train_time:752078ms step_avg:607.00ms
step:1240/1480 train_time:753039ms step_avg:607.29ms
step:1241/1480 train_time:754009ms step_avg:607.58ms
step:1242/1480 train_time:754971ms step_avg:607.87ms
step:1243/1480 train_time:755936ms step_avg:608.15ms
step:1244/1480 train_time:756898ms step_avg:608.44ms
step:1245/1480 train_time:757868ms step_avg:608.73ms
step:1246/1480 train_time:758836ms step_avg:609.02ms
step:1247/1480 train_time:759807ms step_avg:609.31ms
step:1248/1480 train_time:760772ms step_avg:609.59ms
step:1249/1480 train_time:761736ms step_avg:609.88ms
step:1250/1480 train_time:762698ms step_avg:610.16ms
step:1250/1480 val_loss:3.3689 train_time:762836ms step_avg:610.27ms
step:1251/1480 train_time:763662ms step_avg:610.44ms
step:1252/1480 train_time:764625ms step_avg:610.72ms
step:1253/1480 train_time:765595ms step_avg:611.01ms
step:1254/1480 train_time:766562ms step_avg:611.29ms
step:1255/1480 train_time:767526ms step_avg:611.57ms
step:1256/1480 train_time:768488ms step_avg:611.85ms
step:1257/1480 train_time:769458ms step_avg:612.14ms
step:1258/1480 train_time:770424ms step_avg:612.42ms
step:1259/1480 train_time:771396ms step_avg:612.71ms
step:1260/1480 train_time:772362ms step_avg:612.99ms
step:1261/1480 train_time:773326ms step_avg:613.26ms
step:1262/1480 train_time:774288ms step_avg:613.54ms
step:1263/1480 train_time:775258ms step_avg:613.82ms
step:1264/1480 train_time:776226ms step_avg:614.10ms
step:1265/1480 train_time:777199ms step_avg:614.39ms
step:1266/1480 train_time:778166ms step_avg:614.67ms
step:1267/1480 train_time:779135ms step_avg:614.95ms
step:1268/1480 train_time:780101ms step_avg:615.22ms
step:1269/1480 train_time:781066ms step_avg:615.50ms
step:1270/1480 train_time:782029ms step_avg:615.77ms
step:1271/1480 train_time:782998ms step_avg:616.05ms
step:1272/1480 train_time:783963ms step_avg:616.32ms
step:1273/1480 train_time:784925ms step_avg:616.60ms
step:1274/1480 train_time:785888ms step_avg:616.87ms
step:1275/1480 train_time:786859ms step_avg:617.14ms
step:1276/1480 train_time:787825ms step_avg:617.42ms
step:1277/1480 train_time:788797ms step_avg:617.70ms
step:1278/1480 train_time:789762ms step_avg:617.97ms
step:1279/1480 train_time:790726ms step_avg:618.24ms
step:1280/1480 train_time:791687ms step_avg:618.51ms
step:1281/1480 train_time:792659ms step_avg:618.78ms
step:1282/1480 train_time:793627ms step_avg:619.05ms
step:1283/1480 train_time:794597ms step_avg:619.33ms
step:1284/1480 train_time:795567ms step_avg:619.60ms
step:1285/1480 train_time:796539ms step_avg:619.87ms
step:1286/1480 train_time:797507ms step_avg:620.15ms
step:1287/1480 train_time:798478ms step_avg:620.42ms
step:1288/1480 train_time:799447ms step_avg:620.69ms
step:1289/1480 train_time:800416ms step_avg:620.96ms
step:1290/1480 train_time:801381ms step_avg:621.23ms
step:1291/1480 train_time:802345ms step_avg:621.49ms
step:1292/1480 train_time:803308ms step_avg:621.76ms
step:1293/1480 train_time:804279ms step_avg:622.03ms
step:1294/1480 train_time:805247ms step_avg:622.29ms
step:1295/1480 train_time:806219ms step_avg:622.56ms
step:1296/1480 train_time:807188ms step_avg:622.83ms
step:1297/1480 train_time:808160ms step_avg:623.10ms
step:1298/1480 train_time:809128ms step_avg:623.37ms
step:1299/1480 train_time:810099ms step_avg:623.63ms
step:1300/1480 train_time:811067ms step_avg:623.90ms
step:1301/1480 train_time:812038ms step_avg:624.16ms
step:1302/1480 train_time:813006ms step_avg:624.43ms
step:1303/1480 train_time:813979ms step_avg:624.70ms
step:1304/1480 train_time:814944ms step_avg:624.96ms
step:1305/1480 train_time:815907ms step_avg:625.22ms
step:1306/1480 train_time:816868ms step_avg:625.47ms
step:1307/1480 train_time:817839ms step_avg:625.74ms
step:1308/1480 train_time:818808ms step_avg:626.00ms
step:1309/1480 train_time:819776ms step_avg:626.26ms
step:1310/1480 train_time:820742ms step_avg:626.52ms
step:1311/1480 train_time:821706ms step_avg:626.78ms
step:1312/1480 train_time:822672ms step_avg:627.04ms
step:1313/1480 train_time:823641ms step_avg:627.30ms
step:1314/1480 train_time:824606ms step_avg:627.55ms
step:1315/1480 train_time:825579ms step_avg:627.82ms
step:1316/1480 train_time:826546ms step_avg:628.07ms
step:1317/1480 train_time:827518ms step_avg:628.34ms
step:1318/1480 train_time:828486ms step_avg:628.59ms
step:1319/1480 train_time:829457ms step_avg:628.85ms
step:1320/1480 train_time:830422ms step_avg:629.11ms
step:1321/1480 train_time:831386ms step_avg:629.36ms
step:1322/1480 train_time:832348ms step_avg:629.61ms
step:1323/1480 train_time:833319ms step_avg:629.87ms
step:1324/1480 train_time:834287ms step_avg:630.13ms
step:1325/1480 train_time:835259ms step_avg:630.38ms
step:1326/1480 train_time:836228ms step_avg:630.64ms
step:1327/1480 train_time:837200ms step_avg:630.90ms
step:1328/1480 train_time:838168ms step_avg:631.15ms
step:1329/1480 train_time:839140ms step_avg:631.41ms
step:1330/1480 train_time:840105ms step_avg:631.66ms
step:1331/1480 train_time:841077ms step_avg:631.91ms
step:1332/1480 train_time:842043ms step_avg:632.16ms
step:1333/1480 train_time:843014ms step_avg:632.42ms
step:1334/1480 train_time:843981ms step_avg:632.67ms
step:1335/1480 train_time:844947ms step_avg:632.92ms
step:1336/1480 train_time:845916ms step_avg:633.17ms
step:1337/1480 train_time:846882ms step_avg:633.42ms
step:1338/1480 train_time:847847ms step_avg:633.67ms
step:1339/1480 train_time:848820ms step_avg:633.92ms
step:1340/1480 train_time:849783ms step_avg:634.17ms
step:1341/1480 train_time:850746ms step_avg:634.41ms
step:1342/1480 train_time:851710ms step_avg:634.66ms
step:1343/1480 train_time:852681ms step_avg:634.91ms
step:1344/1480 train_time:853650ms step_avg:635.16ms
step:1345/1480 train_time:854618ms step_avg:635.40ms
step:1346/1480 train_time:855582ms step_avg:635.65ms
step:1347/1480 train_time:856546ms step_avg:635.89ms
step:1348/1480 train_time:857508ms step_avg:636.13ms
step:1349/1480 train_time:858479ms step_avg:636.38ms
step:1350/1480 train_time:859447ms step_avg:636.63ms
step:1351/1480 train_time:860419ms step_avg:636.88ms
step:1352/1480 train_time:861387ms step_avg:637.12ms
step:1353/1480 train_time:862358ms step_avg:637.37ms
step:1354/1480 train_time:863324ms step_avg:637.61ms
step:1355/1480 train_time:864289ms step_avg:637.85ms
step:1356/1480 train_time:865248ms step_avg:638.09ms
step:1357/1480 train_time:866217ms step_avg:638.33ms
step:1358/1480 train_time:867183ms step_avg:638.57ms
step:1359/1480 train_time:868146ms step_avg:638.81ms
step:1360/1480 train_time:869110ms step_avg:639.05ms
step:1361/1480 train_time:870081ms step_avg:639.30ms
step:1362/1480 train_time:871045ms step_avg:639.53ms
step:1363/1480 train_time:872015ms step_avg:639.78ms
step:1364/1480 train_time:872981ms step_avg:640.02ms
step:1365/1480 train_time:873947ms step_avg:640.25ms
step:1366/1480 train_time:874909ms step_avg:640.49ms
step:1367/1480 train_time:875880ms step_avg:640.73ms
step:1368/1480 train_time:876847ms step_avg:640.97ms
step:1369/1480 train_time:877818ms step_avg:641.21ms
step:1370/1480 train_time:878788ms step_avg:641.45ms
step:1371/1480 train_time:879758ms step_avg:641.69ms
step:1372/1480 train_time:880723ms step_avg:641.93ms
step:1373/1480 train_time:881688ms step_avg:642.16ms
step:1374/1480 train_time:882649ms step_avg:642.39ms
step:1375/1480 train_time:883617ms step_avg:642.63ms
step:1376/1480 train_time:884583ms step_avg:642.87ms
step:1377/1480 train_time:885548ms step_avg:643.10ms
step:1378/1480 train_time:886509ms step_avg:643.33ms
step:1379/1480 train_time:887480ms step_avg:643.57ms
step:1380/1480 train_time:888448ms step_avg:643.80ms
step:1381/1480 train_time:889419ms step_avg:644.04ms
step:1382/1480 train_time:890383ms step_avg:644.27ms
step:1383/1480 train_time:891348ms step_avg:644.50ms
step:1384/1480 train_time:892321ms step_avg:644.74ms
step:1385/1480 train_time:893287ms step_avg:644.97ms
step:1386/1480 train_time:894248ms step_avg:645.20ms
step:1387/1480 train_time:895220ms step_avg:645.44ms
step:1388/1480 train_time:896188ms step_avg:645.67ms
step:1389/1480 train_time:897161ms step_avg:645.90ms
step:1390/1480 train_time:898128ms step_avg:646.14ms
step:1391/1480 train_time:899102ms step_avg:646.37ms
step:1392/1480 train_time:900068ms step_avg:646.60ms
step:1393/1480 train_time:901039ms step_avg:646.83ms
step:1394/1480 train_time:902005ms step_avg:647.06ms
step:1395/1480 train_time:902971ms step_avg:647.29ms
step:1396/1480 train_time:903940ms step_avg:647.52ms
step:1397/1480 train_time:904908ms step_avg:647.75ms
step:1398/1480 train_time:905870ms step_avg:647.98ms
step:1399/1480 train_time:906839ms step_avg:648.21ms
step:1400/1480 train_time:907807ms step_avg:648.43ms
step:1401/1480 train_time:908777ms step_avg:648.66ms
step:1402/1480 train_time:909743ms step_avg:648.89ms
step:1403/1480 train_time:910710ms step_avg:649.12ms
step:1404/1480 train_time:911681ms step_avg:649.35ms
step:1405/1480 train_time:912648ms step_avg:649.57ms
step:1406/1480 train_time:913610ms step_avg:649.79ms
step:1407/1480 train_time:914580ms step_avg:650.02ms
step:1408/1480 train_time:915546ms step_avg:650.25ms
step:1409/1480 train_time:916510ms step_avg:650.47ms
step:1410/1480 train_time:917479ms step_avg:650.69ms
step:1411/1480 train_time:918444ms step_avg:650.92ms
step:1412/1480 train_time:919408ms step_avg:651.14ms
step:1413/1480 train_time:920378ms step_avg:651.36ms
step:1414/1480 train_time:921345ms step_avg:651.59ms
step:1415/1480 train_time:922310ms step_avg:651.81ms
step:1416/1480 train_time:923280ms step_avg:652.03ms
step:1417/1480 train_time:924246ms step_avg:652.26ms
step:1418/1480 train_time:925210ms step_avg:652.48ms
step:1419/1480 train_time:926181ms step_avg:652.70ms
step:1420/1480 train_time:927147ms step_avg:652.92ms
step:1421/1480 train_time:928120ms step_avg:653.15ms
step:1422/1480 train_time:929089ms step_avg:653.37ms
step:1423/1480 train_time:930059ms step_avg:653.59ms
step:1424/1480 train_time:931024ms step_avg:653.81ms
step:1425/1480 train_time:931987ms step_avg:654.03ms
step:1426/1480 train_time:932950ms step_avg:654.24ms
step:1427/1480 train_time:933921ms step_avg:654.46ms
step:1428/1480 train_time:934888ms step_avg:654.68ms
step:1429/1480 train_time:935861ms step_avg:654.91ms
step:1430/1480 train_time:936828ms step_avg:655.12ms
step:1431/1480 train_time:937801ms step_avg:655.35ms
step:1432/1480 train_time:938764ms step_avg:655.56ms
step:1433/1480 train_time:939729ms step_avg:655.78ms
step:1434/1480 train_time:940691ms step_avg:655.99ms
step:1435/1480 train_time:941662ms step_avg:656.21ms
step:1436/1480 train_time:942629ms step_avg:656.43ms
step:1437/1480 train_time:943600ms step_avg:656.65ms
step:1438/1480 train_time:944566ms step_avg:656.86ms
step:1439/1480 train_time:945531ms step_avg:657.08ms
step:1440/1480 train_time:946495ms step_avg:657.29ms
step:1441/1480 train_time:947470ms step_avg:657.51ms
step:1442/1480 train_time:948443ms step_avg:657.73ms
step:1443/1480 train_time:949409ms step_avg:657.94ms
step:1444/1480 train_time:950383ms step_avg:658.16ms
step:1445/1480 train_time:951349ms step_avg:658.37ms
step:1446/1480 train_time:952321ms step_avg:658.59ms
step:1447/1480 train_time:953289ms step_avg:658.80ms
step:1448/1480 train_time:954263ms step_avg:659.02ms
step:1449/1480 train_time:955229ms step_avg:659.23ms
step:1450/1480 train_time:956192ms step_avg:659.44ms
step:1451/1480 train_time:957162ms step_avg:659.66ms
step:1452/1480 train_time:958132ms step_avg:659.87ms
step:1453/1480 train_time:959104ms step_avg:660.09ms
step:1454/1480 train_time:960072ms step_avg:660.30ms
step:1455/1480 train_time:961043ms step_avg:660.51ms
step:1456/1480 train_time:962011ms step_avg:660.72ms
step:1457/1480 train_time:962984ms step_avg:660.94ms
step:1458/1480 train_time:963950ms step_avg:661.15ms
step:1459/1480 train_time:964922ms step_avg:661.36ms
step:1460/1480 train_time:965890ms step_avg:661.57ms
step:1461/1480 train_time:966864ms step_avg:661.78ms
step:1462/1480 train_time:967831ms step_avg:661.99ms
step:1463/1480 train_time:968803ms step_avg:662.20ms
step:1464/1480 train_time:969771ms step_avg:662.41ms
step:1465/1480 train_time:970744ms step_avg:662.62ms
step:1466/1480 train_time:971712ms step_avg:662.83ms
step:1467/1480 train_time:972683ms step_avg:663.04ms
step:1468/1480 train_time:973651ms step_avg:663.25ms
step:1469/1480 train_time:974622ms step_avg:663.46ms
step:1470/1480 train_time:975592ms step_avg:663.67ms
step:1471/1480 train_time:976564ms step_avg:663.88ms
step:1472/1480 train_time:977532ms step_avg:664.08ms
step:1473/1480 train_time:978505ms step_avg:664.29ms
step:1474/1480 train_time:979472ms step_avg:664.50ms
step:1475/1480 train_time:980444ms step_avg:664.71ms
step:1476/1480 train_time:981411ms step_avg:664.91ms
step:1477/1480 train_time:982384ms step_avg:665.12ms
step:1478/1480 train_time:983350ms step_avg:665.32ms
step:1479/1480 train_time:984324ms step_avg:665.53ms
step:1480/1480 train_time:985291ms step_avg:665.74ms
step:1480/1480 val_loss:3.2807 train_time:985430ms step_avg:665.83ms
peak memory allocated: 37332 MiB reserved: 46090 MiB
